1775389257.9410388 [INFO] [launch]: All log files can be found below /home/focal/Desktop/2024_GroundStation/run_log/2026-04-05-04-40-57-937447-ubuntu-19706
1775389257.9414382 [INFO] [launch]: Default logging verbosity is set to INFO
1775389258.0060365 [INFO] [navNode-1]: process started with pid [19708]
1775389258.2939353 [navNode-1] [INFO] [1775389258.293640615] [navNode]: paths: [
1775389258.2942667 [navNode-1]   {"x": 0.00, "y": 0.00, "z": 0.70, "label": "TakeOff", "qrcode": "", "label2": ""       , "qrcode2": "" },
1775389258.2944231 [navNode-1]   {"x":-0.25, "y": 0.75, "z": 0.80, "label": "A6"     , "qrcode": "", "label2": ""       , "qrcode2": "" },
1775389258.2945673 [navNode-1]   {"x":-0.25, "y": 0.75, "z": 1.20, "label": "A3"     , "qrcode": "", "label2": ""       , "qrcode2": "" },
1775389258.2947288 [navNode-1]   {"x":-0.25, "y": 1.25, "z": 1.20, "label": "A2"     , "qrcode": "", "label2": ""       , "qrcode2": "" },
1775389258.2948749 [navNode-1]   {"x":-0.25, "y": 1.25, "z": 0.80, "label": "A5"     , "qrcode": "", "label2": ""       , "qrcode2": "" },
1775389258.2950175 [navNode-1]   {"x":-0.25, "y": 1.75, "z": 0.80, "label": "A4"     , "qrcode": "", "label2": ""       , "qrcode2": "" },
1775389258.2951577 [navNode-1]   {"x":-0.25, "y": 1.75, "z": 1.20, "label": "A1"     , "qrcode": "", "label2": ""       , "qrcode2": "" },
1775389258.2952983 [navNode-1]   {"x":-0.25, "y": 2.00, "z": 0.70, "label": "UpSide1", "qrcode": "", "label2": ""       , "qrcode2": "" },
1775389258.2954504 [navNode-1]   {"x": 0.75, "y": 2.00, "z": 0.70, "label": "Landpos", "qrcode": "", "label2": ""       , "qrcode2": "" }
1775389258.2955911 [navNode-1] ]
1775389258.2957308 [navNode-1] 
1775389258.2997200 [navNode-1] [INFO] [1775389258.299447794] [navNode]: 上位机导航节点启动成功
1775389268.8979812 [navNode-1] [INFO] [1775389268.897675864] [navNode]: 收到来自UI的请求：scan_all
1775389268.8983016 [navNode-1] [WARN] [1775389268.898123916] [navNode]: 任务开始执行scan_all
1775389269.0004084 [navNode-1] [INFO] [1775389269.000089261] [navNode]: 状态1：Takeoff--[TakeOff]
1775389269.2524905 [navNode-1] [ERROR] [1775389269.251827468] [navNode]: 发送 takeoff 失败: ROS2 服务 [ControlService] 未启动或超时
1775389269.2550139 [navNode-1] [INFO] [1775389269.254390019] [navNode]: 状态2：Takeoff_wait--[TakeOff]
1775389269.2556159 [navNode-1] [INFO] [1775389269.255420067] [navNode]: 未到目标点
1775389269.2557509 [navNode-1] 目标位置:(0.0, 0.0, 0.7)-[TakeOff]-[MCU:False]-[POS:False]
1775389269.2558467 [navNode-1] 当前位置:(0.0, 0.0, 0.0)
1775389269.2989688 [navNode-1] [INFO] [1775389269.298702628] [navNode]: 状态2：Takeoff_wait--[TakeOff]
1775389269.2992730 [navNode-1] [INFO] [1775389269.299067541] [navNode]: 未到目标点
1775389269.2993305 [navNode-1] 目标位置:(0.0, 0.0, 0.7)-[TakeOff]-[MCU:False]-[POS:False]
1775389269.2993679 [navNode-1] 当前位置:(0.0, 0.0, 0.0)
1775389269.3998766 [navNode-1] [INFO] [1775389269.399455665] [navNode]: 状态2：Takeoff_wait--[TakeOff]
1775389269.4003003 [navNode-1] [INFO] [1775389269.399980255] [navNode]: 未到目标点
1775389269.4003875 [navNode-1] 目标位置:(0.0, 0.0, 0.7)-[TakeOff]-[MCU:False]-[POS:False]
1775389269.4004388 [navNode-1] 当前位置:(0.0, 0.0, 0.0)
1775389269.4992063 [navNode-1] [INFO] [1775389269.498879357] [navNode]: 状态2：Takeoff_wait--[TakeOff]
1775389269.4995048 [navNode-1] [INFO] [1775389269.499242736] [navNode]: 未到目标点
1775389269.4995575 [navNode-1] 目标位置:(0.0, 0.0, 0.7)-[TakeOff]-[MCU:False]-[POS:False]
1775389269.4995914 [navNode-1] 当前位置:(0.0, 0.0, 0.0)
1775389269.5995800 [navNode-1] [INFO] [1775389269.599215830] [navNode]: 状态2：Takeoff_wait--[TakeOff]
1775389269.5999324 [navNode-1] [INFO] [1775389269.599613833] [navNode]: 未到目标点
1775389269.5999966 [navNode-1] 目标位置:(0.0, 0.0, 0.7)-[TakeOff]-[MCU:False]-[POS:False]
1775389269.6000414 [navNode-1] 当前位置:(0.0, 0.0, 0.0)
1775389269.7011213 [navNode-1] [INFO] [1775389269.700560005] [navNode]: 状态2：Takeoff_wait--[TakeOff]
1775389269.7017703 [navNode-1] [INFO] [1775389269.701538226] [navNode]: 未到目标点
1775389269.7019086 [navNode-1] 目标位置:(0.0, 0.0, 0.7)-[TakeOff]-[MCU:False]-[POS:False]
1775389269.7019980 [navNode-1] 当前位置:(0.0, 0.0, 0.0)
1775389269.8009889 [navNode-1] [INFO] [1775389269.800566549] [navNode]: 状态2：Takeoff_wait--[TakeOff]
1775389269.8014307 [navNode-1] [INFO] [1775389269.801076484] [navNode]: 未到目标点
1775389269.8015468 [navNode-1] 目标位置:(0.0, 0.0, 0.7)-[TakeOff]-[MCU:False]-[POS:False]
1775389269.8016021 [navNode-1] 当前位置:(0.0, 0.0, 0.0)
1775389269.9001000 [navNode-1] [INFO] [1775389269.899535965] [navNode]: 状态2：Takeoff_wait--[TakeOff]
1775389269.9007654 [navNode-1] [INFO] [1775389269.900314022] [navNode]: 未到目标点
1775389269.9009569 [navNode-1] 目标位置:(0.0, 0.0, 0.7)-[TakeOff]-[MCU:False]-[POS:False]
1775389269.9010403 [navNode-1] 当前位置:(0.0, 0.0, 0.0)
1775389269.9994421 [navNode-1] [INFO] [1775389269.999038825] [navNode]: 状态2：Takeoff_wait--[TakeOff]
1775389269.9998000 [navNode-1] [INFO] [1775389269.999506053] [navNode]: 未到目标点
1775389269.9998813 [navNode-1] 目标位置:(0.0, 0.0, 0.7)-[TakeOff]-[MCU:False]-[POS:False]
1775389269.9999287 [navNode-1] 当前位置:(0.0, 0.0, 0.0)
1775389270.0997908 [navNode-1] [INFO] [1775389270.099420338] [navNode]: 状态2：Takeoff_wait--[TakeOff]
1775389270.1001875 [navNode-1] [INFO] [1775389270.099809507] [navNode]: 未到目标点
1775389270.1002843 [navNode-1] 目标位置:(0.0, 0.0, 0.7)-[TakeOff]-[MCU:False]-[POS:False]
1775389270.1003332 [navNode-1] 当前位置:(0.0, 0.0, 0.0)
1775389270.1993136 [navNode-1] [INFO] [1775389270.198992962] [navNode]: 状态2：Takeoff_wait--[TakeOff]
1775389270.1998892 [navNode-1] [INFO] [1775389270.199692443] [navNode]: 未到目标点
1775389270.2000380 [navNode-1] 目标位置:(0.0, 0.0, 0.7)-[TakeOff]-[MCU:False]-[POS:False]
1775389270.2000871 [navNode-1] 当前位置:(0.0, 0.0, 0.0)
1775389270.2993374 [navNode-1] [INFO] [1775389270.299049161] [navNode]: 状态2：Takeoff_wait--[TakeOff]
1775389270.2996669 [navNode-1] [INFO] [1775389270.299431230] [navNode]: 未到目标点
1775389270.2997284 [navNode-1] 目标位置:(0.0, 0.0, 0.7)-[TakeOff]-[MCU:False]-[POS:False]
1775389270.2997663 [navNode-1] 当前位置:(0.0, 0.0, 0.0)
1775389270.3993206 [navNode-1] [INFO] [1775389270.399013675] [navNode]: 状态2：Takeoff_wait--[TakeOff]
1775389270.3997395 [navNode-1] [INFO] [1775389270.399410484] [navNode]: 未到目标点
1775389270.3998179 [navNode-1] 目标位置:(0.0, 0.0, 0.7)-[TakeOff]-[MCU:False]-[POS:False]
1775389270.3998582 [navNode-1] 当前位置:(0.0, 0.0, 0.0)
1775389270.4990437 [navNode-1] [INFO] [1775389270.498773521] [navNode]: 状态2：Takeoff_wait--[TakeOff]
1775389270.4994779 [navNode-1] [INFO] [1775389270.499346680] [navNode]: 未到目标点
1775389270.4995646 [navNode-1] 目标位置:(0.0, 0.0, 0.7)-[TakeOff]-[MCU:False]-[POS:False]
1775389270.4996047 [navNode-1] 当前位置:(0.0, 0.0, 0.0)
1775389270.5991275 [navNode-1] [INFO] [1775389270.598853760] [navNode]: 状态2：Takeoff_wait--[TakeOff]
1775389270.5995059 [navNode-1] [INFO] [1775389270.599245236] [navNode]: 未到目标点
1775389270.5995779 [navNode-1] 目标位置:(0.0, 0.0, 0.7)-[TakeOff]-[MCU:False]-[POS:False]
1775389270.5996165 [navNode-1] 当前位置:(0.0, 0.0, 0.0)
1775389270.6994720 [navNode-1] [INFO] [1775389270.699162826] [navNode]: 状态2：Takeoff_wait--[TakeOff]
1775389270.6998072 [navNode-1] [INFO] [1775389270.699576276] [navNode]: 未到目标点
1775389270.6999002 [navNode-1] 目标位置:(0.0, 0.0, 0.7)-[TakeOff]-[MCU:False]-[POS:False]
1775389270.6999497 [navNode-1] 当前位置:(0.0, 0.0, 0.0)
1775389270.7990708 [navNode-1] [INFO] [1775389270.798786086] [navNode]: 状态2：Takeoff_wait--[TakeOff]
1775389270.7994692 [navNode-1] [INFO] [1775389270.799177788] [navNode]: 未到目标点
1775389270.7995791 [navNode-1] 目标位置:(0.0, 0.0, 0.7)-[TakeOff]-[MCU:False]-[POS:False]
1775389270.7996461 [navNode-1] 当前位置:(0.0, 0.0, 0.0)
1775389270.8996451 [navNode-1] [INFO] [1775389270.899355764] [navNode]: 状态2：Takeoff_wait--[TakeOff]
1775389270.9000256 [navNode-1] [INFO] [1775389270.899766811] [navNode]: 未到目标点
1775389270.9001231 [navNode-1] 目标位置:(0.0, 0.0, 0.7)-[TakeOff]-[MCU:False]-[POS:False]
1775389270.9001865 [navNode-1] 当前位置:(0.0, 0.0, 0.0)
1775389270.9990344 [navNode-1] [INFO] [1775389270.998743924] [navNode]: 状态2：Takeoff_wait--[TakeOff]
1775389270.9994588 [navNode-1] [INFO] [1775389270.999134697] [navNode]: 未到目标点
1775389270.9995787 [navNode-1] 目标位置:(0.0, 0.0, 0.7)-[TakeOff]-[MCU:False]-[POS:False]
1775389270.9996467 [navNode-1] 当前位置:(0.0, 0.0, 0.0)
1775389271.1003771 [navNode-1] [INFO] [1775389271.099957275] [navNode]: 状态2：Takeoff_wait--[TakeOff]
1775389271.1007555 [navNode-1] [INFO] [1775389271.100403581] [navNode]: 未到目标点
1775389271.1008399 [navNode-1] 目标位置:(0.0, 0.0, 0.7)-[TakeOff]-[MCU:False]-[POS:False]
1775389271.1009419 [navNode-1] 当前位置:(0.0, 0.0, 0.0)
1775389271.1993401 [navNode-1] [INFO] [1775389271.199010738] [navNode]: 状态2：Takeoff_wait--[TakeOff]
1775389271.1997151 [navNode-1] [INFO] [1775389271.199375855] [navNode]: 未到目标点
1775389271.1998732 [navNode-1] 目标位置:(0.0, 0.0, 0.7)-[TakeOff]-[MCU:False]-[POS:False]
1775389271.1999202 [navNode-1] 当前位置:(0.0, 0.0, 0.0)
1775389271.2995553 [navNode-1] [INFO] [1775389271.299239824] [navNode]: 状态2：Takeoff_wait--[TakeOff]
1775389271.2998817 [navNode-1] [INFO] [1775389271.299638299] [navNode]: 未到目标点
1775389271.2999687 [navNode-1] 目标位置:(0.0, 0.0, 0.7)-[TakeOff]-[MCU:False]-[POS:False]
1775389271.3000457 [navNode-1] 当前位置:(0.0, 0.0, 0.0)
1775389271.3993139 [navNode-1] [INFO] [1775389271.399067335] [navNode]: 状态2：Takeoff_wait--[TakeOff]
1775389271.3996801 [navNode-1] [INFO] [1775389271.399418387] [navNode]: 未到目标点
1775389271.3997474 [navNode-1] 目标位置:(0.0, 0.0, 0.7)-[TakeOff]-[MCU:False]-[POS:False]
1775389271.3997855 [navNode-1] 当前位置:(0.0, 0.0, 0.0)
1775389271.4994326 [navNode-1] [INFO] [1775389271.499056528] [navNode]: 状态2：Takeoff_wait--[TakeOff]
1775389271.4998081 [navNode-1] [INFO] [1775389271.499456301] [navNode]: 未到目标点
1775389271.4998748 [navNode-1] 目标位置:(0.0, 0.0, 0.7)-[TakeOff]-[MCU:False]-[POS:False]
1775389271.4999123 [navNode-1] 当前位置:(0.0, 0.0, 0.0)
1775389271.5997682 [navNode-1] [INFO] [1775389271.599485160] [navNode]: 状态2：Takeoff_wait--[TakeOff]
1775389271.6001151 [navNode-1] [INFO] [1775389271.599865564] [navNode]: 未到目标点
1775389271.6002145 [navNode-1] 目标位置:(0.0, 0.0, 0.7)-[TakeOff]-[MCU:False]-[POS:False]
1775389271.6003265 [navNode-1] 当前位置:(0.0, 0.0, 0.0)
1775389271.6993110 [navNode-1] [INFO] [1775389271.699018537] [navNode]: 状态2：Takeoff_wait--[TakeOff]
1775389271.6996603 [navNode-1] [INFO] [1775389271.699396961] [navNode]: 未到目标点
1775389271.6997452 [navNode-1] 目标位置:(0.0, 0.0, 0.7)-[TakeOff]-[MCU:False]-[POS:False]
1775389271.6998205 [navNode-1] 当前位置:(0.0, 0.0, 0.0)
1775389271.7991989 [navNode-1] [INFO] [1775389271.798904161] [navNode]: 状态2：Takeoff_wait--[TakeOff]
1775389271.7996323 [navNode-1] [INFO] [1775389271.799419988] [navNode]: 未到目标点
1775389271.7997153 [navNode-1] 目标位置:(0.0, 0.0, 0.7)-[TakeOff]-[MCU:False]-[POS:False]
1775389271.7997520 [navNode-1] 当前位置:(0.0, 0.0, 0.0)
1775389271.8992515 [navNode-1] [INFO] [1775389271.898967721] [navNode]: 状态2：Takeoff_wait--[TakeOff]
1775389271.8996029 [navNode-1] [INFO] [1775389271.899354156] [navNode]: 未到目标点
1775389271.8996911 [navNode-1] 目标位置:(0.0, 0.0, 0.7)-[TakeOff]-[MCU:False]-[POS:False]
1775389271.8997538 [navNode-1] 当前位置:(0.0, 0.0, 0.0)
1775389271.9993129 [navNode-1] [INFO] [1775389271.999024131] [navNode]: 状态2：Takeoff_wait--[TakeOff]
1775389271.9996746 [navNode-1] [INFO] [1775389271.999396151] [navNode]: 未到目标点
1775389271.9997711 [navNode-1] 目标位置:(0.0, 0.0, 0.7)-[TakeOff]-[MCU:False]-[POS:False]
1775389271.9998410 [navNode-1] 当前位置:(0.0, 0.0, 0.0)
1775389272.0993559 [navNode-1] [INFO] [1775389272.099002512] [navNode]: 状态2：Takeoff_wait--[TakeOff]
1775389272.0997248 [navNode-1] [INFO] [1775389272.099404863] [navNode]: 未到目标点
1775389272.0998204 [navNode-1] 目标位置:(0.0, 0.0, 0.7)-[TakeOff]-[MCU:False]-[POS:False]
1775389272.0998654 [navNode-1] 当前位置:(0.0, 0.0, 0.0)
1775389272.1993051 [navNode-1] [INFO] [1775389272.199005741] [navNode]: 状态2：Takeoff_wait--[TakeOff]
1775389272.1996572 [navNode-1] [INFO] [1775389272.199447930] [navNode]: 未到目标点
1775389272.1997588 [navNode-1] 目标位置:(0.0, 0.0, 0.7)-[TakeOff]-[MCU:False]-[POS:False]
1775389272.1998231 [navNode-1] 当前位置:(0.0, 0.0, 0.0)
1775389272.3000362 [navNode-1] [INFO] [1775389272.299648827] [navNode]: 状态2：Takeoff_wait--[TakeOff]
1775389272.3007538 [navNode-1] [INFO] [1775389272.300026282] [navNode]: 未到目标点
1775389272.3009143 [navNode-1] 目标位置:(0.0, 0.0, 0.7)-[TakeOff]-[MCU:False]-[POS:False]
1775389272.3009675 [navNode-1] 当前位置:(0.0, 0.0, 0.0)
1775389272.3992100 [navNode-1] [INFO] [1775389272.398949363] [navNode]: 状态2：Takeoff_wait--[TakeOff]
1775389272.3995352 [navNode-1] [INFO] [1775389272.399308121] [navNode]: 未到目标点
1775389272.3996112 [navNode-1] 目标位置:(0.0, 0.0, 0.7)-[TakeOff]-[MCU:False]-[POS:False]
1775389272.3996549 [navNode-1] 当前位置:(0.0, 0.0, 0.0)
1775389272.4993308 [navNode-1] [INFO] [1775389272.499011412] [navNode]: 状态2：Takeoff_wait--[TakeOff]
1775389272.4996903 [navNode-1] [INFO] [1775389272.499397199] [navNode]: 未到目标点
1775389272.4997756 [navNode-1] 目标位置:(0.0, 0.0, 0.7)-[TakeOff]-[MCU:False]-[POS:False]
1775389272.4998257 [navNode-1] 当前位置:(0.0, 0.0, 0.0)
1775389272.5994296 [navNode-1] [INFO] [1775389272.599085645] [navNode]: 状态2：Takeoff_wait--[TakeOff]
1775389272.5998316 [navNode-1] [INFO] [1775389272.599497422] [navNode]: 未到目标点
1775389272.5999365 [navNode-1] 目标位置:(0.0, 0.0, 0.7)-[TakeOff]-[MCU:False]-[POS:False]
1775389272.5999832 [navNode-1] 当前位置:(0.0, 0.0, 0.0)
1775389272.6998653 [navNode-1] [INFO] [1775389272.699558843] [navNode]: 状态2：Takeoff_wait--[TakeOff]
1775389272.7002261 [navNode-1] [INFO] [1775389272.699928210] [navNode]: 未到目标点
1775389272.7003129 [navNode-1] 目标位置:(0.0, 0.0, 0.7)-[TakeOff]-[MCU:False]-[POS:False]
1775389272.7003582 [navNode-1] 当前位置:(0.0, 0.0, 0.0)
1775389272.7996070 [navNode-1] [INFO] [1775389272.799312890] [navNode]: 状态2：Takeoff_wait--[TakeOff]
1775389272.8000340 [navNode-1] [INFO] [1775389272.799684379] [navNode]: 未到目标点
1775389272.8003604 [navNode-1] 目标位置:(0.0, 0.0, 0.7)-[TakeOff]-[MCU:False]-[POS:False]
1775389272.8005569 [navNode-1] 当前位置:(0.0, 0.0, 0.0)
1775389272.9013975 [navNode-1] [INFO] [1775389272.900683396] [navNode]: 状态2：Takeoff_wait--[TakeOff]
1775389272.9022684 [navNode-1] [INFO] [1775389272.901765661] [navNode]: 未到目标点
1775389272.9024994 [navNode-1] 目标位置:(0.0, 0.0, 0.7)-[TakeOff]-[MCU:False]-[POS:False]
1775389272.9027305 [navNode-1] 当前位置:(0.0, 0.0, 0.0)
1775389272.9995525 [navNode-1] [INFO] [1775389272.999257338] [navNode]: 状态2：Takeoff_wait--[TakeOff]
1775389272.9998543 [navNode-1] [INFO] [1775389272.999636465] [navNode]: 未到目标点
1775389272.9999564 [navNode-1] 目标位置:(0.0, 0.0, 0.7)-[TakeOff]-[MCU:False]-[POS:False]
1775389273.0000031 [navNode-1] 当前位置:(0.0, 0.0, 0.0)
1775389273.0995901 [navNode-1] [INFO] [1775389273.099195954] [navNode]: 状态2：Takeoff_wait--[TakeOff]
1775389273.1000102 [navNode-1] [INFO] [1775389273.099617015] [navNode]: 未到目标点
1775389273.1000938 [navNode-1] 目标位置:(0.0, 0.0, 0.7)-[TakeOff]-[MCU:False]-[POS:False]
1775389273.1001334 [navNode-1] 当前位置:(0.0, 0.0, 0.0)
1775389273.1993423 [navNode-1] [INFO] [1775389273.199078089] [navNode]: 状态2：Takeoff_wait--[TakeOff]
1775389273.1996906 [navNode-1] [INFO] [1775389273.199529363] [navNode]: 未到目标点
1775389273.1997452 [navNode-1] 目标位置:(0.0, 0.0, 0.7)-[TakeOff]-[MCU:False]-[POS:False]
1775389273.1997924 [navNode-1] 当前位置:(0.0, 0.0, 0.0)
1775389273.2991683 [navNode-1] [INFO] [1775389273.298902007] [navNode]: 状态2：Takeoff_wait--[TakeOff]
1775389273.2996831 [navNode-1] [INFO] [1775389273.299265330] [navNode]: 未到目标点
1775389273.2998147 [navNode-1] 目标位置:(0.0, 0.0, 0.7)-[TakeOff]-[MCU:False]-[POS:False]
1775389273.2998641 [navNode-1] 当前位置:(0.0, 0.0, 0.0)
1775389273.4003952 [navNode-1] [INFO] [1775389273.400044810] [navNode]: 状态2：Takeoff_wait--[TakeOff]
1775389273.4007387 [navNode-1] [INFO] [1775389273.400410345] [navNode]: 未到目标点
1775389273.4008238 [navNode-1] 目标位置:(0.0, 0.0, 0.7)-[TakeOff]-[MCU:False]-[POS:False]
1775389273.4008839 [navNode-1] 当前位置:(0.0, 0.0, 0.0)
1775389273.5000889 [navNode-1] [INFO] [1775389273.499591883] [navNode]: 状态2：Takeoff_wait--[TakeOff]
1775389273.5004437 [navNode-1] [INFO] [1775389273.499971378] [navNode]: 未到目标点
1775389273.5005279 [navNode-1] 目标位置:(0.0, 0.0, 0.7)-[TakeOff]-[MCU:False]-[POS:False]
1775389273.5005736 [navNode-1] 当前位置:(0.0, 0.0, 0.0)
1775389273.5995834 [navNode-1] [INFO] [1775389273.599290747] [navNode]: 状态2：Takeoff_wait--[TakeOff]
1775389273.5999346 [navNode-1] [INFO] [1775389273.599670498] [navNode]: 未到目标点
1775389273.6000381 [navNode-1] 目标位置:(0.0, 0.0, 0.7)-[TakeOff]-[MCU:False]-[POS:False]
1775389273.6000810 [navNode-1] 当前位置:(0.0, 0.0, 0.0)
1775389273.6993265 [navNode-1] [INFO] [1775389273.699040170] [navNode]: 状态2：Takeoff_wait--[TakeOff]
1775389273.6996531 [navNode-1] [INFO] [1775389273.699390442] [navNode]: 未到目标点
1775389273.6997156 [navNode-1] 目标位置:(0.0, 0.0, 0.7)-[TakeOff]-[MCU:False]-[POS:False]
1775389273.6997499 [navNode-1] 当前位置:(0.0, 0.0, 0.0)
1775389273.7994678 [navNode-1] [INFO] [1775389273.799182081] [navNode]: 状态2：Takeoff_wait--[TakeOff]
1775389273.7997625 [navNode-1] [INFO] [1775389273.799543242] [navNode]: 未到目标点
1775389273.7998431 [navNode-1] 目标位置:(0.0, 0.0, 0.7)-[TakeOff]-[MCU:False]-[POS:False]
1775389273.7998824 [navNode-1] 当前位置:(0.0, 0.0, 0.0)
1775389273.9020917 [navNode-1] [INFO] [1775389273.901464934] [navNode]: 状态2：Takeoff_wait--[TakeOff]
1775389273.9028459 [navNode-1] [INFO] [1775389273.902469247] [navNode]: 未到目标点
1775389273.9029942 [navNode-1] 目标位置:(0.0, 0.0, 0.7)-[TakeOff]-[MCU:False]-[POS:False]
1775389273.9031327 [navNode-1] 当前位置:(0.0, 0.0, 0.0)
1775389274.0002229 [navNode-1] [INFO] [1775389273.999860103] [navNode]: 状态2：Takeoff_wait--[TakeOff]
1775389274.0005400 [navNode-1] [INFO] [1775389274.000236394] [navNode]: 未到目标点
1775389274.0006332 [navNode-1] 目标位置:(0.0, 0.0, 0.7)-[TakeOff]-[MCU:False]-[POS:False]
1775389274.0006773 [navNode-1] 当前位置:(0.0, 0.0, 0.0)
1775389274.1000862 [navNode-1] [INFO] [1775389274.099774011] [navNode]: 状态2：Takeoff_wait--[TakeOff]
1775389274.1004236 [navNode-1] [INFO] [1775389274.100153630] [navNode]: 未到目标点
1775389274.1005034 [navNode-1] 目标位置:(0.0, 0.0, 0.7)-[TakeOff]-[MCU:False]-[POS:False]
1775389274.1005404 [navNode-1] 当前位置:(0.0, 0.0, 0.0)
1775389274.2003138 [navNode-1] [INFO] [1775389274.199946062] [navNode]: 状态2：Takeoff_wait--[TakeOff]
1775389274.2006676 [navNode-1] [INFO] [1775389274.200331444] [navNode]: 未到目标点
1775389274.2007518 [navNode-1] 目标位置:(0.0, 0.0, 0.7)-[TakeOff]-[MCU:False]-[POS:False]
1775389274.2007895 [navNode-1] 当前位置:(0.0, 0.0, 0.0)
1775389274.2994959 [navNode-1] [INFO] [1775389274.299140803] [navNode]: 状态2：Takeoff_wait--[TakeOff]
1775389274.2998424 [navNode-1] [INFO] [1775389274.299539300] [navNode]: 未到目标点
1775389274.2999265 [navNode-1] 目标位置:(0.0, 0.0, 0.7)-[TakeOff]-[MCU:False]-[POS:False]
1775389274.2999671 [navNode-1] 当前位置:(0.0, 0.0, 0.0)
1775389274.4013543 [navNode-1] [INFO] [1775389274.400792660] [navNode]: 状态2：Takeoff_wait--[TakeOff]
1775389274.4019606 [navNode-1] [INFO] [1775389274.401572814] [navNode]: 未到目标点
1775389274.4021513 [navNode-1] 目标位置:(0.0, 0.0, 0.7)-[TakeOff]-[MCU:False]-[POS:False]
1775389274.4022911 [navNode-1] 当前位置:(0.0, 0.0, 0.0)
1775389274.4991040 [navNode-1] [INFO] [1775389274.498816679] [navNode]: 状态2：Takeoff_wait--[TakeOff]
1775389274.4994688 [navNode-1] [INFO] [1775389274.499215784] [navNode]: 未到目标点
1775389274.4995697 [navNode-1] 目标位置:(0.0, 0.0, 0.7)-[TakeOff]-[MCU:False]-[POS:False]
1775389274.4996653 [navNode-1] 当前位置:(0.0, 0.0, 0.0)
1775389274.5992212 [navNode-1] [INFO] [1775389274.598903319] [navNode]: 状态2：Takeoff_wait--[TakeOff]
1775389274.5996003 [navNode-1] [INFO] [1775389274.599347302] [navNode]: 未到目标点
1775389274.5997357 [navNode-1] 目标位置:(0.0, 0.0, 0.7)-[TakeOff]-[MCU:False]-[POS:False]
1775389274.5997834 [navNode-1] 当前位置:(0.0, 0.0, 0.0)
1775389274.6995344 [navNode-1] [INFO] [1775389274.699209097] [navNode]: 状态2：Takeoff_wait--[TakeOff]
1775389274.7000618 [navNode-1] [INFO] [1775389274.699938429] [navNode]: 未到目标点
1775389274.7001734 [navNode-1] 目标位置:(0.0, 0.0, 0.7)-[TakeOff]-[MCU:False]-[POS:False]
1775389274.7002213 [navNode-1] 当前位置:(0.0, 0.0, 0.0)
1775389274.8009543 [navNode-1] [INFO] [1775389274.800650875] [navNode]: 状态2：Takeoff_wait--[TakeOff]
1775389274.8013067 [navNode-1] [INFO] [1775389274.801026231] [navNode]: 未到目标点
1775389274.8013844 [navNode-1] 目标位置:(0.0, 0.0, 0.7)-[TakeOff]-[MCU:False]-[POS:False]
1775389274.8014290 [navNode-1] 当前位置:(0.0, 0.0, 0.0)
1775389274.9026101 [navNode-1] [INFO] [1775389274.901971478] [navNode]: 状态2：Takeoff_wait--[TakeOff]
1775389274.9030745 [navNode-1] [INFO] [1775389274.902800088] [navNode]: 未到目标点
1775389274.9031699 [navNode-1] 目标位置:(0.0, 0.0, 0.7)-[TakeOff]-[MCU:False]-[POS:False]
1775389274.9032269 [navNode-1] 当前位置:(0.0, 0.0, 0.0)
1775389274.9992845 [navNode-1] [INFO] [1775389274.998985955] [navNode]: 状态2：Takeoff_wait--[TakeOff]
1775389274.9996107 [navNode-1] [INFO] [1775389274.999370930] [navNode]: 未到目标点
1775389274.9996917 [navNode-1] 目标位置:(0.0, 0.0, 0.7)-[TakeOff]-[MCU:False]-[POS:False]
1775389274.9997385 [navNode-1] 当前位置:(0.0, 0.0, 0.0)
1775389275.1016419 [navNode-1] [INFO] [1775389275.101260060] [navNode]: 状态2：Takeoff_wait--[TakeOff]
1775389275.1019940 [navNode-1] [INFO] [1775389275.101906553] [navNode]: 未到目标点
1775389275.1020739 [navNode-1] 目标位置:(0.0, 0.0, 0.7)-[TakeOff]-[MCU:False]-[POS:False]
1775389275.1021171 [navNode-1] 当前位置:(0.0, 0.0, 0.0)
1775389275.1997511 [navNode-1] [INFO] [1775389275.199135055] [navNode]: 状态2：Takeoff_wait--[TakeOff]
1775389275.2006285 [navNode-1] [INFO] [1775389275.200111338] [navNode]: 未到目标点
1775389275.2008228 [navNode-1] 目标位置:(0.0, 0.0, 0.7)-[TakeOff]-[MCU:False]-[POS:False]
1775389275.2010801 [navNode-1] 当前位置:(0.0, 0.0, 0.0)
1775389275.2992353 [navNode-1] [INFO] [1775389275.298929800] [navNode]: 状态2：Takeoff_wait--[TakeOff]
1775389275.2995787 [navNode-1] [INFO] [1775389275.299301934] [navNode]: 未到目标点
1775389275.2996397 [navNode-1] 目标位置:(0.0, 0.0, 0.7)-[TakeOff]-[MCU:False]-[POS:False]
1775389275.2996740 [navNode-1] 当前位置:(0.0, 0.0, 0.0)
1775389275.4019496 [navNode-1] [INFO] [1775389275.401335850] [navNode]: 状态2：Takeoff_wait--[TakeOff]
1775389275.4027278 [navNode-1] [INFO] [1775389275.402325014] [navNode]: 未到目标点
1775389275.4028935 [navNode-1] 目标位置:(0.0, 0.0, 0.7)-[TakeOff]-[MCU:False]-[POS:False]
1775389275.4029884 [navNode-1] 当前位置:(0.0, 0.0, 0.0)
1775389275.5007615 [navNode-1] [INFO] [1775389275.500380631] [navNode]: 状态2：Takeoff_wait--[TakeOff]
1775389275.5011272 [navNode-1] [INFO] [1775389275.500762496] [navNode]: 未到目标点
1775389275.5012069 [navNode-1] 目标位置:(0.0, 0.0, 0.7)-[TakeOff]-[MCU:False]-[POS:False]
1775389275.5012674 [navNode-1] 当前位置:(0.0, 0.0, 0.0)
1775389275.5997343 [navNode-1] [INFO] [1775389275.599462680] [navNode]: 状态2：Takeoff_wait--[TakeOff]
1775389275.6000369 [navNode-1] [INFO] [1775389275.599830426] [navNode]: 未到目标点
1775389275.6000922 [navNode-1] 目标位置:(0.0, 0.0, 0.7)-[TakeOff]-[MCU:False]-[POS:False]
1775389275.6001272 [navNode-1] 当前位置:(0.0, 0.0, 0.0)
1775389275.6995416 [navNode-1] [INFO] [1775389275.699254084] [navNode]: 状态2：Takeoff_wait--[TakeOff]
1775389275.6998894 [navNode-1] [INFO] [1775389275.699609185] [navNode]: 未到目标点
1775389275.6999762 [navNode-1] 目标位置:(0.0, 0.0, 0.7)-[TakeOff]-[MCU:False]-[POS:False]
1775389275.7000279 [navNode-1] 当前位置:(0.0, 0.0, 0.0)
1775389275.8020346 [navNode-1] [INFO] [1775389275.801429779] [navNode]: 状态2：Takeoff_wait--[TakeOff]
1775389275.8028288 [navNode-1] [INFO] [1775389275.802512196] [navNode]: 未到目标点
1775389275.8029928 [navNode-1] 目标位置:(0.0, 0.0, 0.7)-[TakeOff]-[MCU:False]-[POS:False]
1775389275.8030927 [navNode-1] 当前位置:(0.0, 0.0, 0.0)
1775389275.9020057 [navNode-1] [INFO] [1775389275.901254364] [navNode]: 状态2：Takeoff_wait--[TakeOff]
1775389275.9028635 [navNode-1] [INFO] [1775389275.902402963] [navNode]: 未到目标点
1775389275.9030366 [navNode-1] 目标位置:(0.0, 0.0, 0.7)-[TakeOff]-[MCU:False]-[POS:False]
1775389275.9031384 [navNode-1] 当前位置:(0.0, 0.0, 0.0)
1775389275.9996183 [navNode-1] [INFO] [1775389275.999337595] [navNode]: 状态2：Takeoff_wait--[TakeOff]
1775389275.9999535 [navNode-1] [INFO] [1775389275.999718208] [navNode]: 未到目标点
1775389276.0000098 [navNode-1] 目标位置:(0.0, 0.0, 0.7)-[TakeOff]-[MCU:False]-[POS:False]
1775389276.0000613 [navNode-1] 当前位置:(0.0, 0.0, 0.0)
1775389276.1015518 [navNode-1] [INFO] [1775389276.100884565] [navNode]: 状态2：Takeoff_wait--[TakeOff]
1775389276.1022913 [navNode-1] [INFO] [1775389276.101993757] [navNode]: 未到目标点
1775389276.1024630 [navNode-1] 目标位置:(0.0, 0.0, 0.7)-[TakeOff]-[MCU:False]-[POS:False]
1775389276.1025639 [navNode-1] 当前位置:(0.0, 0.0, 0.0)
1775389276.1999753 [navNode-1] [INFO] [1775389276.199681572] [navNode]: 状态2：Takeoff_wait--[TakeOff]
1775389276.2003019 [navNode-1] [INFO] [1775389276.200051426] [navNode]: 未到目标点
1775389276.2003596 [navNode-1] 目标位置:(0.0, 0.0, 0.7)-[TakeOff]-[MCU:False]-[POS:False]
1775389276.2003949 [navNode-1] 当前位置:(0.0, 0.0, 0.0)
1775389276.2996078 [navNode-1] [INFO] [1775389276.299223636] [navNode]: 状态2：Takeoff_wait--[TakeOff]
1775389276.2999370 [navNode-1] [INFO] [1775389276.299626442] [navNode]: 未到目标点
1775389276.3000438 [navNode-1] 目标位置:(0.0, 0.0, 0.7)-[TakeOff]-[MCU:False]-[POS:False]
1775389276.3001001 [navNode-1] 当前位置:(0.0, 0.0, 0.0)
1775389276.3996327 [navNode-1] [INFO] [1775389276.399296526] [navNode]: 状态2：Takeoff_wait--[TakeOff]
1775389276.4000096 [navNode-1] [INFO] [1775389276.399666353] [navNode]: 未到目标点
1775389276.4000664 [navNode-1] 目标位置:(0.0, 0.0, 0.7)-[TakeOff]-[MCU:False]-[POS:False]
1775389276.4001033 [navNode-1] 当前位置:(0.0, 0.0, 0.0)
1775389276.5004756 [navNode-1] [INFO] [1775389276.500173975] [navNode]: 状态2：Takeoff_wait--[TakeOff]
1775389276.5007892 [navNode-1] [INFO] [1775389276.500541096] [navNode]: 未到目标点
1775389276.5008478 [navNode-1] 目标位置:(0.0, 0.0, 0.7)-[TakeOff]-[MCU:False]-[POS:False]
1775389276.5008867 [navNode-1] 当前位置:(0.0, 0.0, 0.0)
1775389276.5999062 [navNode-1] [INFO] [1775389276.599532320] [navNode]: 状态2：Takeoff_wait--[TakeOff]
1775389276.6002750 [navNode-1] [INFO] [1775389276.599910678] [navNode]: 未到目标点
1775389276.6003623 [navNode-1] 目标位置:(0.0, 0.0, 0.7)-[TakeOff]-[MCU:False]-[POS:False]
1775389276.6004109 [navNode-1] 当前位置:(0.0, 0.0, 0.0)
1775389276.7014797 [navNode-1] [INFO] [1775389276.700822409] [navNode]: 状态2：Takeoff_wait--[TakeOff]
1775389276.7022717 [navNode-1] [INFO] [1775389276.701918901] [navNode]: 未到目标点
1775389276.7024279 [navNode-1] 目标位置:(0.0, 0.0, 0.7)-[TakeOff]-[MCU:False]-[POS:False]
1775389276.7025316 [navNode-1] 当前位置:(0.0, 0.0, 0.0)
1775389276.7994316 [navNode-1] [INFO] [1775389276.799134905] [navNode]: 状态2：Takeoff_wait--[TakeOff]
1775389276.7997456 [navNode-1] [INFO] [1775389276.799500020] [navNode]: 未到目标点
1775389276.7998037 [navNode-1] 目标位置:(0.0, 0.0, 0.7)-[TakeOff]-[MCU:False]-[POS:False]
1775389276.7998385 [navNode-1] 当前位置:(0.0, 0.0, 0.0)
1775389276.9015663 [navNode-1] [INFO] [1775389276.900923587] [navNode]: 状态2：Takeoff_wait--[TakeOff]
1775389276.9023602 [navNode-1] [INFO] [1775389276.902002900] [navNode]: 未到目标点
1775389276.9025307 [navNode-1] 目标位置:(0.0, 0.0, 0.7)-[TakeOff]-[MCU:False]-[POS:False]
1775389276.9026394 [navNode-1] 当前位置:(0.0, 0.0, 0.0)
1775389277.0018592 [navNode-1] [INFO] [1775389277.001266710] [navNode]: 状态2：Takeoff_wait--[TakeOff]
1775389277.0026567 [navNode-1] [INFO] [1775389277.002430899] [navNode]: 未到目标点
1775389277.0029275 [navNode-1] 目标位置:(0.0, 0.0, 0.7)-[TakeOff]-[MCU:False]-[POS:False]
1775389277.0030360 [navNode-1] 当前位置:(0.0, 0.0, 0.0)
1775389277.1006489 [navNode-1] [INFO] [1775389277.100314474] [navNode]: 状态2：Takeoff_wait--[TakeOff]
1775389277.1009603 [navNode-1] [INFO] [1775389277.100683975] [navNode]: 未到目标点
1775389277.1010320 [navNode-1] 目标位置:(0.0, 0.0, 0.7)-[TakeOff]-[MCU:False]-[POS:False]
1775389277.1010699 [navNode-1] 当前位置:(0.0, 0.0, 0.0)
1775389277.2015910 [navNode-1] [INFO] [1775389277.200975343] [navNode]: 状态2：Takeoff_wait--[TakeOff]
1775389277.2023621 [navNode-1] [INFO] [1775389277.202037559] [navNode]: 未到目标点
1775389277.2025301 [navNode-1] 目标位置:(0.0, 0.0, 0.7)-[TakeOff]-[MCU:False]-[POS:False]
1775389277.2026324 [navNode-1] 当前位置:(0.0, 0.0, 0.0)
1775389277.3005526 [navNode-1] [INFO] [1775389277.300183742] [navNode]: 状态2：Takeoff_wait--[TakeOff]
1775389277.3009915 [navNode-1] [INFO] [1775389277.300564189] [navNode]: 未到目标点
1775389277.3010809 [navNode-1] 目标位置:(0.0, 0.0, 0.7)-[TakeOff]-[MCU:False]-[POS:False]
1775389277.3011649 [navNode-1] 当前位置:(0.0, 0.0, 0.0)
1775389277.4031730 [navNode-1] [INFO] [1775389277.402431585] [navNode]: 状态2：Takeoff_wait--[TakeOff]
1775389277.4038684 [navNode-1] [INFO] [1775389277.403553731] [navNode]: 未到目标点
1775389277.4040327 [navNode-1] 目标位置:(0.0, 0.0, 0.7)-[TakeOff]-[MCU:False]-[POS:False]
1775389277.4041648 [navNode-1] 当前位置:(0.0, 0.0, 0.0)
1775389277.4994402 [navNode-1] [INFO] [1775389277.499158404] [navNode]: 状态2：Takeoff_wait--[TakeOff]
1775389277.4998128 [navNode-1] [INFO] [1775389277.499537328] [navNode]: 未到目标点
1775389277.4998875 [navNode-1] 目标位置:(0.0, 0.0, 0.7)-[TakeOff]-[MCU:False]-[POS:False]
1775389277.4999251 [navNode-1] 当前位置:(0.0, 0.0, 0.0)
1775389277.6018224 [navNode-1] [INFO] [1775389277.601289271] [navNode]: 状态2：Takeoff_wait--[TakeOff]
1775389277.6021392 [navNode-1] [INFO] [1775389277.601882822] [navNode]: 未到目标点
1775389277.6021929 [navNode-1] 目标位置:(0.0, 0.0, 0.7)-[TakeOff]-[MCU:False]-[POS:False]
1775389277.6022251 [navNode-1] 当前位置:(0.0, 0.0, 0.0)
1775389277.7016139 [navNode-1] [INFO] [1775389277.700940830] [navNode]: 状态2：Takeoff_wait--[TakeOff]
1775389277.7022896 [navNode-1] [INFO] [1775389277.702003127] [navNode]: 未到目标点
1775389277.7024240 [navNode-1] 目标位置:(0.0, 0.0, 0.7)-[TakeOff]-[MCU:False]-[POS:False]
1775389277.7025106 [navNode-1] 当前位置:(0.0, 0.0, 0.0)
1775389277.8016353 [navNode-1] [INFO] [1775389277.800956843] [navNode]: 状态2：Takeoff_wait--[TakeOff]
1775389277.8024263 [navNode-1] [INFO] [1775389277.802099116] [navNode]: 未到目标点
1775389277.8026571 [navNode-1] 目标位置:(0.0, 0.0, 0.7)-[TakeOff]-[MCU:False]-[POS:False]
1775389277.8028469 [navNode-1] 当前位置:(0.0, 0.0, 0.0)
1775389277.8993514 [navNode-1] [INFO] [1775389277.899083484] [navNode]: 状态2：Takeoff_wait--[TakeOff]
1775389277.8996990 [navNode-1] [INFO] [1775389277.899458323] [navNode]: 未到目标点
1775389277.8997614 [navNode-1] 目标位置:(0.0, 0.0, 0.7)-[TakeOff]-[MCU:False]-[POS:False]
1775389277.8998072 [navNode-1] 当前位置:(0.0, 0.0, 0.0)
1775389277.9994340 [navNode-1] [INFO] [1775389277.999141321] [navNode]: 状态2：Takeoff_wait--[TakeOff]
1775389277.9997840 [navNode-1] [INFO] [1775389277.999502636] [navNode]: 未到目标点
1775389277.9998441 [navNode-1] 目标位置:(0.0, 0.0, 0.7)-[TakeOff]-[MCU:False]-[POS:False]
1775389277.9998806 [navNode-1] 当前位置:(0.0, 0.0, 0.0)
1775389278.1013882 [navNode-1] [INFO] [1775389278.101013614] [navNode]: 状态2：Takeoff_wait--[TakeOff]
1775389278.1021185 [navNode-1] [INFO] [1775389278.101930595] [navNode]: 未到目标点
1775389278.1022134 [navNode-1] 目标位置:(0.0, 0.0, 0.7)-[TakeOff]-[MCU:False]-[POS:False]
1775389278.1022496 [navNode-1] 当前位置:(0.0, 0.0, 0.0)
1775389278.1994171 [navNode-1] [INFO] [1775389278.199064504] [navNode]: 状态2：Takeoff_wait--[TakeOff]
1775389278.1997209 [navNode-1] [INFO] [1775389278.199430722] [navNode]: 未到目标点
1775389278.1997731 [navNode-1] 目标位置:(0.0, 0.0, 0.7)-[TakeOff]-[MCU:False]-[POS:False]
1775389278.1998055 [navNode-1] 当前位置:(0.0, 0.0, 0.0)
1775389278.3002074 [navNode-1] [INFO] [1775389278.299931571] [navNode]: 状态2：Takeoff_wait--[TakeOff]
1775389278.3006074 [navNode-1] [INFO] [1775389278.300314525] [navNode]: 未到目标点
1775389278.3006709 [navNode-1] 目标位置:(0.0, 0.0, 0.7)-[TakeOff]-[MCU:False]-[POS:False]
1775389278.3007073 [navNode-1] 当前位置:(0.0, 0.0, 0.0)
1775389278.4006317 [navNode-1] [INFO] [1775389278.400341217] [navNode]: 状态2：Takeoff_wait--[TakeOff]
1775389278.4009163 [navNode-1] [INFO] [1775389278.400706943] [navNode]: 未到目标点
1775389278.4009669 [navNode-1] 目标位置:(0.0, 0.0, 0.7)-[TakeOff]-[MCU:False]-[POS:False]
1775389278.4010000 [navNode-1] 当前位置:(0.0, 0.0, 0.0)
1775389278.4996855 [navNode-1] [INFO] [1775389278.499365252] [navNode]: 状态2：Takeoff_wait--[TakeOff]
1775389278.5002186 [navNode-1] [INFO] [1775389278.500075137] [navNode]: 未到目标点
1775389278.5003395 [navNode-1] 目标位置:(0.0, 0.0, 0.7)-[TakeOff]-[MCU:False]-[POS:False]
1775389278.5003839 [navNode-1] 当前位置:(0.0, 0.0, 0.0)
1775389278.6016033 [navNode-1] [INFO] [1775389278.601245409] [navNode]: 状态2：Takeoff_wait--[TakeOff]
1775389278.6018965 [navNode-1] [INFO] [1775389278.601665661] [navNode]: 未到目标点
1775389278.6019521 [navNode-1] 目标位置:(0.0, 0.0, 0.7)-[TakeOff]-[MCU:False]-[POS:False]
1775389278.6019888 [navNode-1] 当前位置:(0.0, 0.0, 0.0)
1775389278.6994095 [navNode-1] [INFO] [1775389278.699034985] [navNode]: 状态2：Takeoff_wait--[TakeOff]
1775389278.6997414 [navNode-1] [INFO] [1775389278.699397127] [navNode]: 未到目标点
1775389278.6997969 [navNode-1] 目标位置:(0.0, 0.0, 0.7)-[TakeOff]-[MCU:False]-[POS:False]
1775389278.6998341 [navNode-1] 当前位置:(0.0, 0.0, 0.0)
1775389278.7994211 [navNode-1] [INFO] [1775389278.799156259] [navNode]: 状态2：Takeoff_wait--[TakeOff]
1775389278.7997308 [navNode-1] [INFO] [1775389278.799617675] [navNode]: 未到目标点
1775389278.7997866 [navNode-1] 目标位置:(0.0, 0.0, 0.7)-[TakeOff]-[MCU:False]-[POS:False]
1775389278.7998202 [navNode-1] 当前位置:(0.0, 0.0, 0.0)
1775389278.8991976 [navNode-1] [INFO] [1775389278.898933541] [navNode]: 状态2：Takeoff_wait--[TakeOff]
1775389278.8995008 [navNode-1] [INFO] [1775389278.899303149] [navNode]: 未到目标点
1775389278.8995607 [navNode-1] 目标位置:(0.0, 0.0, 0.7)-[TakeOff]-[MCU:False]-[POS:False]
1775389278.8995962 [navNode-1] 当前位置:(0.0, 0.0, 0.0)
1775389278.9994493 [navNode-1] [INFO] [1775389278.999073512] [navNode]: 状态2：Takeoff_wait--[TakeOff]
1775389278.9997747 [navNode-1] [INFO] [1775389278.999462313] [navNode]: 未到目标点
1775389278.9998543 [navNode-1] 目标位置:(0.0, 0.0, 0.7)-[TakeOff]-[MCU:False]-[POS:False]
1775389278.9998972 [navNode-1] 当前位置:(0.0, 0.0, 0.0)
1775389279.0995078 [navNode-1] [INFO] [1775389279.099218240] [navNode]: 状态2：Takeoff_wait--[TakeOff]
1775389279.0998468 [navNode-1] [INFO] [1775389279.099614963] [navNode]: 未到目标点
1775389279.0999620 [navNode-1] 目标位置:(0.0, 0.0, 0.7)-[TakeOff]-[MCU:False]-[POS:False]
1775389279.1000090 [navNode-1] 当前位置:(0.0, 0.0, 0.0)
1775389279.2001271 [navNode-1] [INFO] [1775389279.199786743] [navNode]: 状态2：Takeoff_wait--[TakeOff]
1775389279.2004657 [navNode-1] [INFO] [1775389279.200142973] [navNode]: 未到目标点
1775389279.2005610 [navNode-1] 目标位置:(0.0, 0.0, 0.7)-[TakeOff]-[MCU:False]-[POS:False]
1775389279.2006195 [navNode-1] 当前位置:(0.0, 0.0, 0.0)
1775389279.2995965 [navNode-1] [INFO] [1775389279.299237010] [navNode]: 状态2：Takeoff_wait--[TakeOff]
1775389279.2999885 [navNode-1] [INFO] [1775389279.299598847] [navNode]: 未到目标点
1775389279.3001177 [navNode-1] 目标位置:(0.0, 0.0, 0.7)-[TakeOff]-[MCU:False]-[POS:False]
1775389279.3002102 [navNode-1] 当前位置:(0.0, 0.0, 0.0)
1775389279.4003928 [navNode-1] [INFO] [1775389279.400024435] [navNode]: 状态2：Takeoff_wait--[TakeOff]
1775389279.4007254 [navNode-1] [INFO] [1775389279.400396012] [navNode]: 未到目标点
1775389279.4008088 [navNode-1] 目标位置:(0.0, 0.0, 0.7)-[TakeOff]-[MCU:False]-[POS:False]
1775389279.4008555 [navNode-1] 当前位置:(0.0, 0.0, 0.0)
1775389279.4995046 [navNode-1] [INFO] [1775389279.499215111] [navNode]: 状态2：Takeoff_wait--[TakeOff]
1775389279.4998019 [navNode-1] [INFO] [1775389279.499578270] [navNode]: 未到目标点
1775389279.4999013 [navNode-1] 目标位置:(0.0, 0.0, 0.7)-[TakeOff]-[MCU:False]-[POS:False]
1775389279.4999459 [navNode-1] 当前位置:(0.0, 0.0, 0.0)
1775389279.5996785 [navNode-1] [INFO] [1775389279.599260765] [navNode]: 状态2：Takeoff_wait--[TakeOff]
1775389279.6000931 [navNode-1] [INFO] [1775389279.599804656] [navNode]: 未到目标点
1775389279.6001904 [navNode-1] 目标位置:(0.0, 0.0, 0.7)-[TakeOff]-[MCU:False]-[POS:False]
1775389279.6002686 [navNode-1] 当前位置:(0.0, 0.0, 0.0)
1775389279.6994076 [navNode-1] [INFO] [1775389279.699115169] [navNode]: 状态2：Takeoff_wait--[TakeOff]
1775389279.6997869 [navNode-1] [INFO] [1775389279.699493141] [navNode]: 未到目标点
1775389279.6998751 [navNode-1] 目标位置:(0.0, 0.0, 0.7)-[TakeOff]-[MCU:False]-[POS:False]
1775389279.6999371 [navNode-1] 当前位置:(0.0, 0.0, 0.0)
1775389279.8021872 [navNode-1] [INFO] [1775389279.801429605] [navNode]: 状态2：Takeoff_wait--[TakeOff]
1775389279.8030756 [navNode-1] [INFO] [1775389279.802659534] [navNode]: 未到目标点
1775389279.8033733 [navNode-1] 目标位置:(0.0, 0.0, 0.7)-[TakeOff]-[MCU:False]-[POS:False]
1775389279.8035705 [navNode-1] 当前位置:(0.0, 0.0, 0.0)
1775389279.8995383 [navNode-1] [INFO] [1775389279.898998568] [navNode]: 状态2：Takeoff_wait--[TakeOff]
1775389279.9000642 [navNode-1] [INFO] [1775389279.899358533] [navNode]: 未到目标点
1775389279.9001486 [navNode-1] 目标位置:(0.0, 0.0, 0.7)-[TakeOff]-[MCU:False]-[POS:False]
1775389279.9001884 [navNode-1] 当前位置:(0.0, 0.0, 0.0)
1775389279.9992688 [navNode-1] [INFO] [1775389279.998979301] [navNode]: 状态2：Takeoff_wait--[TakeOff]
1775389279.9996054 [navNode-1] [INFO] [1775389279.999341150] [navNode]: 未到目标点
1775389279.9996810 [navNode-1] 目标位置:(0.0, 0.0, 0.7)-[TakeOff]-[MCU:False]-[POS:False]
1775389279.9997370 [navNode-1] 当前位置:(0.0, 0.0, 0.0)
1775389280.0995922 [navNode-1] [INFO] [1775389280.099290495] [navNode]: 状态2：Takeoff_wait--[TakeOff]
1775389280.0999610 [navNode-1] [INFO] [1775389280.099671964] [navNode]: 未到目标点
1775389280.1000595 [navNode-1] 目标位置:(0.0, 0.0, 0.7)-[TakeOff]-[MCU:False]-[POS:False]
1775389280.1001248 [navNode-1] 当前位置:(0.0, 0.0, 0.0)
1775389280.1994412 [navNode-1] [INFO] [1775389280.199141955] [navNode]: 状态2：Takeoff_wait--[TakeOff]
1775389280.1997547 [navNode-1] [INFO] [1775389280.199505003] [navNode]: 未到目标点
1775389280.1998198 [navNode-1] 目标位置:(0.0, 0.0, 0.7)-[TakeOff]-[MCU:False]-[POS:False]
1775389280.1998577 [navNode-1] 当前位置:(0.0, 0.0, 0.0)
1775389280.3010821 [navNode-1] [INFO] [1775389280.300417037] [navNode]: 状态2：Takeoff_wait--[TakeOff]
1775389280.3019571 [navNode-1] [INFO] [1775389280.301522210] [navNode]: 未到目标点
1775389280.3022668 [navNode-1] 目标位置:(0.0, 0.0, 0.7)-[TakeOff]-[MCU:False]-[POS:False]
1775389280.3024204 [navNode-1] 当前位置:(0.0, 0.0, 0.0)
1775389280.3993940 [navNode-1] [INFO] [1775389280.399123330] [navNode]: 状态2：Takeoff_wait--[TakeOff]
1775389280.3997142 [navNode-1] [INFO] [1775389280.399487680] [navNode]: 未到目标点
1775389280.3997920 [navNode-1] 目标位置:(0.0, 0.0, 0.7)-[TakeOff]-[MCU:False]-[POS:False]
1775389280.3998535 [navNode-1] 当前位置:(0.0, 0.0, 0.0)
1775389280.5014274 [navNode-1] [INFO] [1775389280.500668103] [navNode]: 状态2：Takeoff_wait--[TakeOff]
1775389280.5023360 [navNode-1] [INFO] [1775389280.501943720] [navNode]: 未到目标点
1775389280.5027139 [navNode-1] 目标位置:(0.0, 0.0, 0.7)-[TakeOff]-[MCU:False]-[POS:False]
1775389280.5028732 [navNode-1] 当前位置:(0.0, 0.0, 0.0)
1775389280.5993063 [navNode-1] [INFO] [1775389280.599001771] [navNode]: 状态2：Takeoff_wait--[TakeOff]
1775389280.5996711 [navNode-1] [INFO] [1775389280.599409858] [navNode]: 未到目标点
1775389280.5997570 [navNode-1] 目标位置:(0.0, 0.0, 0.7)-[TakeOff]-[MCU:False]-[POS:False]
1775389280.5997977 [navNode-1] 当前位置:(0.0, 0.0, 0.0)
1775389280.6993430 [navNode-1] [INFO] [1775389280.699082587] [navNode]: 状态2：Takeoff_wait--[TakeOff]
1775389280.6996925 [navNode-1] [INFO] [1775389280.699463150] [navNode]: 未到目标点
1775389280.6997962 [navNode-1] 目标位置:(0.0, 0.0, 0.7)-[TakeOff]-[MCU:False]-[POS:False]
1775389280.6998577 [navNode-1] 当前位置:(0.0, 0.0, 0.0)
1775389280.7992048 [navNode-1] [INFO] [1775389280.798937239] [navNode]: 状态2：Takeoff_wait--[TakeOff]
1775389280.7995455 [navNode-1] [INFO] [1775389280.799320876] [navNode]: 未到目标点
1775389280.7996240 [navNode-1] 目标位置:(0.0, 0.0, 0.7)-[TakeOff]-[MCU:False]-[POS:False]
1775389280.7996655 [navNode-1] 当前位置:(0.0, 0.0, 0.0)
1775389280.8998528 [navNode-1] [INFO] [1775389280.899428023] [navNode]: 状态2：Takeoff_wait--[TakeOff]
1775389280.9002769 [navNode-1] [INFO] [1775389280.899903605] [navNode]: 未到目标点
1775389280.9003565 [navNode-1] 目标位置:(0.0, 0.0, 0.7)-[TakeOff]-[MCU:False]-[POS:False]
1775389280.9003940 [navNode-1] 当前位置:(0.0, 0.0, 0.0)
1775389280.9995654 [navNode-1] [INFO] [1775389280.999204872] [navNode]: 状态2：Takeoff_wait--[TakeOff]
1775389280.9999318 [navNode-1] [INFO] [1775389280.999578194] [navNode]: 未到目标点
1775389281.0000534 [navNode-1] 目标位置:(0.0, 0.0, 0.7)-[TakeOff]-[MCU:False]-[POS:False]
1775389281.0001388 [navNode-1] 当前位置:(0.0, 0.0, 0.0)
1775389281.0994604 [navNode-1] [INFO] [1775389281.099163478] [navNode]: 状态2：Takeoff_wait--[TakeOff]
1775389281.0998156 [navNode-1] [INFO] [1775389281.099577815] [navNode]: 未到目标点
1775389281.0999119 [navNode-1] 目标位置:(0.0, 0.0, 0.7)-[TakeOff]-[MCU:False]-[POS:False]
1775389281.0999963 [navNode-1] 当前位置:(0.0, 0.0, 0.0)
1775389281.1995358 [navNode-1] [INFO] [1775389281.199247888] [navNode]: 状态2：Takeoff_wait--[TakeOff]
1775389281.1998849 [navNode-1] [INFO] [1775389281.199618466] [navNode]: 未到目标点
1775389281.1999609 [navNode-1] 目标位置:(0.0, 0.0, 0.7)-[TakeOff]-[MCU:False]-[POS:False]
1775389281.1999986 [navNode-1] 当前位置:(0.0, 0.0, 0.0)
1775389281.2993932 [navNode-1] [INFO] [1775389281.299114830] [navNode]: 状态2：Takeoff_wait--[TakeOff]
1775389281.2996874 [navNode-1] [INFO] [1775389281.299477090] [navNode]: 未到目标点
1775389281.2997942 [navNode-1] 目标位置:(0.0, 0.0, 0.7)-[TakeOff]-[MCU:False]-[POS:False]
1775389281.2999458 [navNode-1] 当前位置:(0.0, 0.0, 0.0)
1775389281.4009483 [navNode-1] [INFO] [1775389281.400314274] [navNode]: 状态2：Takeoff_wait--[TakeOff]
1775389281.4018691 [navNode-1] [INFO] [1775389281.401370495] [navNode]: 未到目标点
1775389281.4021564 [navNode-1] 目标位置:(0.0, 0.0, 0.7)-[TakeOff]-[MCU:False]-[POS:False]
1775389281.4023938 [navNode-1] 当前位置:(0.0, 0.0, 0.0)
1775389281.4994006 [navNode-1] [INFO] [1775389281.499114952] [navNode]: 状态2：Takeoff_wait--[TakeOff]
1775389281.4997776 [navNode-1] [INFO] [1775389281.499484868] [navNode]: 未到目标点
1775389281.4998841 [navNode-1] 目标位置:(0.0, 0.0, 0.7)-[TakeOff]-[MCU:False]-[POS:False]
1775389281.4999344 [navNode-1] 当前位置:(0.0, 0.0, 0.0)
1775389281.6018474 [navNode-1] [INFO] [1775389281.601191628] [navNode]: 状态2：Takeoff_wait--[TakeOff]
1775389281.6027293 [navNode-1] [INFO] [1775389281.602221488] [navNode]: 未到目标点
1775389281.6030025 [navNode-1] 目标位置:(0.0, 0.0, 0.7)-[TakeOff]-[MCU:False]-[POS:False]
1775389281.6031997 [navNode-1] 当前位置:(0.0, 0.0, 0.0)
1775389281.6992648 [navNode-1] [INFO] [1775389281.698978776] [navNode]: 状态2：Takeoff_wait--[TakeOff]
1775389281.6996479 [navNode-1] [INFO] [1775389281.699372281] [navNode]: 未到目标点
1775389281.6997492 [navNode-1] 目标位置:(0.0, 0.0, 0.7)-[TakeOff]-[MCU:False]-[POS:False]
1775389281.6998100 [navNode-1] 当前位置:(0.0, 0.0, 0.0)
1775389281.7993360 [navNode-1] [INFO] [1775389281.799060388] [navNode]: 状态2：Takeoff_wait--[TakeOff]
1775389281.7996626 [navNode-1] [INFO] [1775389281.799433614] [navNode]: 未到目标点
1775389281.7997403 [navNode-1] 目标位置:(0.0, 0.0, 0.7)-[TakeOff]-[MCU:False]-[POS:False]
1775389281.7997844 [navNode-1] 当前位置:(0.0, 0.0, 0.0)
1775389281.9020624 [navNode-1] [INFO] [1775389281.901302934] [navNode]: 状态2：Takeoff_wait--[TakeOff]
1775389281.9029572 [navNode-1] [INFO] [1775389281.902496786] [navNode]: 未到目标点
1775389281.9031339 [navNode-1] 目标位置:(0.0, 0.0, 0.7)-[TakeOff]-[MCU:False]-[POS:False]
1775389281.9033859 [navNode-1] 当前位置:(0.0, 0.0, 0.0)
1775389282.0018191 [navNode-1] [INFO] [1775389282.001185972] [navNode]: 状态2：Takeoff_wait--[TakeOff]
1775389282.0025582 [navNode-1] [INFO] [1775389282.002286069] [navNode]: 未到目标点
1775389282.0028641 [navNode-1] 目标位置:(0.0, 0.0, 0.7)-[TakeOff]-[MCU:False]-[POS:False]
1775389282.0030854 [navNode-1] 当前位置:(0.0, 0.0, 0.0)
1775389282.0992329 [navNode-1] [INFO] [1775389282.098881053] [navNode]: 状态2：Takeoff_wait--[TakeOff]
1775389282.0995860 [navNode-1] [INFO] [1775389282.099274851] [navNode]: 未到目标点
1775389282.0996830 [navNode-1] 目标位置:(0.0, 0.0, 0.7)-[TakeOff]-[MCU:False]-[POS:False]
1775389282.0997419 [navNode-1] 当前位置:(0.0, 0.0, 0.0)
1775389282.1992905 [navNode-1] [INFO] [1775389282.199008570] [navNode]: 状态2：Takeoff_wait--[TakeOff]
1775389282.1996238 [navNode-1] [INFO] [1775389282.199378465] [navNode]: 未到目标点
1775389282.1997094 [navNode-1] 目标位置:(0.0, 0.0, 0.7)-[TakeOff]-[MCU:False]-[POS:False]
1775389282.1997743 [navNode-1] 当前位置:(0.0, 0.0, 0.0)
1775389282.2284360 [WARNING] [launch]: user interrupted with ctrl-c (SIGINT)
1775389282.2519360 [INFO] [navNode-1]: process has finished cleanly [pid 19708]
