[0.588s] Invoking command in '/home/focal/Desktop/2024_GroundStation/build/uav_car_interfaces': CMAKE_PREFIX_PATH=/opt/ros/foxy /usr/bin/cmake --build /home/focal/Desktop/2024_GroundStation/build/uav_car_interfaces -- -j4 -l4
[0.764s] [  2%] Built target uav_car_interfaces__cpp
[0.784s] [ 12%] Built target uav_car_interfaces__rosidl_generator_c
[0.846s] [ 23%] Built target uav_car_interfaces__rosidl_typesupport_cpp
[0.851s] [ 34%] Built target uav_car_interfaces__rosidl_typesupport_introspection_cpp
[0.861s] [ 44%] Built target uav_car_interfaces__rosidl_typesupport_fastrtps_cpp
[0.890s] [ 55%] Built target uav_car_interfaces__rosidl_typesupport_c
[0.909s] [ 65%] Built target uav_car_interfaces__rosidl_typesupport_introspection_c
[0.918s] [ 76%] Built target uav_car_interfaces__rosidl_typesupport_fastrtps_c
[0.945s] [ 76%] Built target uav_car_interfaces
[0.970s] [ 78%] Built target uav_car_interfaces__py
[1.010s] [ 87%] Built target uav_car_interfaces__python
[1.053s] [ 91%] Built target uav_car_interfaces__rosidl_typesupport_c__pyext
[1.066s] [ 95%] Built target uav_car_interfaces__rosidl_typesupport_fastrtps_c__pyext
[1.068s] [100%] Built target uav_car_interfaces__rosidl_typesupport_introspection_c__pyext
[1.082s] Invoked command in '/home/focal/Desktop/2024_GroundStation/build/uav_car_interfaces' returned '0': CMAKE_PREFIX_PATH=/opt/ros/foxy /usr/bin/cmake --build /home/focal/Desktop/2024_GroundStation/build/uav_car_interfaces -- -j4 -l4
[1.114s] Invoking command in '/home/focal/Desktop/2024_GroundStation/build/uav_car_interfaces': CMAKE_PREFIX_PATH=/opt/ros/foxy /usr/bin/cmake --install /home/focal/Desktop/2024_GroundStation/build/uav_car_interfaces
[1.122s] -- Install configuration: ""
[1.124s] -- Execute custom install script
[1.128s] -- Up-to-date symlink: /home/focal/Desktop/2024_GroundStation/install/uav_car_interfaces/share/ament_index/resource_index/rosidl_interfaces/uav_car_interfaces
[1.130s] -- Up-to-date symlink: /home/focal/Desktop/2024_GroundStation/install/uav_car_interfaces/include/uav_car_interfaces/msg/detail/image_processor_data__functions.h
[1.130s] -- Up-to-date symlink: /home/focal/Desktop/2024_GroundStation/install/uav_car_interfaces/include/uav_car_interfaces/msg/detail/image_processor_data__struct.h
[1.131s] -- Up-to-date symlink: /home/focal/Desktop/2024_GroundStation/install/uav_car_interfaces/include/uav_car_interfaces/msg/detail/image_processor_data__type_support.h
[1.131s] -- Up-to-date symlink: /home/focal/Desktop/2024_GroundStation/install/uav_car_interfaces/include/uav_car_interfaces/msg/detail/t265_data__functions.h
[1.131s] -- Up-to-date symlink: /home/focal/Desktop/2024_GroundStation/install/uav_car_interfaces/include/uav_car_interfaces/msg/detail/t265_data__struct.h
[1.132s] -- Up-to-date symlink: /home/focal/Desktop/2024_GroundStation/install/uav_car_interfaces/include/uav_car_interfaces/msg/detail/t265_data__type_support.h
[1.132s] -- Up-to-date symlink: /home/focal/Desktop/2024_GroundStation/install/uav_car_interfaces/include/uav_car_interfaces/msg/image_processor_data.h
[1.133s] -- Up-to-date symlink: /home/focal/Desktop/2024_GroundStation/install/uav_car_interfaces/include/uav_car_interfaces/msg/rosidl_generator_c__visibility_control.h
[1.133s] -- Up-to-date symlink: /home/focal/Desktop/2024_GroundStation/install/uav_car_interfaces/include/uav_car_interfaces/msg/t265_data.h
[1.134s] -- Up-to-date symlink: /home/focal/Desktop/2024_GroundStation/install/uav_car_interfaces/include/uav_car_interfaces/srv/control_service.h
[1.134s] -- Up-to-date symlink: /home/focal/Desktop/2024_GroundStation/install/uav_car_interfaces/include/uav_car_interfaces/srv/detail/control_service__functions.h
[1.135s] -- Up-to-date symlink: /home/focal/Desktop/2024_GroundStation/install/uav_car_interfaces/include/uav_car_interfaces/srv/detail/control_service__struct.h
[1.135s] -- Up-to-date symlink: /home/focal/Desktop/2024_GroundStation/install/uav_car_interfaces/include/uav_car_interfaces/srv/detail/control_service__type_support.h
[1.136s] -- Up-to-date symlink: /home/focal/Desktop/2024_GroundStation/install/uav_car_interfaces/share/uav_car_interfaces/environment/library_path.sh
[1.138s] -- Up-to-date symlink: /home/focal/Desktop/2024_GroundStation/install/uav_car_interfaces/share/uav_car_interfaces/environment/library_path.dsv
[1.138s] -- Up-to-date symlink: /home/focal/Desktop/2024_GroundStation/install/uav_car_interfaces/include/uav_car_interfaces/msg/detail/image_processor_data__rosidl_typesupport_fastrtps_c.h
[1.138s] -- Up-to-date symlink: /home/focal/Desktop/2024_GroundStation/install/uav_car_interfaces/include/uav_car_interfaces/msg/detail/t265_data__rosidl_typesupport_fastrtps_c.h
[1.139s] -- Up-to-date symlink: /home/focal/Desktop/2024_GroundStation/install/uav_car_interfaces/include/uav_car_interfaces/msg/rosidl_typesupport_fastrtps_c__visibility_control.h
[1.140s] -- Up-to-date symlink: /home/focal/Desktop/2024_GroundStation/install/uav_car_interfaces/include/uav_car_interfaces/srv/detail/control_service__rosidl_typesupport_fastrtps_c.h
[1.140s] -- Up-to-date symlink: /home/focal/Desktop/2024_GroundStation/install/uav_car_interfaces/lib/libuav_car_interfaces__rosidl_typesupport_fastrtps_c.so
[1.141s] -- Up-to-date symlink: /home/focal/Desktop/2024_GroundStation/install/uav_car_interfaces/include/uav_car_interfaces/msg/detail/image_processor_data__rosidl_typesupport_fastrtps_cpp.hpp
[1.141s] -- Up-to-date symlink: /home/focal/Desktop/2024_GroundStation/install/uav_car_interfaces/include/uav_car_interfaces/msg/detail/t265_data__rosidl_typesupport_fastrtps_cpp.hpp
[1.142s] -- Up-to-date symlink: /home/focal/Desktop/2024_GroundStation/install/uav_car_interfaces/include/uav_car_interfaces/msg/rosidl_typesupport_fastrtps_cpp__visibility_control.h
[1.142s] -- Up-to-date symlink: /home/focal/Desktop/2024_GroundStation/install/uav_car_interfaces/include/uav_car_interfaces/srv/detail/control_service__rosidl_typesupport_fastrtps_cpp.hpp
[1.143s] -- Up-to-date symlink: /home/focal/Desktop/2024_GroundStation/install/uav_car_interfaces/lib/libuav_car_interfaces__rosidl_typesupport_fastrtps_cpp.so
[1.143s] -- Up-to-date symlink: /home/focal/Desktop/2024_GroundStation/install/uav_car_interfaces/include/uav_car_interfaces/msg/detail/image_processor_data__rosidl_typesupport_introspection_c.h
[1.144s] -- Up-to-date symlink: /home/focal/Desktop/2024_GroundStation/install/uav_car_interfaces/include/uav_car_interfaces/msg/detail/t265_data__rosidl_typesupport_introspection_c.h
[1.144s] -- Up-to-date symlink: /home/focal/Desktop/2024_GroundStation/install/uav_car_interfaces/include/uav_car_interfaces/msg/rosidl_typesupport_introspection_c__visibility_control.h
[1.145s] -- Up-to-date symlink: /home/focal/Desktop/2024_GroundStation/install/uav_car_interfaces/include/uav_car_interfaces/srv/detail/control_service__rosidl_typesupport_introspection_c.h
[1.146s] -- Up-to-date symlink: /home/focal/Desktop/2024_GroundStation/install/uav_car_interfaces/include/uav_car_interfaces/msg/detail/image_processor_data__builder.hpp
[1.146s] -- Up-to-date symlink: /home/focal/Desktop/2024_GroundStation/install/uav_car_interfaces/include/uav_car_interfaces/msg/detail/image_processor_data__struct.hpp
[1.146s] -- Up-to-date symlink: /home/focal/Desktop/2024_GroundStation/install/uav_car_interfaces/include/uav_car_interfaces/msg/detail/image_processor_data__traits.hpp
[1.147s] -- Up-to-date symlink: /home/focal/Desktop/2024_GroundStation/install/uav_car_interfaces/include/uav_car_interfaces/msg/detail/image_processor_data__type_support.hpp
[1.147s] -- Up-to-date symlink: /home/focal/Desktop/2024_GroundStation/install/uav_car_interfaces/include/uav_car_interfaces/msg/detail/t265_data__builder.hpp
[1.147s] -- Up-to-date symlink: /home/focal/Desktop/2024_GroundStation/install/uav_car_interfaces/include/uav_car_interfaces/msg/detail/t265_data__struct.hpp
[1.148s] -- Up-to-date symlink: /home/focal/Desktop/2024_GroundStation/install/uav_car_interfaces/include/uav_car_interfaces/msg/detail/t265_data__traits.hpp
[1.148s] -- Up-to-date symlink: /home/focal/Desktop/2024_GroundStation/install/uav_car_interfaces/include/uav_car_interfaces/msg/detail/t265_data__type_support.hpp
[1.149s] -- Up-to-date symlink: /home/focal/Desktop/2024_GroundStation/install/uav_car_interfaces/include/uav_car_interfaces/msg/image_processor_data.hpp
[1.149s] -- Up-to-date symlink: /home/focal/Desktop/2024_GroundStation/install/uav_car_interfaces/include/uav_car_interfaces/msg/rosidl_generator_cpp__visibility_control.hpp
[1.149s] -- Up-to-date symlink: /home/focal/Desktop/2024_GroundStation/install/uav_car_interfaces/include/uav_car_interfaces/msg/t265_data.hpp
[1.150s] -- Up-to-date symlink: /home/focal/Desktop/2024_GroundStation/install/uav_car_interfaces/include/uav_car_interfaces/srv/control_service.hpp
[1.150s] -- Up-to-date symlink: /home/focal/Desktop/2024_GroundStation/install/uav_car_interfaces/include/uav_car_interfaces/srv/detail/control_service__builder.hpp
[1.151s] -- Up-to-date symlink: /home/focal/Desktop/2024_GroundStation/install/uav_car_interfaces/include/uav_car_interfaces/srv/detail/control_service__struct.hpp
[1.151s] -- Up-to-date symlink: /home/focal/Desktop/2024_GroundStation/install/uav_car_interfaces/include/uav_car_interfaces/srv/detail/control_service__traits.hpp
[1.152s] -- Up-to-date symlink: /home/focal/Desktop/2024_GroundStation/install/uav_car_interfaces/include/uav_car_interfaces/srv/detail/control_service__type_support.hpp
[1.153s] -- Up-to-date symlink: /home/focal/Desktop/2024_GroundStation/install/uav_car_interfaces/include/uav_car_interfaces/msg/detail/image_processor_data__rosidl_typesupport_introspection_cpp.hpp
[1.153s] -- Up-to-date symlink: /home/focal/Desktop/2024_GroundStation/install/uav_car_interfaces/include/uav_car_interfaces/msg/detail/t265_data__rosidl_typesupport_introspection_cpp.hpp
[1.154s] -- Up-to-date symlink: /home/focal/Desktop/2024_GroundStation/install/uav_car_interfaces/include/uav_car_interfaces/srv/detail/control_service__rosidl_typesupport_introspection_cpp.hpp
[1.159s] -- Up-to-date symlink: /home/focal/Desktop/2024_GroundStation/install/uav_car_interfaces/share/uav_car_interfaces/environment/pythonpath.sh
[1.159s] -- Up-to-date symlink: /home/focal/Desktop/2024_GroundStation/install/uav_car_interfaces/share/uav_car_interfaces/environment/pythonpath.dsv
[1.159s] -- Up-to-date symlink: /home/focal/Desktop/2024_GroundStation/install/uav_car_interfaces/lib/python3.8/site-packages/uav_car_interfaces/__init__.py
[1.160s] -- Up-to-date symlink: /home/focal/Desktop/2024_GroundStation/install/uav_car_interfaces/lib/python3.8/site-packages/uav_car_interfaces/msg/__init__.py
[1.160s] -- Up-to-date symlink: /home/focal/Desktop/2024_GroundStation/install/uav_car_interfaces/lib/python3.8/site-packages/uav_car_interfaces/msg/_image_processor_data.py
[1.160s] -- Up-to-date symlink: /home/focal/Desktop/2024_GroundStation/install/uav_car_interfaces/lib/python3.8/site-packages/uav_car_interfaces/msg/_t265_data.py
[1.160s] -- Up-to-date symlink: /home/focal/Desktop/2024_GroundStation/install/uav_car_interfaces/lib/python3.8/site-packages/uav_car_interfaces/srv/__init__.py
[1.160s] -- Up-to-date symlink: /home/focal/Desktop/2024_GroundStation/install/uav_car_interfaces/lib/python3.8/site-packages/uav_car_interfaces/srv/_control_service.py
[1.161s] -- Up-to-date symlink: /home/focal/Desktop/2024_GroundStation/install/uav_car_interfaces/lib/python3.8/site-packages/uav_car_interfaces/uav_car_interfaces_s__rosidl_typesupport_fastrtps_c.cpython-38-x86_64-linux-gnu.so
[1.170s] -- Up-to-date symlink: /home/focal/Desktop/2024_GroundStation/install/uav_car_interfaces/lib/python3.8/site-packages/uav_car_interfaces/uav_car_interfaces_s__rosidl_typesupport_introspection_c.cpython-38-x86_64-linux-gnu.so
[1.170s] -- Up-to-date symlink: /home/focal/Desktop/2024_GroundStation/install/uav_car_interfaces/lib/python3.8/site-packages/uav_car_interfaces/uav_car_interfaces_s__rosidl_typesupport_c.cpython-38-x86_64-linux-gnu.so
[1.170s] -- Up-to-date symlink: /home/focal/Desktop/2024_GroundStation/install/uav_car_interfaces/lib/libuav_car_interfaces__python.so
[1.170s] -- Up-to-date symlink: /home/focal/Desktop/2024_GroundStation/install/uav_car_interfaces/share/uav_car_interfaces/msg/T265Data.idl
[1.170s] -- Up-to-date symlink: /home/focal/Desktop/2024_GroundStation/install/uav_car_interfaces/share/uav_car_interfaces/msg/ImageProcessorData.idl
[1.170s] -- Up-to-date symlink: /home/focal/Desktop/2024_GroundStation/install/uav_car_interfaces/share/uav_car_interfaces/srv/ControlService.idl
[1.170s] -- Up-to-date symlink: /home/focal/Desktop/2024_GroundStation/install/uav_car_interfaces/share/uav_car_interfaces/msg/T265Data.msg
[1.170s] -- Up-to-date symlink: /home/focal/Desktop/2024_GroundStation/install/uav_car_interfaces/share/uav_car_interfaces/msg/ImageProcessorData.msg
[1.171s] -- Up-to-date symlink: /home/focal/Desktop/2024_GroundStation/install/uav_car_interfaces/share/uav_car_interfaces/srv/ControlService.srv
[1.171s] -- Up-to-date symlink: /home/focal/Desktop/2024_GroundStation/install/uav_car_interfaces/share/uav_car_interfaces/srv/ControlService_Request.msg
[1.171s] -- Up-to-date symlink: /home/focal/Desktop/2024_GroundStation/install/uav_car_interfaces/share/uav_car_interfaces/srv/ControlService_Response.msg
[1.177s] -- Up-to-date symlink: /home/focal/Desktop/2024_GroundStation/install/uav_car_interfaces/share/ament_index/resource_index/package_run_dependencies/uav_car_interfaces
[1.179s] -- Up-to-date symlink: /home/focal/Desktop/2024_GroundStation/install/uav_car_interfaces/share/ament_index/resource_index/parent_prefix_path/uav_car_interfaces
[1.179s] -- Up-to-date symlink: /home/focal/Desktop/2024_GroundStation/install/uav_car_interfaces/share/uav_car_interfaces/environment/ament_prefix_path.sh
[1.179s] -- Up-to-date symlink: /home/focal/Desktop/2024_GroundStation/install/uav_car_interfaces/share/uav_car_interfaces/environment/ament_prefix_path.dsv
[1.180s] -- Up-to-date symlink: /home/focal/Desktop/2024_GroundStation/install/uav_car_interfaces/share/uav_car_interfaces/environment/path.sh
[1.181s] -- Up-to-date symlink: /home/focal/Desktop/2024_GroundStation/install/uav_car_interfaces/share/uav_car_interfaces/environment/path.dsv
[1.182s] -- Up-to-date symlink: /home/focal/Desktop/2024_GroundStation/install/uav_car_interfaces/share/uav_car_interfaces/local_setup.bash
[1.182s] -- Up-to-date symlink: /home/focal/Desktop/2024_GroundStation/install/uav_car_interfaces/share/uav_car_interfaces/local_setup.sh
[1.183s] -- Up-to-date symlink: /home/focal/Desktop/2024_GroundStation/install/uav_car_interfaces/share/uav_car_interfaces/local_setup.zsh
[1.184s] -- Up-to-date symlink: /home/focal/Desktop/2024_GroundStation/install/uav_car_interfaces/share/uav_car_interfaces/local_setup.dsv
[1.184s] -- Symlinking: /home/focal/Desktop/2024_GroundStation/install/uav_car_interfaces/share/uav_car_interfaces/package.dsv
[1.204s] -- Up-to-date symlink: /home/focal/Desktop/2024_GroundStation/install/uav_car_interfaces/share/ament_index/resource_index/packages/uav_car_interfaces
[1.206s] -- Up-to-date symlink: /home/focal/Desktop/2024_GroundStation/install/uav_car_interfaces/share/uav_car_interfaces/cmake/rosidl_cmake-extras.cmake
[1.206s] -- Up-to-date symlink: /home/focal/Desktop/2024_GroundStation/install/uav_car_interfaces/share/uav_car_interfaces/cmake/ament_cmake_export_dependencies-extras.cmake
[1.206s] -- Up-to-date symlink: /home/focal/Desktop/2024_GroundStation/install/uav_car_interfaces/share/uav_car_interfaces/cmake/ament_cmake_export_libraries-extras.cmake
[1.206s] -- Up-to-date symlink: /home/focal/Desktop/2024_GroundStation/install/uav_car_interfaces/share/uav_car_interfaces/cmake/ament_cmake_export_targets-extras.cmake
[1.206s] -- Up-to-date symlink: /home/focal/Desktop/2024_GroundStation/install/uav_car_interfaces/share/uav_car_interfaces/cmake/ament_cmake_export_include_directories-extras.cmake
[1.207s] -- Up-to-date symlink: /home/focal/Desktop/2024_GroundStation/install/uav_car_interfaces/share/uav_car_interfaces/cmake/rosidl_cmake_export_typesupport_libraries-extras.cmake
[1.209s] -- Up-to-date symlink: /home/focal/Desktop/2024_GroundStation/install/uav_car_interfaces/share/uav_car_interfaces/cmake/rosidl_cmake_export_typesupport_targets-extras.cmake
[1.210s] -- Up-to-date symlink: /home/focal/Desktop/2024_GroundStation/install/uav_car_interfaces/share/uav_car_interfaces/cmake/uav_car_interfacesConfig.cmake
[1.211s] -- Up-to-date symlink: /home/focal/Desktop/2024_GroundStation/install/uav_car_interfaces/share/uav_car_interfaces/cmake/uav_car_interfacesConfig-version.cmake
[1.212s] -- Up-to-date symlink: /home/focal/Desktop/2024_GroundStation/install/uav_car_interfaces/share/uav_car_interfaces/package.xml
[1.212s] -- Up-to-date: /home/focal/Desktop/2024_GroundStation/install/uav_car_interfaces/lib/libuav_car_interfaces__rosidl_generator_c.so
[1.214s] -- Up-to-date: /home/focal/Desktop/2024_GroundStation/install/uav_car_interfaces/lib/libuav_car_interfaces__rosidl_typesupport_introspection_c.so
[1.215s] -- Up-to-date: /home/focal/Desktop/2024_GroundStation/install/uav_car_interfaces/lib/libuav_car_interfaces__rosidl_typesupport_c.so
[1.217s] -- Up-to-date: /home/focal/Desktop/2024_GroundStation/install/uav_car_interfaces/lib/libuav_car_interfaces__rosidl_typesupport_introspection_cpp.so
[1.218s] -- Up-to-date: /home/focal/Desktop/2024_GroundStation/install/uav_car_interfaces/lib/libuav_car_interfaces__rosidl_typesupport_cpp.so
[1.264s] -- Up-to-date: /home/focal/Desktop/2024_GroundStation/install/uav_car_interfaces/share/uav_car_interfaces/cmake/uav_car_interfaces__rosidl_generator_cExport.cmake
[1.264s] -- Up-to-date: /home/focal/Desktop/2024_GroundStation/install/uav_car_interfaces/share/uav_car_interfaces/cmake/uav_car_interfaces__rosidl_generator_cExport-noconfig.cmake
[1.265s] -- Up-to-date: /home/focal/Desktop/2024_GroundStation/install/uav_car_interfaces/share/uav_car_interfaces/cmake/uav_car_interfaces__rosidl_typesupport_introspection_cExport.cmake
[1.265s] -- Up-to-date: /home/focal/Desktop/2024_GroundStation/install/uav_car_interfaces/share/uav_car_interfaces/cmake/uav_car_interfaces__rosidl_typesupport_introspection_cExport-noconfig.cmake
[1.266s] -- Up-to-date: /home/focal/Desktop/2024_GroundStation/install/uav_car_interfaces/share/uav_car_interfaces/cmake/uav_car_interfaces__rosidl_typesupport_cExport.cmake
[1.267s] -- Up-to-date: /home/focal/Desktop/2024_GroundStation/install/uav_car_interfaces/share/uav_car_interfaces/cmake/uav_car_interfaces__rosidl_typesupport_cExport-noconfig.cmake
[1.267s] -- Up-to-date: /home/focal/Desktop/2024_GroundStation/install/uav_car_interfaces/share/uav_car_interfaces/cmake/uav_car_interfaces__rosidl_generator_cppExport.cmake
[1.268s] -- Up-to-date: /home/focal/Desktop/2024_GroundStation/install/uav_car_interfaces/share/uav_car_interfaces/cmake/uav_car_interfaces__rosidl_typesupport_introspection_cppExport.cmake
[1.269s] -- Up-to-date: /home/focal/Desktop/2024_GroundStation/install/uav_car_interfaces/share/uav_car_interfaces/cmake/uav_car_interfaces__rosidl_typesupport_introspection_cppExport-noconfig.cmake
[1.270s] -- Up-to-date: /home/focal/Desktop/2024_GroundStation/install/uav_car_interfaces/share/uav_car_interfaces/cmake/uav_car_interfaces__rosidl_typesupport_cppExport.cmake
[1.270s] -- Up-to-date: /home/focal/Desktop/2024_GroundStation/install/uav_car_interfaces/share/uav_car_interfaces/cmake/uav_car_interfaces__rosidl_typesupport_cppExport-noconfig.cmake
[1.278s] Invoked command in '/home/focal/Desktop/2024_GroundStation/build/uav_car_interfaces' returned '0': CMAKE_PREFIX_PATH=/opt/ros/foxy /usr/bin/cmake --install /home/focal/Desktop/2024_GroundStation/build/uav_car_interfaces
