1775396646.9677198 [INFO] [launch]: All log files can be found below /home/focal/Desktop/2024_GroundStation/run_log/2026-04-05-06-44-06-963657-ubuntu-37378
1775396646.9681339 [INFO] [launch]: Default logging verbosity is set to INFO
1775396647.0711730 [INFO] [myMain-1]: process started with pid [37380]
1775396647.0715015 [INFO] [navNode-2]: process started with pid [37382]
1775396647.4340069 [navNode-2] [INFO] [1775396647.433568129] [navNode]: paths: [
1775396647.4342446 [navNode-2]   {"x": 0.00, "y": 0.00, "z": 0.70, "label": "TakeOff", "qrcode": "", "label2": ""       , "qrcode2": "" },
1775396647.4343033 [navNode-2]   {"x":-0.25, "y": 0.75, "z": 0.80, "label": "A6"     , "qrcode": "", "label2": ""       , "qrcode2": "" },
1775396647.4343469 [navNode-2]   {"x":-0.25, "y": 0.75, "z": 1.20, "label": "A3"     , "qrcode": "", "label2": ""       , "qrcode2": "" },
1775396647.4343939 [navNode-2]   {"x":-0.25, "y": 1.25, "z": 1.20, "label": "A2"     , "qrcode": "", "label2": ""       , "qrcode2": "" },
1775396647.4344332 [navNode-2]   {"x":-0.25, "y": 1.25, "z": 0.80, "label": "A5"     , "qrcode": "", "label2": ""       , "qrcode2": "" },
1775396647.4344769 [navNode-2]   {"x":-0.25, "y": 1.75, "z": 0.80, "label": "A4"     , "qrcode": "", "label2": ""       , "qrcode2": "" },
1775396647.4345148 [navNode-2]   {"x":-0.25, "y": 1.75, "z": 1.20, "label": "A1"     , "qrcode": "", "label2": ""       , "qrcode2": "" },
1775396647.4345634 [navNode-2]   {"x":-0.25, "y": 2.00, "z": 0.70, "label": "UpSide1", "qrcode": "", "label2": ""       , "qrcode2": "" },
1775396647.4346037 [navNode-2]   {"x": 0.75, "y": 2.00, "z": 0.70, "label": "LandPos", "qrcode": "", "label2": ""       , "qrcode2": "" }
1775396647.4346433 [navNode-2] ]
1775396647.4347413 [navNode-2] 
1775396647.4434392 [navNode-2] [INFO] [1775396647.443117066] [navNode]: 上位机导航节点启动成功
1775396648.3145957 [myMain-1] [INFO] [1775396648.313870039] [Ground]: ros2 node launch success:Ground!
1775396649.8572307 [myMain-1] [INFO] [1775396649.856904300] [Ground]: 发送 scan_all 成功
1775396649.8583078 [navNode-2] [INFO] [1775396649.858000353] [navNode]: 收到来自UI的请求：scan_all
1775396649.8585806 [navNode-2] [WARN] [1775396649.858368619] [navNode]: 任务开始执行scan_all
1775396649.8618751 [myMain-1] [INFO] [1775396649.861473698] [Ground]: scan_all 响应成功 → 回复：scan_all
1775396655.4076531 [myMain-1] [INFO] [1775396655.407281741] [Ground]: 发送 shutdown-navNode 成功
1775396655.4080818 [navNode-2] [INFO] [1775396655.407656451] [navNode]: 收到来自UI的请求：shutdown-navNode
1775396655.4082568 [navNode-2] [WARN] [1775396655.408033376] [navNode]: navNodeshutdown-navNode
1775396656.0487964 [INFO] [myMain-1]: process has finished cleanly [pid 37380]
1775396659.5384939 [WARNING] [launch]: user interrupted with ctrl-c (SIGINT)
1775396659.5665693 [INFO] [navNode-2]: process has finished cleanly [pid 37382]
