1774602954.6934729 [INFO] [launch]: All log files can be found below /home/focal/Desktop/2024_GroundStation/run_log/2026-03-27-02-15-54-690371-ubuntu-3638
1774602954.6947773 [INFO] [launch]: Default logging verbosity is set to INFO
1774602954.7965794 [INFO] [logical-1]: process started with pid [3650]
1774602957.0869603 [logical-1] [INFO] [1774602957.086608322] [Ground]: ros2 node launch success:Ground!
1774602965.6470072 [logical-1] Traceback (most recent call last):
1774602965.6471808 [logical-1]   File "/home/focal/Desktop/2024_GroundStation/build/GroundStation/GroundStation/logical.py", line 82, in takeoff_confirm
1774602965.6472361 [logical-1]     if self.confidence > 0 and self.confidence < 3:
1774602965.6472666 [logical-1] AttributeError: 'UIController' object has no attribute 'confidence'
1774602966.3477321 [logical-1] Traceback (most recent call last):
1774602966.3480105 [logical-1]   File "/home/focal/Desktop/2024_GroundStation/build/GroundStation/GroundStation/logical.py", line 82, in takeoff_confirm
1774602966.3482587 [logical-1]     if self.confidence > 0 and self.confidence < 3:
1774602966.3483813 [logical-1] AttributeError: 'UIController' object has no attribute 'confidence'
1774602966.5314274 [logical-1] Traceback (most recent call last):
1774602966.5316496 [logical-1]   File "/home/focal/Desktop/2024_GroundStation/build/GroundStation/GroundStation/logical.py", line 82, in takeoff_confirm
1774602966.5317237 [logical-1]     if self.confidence > 0 and self.confidence < 3:
1774602966.5317738 [logical-1] AttributeError: 'UIController' object has no attribute 'confidence'
1774602966.6878097 [logical-1] Traceback (most recent call last):
1774602966.6879859 [logical-1]   File "/home/focal/Desktop/2024_GroundStation/build/GroundStation/GroundStation/logical.py", line 82, in takeoff_confirm
1774602966.6880476 [logical-1]     if self.confidence > 0 and self.confidence < 3:
1774602966.6880991 [logical-1] AttributeError: 'UIController' object has no attribute 'confidence'
1774602966.8451908 [logical-1] Traceback (most recent call last):
1774602966.8453591 [logical-1]   File "/home/focal/Desktop/2024_GroundStation/build/GroundStation/GroundStation/logical.py", line 82, in takeoff_confirm
1774602966.8454275 [logical-1]     if self.confidence > 0 and self.confidence < 3:
1774602966.8454814 [logical-1] AttributeError: 'UIController' object has no attribute 'confidence'
1774602967.0118198 [logical-1] Traceback (most recent call last):
1774602967.0120111 [logical-1]   File "/home/focal/Desktop/2024_GroundStation/build/GroundStation/GroundStation/logical.py", line 82, in takeoff_confirm
1774602967.0121455 [logical-1]     if self.confidence > 0 and self.confidence < 3:
1774602967.0122166 [logical-1] AttributeError: 'UIController' object has no attribute 'confidence'
1774602967.1868918 [logical-1] Traceback (most recent call last):
1774602967.1871145 [logical-1]   File "/home/focal/Desktop/2024_GroundStation/build/GroundStation/GroundStation/logical.py", line 82, in takeoff_confirm
1774602967.1872005 [logical-1]     if self.confidence > 0 and self.confidence < 3:
1774602967.1872623 [logical-1] AttributeError: 'UIController' object has no attribute 'confidence'
1774602996.2614589 [WARNING] [launch]: user interrupted with ctrl-c (SIGINT)
1774602996.6118062 [WARNING] [launch]: user interrupted with ctrl-c (SIGINT) again, ignoring...
1774602996.8473084 [WARNING] [launch]: user interrupted with ctrl-c (SIGINT) again, ignoring...
1774603001.2688296 [ERROR] [logical-1]: process[logical-1] failed to terminate '5' seconds after receiving 'SIGINT', escalating to 'SIGTERM'
1774603001.2694247 [INFO] [logical-1]: sending signal 'SIGTERM' to process[logical-1]
1774603001.2997534 [ERROR] [logical-1]: process has died [pid 3650, exit code -15, cmd '/home/focal/Desktop/2024_GroundStation/install/GroundStation/lib/GroundStation/logical --ros-args'].
