1774529190.6625195 [INFO] [launch]: All log files can be found below /home/focal/Desktop/2024_GroundStation/run_log/2026-03-26-05-46-30-658377-ubuntu-11747
1774529190.6630142 [INFO] [launch]: Default logging verbosity is set to INFO
1774529190.8077457 [INFO] [logical-1]: process started with pid [11772]
1774529191.2914271 [logical-1] Traceback (most recent call last):
1774529191.2916837 [logical-1]   File "/home/focal/Desktop/2024_GroundStation/install/GroundStation/lib/GroundStation/logical", line 11, in <module>
1774529191.2917616 [logical-1]     load_entry_point('GroundStation', 'console_scripts', 'logical')()
1774529191.2918139 [logical-1]   File "/usr/lib/python3/dist-packages/pkg_resources/__init__.py", line 490, in load_entry_point
1774529191.2918525 [logical-1]     return get_distribution(dist).load_entry_point(group, name)
1774529191.2918890 [logical-1]   File "/usr/lib/python3/dist-packages/pkg_resources/__init__.py", line 2854, in load_entry_point
1774529191.2919259 [logical-1]     return ep.load()
1774529191.2919636 [logical-1]   File "/usr/lib/python3/dist-packages/pkg_resources/__init__.py", line 2445, in load
1774529191.2919998 [logical-1]     return self.resolve()
1774529191.2920356 [logical-1]   File "/usr/lib/python3/dist-packages/pkg_resources/__init__.py", line 2451, in resolve
1774529191.2920706 [logical-1]     module = __import__(self.module_name, fromlist=['__name__'], level=0)
1774529191.2921064 [logical-1]   File "/home/focal/Desktop/2024_GroundStation/build/GroundStation/GroundStation/logical.py", line 11, in <module>
1774529191.2921419 [logical-1]     from GroundStation.myUI import *
1774529191.2921813 [logical-1]   File "/home/focal/Desktop/2024_GroundStation/build/GroundStation/GroundStation/myUI/__init__.py", line 3, in <module>
1774529191.2922332 [logical-1]     from .Ui_show import Ui_Dialog
1774529191.2924633 [logical-1] ImportError: cannot import name 'Ui_Dialog' from 'GroundStation.myUI.Ui_show' (/home/focal/Desktop/2024_GroundStation/build/GroundStation/GroundStation/myUI/Ui_show.py)
1774529191.3365455 [ERROR] [logical-1]: process has died [pid 11772, exit code 1, cmd '/home/focal/Desktop/2024_GroundStation/install/GroundStation/lib/GroundStation/logical --ros-args'].
