1775396786.8265116 [INFO] [launch]: All log files can be found below /home/focal/Desktop/2024_GroundStation/run_log/2026-04-05-06-46-26-821851-ubuntu-37701
1775396786.8270164 [INFO] [launch]: Default logging verbosity is set to INFO
1775396786.9481814 [INFO] [myMain-1]: process started with pid [37708]
1775396786.9485438 [INFO] [navNode-2]: process started with pid [37711]
1775396787.5733542 [navNode-2] [INFO] [1775396787.572692437] [navNode]: paths: [
1775396787.5741057 [navNode-2]   {"x": 0.00, "y": 0.00, "z": 0.70, "label": "TakeOff", "qrcode": "", "label2": ""       , "qrcode2": "" },
1775396787.5743568 [navNode-2]   {"x":-0.25, "y": 0.75, "z": 0.80, "label": "A6"     , "qrcode": "", "label2": ""       , "qrcode2": "" },
1775396787.5746009 [navNode-2]   {"x":-0.25, "y": 0.75, "z": 1.20, "label": "A3"     , "qrcode": "", "label2": ""       , "qrcode2": "" },
1775396787.5748100 [navNode-2]   {"x":-0.25, "y": 1.25, "z": 1.20, "label": "A2"     , "qrcode": "", "label2": ""       , "qrcode2": "" },
1775396787.5749860 [navNode-2]   {"x":-0.25, "y": 1.25, "z": 0.80, "label": "A5"     , "qrcode": "", "label2": ""       , "qrcode2": "" },
1775396787.5751576 [navNode-2]   {"x":-0.25, "y": 1.75, "z": 0.80, "label": "A4"     , "qrcode": "", "label2": ""       , "qrcode2": "" },
1775396787.5753307 [navNode-2]   {"x":-0.25, "y": 1.75, "z": 1.20, "label": "A1"     , "qrcode": "", "label2": ""       , "qrcode2": "" },
1775396787.5754955 [navNode-2]   {"x":-0.25, "y": 2.00, "z": 0.70, "label": "UpSide1", "qrcode": "", "label2": ""       , "qrcode2": "" },
1775396787.5756700 [navNode-2]   {"x": 0.75, "y": 2.00, "z": 0.70, "label": "LandPos", "qrcode": "", "label2": ""       , "qrcode2": "" }
1775396787.5758460 [navNode-2] ]
1775396787.5761161 [navNode-2] 
1775396787.5836737 [navNode-2] [INFO] [1775396787.583206967] [navNode]: 上位机导航节点启动成功
1775396788.2074642 [myMain-1] [INFO] [1775396788.206935604] [Ground]: ros2 node launch success:Ground!
1775396791.4706964 [myMain-1] [INFO] [1775396791.469831007] [Ground]: 发送 scan_all 成功
1775396791.4712553 [navNode-2] [INFO] [1775396791.470838005] [navNode]: 收到来自UI的请求：scan_all
1775396791.4718039 [navNode-2] [WARN] [1775396791.471637617] [navNode]: 任务开始执行scan_all
1775396791.4737782 [myMain-1] [INFO] [1775396791.473639938] [Ground]: scan_all 响应成功 → 回复：scan_all
1775396791.5727148 [navNode-2] [INFO] [1775396791.572428188] [navNode]: 状态1：Takeoff--[TakeOff]
1775396791.8238502 [navNode-2] [ERROR] [1775396791.823510787] [navNode]: 发送 takeoff 失败: ROS2 服务 [ControlService] 未启动或超时
1775396791.8250072 [navNode-2] [INFO] [1775396791.824775413] [navNode]: 状态2：Takeoff_wait--[TakeOff]
1775396791.8252378 [navNode-2] [INFO] [1775396791.825110316] [navNode]: 未到目标点
1775396791.8252902 [navNode-2] 目标位置:(0.0, 0.0, 0.7)-[TakeOff]-[MCU:False]-[POS:False]
1775396791.8253241 [navNode-2] 当前位置:(0.0, 0.0, 0.0)
1775396791.8727298 [navNode-2] [INFO] [1775396791.872332496] [navNode]: 状态2：Takeoff_wait--[TakeOff]
1775396791.8730965 [navNode-2] [INFO] [1775396791.872719060] [navNode]: 未到目标点
1775396791.8731570 [navNode-2] 目标位置:(0.0, 0.0, 0.7)-[TakeOff]-[MCU:False]-[POS:False]
1775396791.8732166 [navNode-2] 当前位置:(0.0, 0.0, 0.0)
1775396791.9730041 [navNode-2] [INFO] [1775396791.972653052] [navNode]: 状态2：Takeoff_wait--[TakeOff]
1775396791.9733870 [navNode-2] [INFO] [1775396791.973043958] [navNode]: 未到目标点
1775396791.9734828 [navNode-2] 目标位置:(0.0, 0.0, 0.7)-[TakeOff]-[MCU:False]-[POS:False]
1775396791.9735718 [navNode-2] 当前位置:(0.0, 0.0, 0.0)
1775396792.0724940 [navNode-2] [INFO] [1775396792.072168634] [navNode]: 状态2：Takeoff_wait--[TakeOff]
1775396792.0729139 [navNode-2] [INFO] [1775396792.072547346] [navNode]: 未到目标点
1775396792.0729966 [navNode-2] 目标位置:(0.0, 0.0, 0.7)-[TakeOff]-[MCU:False]-[POS:False]
1775396792.0730407 [navNode-2] 当前位置:(0.0, 0.0, 0.0)
1775396792.1725209 [navNode-2] [INFO] [1775396792.172231209] [navNode]: 状态2：Takeoff_wait--[TakeOff]
1775396792.1728501 [navNode-2] [INFO] [1775396792.172591017] [navNode]: 未到目标点
1775396792.1729374 [navNode-2] 目标位置:(0.0, 0.0, 0.7)-[TakeOff]-[MCU:False]-[POS:False]
1775396792.1729827 [navNode-2] 当前位置:(0.0, 0.0, 0.0)
1775396792.2727826 [navNode-2] [INFO] [1775396792.272419889] [navNode]: 状态2：Takeoff_wait--[TakeOff]
1775396792.2731426 [navNode-2] [INFO] [1775396792.272798420] [navNode]: 未到目标点
1775396792.2732208 [navNode-2] 目标位置:(0.0, 0.0, 0.7)-[TakeOff]-[MCU:False]-[POS:False]
1775396792.2732594 [navNode-2] 当前位置:(0.0, 0.0, 0.0)
1775396792.3730202 [navNode-2] [INFO] [1775396792.372546305] [navNode]: 状态2：Takeoff_wait--[TakeOff]
1775396792.3735218 [navNode-2] [INFO] [1775396792.373233645] [navNode]: 未到目标点
1775396792.3736606 [navNode-2] 目标位置:(0.0, 0.0, 0.7)-[TakeOff]-[MCU:False]-[POS:False]
1775396792.3737283 [navNode-2] 当前位置:(0.0, 0.0, 0.0)
1775396792.4726698 [navNode-2] [INFO] [1775396792.472301055] [navNode]: 状态2：Takeoff_wait--[TakeOff]
1775396792.4730504 [navNode-2] [INFO] [1775396792.472678366] [navNode]: 未到目标点
1775396792.4731438 [navNode-2] 目标位置:(0.0, 0.0, 0.7)-[TakeOff]-[MCU:False]-[POS:False]
1775396792.4731886 [navNode-2] 当前位置:(0.0, 0.0, 0.0)
1775396792.5724969 [navNode-2] [INFO] [1775396792.572120428] [navNode]: 状态2：Takeoff_wait--[TakeOff]
1775396792.5728679 [navNode-2] [INFO] [1775396792.572498842] [navNode]: 未到目标点
1775396792.5729611 [navNode-2] 目标位置:(0.0, 0.0, 0.7)-[TakeOff]-[MCU:False]-[POS:False]
1775396792.5730069 [navNode-2] 当前位置:(0.0, 0.0, 0.0)
1775396792.6724315 [navNode-2] [INFO] [1775396792.672091145] [navNode]: 状态2：Takeoff_wait--[TakeOff]
1775396792.6727743 [navNode-2] [INFO] [1775396792.672464483] [navNode]: 未到目标点
1775396792.6728523 [navNode-2] 目标位置:(0.0, 0.0, 0.7)-[TakeOff]-[MCU:False]-[POS:False]
1775396792.6729143 [navNode-2] 当前位置:(0.0, 0.0, 0.0)
1775396792.7723560 [navNode-2] [INFO] [1775396792.771992523] [navNode]: 状态2：Takeoff_wait--[TakeOff]
1775396792.7727053 [navNode-2] [INFO] [1775396792.772397858] [navNode]: 未到目标点
1775396792.7727895 [navNode-2] 目标位置:(0.0, 0.0, 0.7)-[TakeOff]-[MCU:False]-[POS:False]
1775396792.7728524 [navNode-2] 当前位置:(0.0, 0.0, 0.0)
1775396792.8726304 [navNode-2] [INFO] [1775396792.872242467] [navNode]: 状态2：Takeoff_wait--[TakeOff]
1775396792.8729992 [navNode-2] [INFO] [1775396792.872794107] [navNode]: 未到目标点
1775396792.8730876 [navNode-2] 目标位置:(0.0, 0.0, 0.7)-[TakeOff]-[MCU:False]-[POS:False]
1775396792.8731513 [navNode-2] 当前位置:(0.0, 0.0, 0.0)
1775396792.9725204 [navNode-2] [INFO] [1775396792.972214134] [navNode]: 状态2：Takeoff_wait--[TakeOff]
1775396792.9728765 [navNode-2] [INFO] [1775396792.972603070] [navNode]: 未到目标点
1775396792.9729877 [navNode-2] 目标位置:(0.0, 0.0, 0.7)-[TakeOff]-[MCU:False]-[POS:False]
1775396792.9730563 [navNode-2] 当前位置:(0.0, 0.0, 0.0)
1775396793.0724010 [navNode-2] [INFO] [1775396793.072120806] [navNode]: 状态2：Takeoff_wait--[TakeOff]
1775396793.0727565 [navNode-2] [INFO] [1775396793.072518308] [navNode]: 未到目标点
1775396793.0728810 [navNode-2] 目标位置:(0.0, 0.0, 0.7)-[TakeOff]-[MCU:False]-[POS:False]
1775396793.0729289 [navNode-2] 当前位置:(0.0, 0.0, 0.0)
1775396793.1726148 [navNode-2] [INFO] [1775396793.172223599] [navNode]: 状态2：Takeoff_wait--[TakeOff]
1775396793.1729982 [navNode-2] [INFO] [1775396793.172656944] [navNode]: 未到目标点
1775396793.1730528 [navNode-2] 目标位置:(0.0, 0.0, 0.7)-[TakeOff]-[MCU:False]-[POS:False]
1775396793.1731071 [navNode-2] 当前位置:(0.0, 0.0, 0.0)
1775396793.2722907 [navNode-2] [INFO] [1775396793.271942845] [navNode]: 状态2：Takeoff_wait--[TakeOff]
1775396793.2726357 [navNode-2] [INFO] [1775396793.272331841] [navNode]: 未到目标点
1775396793.2727342 [navNode-2] 目标位置:(0.0, 0.0, 0.7)-[TakeOff]-[MCU:False]-[POS:False]
1775396793.2727792 [navNode-2] 当前位置:(0.0, 0.0, 0.0)
1775396793.3728733 [navNode-2] [INFO] [1775396793.372489340] [navNode]: 状态2：Takeoff_wait--[TakeOff]
1775396793.3732128 [navNode-2] [INFO] [1775396793.372912868] [navNode]: 未到目标点
1775396793.3732965 [navNode-2] 目标位置:(0.0, 0.0, 0.7)-[TakeOff]-[MCU:False]-[POS:False]
1775396793.3733602 [navNode-2] 当前位置:(0.0, 0.0, 0.0)
1775396793.4722121 [navNode-2] [INFO] [1775396793.471934797] [navNode]: 状态2：Takeoff_wait--[TakeOff]
1775396793.4725473 [navNode-2] [INFO] [1775396793.472332591] [navNode]: 未到目标点
1775396793.4726088 [navNode-2] 目标位置:(0.0, 0.0, 0.7)-[TakeOff]-[MCU:False]-[POS:False]
1775396793.4726462 [navNode-2] 当前位置:(0.0, 0.0, 0.0)
1775396793.5728993 [navNode-2] [INFO] [1775396793.572488456] [navNode]: 状态2：Takeoff_wait--[TakeOff]
1775396793.5732896 [navNode-2] [INFO] [1775396793.572901485] [navNode]: 未到目标点
1775396793.5733964 [navNode-2] 目标位置:(0.0, 0.0, 0.7)-[TakeOff]-[MCU:False]-[POS:False]
1775396793.5734608 [navNode-2] 当前位置:(0.0, 0.0, 0.0)
1775396793.6723123 [navNode-2] [INFO] [1775396793.672008705] [navNode]: 状态2：Takeoff_wait--[TakeOff]
1775396793.6727524 [navNode-2] [INFO] [1775396793.672649984] [navNode]: 未到目标点
1775396793.6728530 [navNode-2] 目标位置:(0.0, 0.0, 0.7)-[TakeOff]-[MCU:False]-[POS:False]
1775396793.6728973 [navNode-2] 当前位置:(0.0, 0.0, 0.0)
1775396793.7726042 [navNode-2] [INFO] [1775396793.772174722] [navNode]: 状态2：Takeoff_wait--[TakeOff]
1775396793.7734120 [navNode-2] [INFO] [1775396793.772637118] [navNode]: 未到目标点
1775396793.7734835 [navNode-2] 目标位置:(0.0, 0.0, 0.7)-[TakeOff]-[MCU:False]-[POS:False]
1775396793.7735240 [navNode-2] 当前位置:(0.0, 0.0, 0.0)
1775396793.8725355 [navNode-2] [INFO] [1775396793.872250337] [navNode]: 状态2：Takeoff_wait--[TakeOff]
1775396793.8728917 [navNode-2] [INFO] [1775396793.872624733] [navNode]: 未到目标点
1775396793.8729577 [navNode-2] 目标位置:(0.0, 0.0, 0.7)-[TakeOff]-[MCU:False]-[POS:False]
1775396793.8729949 [navNode-2] 当前位置:(0.0, 0.0, 0.0)
1775396793.9725282 [navNode-2] [INFO] [1775396793.972159141] [navNode]: 状态2：Takeoff_wait--[TakeOff]
1775396793.9728739 [navNode-2] [INFO] [1775396793.972530462] [navNode]: 未到目标点
1775396793.9729664 [navNode-2] 目标位置:(0.0, 0.0, 0.7)-[TakeOff]-[MCU:False]-[POS:False]
1775396793.9730237 [navNode-2] 当前位置:(0.0, 0.0, 0.0)
1775396794.0725353 [navNode-2] [INFO] [1775396794.072221138] [navNode]: 状态2：Takeoff_wait--[TakeOff]
1775396794.0729511 [navNode-2] [INFO] [1775396794.072616679] [navNode]: 未到目标点
1775396794.0730381 [navNode-2] 目标位置:(0.0, 0.0, 0.7)-[TakeOff]-[MCU:False]-[POS:False]
1775396794.0730872 [navNode-2] 当前位置:(0.0, 0.0, 0.0)
1775396794.1661623 [myMain-1] [INFO] [1775396794.165837377] [Ground]: 发送 shutdown-navNode 成功
1775396794.1668684 [navNode-2] [INFO] [1775396794.166615124] [navNode]: 收到来自UI的请求：shutdown-navNode
1775396794.1671221 [navNode-2] [WARN] [1775396794.167050583] [navNode]: navNodeshutdown-navNode
1775396794.1722729 [navNode-2] [INFO] [1775396794.172068088] [navNode]: 状态8：End--[任务结束]
1775396794.7950919 [INFO] [myMain-1]: process has finished cleanly [pid 37708]
1775396797.1946230 [WARNING] [launch]: user interrupted with ctrl-c (SIGINT)
1775396797.2215881 [INFO] [navNode-2]: process has finished cleanly [pid 37711]
