[0.000000] (-) TimerEvent: {}
[0.003672] (GroundStation) JobQueued: {'identifier': 'GroundStation', 'dependencies': OrderedDict()}
[0.003802] (ros2_pyqt_turtlesim_key) JobQueued: {'identifier': 'ros2_pyqt_turtlesim_key', 'dependencies': OrderedDict()}
[0.003865] (uav_car_interfaces) JobQueued: {'identifier': 'uav_car_interfaces', 'dependencies': OrderedDict()}
[0.003912] (GroundStation) JobStarted: {'identifier': 'GroundStation'}
[0.026013] (ros2_pyqt_turtlesim_key) JobStarted: {'identifier': 'ros2_pyqt_turtlesim_key'}
[0.039327] (uav_car_interfaces) JobStarted: {'identifier': 'uav_car_interfaces'}
[0.100416] (-) TimerEvent: {}
[0.202112] (-) TimerEvent: {}
[0.303032] (-) TimerEvent: {}
[0.403836] (-) TimerEvent: {}
[0.504796] (-) TimerEvent: {}
[0.606692] (-) TimerEvent: {}
[0.707515] (-) TimerEvent: {}
[0.812179] (-) TimerEvent: {}
[0.816848] (uav_car_interfaces) JobProgress: {'identifier': 'uav_car_interfaces', 'progress': 'cmake'}
[0.821115] (uav_car_interfaces) JobProgress: {'identifier': 'uav_car_interfaces', 'progress': 'build'}
[0.821260] (uav_car_interfaces) Command: {'cmd': ['/usr/bin/cmake', '--build', '/home/focal/Desktop/2024_GroundStation/build/uav_car_interfaces', '--', '-j4', '-l4'], 'cwd': '/home/focal/Desktop/2024_GroundStation/build/uav_car_interfaces', 'env': OrderedDict([('GJS_DEBUG_TOPICS', 'JS ERROR;JS LOG'), ('USER', 'focal'), ('SSH_AGENT_PID', '2361'), ('XDG_SESSION_TYPE', 'x11'), ('SHLVL', '1'), ('HOME', '/home/focal'), ('OLDPWD', '/home/focal'), ('DESKTOP_SESSION', 'ubuntu'), ('GNOME_SHELL_SESSION_MODE', 'ubuntu'), ('GTK_MODULES', 'gail:atk-bridge'), ('MANAGERPID', '2168'), ('ROS_LOG_DIR', '/home/focal/Desktop/2024_GroundStation/run_log'), ('DBUS_SESSION_BUS_ADDRESS', 'unix:path=/run/user/1000/bus'), ('COLORTERM', 'truecolor'), ('IM_CONFIG_PHASE', '1'), ('LOGNAME', 'focal'), ('JOURNAL_STREAM', '8:68449'), ('_', '/usr/bin/colcon'), ('XDG_SESSION_CLASS', 'user'), ('USERNAME', 'focal'), ('TERM', 'xterm-256color'), ('GNOME_DESKTOP_SESSION_ID', 'this-is-deprecated'), ('WINDOWPATH', '2'), ('PATH', '/home/focal/.local/bin:/usr/local/sbin:/usr/local/bin:/usr/sbin:/usr/bin:/sbin:/bin:/usr/games:/usr/local/games:/snap/bin'), ('SESSION_MANAGER', 'local/ubuntu:@/tmp/.ICE-unix/2396,unix/ubuntu:/tmp/.ICE-unix/2396'), ('INVOCATION_ID', '5b7c168143db43fea719a882185dd39e'), ('XDG_MENU_PREFIX', 'gnome-'), ('GNOME_TERMINAL_SCREEN', '/org/gnome/Terminal/screen/1b86f4d5_0a48_4048_b267_3b82f39d99ac'), ('XDG_RUNTIME_DIR', '/run/user/1000'), ('DISPLAY', ':0'), ('LANG', 'en_US.UTF-8'), ('XDG_CURRENT_DESKTOP', 'ubuntu:GNOME'), ('XMODIFIERS', '@im=ibus'), ('XDG_SESSION_DESKTOP', 'ubuntu'), ('XAUTHORITY', '/run/user/1000/gdm/Xauthority'), ('GNOME_TERMINAL_SERVICE', ':1.133'), ('SSH_AUTH_SOCK', '/run/user/1000/keyring/ssh'), ('SHELL', '/bin/bash'), ('QT_ACCESSIBILITY', '1'), ('GDMSESSION', 'ubuntu'), ('GPG_AGENT_INFO', '/run/user/1000/gnupg/S.gpg-agent:0:1'), ('GJS_DEBUG_OUTPUT', 'stderr'), ('QT_IM_MODULE', 'ibus'), ('PWD', '/home/focal/Desktop/2024_GroundStation/build/uav_car_interfaces'), ('XDG_CONFIG_DIRS', '/etc/xdg/xdg-ubuntu:/etc/xdg'), ('XDG_DATA_DIRS', '/usr/share/ubuntu:/usr/local/share/:/usr/share/:/var/lib/snapd/desktop'), ('COLCON', '1'), ('VTE_VERSION', '6003')]), 'shell': False}
[0.913815] (-) TimerEvent: {}
[0.966085] (uav_car_interfaces) StdoutLine: {'line': b'[ 10%] Built target uav_car_interfaces__rosidl_generator_c\n'}
[0.977949] (uav_car_interfaces) StdoutLine: {'line': b'[ 12%] Built target uav_car_interfaces__cpp\n'}
[1.013511] (-) TimerEvent: {}
[1.074916] (uav_car_interfaces) StdoutLine: {'line': b'[ 23%] Built target uav_car_interfaces__rosidl_typesupport_introspection_c\n'}
[1.088119] (uav_car_interfaces) StdoutLine: {'line': b'[ 34%] Built target uav_car_interfaces__rosidl_typesupport_c\n'}
[1.105218] (uav_car_interfaces) StdoutLine: {'line': b'[ 44%] Built target uav_car_interfaces__rosidl_typesupport_cpp\n'}
[1.113686] (-) TimerEvent: {}
[1.124181] (uav_car_interfaces) StdoutLine: {'line': b'[ 55%] Built target uav_car_interfaces__rosidl_typesupport_introspection_cpp\n'}
[1.212121] (uav_car_interfaces) StdoutLine: {'line': b'[ 65%] Built target uav_car_interfaces__rosidl_typesupport_fastrtps_cpp\n'}
[1.213868] (-) TimerEvent: {}
[1.292447] (uav_car_interfaces) StdoutLine: {'line': b'[ 76%] Built target uav_car_interfaces__rosidl_typesupport_fastrtps_c\n'}
[1.316157] (-) TimerEvent: {}
[1.357013] (uav_car_interfaces) StdoutLine: {'line': b'[ 76%] Built target uav_car_interfaces\n'}
[1.416353] (-) TimerEvent: {}
[1.422291] (uav_car_interfaces) StdoutLine: {'line': b'[ 78%] Built target uav_car_interfaces__py\n'}
[1.492404] (uav_car_interfaces) StdoutLine: {'line': b'[ 87%] Built target uav_car_interfaces__python\n'}
[1.516531] (-) TimerEvent: {}
[1.587776] (uav_car_interfaces) StdoutLine: {'line': b'[ 91%] Built target uav_car_interfaces__rosidl_typesupport_introspection_c__pyext\n'}
[1.616757] (-) TimerEvent: {}
[1.634308] (ros2_pyqt_turtlesim_key) Command: {'cmd': ['/usr/bin/python3', '-W', 'ignore:setup.py install is deprecated', '-W', 'ignore:easy_install command is deprecated', 'setup.py', 'develop', '--editable', '--build-directory', '/home/focal/Desktop/2024_GroundStation/build/ros2_pyqt_turtlesim_key/build', '--no-deps', 'symlink_data'], 'cwd': '/home/focal/Desktop/2024_GroundStation/build/ros2_pyqt_turtlesim_key', 'env': {'GJS_DEBUG_TOPICS': 'JS ERROR;JS LOG', 'USER': 'focal', 'SSH_AGENT_PID': '2361', 'XDG_SESSION_TYPE': 'x11', 'SHLVL': '1', 'HOME': '/home/focal', 'OLDPWD': '/home/focal', 'DESKTOP_SESSION': 'ubuntu', 'GNOME_SHELL_SESSION_MODE': 'ubuntu', 'GTK_MODULES': 'gail:atk-bridge', 'MANAGERPID': '2168', 'ROS_LOG_DIR': '/home/focal/Desktop/2024_GroundStation/run_log', 'DBUS_SESSION_BUS_ADDRESS': 'unix:path=/run/user/1000/bus', 'COLORTERM': 'truecolor', 'IM_CONFIG_PHASE': '1', 'LOGNAME': 'focal', 'JOURNAL_STREAM': '8:68449', '_': '/usr/bin/colcon', 'XDG_SESSION_CLASS': 'user', 'USERNAME': 'focal', 'TERM': 'xterm-256color', 'GNOME_DESKTOP_SESSION_ID': 'this-is-deprecated', 'WINDOWPATH': '2', 'PATH': '/home/focal/.local/bin:/usr/local/sbin:/usr/local/bin:/usr/sbin:/usr/bin:/sbin:/bin:/usr/games:/usr/local/games:/snap/bin', 'SESSION_MANAGER': 'local/ubuntu:@/tmp/.ICE-unix/2396,unix/ubuntu:/tmp/.ICE-unix/2396', 'INVOCATION_ID': '5b7c168143db43fea719a882185dd39e', 'XDG_MENU_PREFIX': 'gnome-', 'GNOME_TERMINAL_SCREEN': '/org/gnome/Terminal/screen/1b86f4d5_0a48_4048_b267_3b82f39d99ac', 'XDG_RUNTIME_DIR': '/run/user/1000', 'DISPLAY': ':0', 'LANG': 'en_US.UTF-8', 'XDG_CURRENT_DESKTOP': 'ubuntu:GNOME', 'XMODIFIERS': '@im=ibus', 'XDG_SESSION_DESKTOP': 'ubuntu', 'XAUTHORITY': '/run/user/1000/gdm/Xauthority', 'GNOME_TERMINAL_SERVICE': ':1.133', 'SSH_AUTH_SOCK': '/run/user/1000/keyring/ssh', 'SHELL': '/bin/bash', 'QT_ACCESSIBILITY': '1', 'GDMSESSION': 'ubuntu', 'GPG_AGENT_INFO': '/run/user/1000/gnupg/S.gpg-agent:0:1', 'GJS_DEBUG_OUTPUT': 'stderr', 'QT_IM_MODULE': 'ibus', 'PWD': '/home/focal/Desktop/2024_GroundStation/build/ros2_pyqt_turtlesim_key', 'XDG_CONFIG_DIRS': '/etc/xdg/xdg-ubuntu:/etc/xdg', 'XDG_DATA_DIRS': '/usr/share/ubuntu:/usr/local/share/:/usr/share/:/var/lib/snapd/desktop', 'COLCON': '1', 'VTE_VERSION': '6003', 'PYTHONPATH': '/home/focal/Desktop/2024_GroundStation/build/ros2_pyqt_turtlesim_key/prefix_override:/usr/lib/python3/dist-packages/colcon_core/task/python/colcon_distutils_commands:/home/focal/Desktop/2024_GroundStation/install/ros2_pyqt_turtlesim_key/lib/python3.8/site-packages:'}, 'shell': False}
[1.661448] (GroundStation) Command: {'cmd': ['/usr/bin/python3', '-W', 'ignore:setup.py install is deprecated', '-W', 'ignore:easy_install command is deprecated', 'setup.py', 'develop', '--editable', '--build-directory', '/home/focal/Desktop/2024_GroundStation/build/GroundStation/build', '--no-deps', 'symlink_data'], 'cwd': '/home/focal/Desktop/2024_GroundStation/build/GroundStation', 'env': {'GJS_DEBUG_TOPICS': 'JS ERROR;JS LOG', 'USER': 'focal', 'SSH_AGENT_PID': '2361', 'XDG_SESSION_TYPE': 'x11', 'SHLVL': '1', 'HOME': '/home/focal', 'OLDPWD': '/home/focal', 'DESKTOP_SESSION': 'ubuntu', 'GNOME_SHELL_SESSION_MODE': 'ubuntu', 'GTK_MODULES': 'gail:atk-bridge', 'MANAGERPID': '2168', 'ROS_LOG_DIR': '/home/focal/Desktop/2024_GroundStation/run_log', 'DBUS_SESSION_BUS_ADDRESS': 'unix:path=/run/user/1000/bus', 'COLORTERM': 'truecolor', 'IM_CONFIG_PHASE': '1', 'LOGNAME': 'focal', 'JOURNAL_STREAM': '8:68449', '_': '/usr/bin/colcon', 'XDG_SESSION_CLASS': 'user', 'USERNAME': 'focal', 'TERM': 'xterm-256color', 'GNOME_DESKTOP_SESSION_ID': 'this-is-deprecated', 'WINDOWPATH': '2', 'PATH': '/home/focal/.local/bin:/usr/local/sbin:/usr/local/bin:/usr/sbin:/usr/bin:/sbin:/bin:/usr/games:/usr/local/games:/snap/bin', 'SESSION_MANAGER': 'local/ubuntu:@/tmp/.ICE-unix/2396,unix/ubuntu:/tmp/.ICE-unix/2396', 'INVOCATION_ID': '5b7c168143db43fea719a882185dd39e', 'XDG_MENU_PREFIX': 'gnome-', 'GNOME_TERMINAL_SCREEN': '/org/gnome/Terminal/screen/1b86f4d5_0a48_4048_b267_3b82f39d99ac', 'XDG_RUNTIME_DIR': '/run/user/1000', 'DISPLAY': ':0', 'LANG': 'en_US.UTF-8', 'XDG_CURRENT_DESKTOP': 'ubuntu:GNOME', 'XMODIFIERS': '@im=ibus', 'XDG_SESSION_DESKTOP': 'ubuntu', 'XAUTHORITY': '/run/user/1000/gdm/Xauthority', 'GNOME_TERMINAL_SERVICE': ':1.133', 'SSH_AUTH_SOCK': '/run/user/1000/keyring/ssh', 'SHELL': '/bin/bash', 'QT_ACCESSIBILITY': '1', 'GDMSESSION': 'ubuntu', 'GPG_AGENT_INFO': '/run/user/1000/gnupg/S.gpg-agent:0:1', 'GJS_DEBUG_OUTPUT': 'stderr', 'QT_IM_MODULE': 'ibus', 'PWD': '/home/focal/Desktop/2024_GroundStation/build/GroundStation', 'XDG_CONFIG_DIRS': '/etc/xdg/xdg-ubuntu:/etc/xdg', 'XDG_DATA_DIRS': '/usr/share/ubuntu:/usr/local/share/:/usr/share/:/var/lib/snapd/desktop', 'COLCON': '1', 'VTE_VERSION': '6003', 'PYTHONPATH': '/home/focal/Desktop/2024_GroundStation/build/GroundStation/prefix_override:/usr/lib/python3/dist-packages/colcon_core/task/python/colcon_distutils_commands:/home/focal/Desktop/2024_GroundStation/install/GroundStation/lib/python3.8/site-packages:'}, 'shell': False}
[1.676202] (uav_car_interfaces) StdoutLine: {'line': b'[ 95%] Built target uav_car_interfaces__rosidl_typesupport_fastrtps_c__pyext\n'}
[1.676603] (uav_car_interfaces) StdoutLine: {'line': b'[100%] Built target uav_car_interfaces__rosidl_typesupport_c__pyext\n'}
[1.702647] (uav_car_interfaces) CommandEnded: {'returncode': 0}
[1.704689] (uav_car_interfaces) JobProgress: {'identifier': 'uav_car_interfaces', 'progress': 'install'}
[1.717838] (-) TimerEvent: {}
[1.754613] (uav_car_interfaces) Command: {'cmd': ['/usr/bin/cmake', '--install', '/home/focal/Desktop/2024_GroundStation/build/uav_car_interfaces'], 'cwd': '/home/focal/Desktop/2024_GroundStation/build/uav_car_interfaces', 'env': OrderedDict([('GJS_DEBUG_TOPICS', 'JS ERROR;JS LOG'), ('USER', 'focal'), ('SSH_AGENT_PID', '2361'), ('XDG_SESSION_TYPE', 'x11'), ('SHLVL', '1'), ('HOME', '/home/focal'), ('OLDPWD', '/home/focal'), ('DESKTOP_SESSION', 'ubuntu'), ('GNOME_SHELL_SESSION_MODE', 'ubuntu'), ('GTK_MODULES', 'gail:atk-bridge'), ('MANAGERPID', '2168'), ('ROS_LOG_DIR', '/home/focal/Desktop/2024_GroundStation/run_log'), ('DBUS_SESSION_BUS_ADDRESS', 'unix:path=/run/user/1000/bus'), ('COLORTERM', 'truecolor'), ('IM_CONFIG_PHASE', '1'), ('LOGNAME', 'focal'), ('JOURNAL_STREAM', '8:68449'), ('_', '/usr/bin/colcon'), ('XDG_SESSION_CLASS', 'user'), ('USERNAME', 'focal'), ('TERM', 'xterm-256color'), ('GNOME_DESKTOP_SESSION_ID', 'this-is-deprecated'), ('WINDOWPATH', '2'), ('PATH', '/home/focal/.local/bin:/usr/local/sbin:/usr/local/bin:/usr/sbin:/usr/bin:/sbin:/bin:/usr/games:/usr/local/games:/snap/bin'), ('SESSION_MANAGER', 'local/ubuntu:@/tmp/.ICE-unix/2396,unix/ubuntu:/tmp/.ICE-unix/2396'), ('INVOCATION_ID', '5b7c168143db43fea719a882185dd39e'), ('XDG_MENU_PREFIX', 'gnome-'), ('GNOME_TERMINAL_SCREEN', '/org/gnome/Terminal/screen/1b86f4d5_0a48_4048_b267_3b82f39d99ac'), ('XDG_RUNTIME_DIR', '/run/user/1000'), ('DISPLAY', ':0'), ('LANG', 'en_US.UTF-8'), ('XDG_CURRENT_DESKTOP', 'ubuntu:GNOME'), ('XMODIFIERS', '@im=ibus'), ('XDG_SESSION_DESKTOP', 'ubuntu'), ('XAUTHORITY', '/run/user/1000/gdm/Xauthority'), ('GNOME_TERMINAL_SERVICE', ':1.133'), ('SSH_AUTH_SOCK', '/run/user/1000/keyring/ssh'), ('SHELL', '/bin/bash'), ('QT_ACCESSIBILITY', '1'), ('GDMSESSION', 'ubuntu'), ('GPG_AGENT_INFO', '/run/user/1000/gnupg/S.gpg-agent:0:1'), ('GJS_DEBUG_OUTPUT', 'stderr'), ('QT_IM_MODULE', 'ibus'), ('PWD', '/home/focal/Desktop/2024_GroundStation/build/uav_car_interfaces'), ('XDG_CONFIG_DIRS', '/etc/xdg/xdg-ubuntu:/etc/xdg'), ('XDG_DATA_DIRS', '/usr/share/ubuntu:/usr/local/share/:/usr/share/:/var/lib/snapd/desktop'), ('COLCON', '1'), ('VTE_VERSION', '6003')]), 'shell': False}
[1.778112] (uav_car_interfaces) StdoutLine: {'line': b'-- Install configuration: ""\n'}
[1.778714] (uav_car_interfaces) StdoutLine: {'line': b'-- Execute custom install script\n'}
[1.779188] (uav_car_interfaces) StdoutLine: {'line': b'-- Up-to-date symlink: /home/focal/Desktop/2024_GroundStation/install/uav_car_interfaces/share/ament_index/resource_index/rosidl_interfaces/uav_car_interfaces\n'}
[1.779536] (uav_car_interfaces) StdoutLine: {'line': b'-- Up-to-date symlink: /home/focal/Desktop/2024_GroundStation/install/uav_car_interfaces/include/uav_car_interfaces/msg/detail/image_processor_data__functions.h\n'}
[1.779901] (uav_car_interfaces) StdoutLine: {'line': b'-- Up-to-date symlink: /home/focal/Desktop/2024_GroundStation/install/uav_car_interfaces/include/uav_car_interfaces/msg/detail/image_processor_data__struct.h\n'}
[1.780031] (uav_car_interfaces) StdoutLine: {'line': b'-- Up-to-date symlink: /home/focal/Desktop/2024_GroundStation/install/uav_car_interfaces/include/uav_car_interfaces/msg/detail/image_processor_data__type_support.h\n'}
[1.780156] (uav_car_interfaces) StdoutLine: {'line': b'-- Up-to-date symlink: /home/focal/Desktop/2024_GroundStation/install/uav_car_interfaces/include/uav_car_interfaces/msg/detail/t265_data__functions.h\n'}
[1.780291] (uav_car_interfaces) StdoutLine: {'line': b'-- Up-to-date symlink: /home/focal/Desktop/2024_GroundStation/install/uav_car_interfaces/include/uav_car_interfaces/msg/detail/t265_data__struct.h\n'}
[1.780533] (uav_car_interfaces) StdoutLine: {'line': b'-- Up-to-date symlink: /home/focal/Desktop/2024_GroundStation/install/uav_car_interfaces/include/uav_car_interfaces/msg/detail/t265_data__type_support.h\n'}
[1.780748] (uav_car_interfaces) StdoutLine: {'line': b'-- Up-to-date symlink: /home/focal/Desktop/2024_GroundStation/install/uav_car_interfaces/include/uav_car_interfaces/msg/image_processor_data.h\n'}
[1.780867] (uav_car_interfaces) StdoutLine: {'line': b'-- Up-to-date symlink: /home/focal/Desktop/2024_GroundStation/install/uav_car_interfaces/include/uav_car_interfaces/msg/rosidl_generator_c__visibility_control.h\n'}
[1.780983] (uav_car_interfaces) StdoutLine: {'line': b'-- Up-to-date symlink: /home/focal/Desktop/2024_GroundStation/install/uav_car_interfaces/include/uav_car_interfaces/msg/t265_data.h\n'}
[1.781102] (uav_car_interfaces) StdoutLine: {'line': b'-- Up-to-date symlink: /home/focal/Desktop/2024_GroundStation/install/uav_car_interfaces/include/uav_car_interfaces/srv/control_service.h\n'}
[1.781219] (uav_car_interfaces) StdoutLine: {'line': b'-- Up-to-date symlink: /home/focal/Desktop/2024_GroundStation/install/uav_car_interfaces/include/uav_car_interfaces/srv/detail/control_service__functions.h\n'}
[1.781334] (uav_car_interfaces) StdoutLine: {'line': b'-- Up-to-date symlink: /home/focal/Desktop/2024_GroundStation/install/uav_car_interfaces/include/uav_car_interfaces/srv/detail/control_service__struct.h\n'}
[1.781464] (uav_car_interfaces) StdoutLine: {'line': b'-- Up-to-date symlink: /home/focal/Desktop/2024_GroundStation/install/uav_car_interfaces/include/uav_car_interfaces/srv/detail/control_service__type_support.h\n'}
[1.781647] (uav_car_interfaces) StdoutLine: {'line': b'-- Up-to-date symlink: /home/focal/Desktop/2024_GroundStation/install/uav_car_interfaces/share/uav_car_interfaces/environment/library_path.sh\n'}
[1.781769] (uav_car_interfaces) StdoutLine: {'line': b'-- Up-to-date symlink: /home/focal/Desktop/2024_GroundStation/install/uav_car_interfaces/share/uav_car_interfaces/environment/library_path.dsv\n'}
[1.783405] (uav_car_interfaces) StdoutLine: {'line': b'-- Up-to-date symlink: /home/focal/Desktop/2024_GroundStation/install/uav_car_interfaces/include/uav_car_interfaces/msg/detail/image_processor_data__rosidl_typesupport_fastrtps_c.h\n'}
[1.784380] (uav_car_interfaces) StdoutLine: {'line': b'-- Up-to-date symlink: /home/focal/Desktop/2024_GroundStation/install/uav_car_interfaces/include/uav_car_interfaces/msg/detail/t265_data__rosidl_typesupport_fastrtps_c.h\n'}
[1.785422] (uav_car_interfaces) StdoutLine: {'line': b'-- Up-to-date symlink: /home/focal/Desktop/2024_GroundStation/install/uav_car_interfaces/include/uav_car_interfaces/msg/rosidl_typesupport_fastrtps_c__visibility_control.h\n'}
[1.786432] (uav_car_interfaces) StdoutLine: {'line': b'-- Up-to-date symlink: /home/focal/Desktop/2024_GroundStation/install/uav_car_interfaces/include/uav_car_interfaces/srv/detail/control_service__rosidl_typesupport_fastrtps_c.h\n'}
[1.787708] (uav_car_interfaces) StdoutLine: {'line': b'-- Up-to-date symlink: /home/focal/Desktop/2024_GroundStation/install/uav_car_interfaces/lib/libuav_car_interfaces__rosidl_typesupport_fastrtps_c.so\n'}
[1.790837] (uav_car_interfaces) StdoutLine: {'line': b'-- Up-to-date symlink: /home/focal/Desktop/2024_GroundStation/install/uav_car_interfaces/include/uav_car_interfaces/msg/detail/image_processor_data__rosidl_typesupport_fastrtps_cpp.hpp\n'}
[1.791762] (uav_car_interfaces) StdoutLine: {'line': b'-- Up-to-date symlink: /home/focal/Desktop/2024_GroundStation/install/uav_car_interfaces/include/uav_car_interfaces/msg/detail/t265_data__rosidl_typesupport_fastrtps_cpp.hpp\n'}
[1.792748] (uav_car_interfaces) StdoutLine: {'line': b'-- Up-to-date symlink: /home/focal/Desktop/2024_GroundStation/install/uav_car_interfaces/include/uav_car_interfaces/msg/rosidl_typesupport_fastrtps_cpp__visibility_control.h\n'}
[1.793720] (uav_car_interfaces) StdoutLine: {'line': b'-- Up-to-date symlink: /home/focal/Desktop/2024_GroundStation/install/uav_car_interfaces/include/uav_car_interfaces/srv/detail/control_service__rosidl_typesupport_fastrtps_cpp.hpp\n'}
[1.795070] (uav_car_interfaces) StdoutLine: {'line': b'-- Up-to-date symlink: /home/focal/Desktop/2024_GroundStation/install/uav_car_interfaces/lib/libuav_car_interfaces__rosidl_typesupport_fastrtps_cpp.so\n'}
[1.797200] (uav_car_interfaces) StdoutLine: {'line': b'-- Up-to-date symlink: /home/focal/Desktop/2024_GroundStation/install/uav_car_interfaces/include/uav_car_interfaces/msg/detail/image_processor_data__rosidl_typesupport_introspection_c.h\n'}
[1.798442] (uav_car_interfaces) StdoutLine: {'line': b'-- Up-to-date symlink: /home/focal/Desktop/2024_GroundStation/install/uav_car_interfaces/include/uav_car_interfaces/msg/detail/t265_data__rosidl_typesupport_introspection_c.h\n'}
[1.799382] (uav_car_interfaces) StdoutLine: {'line': b'-- Up-to-date symlink: /home/focal/Desktop/2024_GroundStation/install/uav_car_interfaces/include/uav_car_interfaces/msg/rosidl_typesupport_introspection_c__visibility_control.h\n'}
[1.800346] (uav_car_interfaces) StdoutLine: {'line': b'-- Up-to-date symlink: /home/focal/Desktop/2024_GroundStation/install/uav_car_interfaces/include/uav_car_interfaces/srv/detail/control_service__rosidl_typesupport_introspection_c.h\n'}
[1.803046] (uav_car_interfaces) StdoutLine: {'line': b'-- Up-to-date symlink: /home/focal/Desktop/2024_GroundStation/install/uav_car_interfaces/include/uav_car_interfaces/msg/detail/image_processor_data__builder.hpp\n'}
[1.804020] (uav_car_interfaces) StdoutLine: {'line': b'-- Up-to-date symlink: /home/focal/Desktop/2024_GroundStation/install/uav_car_interfaces/include/uav_car_interfaces/msg/detail/image_processor_data__struct.hpp\n'}
[1.808237] (uav_car_interfaces) StdoutLine: {'line': b'-- Up-to-date symlink: /home/focal/Desktop/2024_GroundStation/install/uav_car_interfaces/include/uav_car_interfaces/msg/detail/image_processor_data__traits.hpp\n'}
[1.809635] (uav_car_interfaces) StdoutLine: {'line': b'-- Up-to-date symlink: /home/focal/Desktop/2024_GroundStation/install/uav_car_interfaces/include/uav_car_interfaces/msg/detail/image_processor_data__type_support.hpp\n'}
[1.810695] (uav_car_interfaces) StdoutLine: {'line': b'-- Up-to-date symlink: /home/focal/Desktop/2024_GroundStation/install/uav_car_interfaces/include/uav_car_interfaces/msg/detail/t265_data__builder.hpp\n'}
[1.811617] (uav_car_interfaces) StdoutLine: {'line': b'-- Up-to-date symlink: /home/focal/Desktop/2024_GroundStation/install/uav_car_interfaces/include/uav_car_interfaces/msg/detail/t265_data__struct.hpp\n'}
[1.812535] (uav_car_interfaces) StdoutLine: {'line': b'-- Up-to-date symlink: /home/focal/Desktop/2024_GroundStation/install/uav_car_interfaces/include/uav_car_interfaces/msg/detail/t265_data__traits.hpp\n'}
[1.814029] (uav_car_interfaces) StdoutLine: {'line': b'-- Up-to-date symlink: /home/focal/Desktop/2024_GroundStation/install/uav_car_interfaces/include/uav_car_interfaces/msg/detail/t265_data__type_support.hpp\n'}
[1.815360] (uav_car_interfaces) StdoutLine: {'line': b'-- Up-to-date symlink: /home/focal/Desktop/2024_GroundStation/install/uav_car_interfaces/include/uav_car_interfaces/msg/image_processor_data.hpp\n'}
[1.816551] (uav_car_interfaces) StdoutLine: {'line': b'-- Up-to-date symlink: /home/focal/Desktop/2024_GroundStation/install/uav_car_interfaces/include/uav_car_interfaces/msg/rosidl_generator_cpp__visibility_control.hpp\n'}
[1.817657] (-) TimerEvent: {}
[1.818979] (uav_car_interfaces) StdoutLine: {'line': b'-- Up-to-date symlink: /home/focal/Desktop/2024_GroundStation/install/uav_car_interfaces/include/uav_car_interfaces/msg/t265_data.hpp\n'}
[1.819748] (uav_car_interfaces) StdoutLine: {'line': b'-- Up-to-date symlink: /home/focal/Desktop/2024_GroundStation/install/uav_car_interfaces/include/uav_car_interfaces/srv/control_service.hpp\n'}
[1.820987] (uav_car_interfaces) StdoutLine: {'line': b'-- Up-to-date symlink: /home/focal/Desktop/2024_GroundStation/install/uav_car_interfaces/include/uav_car_interfaces/srv/detail/control_service__builder.hpp\n'}
[1.822212] (uav_car_interfaces) StdoutLine: {'line': b'-- Up-to-date symlink: /home/focal/Desktop/2024_GroundStation/install/uav_car_interfaces/include/uav_car_interfaces/srv/detail/control_service__struct.hpp\n'}
[1.823281] (uav_car_interfaces) StdoutLine: {'line': b'-- Up-to-date symlink: /home/focal/Desktop/2024_GroundStation/install/uav_car_interfaces/include/uav_car_interfaces/srv/detail/control_service__traits.hpp\n'}
[1.824412] (uav_car_interfaces) StdoutLine: {'line': b'-- Up-to-date symlink: /home/focal/Desktop/2024_GroundStation/install/uav_car_interfaces/include/uav_car_interfaces/srv/detail/control_service__type_support.hpp\n'}
[1.827133] (uav_car_interfaces) StdoutLine: {'line': b'-- Up-to-date symlink: /home/focal/Desktop/2024_GroundStation/install/uav_car_interfaces/include/uav_car_interfaces/msg/detail/image_processor_data__rosidl_typesupport_introspection_cpp.hpp\n'}
[1.828430] (uav_car_interfaces) StdoutLine: {'line': b'-- Up-to-date symlink: /home/focal/Desktop/2024_GroundStation/install/uav_car_interfaces/include/uav_car_interfaces/msg/detail/t265_data__rosidl_typesupport_introspection_cpp.hpp\n'}
[1.829631] (uav_car_interfaces) StdoutLine: {'line': b'-- Up-to-date symlink: /home/focal/Desktop/2024_GroundStation/install/uav_car_interfaces/include/uav_car_interfaces/srv/detail/control_service__rosidl_typesupport_introspection_cpp.hpp\n'}
[1.830984] (uav_car_interfaces) StdoutLine: {'line': b'-- Up-to-date symlink: /home/focal/Desktop/2024_GroundStation/install/uav_car_interfaces/share/uav_car_interfaces/environment/pythonpath.sh\n'}
[1.832186] (uav_car_interfaces) StdoutLine: {'line': b'-- Up-to-date symlink: /home/focal/Desktop/2024_GroundStation/install/uav_car_interfaces/share/uav_car_interfaces/environment/pythonpath.dsv\n'}
[1.833383] (uav_car_interfaces) StdoutLine: {'line': b'-- Up-to-date symlink: /home/focal/Desktop/2024_GroundStation/install/uav_car_interfaces/lib/python3.8/site-packages/uav_car_interfaces/__init__.py\n'}
[1.835534] (uav_car_interfaces) StdoutLine: {'line': b'-- Up-to-date symlink: /home/focal/Desktop/2024_GroundStation/install/uav_car_interfaces/lib/python3.8/site-packages/uav_car_interfaces/msg/__init__.py\n'}
[1.836627] (uav_car_interfaces) StdoutLine: {'line': b'-- Up-to-date symlink: /home/focal/Desktop/2024_GroundStation/install/uav_car_interfaces/lib/python3.8/site-packages/uav_car_interfaces/msg/_image_processor_data.py\n'}
[1.837754] (uav_car_interfaces) StdoutLine: {'line': b'-- Up-to-date symlink: /home/focal/Desktop/2024_GroundStation/install/uav_car_interfaces/lib/python3.8/site-packages/uav_car_interfaces/msg/_t265_data.py\n'}
[1.839669] (uav_car_interfaces) StdoutLine: {'line': b'-- Up-to-date symlink: /home/focal/Desktop/2024_GroundStation/install/uav_car_interfaces/lib/python3.8/site-packages/uav_car_interfaces/srv/__init__.py\n'}
[1.840723] (uav_car_interfaces) StdoutLine: {'line': b'-- Up-to-date symlink: /home/focal/Desktop/2024_GroundStation/install/uav_car_interfaces/lib/python3.8/site-packages/uav_car_interfaces/srv/_control_service.py\n'}
[1.842415] (uav_car_interfaces) StdoutLine: {'line': b'-- Up-to-date symlink: /home/focal/Desktop/2024_GroundStation/install/uav_car_interfaces/lib/python3.8/site-packages/uav_car_interfaces/uav_car_interfaces_s__rosidl_typesupport_fastrtps_c.cpython-38-x86_64-linux-gnu.so\n'}
[1.844390] (uav_car_interfaces) StdoutLine: {'line': b'-- Up-to-date symlink: /home/focal/Desktop/2024_GroundStation/install/uav_car_interfaces/lib/python3.8/site-packages/uav_car_interfaces/uav_car_interfaces_s__rosidl_typesupport_introspection_c.cpython-38-x86_64-linux-gnu.so\n'}
[1.846401] (uav_car_interfaces) StdoutLine: {'line': b'-- Up-to-date symlink: /home/focal/Desktop/2024_GroundStation/install/uav_car_interfaces/lib/python3.8/site-packages/uav_car_interfaces/uav_car_interfaces_s__rosidl_typesupport_c.cpython-38-x86_64-linux-gnu.so\n'}
[1.847676] (uav_car_interfaces) StdoutLine: {'line': b'-- Up-to-date symlink: /home/focal/Desktop/2024_GroundStation/install/uav_car_interfaces/lib/libuav_car_interfaces__python.so\n'}
[1.848864] (uav_car_interfaces) StdoutLine: {'line': b'-- Up-to-date symlink: /home/focal/Desktop/2024_GroundStation/install/uav_car_interfaces/share/uav_car_interfaces/msg/T265Data.idl\n'}
[1.850066] (uav_car_interfaces) StdoutLine: {'line': b'-- Up-to-date symlink: /home/focal/Desktop/2024_GroundStation/install/uav_car_interfaces/share/uav_car_interfaces/msg/ImageProcessorData.idl\n'}
[1.851097] (uav_car_interfaces) StdoutLine: {'line': b'-- Up-to-date symlink: /home/focal/Desktop/2024_GroundStation/install/uav_car_interfaces/share/uav_car_interfaces/srv/ControlService.idl\n'}
[1.852108] (uav_car_interfaces) StdoutLine: {'line': b'-- Up-to-date symlink: /home/focal/Desktop/2024_GroundStation/install/uav_car_interfaces/share/uav_car_interfaces/msg/T265Data.msg\n'}
[1.854466] (uav_car_interfaces) StdoutLine: {'line': b'-- Up-to-date symlink: /home/focal/Desktop/2024_GroundStation/install/uav_car_interfaces/share/uav_car_interfaces/msg/ImageProcessorData.msg\n'}
[1.856497] (uav_car_interfaces) StdoutLine: {'line': b'-- Up-to-date symlink: /home/focal/Desktop/2024_GroundStation/install/uav_car_interfaces/share/uav_car_interfaces/srv/ControlService.srv\n'}
[1.857981] (uav_car_interfaces) StdoutLine: {'line': b'-- Up-to-date symlink: /home/focal/Desktop/2024_GroundStation/install/uav_car_interfaces/share/uav_car_interfaces/srv/ControlService_Request.msg\n'}
[1.859161] (uav_car_interfaces) StdoutLine: {'line': b'-- Up-to-date symlink: /home/focal/Desktop/2024_GroundStation/install/uav_car_interfaces/share/uav_car_interfaces/srv/ControlService_Response.msg\n'}
[1.860472] (uav_car_interfaces) StdoutLine: {'line': b'-- Up-to-date symlink: /home/focal/Desktop/2024_GroundStation/install/uav_car_interfaces/share/ament_index/resource_index/package_run_dependencies/uav_car_interfaces\n'}
[1.861680] (uav_car_interfaces) StdoutLine: {'line': b'-- Up-to-date symlink: /home/focal/Desktop/2024_GroundStation/install/uav_car_interfaces/share/ament_index/resource_index/parent_prefix_path/uav_car_interfaces\n'}
[1.862804] (uav_car_interfaces) StdoutLine: {'line': b'-- Up-to-date symlink: /home/focal/Desktop/2024_GroundStation/install/uav_car_interfaces/share/uav_car_interfaces/environment/ament_prefix_path.sh\n'}
[1.863889] (uav_car_interfaces) StdoutLine: {'line': b'-- Up-to-date symlink: /home/focal/Desktop/2024_GroundStation/install/uav_car_interfaces/share/uav_car_interfaces/environment/ament_prefix_path.dsv\n'}
[1.864949] (uav_car_interfaces) StdoutLine: {'line': b'-- Up-to-date symlink: /home/focal/Desktop/2024_GroundStation/install/uav_car_interfaces/share/uav_car_interfaces/environment/path.sh\n'}
[1.867103] (uav_car_interfaces) StdoutLine: {'line': b'-- Up-to-date symlink: /home/focal/Desktop/2024_GroundStation/install/uav_car_interfaces/share/uav_car_interfaces/environment/path.dsv\n'}
[1.868138] (uav_car_interfaces) StdoutLine: {'line': b'-- Up-to-date symlink: /home/focal/Desktop/2024_GroundStation/install/uav_car_interfaces/share/uav_car_interfaces/local_setup.bash\n'}
[1.869208] (uav_car_interfaces) StdoutLine: {'line': b'-- Up-to-date symlink: /home/focal/Desktop/2024_GroundStation/install/uav_car_interfaces/share/uav_car_interfaces/local_setup.sh\n'}
[1.870358] (uav_car_interfaces) StdoutLine: {'line': b'-- Up-to-date symlink: /home/focal/Desktop/2024_GroundStation/install/uav_car_interfaces/share/uav_car_interfaces/local_setup.zsh\n'}
[1.871371] (uav_car_interfaces) StdoutLine: {'line': b'-- Up-to-date symlink: /home/focal/Desktop/2024_GroundStation/install/uav_car_interfaces/share/uav_car_interfaces/local_setup.dsv\n'}
[1.872163] (uav_car_interfaces) StdoutLine: {'line': b'-- Symlinking: /home/focal/Desktop/2024_GroundStation/install/uav_car_interfaces/share/uav_car_interfaces/package.dsv\n'}
[1.897151] (uav_car_interfaces) StdoutLine: {'line': b'-- Up-to-date symlink: /home/focal/Desktop/2024_GroundStation/install/uav_car_interfaces/share/ament_index/resource_index/packages/uav_car_interfaces\n'}
[1.898429] (uav_car_interfaces) StdoutLine: {'line': b'-- Up-to-date symlink: /home/focal/Desktop/2024_GroundStation/install/uav_car_interfaces/share/uav_car_interfaces/cmake/rosidl_cmake-extras.cmake\n'}
[1.899629] (uav_car_interfaces) StdoutLine: {'line': b'-- Up-to-date symlink: /home/focal/Desktop/2024_GroundStation/install/uav_car_interfaces/share/uav_car_interfaces/cmake/ament_cmake_export_dependencies-extras.cmake\n'}
[1.900803] (uav_car_interfaces) StdoutLine: {'line': b'-- Up-to-date symlink: /home/focal/Desktop/2024_GroundStation/install/uav_car_interfaces/share/uav_car_interfaces/cmake/ament_cmake_export_libraries-extras.cmake\n'}
[1.902055] (uav_car_interfaces) StdoutLine: {'line': b'-- Up-to-date symlink: /home/focal/Desktop/2024_GroundStation/install/uav_car_interfaces/share/uav_car_interfaces/cmake/ament_cmake_export_targets-extras.cmake\n'}
[1.903271] (uav_car_interfaces) StdoutLine: {'line': b'-- Up-to-date symlink: /home/focal/Desktop/2024_GroundStation/install/uav_car_interfaces/share/uav_car_interfaces/cmake/ament_cmake_export_include_directories-extras.cmake\n'}
[1.904571] (uav_car_interfaces) StdoutLine: {'line': b'-- Up-to-date symlink: /home/focal/Desktop/2024_GroundStation/install/uav_car_interfaces/share/uav_car_interfaces/cmake/rosidl_cmake_export_typesupport_libraries-extras.cmake\n'}
[1.905837] (uav_car_interfaces) StdoutLine: {'line': b'-- Up-to-date symlink: /home/focal/Desktop/2024_GroundStation/install/uav_car_interfaces/share/uav_car_interfaces/cmake/rosidl_cmake_export_typesupport_targets-extras.cmake\n'}
[1.907071] (uav_car_interfaces) StdoutLine: {'line': b'-- Up-to-date symlink: /home/focal/Desktop/2024_GroundStation/install/uav_car_interfaces/share/uav_car_interfaces/cmake/uav_car_interfacesConfig.cmake\n'}
[1.908167] (uav_car_interfaces) StdoutLine: {'line': b'-- Up-to-date symlink: /home/focal/Desktop/2024_GroundStation/install/uav_car_interfaces/share/uav_car_interfaces/cmake/uav_car_interfacesConfig-version.cmake\n'}
[1.914452] (uav_car_interfaces) StdoutLine: {'line': b'-- Up-to-date symlink: /home/focal/Desktop/2024_GroundStation/install/uav_car_interfaces/share/uav_car_interfaces/package.xml\n'}
[1.916402] (uav_car_interfaces) StdoutLine: {'line': b'-- Up-to-date: /home/focal/Desktop/2024_GroundStation/install/uav_car_interfaces/lib/libuav_car_interfaces__rosidl_generator_c.so\n'}
[1.917818] (-) TimerEvent: {}
[1.919529] (uav_car_interfaces) StdoutLine: {'line': b'-- Up-to-date: /home/focal/Desktop/2024_GroundStation/install/uav_car_interfaces/lib/libuav_car_interfaces__rosidl_typesupport_introspection_c.so\n'}
[1.922223] (uav_car_interfaces) StdoutLine: {'line': b'-- Up-to-date: /home/focal/Desktop/2024_GroundStation/install/uav_car_interfaces/lib/libuav_car_interfaces__rosidl_typesupport_c.so\n'}
[1.928092] (uav_car_interfaces) StdoutLine: {'line': b'-- Up-to-date: /home/focal/Desktop/2024_GroundStation/install/uav_car_interfaces/lib/libuav_car_interfaces__rosidl_typesupport_introspection_cpp.so\n'}
[1.931037] (uav_car_interfaces) StdoutLine: {'line': b'-- Up-to-date: /home/focal/Desktop/2024_GroundStation/install/uav_car_interfaces/lib/libuav_car_interfaces__rosidl_typesupport_cpp.so\n'}
[2.005880] (uav_car_interfaces) StdoutLine: {'line': b'-- Up-to-date: /home/focal/Desktop/2024_GroundStation/install/uav_car_interfaces/share/uav_car_interfaces/cmake/uav_car_interfaces__rosidl_generator_cExport.cmake\n'}
[2.006484] (uav_car_interfaces) StdoutLine: {'line': b'-- Up-to-date: /home/focal/Desktop/2024_GroundStation/install/uav_car_interfaces/share/uav_car_interfaces/cmake/uav_car_interfaces__rosidl_generator_cExport-noconfig.cmake\n'}
[2.007480] (uav_car_interfaces) StdoutLine: {'line': b'-- Up-to-date: /home/focal/Desktop/2024_GroundStation/install/uav_car_interfaces/share/uav_car_interfaces/cmake/uav_car_interfaces__rosidl_typesupport_introspection_cExport.cmake\n'}
[2.008000] (uav_car_interfaces) StdoutLine: {'line': b'-- Up-to-date: /home/focal/Desktop/2024_GroundStation/install/uav_car_interfaces/share/uav_car_interfaces/cmake/uav_car_interfaces__rosidl_typesupport_introspection_cExport-noconfig.cmake\n'}
[2.008840] (uav_car_interfaces) StdoutLine: {'line': b'-- Up-to-date: /home/focal/Desktop/2024_GroundStation/install/uav_car_interfaces/share/uav_car_interfaces/cmake/uav_car_interfaces__rosidl_typesupport_cExport.cmake\n'}
[2.009915] (uav_car_interfaces) StdoutLine: {'line': b'-- Up-to-date: /home/focal/Desktop/2024_GroundStation/install/uav_car_interfaces/share/uav_car_interfaces/cmake/uav_car_interfaces__rosidl_typesupport_cExport-noconfig.cmake\n'}
[2.010778] (uav_car_interfaces) StdoutLine: {'line': b'-- Up-to-date: /home/focal/Desktop/2024_GroundStation/install/uav_car_interfaces/share/uav_car_interfaces/cmake/uav_car_interfaces__rosidl_generator_cppExport.cmake\n'}
[2.011660] (uav_car_interfaces) StdoutLine: {'line': b'-- Up-to-date: /home/focal/Desktop/2024_GroundStation/install/uav_car_interfaces/share/uav_car_interfaces/cmake/uav_car_interfaces__rosidl_typesupport_introspection_cppExport.cmake\n'}
[2.012262] (uav_car_interfaces) StdoutLine: {'line': b'-- Up-to-date: /home/focal/Desktop/2024_GroundStation/install/uav_car_interfaces/share/uav_car_interfaces/cmake/uav_car_interfaces__rosidl_typesupport_introspection_cppExport-noconfig.cmake\n'}
[2.013128] (uav_car_interfaces) StdoutLine: {'line': b'-- Up-to-date: /home/focal/Desktop/2024_GroundStation/install/uav_car_interfaces/share/uav_car_interfaces/cmake/uav_car_interfaces__rosidl_typesupport_cppExport.cmake\n'}
[2.014145] (uav_car_interfaces) StdoutLine: {'line': b'-- Up-to-date: /home/focal/Desktop/2024_GroundStation/install/uav_car_interfaces/share/uav_car_interfaces/cmake/uav_car_interfaces__rosidl_typesupport_cppExport-noconfig.cmake\n'}
[2.018022] (-) TimerEvent: {}
[2.031542] (uav_car_interfaces) CommandEnded: {'returncode': 0}
[2.098828] (uav_car_interfaces) JobEnded: {'identifier': 'uav_car_interfaces', 'rc': 0}
[2.118311] (-) TimerEvent: {}
[2.158366] (GroundStation) StdoutLine: {'line': b'running develop\n'}
[2.198691] (ros2_pyqt_turtlesim_key) StdoutLine: {'line': b'running develop\n'}
[2.218525] (-) TimerEvent: {}
[2.319021] (-) TimerEvent: {}
[2.419570] (-) TimerEvent: {}
[2.458289] (GroundStation) StdoutLine: {'line': b'running egg_info\n'}
[2.458850] (GroundStation) StdoutLine: {'line': b'writing GroundStation.egg-info/PKG-INFO\n'}
[2.459679] (GroundStation) StdoutLine: {'line': b'writing dependency_links to GroundStation.egg-info/dependency_links.txt\n'}
[2.460341] (GroundStation) StdoutLine: {'line': b'writing entry points to GroundStation.egg-info/entry_points.txt\n'}
[2.460933] (GroundStation) StdoutLine: {'line': b'writing requirements to GroundStation.egg-info/requires.txt\n'}
[2.461519] (GroundStation) StdoutLine: {'line': b'writing top-level names to GroundStation.egg-info/top_level.txt\n'}
[2.498727] (ros2_pyqt_turtlesim_key) StdoutLine: {'line': b'running egg_info\n'}
[2.499498] (ros2_pyqt_turtlesim_key) StdoutLine: {'line': b'writing ros2_pyqt_turtlesim_key.egg-info/PKG-INFO\n'}
[2.501022] (ros2_pyqt_turtlesim_key) StdoutLine: {'line': b'writing dependency_links to ros2_pyqt_turtlesim_key.egg-info/dependency_links.txt\n'}
[2.501329] (ros2_pyqt_turtlesim_key) StdoutLine: {'line': b'writing entry points to ros2_pyqt_turtlesim_key.egg-info/entry_points.txt\n'}
[2.502102] (ros2_pyqt_turtlesim_key) StdoutLine: {'line': b'writing requirements to ros2_pyqt_turtlesim_key.egg-info/requires.txt\n'}
[2.502881] (ros2_pyqt_turtlesim_key) StdoutLine: {'line': b'writing top-level names to ros2_pyqt_turtlesim_key.egg-info/top_level.txt\n'}
[2.508025] (GroundStation) StdoutLine: {'line': b"reading manifest file 'GroundStation.egg-info/SOURCES.txt'\n"}
[2.510967] (GroundStation) StdoutLine: {'line': b"writing manifest file 'GroundStation.egg-info/SOURCES.txt'\n"}
[2.519800] (-) TimerEvent: {}
[2.550141] (ros2_pyqt_turtlesim_key) StdoutLine: {'line': b"reading manifest file 'ros2_pyqt_turtlesim_key.egg-info/SOURCES.txt'\n"}
[2.552661] (ros2_pyqt_turtlesim_key) StdoutLine: {'line': b"writing manifest file 'ros2_pyqt_turtlesim_key.egg-info/SOURCES.txt'\n"}
[2.595144] (GroundStation) StdoutLine: {'line': b'running build_ext\n'}
[2.596022] (GroundStation) StdoutLine: {'line': b'Creating /home/focal/Desktop/2024_GroundStation/install/GroundStation/lib/python3.8/site-packages/GroundStation.egg-link (link to .)\n'}
[2.598110] (GroundStation) StdoutLine: {'line': b'Installing logical script to /home/focal/Desktop/2024_GroundStation/install/GroundStation/lib/GroundStation\n'}
[2.598688] (GroundStation) StdoutLine: {'line': b'Installing qrcode script to /home/focal/Desktop/2024_GroundStation/install/GroundStation/lib/GroundStation\n'}
[2.599227] (GroundStation) StdoutLine: {'line': b'\n'}
[2.599558] (GroundStation) StdoutLine: {'line': b'Installed /home/focal/Desktop/2024_GroundStation/build/GroundStation\n'}
[2.599942] (GroundStation) StdoutLine: {'line': b'running symlink_data\n'}
[2.620237] (-) TimerEvent: {}
[2.637806] (ros2_pyqt_turtlesim_key) StdoutLine: {'line': b'running build_ext\n'}
[2.638531] (ros2_pyqt_turtlesim_key) StdoutLine: {'line': b'Creating /home/focal/Desktop/2024_GroundStation/install/ros2_pyqt_turtlesim_key/lib/python3.8/site-packages/ros2-pyqt-turtlesim-key.egg-link (link to .)\n'}
[2.640718] (ros2_pyqt_turtlesim_key) StdoutLine: {'line': b'Installing ros2_pyqt_turtlesim_key script to /home/focal/Desktop/2024_GroundStation/install/ros2_pyqt_turtlesim_key/lib/ros2_pyqt_turtlesim_key\n'}
[2.641152] (ros2_pyqt_turtlesim_key) StdoutLine: {'line': b'\n'}
[2.641497] (ros2_pyqt_turtlesim_key) StdoutLine: {'line': b'Installed /home/focal/Desktop/2024_GroundStation/build/ros2_pyqt_turtlesim_key\n'}
[2.641765] (ros2_pyqt_turtlesim_key) StdoutLine: {'line': b'running symlink_data\n'}
[2.645063] (GroundStation) CommandEnded: {'returncode': 0}
[2.672597] (GroundStation) JobEnded: {'identifier': 'GroundStation', 'rc': 0}
[2.692400] (ros2_pyqt_turtlesim_key) CommandEnded: {'returncode': 0}
[2.711755] (ros2_pyqt_turtlesim_key) JobEnded: {'identifier': 'ros2_pyqt_turtlesim_key', 'rc': 0}
[2.714777] (-) EventReactorShutdown: {}
