1775620979.3757451 [navNode-1] [INFO] [1775620979.375569215] [navNode]: 当前状态：[Delay],点位标签[label:A6,qr:6][label2:,qr2:],到达?:[MCU:False]-[POS:True]
1775620979.3759584 [navNode-1] [INFO] [1775620979.375883144] [navNode]: 已到目标点
1775620979.3760369 [navNode-1] 目标位置：(-0.25, 0.75, 0.80)-A6|
1775620979.3760798 [navNode-1] 当前位置：(-0.25, 0.75, 0.80)
1775620979.3770797 [navNode-1] [INFO] [1775620979.376467878] [navNode]: debug-qr2 aim=A6 6, id=140344758130768
1775620979.3782628 [navNode-1] [INFO] [1775620979.376906472] [navNode]: debug-qr22 aim=A6 6, id=140344758130768
1775620979.4695120 [navNode-1] [INFO] [1775620979.469208516] [navNode]: 状态6：Delay--[A6]
1775620979.5745325 [navNode-1] [INFO] [1775620979.573957353] [navNode]: 状态6：Delay--[A6]
1775620979.5752065 [navNode-1] [INFO] [1775620979.574736557] [navNode]: 延时结束,QR识别结果:[A6 前6], [ 后]
1775620979.5764105 [navNode-1] [INFO] [1775620979.576254649] [navNode]: 已发送二维码数据:{"label": "A6", "qrcode": "6"}
1775620979.6694951 [navNode-1] [INFO] [1775620979.669199949] [navNode]: 状态6：Delay--[A6]
1775620979.7648454 [testNode-2] [INFO] [1775620979.764492702] [testNode]: 发送目标点:('A6', '6')
1775620979.7653003 [testNode-2] [INFO] [1775620979.764854819] [testNode]: 测试点：DELAY--[DELAY--[A6]
1775620979.7665801 [navNode-1] [INFO] [1775620979.766161630] [navNode]: debug-check before aim=A6 6, id=140344758130768
1775620979.7669330 [navNode-1] [INFO] [1775620979.766665927] [navNode]: debug-check after aim=A6 6, id=140344758130768
1775620979.7672296 [navNode-1] [INFO] [1775620979.767099288] [navNode]: 当前状态：[SetAim],点位标签[label:A6,qr:6][label2:,qr2:],到达?:[MCU:False]-[POS:True]
1775620979.7676058 [navNode-1] [INFO] [1775620979.767422366] [navNode]: 已到目标点
1775620979.7677131 [navNode-1] 目标位置：(-0.25, 0.75, 0.80)-A6|
1775620979.7677619 [navNode-1] 当前位置：(-0.25, 0.75, 0.80)
1775620979.7678909 [navNode-1] [INFO] [1775620979.767757239] [navNode]: debug-qr1 aim=A6 6, id=140344758130768
1775620979.7682061 [navNode-1] [INFO] [1775620979.768024378] [navNode]: debug-qr11 aim=A6 6, id=140344758130768
1775620979.7699606 [navNode-1] [INFO] [1775620979.769754119] [navNode]: debug-setaim before=, aim=A6 6, id=140344758130768
1775620979.7706609 [navNode-1] [INFO] [1775620979.770563780] [navNode]: debug-setaim before=, path next=A3 6, id=140344758130768
1775620979.7714760 [navNode-1] [INFO] [1775620979.771281024] [navNode]: debug-setaim after= aim=A3 6, id=140344758131824
1775620979.7720182 [navNode-1] [INFO] [1775620979.771909242] [navNode]: debug-chec before aim=A6 6, id=140344758130768
1775620979.7722316 [navNode-1] [INFO] [1775620979.772167213] [navNode]: debug-setaim after=, path next=A3 6, id=140344758131824
1775620979.7738268 [navNode-1] [INFO] [1775620979.773669596] [navNode]: 状态3：SetAim--[A3-6]
1775620979.7743869 [navNode-1] [INFO] [1775620979.774295718] [navNode]: debug-check after aim=A3 6, id=140344758131824
1775620979.7753346 [navNode-1] [ERROR] [1775620979.775235368] [navNode]: 发送 G-02500+07500+12000 失败: ROS2 服务 [ControlService] 未启动或超时
1775620979.7757583 [navNode-1] [INFO] [1775620979.775671485] [navNode]: 当前状态：[SetAim],点位标签[label:A3,qr:6][label2:,qr2:],到达?:[MCU:False]-[POS:True]
1775620979.7760413 [navNode-1] [INFO] [1775620979.775962104] [navNode]: 没到目标点
1775620979.7761037 [navNode-1] 目标位置：(-0.25, 0.75, 1.20)-A3|
1775620979.7761381 [navNode-1] 当前位置：(-0.25, 0.75, 0.80)
1775620979.8697076 [navNode-1] [INFO] [1775620979.869396199] [navNode]: 状态4：WaitAim--[A3]
1775620979.8700895 [navNode-1] [INFO] [1775620979.869801585] [navNode]: debug-check before aim=A3 6, id=140344758131824
1775620979.8703654 [navNode-1] [INFO] [1775620979.870133904] [navNode]: debug-check after aim=A3 6, id=140344758131824
1775620979.8705509 [navNode-1] [INFO] [1775620979.870454235] [navNode]: 当前状态：[WaitAim],点位标签[label:A3,qr:6][label2:,qr2:],到达?:[MCU:False]-[POS:False]