1775395750.6623418 [INFO] [launch]: All log files can be found below /home/focal/Desktop/2024_GroundStation/run_log/2026-04-05-06-29-10-656464-ubuntu-36126
1775395750.6628468 [INFO] [launch]: Default logging verbosity is set to INFO
1775395750.8142352 [INFO] [myMain-1]: process started with pid [36139]
1775395750.8150027 [INFO] [navNode-2]: process started with pid [36142]
1775395751.4716151 [navNode-2] [INFO] [1775395751.471050127] [navNode]: paths: [
1775395751.4725425 [navNode-2]   {"x": 0.00, "y": 0.00, "z": 0.70, "label": "TakeOff", "qrcode": "", "label2": ""       , "qrcode2": "" },
1775395751.4731147 [navNode-2]   {"x":-0.25, "y": 0.75, "z": 0.80, "label": "A6"     , "qrcode": "", "label2": ""       , "qrcode2": "" },
1775395751.4736054 [navNode-2]   {"x":-0.25, "y": 0.75, "z": 1.20, "label": "A3"     , "qrcode": "", "label2": ""       , "qrcode2": "" },
1775395751.4739771 [navNode-2]   {"x":-0.25, "y": 1.25, "z": 1.20, "label": "A2"     , "qrcode": "", "label2": ""       , "qrcode2": "" },
1775395751.4742978 [navNode-2]   {"x":-0.25, "y": 1.25, "z": 0.80, "label": "A5"     , "qrcode": "", "label2": ""       , "qrcode2": "" },
1775395751.4746165 [navNode-2]   {"x":-0.25, "y": 1.75, "z": 0.80, "label": "A4"     , "qrcode": "", "label2": ""       , "qrcode2": "" },
1775395751.4750473 [navNode-2]   {"x":-0.25, "y": 1.75, "z": 1.20, "label": "A1"     , "qrcode": "", "label2": ""       , "qrcode2": "" },
1775395751.4754219 [navNode-2]   {"x":-0.25, "y": 2.00, "z": 0.70, "label": "UpSide1", "qrcode": "", "label2": ""       , "qrcode2": "" },
1775395751.4757636 [navNode-2]   {"x": 0.75, "y": 2.00, "z": 0.70, "label": "LandPos", "qrcode": "", "label2": ""       , "qrcode2": "" }
1775395751.4764731 [navNode-2] ]
1775395751.4774566 [navNode-2] 
1775395751.4984558 [navNode-2] [INFO] [1775395751.493314436] [navNode]: 上位机导航节点启动成功
1775395753.9031332 [myMain-1] [INFO] [1775395753.902713017] [Ground]: ros2 node launch success:Ground!
1775395756.9435868 [INFO] [myMain-1]: process has finished cleanly [pid 36139]
1775395908.2598050 [WARNING] [launch]: user interrupted with ctrl-c (SIGINT)
1775395908.2842014 [INFO] [navNode-2]: process has finished cleanly [pid 36142]
