1775387878.7703884 [INFO] [launch]: All log files can be found below /home/focal/Desktop/2024_GroundStation/run_log/2026-04-05-04-17-58-766274-ubuntu-18243
1775387878.7707951 [INFO] [launch]: Default logging verbosity is set to INFO
1775387878.8776124 [INFO] [navNode-1]: process started with pid [18245]
1775387879.1952560 [navNode-1] [INFO] [1775387879.194932536] [navNode]: paths: [
1775387879.1954300 [navNode-1]   {"x": 0.00, "y": 0.00, "z": 0.70, "label": "TakeOff", "qrcode": "", "label2": "TakeOff", "qrcode2": "" },
1775387879.1954873 [navNode-1]   {"x":-0.25, "y": 0.75, "z": 0.80, "label": "A6"     , "qrcode": "", "label2": ""       , "qrcode2": "" },
1775387879.1955204 [navNode-1]   {"x":-0.25, "y": 0.75, "z": 1.20, "label": "A3"     , "qrcode": "", "label2": ""       , "qrcode2": "" },
1775387879.1955507 [navNode-1]   {"x":-0.25, "y": 1.25, "z": 1.20, "label": "A2"     , "qrcode": "", "label2": ""       , "qrcode2": "" },
1775387879.1955807 [navNode-1]   {"x":-0.25, "y": 1.25, "z": 0.80, "label": "A5"     , "qrcode": "", "label2": ""       , "qrcode2": "" },
1775387879.1956277 [navNode-1]   {"x":-0.25, "y": 1.75, "z": 0.80, "label": "A4"     , "qrcode": "", "label2": ""       , "qrcode2": "" },
1775387879.1956551 [navNode-1]   {"x":-0.25, "y": 1.75, "z": 1.20, "label": "A1"     , "qrcode": "", "label2": ""       , "qrcode2": "" },
1775387879.1956820 [navNode-1]   {"x": 0.75, "y": 2.75, "z": 0.70, "label": "UpSide1", "qrcode": "", "label2": ""       , "qrcode2": "" },
1775387879.1957247 [navNode-1]   {"x": 0.75, "y": 2.75, "z": 0.70, "label": "Landpos", "qrcode": "", "label2": ""       , "qrcode2": "" }
1775387879.1957538 [navNode-1] ]
1775387879.1957831 [navNode-1] 
1775387879.2008855 [navNode-1] [INFO] [1775387879.200584548] [navNode]: 上位机导航节点启动成功
1775387885.9545181 [navNode-1] [INFO] [1775387885.954232487] [navNode]: 收到来自UI的请求：A1
1775387885.9548306 [navNode-1] [INFO] [1775387885.954585722] [navNode]: zhixingdanbusaomiao 
1775388071.3059204 [WARNING] [launch]: user interrupted with ctrl-c (SIGINT)
1775388071.3360248 [navNode-1] The following exception was never retrieved: find_points_by_labels() takes 3 positional arguments but 4 were given
1775388071.3422334 [INFO] [navNode-1]: process has finished cleanly [pid 18245]
