1775400550.6324632 [INFO] [launch]: All log files can be found below /home/focal/Desktop/2024_GroundStation/run_log/2026-04-05-07-49-10-625554-ubuntu-41571
1775400550.6335123 [INFO] [launch]: Default logging verbosity is set to INFO
1775400550.8512146 [INFO] [myMain-1]: process started with pid [41586]
1775400550.8521020 [INFO] [navNode-2]: process started with pid [41588]
1775400551.4124970 [navNode-2] [INFO] [1775400551.411999634] [navNode]: paths: [
1775400551.4134583 [navNode-2]   {"x": 0.00, "y": 0.00, "z": 0.70, "label": "TakeOff", "qrcode": "", "label2": ""       , "qrcode2": "" },
1775400551.4140115 [navNode-2]   {"x":-0.25, "y": 0.75, "z": 0.80, "label": "A6"     , "qrcode": "", "label2": ""       , "qrcode2": "" },
1775400551.4144528 [navNode-2]   {"x":-0.25, "y": 0.75, "z": 1.20, "label": "A3"     , "qrcode": "", "label2": ""       , "qrcode2": "" },
1775400551.4148028 [navNode-2]   {"x":-0.25, "y": 1.25, "z": 1.20, "label": "A2"     , "qrcode": "", "label2": ""       , "qrcode2": "" },
1775400551.4151552 [navNode-2]   {"x":-0.25, "y": 1.25, "z": 0.80, "label": "A5"     , "qrcode": "", "label2": ""       , "qrcode2": "" },
1775400551.4153967 [navNode-2]   {"x":-0.25, "y": 1.75, "z": 0.80, "label": "A4"     , "qrcode": "", "label2": ""       , "qrcode2": "" },
1775400551.4157209 [navNode-2]   {"x":-0.25, "y": 1.75, "z": 1.20, "label": "A1"     , "qrcode": "", "label2": ""       , "qrcode2": "" },
1775400551.4160211 [navNode-2]   {"x":-0.25, "y": 2.00, "z": 0.70, "label": "UpSide1", "qrcode": "", "label2": ""       , "qrcode2": "" },
1775400551.4161899 [navNode-2]   {"x": 0.00, "y": 2.00, "z": 0.70, "label": "LandPos", "qrcode": "", "label2": ""       , "qrcode2": "" }
1775400551.4163353 [navNode-2] ]
1775400551.4165745 [navNode-2] 
1775400551.4269509 [navNode-2] [INFO] [1775400551.426442614] [navNode]: 上位机导航节点启动成功
1775400553.4213524 [myMain-1] [INFO] [1775400553.420236405] [Ground]: ros2 node launch success:Ground!
1775400558.9250507 [myMain-1] [INFO] [1775400558.923527258] [Ground]: 发送 scan_all 成功
1775400558.9283593 [navNode-2] [INFO] [1775400558.928025560] [navNode]: 收到来自UI的请求：scan_all
1775400558.9293816 [navNode-2] [WARN] [1775400558.929170467] [navNode]: 任务开始执行scan_all
1775400558.9363265 [myMain-1] [INFO] [1775400558.935893809] [Ground]: scan_all 响应成功 → 回复：scan_all
1775400559.0294604 [navNode-2] [INFO] [1775400559.029158942] [navNode]: 状态1：Takeoff--[TakeOff]
1775400559.2823913 [navNode-2] [ERROR] [1775400559.281661067] [navNode]: 发送 takeoff 失败: ROS2 服务 [ControlService] 未启动或超时
1775400559.2853184 [navNode-2] [INFO] [1775400559.284675776] [navNode]: 状态2：Takeoff_wait--[TakeOff]
1775400559.2861736 [navNode-2] [INFO] [1775400559.285937684] [navNode]: 未到目标点
1775400559.2863679 [navNode-2] 目标位置：(0.00, 0.00, 0.70)-TakeOff-当前状态：[Takeoff_wait|TakeOff] 扫玛状态：前-后[-],到达?:[MCU:False]-[POS:False]
1775400559.2864857 [navNode-2] 当前位置：(0.00, 0.00, 0.00)
1775400559.3294880 [navNode-2] [INFO] [1775400559.329183402] [navNode]: 状态2：Takeoff_wait--[TakeOff]
1775400559.3298404 [navNode-2] [INFO] [1775400559.329562137] [navNode]: 未到目标点
1775400559.3299372 [navNode-2] 目标位置：(0.00, 0.00, 0.70)-TakeOff-当前状态：[Takeoff_wait|TakeOff] 扫玛状态：前-后[-],到达?:[MCU:False]-[POS:False]
1775400559.3299890 [navNode-2] 当前位置：(0.00, 0.00, 0.00)
1775400559.4299862 [navNode-2] [INFO] [1775400559.429621534] [navNode]: 状态2：Takeoff_wait--[TakeOff]
1775400559.4305081 [navNode-2] [INFO] [1775400559.430034459] [navNode]: 未到目标点
1775400559.4306493 [navNode-2] 目标位置：(0.00, 0.00, 0.70)-TakeOff-当前状态：[Takeoff_wait|TakeOff] 扫玛状态：前-后[-],到达?:[MCU:False]-[POS:False]
1775400559.4307361 [navNode-2] 当前位置：(0.00, 0.00, 0.00)
1775400559.5297837 [navNode-2] [INFO] [1775400559.529473598] [navNode]: 状态2：Takeoff_wait--[TakeOff]
1775400559.5301325 [navNode-2] [INFO] [1775400559.529846692] [navNode]: 未到目标点
1775400559.5302212 [navNode-2] 目标位置：(0.00, 0.00, 0.70)-TakeOff-当前状态：[Takeoff_wait|TakeOff] 扫玛状态：前-后[-],到达?:[MCU:False]-[POS:False]
1775400559.5302722 [navNode-2] 当前位置：(0.00, 0.00, 0.00)
1775400559.6299560 [navNode-2] [INFO] [1775400559.629572517] [navNode]: 状态2：Takeoff_wait--[TakeOff]
1775400559.6303644 [navNode-2] [INFO] [1775400559.629959544] [navNode]: 未到目标点
1775400559.6304672 [navNode-2] 目标位置：(0.00, 0.00, 0.70)-TakeOff-当前状态：[Takeoff_wait|TakeOff] 扫玛状态：前-后[-],到达?:[MCU:False]-[POS:False]
1775400559.6305137 [navNode-2] 当前位置：(0.00, 0.00, 0.00)
1775400559.7295847 [navNode-2] [INFO] [1775400559.729304531] [navNode]: 状态2：Takeoff_wait--[TakeOff]
1775400559.7299800 [navNode-2] [INFO] [1775400559.729686738] [navNode]: 未到目标点
1775400559.7300467 [navNode-2] 目标位置：(0.00, 0.00, 0.70)-TakeOff-当前状态：[Takeoff_wait|TakeOff] 扫玛状态：前-后[-],到达?:[MCU:False]-[POS:False]
1775400559.7300863 [navNode-2] 当前位置：(0.00, 0.00, 0.00)
1775400559.8296843 [navNode-2] [INFO] [1775400559.829324973] [navNode]: 状态2：Takeoff_wait--[TakeOff]
1775400559.8300626 [navNode-2] [INFO] [1775400559.829699850] [navNode]: 未到目标点
1775400559.8301592 [navNode-2] 目标位置：(0.00, 0.00, 0.70)-TakeOff-当前状态：[Takeoff_wait|TakeOff] 扫玛状态：前-后[-],到达?:[MCU:False]-[POS:False]
1775400559.8302217 [navNode-2] 当前位置：(0.00, 0.00, 0.00)
1775400559.9301946 [navNode-2] [INFO] [1775400559.929629310] [navNode]: 状态2：Takeoff_wait--[TakeOff]
1775400559.9306531 [navNode-2] [INFO] [1775400559.930444950] [navNode]: 未到目标点
1775400559.9307511 [navNode-2] 目标位置：(0.00, 0.00, 0.70)-TakeOff-当前状态：[Takeoff_wait|TakeOff] 扫玛状态：前-后[-],到达?:[MCU:False]-[POS:False]
1775400559.9308131 [navNode-2] 当前位置：(0.00, 0.00, 0.00)
1775400560.0296702 [navNode-2] [INFO] [1775400560.029372051] [navNode]: 状态2：Takeoff_wait--[TakeOff]
1775400560.0300219 [navNode-2] [INFO] [1775400560.029753353] [navNode]: 未到目标点
1775400560.0301239 [navNode-2] 目标位置：(0.00, 0.00, 0.70)-TakeOff-当前状态：[Takeoff_wait|TakeOff] 扫玛状态：前-后[-],到达?:[MCU:False]-[POS:False]
1775400560.0301712 [navNode-2] 当前位置：(0.00, 0.00, 0.00)
1775400560.1303041 [navNode-2] [INFO] [1775400560.129976894] [navNode]: 状态2：Takeoff_wait--[TakeOff]
1775400560.1307976 [navNode-2] [INFO] [1775400560.130366137] [navNode]: 未到目标点
1775400560.1309075 [navNode-2] 目标位置：(0.00, 0.00, 0.70)-TakeOff-当前状态：[Takeoff_wait|TakeOff] 扫玛状态：前-后[-],到达?:[MCU:False]-[POS:False]
1775400560.1309521 [navNode-2] 当前位置：(0.00, 0.00, 0.00)
1775400560.2297282 [navNode-2] [INFO] [1775400560.229443189] [navNode]: 状态2：Takeoff_wait--[TakeOff]
1775400560.2300751 [navNode-2] [INFO] [1775400560.229827133] [navNode]: 未到目标点
1775400560.2303843 [navNode-2] 目标位置：(0.00, 0.00, 0.70)-TakeOff-当前状态：[Takeoff_wait|TakeOff] 扫玛状态：前-后[-],到达?:[MCU:False]-[POS:False]
1775400560.2305052 [navNode-2] 当前位置：(0.00, 0.00, 0.00)
1775400560.3296139 [navNode-2] [INFO] [1775400560.329322575] [navNode]: 状态2：Takeoff_wait--[TakeOff]
1775400560.3299916 [navNode-2] [INFO] [1775400560.329704302] [navNode]: 未到目标点
1775400560.3300784 [navNode-2] 目标位置：(0.00, 0.00, 0.70)-TakeOff-当前状态：[Takeoff_wait|TakeOff] 扫玛状态：前-后[-],到达?:[MCU:False]-[POS:False]
1775400560.3301547 [navNode-2] 当前位置：(0.00, 0.00, 0.00)
1775400560.4296863 [navNode-2] [INFO] [1775400560.429388779] [navNode]: 状态2：Takeoff_wait--[TakeOff]
1775400560.4300544 [navNode-2] [INFO] [1775400560.429801413] [navNode]: 未到目标点
1775400560.4301336 [navNode-2] 目标位置：(0.00, 0.00, 0.70)-TakeOff-当前状态：[Takeoff_wait|TakeOff] 扫玛状态：前-后[-],到达?:[MCU:False]-[POS:False]
1775400560.4301968 [navNode-2] 当前位置：(0.00, 0.00, 0.00)
1775400560.5302687 [navNode-2] [INFO] [1775400560.529956246] [navNode]: 状态2：Takeoff_wait--[TakeOff]
1775400560.5306435 [navNode-2] [INFO] [1775400560.530361507] [navNode]: 未到目标点
1775400560.5307205 [navNode-2] 目标位置：(0.00, 0.00, 0.70)-TakeOff-当前状态：[Takeoff_wait|TakeOff] 扫玛状态：前-后[-],到达?:[MCU:False]-[POS:False]
1775400560.5307610 [navNode-2] 当前位置：(0.00, 0.00, 0.00)
1775400560.6301188 [navNode-2] [INFO] [1775400560.629596843] [navNode]: 状态2：Takeoff_wait--[TakeOff]
1775400560.6307669 [navNode-2] [INFO] [1775400560.630064692] [navNode]: 未到目标点
1775400560.6308479 [navNode-2] 目标位置：(0.00, 0.00, 0.70)-TakeOff-当前状态：[Takeoff_wait|TakeOff] 扫玛状态：前-后[-],到达?:[MCU:False]-[POS:False]
1775400560.6308873 [navNode-2] 当前位置：(0.00, 0.00, 0.00)
1775400560.7300310 [navNode-2] [INFO] [1775400560.729642732] [navNode]: 状态2：Takeoff_wait--[TakeOff]
1775400560.7303631 [navNode-2] [INFO] [1775400560.730026187] [navNode]: 未到目标点
1775400560.7304497 [navNode-2] 目标位置：(0.00, 0.00, 0.70)-TakeOff-当前状态：[Takeoff_wait|TakeOff] 扫玛状态：前-后[-],到达?:[MCU:False]-[POS:False]
1775400560.7305324 [navNode-2] 当前位置：(0.00, 0.00, 0.00)
1775400560.8309081 [navNode-2] [INFO] [1775400560.830502252] [navNode]: 状态2：Takeoff_wait--[TakeOff]
1775400560.8312726 [navNode-2] [INFO] [1775400560.830944470] [navNode]: 未到目标点
1775400560.8313529 [navNode-2] 目标位置：(0.00, 0.00, 0.70)-TakeOff-当前状态：[Takeoff_wait|TakeOff] 扫玛状态：前-后[-],到达?:[MCU:False]-[POS:False]
1775400560.8314028 [navNode-2] 当前位置：(0.00, 0.00, 0.00)
1775400560.9298778 [navNode-2] [INFO] [1775400560.929521430] [navNode]: 状态2：Takeoff_wait--[TakeOff]
1775400560.9302392 [navNode-2] [INFO] [1775400560.929896983] [navNode]: 未到目标点
1775400560.9303193 [navNode-2] 目标位置：(0.00, 0.00, 0.70)-TakeOff-当前状态：[Takeoff_wait|TakeOff] 扫玛状态：前-后[-],到达?:[MCU:False]-[POS:False]
1775400560.9303806 [navNode-2] 当前位置：(0.00, 0.00, 0.00)
1775400561.0299346 [navNode-2] [INFO] [1775400561.029547771] [navNode]: 状态2：Takeoff_wait--[TakeOff]
1775400561.0302694 [navNode-2] [INFO] [1775400561.029985927] [navNode]: 未到目标点
1775400561.0303686 [navNode-2] 目标位置：(0.00, 0.00, 0.70)-TakeOff-当前状态：[Takeoff_wait|TakeOff] 扫玛状态：前-后[-],到达?:[MCU:False]-[POS:False]
1775400561.0304139 [navNode-2] 当前位置：(0.00, 0.00, 0.00)
1775400561.1297584 [navNode-2] [INFO] [1775400561.129469035] [navNode]: 状态2：Takeoff_wait--[TakeOff]
1775400561.1301103 [navNode-2] [INFO] [1775400561.129841423] [navNode]: 未到目标点
1775400561.1302116 [navNode-2] 目标位置：(0.00, 0.00, 0.70)-TakeOff-当前状态：[Takeoff_wait|TakeOff] 扫玛状态：前-后[-],到达?:[MCU:False]-[POS:False]
1775400561.1302605 [navNode-2] 当前位置：(0.00, 0.00, 0.00)
1775400561.2308395 [navNode-2] [INFO] [1775400561.230445766] [navNode]: 状态2：Takeoff_wait--[TakeOff]
1775400561.2311637 [navNode-2] [INFO] [1775400561.230863414] [navNode]: 未到目标点
1775400561.2312181 [navNode-2] 目标位置：(0.00, 0.00, 0.70)-TakeOff-当前状态：[Takeoff_wait|TakeOff] 扫玛状态：前-后[-],到达?:[MCU:False]-[POS:False]
1775400561.2312548 [navNode-2] 当前位置：(0.00, 0.00, 0.00)
1775400561.3299041 [navNode-2] [INFO] [1775400561.329543859] [navNode]: 状态2：Takeoff_wait--[TakeOff]
1775400561.3302238 [navNode-2] [INFO] [1775400561.329907119] [navNode]: 未到目标点
1775400561.3302758 [navNode-2] 目标位置：(0.00, 0.00, 0.70)-TakeOff-当前状态：[Takeoff_wait|TakeOff] 扫玛状态：前-后[-],到达?:[MCU:False]-[POS:False]
1775400561.3303111 [navNode-2] 当前位置：(0.00, 0.00, 0.00)
1775400561.4300680 [navNode-2] [INFO] [1775400561.429701603] [navNode]: 状态2：Takeoff_wait--[TakeOff]
1775400561.4304173 [navNode-2] [INFO] [1775400561.430065531] [navNode]: 未到目标点
1775400561.4304783 [navNode-2] 目标位置：(0.00, 0.00, 0.70)-TakeOff-当前状态：[Takeoff_wait|TakeOff] 扫玛状态：前-后[-],到达?:[MCU:False]-[POS:False]
1775400561.4305210 [navNode-2] 当前位置：(0.00, 0.00, 0.00)
1775400561.5311565 [navNode-2] [INFO] [1775400561.530893764] [navNode]: 状态2：Takeoff_wait--[TakeOff]
1775400561.5315020 [navNode-2] [INFO] [1775400561.531247414] [navNode]: 未到目标点
1775400561.5315590 [navNode-2] 目标位置：(0.00, 0.00, 0.70)-TakeOff-当前状态：[Takeoff_wait|TakeOff] 扫玛状态：前-后[-],到达?:[MCU:False]-[POS:False]
1775400561.5315955 [navNode-2] 当前位置：(0.00, 0.00, 0.00)
1775400561.6314731 [navNode-2] [INFO] [1775400561.630987291] [navNode]: 状态2：Takeoff_wait--[TakeOff]
1775400561.6318238 [navNode-2] [INFO] [1775400561.631583555] [navNode]: 未到目标点
1775400561.6318824 [navNode-2] 目标位置：(0.00, 0.00, 0.70)-TakeOff-当前状态：[Takeoff_wait|TakeOff] 扫玛状态：前-后[-],到达?:[MCU:False]-[POS:False]
1775400561.6319182 [navNode-2] 当前位置：(0.00, 0.00, 0.00)
1775400561.7312958 [navNode-2] [INFO] [1775400561.730956827] [navNode]: 状态2：Takeoff_wait--[TakeOff]
1775400561.7315805 [navNode-2] [INFO] [1775400561.731317618] [navNode]: 未到目标点
1775400561.7316289 [navNode-2] 目标位置：(0.00, 0.00, 0.70)-TakeOff-当前状态：[Takeoff_wait|TakeOff] 扫玛状态：前-后[-],到达?:[MCU:False]-[POS:False]
1775400561.7316635 [navNode-2] 当前位置：(0.00, 0.00, 0.00)
1775400561.8321922 [navNode-2] [INFO] [1775400561.831575602] [navNode]: 状态2：Takeoff_wait--[TakeOff]
1775400561.8328342 [navNode-2] [INFO] [1775400561.831959176] [navNode]: 未到目标点
1775400561.8329916 [navNode-2] 目标位置：(0.00, 0.00, 0.70)-TakeOff-当前状态：[Takeoff_wait|TakeOff] 扫玛状态：前-后[-],到达?:[MCU:False]-[POS:False]
1775400561.8330998 [navNode-2] 当前位置：(0.00, 0.00, 0.00)
1775400561.9298115 [navNode-2] [INFO] [1775400561.929488138] [navNode]: 状态2：Takeoff_wait--[TakeOff]
1775400561.9301004 [navNode-2] [INFO] [1775400561.929850962] [navNode]: 未到目标点
1775400561.9301531 [navNode-2] 目标位置：(0.00, 0.00, 0.70)-TakeOff-当前状态：[Takeoff_wait|TakeOff] 扫玛状态：前-后[-],到达?:[MCU:False]-[POS:False]
1775400561.9302096 [navNode-2] 当前位置：(0.00, 0.00, 0.00)
1775400562.0300541 [navNode-2] [INFO] [1775400562.029699058] [navNode]: 状态2：Takeoff_wait--[TakeOff]
1775400562.0304270 [navNode-2] [INFO] [1775400562.030058205] [navNode]: 未到目标点
1775400562.0305088 [navNode-2] 目标位置：(0.00, 0.00, 0.70)-TakeOff-当前状态：[Takeoff_wait|TakeOff] 扫玛状态：前-后[-],到达?:[MCU:False]-[POS:False]
1775400562.0305674 [navNode-2] 当前位置：(0.00, 0.00, 0.00)
1775400562.1301501 [navNode-2] [INFO] [1775400562.129829261] [navNode]: 状态2：Takeoff_wait--[TakeOff]
1775400562.1305122 [navNode-2] [INFO] [1775400562.130225143] [navNode]: 未到目标点
1775400562.1305978 [navNode-2] 目标位置：(0.00, 0.00, 0.70)-TakeOff-当前状态：[Takeoff_wait|TakeOff] 扫玛状态：前-后[-],到达?:[MCU:False]-[POS:False]
1775400562.1306756 [navNode-2] 当前位置：(0.00, 0.00, 0.00)
1775400562.2305000 [navNode-2] [INFO] [1775400562.230193521] [navNode]: 状态2：Takeoff_wait--[TakeOff]
1775400562.2309220 [navNode-2] [INFO] [1775400562.230583699] [navNode]: 未到目标点
1775400562.2310381 [navNode-2] 目标位置：(0.00, 0.00, 0.70)-TakeOff-当前状态：[Takeoff_wait|TakeOff] 扫玛状态：前-后[-],到达?:[MCU:False]-[POS:False]
1775400562.2310872 [navNode-2] 当前位置：(0.00, 0.00, 0.00)
1775400562.3297737 [navNode-2] [INFO] [1775400562.329421020] [navNode]: 状态2：Takeoff_wait--[TakeOff]
1775400562.3301411 [navNode-2] [INFO] [1775400562.329783835] [navNode]: 未到目标点
1775400562.3302188 [navNode-2] 目标位置：(0.00, 0.00, 0.70)-TakeOff-当前状态：[Takeoff_wait|TakeOff] 扫玛状态：前-后[-],到达?:[MCU:False]-[POS:False]
1775400562.3302841 [navNode-2] 当前位置：(0.00, 0.00, 0.00)
1775400562.4298952 [navNode-2] [INFO] [1775400562.429569652] [navNode]: 状态2：Takeoff_wait--[TakeOff]
1775400562.4303012 [navNode-2] [INFO] [1775400562.429973376] [navNode]: 未到目标点
1775400562.4303737 [navNode-2] 目标位置：(0.00, 0.00, 0.70)-TakeOff-当前状态：[Takeoff_wait|TakeOff] 扫玛状态：前-后[-],到达?:[MCU:False]-[POS:False]
1775400562.4304225 [navNode-2] 当前位置：(0.00, 0.00, 0.00)
1775400562.5302315 [navNode-2] [INFO] [1775400562.529807475] [navNode]: 状态2：Takeoff_wait--[TakeOff]
1775400562.5306334 [navNode-2] [INFO] [1775400562.530245752] [navNode]: 未到目标点
1775400562.5307512 [navNode-2] 目标位置：(0.00, 0.00, 0.70)-TakeOff-当前状态：[Takeoff_wait|TakeOff] 扫玛状态：前-后[-],到达?:[MCU:False]-[POS:False]
1775400562.5308101 [navNode-2] 当前位置：(0.00, 0.00, 0.00)
1775400562.6300025 [navNode-2] [INFO] [1775400562.629644961] [navNode]: 状态2：Takeoff_wait--[TakeOff]
1775400562.6304629 [navNode-2] [INFO] [1775400562.630131300] [navNode]: 未到目标点
1775400562.6305969 [navNode-2] 目标位置：(0.00, 0.00, 0.70)-TakeOff-当前状态：[Takeoff_wait|TakeOff] 扫玛状态：前-后[-],到达?:[MCU:False]-[POS:False]
1775400562.6306596 [navNode-2] 当前位置：(0.00, 0.00, 0.00)
1775400562.7300367 [navNode-2] [INFO] [1775400562.729634427] [navNode]: 状态2：Takeoff_wait--[TakeOff]
1775400562.7304330 [navNode-2] [INFO] [1775400562.730065148] [navNode]: 未到目标点
1775400562.7305493 [navNode-2] 目标位置：(0.00, 0.00, 0.70)-TakeOff-当前状态：[Takeoff_wait|TakeOff] 扫玛状态：前-后[-],到达?:[MCU:False]-[POS:False]
1775400562.7306161 [navNode-2] 当前位置：(0.00, 0.00, 0.00)
1775400562.8298676 [navNode-2] [INFO] [1775400562.829551033] [navNode]: 状态2：Takeoff_wait--[TakeOff]
1775400562.8302877 [navNode-2] [INFO] [1775400562.829970989] [navNode]: 未到目标点
1775400562.8303840 [navNode-2] 目标位置：(0.00, 0.00, 0.70)-TakeOff-当前状态：[Takeoff_wait|TakeOff] 扫玛状态：前-后[-],到达?:[MCU:False]-[POS:False]
1775400562.8304358 [navNode-2] 当前位置：(0.00, 0.00, 0.00)
1775400562.9297640 [navNode-2] [INFO] [1775400562.929447713] [navNode]: 状态2：Takeoff_wait--[TakeOff]
1775400562.9301996 [navNode-2] [INFO] [1775400562.929845202] [navNode]: 未到目标点
1775400562.9302850 [navNode-2] 目标位置：(0.00, 0.00, 0.70)-TakeOff-当前状态：[Takeoff_wait|TakeOff] 扫玛状态：前-后[-],到达?:[MCU:False]-[POS:False]
1775400562.9303727 [navNode-2] 当前位置：(0.00, 0.00, 0.00)
1775400563.0299120 [navNode-2] [INFO] [1775400563.029591536] [navNode]: 状态2：Takeoff_wait--[TakeOff]
1775400563.0303419 [navNode-2] [INFO] [1775400563.030001558] [navNode]: 未到目标点
1775400563.0304446 [navNode-2] 目标位置：(0.00, 0.00, 0.70)-TakeOff-当前状态：[Takeoff_wait|TakeOff] 扫玛状态：前-后[-],到达?:[MCU:False]-[POS:False]
1775400563.0305130 [navNode-2] 当前位置：(0.00, 0.00, 0.00)
1775400563.1327209 [navNode-2] [INFO] [1775400563.132104918] [navNode]: 状态2：Takeoff_wait--[TakeOff]
1775400563.1335618 [navNode-2] [INFO] [1775400563.133074235] [navNode]: 未到目标点
1775400563.1337271 [navNode-2] 目标位置：(0.00, 0.00, 0.70)-TakeOff-当前状态：[Takeoff_wait|TakeOff] 扫玛状态：前-后[-],到达?:[MCU:False]-[POS:False]
1775400563.1338272 [navNode-2] 当前位置：(0.00, 0.00, 0.00)
1775400563.2299879 [navNode-2] [INFO] [1775400563.229671708] [navNode]: 状态2：Takeoff_wait--[TakeOff]
1775400563.2303116 [navNode-2] [INFO] [1775400563.230047026] [navNode]: 未到目标点
1775400563.2303677 [navNode-2] 目标位置：(0.00, 0.00, 0.70)-TakeOff-当前状态：[Takeoff_wait|TakeOff] 扫玛状态：前-后[-],到达?:[MCU:False]-[POS:False]
1775400563.2304053 [navNode-2] 当前位置：(0.00, 0.00, 0.00)
1775400563.3302362 [navNode-2] [INFO] [1775400563.329843917] [navNode]: 状态2：Takeoff_wait--[TakeOff]
1775400563.3306105 [navNode-2] [INFO] [1775400563.330231770] [navNode]: 未到目标点
1775400563.3307688 [navNode-2] 目标位置：(0.00, 0.00, 0.70)-TakeOff-当前状态：[Takeoff_wait|TakeOff] 扫玛状态：前-后[-],到达?:[MCU:False]-[POS:False]
1775400563.3308325 [navNode-2] 当前位置：(0.00, 0.00, 0.00)
1775400563.3396807 [WARNING] [launch]: user interrupted with ctrl-c (SIGINT)
1775400563.3962371 [INFO] [navNode-2]: process has finished cleanly [pid 41588]
1775400568.3472412 [ERROR] [myMain-1]: process[myMain-1] failed to terminate '5' seconds after receiving 'SIGINT', escalating to 'SIGTERM'
1775400568.3482456 [INFO] [myMain-1]: sending signal 'SIGTERM' to process[myMain-1]
1775400568.3708293 [ERROR] [myMain-1]: process has died [pid 41586, exit code -15, cmd '/home/focal/Desktop/2024_GroundStation/install/GroundStation/lib/GroundStation/myMain --ros-args'].
