1775392355.3596718 [INFO] [launch]: All log files can be found below /home/focal/Desktop/2024_GroundStation/run_log/2026-04-05-05-32-35-355671-ubuntu-27198
1775392355.3600187 [INFO] [launch]: Default logging verbosity is set to INFO
1775392355.4315073 [INFO] [myMain-1]: process started with pid [27200]
1775392355.4318299 [INFO] [navNode-2]: process started with pid [27202]
1775392355.7320678 [navNode-2] [INFO] [1775392355.731759505] [navNode]: paths: [
1775392355.7327080 [navNode-2]   {"x": 0.00, "y": 0.00, "z": 0.70, "label": "TakeOff", "qrcode": "", "label2": ""       , "qrcode2": "" },
1775392355.7330608 [navNode-2]   {"x":-0.25, "y": 0.75, "z": 0.80, "label": "A6"     , "qrcode": "", "label2": ""       , "qrcode2": "" },
1775392355.7332985 [navNode-2]   {"x":-0.25, "y": 0.75, "z": 1.20, "label": "A3"     , "qrcode": "", "label2": ""       , "qrcode2": "" },
1775392355.7335162 [navNode-2]   {"x":-0.25, "y": 1.25, "z": 1.20, "label": "A2"     , "qrcode": "", "label2": ""       , "qrcode2": "" },
1775392355.7337234 [navNode-2]   {"x":-0.25, "y": 1.25, "z": 0.80, "label": "A5"     , "qrcode": "", "label2": ""       , "qrcode2": "" },
1775392355.7339017 [navNode-2]   {"x":-0.25, "y": 1.75, "z": 0.80, "label": "A4"     , "qrcode": "", "label2": ""       , "qrcode2": "" },
1775392355.7340765 [navNode-2]   {"x":-0.25, "y": 1.75, "z": 1.20, "label": "A1"     , "qrcode": "", "label2": ""       , "qrcode2": "" },
1775392355.7342780 [navNode-2]   {"x":-0.25, "y": 2.00, "z": 0.70, "label": "UpSide1", "qrcode": "", "label2": ""       , "qrcode2": "" },
1775392355.7344849 [navNode-2]   {"x": 0.75, "y": 2.00, "z": 0.70, "label": "LandPos", "qrcode": "", "label2": ""       , "qrcode2": "" }
1775392355.7347448 [navNode-2] ]
1775392355.7349894 [navNode-2] 
1775392355.7357867 [navNode-2] [INFO] [1775392355.735660840] [navNode]: 上位机导航节点启动成功
1775392356.2328639 [myMain-1] [INFO] [1775392356.232595038] [Ground]: ros2 node launch success:Ground!
1775392427.5822356 [navNode-2] [INFO] [1775392427.581346166] [navNode]: 收到来自UI的请求：scan_all
1775392427.5837331 [myMain-1] [INFO] [1775392427.582024654] [Ground]: 发送 scan_all 成功
1775392427.5843320 [navNode-2] [WARN] [1775392427.582919871] [navNode]: 任务开始执行scan_all
1775392427.5860047 [myMain-1] [INFO] [1775392427.585222793] [Ground]: scan_all 响应成功 → 回复：scan_all
1775392427.6835778 [navNode-2] [INFO] [1775392427.683221958] [navNode]: 状态1：Takeoff--[TakeOff]
1775392427.6971829 [navNode-2] [INFO] [1775392427.696788807] [navNode]: takeoff 发送成功 → 飞行站已调用：takeoff服务
1775392427.7162306 [navNode-2] [INFO] [1775392427.715968908] [navNode]: MCU2 send back: Takeoffok
1775392427.7165670 [myMain-1] [INFO] [1775392427.716442118] [Ground]: MCU2 send back: Takeoffok
1775392427.7832956 [navNode-2] [INFO] [1775392427.782946246] [navNode]: 状态2：Takeoff_wait--[TakeOff]
1775392427.7836473 [navNode-2] [INFO] [1775392427.783329474] [navNode]: 未到目标点
1775392427.7837029 [navNode-2] 目标位置:(0.0, 0.0, 0.7)-[TakeOff]-[MCU:False]-[POS:False]
1775392427.7837381 [navNode-2] 当前位置:(-0.0019006883958354592, -0.0015962712932378054, -0.012449144385755062)
1775392427.8834517 [navNode-2] [INFO] [1775392427.883125870] [navNode]: 状态2：Takeoff_wait--[TakeOff]
1775392427.8839390 [navNode-2] [INFO] [1775392427.883536039] [navNode]: 未到目标点
1775392427.8841169 [navNode-2] 目标位置:(0.0, 0.0, 0.7)-[TakeOff]-[MCU:False]-[POS:False]
1775392427.8841887 [navNode-2] 当前位置:(-0.0021864718291908503, -0.002275529783219099, -0.011850172653794289)
1775392427.9833159 [navNode-2] [INFO] [1775392427.982926061] [navNode]: 状态2：Takeoff_wait--[TakeOff]
1775392427.9836965 [navNode-2] [INFO] [1775392427.983301720] [navNode]: 未到目标点
1775392427.9837940 [navNode-2] 目标位置:(0.0, 0.0, 0.7)-[TakeOff]-[MCU:False]-[POS:False]
1775392427.9838402 [navNode-2] 当前位置:(-0.002233069622889161, -0.001654663821682334, -0.011954257264733315)
1775392428.0833094 [navNode-2] [INFO] [1775392428.083007300] [navNode]: 状态2：Takeoff_wait--[TakeOff]
1775392428.0837133 [navNode-2] [INFO] [1775392428.083393537] [navNode]: 未到目标点
1775392428.0838163 [navNode-2] 目标位置:(0.0, 0.0, 0.7)-[TakeOff]-[MCU:False]-[POS:False]
1775392428.0838637 [navNode-2] 当前位置:(-0.0023437694180756807, -0.0017550871707499027, -0.012234837748110294)
1775392428.1844702 [navNode-2] [INFO] [1775392428.184175287] [navNode]: 状态2：Takeoff_wait--[TakeOff]
1775392428.1848447 [navNode-2] [INFO] [1775392428.184569688] [navNode]: 未到目标点
1775392428.1849265 [navNode-2] 目标位置:(0.0, 0.0, 0.7)-[TakeOff]-[MCU:False]-[POS:False]
1775392428.1849663 [navNode-2] 当前位置:(-0.0020189625211060047, -0.0018851537024602294, -0.012257135473191738)
1775392428.2838814 [navNode-2] [INFO] [1775392428.283563366] [navNode]: 状态2：Takeoff_wait--[TakeOff]
1775392428.2842813 [navNode-2] [INFO] [1775392428.283953747] [navNode]: 未到目标点
1775392428.2843816 [navNode-2] 目标位置:(0.0, 0.0, 0.7)-[TakeOff]-[MCU:False]-[POS:False]
1775392428.2844315 [navNode-2] 当前位置:(-0.001689492492005229, -0.0014316877350211143, -0.012694275006651878)
1775392428.3844304 [navNode-2] [INFO] [1775392428.383548617] [navNode]: 状态2：Takeoff_wait--[TakeOff]
1775392428.3847902 [navNode-2] [INFO] [1775392428.384257875] [navNode]: 未到目标点
1775392428.3848734 [navNode-2] 目标位置:(0.0, 0.0, 0.7)-[TakeOff]-[MCU:False]-[POS:False]
1775392428.3849106 [navNode-2] 当前位置:(-0.0013965112157166004, -0.0018085879273712635, -0.012913377024233341)
1775392428.4832742 [navNode-2] [INFO] [1775392428.483000675] [navNode]: 状态2：Takeoff_wait--[TakeOff]
1775392428.4836254 [navNode-2] [INFO] [1775392428.483360066] [navNode]: 未到目标点
1775392428.4837074 [navNode-2] 目标位置:(0.0, 0.0, 0.7)-[TakeOff]-[MCU:False]-[POS:False]
1775392428.4837470 [navNode-2] 当前位置:(-0.0013931000139564276, -0.0021079194266349077, -0.013196109794080257)
1775392428.5837486 [navNode-2] [INFO] [1775392428.583343021] [navNode]: 状态2：Takeoff_wait--[TakeOff]
1775392428.5841694 [navNode-2] [INFO] [1775392428.583752730] [navNode]: 未到目标点
1775392428.5842614 [navNode-2] 目标位置:(0.0, 0.0, 0.7)-[TakeOff]-[MCU:False]-[POS:False]
1775392428.5843062 [navNode-2] 当前位置:(-0.001581129850819707, -0.0015058977296575904, -0.012725434266030788)
1775392428.6833384 [navNode-2] [INFO] [1775392428.683033382] [navNode]: 状态2：Takeoff_wait--[TakeOff]
1775392428.6837022 [navNode-2] [INFO] [1775392428.683419517] [navNode]: 未到目标点
1775392428.6838038 [navNode-2] 目标位置:(0.0, 0.0, 0.7)-[TakeOff]-[MCU:False]-[POS:False]
1775392428.6838517 [navNode-2] 当前位置:(-0.0012951905373483896, -0.00138178956694901, -0.011590092442929745)
1775392428.7832704 [navNode-2] [INFO] [1775392428.782952775] [navNode]: 状态2：Takeoff_wait--[TakeOff]
1775392428.7836659 [navNode-2] [INFO] [1775392428.783382618] [navNode]: 未到目标点
1775392428.7837255 [navNode-2] 目标位置:(0.0, 0.0, 0.7)-[TakeOff]-[MCU:False]-[POS:False]
1775392428.7837615 [navNode-2] 当前位置:(-0.001792494091205299, -0.0016889047110453248, -0.011793244630098343)
1775392428.8832819 [navNode-2] [INFO] [1775392428.882981445] [navNode]: 状态2：Takeoff_wait--[TakeOff]
1775392428.8836622 [navNode-2] [INFO] [1775392428.883373328] [navNode]: 未到目标点
1775392428.8837624 [navNode-2] 目标位置:(0.0, 0.0, 0.7)-[TakeOff]-[MCU:False]-[POS:False]
1775392428.8838084 [navNode-2] 当前位置:(-0.0021518308203667402, -0.0017216316191479564, -0.011934521608054638)
1775392428.9834211 [navNode-2] [INFO] [1775392428.983064104] [navNode]: 状态2：Takeoff_wait--[TakeOff]
1775392428.9837956 [navNode-2] [INFO] [1775392428.983429580] [navNode]: 未到目标点
1775392428.9838932 [navNode-2] 目标位置:(0.0, 0.0, 0.7)-[TakeOff]-[MCU:False]-[POS:False]
1775392428.9839382 [navNode-2] 当前位置:(-0.0021622537169605494, -0.001627751742489636, -0.01229039579629898)
1775392429.0844452 [navNode-2] [INFO] [1775392429.084165798] [navNode]: 状态2：Takeoff_wait--[TakeOff]
1775392429.0847509 [navNode-2] [INFO] [1775392429.084528796] [navNode]: 未到目标点
1775392429.0848548 [navNode-2] 目标位置:(0.0, 0.0, 0.7)-[TakeOff]-[MCU:False]-[POS:False]
1775392429.0848949 [navNode-2] 当前位置:(-0.002119505312293768, -0.002213147934526205, -0.012304579839110374)
1775392429.1842945 [navNode-2] [INFO] [1775392429.183986608] [navNode]: 状态2：Takeoff_wait--[TakeOff]
1775392429.1846786 [navNode-2] [INFO] [1775392429.184427034] [navNode]: 未到目标点
1775392429.1848311 [navNode-2] 目标位置:(0.0, 0.0, 0.7)-[TakeOff]-[MCU:False]-[POS:False]
1775392429.1848814 [navNode-2] 当前位置:(-0.0020434269681572914, -0.001412597019225359, -0.011765092611312866)
1775392429.2835722 [navNode-2] [INFO] [1775392429.283268414] [navNode]: 状态2：Takeoff_wait--[TakeOff]
1775392429.2839746 [navNode-2] [INFO] [1775392429.283659795] [navNode]: 未到目标点
1775392429.2840586 [navNode-2] 目标位置:(0.0, 0.0, 0.7)-[TakeOff]-[MCU:False]-[POS:False]
1775392429.2841799 [navNode-2] 当前位置:(-0.002017393708229065, -0.0017458396032452583, -0.012254824861884117)
1775392429.3836005 [navNode-2] [INFO] [1775392429.383235655] [navNode]: 状态2：Takeoff_wait--[TakeOff]
1775392429.3839548 [navNode-2] [INFO] [1775392429.383615483] [navNode]: 未到目标点
1775392429.3840511 [navNode-2] 目标位置:(0.0, 0.0, 0.7)-[TakeOff]-[MCU:False]-[POS:False]
1775392429.3841083 [navNode-2] 当前位置:(-0.001999459695070982, -0.0015748253790661693, -0.011988520622253418)
1775392429.4833734 [navNode-2] [INFO] [1775392429.483002500] [navNode]: 状态2：Takeoff_wait--[TakeOff]
1775392429.4837520 [navNode-2] [INFO] [1775392429.483409694] [navNode]: 未到目标点
1775392429.4838448 [navNode-2] 目标位置:(0.0, 0.0, 0.7)-[TakeOff]-[MCU:False]-[POS:False]
1775392429.4838870 [navNode-2] 当前位置:(-0.002808741293847561, -0.0014432983007282019, -0.012034222483634949)
1775392429.5850265 [navNode-2] [INFO] [1775392429.584381188] [navNode]: 状态2：Takeoff_wait--[TakeOff]
1775392429.5860417 [navNode-2] [INFO] [1775392429.585216345] [navNode]: 未到目标点
1775392429.5862913 [navNode-2] 目标位置:(0.0, 0.0, 0.7)-[TakeOff]-[MCU:False]-[POS:False]
1775392429.5863957 [navNode-2] 当前位置:(-0.002812380902469158, -0.001044855685904622, -0.012155045755207539)
1775392429.6836264 [navNode-2] [INFO] [1775392429.683262869] [navNode]: 状态2：Takeoff_wait--[TakeOff]
1775392429.6839800 [navNode-2] [INFO] [1775392429.683639233] [navNode]: 未到目标点
1775392429.6840625 [navNode-2] 目标位置:(0.0, 0.0, 0.7)-[TakeOff]-[MCU:False]-[POS:False]
1775392429.6841211 [navNode-2] 当前位置:(-0.0025210543535649776, -0.001631421153433621, -0.011389537714421749)
1775392429.7837219 [navNode-2] [INFO] [1775392429.783426215] [navNode]: 状态2：Takeoff_wait--[TakeOff]
1775392429.7840984 [navNode-2] [INFO] [1775392429.783813482] [navNode]: 未到目标点
1775392429.7841930 [navNode-2] 目标位置:(0.0, 0.0, 0.7)-[TakeOff]-[MCU:False]-[POS:False]
1775392429.7842526 [navNode-2] 当前位置:(-0.002561952918767929, -0.001601404044777155, -0.012135695666074753)
1775392429.8834302 [navNode-2] [INFO] [1775392429.883069399] [navNode]: 状态2：Takeoff_wait--[TakeOff]
1775392429.8837893 [navNode-2] [INFO] [1775392429.883437834] [navNode]: 未到目标点
1775392429.8838863 [navNode-2] 目标位置:(0.0, 0.0, 0.7)-[TakeOff]-[MCU:False]-[POS:False]
1775392429.8839300 [navNode-2] 当前位置:(-0.002052513649687171, -0.0012529678642749786, -0.012354002334177494)
1775392429.9831305 [navNode-2] [INFO] [1775392429.982791548] [navNode]: 状态2：Takeoff_wait--[TakeOff]
1775392429.9835653 [navNode-2] [INFO] [1775392429.983163061] [navNode]: 未到目标点
1775392429.9836607 [navNode-2] 目标位置:(0.0, 0.0, 0.7)-[TakeOff]-[MCU:False]-[POS:False]
1775392429.9837055 [navNode-2] 当前位置:(-0.0023717728909105062, -0.001739351311698556, -0.012172221206128597)
1775392430.0832806 [navNode-2] [INFO] [1775392430.083005664] [navNode]: 状态2：Takeoff_wait--[TakeOff]
1775392430.0836301 [navNode-2] [INFO] [1775392430.083406868] [navNode]: 未到目标点
1775392430.0837297 [navNode-2] 目标位置:(0.0, 0.0, 0.7)-[TakeOff]-[MCU:False]-[POS:False]
1775392430.0837870 [navNode-2] 当前位置:(-0.0029239547438919544, -0.002274167723953724, -0.012700839899480343)
1775392430.1851494 [navNode-2] [INFO] [1775392430.184564537] [navNode]: 状态2：Takeoff_wait--[TakeOff]
1775392430.1857824 [navNode-2] [INFO] [1775392430.185614278] [navNode]: 未到目标点
1775392430.1858459 [navNode-2] 目标位置:(0.0, 0.0, 0.7)-[TakeOff]-[MCU:False]-[POS:False]
1775392430.1858797 [navNode-2] 当前位置:(-0.003228195011615753, -0.001825542189180851, -0.01191556453704834)
1775392430.2839699 [navNode-2] [INFO] [1775392430.283336146] [navNode]: 状态2：Takeoff_wait--[TakeOff]
1775392430.2841642 [navNode-2] [INFO] [1775392430.283683959] [navNode]: 未到目标点
1775392430.2842140 [navNode-2] 目标位置:(0.0, 0.0, 0.7)-[TakeOff]-[MCU:False]-[POS:False]
1775392430.2842453 [navNode-2] 当前位置:(-0.0031991375144571066, -0.001905367593280971, -0.012218791991472244)
1775392430.3833375 [navNode-2] [INFO] [1775392430.382995358] [navNode]: 状态2：Takeoff_wait--[TakeOff]
1775392430.3837380 [navNode-2] [INFO] [1775392430.383388629] [navNode]: 未到目标点
1775392430.3838363 [navNode-2] 目标位置:(0.0, 0.0, 0.7)-[TakeOff]-[MCU:False]-[POS:False]
1775392430.3838818 [navNode-2] 当前位置:(-0.0032120489049702883, -0.001818305579945445, -0.012407607398927212)
1775392430.4832537 [navNode-2] [INFO] [1775392430.482971399] [navNode]: 状态2：Takeoff_wait--[TakeOff]
1775392430.4835815 [navNode-2] [INFO] [1775392430.483349017] [navNode]: 未到目标点
1775392430.4836359 [navNode-2] 目标位置:(0.0, 0.0, 0.7)-[TakeOff]-[MCU:False]-[POS:False]
1775392430.4836674 [navNode-2] 当前位置:(-0.003218097146600485, -0.0016942130168899894, -0.012060527689754963)
1775392430.5835073 [navNode-2] [INFO] [1775392430.583112392] [navNode]: 状态2：Takeoff_wait--[TakeOff]
1775392430.5838304 [navNode-2] [INFO] [1775392430.583554781] [navNode]: 未到目标点
1775392430.5839252 [navNode-2] 目标位置:(0.0, 0.0, 0.7)-[TakeOff]-[MCU:False]-[POS:False]
1775392430.5839703 [navNode-2] 当前位置:(-0.002584904432296753, -0.0020620503928512335, -0.012001726776361465)
1775392430.6834559 [navNode-2] [INFO] [1775392430.683122605] [navNode]: 状态2：Takeoff_wait--[TakeOff]
1775392430.6840456 [navNode-2] [INFO] [1775392430.683530161] [navNode]: 未到目标点
1775392430.6842391 [navNode-2] 目标位置:(0.0, 0.0, 0.7)-[TakeOff]-[MCU:False]-[POS:False]
1775392430.6843302 [navNode-2] 当前位置:(-0.0028321989811956882, -0.0015565584180876613, -0.011545060202479362)
1775392430.7837734 [navNode-2] [INFO] [1775392430.783413536] [navNode]: 状态2：Takeoff_wait--[TakeOff]
1775392430.7842116 [navNode-2] [INFO] [1775392430.783846374] [navNode]: 未到目标点
1775392430.7843142 [navNode-2] 目标位置:(0.0, 0.0, 0.7)-[TakeOff]-[MCU:False]-[POS:False]
1775392430.7843566 [navNode-2] 当前位置:(-0.0036354814656078815, -0.0019774020183831453, -0.012334582395851612)
1775392430.8840146 [navNode-2] [INFO] [1775392430.883090892] [navNode]: 状态2：Takeoff_wait--[TakeOff]
1775392430.8844147 [navNode-2] [INFO] [1775392430.883936282] [navNode]: 未到目标点
1775392430.8845179 [navNode-2] 目标位置:(0.0, 0.0, 0.7)-[TakeOff]-[MCU:False]-[POS:False]
1775392430.8845649 [navNode-2] 当前位置:(-0.0034643488470464945, -0.0026319457683712244, -0.011481725610792637)
1775392430.9841404 [navNode-2] [INFO] [1775392430.983482572] [navNode]: 状态2：Takeoff_wait--[TakeOff]
1775392430.9845304 [navNode-2] [INFO] [1775392430.984077343] [navNode]: 未到目标点
1775392430.9846377 [navNode-2] 目标位置:(0.0, 0.0, 0.7)-[TakeOff]-[MCU:False]-[POS:False]
1775392430.9846895 [navNode-2] 当前位置:(-0.0038640950806438923, -0.0029192534275352955, -0.010058855637907982)
1775392431.0838821 [navNode-2] [INFO] [1775392431.083101334] [navNode]: 状态2：Takeoff_wait--[TakeOff]
1775392431.0844584 [navNode-2] [INFO] [1775392431.083736736] [navNode]: 未到目标点
1775392431.0845573 [navNode-2] 目标位置:(0.0, 0.0, 0.7)-[TakeOff]-[MCU:False]-[POS:False]
1775392431.0846229 [navNode-2] 当前位置:(-0.002198844449594617, -0.0023018226493149996, -0.010517235845327377)
1775392431.1841705 [navNode-2] [INFO] [1775392431.183535715] [navNode]: 状态2：Takeoff_wait--[TakeOff]
1775392431.1845710 [navNode-2] [INFO] [1775392431.184242568] [navNode]: 未到目标点
1775392431.1846728 [navNode-2] 目标位置:(0.0, 0.0, 0.7)-[TakeOff]-[MCU:False]-[POS:False]
1775392431.1847568 [navNode-2] 当前位置:(-0.0049476162530481815, -0.0011431013699620962, -0.00950687937438488)
1775392431.2843587 [navNode-2] [INFO] [1775392431.283182862] [navNode]: 状态2：Takeoff_wait--[TakeOff]
1775392431.2848034 [navNode-2] [INFO] [1775392431.284099661] [navNode]: 未到目标点
1775392431.2849317 [navNode-2] 目标位置:(0.0, 0.0, 0.7)-[TakeOff]-[MCU:False]-[POS:False]
1775392431.2850001 [navNode-2] 当前位置:(-0.0008850923622958362, -0.0005480998079292476, -0.012917937710881233)
1775392431.3843937 [navNode-2] [INFO] [1775392431.383612677] [navNode]: 状态2：Takeoff_wait--[TakeOff]
1775392431.3845961 [navNode-2] [INFO] [1775392431.384081880] [navNode]: 未到目标点
1775392431.3846579 [navNode-2] 目标位置:(0.0, 0.0, 0.7)-[TakeOff]-[MCU:False]-[POS:False]
1775392431.3846951 [navNode-2] 当前位置:(-0.0027672171127051115, -0.002528154756873846, -0.010884330607950687)
1775392431.4839957 [navNode-2] [INFO] [1775392431.483358483] [navNode]: 状态2：Takeoff_wait--[TakeOff]
1775392431.4842196 [navNode-2] [INFO] [1775392431.483716946] [navNode]: 未到目标点
1775392431.4842837 [navNode-2] 目标位置:(0.0, 0.0, 0.7)-[TakeOff]-[MCU:False]-[POS:False]
1775392431.4843218 [navNode-2] 当前位置:(-0.004216358996927738, -0.0010485996026545763, -0.012088669463992119)
1775392431.5848091 [navNode-2] [INFO] [1775392431.584067539] [navNode]: 状态2：Takeoff_wait--[TakeOff]
1775392431.5849812 [navNode-2] [INFO] [1775392431.584432608] [navNode]: 未到目标点
1775392431.5850332 [navNode-2] 目标位置:(0.0, 0.0, 0.7)-[TakeOff]-[MCU:False]-[POS:False]
1775392431.5850654 [navNode-2] 当前位置:(-0.003039668081328273, 0.00023529439931735396, -0.007309592328965664)
1775392431.6844182 [navNode-2] [INFO] [1775392431.684045714] [navNode]: 状态2：Takeoff_wait--[TakeOff]
1775392431.6847963 [navNode-2] [INFO] [1775392431.684418394] [navNode]: 未到目标点
1775392431.6848798 [navNode-2] 目标位置:(0.0, 0.0, 0.7)-[TakeOff]-[MCU:False]-[POS:False]
1775392431.6849446 [navNode-2] 当前位置:(-0.004237220156937838, 0.0030979018192738295, -0.007697197142988443)
1775392431.7840905 [navNode-2] [INFO] [1775392431.783768630] [navNode]: 状态2：Takeoff_wait--[TakeOff]
1775392431.7844586 [navNode-2] [INFO] [1775392431.784141662] [navNode]: 未到目标点
1775392431.7845562 [navNode-2] 目标位置:(0.0, 0.0, 0.7)-[TakeOff]-[MCU:False]-[POS:False]
1775392431.7846420 [navNode-2] 当前位置:(-0.006915513891726732, 0.0070253475569188595, -0.0037431963719427586)
1775392431.8833215 [navNode-2] [INFO] [1775392431.883017631] [navNode]: 状态2：Takeoff_wait--[TakeOff]
1775392431.8836830 [navNode-2] [INFO] [1775392431.883392369] [navNode]: 未到目标点
1775392431.8837852 [navNode-2] 目标位置:(0.0, 0.0, 0.7)-[TakeOff]-[MCU:False]-[POS:False]
1775392431.8838334 [navNode-2] 当前位置:(-0.006523625459522009, 0.017545539885759354, 0.0027325625997036695)
1775392431.9845262 [navNode-2] [INFO] [1775392431.984222922] [navNode]: 状态2：Takeoff_wait--[TakeOff]
1775392431.9848905 [navNode-2] [INFO] [1775392431.984619486] [navNode]: 未到目标点
1775392431.9849973 [navNode-2] 目标位置:(0.0, 0.0, 0.7)-[TakeOff]-[MCU:False]-[POS:False]
1775392431.9850614 [navNode-2] 当前位置:(-0.008830059319734573, 0.023300467059016228, 0.009064365178346634)
1775392432.0842967 [navNode-2] [INFO] [1775392432.083672278] [navNode]: 状态2：Takeoff_wait--[TakeOff]
1775392432.0846562 [navNode-2] [INFO] [1775392432.084403732] [navNode]: 未到目标点
1775392432.0847192 [navNode-2] 目标位置:(0.0, 0.0, 0.7)-[TakeOff]-[MCU:False]-[POS:False]
1775392432.0847564 [navNode-2] 当前位置:(-0.011120425537228584, 0.03334403410553932, 0.02780478447675705)
1775392432.1839640 [navNode-2] [INFO] [1775392432.183397826] [navNode]: 状态2：Takeoff_wait--[TakeOff]
1775392432.1842978 [navNode-2] [INFO] [1775392432.184050689] [navNode]: 未到目标点
1775392432.1843541 [navNode-2] 目标位置:(0.0, 0.0, 0.7)-[TakeOff]-[MCU:False]-[POS:False]
1775392432.1843896 [navNode-2] 当前位置:(-0.011586488224565983, 0.04488558694720268, 0.04775182157754898)
1775392432.2841878 [navNode-2] [INFO] [1775392432.283874932] [navNode]: 状态2：Takeoff_wait--[TakeOff]
1775392432.2845852 [navNode-2] [INFO] [1775392432.284257148] [navNode]: 未到目标点
1775392432.2847059 [navNode-2] 目标位置:(0.0, 0.0, 0.7)-[TakeOff]-[MCU:False]-[POS:False]
1775392432.2848177 [navNode-2] 当前位置:(-0.014777367003262043, 0.05523659661412239, 0.07435942441225052)
1775392432.3834894 [navNode-2] [INFO] [1775392432.383182108] [navNode]: 状态2：Takeoff_wait--[TakeOff]
1775392432.3838785 [navNode-2] [INFO] [1775392432.383572376] [navNode]: 未到目标点
1775392432.3840029 [navNode-2] 目标位置:(0.0, 0.0, 0.7)-[TakeOff]-[MCU:False]-[POS:False]
1775392432.3840723 [navNode-2] 当前位置:(-0.014510400593280792, 0.07011613994836807, 0.10073695331811905)
1775392432.4841795 [navNode-2] [INFO] [1775392432.483869186] [navNode]: 状态2：Takeoff_wait--[TakeOff]
1775392432.4845781 [navNode-2] [INFO] [1775392432.484256468] [navNode]: 未到目标点
1775392432.4846933 [navNode-2] 目标位置:(0.0, 0.0, 0.7)-[TakeOff]-[MCU:False]-[POS:False]
1775392432.4847617 [navNode-2] 当前位置:(-0.014591499231755733, 0.07535004615783691, 0.12814432382583618)
1775392432.5841658 [navNode-2] [INFO] [1775392432.583268245] [navNode]: 状态2：Takeoff_wait--[TakeOff]
1775392432.5847349 [navNode-2] [INFO] [1775392432.584115351] [navNode]: 未到目标点
1775392432.5848360 [navNode-2] 目标位置:(0.0, 0.0, 0.7)-[TakeOff]-[MCU:False]-[POS:False]
1775392432.5849147 [navNode-2] 当前位置:(-0.012405521236360073, 0.07719524204730988, 0.15946774184703827)
1775392432.6840467 [navNode-2] [INFO] [1775392432.683601170] [navNode]: 状态2：Takeoff_wait--[TakeOff]
1775392432.6845241 [navNode-2] [INFO] [1775392432.684164874] [navNode]: 未到目标点
1775392432.6846316 [navNode-2] 目标位置:(0.0, 0.0, 0.7)-[TakeOff]-[MCU:False]-[POS:False]
1775392432.6846802 [navNode-2] 当前位置:(-0.013535303995013237, 0.08189955353736877, 0.18825964629650116)
1775392432.7840285 [navNode-2] [INFO] [1775392432.783777338] [navNode]: 状态2：Takeoff_wait--[TakeOff]
1775392432.7848668 [navNode-2] [INFO] [1775392432.784733300] [navNode]: 未到目标点
1775392432.7849903 [navNode-2] 目标位置:(0.0, 0.0, 0.7)-[TakeOff]-[MCU:False]-[POS:False]
1775392432.7850504 [navNode-2] 当前位置:(-0.008375072851777077, 0.07907769083976746, 0.21198567748069763)
1775392432.8839936 [navNode-2] [INFO] [1775392432.883712301] [navNode]: 状态2：Takeoff_wait--[TakeOff]
1775392432.8846157 [navNode-2] [INFO] [1775392432.884085840] [navNode]: 未到目标点
1775392432.8848162 [navNode-2] 目标位置:(0.0, 0.0, 0.7)-[TakeOff]-[MCU:False]-[POS:False]
1775392432.8848746 [navNode-2] 当前位置:(-0.00792018510401249, 0.08274058252573013, 0.2293354868888855)
1775392432.9844170 [navNode-2] [INFO] [1775392432.984115162] [navNode]: 状态2：Takeoff_wait--[TakeOff]
1775392432.9847658 [navNode-2] [INFO] [1775392432.984505026] [navNode]: 未到目标点
1775392432.9848516 [navNode-2] 目标位置:(0.0, 0.0, 0.7)-[TakeOff]-[MCU:False]-[POS:False]
1775392432.9849253 [navNode-2] 当前位置:(-0.005873550195246935, 0.07722625136375427, 0.2558368742465973)
1775392433.0836880 [navNode-2] [INFO] [1775392433.083384854] [navNode]: 状态2：Takeoff_wait--[TakeOff]
1775392433.0840566 [navNode-2] [INFO] [1775392433.083815800] [navNode]: 未到目标点
1775392433.0841498 [navNode-2] 目标位置:(0.0, 0.0, 0.7)-[TakeOff]-[MCU:False]-[POS:False]
1775392433.0841966 [navNode-2] 当前位置:(-0.0049545131623744965, 0.07310330867767334, 0.27662819623947144)
1775392433.1842988 [navNode-2] [INFO] [1775392433.183996024] [navNode]: 状态2：Takeoff_wait--[TakeOff]
1775392433.1846390 [navNode-2] [INFO] [1775392433.184403424] [navNode]: 未到目标点
1775392433.1847236 [navNode-2] 目标位置:(0.0, 0.0, 0.7)-[TakeOff]-[MCU:False]-[POS:False]
1775392433.1847708 [navNode-2] 当前位置:(-0.004025585018098354, 0.07155340164899826, 0.2947988212108612)
1775392433.2842069 [navNode-2] [INFO] [1775392433.283536962] [navNode]: 状态2：Takeoff_wait--[TakeOff]
1775392433.2845905 [navNode-2] [INFO] [1775392433.284202695] [navNode]: 未到目标点
1775392433.2846866 [navNode-2] 目标位置:(0.0, 0.0, 0.7)-[TakeOff]-[MCU:False]-[POS:False]
1775392433.2847676 [navNode-2] 当前位置:(-2.7742707970901392e-06, 0.06934935599565506, 0.31496062874794006)
1775392433.3833177 [navNode-2] [INFO] [1775392433.383017753] [navNode]: 状态2：Takeoff_wait--[TakeOff]
1775392433.3837147 [navNode-2] [INFO] [1775392433.383400212] [navNode]: 未到目标点
1775392433.3838162 [navNode-2] 目标位置:(0.0, 0.0, 0.7)-[TakeOff]-[MCU:False]-[POS:False]
1775392433.3838663 [navNode-2] 当前位置:(0.00040773971704766154, 0.06765624135732651, 0.3361639976501465)
1775392433.4837167 [navNode-2] [INFO] [1775392433.483396175] [navNode]: 状态2：Takeoff_wait--[TakeOff]
1775392433.4841166 [navNode-2] [INFO] [1775392433.483830332] [navNode]: 未到目标点
1775392433.4842210 [navNode-2] 目标位置:(0.0, 0.0, 0.7)-[TakeOff]-[MCU:False]-[POS:False]
1775392433.4842966 [navNode-2] 当前位置:(-9.329528256785125e-05, 0.0622398667037487, 0.36296793818473816)
1775392433.5844908 [navNode-2] [INFO] [1775392433.583260826] [navNode]: 状态2：Takeoff_wait--[TakeOff]
1775392433.5849996 [navNode-2] [INFO] [1775392433.584500464] [navNode]: 未到目标点
1775392433.5851302 [navNode-2] 目标位置:(0.0, 0.0, 0.7)-[TakeOff]-[MCU:False]-[POS:False]
1775392433.5852294 [navNode-2] 当前位置:(0.0030921727884560823, 0.058920472860336304, 0.3930070698261261)
1775392433.6835876 [navNode-2] [INFO] [1775392433.683236906] [navNode]: 状态2：Takeoff_wait--[TakeOff]
1775392433.6840026 [navNode-2] [INFO] [1775392433.683709404] [navNode]: 未到目标点
1775392433.6841424 [navNode-2] 目标位置:(0.0, 0.0, 0.7)-[TakeOff]-[MCU:False]-[POS:False]
1775392433.6842070 [navNode-2] 当前位置:(0.0032256373669952154, 0.059192538261413574, 0.42046570777893066)
1775392433.7834113 [navNode-2] [INFO] [1775392433.783012976] [navNode]: 状态2：Takeoff_wait--[TakeOff]
1775392433.7837801 [navNode-2] [INFO] [1775392433.783486004] [navNode]: 未到目标点
1775392433.7838428 [navNode-2] 目标位置:(0.0, 0.0, 0.7)-[TakeOff]-[MCU:False]-[POS:False]
1775392433.7838888 [navNode-2] 当前位置:(0.003945908043533564, 0.05166469141840935, 0.4534892439842224)
1775392433.8845046 [navNode-2] [INFO] [1775392433.883323276] [navNode]: 状态2：Takeoff_wait--[TakeOff]
1775392433.8849645 [navNode-2] [INFO] [1775392433.884320364] [navNode]: 未到目标点
1775392433.8850839 [navNode-2] 目标位置:(0.0, 0.0, 0.7)-[TakeOff]-[MCU:False]-[POS:False]
1775392433.8851526 [navNode-2] 当前位置:(0.005009695887565613, 0.04558341205120087, 0.4858267307281494)
1775392433.9833832 [navNode-2] [INFO] [1775392433.983046900] [navNode]: 状态2：Takeoff_wait--[TakeOff]
1775392433.9838135 [navNode-2] [INFO] [1775392433.983511489] [navNode]: 未到目标点
1775392433.9839449 [navNode-2] 目标位置:(0.0, 0.0, 0.7)-[TakeOff]-[MCU:False]-[POS:False]
1775392433.9840162 [navNode-2] 当前位置:(0.0041349525563418865, 0.0450562946498394, 0.5090562701225281)
1775392434.0838096 [navNode-2] [INFO] [1775392434.083427501] [navNode]: 状态2：Takeoff_wait--[TakeOff]
1775392434.0847123 [navNode-2] [INFO] [1775392434.083957567] [navNode]: 未到目标点
1775392434.0848634 [navNode-2] 目标位置:(0.0, 0.0, 0.7)-[TakeOff]-[MCU:False]-[POS:False]
1775392434.0849185 [navNode-2] 当前位置:(0.006727784406393766, 0.04318314045667648, 0.5318231582641602)
1775392434.1843138 [navNode-2] [INFO] [1775392434.183452727] [navNode]: 状态2：Takeoff_wait--[TakeOff]
1775392434.1847777 [navNode-2] [INFO] [1775392434.184180572] [navNode]: 未到目标点
1775392434.1849008 [navNode-2] 目标位置:(0.0, 0.0, 0.7)-[TakeOff]-[MCU:False]-[POS:False]
1775392434.1850023 [navNode-2] 当前位置:(0.00844745896756649, 0.03549787029623985, 0.5525459051132202)
1775392434.2836576 [navNode-2] [INFO] [1775392434.283324410] [navNode]: 状态2：Takeoff_wait--[TakeOff]
1775392434.2840767 [navNode-2] [INFO] [1775392434.283780863] [navNode]: 未到目标点
1775392434.2842085 [navNode-2] 目标位置:(0.0, 0.0, 0.7)-[TakeOff]-[MCU:False]-[POS:False]
1775392434.2842634 [navNode-2] 当前位置:(0.008444160223007202, 0.04077449068427086, 0.5641317367553711)
1775392434.3835187 [navNode-2] [INFO] [1775392434.383144122] [navNode]: 状态2：Takeoff_wait--[TakeOff]
1775392434.3839989 [navNode-2] [INFO] [1775392434.383633355] [navNode]: 未到目标点
1775392434.3841610 [navNode-2] 目标位置:(0.0, 0.0, 0.7)-[TakeOff]-[MCU:False]-[POS:False]
1775392434.3842089 [navNode-2] 当前位置:(0.009231945499777794, 0.03463536128401756, 0.5751055479049683)
1775392434.4837575 [navNode-2] [INFO] [1775392434.483384943] [navNode]: 状态2：Takeoff_wait--[TakeOff]
1775392434.4843004 [navNode-2] [INFO] [1775392434.483817875] [navNode]: 未到目标点
1775392434.4844258 [navNode-2] 目标位置:(0.0, 0.0, 0.7)-[TakeOff]-[MCU:False]-[POS:False]
1775392434.4844937 [navNode-2] 当前位置:(0.010073702782392502, 0.033154137432575226, 0.5905327796936035)
1775392434.5836670 [navNode-2] [INFO] [1775392434.583300398] [navNode]: 状态2：Takeoff_wait--[TakeOff]
1775392434.5845897 [navNode-2] [INFO] [1775392434.583751600] [navNode]: 未到目标点
1775392434.5847223 [navNode-2] 目标位置:(0.0, 0.0, 0.7)-[TakeOff]-[MCU:False]-[POS:False]
1775392434.5847743 [navNode-2] 当前位置:(0.010184240527451038, 0.032272279262542725, 0.5918117165565491)
1775392434.6840224 [navNode-2] [INFO] [1775392434.683602739] [navNode]: 状态2：Takeoff_wait--[TakeOff]
1775392434.6850238 [navNode-2] [INFO] [1775392434.684085528] [navNode]: 未到目标点
1775392434.6852198 [navNode-2] 目标位置:(0.0, 0.0, 0.7)-[TakeOff]-[MCU:False]-[POS:False]
1775392434.6852779 [navNode-2] 当前位置:(0.009548241272568703, 0.037484705448150635, 0.5904600024223328)
1775392434.7842603 [navNode-2] [INFO] [1775392434.783351693] [navNode]: 状态2：Takeoff_wait--[TakeOff]
1775392434.7846887 [navNode-2] [INFO] [1775392434.784197788] [navNode]: 未到目标点
1775392434.7847600 [navNode-2] 目标位置:(0.0, 0.0, 0.7)-[TakeOff]-[MCU:False]-[POS:False]
1775392434.7848029 [navNode-2] 当前位置:(0.008687262423336506, 0.027983224019408226, 0.5969908833503723)
1775392434.8834140 [navNode-2] [INFO] [1775392434.883094791] [navNode]: 状态2：Takeoff_wait--[TakeOff]
1775392434.8838375 [navNode-2] [INFO] [1775392434.883543573] [navNode]: 未到目标点
1775392434.8839130 [navNode-2] 目标位置:(0.0, 0.0, 0.7)-[TakeOff]-[MCU:False]-[POS:False]
1775392434.8839552 [navNode-2] 当前位置:(0.011089804582297802, 0.02820289134979248, 0.6036774516105652)
1775392434.9842520 [navNode-2] [INFO] [1775392434.983845098] [navNode]: 状态2：Takeoff_wait--[TakeOff]
1775392434.9846935 [navNode-2] [INFO] [1775392434.984372217] [navNode]: 未到目标点
1775392434.9847925 [navNode-2] 目标位置:(0.0, 0.0, 0.7)-[TakeOff]-[MCU:False]-[POS:False]
1775392434.9848855 [navNode-2] 当前位置:(0.012332892045378685, 0.020598093047738075, 0.614298939704895)
1775392435.0834754 [navNode-2] [INFO] [1775392435.083141992] [navNode]: 状态2：Takeoff_wait--[TakeOff]
1775392435.0839336 [navNode-2] [INFO] [1775392435.083601292] [navNode]: 未到目标点
1775392435.0840621 [navNode-2] 目标位置:(0.0, 0.0, 0.7)-[TakeOff]-[MCU:False]-[POS:False]
1775392435.0841360 [navNode-2] 当前位置:(0.00983103085309267, 0.025143245235085487, 0.6136459112167358)
1775392435.1836188 [navNode-2] [INFO] [1775392435.183288989] [navNode]: 状态2：Takeoff_wait--[TakeOff]
1775392435.1839919 [navNode-2] [INFO] [1775392435.183733631] [navNode]: 未到目标点
1775392435.1841292 [navNode-2] 目标位置:(0.0, 0.0, 0.7)-[TakeOff]-[MCU:False]-[POS:False]
1775392435.1841822 [navNode-2] 当前位置:(0.008246703073382378, 0.026504628360271454, 0.620012640953064)
1775392435.2834351 [navNode-2] [INFO] [1775392435.283080124] [navNode]: 状态2：Takeoff_wait--[TakeOff]
1775392435.2838743 [navNode-2] [INFO] [1775392435.283525746] [navNode]: 未到目标点
1775392435.2839923 [navNode-2] 目标位置:(0.0, 0.0, 0.7)-[TakeOff]-[MCU:False]-[POS:False]
1775392435.2840469 [navNode-2] 当前位置:(0.010803134180605412, 0.020385760813951492, 0.6194741725921631)
1775392435.3837030 [navNode-2] [INFO] [1775392435.383348618] [navNode]: 状态2：Takeoff_wait--[TakeOff]
1775392435.3841181 [navNode-2] [INFO] [1775392435.383787491] [navNode]: 未到目标点
1775392435.3842740 [navNode-2] 目标位置:(0.0, 0.0, 0.7)-[TakeOff]-[MCU:False]-[POS:False]
1775392435.3843536 [navNode-2] 当前位置:(0.01246014516800642, 0.02145365998148918, 0.6252120137214661)
1775392435.4836531 [navNode-2] [INFO] [1775392435.483306332] [navNode]: 状态2：Takeoff_wait--[TakeOff]
1775392435.4840899 [navNode-2] [INFO] [1775392435.483766474] [navNode]: 未到目标点
1775392435.4841988 [navNode-2] 目标位置:(0.0, 0.0, 0.7)-[TakeOff]-[MCU:False]-[POS:False]
1775392435.4842918 [navNode-2] 当前位置:(0.013503225520253181, 0.02397724613547325, 0.6256355047225952)
1775392435.5839086 [navNode-2] [INFO] [1775392435.583559068] [navNode]: 状态2：Takeoff_wait--[TakeOff]
1775392435.5843585 [navNode-2] [INFO] [1775392435.584015255] [navNode]: 未到目标点
1775392435.5845079 [navNode-2] 目标位置:(0.0, 0.0, 0.7)-[TakeOff]-[MCU:False]-[POS:False]
1775392435.5845771 [navNode-2] 当前位置:(0.010677737183868885, 0.01526042353361845, 0.6350179314613342)
1775392435.6843331 [navNode-2] [INFO] [1775392435.683920637] [navNode]: 状态2：Takeoff_wait--[TakeOff]
1775392435.6847987 [navNode-2] [INFO] [1775392435.684390014] [navNode]: 未到目标点
1775392435.6849363 [navNode-2] 目标位置:(0.0, 0.0, 0.7)-[TakeOff]-[MCU:False]-[POS:False]
1775392435.6850367 [navNode-2] 当前位置:(0.008153896778821945, 0.013736208900809288, 0.6393378973007202)
1775392435.7836142 [navNode-2] [INFO] [1775392435.783170025] [navNode]: 状态2：Takeoff_wait--[TakeOff]
1775392435.7840765 [navNode-2] [INFO] [1775392435.783628244] [navNode]: 未到目标点
1775392435.7841849 [navNode-2] 目标位置:(0.0, 0.0, 0.7)-[TakeOff]-[MCU:False]-[POS:False]
1775392435.7842474 [navNode-2] 当前位置:(0.006486539728939533, 0.011271009221673012, 0.6449199318885803)
1775392435.8834937 [navNode-2] [INFO] [1775392435.883122906] [navNode]: 状态2：Takeoff_wait--[TakeOff]
1775392435.8846860 [navNode-2] [INFO] [1775392435.883613531] [navNode]: 未到目标点
1775392435.8849416 [navNode-2] 目标位置:(0.0, 0.0, 0.7)-[TakeOff]-[MCU:False]-[POS:False]
1775392435.8849995 [navNode-2] 当前位置:(0.006598121486604214, 0.019198734313249588, 0.6457403302192688)
1775392435.9835598 [navNode-2] [INFO] [1775392435.983221604] [navNode]: 状态2：Takeoff_wait--[TakeOff]
1775392435.9839716 [navNode-2] [INFO] [1775392435.983668850] [navNode]: 已到目标点
1775392435.9840791 [navNode-2] 目标位置:TakeOff:(0.0, 0.0, 0.7)-[TakeOff]-[MCU:False]-[POS:True]
1775392435.9841344 [navNode-2] 当前位置:(0.007198605220764875, 0.02232990600168705, 0.6522990465164185)
1775392435.9841726 [navNode-2] 
1775392436.0836656 [navNode-2] [INFO] [1775392436.083239626] [navNode]: 状态3：SetAim--[TakeOff]
1775392436.1834841 [navNode-2] [INFO] [1775392436.183209029] [navNode]: 状态4：WaitAim--[TakeOff]
1775392436.1844575 [navNode-2] [INFO] [1775392436.184303550] [navNode]: 已到目标点
1775392436.1846435 [navNode-2] 目标位置:TakeOff:(0.0, 0.0, 0.7)-[TakeOff]-[MCU:False]-[POS:True]
1775392436.1847227 [navNode-2] 当前位置:(0.006011275574564934, 0.007152280770242214, 0.6654574871063232)
1775392436.1847868 [navNode-2] 
1775392436.2835505 [navNode-2] [INFO] [1775392436.283124520] [navNode]: 状态5：ArriveAim--[TakeOff]
1775392436.3839338 [navNode-2] [INFO] [1775392436.383669977] [navNode]: 状态3：SetAim--[TakeOff]
1775392436.6355262 [navNode-2] [ERROR] [1775392436.635232793] [navNode]: 发送 G-02500+07500+08000 失败: ROS2 服务 [ControlService] 未启动或超时
1775392436.6362844 [navNode-2] [INFO] [1775392436.636090610] [navNode]: 状态4：WaitAim--[A6]
1775392436.6365211 [navNode-2] [INFO] [1775392436.636430782] [navNode]: 未到目标点
1775392436.6365855 [navNode-2] 目标位置:(-0.25, 0.75, 0.8)-[A6]-[MCU:False]-[POS:False]
1775392436.6366222 [navNode-2] 当前位置:(0.005309124477207661, 0.011988524347543716, 0.6746297478675842)
1775392436.6835411 [navNode-2] [INFO] [1775392436.683153234] [navNode]: 状态4：WaitAim--[A6]
1775392436.6845946 [navNode-2] [INFO] [1775392436.684332208] [navNode]: 未到目标点
1775392436.6847329 [navNode-2] 目标位置:(-0.25, 0.75, 0.8)-[A6]-[MCU:False]-[POS:False]
1775392436.6847723 [navNode-2] 当前位置:(0.006001864559948444, 0.0056081777438521385, 0.6780667304992676)
1775392436.7836685 [navNode-2] [INFO] [1775392436.783319480] [navNode]: 状态4：WaitAim--[A6]
1775392436.7840528 [navNode-2] [INFO] [1775392436.783771203] [navNode]: 未到目标点
1775392436.7841322 [navNode-2] 目标位置:(-0.25, 0.75, 0.8)-[A6]-[MCU:False]-[POS:False]
1775392436.7841809 [navNode-2] 当前位置:(0.003189164912328124, 0.004921972751617432, 0.6772963404655457)
1775392436.8192403 [myMain-1] [INFO] [1775392436.818832834] [Ground]: MCU2 send back: Gdone*
1775392436.8201232 [navNode-2] [INFO] [1775392436.819936750] [navNode]: MCU2 send back: Gdone*
1775392436.8209076 [navNode-2] [INFO] [1775392436.820784308] [navNode]: mcu:已到目标点-[A6]
1775392436.8834326 [navNode-2] [INFO] [1775392436.883115506] [navNode]: 状态4：WaitAim--[A6]
1775392436.8838615 [navNode-2] [INFO] [1775392436.883591775] [navNode]: 已到目标点
1775392436.8839517 [navNode-2] 目标位置:A6:(-0.25, 0.75, 0.8)-[A6]-[MCU:True]-[POS:False]
1775392436.8840003 [navNode-2] 当前位置:(0.0039284080266952515, 0.011223851703107357, 0.6800533533096313)
1775392436.8840425 [navNode-2] 
1775392436.9846945 [navNode-2] [INFO] [1775392436.983684803] [navNode]: 状态5：ArriveAim--[A6]
1775392437.0835955 [navNode-2] [INFO] [1775392437.083224731] [navNode]: 状态6：Delay--[A6]
1775392437.1846600 [navNode-2] [INFO] [1775392437.183785164] [navNode]: 状态6：Delay--[A6]
1775392437.2837915 [navNode-2] [INFO] [1775392437.283392151] [navNode]: 状态6：Delay--[A6]
1775392437.3838496 [navNode-2] [INFO] [1775392437.383276311] [navNode]: 状态6：Delay--[A6]
1775392437.4835503 [navNode-2] [INFO] [1775392437.483135276] [navNode]: 状态6：Delay--[A6]
1775392437.5842688 [navNode-2] [INFO] [1775392437.583636678] [navNode]: 状态6：Delay--[A6]
1775392437.6835461 [navNode-2] [INFO] [1775392437.683159036] [navNode]: 状态6：Delay--[A6]
1775392437.7835238 [navNode-2] [INFO] [1775392437.783196094] [navNode]: 状态6：Delay--[A6]
1775392437.8418550 [myMain-1] [INFO] [1775392437.841181502] [Ground]: MCU2 send back: Gdone*
1775392437.8423135 [navNode-2] [INFO] [1775392437.841369027] [navNode]: MCU2 send back: Gdone*
1775392437.8424962 [navNode-2] [INFO] [1775392437.841790960] [navNode]: mcu:已到目标点-[A6]
1775392437.8834698 [navNode-2] [INFO] [1775392437.883100715] [navNode]: 状态6：Delay--[A6]
1775392437.9838066 [navNode-2] [INFO] [1775392437.983377693] [navNode]: 状态6：Delay--[A6]
1775392438.0843563 [navNode-2] [INFO] [1775392438.084035780] [navNode]: 状态6：Delay--[A6]
1775392438.1842387 [navNode-2] [INFO] [1775392438.183143271] [navNode]: 状态6：Delay--[A6]
1775392438.2843332 [navNode-2] [INFO] [1775392438.284008493] [navNode]: 状态6：Delay--[A6]
1775392438.3837771 [navNode-2] [INFO] [1775392438.383433498] [navNode]: 状态6：Delay--[A6]
1775392438.4844255 [navNode-2] [INFO] [1775392438.484000204] [navNode]: 状态6：Delay--[A6]
1775392438.5832884 [navNode-2] [INFO] [1775392438.582998625] [navNode]: 状态6：Delay--[A6]
1775392438.6842570 [navNode-2] [INFO] [1775392438.683565840] [navNode]: 状态6：Delay--[A6]
1775392438.7837095 [navNode-2] [INFO] [1775392438.783354809] [navNode]: 状态6：Delay--[A6]
1775392438.8623409 [navNode-2] [INFO] [1775392438.861981871] [navNode]: MCU2 send back: Gdone*
1775392438.8628020 [navNode-2] [INFO] [1775392438.862493957] [navNode]: mcu:已到目标点-[A6]
1775392438.8630369 [myMain-1] [INFO] [1775392438.862951170] [Ground]: MCU2 send back: Gdone*
1775392438.8833511 [navNode-2] [INFO] [1775392438.882972642] [navNode]: 状态6：Delay--[A6]
1775392438.9839914 [navNode-2] [INFO] [1775392438.983650487] [navNode]: 状态6：Delay--[A6]
1775392439.0842521 [navNode-2] [INFO] [1775392439.083780805] [navNode]: 状态6：Delay--[A6]
1775392439.0855837 [navNode-2] [INFO] [1775392439.085280302] [navNode]: 延时结束,QR识别结果:前，后
1775392439.1837544 [navNode-2] [INFO] [1775392439.183380466] [navNode]: 状态6：Delay--[A6]
1775392439.2835162 [navNode-2] [INFO] [1775392439.283107247] [navNode]: 状态3：SetAim--[A6]
1775392439.5345500 [navNode-2] [ERROR] [1775392439.534131572] [navNode]: 发送 G-02500+07500+12000 失败: ROS2 服务 [ControlService] 未启动或超时
1775392439.5352147 [navNode-2] [INFO] [1775392439.535038568] [navNode]: 状态4：WaitAim--[A3]
1775392439.5354664 [navNode-2] [INFO] [1775392439.535395085] [navNode]: 已到目标点
1775392439.5355289 [navNode-2] 目标位置:A3:(-0.25, 0.75, 1.2)-[A3]-[MCU:True]-[POS:False]
1775392439.5355692 [navNode-2] 当前位置:(-0.020856181159615517, -0.024465126916766167, 0.6941357851028442)
1775392439.5356054 [navNode-2] 
1775392439.5835636 [navNode-2] [INFO] [1775392439.583180392] [navNode]: 状态5：ArriveAim--[A3]
1775392439.6835725 [navNode-2] [INFO] [1775392439.683235833] [navNode]: 状态6：Delay--[A3]
1775392439.7837937 [navNode-2] [INFO] [1775392439.783371069] [navNode]: 状态6：Delay--[A3]
1775392439.8825049 [navNode-2] [INFO] [1775392439.882152525] [navNode]: MCU2 send back: Gdone*
1775392439.8829384 [myMain-1] [INFO] [1775392439.882188555] [Ground]: MCU2 send back: Gdone*
1775392439.8831434 [navNode-2] [INFO] [1775392439.882902237] [navNode]: mcu:已到目标点-[A3]
1775392439.8848486 [navNode-2] [INFO] [1775392439.884623712] [navNode]: 状态6：Delay--[A3]
1775392439.9836824 [navNode-2] [INFO] [1775392439.983280872] [navNode]: 状态6：Delay--[A3]
1775392440.0835946 [navNode-2] [INFO] [1775392440.083177630] [navNode]: 状态6：Delay--[A3]
1775392440.1837966 [navNode-2] [INFO] [1775392440.183406996] [navNode]: 状态6：Delay--[A3]
1775392440.2843144 [navNode-2] [INFO] [1775392440.283393171] [navNode]: 状态6：Delay--[A3]
1775392440.3839211 [navNode-2] [INFO] [1775392440.383488062] [navNode]: 状态6：Delay--[A3]
1775392440.4837670 [navNode-2] [INFO] [1775392440.483385480] [navNode]: 状态6：Delay--[A3]
1775392440.5843694 [navNode-2] [INFO] [1775392440.583759327] [navNode]: 状态6：Delay--[A3]
1775392440.6842117 [navNode-2] [INFO] [1775392440.683764817] [navNode]: 状态6：Delay--[A3]
1775392440.7841551 [navNode-2] [INFO] [1775392440.783439117] [navNode]: 状态6：Delay--[A3]
1775392440.8835082 [navNode-2] [INFO] [1775392440.883098373] [navNode]: 状态6：Delay--[A3]
1775392440.9040358 [myMain-1] [INFO] [1775392440.903627695] [Ground]: MCU2 send back: Gdone*
1775392440.9057610 [navNode-2] [INFO] [1775392440.905524934] [navNode]: MCU2 send back: Gdone*
1775392440.9065256 [navNode-2] [INFO] [1775392440.906425390] [navNode]: mcu:已到目标点-[A3]
1775392440.9847283 [navNode-2] [INFO] [1775392440.983541889] [navNode]: 状态6：Delay--[A3]
1775392441.0833614 [navNode-2] [INFO] [1775392441.083068194] [navNode]: 状态6：Delay--[A3]
1775392441.1843290 [navNode-2] [INFO] [1775392441.183440202] [navNode]: 状态6：Delay--[A3]
1775392441.2833941 [navNode-2] [INFO] [1775392441.283030230] [navNode]: 状态6：Delay--[A3]
1775392441.3841169 [navNode-2] [INFO] [1775392441.383833934] [navNode]: 状态6：Delay--[A3]
1775392441.4840617 [navNode-2] [INFO] [1775392441.483554374] [navNode]: 状态6：Delay--[A3]
1775392441.5841289 [navNode-2] [INFO] [1775392441.583812210] [navNode]: 状态6：Delay--[A3]
1775392441.6838706 [navNode-2] [INFO] [1775392441.683120483] [navNode]: 状态6：Delay--[A3]
1775392441.6843069 [navNode-2] [INFO] [1775392441.684064982] [navNode]: 延时结束,QR识别结果:前，后
1775392441.7834857 [navNode-2] [INFO] [1775392441.783117224] [navNode]: 状态6：Delay--[A3]
1775392441.8833947 [navNode-2] [INFO] [1775392441.883078401] [navNode]: 状态3：SetAim--[A3]
1775392441.9251862 [myMain-1] [INFO] [1775392441.924845753] [Ground]: MCU2 send back: Gdone*
1775392442.1352110 [navNode-2] [ERROR] [1775392442.134221344] [navNode]: 发送 G-02500+12500+12000 失败: ROS2 服务 [ControlService] 未启动或超时
1775392442.1365781 [navNode-2] [INFO] [1775392442.136234375] [navNode]: 状态4：WaitAim--[A2]
1775392442.1370296 [navNode-2] [INFO] [1775392442.136862471] [navNode]: 已到目标点
1775392442.1371391 [navNode-2] 目标位置:A2:(-0.25, 1.25, 1.2)-[A2]-[MCU:True]-[POS:False]
1775392442.1371875 [navNode-2] 当前位置:(-0.03447945415973663, -0.041355788707733154, 0.6741029620170593)
1775392442.1372235 [navNode-2] 
1775392442.1377940 [navNode-2] [INFO] [1775392442.137628159] [navNode]: MCU2 send back: Gdone*
1775392442.1380982 [navNode-2] [INFO] [1775392442.138006235] [navNode]: mcu:已到目标点-[A2]
1775392442.1834297 [navNode-2] [INFO] [1775392442.183099684] [navNode]: 状态5：ArriveAim--[A2]
1775392442.2836967 [navNode-2] [INFO] [1775392442.283305942] [navNode]: 状态6：Delay--[A2]
1775392442.3836010 [navNode-2] [INFO] [1775392442.383259254] [navNode]: 状态6：Delay--[A2]
1775392442.4840789 [navNode-2] [INFO] [1775392442.483728983] [navNode]: 状态6：Delay--[A2]
1775392442.5836747 [navNode-2] [INFO] [1775392442.583262721] [navNode]: 状态6：Delay--[A2]
1775392442.6840665 [navNode-2] [INFO] [1775392442.683626079] [navNode]: 状态6：Delay--[A2]
1775392442.7835696 [navNode-2] [INFO] [1775392442.783187654] [navNode]: 状态6：Delay--[A2]
1775392442.8836045 [navNode-2] [INFO] [1775392442.883293656] [navNode]: 状态6：Delay--[A2]
1775392442.9458611 [myMain-1] [INFO] [1775392442.945369072] [Ground]: MCU2 send back: Gdone*
1775392442.9477394 [navNode-2] [INFO] [1775392442.946962769] [navNode]: MCU2 send back: Gdone*
1775392442.9479063 [navNode-2] [INFO] [1775392442.947454490] [navNode]: mcu:已到目标点-[A2]
1775392442.9835775 [navNode-2] [INFO] [1775392442.983277934] [navNode]: 状态6：Delay--[A2]
1775392443.0837312 [navNode-2] [INFO] [1775392443.083202514] [navNode]: 状态6：Delay--[A2]
1775392443.1844482 [navNode-2] [INFO] [1775392443.184040901] [navNode]: 状态6：Delay--[A2]
1775392443.2833524 [navNode-2] [INFO] [1775392443.282968995] [navNode]: 状态6：Delay--[A2]
1775392443.3837051 [navNode-2] [INFO] [1775392443.383339974] [navNode]: 状态6：Delay--[A2]
1775392443.4837244 [navNode-2] [INFO] [1775392443.483272497] [navNode]: 状态6：Delay--[A2]
1775392443.5834181 [navNode-2] [INFO] [1775392443.583075425] [navNode]: 状态6：Delay--[A2]
1775392443.6835809 [navNode-2] [INFO] [1775392443.683212679] [navNode]: 状态6：Delay--[A2]
1775392443.7837377 [navNode-2] [INFO] [1775392443.783204126] [navNode]: 状态6：Delay--[A2]
1775392443.8837883 [navNode-2] [INFO] [1775392443.883407522] [navNode]: 状态6：Delay--[A2]
1775392443.9662187 [myMain-1] [INFO] [1775392443.965855196] [Ground]: MCU2 send back: Gdone*
1775392443.9668081 [navNode-2] [INFO] [1775392443.966420189] [navNode]: MCU2 send back: Gdone*
1775392443.9669845 [navNode-2] [INFO] [1775392443.966864032] [navNode]: mcu:已到目标点-[A2]
1775392443.9840016 [navNode-2] [INFO] [1775392443.983683036] [navNode]: 状态6：Delay--[A2]
1775392444.0845203 [navNode-2] [INFO] [1775392444.084139955] [navNode]: 状态6：Delay--[A2]
1775392444.1836243 [navNode-2] [INFO] [1775392444.183226132] [navNode]: 状态6：Delay--[A2]
1775392444.2844884 [navNode-2] [INFO] [1775392444.284152193] [navNode]: 状态6：Delay--[A2]
1775392444.2851760 [navNode-2] [INFO] [1775392444.285028997] [navNode]: 延时结束,QR识别结果:前，后
1775392444.3834314 [navNode-2] [INFO] [1775392444.383086070] [navNode]: 状态6：Delay--[A2]
1775392444.4834964 [navNode-2] [INFO] [1775392444.483080994] [navNode]: 状态3：SetAim--[A2]
1775392444.7351859 [navNode-2] [ERROR] [1775392444.734156613] [navNode]: 发送 G-02500+12500+08000 失败: ROS2 服务 [ControlService] 未启动或超时
1775392444.7365243 [navNode-2] [INFO] [1775392444.736274810] [navNode]: 状态4：WaitAim--[A5]
1775392444.7367706 [navNode-2] [INFO] [1775392444.736670863] [navNode]: 已到目标点
1775392444.7368369 [navNode-2] 目标位置:A5:(-0.25, 1.25, 0.8)-[A5]-[MCU:True]-[POS:False]
1775392444.7368731 [navNode-2] 当前位置:(-0.039854999631643295, -0.03512957692146301, 0.657043993473053)
1775392444.7369041 [navNode-2] 
1775392444.7839112 [navNode-2] [INFO] [1775392444.783539000] [navNode]: 状态5：ArriveAim--[A5]
1775392444.8837390 [navNode-2] [INFO] [1775392444.883395142] [navNode]: 状态6：Delay--[A5]
1775392444.9834793 [navNode-2] [INFO] [1775392444.983085051] [navNode]: 状态6：Delay--[A5]
1775392444.9873648 [navNode-2] [INFO] [1775392444.987104125] [navNode]: MCU2 send back: Gdone*
1775392444.9877570 [navNode-2] [INFO] [1775392444.987524925] [navNode]: mcu:已到目标点-[A5]
1775392444.9882448 [myMain-1] [INFO] [1775392444.988108501] [Ground]: MCU2 send back: Gdone*
1775392445.0836277 [navNode-2] [INFO] [1775392445.083192021] [navNode]: 状态6：Delay--[A5]
1775392445.1836116 [navNode-2] [INFO] [1775392445.183224889] [navNode]: 状态6：Delay--[A5]
1775392445.2834730 [navNode-2] [INFO] [1775392445.283076351] [navNode]: 状态6：Delay--[A5]
1775392445.3844638 [navNode-2] [INFO] [1775392445.383852255] [navNode]: 状态6：Delay--[A5]
1775392445.4835284 [navNode-2] [INFO] [1775392445.483115907] [navNode]: 状态6：Delay--[A5]
1775392445.5834060 [navNode-2] [INFO] [1775392445.583086533] [navNode]: 状态6：Delay--[A5]
1775392445.6836140 [navNode-2] [INFO] [1775392445.683207730] [navNode]: 状态6：Delay--[A5]
1775392445.7832608 [navNode-2] [INFO] [1775392445.782950808] [navNode]: 状态6：Delay--[A5]
1775392445.8849545 [navNode-2] [INFO] [1775392445.884556538] [navNode]: 状态6：Delay--[A5]
1775392445.9833410 [navNode-2] [INFO] [1775392445.983008286] [navNode]: 状态6：Delay--[A5]
1775392446.0085511 [myMain-1] [INFO] [1775392446.008179522] [Ground]: MCU2 send back: Gdone*
1775392446.0088897 [navNode-2] [INFO] [1775392446.008257083] [navNode]: MCU2 send back: Gdone*
1775392446.0090299 [navNode-2] [INFO] [1775392446.008624001] [navNode]: mcu:已到目标点-[A5]
1775392446.0835888 [navNode-2] [INFO] [1775392446.083236476] [navNode]: 状态6：Delay--[A5]
1775392446.1837003 [navNode-2] [INFO] [1775392446.183233341] [navNode]: 状态6：Delay--[A5]
1775392446.2834361 [navNode-2] [INFO] [1775392446.283070012] [navNode]: 状态6：Delay--[A5]
1775392446.3835828 [navNode-2] [INFO] [1775392446.383199721] [navNode]: 状态6：Delay--[A5]
1775392446.4836926 [navNode-2] [INFO] [1775392446.483295893] [navNode]: 状态6：Delay--[A5]
1775392446.5834894 [navNode-2] [INFO] [1775392446.583114470] [navNode]: 状态6：Delay--[A5]
1775392446.6835155 [navNode-2] [INFO] [1775392446.683117671] [navNode]: 状态6：Delay--[A5]
1775392446.7836139 [navNode-2] [INFO] [1775392446.783224503] [navNode]: 状态6：Delay--[A5]
1775392446.8839417 [navNode-2] [INFO] [1775392446.883480549] [navNode]: 状态6：Delay--[A5]
1775392446.8849556 [navNode-2] [INFO] [1775392446.884707003] [navNode]: 延时结束,QR识别结果:前，后
1775392446.9835033 [navNode-2] [INFO] [1775392446.983148589] [navNode]: 状态6：Delay--[A5]
1775392447.0291471 [myMain-1] [INFO] [1775392447.028138653] [Ground]: MCU2 send back: Gdone*
1775392447.0295651 [navNode-2] [INFO] [1775392447.028365498] [navNode]: MCU2 send back: Gdone*
1775392447.0296903 [navNode-2] [INFO] [1775392447.028772523] [navNode]: mcu:已到目标点-[A5]
1775392447.0839281 [navNode-2] [INFO] [1775392447.083505467] [navNode]: 状态3：SetAim--[A5]
1775392447.3348913 [navNode-2] [ERROR] [1775392447.334510678] [navNode]: 发送 G-02500+17500+08000 失败: ROS2 服务 [ControlService] 未启动或超时
1775392447.3355248 [navNode-2] [INFO] [1775392447.335356998] [navNode]: 状态4：WaitAim--[A4]
1775392447.3357961 [navNode-2] [INFO] [1775392447.335703799] [navNode]: 已到目标点
1775392447.3358998 [navNode-2] 目标位置:A4:(-0.25, 1.75, 0.8)-[A4]-[MCU:True]-[POS:False]
1775392447.3359923 [navNode-2] 当前位置:(-0.04984286054968834, -0.04616124927997589, 0.6816706657409668)
1775392447.3360405 [navNode-2] 
1775392447.3851404 [navNode-2] [INFO] [1775392447.384287980] [navNode]: 状态5：ArriveAim--[A4]
1775392447.4838526 [navNode-2] [INFO] [1775392447.483361220] [navNode]: 状态6：Delay--[A4]
1775392447.5835500 [navNode-2] [INFO] [1775392447.583184052] [navNode]: 状态6：Delay--[A4]
1775392447.6834993 [navNode-2] [INFO] [1775392447.683125405] [navNode]: 状态6：Delay--[A4]
1775392447.7837415 [navNode-2] [INFO] [1775392447.783397134] [navNode]: 状态6：Delay--[A4]
1775392447.8834677 [navNode-2] [INFO] [1775392447.883178694] [navNode]: 状态6：Delay--[A4]
1775392447.9837072 [navNode-2] [INFO] [1775392447.983307151] [navNode]: 状态6：Delay--[A4]
1775392448.0494206 [navNode-2] [INFO] [1775392448.048992975] [navNode]: MCU2 send back: Gdone*
1775392448.0499773 [myMain-1] [INFO] [1775392448.049258073] [Ground]: MCU2 send back: Gdone*
1775392448.0502501 [navNode-2] [INFO] [1775392448.049753566] [navNode]: mcu:已到目标点-[A4]
1775392448.0844121 [navNode-2] [INFO] [1775392448.084113797] [navNode]: 状态6：Delay--[A4]
1775392448.1840875 [navNode-2] [INFO] [1775392448.183719921] [navNode]: 状态6：Delay--[A4]
1775392448.2836616 [navNode-2] [INFO] [1775392448.283271294] [navNode]: 状态6：Delay--[A4]
1775392448.3836825 [navNode-2] [INFO] [1775392448.383416708] [navNode]: 状态6：Delay--[A4]
1775392448.4842923 [navNode-2] [INFO] [1775392448.483359993] [navNode]: 状态6：Delay--[A4]
1775392448.5844088 [navNode-2] [INFO] [1775392448.583421081] [navNode]: 状态6：Delay--[A4]
1775392448.6836331 [navNode-2] [INFO] [1775392448.683214933] [navNode]: 状态6：Delay--[A4]
1775392448.7840056 [navNode-2] [INFO] [1775392448.783654227] [navNode]: 状态6：Delay--[A4]
1775392448.8835967 [navNode-2] [INFO] [1775392448.883176643] [navNode]: 状态6：Delay--[A4]
1775392448.9836884 [navNode-2] [INFO] [1775392448.983278385] [navNode]: 状态6：Delay--[A4]
1775392449.0714257 [myMain-1] [INFO] [1775392449.070999167] [Ground]: MCU2 send back: Gdone*
1775392449.0719211 [navNode-2] [INFO] [1775392449.071799215] [navNode]: MCU2 send back: Gdone*
1775392449.0723064 [navNode-2] [INFO] [1775392449.072183158] [navNode]: mcu:已到目标点-[A4]
1775392449.0838113 [navNode-2] [INFO] [1775392449.083326748] [navNode]: 状态6：Delay--[A4]
1775392449.1838567 [navNode-2] [INFO] [1775392449.183476511] [navNode]: 状态6：Delay--[A4]
1775392449.2837887 [navNode-2] [INFO] [1775392449.283454491] [navNode]: 状态6：Delay--[A4]
1775392449.3840644 [navNode-2] [INFO] [1775392449.383509095] [navNode]: 状态6：Delay--[A4]
1775392449.4849408 [navNode-2] [INFO] [1775392449.484544695] [navNode]: 状态6：Delay--[A4]
1775392449.4858081 [navNode-2] [INFO] [1775392449.485580500] [navNode]: 延时结束,QR识别结果:前，后
1775392449.5842605 [navNode-2] [INFO] [1775392449.583478239] [navNode]: 状态6：Delay--[A4]
1775392449.6839576 [navNode-2] [INFO] [1775392449.683481011] [navNode]: 状态3：SetAim--[A4]
1775392449.9348247 [navNode-2] [ERROR] [1775392449.934500770] [navNode]: 发送 G-02500+17500+12000 失败: ROS2 服务 [ControlService] 未启动或超时
1775392449.9356427 [navNode-2] [INFO] [1775392449.935452269] [navNode]: 状态4：WaitAim--[A1]
1775392449.9359343 [navNode-2] [INFO] [1775392449.935802899] [navNode]: 已到目标点
1775392449.9359932 [navNode-2] 目标位置:A1:(-0.25, 1.75, 1.2)-[A1]-[MCU:True]-[POS:False]
1775392449.9360399 [navNode-2] 当前位置:(-0.06707015633583069, -0.06369297951459885, 0.6838792562484741)
1775392449.9360719 [navNode-2] 
1775392449.9835451 [navNode-2] [INFO] [1775392449.983129167] [navNode]: 状态5：ArriveAim--[A1]
1775392450.0836961 [navNode-2] [INFO] [1775392450.083403696] [navNode]: 状态6：Delay--[A1]
1775392450.0908580 [navNode-2] [INFO] [1775392450.090583965] [navNode]: MCU2 send back: Gdone*
1775392450.0912421 [myMain-1] [INFO] [1775392450.090598934] [Ground]: MCU2 send back: Gdone*
1775392450.0914097 [navNode-2] [INFO] [1775392450.090957746] [navNode]: mcu:已到目标点-[A1]
1775392450.1836867 [navNode-2] [INFO] [1775392450.183304725] [navNode]: 状态6：Delay--[A1]
1775392450.2846148 [navNode-2] [INFO] [1775392450.284183512] [navNode]: 状态6：Delay--[A1]
1775392450.3838968 [navNode-2] [INFO] [1775392450.383496888] [navNode]: 状态6：Delay--[A1]
1775392450.4836829 [navNode-2] [INFO] [1775392450.483385588] [navNode]: 状态6：Delay--[A1]
1775392450.5842857 [navNode-2] [INFO] [1775392450.583866742] [navNode]: 状态6：Delay--[A1]
1775392450.6836057 [navNode-2] [INFO] [1775392450.683268092] [navNode]: 状态6：Delay--[A1]
1775392450.7843637 [navNode-2] [INFO] [1775392450.783870659] [navNode]: 状态6：Delay--[A1]
1775392450.8833518 [navNode-2] [INFO] [1775392450.883054903] [navNode]: 状态6：Delay--[A1]
1775392450.9836688 [navNode-2] [INFO] [1775392450.983282120] [navNode]: 状态6：Delay--[A1]
1775392451.0836034 [navNode-2] [INFO] [1775392451.083244323] [navNode]: 状态6：Delay--[A1]
1775392451.1120210 [myMain-1] [INFO] [1775392451.111594840] [Ground]: MCU2 send back: Gdone*
1775392451.1132016 [navNode-2] [INFO] [1775392451.112849051] [navNode]: MCU2 send back: Gdone*
1775392451.1135335 [navNode-2] [INFO] [1775392451.113349591] [navNode]: mcu:已到目标点-[A1]
1775392451.1841021 [navNode-2] [INFO] [1775392451.183742674] [navNode]: 状态6：Delay--[A1]
1775392451.2840745 [navNode-2] [INFO] [1775392451.283727344] [navNode]: 状态6：Delay--[A1]
1775392451.3835909 [navNode-2] [INFO] [1775392451.383262645] [navNode]: 状态6：Delay--[A1]
1775392451.4745286 [myMain-1] [ERROR] [1775392451.474197661] [Ground]: 发送 land 失败: ROS2 服务 [ControlService] 未启动或超时
1775392451.4749334 [myMain-1] [ERROR] [1775392451.474820831] [Ground]: fail
1775392451.4860463 [navNode-2] [INFO] [1775392451.485666687] [navNode]: 状态6：Delay--[A1]
1775392451.5839920 [navNode-2] [INFO] [1775392451.583487093] [navNode]: 状态6：Delay--[A1]
1775392451.6842299 [navNode-2] [INFO] [1775392451.683534342] [navNode]: 状态6：Delay--[A1]
1775392451.7839699 [navNode-2] [INFO] [1775392451.783442324] [navNode]: 状态6：Delay--[A1]
1775392451.8838875 [navNode-2] [INFO] [1775392451.883349120] [navNode]: 状态6：Delay--[A1]
1775392451.9847817 [navNode-2] [INFO] [1775392451.983843588] [navNode]: 状态6：Delay--[A1]
1775392452.0842743 [navNode-2] [INFO] [1775392452.083820163] [navNode]: 状态6：Delay--[A1]
1775392452.0853162 [navNode-2] [INFO] [1775392452.085063873] [navNode]: 延时结束,QR识别结果:前，后
1775392452.1337633 [myMain-1] [INFO] [1775392452.133440051] [Ground]: MCU2 send back: Gdone*
1775392452.1341522 [navNode-2] [INFO] [1775392452.133775074] [navNode]: MCU2 send back: Gdone*
1775392452.1343575 [navNode-2] [INFO] [1775392452.134187072] [navNode]: mcu:已到目标点-[A1]
1775392452.1842272 [navNode-2] [INFO] [1775392452.183712550] [navNode]: 状态6：Delay--[A1]
1775392452.2843153 [navNode-2] [INFO] [1775392452.283824514] [navNode]: 状态3：SetAim--[A1]
1775392452.5363188 [navNode-2] [ERROR] [1775392452.535888549] [navNode]: 发送 G-02500+20000+07000 失败: ROS2 服务 [ControlService] 未启动或超时
1775392452.5379951 [navNode-2] [INFO] [1775392452.537360286] [navNode]: 状态4：WaitAim--[UpSide1]
1775392452.5381851 [navNode-2] [INFO] [1775392452.537724908] [navNode]: 已到目标点
1775392452.5382349 [navNode-2] 目标位置:UpSide1:(-0.25, 2.0, 0.7)-[UpSide1]-[MCU:True]-[POS:False]
1775392452.5382721 [navNode-2] 当前位置:(-0.07501361519098282, -0.0674891546368599, 0.6920537352561951)
1775392452.5383065 [navNode-2] 
1775392452.5842590 [navNode-2] [INFO] [1775392452.583900335] [navNode]: 状态5：ArriveAim--[UpSide1]
1775392452.6840501 [navNode-2] [INFO] [1775392452.683624685] [navNode]: 状态3：SetAim--[UpSide1]
1775392452.9350193 [navNode-2] [ERROR] [1775392452.934680202] [navNode]: 发送 normalLand 失败: ROS2 服务 [ControlService] 未启动或超时
1775392452.9359987 [navNode-2] [INFO] [1775392452.935787800] [navNode]: 状态7：Land--[降落开始]
1775392452.9362791 [navNode-2] [INFO] [1775392452.936204590] [navNode]: 已到目标点
1775392452.9363453 [navNode-2] 目标位置:LandPos:(0.75, 2.0, 0.7)-[LandPos]-[MCU:True]-[POS:False]
1775392452.9363875 [navNode-2] 当前位置:(-0.07281464338302612, -0.07272016257047653, 0.6944729089736938)
1775392452.9364247 [navNode-2] 
1775392452.9834797 [navNode-2] [INFO] [1775392452.983159475] [navNode]: 状态8：End--[任务结束]
1775392453.1540103 [myMain-1] [INFO] [1775392453.153590351] [Ground]: MCU2 send back: Gdone*
1775392453.1544774 [navNode-2] [INFO] [1775392453.154181804] [navNode]: MCU2 send back: Gdone*
1775392453.1547186 [navNode-2] [INFO] [1775392453.154576816] [navNode]: mcu:已到目标点-[LandPos]
1775392453.6434810 [myMain-1] [ERROR] [1775392453.643086801] [Ground]: 发送 land 失败: ROS2 服务 [ControlService] 未启动或超时
1775392453.6438448 [myMain-1] [ERROR] [1775392453.643509873] [Ground]: fail
1775392454.1755238 [navNode-2] [INFO] [1775392454.174837788] [navNode]: MCU2 send back: Gdone*
1775392454.1758308 [navNode-2] [INFO] [1775392454.175179784] [navNode]: mcu:已到目标点-[LandPos]
1775392454.1770568 [myMain-1] [INFO] [1775392454.176759605] [Ground]: MCU2 send back: Gdone*
1775392455.1958125 [navNode-2] [INFO] [1775392455.195106413] [navNode]: MCU2 send back: Gdone*
1775392455.1961389 [navNode-2] [INFO] [1775392455.195539017] [navNode]: mcu:已到目标点-[LandPos]
1775392455.1965077 [myMain-1] [INFO] [1775392455.195481773] [Ground]: MCU2 send back: Gdone*
1775392456.0937636 [myMain-1] [ERROR] [1775392456.093364308] [Ground]: 发送 land 失败: ROS2 服务 [ControlService] 未启动或超时
1775392456.0943525 [myMain-1] [ERROR] [1775392456.093745800] [Ground]: fail
1775392456.2165527 [navNode-2] [INFO] [1775392456.215918080] [navNode]: MCU2 send back: Gdone*
1775392456.2167835 [navNode-2] [INFO] [1775392456.216284586] [navNode]: mcu:已到目标点-[LandPos]
1775392456.2170749 [myMain-1] [INFO] [1775392456.216140969] [Ground]: MCU2 send back: Gdone*
1775392457.2389982 [navNode-2] [INFO] [1775392457.238650204] [navNode]: MCU2 send back: Gdone*
1775392457.2398620 [myMain-1] [INFO] [1775392457.238843549] [Ground]: MCU2 send back: Gdone*
1775392457.2400846 [navNode-2] [INFO] [1775392457.238997317] [navNode]: mcu:已到目标点-[LandPos]
1775392458.2579927 [navNode-2] [INFO] [1775392458.257689722] [navNode]: MCU2 send back: Gdone*
1775392458.2584124 [navNode-2] [INFO] [1775392458.258055211] [navNode]: mcu:已到目标点-[LandPos]
1775392458.2589729 [myMain-1] [INFO] [1775392458.258828286] [Ground]: MCU2 send back: Gdone*
1775392459.2793741 [myMain-1] [INFO] [1775392459.278968991] [Ground]: MCU2 send back: Gdone*
1775392459.2799115 [navNode-2] [INFO] [1775392459.279758836] [navNode]: MCU2 send back: Gdone*
1775392459.2802596 [navNode-2] [INFO] [1775392459.280096551] [navNode]: mcu:已到目标点-[LandPos]
1775392460.3006775 [navNode-2] [INFO] [1775392460.299656666] [navNode]: MCU2 send back: Gdone*
1775392460.3008847 [navNode-2] [INFO] [1775392460.300283273] [navNode]: mcu:已到目标点-[LandPos]
1775392460.3010929 [myMain-1] [INFO] [1775392460.299658907] [Ground]: MCU2 send back: Gdone*
1775392461.3212225 [myMain-1] [INFO] [1775392461.320903835] [Ground]: MCU2 send back: Gdone*
1775392461.3222578 [navNode-2] [INFO] [1775392461.322092253] [navNode]: MCU2 send back: Gdone*
1775392461.3227246 [navNode-2] [INFO] [1775392461.322621380] [navNode]: mcu:已到目标点-[LandPos]
1775392462.3414462 [navNode-2] [INFO] [1775392462.340969912] [navNode]: MCU2 send back: Gdone*
1775392462.3419294 [myMain-1] [INFO] [1775392462.341124406] [Ground]: MCU2 send back: Gdone*
1775392462.3422012 [navNode-2] [INFO] [1775392462.341300097] [navNode]: mcu:已到目标点-[LandPos]
1775392463.3616509 [myMain-1] [INFO] [1775392463.361361175] [Ground]: MCU2 send back: Gdone*
1775392463.3620284 [navNode-2] [INFO] [1775392463.361374439] [navNode]: MCU2 send back: Gdone*
1775392463.3624942 [navNode-2] [INFO] [1775392463.361936896] [navNode]: mcu:已到目标点-[LandPos]
1775392464.3830090 [navNode-2] [INFO] [1775392464.382764380] [navNode]: MCU2 send back: Gdone*
1775392464.3834214 [myMain-1] [INFO] [1775392464.383075277] [Ground]: MCU2 send back: Gdone*
1775392464.3843460 [navNode-2] [INFO] [1775392464.384158678] [navNode]: mcu:已到目标点-[LandPos]
1775392465.4047446 [navNode-2] [INFO] [1775392465.404285043] [navNode]: MCU2 send back: Gdone*
1775392465.4050922 [myMain-1] [INFO] [1775392465.404383005] [Ground]: MCU2 send back: Gdone*
1775392465.4052820 [navNode-2] [INFO] [1775392465.404611949] [navNode]: mcu:已到目标点-[LandPos]
1775392466.4246123 [navNode-2] [INFO] [1775392466.424232606] [navNode]: MCU2 send back: Gdone*
1775392466.4251907 [myMain-1] [INFO] [1775392466.424414938] [Ground]: MCU2 send back: Gdone*
1775392466.4254692 [navNode-2] [INFO] [1775392466.424554713] [navNode]: mcu:已到目标点-[LandPos]
1775392467.4458463 [myMain-1] [INFO] [1775392467.445570906] [Ground]: MCU2 send back: Gdone*
1775392467.4463348 [navNode-2] [INFO] [1775392467.445950710] [navNode]: MCU2 send back: Gdone*
1775392467.4468427 [navNode-2] [INFO] [1775392467.446663519] [navNode]: mcu:已到目标点-[LandPos]
1775392468.4663072 [navNode-2] [INFO] [1775392468.466045512] [navNode]: MCU2 send back: Gdone*
1775392468.4666336 [navNode-2] [INFO] [1775392468.466374779] [navNode]: mcu:已到目标点-[LandPos]
1775392468.4681387 [myMain-1] [INFO] [1775392468.467905176] [Ground]: MCU2 send back: Gdone*
1775392469.4874058 [navNode-2] [INFO] [1775392469.487131617] [navNode]: MCU2 send back: Gdone*
1775392469.4877756 [navNode-2] [INFO] [1775392469.487462685] [navNode]: mcu:已到目标点-[LandPos]
1775392469.4881907 [myMain-1] [INFO] [1775392469.488082196] [Ground]: MCU2 send back: Gdone*
1775392470.5094302 [myMain-1] [INFO] [1775392470.509173353] [Ground]: MCU2 send back: Gdone*
1775392470.5101535 [navNode-2] [INFO] [1775392470.510023208] [navNode]: MCU2 send back: Gdone*
1775392470.5109117 [navNode-2] [INFO] [1775392470.510799758] [navNode]: mcu:已到目标点-[LandPos]
1775392471.5286155 [navNode-2] [INFO] [1775392471.528271676] [navNode]: MCU2 send back: Gdone*
1775392471.5298154 [navNode-2] [INFO] [1775392471.528982819] [navNode]: mcu:已到目标点-[LandPos]
1775392471.5304184 [myMain-1] [INFO] [1775392471.529811756] [Ground]: MCU2 send back: Gdone*
1775392472.5499251 [navNode-2] [INFO] [1775392472.549175313] [navNode]: MCU2 send back: Gdone*
1775392472.5507185 [navNode-2] [INFO] [1775392472.549562369] [navNode]: mcu:已到目标点-[LandPos]
1775392472.5513203 [myMain-1] [INFO] [1775392472.549223893] [Ground]: MCU2 send back: Gdone*
1775392473.5698631 [navNode-2] [INFO] [1775392473.569560341] [navNode]: MCU2 send back: Gdone*
1775392473.5701807 [myMain-1] [INFO] [1775392473.569674330] [Ground]: MCU2 send back: Gdone*
1775392473.5702965 [navNode-2] [INFO] [1775392473.569906340] [navNode]: mcu:已到目标点-[LandPos]
1775392474.5910594 [myMain-1] [INFO] [1775392474.590771376] [Ground]: MCU2 send back: Gdone*
1775392474.5918002 [navNode-2] [INFO] [1775392474.590871479] [navNode]: MCU2 send back: Gdone*
1775392474.5921023 [navNode-2] [INFO] [1775392474.591384843] [navNode]: mcu:已到目标点-[LandPos]
1775392475.6117814 [navNode-2] [INFO] [1775392475.611504529] [navNode]: MCU2 send back: Gdone*
1775392475.6126986 [navNode-2] [INFO] [1775392475.611854351] [navNode]: mcu:已到目标点-[LandPos]
1775392475.6132665 [myMain-1] [INFO] [1775392475.613016879] [Ground]: MCU2 send back: Gdone*
1775392476.6343563 [myMain-1] [INFO] [1775392476.633966564] [Ground]: MCU2 send back: Gdone*
1775392476.6351817 [navNode-2] [INFO] [1775392476.633983118] [navNode]: MCU2 send back: Gdone*
1775392476.6354914 [navNode-2] [INFO] [1775392476.634351919] [navNode]: mcu:已到目标点-[LandPos]
1775392477.6535819 [myMain-1] [INFO] [1775392477.653255817] [Ground]: MCU2 send back: Gdone*
1775392477.6542959 [navNode-2] [INFO] [1775392477.653445423] [navNode]: MCU2 send back: Gdone*
1775392477.6545136 [navNode-2] [INFO] [1775392477.653749518] [navNode]: mcu:已到目标点-[LandPos]
1775392478.6755900 [myMain-1] [INFO] [1775392478.675237625] [Ground]: MCU2 send back: Gdone*
1775392478.6759200 [navNode-2] [INFO] [1775392478.675653111] [navNode]: MCU2 send back: Gdone*
1775392478.6760616 [navNode-2] [INFO] [1775392478.675973836] [navNode]: mcu:已到目标点-[LandPos]
1775392479.6968808 [navNode-2] [INFO] [1775392479.696407560] [navNode]: MCU2 send back: Gdone*
1775392479.6972649 [myMain-1] [INFO] [1775392479.696551602] [Ground]: MCU2 send back: Gdone*
1775392479.6974316 [navNode-2] [INFO] [1775392479.696723711] [navNode]: mcu:已到目标点-[LandPos]
1775392480.7173936 [myMain-1] [INFO] [1775392480.717126604] [Ground]: MCU2 send back: Gdone*
1775392480.7180984 [navNode-2] [INFO] [1775392480.717968749] [navNode]: MCU2 send back: Gdone*
1775392480.7185485 [navNode-2] [INFO] [1775392480.718287838] [navNode]: mcu:已到目标点-[LandPos]
1775392481.7388318 [myMain-1] [INFO] [1775392481.738469725] [Ground]: MCU2 send back: Gdone*
1775392481.7398140 [navNode-2] [INFO] [1775392481.739068998] [navNode]: MCU2 send back: Gdone*
1775392481.7401605 [navNode-2] [INFO] [1775392481.739405661] [navNode]: mcu:已到目标点-[LandPos]
1775392482.7590787 [navNode-2] [INFO] [1775392482.758826410] [navNode]: MCU2 send back: Gdone*
1775392482.7600393 [navNode-2] [INFO] [1775392482.759167030] [navNode]: mcu:已到目标点-[LandPos]
1775392482.7611349 [myMain-1] [INFO] [1775392482.760883904] [Ground]: MCU2 send back: Gdone*
1775392483.7805102 [myMain-1] [INFO] [1775392483.780128648] [Ground]: MCU2 send back: Gdone*
1775392483.7808192 [navNode-2] [INFO] [1775392483.780444063] [navNode]: MCU2 send back: Gdone*
1775392483.7809446 [navNode-2] [INFO] [1775392483.780740934] [navNode]: mcu:已到目标点-[LandPos]
1775392484.8018463 [navNode-2] [INFO] [1775392484.800639922] [navNode]: MCU2 send back: Gdone*
1775392484.8020878 [navNode-2] [INFO] [1775392484.801095087] [navNode]: mcu:已到目标点-[LandPos]
1775392484.8030849 [myMain-1] [INFO] [1775392484.802819890] [Ground]: MCU2 send back: Gdone*
1775392485.8216355 [navNode-2] [INFO] [1775392485.821321172] [navNode]: MCU2 send back: Gdone*
1775392485.8219182 [myMain-1] [INFO] [1775392485.821323096] [Ground]: MCU2 send back: Gdone*
1775392485.8223906 [navNode-2] [INFO] [1775392485.822263578] [navNode]: mcu:已到目标点-[LandPos]
1775392486.8428245 [myMain-1] [INFO] [1775392486.842514470] [Ground]: MCU2 send back: Gdone*
1775392486.8432245 [navNode-2] [INFO] [1775392486.842966971] [navNode]: MCU2 send back: Gdone*
1775392486.8434241 [navNode-2] [INFO] [1775392486.843278551] [navNode]: mcu:已到目标点-[LandPos]
1775392487.8648701 [myMain-1] [INFO] [1775392487.864510686] [Ground]: MCU2 send back: Gdone*
1775392487.8657389 [navNode-2] [INFO] [1775392487.864865420] [navNode]: MCU2 send back: Gdone*
1775392487.8661325 [navNode-2] [INFO] [1775392487.865194872] [navNode]: mcu:已到目标点-[LandPos]
1775392488.8846781 [navNode-2] [INFO] [1775392488.884314847] [navNode]: MCU2 send back: Gdone*
1775392488.8855257 [myMain-1] [INFO] [1775392488.884369345] [Ground]: MCU2 send back: Gdone*
1775392488.8859673 [navNode-2] [INFO] [1775392488.884632130] [navNode]: mcu:已到目标点-[LandPos]
1775392489.9061952 [navNode-2] [INFO] [1775392489.905601470] [navNode]: MCU2 send back: Gdone*
1775392489.9066598 [navNode-2] [INFO] [1775392489.905926815] [navNode]: mcu:已到目标点-[LandPos]
1775392489.9073336 [myMain-1] [INFO] [1775392489.905792616] [Ground]: MCU2 send back: Gdone*
1775392490.9258249 [myMain-1] [INFO] [1775392490.925519301] [Ground]: MCU2 send back: Gdone*
1775392490.9261951 [navNode-2] [INFO] [1775392490.925758290] [navNode]: MCU2 send back: Gdone*
1775392490.9264081 [navNode-2] [INFO] [1775392490.926073987] [navNode]: mcu:已到目标点-[LandPos]
1775392491.9479523 [myMain-1] [INFO] [1775392491.947467928] [Ground]: MCU2 send back: Gdone*
1775392491.9484537 [navNode-2] [INFO] [1775392491.948183904] [navNode]: MCU2 send back: Gdone*
1775392491.9486265 [navNode-2] [INFO] [1775392491.948508043] [navNode]: mcu:已到目标点-[LandPos]
1775392492.9689503 [myMain-1] [INFO] [1775392492.968649135] [Ground]: MCU2 send back: Gdone*
1775392492.9696317 [navNode-2] [INFO] [1775392492.968750908] [navNode]: MCU2 send back: Gdone*
1775392492.9699650 [navNode-2] [INFO] [1775392492.969056394] [navNode]: mcu:已到目标点-[LandPos]
1775392493.9889629 [navNode-2] [INFO] [1775392493.988668610] [navNode]: MCU2 send back: Gdone*
1775392493.9895966 [myMain-1] [INFO] [1775392493.988826388] [Ground]: MCU2 send back: Gdone*
1775392493.9899004 [navNode-2] [INFO] [1775392493.989160852] [navNode]: mcu:已到目标点-[LandPos]
1775392577.7130713 [WARNING] [launch]: user interrupted with ctrl-c (SIGINT)
1775392577.7389154 [INFO] [navNode-2]: process has finished cleanly [pid 27202]
1775392578.9208002 [WARNING] [launch]: user interrupted with ctrl-c (SIGINT) again, ignoring...
1775392579.7717299 [WARNING] [launch]: user interrupted with ctrl-c (SIGINT) again, ignoring...
1775392582.7188597 [ERROR] [myMain-1]: process[myMain-1] failed to terminate '5' seconds after receiving 'SIGINT', escalating to 'SIGTERM'
1775392582.7197587 [INFO] [myMain-1]: sending signal 'SIGTERM' to process[myMain-1]
1775392582.7554271 [ERROR] [myMain-1]: process has died [pid 27200, exit code -15, cmd '/home/focal/Desktop/2024_GroundStation/install/GroundStation/lib/GroundStation/myMain --ros-args'].
