1775388330.1442952 [INFO] [launch]: All log files can be found below /home/focal/Desktop/2024_GroundStation/run_log/2026-04-05-04-25-30-139923-ubuntu-19257
1775388330.1446433 [INFO] [launch]: Default logging verbosity is set to INFO
1775388330.2190709 [INFO] [navNode-1]: process started with pid [19261]
1775388330.5220892 [navNode-1] [INFO] [1775388330.521679984] [navNode]: paths: [
1775388330.5222688 [navNode-1]   {"x": 0.00, "y": 0.00, "z": 0.70, "label": "TakeOff", "qrcode": "", "label2": "TakeOff", "qrcode2": "" },
1775388330.5223176 [navNode-1]   {"x":-0.25, "y": 0.75, "z": 0.80, "label": "A6"     , "qrcode": "", "label2": ""       , "qrcode2": "" },
1775388330.5223484 [navNode-1]   {"x":-0.25, "y": 0.75, "z": 1.20, "label": "A3"     , "qrcode": "", "label2": ""       , "qrcode2": "" },
1775388330.5223775 [navNode-1]   {"x":-0.25, "y": 1.25, "z": 1.20, "label": "A2"     , "qrcode": "", "label2": ""       , "qrcode2": "" },
1775388330.5224082 [navNode-1]   {"x":-0.25, "y": 1.25, "z": 0.80, "label": "A5"     , "qrcode": "", "label2": ""       , "qrcode2": "" },
1775388330.5224373 [navNode-1]   {"x":-0.25, "y": 1.75, "z": 0.80, "label": "A4"     , "qrcode": "", "label2": ""       , "qrcode2": "" },
1775388330.5224657 [navNode-1]   {"x":-0.25, "y": 1.75, "z": 1.20, "label": "A1"     , "qrcode": "", "label2": ""       , "qrcode2": "" },
1775388330.5224948 [navNode-1]   {"x": 0.75, "y": 2.75, "z": 0.70, "label": "UpSide1", "qrcode": "", "label2": ""       , "qrcode2": "" },
1775388330.5225334 [navNode-1]   {"x": 0.75, "y": 2.75, "z": 0.70, "label": "Landpos", "qrcode": "", "label2": ""       , "qrcode2": "" }
1775388330.5225794 [navNode-1] ]
1775388330.5227721 [navNode-1] 
1775388330.5284734 [navNode-1] [INFO] [1775388330.528129748] [navNode]: 上位机导航节点启动成功
1775388334.5469050 [navNode-1] [INFO] [1775388334.546591985] [navNode]: 收到来自UI的请求：A1
1775388334.5476959 [navNode-1] [INFO] [1775388334.547576193] [navNode]: 测试1<class 'str'>
1775388334.5483255 [navNode-1] [INFO] [1775388334.548222818] [navNode]: Found point with label: [('TakeOff', 'TakeOff')],(0.0, 0.0, 0.7)
1775388334.5488677 [navNode-1] [INFO] [1775388334.548795142] [navNode]: Found point with label: [('A1', '')],(-0.25, 1.75, 1.2)
1775388334.5493870 [navNode-1] [WARN] [1775388334.549318768] [navNode]: 任务开始执行A1
1775389220.6036673 [WARNING] [launch]: user interrupted with ctrl-c (SIGINT)
1775389220.6333246 [INFO] [navNode-1]: process has finished cleanly [pid 19261]
