1775388072.9443932 [INFO] [launch]: All log files can be found below /home/focal/Desktop/2024_GroundStation/run_log/2026-04-05-04-21-12-940422-ubuntu-18526
1775388072.9448168 [INFO] [launch]: Default logging verbosity is set to INFO
1775388073.0358841 [INFO] [navNode-1]: process started with pid [18528]
1775388073.4034224 [navNode-1] [INFO] [1775388073.402985174] [navNode]: paths: [
1775388073.4036512 [navNode-1]   {"x": 0.00, "y": 0.00, "z": 0.70, "label": "TakeOff", "qrcode": "", "label2": "TakeOff", "qrcode2": "" },
1775388073.4037468 [navNode-1]   {"x":-0.25, "y": 0.75, "z": 0.80, "label": "A6"     , "qrcode": "", "label2": ""       , "qrcode2": "" },
1775388073.4037924 [navNode-1]   {"x":-0.25, "y": 0.75, "z": 1.20, "label": "A3"     , "qrcode": "", "label2": ""       , "qrcode2": "" },
1775388073.4038343 [navNode-1]   {"x":-0.25, "y": 1.25, "z": 1.20, "label": "A2"     , "qrcode": "", "label2": ""       , "qrcode2": "" },
1775388073.4038754 [navNode-1]   {"x":-0.25, "y": 1.25, "z": 0.80, "label": "A5"     , "qrcode": "", "label2": ""       , "qrcode2": "" },
1775388073.4039154 [navNode-1]   {"x":-0.25, "y": 1.75, "z": 0.80, "label": "A4"     , "qrcode": "", "label2": ""       , "qrcode2": "" },
1775388073.4039552 [navNode-1]   {"x":-0.25, "y": 1.75, "z": 1.20, "label": "A1"     , "qrcode": "", "label2": ""       , "qrcode2": "" },
1775388073.4039948 [navNode-1]   {"x": 0.75, "y": 2.75, "z": 0.70, "label": "UpSide1", "qrcode": "", "label2": ""       , "qrcode2": "" },
1775388073.4040344 [navNode-1]   {"x": 0.75, "y": 2.75, "z": 0.70, "label": "Landpos", "qrcode": "", "label2": ""       , "qrcode2": "" }
1775388073.4040747 [navNode-1] ]
1775388073.4041159 [navNode-1] 
1775388073.4069388 [navNode-1] [INFO] [1775388073.406627498] [navNode]: 上位机导航节点启动成功
1775388078.7149239 [navNode-1] [INFO] [1775388078.714638222] [navNode]: 收到来自UI的请求：A1
1775388078.7156684 [navNode-1] [INFO] [1775388078.715537482] [navNode]: 测试1<class 'str'>
1775388222.4768991 [WARNING] [launch]: user interrupted with ctrl-c (SIGINT)
1775388222.5054080 [navNode-1] The following exception was never retrieved: find_points_by_labels() takes 3 positional arguments but 4 were given
1775388222.5094342 [INFO] [navNode-1]: process has finished cleanly [pid 18528]
