1773479176.4607084 [INFO] [launch]: All log files can be found below /home/focal/Desktop/2024_GroundStation/run_log/2026-03-14-02-06-16-456999-ubuntu-17003
1773479176.4610548 [INFO] [launch]: Default logging verbosity is set to INFO
1773479176.5284491 [INFO] [logical-1]: process started with pid [17009]
1773479177.4172819 [logical-1] [INFO] [1773479177.416836527] [Ground]: ros2 node launch success:Ground!
1773479212.4496970 [logical-1] [INFO] [1773479212.449398695] [Ground]: takeoff 发送成功 → 飞行站已调用：takeoff服务
1773479220.7310393 [logical-1] [INFO] [1773479220.730566307] [Ground]: 识别到QR码: 智能花盆
1773479220.7918737 [logical-1] [INFO] [1773479220.791446496] [Ground]: 识别到QR码: 智能花盆
1773479221.1286430 [logical-1] [INFO] [1773479221.128237546] [Ground]: 识别到QR码: 智能花盆
1773479221.2306285 [logical-1] [INFO] [1773479221.230302158] [Ground]: 识别到QR码: 智能花盆
1773479223.5036132 [logical-1] [INFO] [1773479223.503357062] [Ground]: 识别到QR码: 智能花盆
1773479223.9208202 [logical-1] [INFO] [1773479223.920504669] [Ground]: 识别到QR码: 智能花盆
1773479223.9485340 [logical-1] [INFO] [1773479223.948155534] [Ground]: 识别到QR码: 智能花盆
1773479223.9832506 [logical-1] [INFO] [1773479223.982943527] [Ground]: 识别到QR码: 智能花盆
1773479224.4788089 [logical-1] [INFO] [1773479224.478383063] [Ground]: 识别到QR码: 智能花盆
1773479224.6108627 [logical-1] [INFO] [1773479224.610389176] [Ground]: 识别到QR码: 智能花盆
1773479224.8180609 [logical-1] [INFO] [1773479224.817674502] [Ground]: 识别到QR码: 智能花盆
1773479225.6163645 [logical-1] [INFO] [1773479225.615990563] [Ground]: 识别到QR码: 智能花盆
1773479226.3941100 [logical-1] [INFO] [1773479226.393621822] [Ground]: 识别到QR码: 智能花盆
1773479226.7281890 [logical-1] [INFO] [1773479226.727901422] [Ground]: 识别到QR码: 智能花盆
1773479227.0033584 [logical-1] [INFO] [1773479227.003056866] [Ground]: 识别到QR码: 智能花盆
1773479227.3338635 [logical-1] [INFO] [1773479227.333415014] [Ground]: 识别到QR码: 智能花盆
1773479228.2323565 [logical-1] [INFO] [1773479228.231983264] [Ground]: 识别到QR码: 智能花盆
1773479229.2432916 [logical-1] [INFO] [1773479229.242908183] [Ground]: 识别到QR码: 智能花盆
1773479229.4426854 [logical-1] [INFO] [1773479229.442383942] [Ground]: 识别到QR码: 智能花盆
1773479230.0166733 [logical-1] [INFO] [1773479230.016351761] [Ground]: 识别到QR码: 智能花盆
1773479230.0900323 [logical-1] [INFO] [1773479230.089705990] [Ground]: 识别到QR码: 智能花盆
1773479230.1594381 [logical-1] [INFO] [1773479230.159158988] [Ground]: 识别到QR码: 太阳花种子
1773479230.1837249 [logical-1] [INFO] [1773479230.183395911] [Ground]: 识别到QR码: 智能花盆
1773479230.2233849 [logical-1] [INFO] [1773479230.223028069] [Ground]: 识别到QR码: 太阳花种子
1773479230.2858868 [logical-1] [INFO] [1773479230.285037297] [Ground]: 识别到QR码: 太阳花种子
1773479230.3195050 [logical-1] [INFO] [1773479230.319197041] [Ground]: 识别到QR码: 太阳花种子
1773479230.3675594 [logical-1] [INFO] [1773479230.367234032] [Ground]: 识别到QR码: 太阳花种子
1773479230.3759134 [logical-1] [INFO] [1773479230.375617343] [Ground]: 识别到QR码: 葵花种子
1773479230.3833563 [logical-1] [INFO] [1773479230.383002711] [Ground]: 识别到QR码: 葵花种子
1773479230.4229496 [logical-1] [INFO] [1773479230.422598508] [Ground]: 识别到QR码: 太阳花种子
1773479230.4243121 [logical-1] [INFO] [1773479230.423383410] [Ground]: 识别到QR码: 葵花种子
1773479230.4551930 [logical-1] [INFO] [1773479230.454826773] [Ground]: 识别到QR码: 太阳花种子
1773479230.4560227 [logical-1] [INFO] [1773479230.455811837] [Ground]: 识别到QR码: 葵花种子
1773479230.4841635 [logical-1] [INFO] [1773479230.483852268] [Ground]: 识别到QR码: 太阳花种子
1773479230.4850721 [logical-1] [INFO] [1773479230.484856090] [Ground]: 识别到QR码: 葵花种子
1773479230.5239613 [logical-1] [INFO] [1773479230.523652367] [Ground]: 识别到QR码: 太阳花种子
1773479230.5247655 [logical-1] [INFO] [1773479230.524404021] [Ground]: 识别到QR码: 葵花种子
1773479230.5862734 [logical-1] [INFO] [1773479230.585982539] [Ground]: 识别到QR码: 太阳花种子
1773479230.5901182 [logical-1] [INFO] [1773479230.589720336] [Ground]: 识别到QR码: 葵花种子
1773479230.6214068 [logical-1] [INFO] [1773479230.620622242] [Ground]: 识别到QR码: 太阳花种子
1773479230.6224897 [logical-1] [INFO] [1773479230.622310831] [Ground]: 识别到QR码: 葵花种子
1773479230.6653802 [logical-1] [INFO] [1773479230.665076481] [Ground]: 识别到QR码: 太阳花种子
1773479230.6730027 [logical-1] [INFO] [1773479230.672644381] [Ground]: 识别到QR码: 葵花种子
1773479230.8027325 [logical-1] [INFO] [1773479230.802432697] [Ground]: 识别到QR码: 太阳花种子
1773479230.8044958 [logical-1] [INFO] [1773479230.804214477] [Ground]: 识别到QR码: 葵花种子
1773479230.8540485 [logical-1] [INFO] [1773479230.853356633] [Ground]: 识别到QR码: 太阳花种子
1773479230.8548441 [logical-1] [INFO] [1773479230.854693692] [Ground]: 识别到QR码: 葵花种子
1773479230.8882709 [logical-1] [INFO] [1773479230.887947242] [Ground]: 识别到QR码: 葵花种子
1773479230.9218938 [logical-1] [INFO] [1773479230.921582795] [Ground]: 识别到QR码: 太阳花种子
1773479230.9232204 [logical-1] [INFO] [1773479230.923023307] [Ground]: 识别到QR码: 葵花种子
1773479230.9705532 [logical-1] [INFO] [1773479230.969708461] [Ground]: 识别到QR码: 葵花种子
1773479231.0552902 [logical-1] [INFO] [1773479231.054858050] [Ground]: 识别到QR码: 葵花种子
1773479231.0923207 [logical-1] [INFO] [1773479231.092006997] [Ground]: 识别到QR码: 葵花种子
1773479231.1279519 [logical-1] [INFO] [1773479231.127642392] [Ground]: 识别到QR码: 太阳花种子
1773479231.1290185 [logical-1] [INFO] [1773479231.128833555] [Ground]: 识别到QR码: 葵花种子
1773479231.2210686 [logical-1] [INFO] [1773479231.220763911] [Ground]: 识别到QR码: 太阳花种子
1773479231.2220905 [logical-1] [INFO] [1773479231.221728530] [Ground]: 识别到QR码: 葵花种子
1773479231.3586361 [logical-1] [INFO] [1773479231.358266033] [Ground]: 识别到QR码: 太阳花种子
1773479231.3595140 [logical-1] [INFO] [1773479231.359341850] [Ground]: 识别到QR码: 葵花种子
1773479231.4990659 [logical-1] [INFO] [1773479231.498752714] [Ground]: 识别到QR码: 太阳花种子
1773479231.5003970 [logical-1] [INFO] [1773479231.500219829] [Ground]: 识别到QR码: 葵花种子
1773479231.5324824 [logical-1] [INFO] [1773479231.531869459] [Ground]: 识别到QR码: 葵花种子
1773479231.5614328 [logical-1] [INFO] [1773479231.561107368] [Ground]: 识别到QR码: 太阳花种子
1773479231.5624125 [logical-1] [INFO] [1773479231.561946112] [Ground]: 识别到QR码: 葵花种子
1773479231.6639485 [logical-1] [INFO] [1773479231.663508615] [Ground]: 识别到QR码: 太阳花种子
1773479231.6939180 [logical-1] [INFO] [1773479231.693517888] [Ground]: 识别到QR码: 太阳花种子
1773479231.6946959 [logical-1] [INFO] [1773479231.694390921] [Ground]: 识别到QR码: 葵花种子
1773479231.7263789 [logical-1] [INFO] [1773479231.726030967] [Ground]: 识别到QR码: 太阳花种子
1773479231.7272284 [logical-1] [INFO] [1773479231.727115288] [Ground]: 识别到QR码: 葵花种子
1773479231.8059437 [logical-1] [INFO] [1773479231.805083363] [Ground]: 识别到QR码: 太阳花种子
1773479231.8282032 [logical-1] [INFO] [1773479231.827840497] [Ground]: 识别到QR码: 太阳花种子
1773479231.8287871 [logical-1] [INFO] [1773479231.828658342] [Ground]: 识别到QR码: 葵花种子
1773479231.8590410 [logical-1] [INFO] [1773479231.858665270] [Ground]: 识别到QR码: 太阳花种子
1773479231.8599408 [logical-1] [INFO] [1773479231.859714337] [Ground]: 识别到QR码: 葵花种子
1773479231.9625232 [logical-1] [INFO] [1773479231.962213532] [Ground]: 识别到QR码: 太阳花种子
1773479231.9637642 [logical-1] [INFO] [1773479231.963535322] [Ground]: 识别到QR码: 葵花种子
1773479231.9964190 [logical-1] [INFO] [1773479231.996106654] [Ground]: 识别到QR码: 葵花种子
1773479232.0336366 [logical-1] [INFO] [1773479232.033312951] [Ground]: 识别到QR码: 葵花种子
1773479232.0665319 [logical-1] [INFO] [1773479232.066170279] [Ground]: 识别到QR码: 太阳花种子
1773479232.0688941 [logical-1] [INFO] [1773479232.068173141] [Ground]: 识别到QR码: 葵花种子
1773479232.1095107 [logical-1] [INFO] [1773479232.109124413] [Ground]: 识别到QR码: 太阳花种子
1773479232.1108046 [logical-1] [INFO] [1773479232.110532837] [Ground]: 识别到QR码: 葵花种子
1773479232.1275036 [logical-1] [INFO] [1773479232.127090085] [Ground]: 识别到QR码: 太阳花种子
1773479232.1386566 [logical-1] [INFO] [1773479232.138373021] [Ground]: 识别到QR码: 葵花种子
1773479232.1645885 [logical-1] [INFO] [1773479232.164299406] [Ground]: 识别到QR码: 葵花种子
1773479232.2277312 [logical-1] [INFO] [1773479232.227375232] [Ground]: 识别到QR码: 葵花种子
1773479232.2395306 [logical-1] [INFO] [1773479232.238985200] [Ground]: 识别到QR码: 太阳花种子
1773479232.2639480 [logical-1] [INFO] [1773479232.263640333] [Ground]: 识别到QR码: 太阳花种子
1773479232.2660067 [logical-1] [INFO] [1773479232.265178718] [Ground]: 识别到QR码: 葵花种子
1773479232.2942994 [logical-1] [INFO] [1773479232.293946261] [Ground]: 识别到QR码: 太阳花种子
1773479232.2963693 [logical-1] [INFO] [1773479232.296103073] [Ground]: 识别到QR码: 葵花种子
1773479232.3363783 [logical-1] [INFO] [1773479232.336010594] [Ground]: 识别到QR码: 葵花种子
1773479232.4119692 [logical-1] [INFO] [1773479232.411654667] [Ground]: 识别到QR码: 太阳花种子
1773479232.4133735 [logical-1] [INFO] [1773479232.412902128] [Ground]: 识别到QR码: 葵花种子
1773479232.4312603 [logical-1] [INFO] [1773479232.430967943] [Ground]: 识别到QR码: 太阳花种子
1773479232.4331453 [logical-1] [INFO] [1773479232.432860388] [Ground]: 识别到QR码: 葵花种子
1773479232.4615293 [logical-1] [INFO] [1773479232.461224097] [Ground]: 识别到QR码: 太阳花种子
1773479232.4639795 [logical-1] [INFO] [1773479232.463683087] [Ground]: 识别到QR码: 葵花种子
1773479232.5301197 [logical-1] [INFO] [1773479232.529722592] [Ground]: 识别到QR码: 太阳花种子
1773479232.5315070 [logical-1] [INFO] [1773479232.531319393] [Ground]: 识别到QR码: 葵花种子
1773479232.5623810 [logical-1] [INFO] [1773479232.561997882] [Ground]: 识别到QR码: 太阳花种子
1773479232.5639105 [logical-1] [INFO] [1773479232.563627751] [Ground]: 识别到QR码: 葵花种子
1773479232.6052938 [logical-1] [INFO] [1773479232.604867896] [Ground]: 识别到QR码: 太阳花种子
1773479232.6263664 [logical-1] [INFO] [1773479232.626016977] [Ground]: 识别到QR码: 葵花种子
1773479232.6381335 [logical-1] [INFO] [1773479232.637727559] [Ground]: 识别到QR码: 太阳花种子
1773479232.6399841 [logical-1] [INFO] [1773479232.639665999] [Ground]: 识别到QR码: 葵花种子
1773479232.6672237 [logical-1] [INFO] [1773479232.666782481] [Ground]: 识别到QR码: 太阳花种子
1773479232.6694047 [logical-1] [INFO] [1773479232.669118628] [Ground]: 识别到QR码: 葵花种子
1773479232.7215931 [logical-1] [INFO] [1773479232.721186775] [Ground]: 识别到QR码: 太阳花种子
1773479232.7262020 [logical-1] [INFO] [1773479232.725048568] [Ground]: 识别到QR码: 葵花种子
1773479232.7371438 [logical-1] [INFO] [1773479232.736691990] [Ground]: 识别到QR码: 太阳花种子
1773479232.7740071 [logical-1] [INFO] [1773479232.773391443] [Ground]: 识别到QR码: 太阳花种子
1773479232.7749827 [logical-1] [INFO] [1773479232.774754902] [Ground]: 识别到QR码: 葵花种子
1773479232.7989817 [logical-1] [INFO] [1773479232.798593347] [Ground]: 识别到QR码: 太阳花种子
1773479232.8008847 [logical-1] [INFO] [1773479232.800617028] [Ground]: 识别到QR码: 葵花种子
1773479232.8353093 [logical-1] [INFO] [1773479232.834975374] [Ground]: 识别到QR码: 太阳花种子
1773479232.8794563 [logical-1] [INFO] [1773479232.879150651] [Ground]: 识别到QR码: 太阳花种子
1773479232.8991368 [logical-1] [INFO] [1773479232.898716748] [Ground]: 识别到QR码: 太阳花种子
1773479232.9020219 [logical-1] [INFO] [1773479232.901847993] [Ground]: 识别到QR码: 葵花种子
1773479232.9368634 [logical-1] [INFO] [1773479232.936568305] [Ground]: 识别到QR码: 葵花种子
1773479232.9673293 [logical-1] [INFO] [1773479232.966916412] [Ground]: 识别到QR码: 太阳花种子
1773479232.9687650 [logical-1] [INFO] [1773479232.968467894] [Ground]: 识别到QR码: 葵花种子
1773479233.0094764 [logical-1] [INFO] [1773479233.008925257] [Ground]: 识别到QR码: 太阳花种子
1773479233.0108819 [logical-1] [INFO] [1773479233.010563406] [Ground]: 识别到QR码: 葵花种子
1773479233.0337408 [logical-1] [INFO] [1773479233.033350953] [Ground]: 识别到QR码: 太阳花种子
1773479233.0349977 [logical-1] [INFO] [1773479233.034685955] [Ground]: 识别到QR码: 葵花种子
1773479233.0687144 [logical-1] [INFO] [1773479233.068417169] [Ground]: 识别到QR码: 太阳花种子
1773479233.1036389 [logical-1] [INFO] [1773479233.103107569] [Ground]: 识别到QR码: 太阳花种子
1773479233.1053681 [logical-1] [INFO] [1773479233.105057567] [Ground]: 识别到QR码: 葵花种子
1773479233.1424346 [logical-1] [INFO] [1773479233.142159421] [Ground]: 识别到QR码: 太阳花种子
1773479233.1454930 [logical-1] [INFO] [1773479233.144701603] [Ground]: 识别到QR码: 葵花种子
1773479233.1862249 [logical-1] [INFO] [1773479233.185929039] [Ground]: 识别到QR码: 太阳花种子
1773479233.2032332 [logical-1] [INFO] [1773479233.202930931] [Ground]: 识别到QR码: 太阳花种子
1773479233.2414906 [logical-1] [INFO] [1773479233.240132336] [Ground]: 识别到QR码: 太阳花种子
1773479233.2733042 [logical-1] [INFO] [1773479233.273009783] [Ground]: 识别到QR码: 太阳花种子
1773479233.2745771 [logical-1] [INFO] [1773479233.274362888] [Ground]: 识别到QR码: 葵花种子
1773479233.3367288 [logical-1] [INFO] [1773479233.336445882] [Ground]: 识别到QR码: 太阳花种子
1773479233.3387656 [logical-1] [INFO] [1773479233.338088823] [Ground]: 识别到QR码: 葵花种子
1773479233.3745680 [logical-1] [INFO] [1773479233.374259576] [Ground]: 识别到QR码: 智能花盆
1773479233.3752451 [logical-1] [INFO] [1773479233.375074344] [Ground]: 识别到QR码: 太阳花种子
1773479233.3763046 [logical-1] [INFO] [1773479233.375870947] [Ground]: 识别到QR码: 葵花种子
1773479233.4011345 [logical-1] [INFO] [1773479233.400610986] [Ground]: 识别到QR码: 太阳花种子
1773479233.4030576 [logical-1] [INFO] [1773479233.402822407] [Ground]: 识别到QR码: 葵花种子
1773479233.4995041 [logical-1] [INFO] [1773479233.498832596] [Ground]: 识别到QR码: 葵花种子
1773479233.5440953 [logical-1] [INFO] [1773479233.543772144] [Ground]: 识别到QR码: 太阳花种子
1773479233.5454369 [logical-1] [INFO] [1773479233.545218416] [Ground]: 识别到QR码: 葵花种子
1773479233.6048386 [logical-1] [INFO] [1773479233.604540489] [Ground]: 识别到QR码: 太阳花种子
1773479233.6065252 [logical-1] [INFO] [1773479233.606346702] [Ground]: 识别到QR码: 葵花种子
1773479233.6714752 [logical-1] [INFO] [1773479233.670773657] [Ground]: 识别到QR码: 太阳花种子
1773479233.6719303 [logical-1] [INFO] [1773479233.671404585] [Ground]: 识别到QR码: 葵花种子
1773479233.7076368 [logical-1] [INFO] [1773479233.707227575] [Ground]: 识别到QR码: 太阳花种子
1773479233.7382329 [logical-1] [INFO] [1773479233.737899530] [Ground]: 识别到QR码: 太阳花种子
1773479233.7395656 [logical-1] [INFO] [1773479233.739388050] [Ground]: 识别到QR码: 葵花种子
1773479233.7697215 [logical-1] [INFO] [1773479233.769413677] [Ground]: 识别到QR码: 太阳花种子
1773479233.8157396 [logical-1] [INFO] [1773479233.815264790] [Ground]: 识别到QR码: 太阳花种子
1773479233.8169684 [logical-1] [INFO] [1773479233.816723283] [Ground]: 识别到QR码: 葵花种子
1773479233.8375754 [logical-1] [INFO] [1773479233.837286725] [Ground]: 识别到QR码: 太阳花种子
1773479233.8388541 [logical-1] [INFO] [1773479233.838686162] [Ground]: 识别到QR码: 葵花种子
1773479233.9059844 [logical-1] [INFO] [1773479233.905684704] [Ground]: 识别到QR码: 葵花种子
1773479233.9410982 [logical-1] [INFO] [1773479233.940354826] [Ground]: 识别到QR码: 太阳花种子
1773479233.9426398 [logical-1] [INFO] [1773479233.942441203] [Ground]: 识别到QR码: 葵花种子
1773479233.9766660 [logical-1] [INFO] [1773479233.976374903] [Ground]: 识别到QR码: 太阳花种子
1773479233.9777665 [logical-1] [INFO] [1773479233.977588296] [Ground]: 识别到QR码: 葵花种子
1773479234.0030208 [logical-1] [INFO] [1773479234.002712624] [Ground]: 识别到QR码: 葵花种子
1773479234.0552154 [logical-1] [INFO] [1773479234.054833646] [Ground]: 识别到QR码: 太阳花种子
1773479234.0581338 [logical-1] [INFO] [1773479234.057857052] [Ground]: 识别到QR码: 葵花种子
1773479234.0748770 [logical-1] [INFO] [1773479234.074499572] [Ground]: 识别到QR码: 太阳花种子
1773479234.0766046 [logical-1] [INFO] [1773479234.076337876] [Ground]: 识别到QR码: 葵花种子
1773479234.1033230 [logical-1] [INFO] [1773479234.103021770] [Ground]: 识别到QR码: 太阳花种子
1773479234.1043541 [logical-1] [INFO] [1773479234.104174348] [Ground]: 识别到QR码: 葵花种子
1773479234.1450078 [logical-1] [INFO] [1773479234.144630193] [Ground]: 识别到QR码: 太阳花种子
1773479234.1903629 [logical-1] [INFO] [1773479234.190036916] [Ground]: 识别到QR码: 葵花种子
1773479234.2190983 [logical-1] [INFO] [1773479234.218747118] [Ground]: 识别到QR码: 太阳花种子
1773479234.2446544 [logical-1] [INFO] [1773479234.244349668] [Ground]: 识别到QR码: 太阳花种子
1773479234.2490215 [logical-1] [INFO] [1773479234.248719973] [Ground]: 识别到QR码: 葵花种子
1773479234.3443754 [logical-1] [INFO] [1773479234.344080157] [Ground]: 识别到QR码: 太阳花种子
1773479234.3457813 [logical-1] [INFO] [1773479234.345508623] [Ground]: 识别到QR码: 葵花种子
1773479234.4892800 [logical-1] [INFO] [1773479234.488966051] [Ground]: 识别到QR码: 太阳花种子
1773479234.4911757 [logical-1] [INFO] [1773479234.490957966] [Ground]: 识别到QR码: 葵花种子
1773479234.5341797 [logical-1] [INFO] [1773479234.533842059] [Ground]: 识别到QR码: 太阳花种子
1773479234.5354507 [logical-1] [INFO] [1773479234.534696984] [Ground]: 识别到QR码: 葵花种子
1773479234.5496333 [logical-1] [INFO] [1773479234.549249514] [Ground]: 识别到QR码: 太阳花种子
1773479234.5557075 [logical-1] [INFO] [1773479234.555306722] [Ground]: 识别到QR码: 葵花种子
1773479234.5872655 [logical-1] [INFO] [1773479234.586773867] [Ground]: 识别到QR码: 太阳花种子
1773479234.5989487 [logical-1] [INFO] [1773479234.598635307] [Ground]: 识别到QR码: 葵花种子
1773479234.6104610 [logical-1] [INFO] [1773479234.609975680] [Ground]: 识别到QR码: 太阳花种子
1773479234.6119275 [logical-1] [INFO] [1773479234.611645106] [Ground]: 识别到QR码: 葵花种子
1773479234.6837783 [logical-1] [INFO] [1773479234.683473081] [Ground]: 识别到QR码: 太阳花种子
1773479234.6961291 [logical-1] [INFO] [1773479234.695849840] [Ground]: 识别到QR码: 葵花种子
1773479234.7076089 [logical-1] [INFO] [1773479234.707328973] [Ground]: 识别到QR码: 太阳花种子
1773479234.7529507 [logical-1] [INFO] [1773479234.752554715] [Ground]: 识别到QR码: 智能花盆
1773479234.7547443 [logical-1] [INFO] [1773479234.754395465] [Ground]: 识别到QR码: 太阳花种子
1773479234.7630682 [logical-1] [INFO] [1773479234.762702100] [Ground]: 识别到QR码: 葵花种子
1773479234.7765346 [logical-1] [INFO] [1773479234.776163654] [Ground]: 识别到QR码: 葵花种子
1773479234.8276594 [logical-1] [INFO] [1773479234.827286378] [Ground]: 识别到QR码: 太阳花种子
1773479234.8332059 [logical-1] [INFO] [1773479234.832928176] [Ground]: 识别到QR码: 葵花种子
1773479234.8887701 [logical-1] [INFO] [1773479234.888417335] [Ground]: 识别到QR码: 太阳花种子
1773479234.8900042 [logical-1] [INFO] [1773479234.889852460] [Ground]: 识别到QR码: 葵花种子
1773479234.9215744 [logical-1] [INFO] [1773479234.921210542] [Ground]: 识别到QR码: 太阳花种子
1773479234.9489815 [logical-1] [INFO] [1773479234.948676360] [Ground]: 识别到QR码: 葵花种子
1773479234.9771740 [logical-1] [INFO] [1773479234.976878099] [Ground]: 识别到QR码: 太阳花种子
1773479234.9784491 [logical-1] [INFO] [1773479234.978261858] [Ground]: 识别到QR码: 葵花种子
1773479235.0475352 [logical-1] [INFO] [1773479235.046511657] [Ground]: 识别到QR码: 太阳花种子
1773479235.0481670 [logical-1] [INFO] [1773479235.048024312] [Ground]: 识别到QR码: 葵花种子
1773479235.0883183 [logical-1] [INFO] [1773479235.087968053] [Ground]: 识别到QR码: 太阳花种子
1773479235.1143358 [logical-1] [INFO] [1773479235.113256419] [Ground]: 识别到QR码: 葵花种子
1773479235.1484053 [logical-1] [INFO] [1773479235.148155741] [Ground]: 识别到QR码: 太阳花种子
1773479235.1504405 [logical-1] [INFO] [1773479235.150177587] [Ground]: 识别到QR码: 葵花种子
1773479235.1857631 [logical-1] [INFO] [1773479235.185385905] [Ground]: 识别到QR码: 太阳花种子
1773479235.1869118 [logical-1] [INFO] [1773479235.186642253] [Ground]: 识别到QR码: 葵花种子
1773479235.2164867 [logical-1] [INFO] [1773479235.216168214] [Ground]: 识别到QR码: 太阳花种子
1773479235.2656584 [logical-1] [INFO] [1773479235.265349057] [Ground]: 识别到QR码: 太阳花种子
1773479235.3553329 [logical-1] [INFO] [1773479235.354932309] [Ground]: 识别到QR码: 太阳花种子
1773479235.3570647 [logical-1] [INFO] [1773479235.356784012] [Ground]: 识别到QR码: 葵花种子
1773479235.3950999 [logical-1] [INFO] [1773479235.394664868] [Ground]: 识别到QR码: 太阳花种子
1773479235.4034445 [logical-1] [INFO] [1773479235.403017169] [Ground]: 识别到QR码: 葵花种子
1773479235.4494112 [logical-1] [INFO] [1773479235.449143899] [Ground]: 识别到QR码: 太阳花种子
1773479235.4503067 [logical-1] [INFO] [1773479235.450124623] [Ground]: 识别到QR码: 葵花种子
1773479235.4862051 [logical-1] [INFO] [1773479235.485763326] [Ground]: 识别到QR码: 太阳花种子
1773479235.4873281 [logical-1] [INFO] [1773479235.487075065] [Ground]: 识别到QR码: 葵花种子
1773479235.5240862 [logical-1] [INFO] [1773479235.523453809] [Ground]: 识别到QR码: 太阳花种子
1773479235.5255275 [logical-1] [INFO] [1773479235.525320612] [Ground]: 识别到QR码: 葵花种子
1773479235.5502946 [logical-1] [INFO] [1773479235.549700537] [Ground]: 识别到QR码: 太阳花种子
1773479235.5521824 [logical-1] [INFO] [1773479235.551571387] [Ground]: 识别到QR码: 葵花种子
1773479235.6284509 [logical-1] [INFO] [1773479235.627977696] [Ground]: 识别到QR码: 太阳花种子
1773479235.6296859 [logical-1] [INFO] [1773479235.629447377] [Ground]: 识别到QR码: 葵花种子
1773479235.6552162 [logical-1] [INFO] [1773479235.654927200] [Ground]: 识别到QR码: 太阳花种子
1773479235.6577964 [logical-1] [INFO] [1773479235.657516828] [Ground]: 识别到QR码: 葵花种子
1773479235.6986916 [logical-1] [INFO] [1773479235.698390103] [Ground]: 识别到QR码: 太阳花种子
1773479235.7069035 [logical-1] [INFO] [1773479235.706579403] [Ground]: 识别到QR码: 葵花种子
1773479235.7274110 [logical-1] [INFO] [1773479235.726998508] [Ground]: 识别到QR码: 太阳花种子
1773479235.8074520 [logical-1] [INFO] [1773479235.807135389] [Ground]: 识别到QR码: 太阳花种子
1773479235.8085999 [logical-1] [INFO] [1773479235.808413684] [Ground]: 识别到QR码: 葵花种子
1773479235.8219848 [logical-1] [INFO] [1773479235.821591471] [Ground]: 识别到QR码: 太阳花种子
1773479235.8235734 [logical-1] [INFO] [1773479235.823292043] [Ground]: 识别到QR码: 葵花种子
1773479235.8581691 [logical-1] [INFO] [1773479235.857881511] [Ground]: 识别到QR码: 太阳花种子
1773479235.8592048 [logical-1] [INFO] [1773479235.859058568] [Ground]: 识别到QR码: 葵花种子
1773479235.8986008 [logical-1] [INFO] [1773479235.898292543] [Ground]: 识别到QR码: 太阳花种子
1773479235.9022415 [logical-1] [INFO] [1773479235.901675875] [Ground]: 识别到QR码: 葵花种子
1773479235.9224057 [logical-1] [INFO] [1773479235.922037515] [Ground]: 识别到QR码: 智能花盆
1773479235.9234924 [logical-1] [INFO] [1773479235.923008383] [Ground]: 识别到QR码: 太阳花种子
1773479235.9241724 [logical-1] [INFO] [1773479235.923928829] [Ground]: 识别到QR码: 葵花种子
1773479235.9893515 [logical-1] [INFO] [1773479235.989047177] [Ground]: 识别到QR码: 太阳花种子
1773479236.0228386 [logical-1] [INFO] [1773479236.022541890] [Ground]: 识别到QR码: 太阳花种子
1773479236.0238240 [logical-1] [INFO] [1773479236.023601679] [Ground]: 识别到QR码: 葵花种子
1773479236.0541835 [logical-1] [INFO] [1773479236.053904443] [Ground]: 识别到QR码: 智能花盆
1773479236.0555229 [logical-1] [INFO] [1773479236.055253027] [Ground]: 识别到QR码: 太阳花种子
1773479236.0564213 [logical-1] [INFO] [1773479236.056222891] [Ground]: 识别到QR码: 葵花种子
1773479236.1265051 [logical-1] [INFO] [1773479236.126137086] [Ground]: 识别到QR码: 智能花盆
1773479236.1272852 [logical-1] [INFO] [1773479236.127096899] [Ground]: 识别到QR码: 太阳花种子
1773479236.1526601 [logical-1] [INFO] [1773479236.152363205] [Ground]: 识别到QR码: 太阳花种子
1773479236.1535857 [logical-1] [INFO] [1773479236.153427507] [Ground]: 识别到QR码: 葵花种子
1773479236.2075431 [logical-1] [INFO] [1773479236.207181912] [Ground]: 识别到QR码: 智能花盆
1773479236.2164643 [logical-1] [INFO] [1773479236.216130602] [Ground]: 识别到QR码: 太阳花种子
1773479236.2171249 [logical-1] [INFO] [1773479236.217024107] [Ground]: 识别到QR码: 葵花种子
1773479236.2404900 [logical-1] [INFO] [1773479236.240101786] [Ground]: 识别到QR码: 太阳花种子
1773479236.2605925 [logical-1] [INFO] [1773479236.260212222] [Ground]: 识别到QR码: 智能花盆
1773479236.2619636 [logical-1] [INFO] [1773479236.261711097] [Ground]: 识别到QR码: 太阳花种子
1773479236.2628353 [logical-1] [INFO] [1773479236.262620271] [Ground]: 识别到QR码: 葵花种子
1773479236.2953801 [logical-1] [INFO] [1773479236.295053816] [Ground]: 识别到QR码: 智能花盆
1773479236.2963769 [logical-1] [INFO] [1773479236.296169046] [Ground]: 识别到QR码: 太阳花种子
1773479236.2997463 [logical-1] [INFO] [1773479236.299427052] [Ground]: 识别到QR码: 葵花种子
1773479236.3272662 [logical-1] [INFO] [1773479236.326950632] [Ground]: 识别到QR码: 太阳花种子
1773479236.3292258 [logical-1] [INFO] [1773479236.329032913] [Ground]: 识别到QR码: 葵花种子
1773479236.3547912 [logical-1] [INFO] [1773479236.354541223] [Ground]: 识别到QR码: 太阳花种子
1773479236.3569970 [logical-1] [INFO] [1773479236.356768343] [Ground]: 识别到QR码: 葵花种子
1773479236.3894370 [logical-1] [INFO] [1773479236.389128144] [Ground]: 识别到QR码: 太阳花种子
1773479236.3908224 [logical-1] [INFO] [1773479236.390338738] [Ground]: 识别到QR码: 葵花种子
1773479236.4250901 [logical-1] [INFO] [1773479236.424782484] [Ground]: 识别到QR码: 智能花盆
1773479236.4258776 [logical-1] [INFO] [1773479236.425615268] [Ground]: 识别到QR码: 太阳花种子
1773479236.4270382 [logical-1] [INFO] [1773479236.426675945] [Ground]: 识别到QR码: 葵花种子
1773479236.4624562 [logical-1] [INFO] [1773479236.462090573] [Ground]: 识别到QR码: 智能花盆
1773479236.4635186 [logical-1] [INFO] [1773479236.463000864] [Ground]: 识别到QR码: 太阳花种子
1773479236.4897313 [logical-1] [INFO] [1773479236.489369975] [Ground]: 识别到QR码: 太阳花种子
1773479236.4906700 [logical-1] [INFO] [1773479236.490186136] [Ground]: 识别到QR码: 葵花种子
1773479236.5237741 [logical-1] [INFO] [1773479236.523505474] [Ground]: 识别到QR码: 智能花盆
1773479236.5251679 [logical-1] [INFO] [1773479236.524941430] [Ground]: 识别到QR码: 太阳花种子
1773479236.5260596 [logical-1] [INFO] [1773479236.525869526] [Ground]: 识别到QR码: 葵花种子
1773479236.5595851 [logical-1] [INFO] [1773479236.559285164] [Ground]: 识别到QR码: 太阳花种子
1773479236.5605617 [logical-1] [INFO] [1773479236.560375851] [Ground]: 识别到QR码: 葵花种子
1773479236.5927777 [logical-1] [INFO] [1773479236.592497351] [Ground]: 识别到QR码: 太阳花种子
1773479236.6317837 [logical-1] [INFO] [1773479236.631466691] [Ground]: 识别到QR码: 太阳花种子
1773479236.6338034 [logical-1] [INFO] [1773479236.633287691] [Ground]: 识别到QR码: 葵花种子
1773479236.6593411 [logical-1] [INFO] [1773479236.659069747] [Ground]: 识别到QR码: 智能花盆
1773479236.6602638 [logical-1] [INFO] [1773479236.660082098] [Ground]: 识别到QR码: 太阳花种子
1773479236.6957397 [logical-1] [INFO] [1773479236.695175757] [Ground]: 识别到QR码: 智能花盆
1773479236.6962459 [logical-1] [INFO] [1773479236.696003741] [Ground]: 识别到QR码: 太阳花种子
1773479236.6991305 [logical-1] [INFO] [1773479236.698040657] [Ground]: 识别到QR码: 葵花种子
1773479236.7527041 [logical-1] [INFO] [1773479236.752383767] [Ground]: 识别到QR码: 智能花盆
1773479236.7558725 [logical-1] [INFO] [1773479236.754505833] [Ground]: 识别到QR码: 太阳花种子
1773479236.7610681 [logical-1] [INFO] [1773479236.760562313] [Ground]: 识别到QR码: 太阳花种子
1773479236.8219814 [logical-1] [INFO] [1773479236.821659524] [Ground]: 识别到QR码: 智能花盆
1773479236.8238397 [logical-1] [INFO] [1773479236.823546125] [Ground]: 识别到QR码: 太阳花种子
1773479236.8283322 [logical-1] [INFO] [1773479236.827981510] [Ground]: 识别到QR码: 葵花种子
1773479236.8335180 [logical-1] [INFO] [1773479236.833128419] [Ground]: 识别到QR码: 太阳花种子
1773479236.8355513 [logical-1] [INFO] [1773479236.834394509] [Ground]: 识别到QR码: 葵花种子
1773479236.8750827 [logical-1] [INFO] [1773479236.874770819] [Ground]: 识别到QR码: 太阳花种子
1773479236.9006252 [logical-1] [INFO] [1773479236.900072834] [Ground]: 识别到QR码: 智能花盆
1773479236.9251039 [logical-1] [INFO] [1773479236.924829471] [Ground]: 识别到QR码: 智能花盆
1773479236.9269335 [logical-1] [INFO] [1773479236.926742006] [Ground]: 识别到QR码: 太阳花种子
1773479236.9278958 [logical-1] [INFO] [1773479236.927741025] [Ground]: 识别到QR码: 葵花种子
1773479236.9613085 [logical-1] [INFO] [1773479236.961008429] [Ground]: 识别到QR码: 智能花盆
1773479236.9622777 [logical-1] [INFO] [1773479236.961875721] [Ground]: 识别到QR码: 太阳花种子
1773479236.9644651 [logical-1] [INFO] [1773479236.962994521] [Ground]: 识别到QR码: 葵花种子
1773479236.9938557 [logical-1] [INFO] [1773479236.993580668] [Ground]: 识别到QR码: 太阳花种子
1773479236.9946647 [logical-1] [INFO] [1773479236.994518265] [Ground]: 识别到QR码: 葵花种子
1773479237.0314360 [logical-1] [INFO] [1773479237.031063045] [Ground]: 识别到QR码: 智能花盆
1773479237.0346708 [logical-1] [INFO] [1773479237.034134131] [Ground]: 识别到QR码: 太阳花种子
1773479237.0618320 [logical-1] [INFO] [1773479237.061482353] [Ground]: 识别到QR码: 智能花盆
1773479237.0635536 [logical-1] [INFO] [1773479237.062712343] [Ground]: 识别到QR码: 太阳花种子
1773479237.0654888 [logical-1] [INFO] [1773479237.063542174] [Ground]: 识别到QR码: 葵花种子
1773479237.1037934 [logical-1] [INFO] [1773479237.103259997] [Ground]: 识别到QR码: 太阳花种子
1773479237.1060987 [logical-1] [INFO] [1773479237.105661769] [Ground]: 识别到QR码: 葵花种子
1773479237.1292572 [logical-1] [INFO] [1773479237.128946398] [Ground]: 识别到QR码: 太阳花种子
1773479237.1301208 [logical-1] [INFO] [1773479237.129882337] [Ground]: 识别到QR码: 葵花种子
1773479237.1644115 [logical-1] [INFO] [1773479237.164117851] [Ground]: 识别到QR码: 太阳花种子
1773479237.1742392 [logical-1] [INFO] [1773479237.173978542] [Ground]: 识别到QR码: 葵花种子
1773479237.1954243 [logical-1] [INFO] [1773479237.195069899] [Ground]: 识别到QR码: 太阳花种子
1773479237.2344007 [logical-1] [INFO] [1773479237.234098629] [Ground]: 识别到QR码: 太阳花种子
1773479237.2353675 [logical-1] [INFO] [1773479237.234890018] [Ground]: 识别到QR码: 葵花种子
1773479237.2646279 [logical-1] [INFO] [1773479237.264106848] [Ground]: 识别到QR码: 太阳花种子
1773479237.2665813 [logical-1] [INFO] [1773479237.266339665] [Ground]: 识别到QR码: 葵花种子
1773479237.3003159 [logical-1] [INFO] [1773479237.299925389] [Ground]: 识别到QR码: 太阳花种子
1773479237.3015716 [logical-1] [INFO] [1773479237.301310202] [Ground]: 识别到QR码: 葵花种子
1773479237.3465796 [logical-1] [INFO] [1773479237.346207033] [Ground]: 识别到QR码: 太阳花种子
1773479237.3480816 [logical-1] [INFO] [1773479237.347393221] [Ground]: 识别到QR码: 葵花种子
1773479237.3748264 [logical-1] [INFO] [1773479237.374517186] [Ground]: 识别到QR码: 太阳花种子
1773479237.3815522 [logical-1] [INFO] [1773479237.381215993] [Ground]: 识别到QR码: 葵花种子
1773479237.4107909 [logical-1] [INFO] [1773479237.410292250] [Ground]: 识别到QR码: 太阳花种子
1773479237.4129384 [logical-1] [INFO] [1773479237.412692428] [Ground]: 识别到QR码: 葵花种子
1773479237.4398096 [logical-1] [INFO] [1773479237.439502759] [Ground]: 识别到QR码: 太阳花种子
1773479237.4412091 [logical-1] [INFO] [1773479237.440960235] [Ground]: 识别到QR码: 葵花种子
1773479237.4764972 [logical-1] [INFO] [1773479237.476116289] [Ground]: 识别到QR码: 太阳花种子
1773479237.4774628 [logical-1] [INFO] [1773479237.477169945] [Ground]: 识别到QR码: 葵花种子
1773479237.5037076 [logical-1] [INFO] [1773479237.503454664] [Ground]: 识别到QR码: 太阳花种子
1773479237.5055208 [logical-1] [INFO] [1773479237.505354296] [Ground]: 识别到QR码: 葵花种子
1773479237.5433383 [logical-1] [INFO] [1773479237.543041225] [Ground]: 识别到QR码: 太阳花种子
1773479237.5442171 [logical-1] [INFO] [1773479237.543935477] [Ground]: 识别到QR码: 葵花种子
1773479237.5721242 [logical-1] [INFO] [1773479237.571863204] [Ground]: 识别到QR码: 太阳花种子
1773479237.5734613 [logical-1] [INFO] [1773479237.573202516] [Ground]: 识别到QR码: 葵花种子
1773479237.6094837 [logical-1] [INFO] [1773479237.609118874] [Ground]: 识别到QR码: 太阳花种子
1773479237.6111259 [logical-1] [INFO] [1773479237.610609809] [Ground]: 识别到QR码: 葵花种子
1773479237.6363287 [logical-1] [INFO] [1773479237.635981884] [Ground]: 识别到QR码: 太阳花种子
1773479237.6378291 [logical-1] [INFO] [1773479237.637567368] [Ground]: 识别到QR码: 葵花种子
1773479237.6755733 [logical-1] [INFO] [1773479237.675275709] [Ground]: 识别到QR码: 太阳花种子
1773479237.6771193 [logical-1] [INFO] [1773479237.676916316] [Ground]: 识别到QR码: 葵花种子
1773479237.7008851 [logical-1] [INFO] [1773479237.700591040] [Ground]: 识别到QR码: 太阳花种子
1773479237.7032514 [logical-1] [INFO] [1773479237.703000325] [Ground]: 识别到QR码: 葵花种子
1773479237.7518229 [logical-1] [INFO] [1773479237.751530463] [Ground]: 识别到QR码: 太阳花种子
1773479237.7556353 [logical-1] [INFO] [1773479237.755298157] [Ground]: 识别到QR码: 葵花种子
1773479237.7798774 [logical-1] [INFO] [1773479237.779559635] [Ground]: 识别到QR码: 太阳花种子
1773479237.7843769 [logical-1] [INFO] [1773479237.783587472] [Ground]: 识别到QR码: 葵花种子
1773479237.8018582 [logical-1] [INFO] [1773479237.801539645] [Ground]: 识别到QR码: 太阳花种子
1773479237.8035288 [logical-1] [INFO] [1773479237.803311737] [Ground]: 识别到QR码: 葵花种子
1773479237.8487866 [logical-1] [INFO] [1773479237.848514136] [Ground]: 识别到QR码: 太阳花种子
1773479237.8505285 [logical-1] [INFO] [1773479237.850276851] [Ground]: 识别到QR码: 葵花种子
1773479237.8682826 [logical-1] [INFO] [1773479237.867960826] [Ground]: 识别到QR码: 太阳花种子
1773479237.8692021 [logical-1] [INFO] [1773479237.869077442] [Ground]: 识别到QR码: 葵花种子
1773479237.9042060 [logical-1] [INFO] [1773479237.903898508] [Ground]: 识别到QR码: 太阳花种子
1773479237.9049625 [logical-1] [INFO] [1773479237.904837567] [Ground]: 识别到QR码: 葵花种子
1773479237.9351261 [logical-1] [INFO] [1773479237.934738988] [Ground]: 识别到QR码: 太阳花种子
1773479237.9365516 [logical-1] [INFO] [1773479237.936360425] [Ground]: 识别到QR码: 葵花种子
1773479237.9683590 [logical-1] [INFO] [1773479237.967956248] [Ground]: 识别到QR码: 太阳花种子
1773479237.9697258 [logical-1] [INFO] [1773479237.969511393] [Ground]: 识别到QR码: 葵花种子
1773479238.0051413 [logical-1] [INFO] [1773479238.004799452] [Ground]: 识别到QR码: 太阳花种子
1773479238.0069492 [logical-1] [INFO] [1773479238.006742731] [Ground]: 识别到QR码: 葵花种子
1773479238.0351274 [logical-1] [INFO] [1773479238.034574359] [Ground]: 识别到QR码: 太阳花种子
1773479238.0373688 [logical-1] [INFO] [1773479238.037169815] [Ground]: 识别到QR码: 葵花种子
1773479238.0703030 [logical-1] [INFO] [1773479238.069712321] [Ground]: 识别到QR码: 太阳花种子
1773479238.0745788 [logical-1] [INFO] [1773479238.074304673] [Ground]: 识别到QR码: 葵花种子
1773479238.1070857 [logical-1] [INFO] [1773479238.106759219] [Ground]: 识别到QR码: 太阳花种子
1773479238.1082928 [logical-1] [INFO] [1773479238.108132617] [Ground]: 识别到QR码: 葵花种子
1773479238.1510358 [logical-1] [INFO] [1773479238.150671320] [Ground]: 识别到QR码: 太阳花种子
1773479238.1533830 [logical-1] [INFO] [1773479238.153084495] [Ground]: 识别到QR码: 葵花种子
1773479238.1650748 [logical-1] [INFO] [1773479238.164702330] [Ground]: 识别到QR码: 太阳花种子
1773479238.1668105 [logical-1] [INFO] [1773479238.166453049] [Ground]: 识别到QR码: 葵花种子
1773479238.2017195 [logical-1] [INFO] [1773479238.201373125] [Ground]: 识别到QR码: 太阳花种子
1773479238.2037165 [logical-1] [INFO] [1773479238.203313235] [Ground]: 识别到QR码: 葵花种子
1773479238.2638400 [logical-1] [INFO] [1773479238.263378960] [Ground]: 识别到QR码: 太阳花种子
1773479238.2652185 [logical-1] [INFO] [1773479238.264956398] [Ground]: 识别到QR码: 葵花种子
1773479238.2874498 [logical-1] [INFO] [1773479238.286877261] [Ground]: 识别到QR码: 太阳花种子
1773479238.2945149 [logical-1] [INFO] [1773479238.294204319] [Ground]: 识别到QR码: 葵花种子
1773479238.3024685 [logical-1] [INFO] [1773479238.302163375] [Ground]: 识别到QR码: 太阳花种子
1773479238.3037086 [logical-1] [INFO] [1773479238.303519304] [Ground]: 识别到QR码: 葵花种子
1773479238.3379784 [logical-1] [INFO] [1773479238.337672874] [Ground]: 识别到QR码: 太阳花种子
1773479238.3387766 [logical-1] [INFO] [1773479238.338627673] [Ground]: 识别到QR码: 葵花种子
1773479238.3753903 [logical-1] [INFO] [1773479238.375108639] [Ground]: 识别到QR码: 太阳花种子
1773479238.3765271 [logical-1] [INFO] [1773479238.376271012] [Ground]: 识别到QR码: 葵花种子
1773479238.4028032 [logical-1] [INFO] [1773479238.402399836] [Ground]: 识别到QR码: 太阳花种子
1773479238.4065595 [logical-1] [INFO] [1773479238.406332718] [Ground]: 识别到QR码: 葵花种子
1773479238.4448526 [logical-1] [INFO] [1773479238.444570359] [Ground]: 识别到QR码: 太阳花种子
1773479238.4458756 [logical-1] [INFO] [1773479238.445688921] [Ground]: 识别到QR码: 葵花种子
1773479238.4719400 [logical-1] [INFO] [1773479238.471540875] [Ground]: 识别到QR码: 太阳花种子
1773479238.4728160 [logical-1] [INFO] [1773479238.472572012] [Ground]: 识别到QR码: 葵花种子
1773479238.5041249 [logical-1] [INFO] [1773479238.503749767] [Ground]: 识别到QR码: 太阳花种子
1773479238.5058451 [logical-1] [INFO] [1773479238.505527722] [Ground]: 识别到QR码: 葵花种子
1773479238.5471544 [logical-1] [INFO] [1773479238.546850607] [Ground]: 识别到QR码: 太阳花种子
1773479238.5494518 [logical-1] [INFO] [1773479238.549156937] [Ground]: 识别到QR码: 葵花种子
1773479238.5731440 [logical-1] [INFO] [1773479238.572808355] [Ground]: 识别到QR码: 太阳花种子
1773479238.5746782 [logical-1] [INFO] [1773479238.574441994] [Ground]: 识别到QR码: 葵花种子
1773479238.6080966 [logical-1] [INFO] [1773479238.607818641] [Ground]: 识别到QR码: 太阳花种子
1773479238.6087966 [logical-1] [INFO] [1773479238.608614205] [Ground]: 识别到QR码: 葵花种子
1773479238.6393855 [logical-1] [INFO] [1773479238.639098858] [Ground]: 识别到QR码: 太阳花种子
1773479238.6401310 [logical-1] [INFO] [1773479238.639959265] [Ground]: 识别到QR码: 葵花种子
1773479238.6731656 [logical-1] [INFO] [1773479238.672875271] [Ground]: 识别到QR码: 太阳花种子
1773479238.6739340 [logical-1] [INFO] [1773479238.673777207] [Ground]: 识别到QR码: 葵花种子
1773479238.7071950 [logical-1] [INFO] [1773479238.706897298] [Ground]: 识别到QR码: 太阳花种子
1773479238.7086847 [logical-1] [INFO] [1773479238.708442775] [Ground]: 识别到QR码: 葵花种子
1773479238.7442040 [logical-1] [INFO] [1773479238.743825549] [Ground]: 识别到QR码: 太阳花种子
1773479238.7453117 [logical-1] [INFO] [1773479238.744974232] [Ground]: 识别到QR码: 葵花种子
1773479238.7759480 [logical-1] [INFO] [1773479238.775658032] [Ground]: 识别到QR码: 太阳花种子
1773479238.7782562 [logical-1] [INFO] [1773479238.777762496] [Ground]: 识别到QR码: 葵花种子
1773479238.8164427 [logical-1] [INFO] [1773479238.816063962] [Ground]: 识别到QR码: 太阳花种子
1773479238.8176875 [logical-1] [INFO] [1773479238.817365879] [Ground]: 识别到QR码: 葵花种子
1773479238.8432770 [logical-1] [INFO] [1773479238.842958736] [Ground]: 识别到QR码: 太阳花种子
1773479238.8442686 [logical-1] [INFO] [1773479238.844111305] [Ground]: 识别到QR码: 葵花种子
1773479238.8716135 [logical-1] [INFO] [1773479238.871333579] [Ground]: 识别到QR码: 太阳花种子
1773479238.8730612 [logical-1] [INFO] [1773479238.872827973] [Ground]: 识别到QR码: 葵花种子
1773479238.9194696 [logical-1] [INFO] [1773479238.919156259] [Ground]: 识别到QR码: 太阳花种子
1773479238.9373243 [logical-1] [INFO] [1773479238.937009292] [Ground]: 识别到QR码: 太阳花种子
1773479238.9380927 [logical-1] [INFO] [1773479238.937951407] [Ground]: 识别到QR码: 葵花种子
1773479238.9750135 [logical-1] [INFO] [1773479238.974712751] [Ground]: 识别到QR码: 太阳花种子
1773479238.9821143 [logical-1] [INFO] [1773479238.981801121] [Ground]: 识别到QR码: 葵花种子
1773479239.0071955 [logical-1] [INFO] [1773479239.006868756] [Ground]: 识别到QR码: 太阳花种子
1773479239.0082304 [logical-1] [INFO] [1773479239.007980928] [Ground]: 识别到QR码: 葵花种子
1773479239.0449052 [logical-1] [INFO] [1773479239.044613972] [Ground]: 识别到QR码: 太阳花种子
1773479239.0462892 [logical-1] [INFO] [1773479239.046029353] [Ground]: 识别到QR码: 葵花种子
1773479239.0756948 [logical-1] [INFO] [1773479239.075426590] [Ground]: 识别到QR码: 太阳花种子
1773479239.0763938 [logical-1] [INFO] [1773479239.076247172] [Ground]: 识别到QR码: 葵花种子
1773479239.1066921 [logical-1] [INFO] [1773479239.106388944] [Ground]: 识别到QR码: 太阳花种子
1773479239.1076915 [logical-1] [INFO] [1773479239.107498048] [Ground]: 识别到QR码: 葵花种子
1773479239.1451919 [logical-1] [INFO] [1773479239.144901391] [Ground]: 识别到QR码: 太阳花种子
1773479239.1462274 [logical-1] [INFO] [1773479239.146068721] [Ground]: 识别到QR码: 葵花种子
1773479239.1737056 [logical-1] [INFO] [1773479239.173367081] [Ground]: 识别到QR码: 太阳花种子
1773479239.1746545 [logical-1] [INFO] [1773479239.174438629] [Ground]: 识别到QR码: 葵花种子
1773479239.2152271 [logical-1] [INFO] [1773479239.214913294] [Ground]: 识别到QR码: 太阳花种子
1773479239.2172925 [logical-1] [INFO] [1773479239.217036939] [Ground]: 识别到QR码: 葵花种子
1773479239.2417123 [logical-1] [INFO] [1773479239.241406990] [Ground]: 识别到QR码: 太阳花种子
1773479239.2439766 [logical-1] [INFO] [1773479239.243694188] [Ground]: 识别到QR码: 葵花种子
1773479239.3090169 [logical-1] [INFO] [1773479239.308494606] [Ground]: 识别到QR码: 太阳花种子
1773479239.3138056 [logical-1] [INFO] [1773479239.313450237] [Ground]: 识别到QR码: 葵花种子
1773479239.3153555 [logical-1] [INFO] [1773479239.314983930] [Ground]: 识别到QR码: 太阳花种子
1773479239.3177845 [logical-1] [INFO] [1773479239.315720684] [Ground]: 识别到QR码: 葵花种子
1773479239.3403709 [logical-1] [INFO] [1773479239.340067436] [Ground]: 识别到QR码: 太阳花种子
1773479239.3416758 [logical-1] [INFO] [1773479239.341482527] [Ground]: 识别到QR码: 葵花种子
1773479239.3825865 [logical-1] [INFO] [1773479239.382156208] [Ground]: 识别到QR码: 太阳花种子
1773479239.3834112 [logical-1] [INFO] [1773479239.383253127] [Ground]: 识别到QR码: 葵花种子
1773479239.4082913 [logical-1] [INFO] [1773479239.407980259] [Ground]: 识别到QR码: 太阳花种子
1773479239.4091554 [logical-1] [INFO] [1773479239.408875593] [Ground]: 识别到QR码: 葵花种子
1773479239.4485612 [logical-1] [INFO] [1773479239.448229159] [Ground]: 识别到QR码: 太阳花种子
1773479239.4813266 [logical-1] [INFO] [1773479239.480980599] [Ground]: 识别到QR码: 太阳花种子
1773479239.4828818 [logical-1] [INFO] [1773479239.482427806] [Ground]: 识别到QR码: 葵花种子
1773479239.5084050 [logical-1] [INFO] [1773479239.508100534] [Ground]: 识别到QR码: 太阳花种子
1773479239.5096252 [logical-1] [INFO] [1773479239.509465425] [Ground]: 识别到QR码: 葵花种子
1773479239.5503995 [logical-1] [INFO] [1773479239.550076190] [Ground]: 识别到QR码: 太阳花种子
1773479239.5515761 [logical-1] [INFO] [1773479239.551202056] [Ground]: 识别到QR码: 葵花种子
1773479239.5766890 [logical-1] [INFO] [1773479239.576311644] [Ground]: 识别到QR码: 太阳花种子
1773479239.5775034 [logical-1] [INFO] [1773479239.577121448] [Ground]: 识别到QR码: 葵花种子
1773479239.6107199 [logical-1] [INFO] [1773479239.610403121] [Ground]: 识别到QR码: 太阳花种子
1773479239.6122425 [logical-1] [INFO] [1773479239.611658218] [Ground]: 识别到QR码: 葵花种子
1773479239.6578074 [logical-1] [INFO] [1773479239.657490397] [Ground]: 识别到QR码: 太阳花种子
1773479239.6769586 [logical-1] [INFO] [1773479239.676638485] [Ground]: 识别到QR码: 太阳花种子
1773479239.6781805 [logical-1] [INFO] [1773479239.677739321] [Ground]: 识别到QR码: 葵花种子
1773479239.7169895 [logical-1] [INFO] [1773479239.716696949] [Ground]: 识别到QR码: 葵花种子
1773479239.7866995 [logical-1] [INFO] [1773479239.786299175] [Ground]: 识别到QR码: 葵花种子
1773479239.8211060 [logical-1] [INFO] [1773479239.820809674] [Ground]: 识别到QR码: 葵花种子
1773479239.8415446 [logical-1] [INFO] [1773479239.841243249] [Ground]: 识别到QR码: 葵花种子
1773479239.8827050 [logical-1] [INFO] [1773479239.882317890] [Ground]: 识别到QR码: 葵花种子
1773479239.9139898 [logical-1] [INFO] [1773479239.913579494] [Ground]: 识别到QR码: 葵花种子
1773479239.9471879 [logical-1] [INFO] [1773479239.946894007] [Ground]: 识别到QR码: 葵花种子
1773479240.0484538 [logical-1] [INFO] [1773479240.048154744] [Ground]: 识别到QR码: 葵花种子
1773479240.1174035 [logical-1] [INFO] [1773479240.117003652] [Ground]: 识别到QR码: 葵花种子
1773479240.1438425 [logical-1] [INFO] [1773479240.143545542] [Ground]: 识别到QR码: 葵花种子
1773479240.2213473 [logical-1] [INFO] [1773479240.221037775] [Ground]: 识别到QR码: 葵花种子
1773479240.2541349 [logical-1] [INFO] [1773479240.253533732] [Ground]: 识别到QR码: 葵花种子
1773479240.2816732 [logical-1] [INFO] [1773479240.281213495] [Ground]: 识别到QR码: 葵花种子
1773479240.3325543 [logical-1] [INFO] [1773479240.332226570] [Ground]: 识别到QR码: 葵花种子
1773479240.3854339 [logical-1] [INFO] [1773479240.385109588] [Ground]: 识别到QR码: 葵花种子
1773479240.4234116 [logical-1] [INFO] [1773479240.423103261] [Ground]: 识别到QR码: 葵花种子
1773479240.4506185 [logical-1] [INFO] [1773479240.450323786] [Ground]: 识别到QR码: 葵花种子
1773479240.5218565 [logical-1] [INFO] [1773479240.521543420] [Ground]: 识别到QR码: 葵花种子
1773479240.5540729 [logical-1] [INFO] [1773479240.553708361] [Ground]: 识别到QR码: 葵花种子
1773479240.5911503 [logical-1] [INFO] [1773479240.590761903] [Ground]: 识别到QR码: 葵花种子
1773479240.7202687 [logical-1] [INFO] [1773479240.719524403] [Ground]: 识别到QR码: 葵花种子
1773479240.7498207 [logical-1] [INFO] [1773479240.749436270] [Ground]: 识别到QR码: 葵花种子
1773479240.7877972 [logical-1] [INFO] [1773479240.787186626] [Ground]: 识别到QR码: 葵花种子
1773479240.8324447 [logical-1] [INFO] [1773479240.831864959] [Ground]: 识别到QR码: 葵花种子
1773479240.8656979 [logical-1] [INFO] [1773479240.865356888] [Ground]: 识别到QR码: 葵花种子
1773479240.9157033 [logical-1] [INFO] [1773479240.915450702] [Ground]: 识别到QR码: 葵花种子
1773479240.9173803 [logical-1] [INFO] [1773479240.917119714] [Ground]: 识别到QR码: 葵花种子
1773479240.9632051 [logical-1] [INFO] [1773479240.962917352] [Ground]: 识别到QR码: 葵花种子
1773479240.9858983 [logical-1] [INFO] [1773479240.985463925] [Ground]: 识别到QR码: 葵花种子
1773479241.0219145 [logical-1] [INFO] [1773479241.021483545] [Ground]: 识别到QR码: 葵花种子
1773479241.0543494 [logical-1] [INFO] [1773479241.054069092] [Ground]: 识别到QR码: 葵花种子
1773479241.0903080 [logical-1] [INFO] [1773479241.089905554] [Ground]: 识别到QR码: 葵花种子
1773479241.1209528 [logical-1] [INFO] [1773479241.120641746] [Ground]: 识别到QR码: 葵花种子
1773479241.1554687 [logical-1] [INFO] [1773479241.155183003] [Ground]: 识别到QR码: 葵花种子
1773479241.1967487 [logical-1] [INFO] [1773479241.196437482] [Ground]: 识别到QR码: 葵花种子
1773479241.2260501 [logical-1] [INFO] [1773479241.225742210] [Ground]: 识别到QR码: 葵花种子
1773479241.2539477 [logical-1] [INFO] [1773479241.253589620] [Ground]: 识别到QR码: 葵花种子
1773479241.3155296 [logical-1] [INFO] [1773479241.315134446] [Ground]: 识别到QR码: 葵花种子
1773479241.3370509 [logical-1] [INFO] [1773479241.336565291] [Ground]: 识别到QR码: 葵花种子
1773479241.3659883 [logical-1] [INFO] [1773479241.365298901] [Ground]: 识别到QR码: 葵花种子
1773479241.3986259 [logical-1] [INFO] [1773479241.398182787] [Ground]: 识别到QR码: 葵花种子
1773479241.4314041 [logical-1] [INFO] [1773479241.431082802] [Ground]: 识别到QR码: 葵花种子
1773479241.4630959 [logical-1] [INFO] [1773479241.462718907] [Ground]: 识别到QR码: 葵花种子
1773479241.5032637 [logical-1] [INFO] [1773479241.502880571] [Ground]: 识别到QR码: 葵花种子
1773479241.5288641 [logical-1] [INFO] [1773479241.528531539] [Ground]: 识别到QR码: 葵花种子
1773479241.5682883 [logical-1] [INFO] [1773479241.567847696] [Ground]: 识别到QR码: 葵花种子
1773479241.5945508 [logical-1] [INFO] [1773479241.594182304] [Ground]: 识别到QR码: 葵花种子
1773479241.6352668 [logical-1] [INFO] [1773479241.634915280] [Ground]: 识别到QR码: 葵花种子
1773479241.6623282 [logical-1] [INFO] [1773479241.662024433] [Ground]: 识别到QR码: 葵花种子
1773479241.7043173 [logical-1] [INFO] [1773479241.703838605] [Ground]: 识别到QR码: 葵花种子
1773479241.7332990 [logical-1] [INFO] [1773479241.733003084] [Ground]: 识别到QR码: 葵花种子
1773479241.7735839 [logical-1] [INFO] [1773479241.773104780] [Ground]: 识别到QR码: 葵花种子
1773479241.7939200 [logical-1] [INFO] [1773479241.793557506] [Ground]: 识别到QR码: 葵花种子
1773479241.8437033 [logical-1] [INFO] [1773479241.843421127] [Ground]: 识别到QR码: 葵花种子
1773479241.8771803 [logical-1] [INFO] [1773479241.876656220] [Ground]: 识别到QR码: 葵花种子
1773479241.8952737 [logical-1] [INFO] [1773479241.895011381] [Ground]: 识别到QR码: 葵花种子
1773479241.9303355 [logical-1] [INFO] [1773479241.930043156] [Ground]: 识别到QR码: 葵花种子
1773479241.9642909 [logical-1] [INFO] [1773479241.963934615] [Ground]: 识别到QR码: 葵花种子
1773479241.9962962 [logical-1] [INFO] [1773479241.995931343] [Ground]: 识别到QR码: 葵花种子
1773479242.0241563 [logical-1] [INFO] [1773479242.023738845] [Ground]: 识别到QR码: 葵花种子
1773479242.0678089 [logical-1] [INFO] [1773479242.067529082] [Ground]: 识别到QR码: 葵花种子
1773479242.0943465 [logical-1] [INFO] [1773479242.093895963] [Ground]: 识别到QR码: 葵花种子
1773479242.1291778 [logical-1] [INFO] [1773479242.128868800] [Ground]: 识别到QR码: 葵花种子
1773479242.1669800 [logical-1] [INFO] [1773479242.166572586] [Ground]: 识别到QR码: 葵花种子
1773479242.1936448 [logical-1] [INFO] [1773479242.193284547] [Ground]: 识别到QR码: 葵花种子
1773479242.2338617 [logical-1] [INFO] [1773479242.233535305] [Ground]: 识别到QR码: 葵花种子
1773479242.2588887 [logical-1] [INFO] [1773479242.258580352] [Ground]: 识别到QR码: 葵花种子
1773479242.3024781 [logical-1] [INFO] [1773479242.302065459] [Ground]: 识别到QR码: 葵花种子
1773479242.3340392 [logical-1] [INFO] [1773479242.333609871] [Ground]: 识别到QR码: 葵花种子
1773479242.3810909 [logical-1] [INFO] [1773479242.380769448] [Ground]: 识别到QR码: 葵花种子
1773479242.3971465 [logical-1] [INFO] [1773479242.396773866] [Ground]: 识别到QR码: 葵花种子
1773479242.4564447 [logical-1] [INFO] [1773479242.456071644] [Ground]: 识别到QR码: 葵花种子
1773479242.4642768 [logical-1] [INFO] [1773479242.463835167] [Ground]: 识别到QR码: 葵花种子
1773479242.4996774 [logical-1] [INFO] [1773479242.499382588] [Ground]: 识别到QR码: 葵花种子
1773479242.5319772 [logical-1] [INFO] [1773479242.531166231] [Ground]: 识别到QR码: 葵花种子
1773479242.5645065 [logical-1] [INFO] [1773479242.564193538] [Ground]: 识别到QR码: 葵花种子
1773479242.6022019 [logical-1] [INFO] [1773479242.601904889] [Ground]: 识别到QR码: 葵花种子
1773479242.6305821 [logical-1] [INFO] [1773479242.630280461] [Ground]: 识别到QR码: 葵花种子
1773479242.6692169 [logical-1] [INFO] [1773479242.668829680] [Ground]: 识别到QR码: 葵花种子
1773479242.6995640 [logical-1] [INFO] [1773479242.699157519] [Ground]: 识别到QR码: 葵花种子
1773479242.7331953 [logical-1] [INFO] [1773479242.732895423] [Ground]: 识别到QR码: 葵花种子
1773479242.7759492 [logical-1] [INFO] [1773479242.775591144] [Ground]: 识别到QR码: 葵花种子
1773479242.7986600 [logical-1] [INFO] [1773479242.798278628] [Ground]: 识别到QR码: 葵花种子
1773479242.8392484 [logical-1] [INFO] [1773479242.838953836] [Ground]: 识别到QR码: 葵花种子
1773479242.8766668 [logical-1] [INFO] [1773479242.876398083] [Ground]: 识别到QR码: 葵花种子
1773479242.8991997 [logical-1] [INFO] [1773479242.898825238] [Ground]: 识别到QR码: 葵花种子
1773479242.9424126 [logical-1] [INFO] [1773479242.942088549] [Ground]: 识别到QR码: 葵花种子
1773479242.9680223 [logical-1] [INFO] [1773479242.967685455] [Ground]: 识别到QR码: 葵花种子
1773479243.0074801 [logical-1] [INFO] [1773479243.007088714] [Ground]: 识别到QR码: 葵花种子
1773479243.0328760 [logical-1] [INFO] [1773479243.032497290] [Ground]: 识别到QR码: 葵花种子
1773479243.0698781 [logical-1] [INFO] [1773479243.069570712] [Ground]: 识别到QR码: 葵花种子
1773479243.1026268 [logical-1] [INFO] [1773479243.102333626] [Ground]: 识别到QR码: 葵花种子
1773479243.1361866 [logical-1] [INFO] [1773479243.135779727] [Ground]: 识别到QR码: 葵花种子
1773479243.1719599 [logical-1] [INFO] [1773479243.171657708] [Ground]: 识别到QR码: 葵花种子
1773479243.2028017 [logical-1] [INFO] [1773479243.202510701] [Ground]: 识别到QR码: 葵花种子
1773479243.2447832 [logical-1] [INFO] [1773479243.244448542] [Ground]: 识别到QR码: 葵花种子
1773479243.2759731 [logical-1] [INFO] [1773479243.275673231] [Ground]: 识别到QR码: 葵花种子
1773479243.3032420 [logical-1] [INFO] [1773479243.302933761] [Ground]: 识别到QR码: 葵花种子
1773479243.3389063 [logical-1] [INFO] [1773479243.338608663] [Ground]: 识别到QR码: 葵花种子
1773479243.3838091 [logical-1] [INFO] [1773479243.383523307] [Ground]: 识别到QR码: 葵花种子
1773479243.4090474 [logical-1] [INFO] [1773479243.408668081] [Ground]: 识别到QR码: 葵花种子
1773479243.4419761 [logical-1] [INFO] [1773479243.441651764] [Ground]: 识别到QR码: 葵花种子
1773479243.4752452 [logical-1] [INFO] [1773479243.474869023] [Ground]: 识别到QR码: 葵花种子
1773479243.5029202 [logical-1] [INFO] [1773479243.502551528] [Ground]: 识别到QR码: 葵花种子
1773479243.5380332 [logical-1] [INFO] [1773479243.537713059] [Ground]: 识别到QR码: 葵花种子
1773479243.5705411 [logical-1] [INFO] [1773479243.570178506] [Ground]: 识别到QR码: 葵花种子
1773479243.6067889 [logical-1] [INFO] [1773479243.606480946] [Ground]: 识别到QR码: 葵花种子
1773479243.6421056 [logical-1] [INFO] [1773479243.641767412] [Ground]: 识别到QR码: 葵花种子
1773479243.6825848 [logical-1] [INFO] [1773479243.682204358] [Ground]: 识别到QR码: 葵花种子
1773479243.7098281 [logical-1] [INFO] [1773479243.709415567] [Ground]: 识别到QR码: 葵花种子
1773479243.7389886 [logical-1] [INFO] [1773479243.738698608] [Ground]: 识别到QR码: 葵花种子
1773479243.7732904 [logical-1] [INFO] [1773479243.772986449] [Ground]: 识别到QR码: 葵花种子
1773479243.8386374 [logical-1] [INFO] [1773479243.838289088] [Ground]: 识别到QR码: 葵花种子
1773479243.8751714 [logical-1] [INFO] [1773479243.874795890] [Ground]: 识别到QR码: 葵花种子
1773479243.9112251 [logical-1] [INFO] [1773479243.910841682] [Ground]: 识别到QR码: 葵花种子
1773479243.9392626 [logical-1] [INFO] [1773479243.938890439] [Ground]: 识别到QR码: 葵花种子
1773479243.9793179 [logical-1] [INFO] [1773479243.979017899] [Ground]: 识别到QR码: 葵花种子
1773479244.0047207 [logical-1] [INFO] [1773479244.004358931] [Ground]: 识别到QR码: 葵花种子
1773479244.0487857 [logical-1] [INFO] [1773479244.048355166] [Ground]: 识别到QR码: 葵花种子
1773479244.0721872 [logical-1] [INFO] [1773479244.071806171] [Ground]: 识别到QR码: 葵花种子
1773479244.1045876 [logical-1] [INFO] [1773479244.104309441] [Ground]: 识别到QR码: 葵花种子
1773479244.1448011 [logical-1] [INFO] [1773479244.144433754] [Ground]: 识别到QR码: 葵花种子
1773479244.1731973 [logical-1] [INFO] [1773479244.172919394] [Ground]: 识别到QR码: 葵花种子
1773479244.2144103 [logical-1] [INFO] [1773479244.214069215] [Ground]: 识别到QR码: 葵花种子
1773479244.2409785 [logical-1] [INFO] [1773479244.240680969] [Ground]: 识别到QR码: 葵花种子
1773479244.2738514 [logical-1] [INFO] [1773479244.273555805] [Ground]: 识别到QR码: 葵花种子
1773479244.3163874 [logical-1] [INFO] [1773479244.315872814] [Ground]: 识别到QR码: 葵花种子
1773479244.3402767 [logical-1] [INFO] [1773479244.339981150] [Ground]: 识别到QR码: 葵花种子
1773479244.3867483 [logical-1] [INFO] [1773479244.386449232] [Ground]: 识别到QR码: 葵花种子
1773479244.4369910 [logical-1] [INFO] [1773479244.436692594] [Ground]: 识别到QR码: 葵花种子
1773479244.4411597 [logical-1] [INFO] [1773479244.440832349] [Ground]: 识别到QR码: 葵花种子
1773479244.5056553 [logical-1] [INFO] [1773479244.505341720] [Ground]: 识别到QR码: 葵花种子
1773479244.5108838 [logical-1] [INFO] [1773479244.510534877] [Ground]: 识别到QR码: 葵花种子
1773479244.5554652 [logical-1] [INFO] [1773479244.555099421] [Ground]: 识别到QR码: 葵花种子
1773479244.5760541 [logical-1] [INFO] [1773479244.575762611] [Ground]: 识别到QR码: 葵花种子
1773479244.6152499 [logical-1] [INFO] [1773479244.614890934] [Ground]: 识别到QR码: 葵花种子
1773479244.6551495 [logical-1] [INFO] [1773479244.654778937] [Ground]: 识别到QR码: 葵花种子
1773479244.6784041 [logical-1] [INFO] [1773479244.678103143] [Ground]: 识别到QR码: 葵花种子
1773479244.7144296 [logical-1] [INFO] [1773479244.714081197] [Ground]: 识别到QR码: 葵花种子
1773479244.7505851 [logical-1] [INFO] [1773479244.750304181] [Ground]: 识别到QR码: 葵花种子
1773479244.7792912 [logical-1] [INFO] [1773479244.778853357] [Ground]: 识别到QR码: 葵花种子
1773479244.8187459 [logical-1] [INFO] [1773479244.818227939] [Ground]: 识别到QR码: 葵花种子
1773479244.8436582 [logical-1] [INFO] [1773479244.843410231] [Ground]: 识别到QR码: 葵花种子
1773479244.8821325 [logical-1] [INFO] [1773479244.881734402] [Ground]: 识别到QR码: 葵花种子
1773479244.9372492 [logical-1] [INFO] [1773479244.936885262] [Ground]: 识别到QR码: 葵花种子
1773479244.9565837 [logical-1] [INFO] [1773479244.956266377] [Ground]: 识别到QR码: 葵花种子
1773479245.0177822 [logical-1] [INFO] [1773479245.017424763] [Ground]: 识别到QR码: 葵花种子
1773479245.0475428 [logical-1] [INFO] [1773479245.047232187] [Ground]: 识别到QR码: 葵花种子
1773479245.0879109 [logical-1] [INFO] [1773479245.087592931] [Ground]: 识别到QR码: 葵花种子
1773479245.1191814 [logical-1] [INFO] [1773479245.118888046] [Ground]: 识别到QR码: 葵花种子
1773479245.1493430 [logical-1] [INFO] [1773479245.148943748] [Ground]: 识别到QR码: 葵花种子
1773479245.1833274 [logical-1] [INFO] [1773479245.183027260] [Ground]: 识别到QR码: 葵花种子
1773479245.2161686 [logical-1] [INFO] [1773479245.215787373] [Ground]: 识别到QR码: 葵花种子
1773479245.2520781 [logical-1] [INFO] [1773479245.251629427] [Ground]: 识别到QR码: 葵花种子
1773479245.2921371 [logical-1] [INFO] [1773479245.291848342] [Ground]: 识别到QR码: 葵花种子
1773479245.3225691 [logical-1] [INFO] [1773479245.322206152] [Ground]: 识别到QR码: 葵花种子
1773479245.3576801 [logical-1] [INFO] [1773479245.357313480] [Ground]: 识别到QR码: 葵花种子
1773479245.3949986 [logical-1] [INFO] [1773479245.394700176] [Ground]: 识别到QR码: 葵花种子
1773479245.4334557 [logical-1] [INFO] [1773479245.433168037] [Ground]: 识别到QR码: 葵花种子
1773479245.4672976 [logical-1] [INFO] [1773479245.466998633] [Ground]: 识别到QR码: 葵花种子
1773479245.4861310 [logical-1] [INFO] [1773479245.485672188] [Ground]: 识别到QR码: 葵花种子
1773479245.5262907 [logical-1] [INFO] [1773479245.525907537] [Ground]: 识别到QR码: 葵花种子
1773479245.5490766 [logical-1] [INFO] [1773479245.548651266] [Ground]: 识别到QR码: 葵花种子
1773479245.5905256 [logical-1] [INFO] [1773479245.590224027] [Ground]: 识别到QR码: 葵花种子
1773479245.6335506 [logical-1] [INFO] [1773479245.633280335] [Ground]: 识别到QR码: 葵花种子
1773479245.6512275 [logical-1] [INFO] [1773479245.650812296] [Ground]: 识别到QR码: 葵花种子
1773479245.6884923 [logical-1] [INFO] [1773479245.688128474] [Ground]: 识别到QR码: 葵花种子
1773479245.7164171 [logical-1] [INFO] [1773479245.716094376] [Ground]: 识别到QR码: 葵花种子
1773479245.7581453 [logical-1] [INFO] [1773479245.757816005] [Ground]: 识别到QR码: 葵花种子
1773479245.8052735 [logical-1] [INFO] [1773479245.804969277] [Ground]: 识别到QR码: 葵花种子
1773479245.8166461 [logical-1] [INFO] [1773479245.816285079] [Ground]: 识别到QR码: 葵花种子
1773479245.8660591 [logical-1] [INFO] [1773479245.865678613] [Ground]: 识别到QR码: 葵花种子
1773479245.8891852 [logical-1] [INFO] [1773479245.888823203] [Ground]: 识别到QR码: 葵花种子
1773479245.9225183 [logical-1] [INFO] [1773479245.922141920] [Ground]: 识别到QR码: 葵花种子
1773479246.8981786 [logical-1] [INFO] [1773479246.897847843] [Ground]: 识别到QR码: 太阳花种子
1773479247.2366383 [logical-1] [INFO] [1773479247.236109621] [Ground]: 识别到QR码: 太阳花种子
1773479247.4831629 [logical-1] [INFO] [1773479247.482777715] [Ground]: 识别到QR码: 太阳花种子
1773479247.5159476 [logical-1] [INFO] [1773479247.515598001] [Ground]: 识别到QR码: 太阳花种子
1773479248.5879085 [logical-1] [INFO] [1773479248.587602318] [Ground]: 识别到QR码: 太阳花种子
1773479248.6105828 [logical-1] [INFO] [1773479248.610338094] [Ground]: 识别到QR码: 太阳花种子
1773479248.6354284 [logical-1] [INFO] [1773479248.635112380] [Ground]: 识别到QR码: 太阳花种子
1773479248.6872544 [logical-1] [INFO] [1773479248.686819258] [Ground]: 识别到QR码: 太阳花种子
1773479248.7083292 [logical-1] [INFO] [1773479248.707935490] [Ground]: 识别到QR码: 太阳花种子
1773479248.7356498 [logical-1] [INFO] [1773479248.735294924] [Ground]: 识别到QR码: 太阳花种子
1773479248.7793930 [logical-1] [INFO] [1773479248.778843449] [Ground]: 识别到QR码: 太阳花种子
1773479248.8029640 [logical-1] [INFO] [1773479248.802365641] [Ground]: 识别到QR码: 太阳花种子
1773479248.8379133 [logical-1] [INFO] [1773479248.837459655] [Ground]: 识别到QR码: 太阳花种子
1773479248.8805285 [logical-1] [INFO] [1773479248.880232225] [Ground]: 识别到QR码: 太阳花种子
1773479248.9044187 [logical-1] [INFO] [1773479248.904029101] [Ground]: 识别到QR码: 太阳花种子
1773479248.9396572 [logical-1] [INFO] [1773479248.939356606] [Ground]: 识别到QR码: 太阳花种子
1773479248.9793141 [logical-1] [INFO] [1773479248.978880679] [Ground]: 识别到QR码: 太阳花种子
1773479249.0050919 [logical-1] [INFO] [1773479249.004677557] [Ground]: 识别到QR码: 太阳花种子
1773479249.0495150 [logical-1] [INFO] [1773479249.049215073] [Ground]: 识别到QR码: 太阳花种子
1773479249.0794110 [logical-1] [INFO] [1773479249.079106156] [Ground]: 识别到QR码: 太阳花种子
1773479249.1284435 [logical-1] [INFO] [1773479249.127579982] [Ground]: 识别到QR码: 太阳花种子
1773479249.1462405 [logical-1] [INFO] [1773479249.145923573] [Ground]: 识别到QR码: 太阳花种子
1773479249.1740811 [logical-1] [INFO] [1773479249.173780545] [Ground]: 识别到QR码: 太阳花种子
1773479249.2095957 [logical-1] [INFO] [1773479249.209280874] [Ground]: 识别到QR码: 太阳花种子
1773479249.2502646 [logical-1] [INFO] [1773479249.249945242] [Ground]: 识别到QR码: 太阳花种子
1773479249.2911055 [logical-1] [INFO] [1773479249.290674160] [Ground]: 识别到QR码: 太阳花种子
1773479249.3154624 [logical-1] [INFO] [1773479249.314981950] [Ground]: 识别到QR码: 太阳花种子
1773479249.3478990 [logical-1] [INFO] [1773479249.347552141] [Ground]: 识别到QR码: 太阳花种子
1773479249.3889449 [logical-1] [INFO] [1773479249.388628912] [Ground]: 识别到QR码: 太阳花种子
1773479249.4082119 [logical-1] [INFO] [1773479249.407899744] [Ground]: 识别到QR码: 太阳花种子
1773479249.4676862 [logical-1] [INFO] [1773479249.467360056] [Ground]: 识别到QR码: 太阳花种子
1773479249.4887846 [logical-1] [INFO] [1773479249.488412710] [Ground]: 识别到QR码: 太阳花种子
1773479249.5162182 [logical-1] [INFO] [1773479249.515792712] [Ground]: 识别到QR码: 太阳花种子
1773479249.5550268 [logical-1] [INFO] [1773479249.554703188] [Ground]: 识别到QR码: 太阳花种子
1773479249.5812767 [logical-1] [INFO] [1773479249.580983206] [Ground]: 识别到QR码: 太阳花种子
1773479249.6112227 [logical-1] [INFO] [1773479249.610921487] [Ground]: 识别到QR码: 太阳花种子
1773479249.6472027 [logical-1] [INFO] [1773479249.646287335] [Ground]: 识别到QR码: 太阳花种子
1773479249.6808288 [logical-1] [INFO] [1773479249.679717518] [Ground]: 识别到QR码: 太阳花种子
1773479249.7182133 [logical-1] [INFO] [1773479249.717714506] [Ground]: 识别到QR码: 太阳花种子
1773479249.7445421 [logical-1] [INFO] [1773479249.744058296] [Ground]: 识别到QR码: 太阳花种子
1773479249.7806344 [logical-1] [INFO] [1773479249.780354323] [Ground]: 识别到QR码: 太阳花种子
1773479249.8253403 [logical-1] [INFO] [1773479249.825033698] [Ground]: 识别到QR码: 太阳花种子
1773479249.8424885 [logical-1] [INFO] [1773479249.842186096] [Ground]: 识别到QR码: 太阳花种子
1773479249.9001353 [logical-1] [INFO] [1773479249.899749285] [Ground]: 识别到QR码: 太阳花种子
1773479249.9205382 [logical-1] [INFO] [1773479249.920132477] [Ground]: 识别到QR码: 太阳花种子
1773479249.9434757 [logical-1] [INFO] [1773479249.943192862] [Ground]: 识别到QR码: 太阳花种子
1773479249.9890587 [logical-1] [INFO] [1773479249.988744256] [Ground]: 识别到QR码: 太阳花种子
1773479250.0152352 [logical-1] [INFO] [1773479250.014925353] [Ground]: 识别到QR码: 太阳花种子
1773479250.0604777 [logical-1] [INFO] [1773479250.060101673] [Ground]: 识别到QR码: 太阳花种子
1773479250.0807753 [logical-1] [INFO] [1773479250.079795053] [Ground]: 识别到QR码: 太阳花种子
1773479250.1155646 [logical-1] [INFO] [1773479250.115265217] [Ground]: 识别到QR码: 太阳花种子
1773479250.1488996 [logical-1] [INFO] [1773479250.148545068] [Ground]: 识别到QR码: 太阳花种子
1773479250.1949103 [logical-1] [INFO] [1773479250.194590740] [Ground]: 识别到QR码: 太阳花种子
1773479250.2139595 [logical-1] [INFO] [1773479250.213492058] [Ground]: 识别到QR码: 太阳花种子
1773479250.2724705 [logical-1] [INFO] [1773479250.272063743] [Ground]: 识别到QR码: 太阳花种子
1773479250.2854443 [logical-1] [INFO] [1773479250.285053215] [Ground]: 识别到QR码: 太阳花种子
1773479250.3177147 [logical-1] [INFO] [1773479250.316739029] [Ground]: 识别到QR码: 太阳花种子
1773479250.3509831 [logical-1] [INFO] [1773479250.350482514] [Ground]: 识别到QR码: 太阳花种子
1773479250.3841054 [logical-1] [INFO] [1773479250.383760057] [Ground]: 识别到QR码: 太阳花种子
1773479250.4212918 [logical-1] [INFO] [1773479250.420775118] [Ground]: 识别到QR码: 太阳花种子
1773479250.4501591 [logical-1] [INFO] [1773479250.449701845] [Ground]: 识别到QR码: 太阳花种子
1773479250.4996636 [logical-1] [INFO] [1773479250.499262564] [Ground]: 识别到QR码: 太阳花种子
1773479250.5235152 [logical-1] [INFO] [1773479250.523211186] [Ground]: 识别到QR码: 太阳花种子
1773479250.5671079 [logical-1] [INFO] [1773479250.566807910] [Ground]: 识别到QR码: 太阳花种子
1773479250.5991857 [logical-1] [INFO] [1773479250.598767045] [Ground]: 识别到QR码: 太阳花种子
1773479250.6227081 [logical-1] [INFO] [1773479250.622312415] [Ground]: 识别到QR码: 太阳花种子
1773479250.6547849 [logical-1] [INFO] [1773479250.654354775] [Ground]: 识别到QR码: 太阳花种子
1773479250.6926880 [logical-1] [INFO] [1773479250.692304322] [Ground]: 识别到QR码: 太阳花种子
1773479250.7223687 [logical-1] [INFO] [1773479250.721951219] [Ground]: 识别到QR码: 太阳花种子
1773479250.7584682 [logical-1] [INFO] [1773479250.758118593] [Ground]: 识别到QR码: 太阳花种子
1773479250.7841108 [logical-1] [INFO] [1773479250.783730557] [Ground]: 识别到QR码: 太阳花种子
1773479250.8196185 [logical-1] [INFO] [1773479250.819316752] [Ground]: 识别到QR码: 太阳花种子
1773479250.8557124 [logical-1] [INFO] [1773479250.855302324] [Ground]: 识别到QR码: 太阳花种子
1773479250.8851173 [logical-1] [INFO] [1773479250.884704958] [Ground]: 识别到QR码: 太阳花种子
1773479250.9219928 [logical-1] [INFO] [1773479250.921651469] [Ground]: 识别到QR码: 太阳花种子
1773479250.9559894 [logical-1] [INFO] [1773479250.955702855] [Ground]: 识别到QR码: 太阳花种子
1773479250.9876797 [logical-1] [INFO] [1773479250.987265817] [Ground]: 识别到QR码: 太阳花种子
1773479251.0234108 [logical-1] [INFO] [1773479251.023005330] [Ground]: 识别到QR码: 太阳花种子
1773479251.0683355 [logical-1] [INFO] [1773479251.068044189] [Ground]: 识别到QR码: 太阳花种子
1773479251.1053147 [logical-1] [INFO] [1773479251.104973773] [Ground]: 识别到QR码: 太阳花种子
1773479251.1267395 [logical-1] [INFO] [1773479251.126341964] [Ground]: 识别到QR码: 太阳花种子
1773479251.1547949 [logical-1] [INFO] [1773479251.154485688] [Ground]: 识别到QR码: 太阳花种子
1773479251.1958935 [logical-1] [INFO] [1773479251.195590436] [Ground]: 识别到QR码: 太阳花种子
1773479251.2196462 [logical-1] [INFO] [1773479251.219359519] [Ground]: 识别到QR码: 太阳花种子
1773479251.2593908 [logical-1] [INFO] [1773479251.259114908] [Ground]: 识别到QR码: 太阳花种子
1773479251.2885439 [logical-1] [INFO] [1773479251.288246522] [Ground]: 识别到QR码: 太阳花种子
1773479251.3665516 [logical-1] [INFO] [1773479251.366130928] [Ground]: 识别到QR码: 太阳花种子
1773479251.3908741 [logical-1] [INFO] [1773479251.390639188] [Ground]: 识别到QR码: 太阳花种子
1773479251.4250932 [logical-1] [INFO] [1773479251.424850911] [Ground]: 识别到QR码: 太阳花种子
1773479251.4570050 [logical-1] [INFO] [1773479251.456635128] [Ground]: 识别到QR码: 太阳花种子
1773479251.4936173 [logical-1] [INFO] [1773479251.493257191] [Ground]: 识别到QR码: 太阳花种子
1773479251.5362637 [logical-1] [INFO] [1773479251.535844372] [Ground]: 识别到QR码: 太阳花种子
1773479251.5783508 [logical-1] [INFO] [1773479251.575723312] [Ground]: 识别到QR码: 太阳花种子
1773479251.5970051 [logical-1] [INFO] [1773479251.596611962] [Ground]: 识别到QR码: 太阳花种子
1773479251.6297688 [logical-1] [INFO] [1773479251.629474538] [Ground]: 识别到QR码: 太阳花种子
1773479251.6732612 [logical-1] [INFO] [1773479251.672818026] [Ground]: 识别到QR码: 太阳花种子
1773479251.6967595 [logical-1] [INFO] [1773479251.696459971] [Ground]: 识别到QR码: 太阳花种子
1773479251.7266023 [logical-1] [INFO] [1773479251.726206117] [Ground]: 识别到QR码: 太阳花种子
1773479251.7629378 [logical-1] [INFO] [1773479251.762558294] [Ground]: 识别到QR码: 太阳花种子
1773479251.7985997 [logical-1] [INFO] [1773479251.798250424] [Ground]: 识别到QR码: 太阳花种子
1773479251.8347192 [logical-1] [INFO] [1773479251.834341538] [Ground]: 识别到QR码: 太阳花种子
1773479251.8764095 [logical-1] [INFO] [1773479251.876033561] [Ground]: 识别到QR码: 太阳花种子
1773479251.8946538 [logical-1] [INFO] [1773479251.894343302] [Ground]: 识别到QR码: 太阳花种子
1773479251.9682770 [logical-1] [INFO] [1773479251.967980280] [Ground]: 识别到QR码: 太阳花种子
1773479251.9916904 [logical-1] [INFO] [1773479251.991401913] [Ground]: 识别到QR码: 太阳花种子
1773479252.3274443 [logical-1] [INFO] [1773479252.327105476] [Ground]: 识别到QR码: 智能花盆
1773479252.4795134 [logical-1] [INFO] [1773479252.479191578] [Ground]: 识别到QR码: 智能花盆
1773479252.5073881 [logical-1] [INFO] [1773479252.506915226] [Ground]: 识别到QR码: 智能花盆
1773479252.6176379 [logical-1] [INFO] [1773479252.617287563] [Ground]: 识别到QR码: 智能花盆
1773479252.6391447 [logical-1] [INFO] [1773479252.638865252] [Ground]: 识别到QR码: 智能花盆
1773479252.6628141 [logical-1] [INFO] [1773479252.662528079] [Ground]: 识别到QR码: 智能花盆
1773479252.7658441 [logical-1] [INFO] [1773479252.765447748] [Ground]: 识别到QR码: 智能花盆
1773479252.8088126 [logical-1] [INFO] [1773479252.808512877] [Ground]: 识别到QR码: 智能花盆
1773479252.8704138 [logical-1] [INFO] [1773479252.870063229] [Ground]: 识别到QR码: 智能花盆
1773479252.9026139 [logical-1] [INFO] [1773479252.902240236] [Ground]: 识别到QR码: 智能花盆
1773479252.9718351 [logical-1] [INFO] [1773479252.971533567] [Ground]: 识别到QR码: 智能花盆
1773479253.0091608 [logical-1] [INFO] [1773479253.008797594] [Ground]: 识别到QR码: 智能花盆
1773479253.0362401 [logical-1] [INFO] [1773479253.035784077] [Ground]: 识别到QR码: 智能花盆
1773479253.0716546 [logical-1] [INFO] [1773479253.071288389] [Ground]: 识别到QR码: 智能花盆
1773479253.1037524 [logical-1] [INFO] [1773479253.103378899] [Ground]: 识别到QR码: 智能花盆
1773479253.1373062 [logical-1] [INFO] [1773479253.136992591] [Ground]: 识别到QR码: 智能花盆
1773479253.1737075 [logical-1] [INFO] [1773479253.173234071] [Ground]: 识别到QR码: 智能花盆
1773479253.2112422 [logical-1] [INFO] [1773479253.210852613] [Ground]: 识别到QR码: 智能花盆
1773479253.2401433 [logical-1] [INFO] [1773479253.239788876] [Ground]: 识别到QR码: 智能花盆
1773479253.2829347 [logical-1] [INFO] [1773479253.282598252] [Ground]: 识别到QR码: 智能花盆
1773479253.3447042 [logical-1] [INFO] [1773479253.344251642] [Ground]: 识别到QR码: 智能花盆
1773479253.3813143 [logical-1] [INFO] [1773479253.380054821] [Ground]: 识别到QR码: 智能花盆
1773479253.4113805 [logical-1] [INFO] [1773479253.411046497] [Ground]: 识别到QR码: 智能花盆
1773479253.4357848 [logical-1] [INFO] [1773479253.435465089] [Ground]: 识别到QR码: 智能花盆
1773479253.4756761 [logical-1] [INFO] [1773479253.475369692] [Ground]: 识别到QR码: 智能花盆
1773479253.5092485 [logical-1] [INFO] [1773479253.508934934] [Ground]: 识别到QR码: 智能花盆
1773479253.5384116 [logical-1] [INFO] [1773479253.538113976] [Ground]: 识别到QR码: 智能花盆
1773479253.5739715 [logical-1] [INFO] [1773479253.573537001] [Ground]: 识别到QR码: 智能花盆
1773479253.6119585 [logical-1] [INFO] [1773479253.611658194] [Ground]: 识别到QR码: 智能花盆
1773479253.6554213 [logical-1] [INFO] [1773479253.655022035] [Ground]: 识别到QR码: 智能花盆
1773479253.6733890 [logical-1] [INFO] [1773479253.673097413] [Ground]: 识别到QR码: 智能花盆
1773479253.7163343 [logical-1] [INFO] [1773479253.715963454] [Ground]: 识别到QR码: 智能花盆
1773479253.7873890 [logical-1] [INFO] [1773479253.787083768] [Ground]: 识别到QR码: 智能花盆
1773479253.8505516 [logical-1] [INFO] [1773479253.850217362] [Ground]: 识别到QR码: 智能花盆
1773479253.8721046 [logical-1] [INFO] [1773479253.871796459] [Ground]: 识别到QR码: 智能花盆
1773479253.9062808 [logical-1] [INFO] [1773479253.905942214] [Ground]: 识别到QR码: 智能花盆
1773479253.9428303 [logical-1] [INFO] [1773479253.942451973] [Ground]: 识别到QR码: 智能花盆
1773479253.9726737 [logical-1] [INFO] [1773479253.972373844] [Ground]: 识别到QR码: 智能花盆
1773479254.0094354 [logical-1] [INFO] [1773479254.009139065] [Ground]: 识别到QR码: 智能花盆
1773479254.0423014 [logical-1] [INFO] [1773479254.041939388] [Ground]: 识别到QR码: 智能花盆
1773479254.0730720 [logical-1] [INFO] [1773479254.072659120] [Ground]: 识别到QR码: 智能花盆
1773479254.1276114 [logical-1] [INFO] [1773479254.127327710] [Ground]: 识别到QR码: 智能花盆
1773479254.1578913 [logical-1] [INFO] [1773479254.157543015] [Ground]: 识别到QR码: 智能花盆
1773479254.1819084 [logical-1] [INFO] [1773479254.181539861] [Ground]: 识别到QR码: 智能花盆
1773479254.2155840 [logical-1] [INFO] [1773479254.215284422] [Ground]: 识别到QR码: 智能花盆
1773479254.2478611 [logical-1] [INFO] [1773479254.247541833] [Ground]: 识别到QR码: 智能花盆
1773479254.2846165 [logical-1] [INFO] [1773479254.284294621] [Ground]: 识别到QR码: 智能花盆
1773479254.3104250 [logical-1] [INFO] [1773479254.310091866] [Ground]: 识别到QR码: 智能花盆
1773479254.3491633 [logical-1] [INFO] [1773479254.348814533] [Ground]: 识别到QR码: 智能花盆
1773479254.3771992 [logical-1] [INFO] [1773479254.376889233] [Ground]: 识别到QR码: 智能花盆
1773479254.4136720 [logical-1] [INFO] [1773479254.413357669] [Ground]: 识别到QR码: 智能花盆
1773479254.4472988 [logical-1] [INFO] [1773479254.446950794] [Ground]: 识别到QR码: 智能花盆
1773479254.5119703 [logical-1] [INFO] [1773479254.511625459] [Ground]: 识别到QR码: 智能花盆
1773479254.5496438 [logical-1] [INFO] [1773479254.549320046] [Ground]: 识别到QR码: 智能花盆
1773479254.5873830 [logical-1] [INFO] [1773479254.587071763] [Ground]: 识别到QR码: 智能花盆
1773479254.6318843 [logical-1] [INFO] [1773479254.631419959] [Ground]: 识别到QR码: 智能花盆
1773479254.6728525 [logical-1] [INFO] [1773479254.672465065] [Ground]: 识别到QR码: 智能花盆
1773479254.6781173 [logical-1] [INFO] [1773479254.677734291] [Ground]: 识别到QR码: 智能花盆
1773479254.7244649 [logical-1] [INFO] [1773479254.724024731] [Ground]: 识别到QR码: 智能花盆
1773479254.7848780 [logical-1] [INFO] [1773479254.784479569] [Ground]: 识别到QR码: 智能花盆
1773479254.8134544 [logical-1] [INFO] [1773479254.813006613] [Ground]: 识别到QR码: 智能花盆
1773479254.8446255 [logical-1] [INFO] [1773479254.844329387] [Ground]: 识别到QR码: 智能花盆
1773479254.8845530 [logical-1] [INFO] [1773479254.884165122] [Ground]: 识别到QR码: 智能花盆
1773479254.9161220 [logical-1] [INFO] [1773479254.915769779] [Ground]: 识别到QR码: 智能花盆
1773479254.9500377 [logical-1] [INFO] [1773479254.949723686] [Ground]: 识别到QR码: 智能花盆
1773479254.9944117 [logical-1] [INFO] [1773479254.994013980] [Ground]: 识别到QR码: 智能花盆
1773479255.0222352 [logical-1] [INFO] [1773479255.021856958] [Ground]: 识别到QR码: 智能花盆
1773479255.0555112 [logical-1] [INFO] [1773479255.055104475] [Ground]: 识别到QR码: 智能花盆
1773479255.0840833 [logical-1] [INFO] [1773479255.083795795] [Ground]: 识别到QR码: 智能花盆
1773479255.1578093 [logical-1] [INFO] [1773479255.157410919] [Ground]: 识别到QR码: 智能花盆
1773479255.1827340 [logical-1] [INFO] [1773479255.182429726] [Ground]: 识别到QR码: 智能花盆
1773479255.2229469 [logical-1] [INFO] [1773479255.222643115] [Ground]: 识别到QR码: 智能花盆
1773479255.2670634 [logical-1] [INFO] [1773479255.266795056] [Ground]: 识别到QR码: 智能花盆
1773479255.2905517 [logical-1] [INFO] [1773479255.290206137] [Ground]: 识别到QR码: 智能花盆
1773479255.3227458 [logical-1] [INFO] [1773479255.322412485] [Ground]: 识别到QR码: 智能花盆
1773479255.3575194 [logical-1] [INFO] [1773479255.357153928] [Ground]: 识别到QR码: 智能花盆
1773479255.3924577 [logical-1] [INFO] [1773479255.392048316] [Ground]: 识别到QR码: 智能花盆
1773479255.4196589 [logical-1] [INFO] [1773479255.419188188] [Ground]: 识别到QR码: 智能花盆
1773479255.4557598 [logical-1] [INFO] [1773479255.455412711] [Ground]: 识别到QR码: 智能花盆
1773479255.4951627 [logical-1] [INFO] [1773479255.494889611] [Ground]: 识别到QR码: 智能花盆
1773479255.5344026 [logical-1] [INFO] [1773479255.533736504] [Ground]: 识别到QR码: 智能花盆
1773479255.5895312 [logical-1] [INFO] [1773479255.589192044] [Ground]: 识别到QR码: 智能花盆
1773479255.7220979 [logical-1] [INFO] [1773479255.721665681] [Ground]: 识别到QR码: 智能花盆
1773479255.7743359 [logical-1] [INFO] [1773479255.773982808] [Ground]: 识别到QR码: 智能花盆
1773479255.7877328 [logical-1] [INFO] [1773479255.787431583] [Ground]: 识别到QR码: 智能花盆
1773479255.8280902 [logical-1] [INFO] [1773479255.827705550] [Ground]: 识别到QR码: 智能花盆
1773479255.8516979 [logical-1] [INFO] [1773479255.851067838] [Ground]: 识别到QR码: 智能花盆
1773479255.8897858 [logical-1] [INFO] [1773479255.889387739] [Ground]: 识别到QR码: 智能花盆
1773479255.9288039 [logical-1] [INFO] [1773479255.928417401] [Ground]: 识别到QR码: 智能花盆
1773479255.9574203 [logical-1] [INFO] [1773479255.957071177] [Ground]: 识别到QR码: 智能花盆
1773479255.9954603 [logical-1] [INFO] [1773479255.995114728] [Ground]: 识别到QR码: 智能花盆
1773479256.0208519 [logical-1] [INFO] [1773479256.020500083] [Ground]: 识别到QR码: 智能花盆
1773479256.0876458 [logical-1] [INFO] [1773479256.087338460] [Ground]: 识别到QR码: 智能花盆
1773479256.1256013 [logical-1] [INFO] [1773479256.125297979] [Ground]: 识别到QR码: 智能花盆
1773479256.1801462 [logical-1] [INFO] [1773479256.179743559] [Ground]: 识别到QR码: 智能花盆
1773479256.1890938 [logical-1] [INFO] [1773479256.188797523] [Ground]: 识别到QR码: 智能花盆
1773479256.2225807 [logical-1] [INFO] [1773479256.222187267] [Ground]: 识别到QR码: 智能花盆
1773479256.2681501 [logical-1] [INFO] [1773479256.267853285] [Ground]: 识别到QR码: 智能花盆
1773479256.2909415 [logical-1] [INFO] [1773479256.290522736] [Ground]: 识别到QR码: 智能花盆
1773479256.3253903 [logical-1] [INFO] [1773479256.325079600] [Ground]: 识别到QR码: 智能花盆
1773479256.3570752 [logical-1] [INFO] [1773479256.356772430] [Ground]: 识别到QR码: 智能花盆
1773479256.4314582 [logical-1] [INFO] [1773479256.431149000] [Ground]: 识别到QR码: 智能花盆
1773479256.4591060 [logical-1] [INFO] [1773479256.458803004] [Ground]: 识别到QR码: 智能花盆
1773479256.4889908 [logical-1] [INFO] [1773479256.488701563] [Ground]: 识别到QR码: 智能花盆
1773479256.5424554 [logical-1] [INFO] [1773479256.542161077] [Ground]: 识别到QR码: 智能花盆
1773479256.5931051 [logical-1] [INFO] [1773479256.592703159] [Ground]: 识别到QR码: 智能花盆
1773479256.6291506 [logical-1] [INFO] [1773479256.628779800] [Ground]: 识别到QR码: 智能花盆
1773479256.6575012 [logical-1] [INFO] [1773479256.657147786] [Ground]: 识别到QR码: 智能花盆
1773479256.6975796 [logical-1] [INFO] [1773479256.697251451] [Ground]: 识别到QR码: 智能花盆
1773479256.7831519 [logical-1] [INFO] [1773479256.782801566] [Ground]: 识别到QR码: 智能花盆
1773479256.8078952 [logical-1] [INFO] [1773479256.807608122] [Ground]: 识别到QR码: 智能花盆
1773479256.8364954 [logical-1] [INFO] [1773479256.836187969] [Ground]: 识别到QR码: 智能花盆
1773479256.8622205 [logical-1] [INFO] [1773479256.861954837] [Ground]: 识别到QR码: 智能花盆
1773479256.9024222 [logical-1] [INFO] [1773479256.902142559] [Ground]: 识别到QR码: 智能花盆
1773479256.9311240 [logical-1] [INFO] [1773479256.930807096] [Ground]: 识别到QR码: 智能花盆
1773479256.9630482 [logical-1] [INFO] [1773479256.962747380] [Ground]: 识别到QR码: 智能花盆
1773479256.9964840 [logical-1] [INFO] [1773479256.996203991] [Ground]: 识别到QR码: 智能花盆
1773479257.0494254 [logical-1] [INFO] [1773479257.049058155] [Ground]: 识别到QR码: 智能花盆
1773479257.0684409 [logical-1] [INFO] [1773479257.067913744] [Ground]: 识别到QR码: 智能花盆
1773479257.0984197 [logical-1] [INFO] [1773479257.098017023] [Ground]: 识别到QR码: 智能花盆
1773479257.1389308 [logical-1] [INFO] [1773479257.138560991] [Ground]: 识别到QR码: 智能花盆
1773479257.2114942 [logical-1] [INFO] [1773479257.211194009] [Ground]: 识别到QR码: 智能花盆
1773479257.2294116 [logical-1] [INFO] [1773479257.229116129] [Ground]: 识别到QR码: 智能花盆
1773479257.2676940 [logical-1] [INFO] [1773479257.267385754] [Ground]: 识别到QR码: 智能花盆
1773479257.3021653 [logical-1] [INFO] [1773479257.301748521] [Ground]: 识别到QR码: 智能花盆
1773479257.3323786 [logical-1] [INFO] [1773479257.331997462] [Ground]: 识别到QR码: 智能花盆
1773479257.3700638 [logical-1] [INFO] [1773479257.369762148] [Ground]: 识别到QR码: 智能花盆
1773479257.4176524 [logical-1] [INFO] [1773479257.417364755] [Ground]: 识别到QR码: 智能花盆
1773479257.4385347 [logical-1] [INFO] [1773479257.438183374] [Ground]: 识别到QR码: 智能花盆
1773479257.4754076 [logical-1] [INFO] [1773479257.475090237] [Ground]: 识别到QR码: 智能花盆
1773479257.5003881 [logical-1] [INFO] [1773479257.500080699] [Ground]: 识别到QR码: 智能花盆
1773479257.5499337 [logical-1] [INFO] [1773479257.549536657] [Ground]: 识别到QR码: 智能花盆
1773479257.5812888 [logical-1] [INFO] [1773479257.581012908] [Ground]: 识别到QR码: 智能花盆
1773479257.6061785 [logical-1] [INFO] [1773479257.605903193] [Ground]: 识别到QR码: 智能花盆
1773479257.6761327 [logical-1] [INFO] [1773479257.675798203] [Ground]: 识别到QR码: 智能花盆
1773479257.7131724 [logical-1] [INFO] [1773479257.712902847] [Ground]: 识别到QR码: 智能花盆
1773479257.7370250 [logical-1] [INFO] [1773479257.736715082] [Ground]: 识别到QR码: 智能花盆
1773479257.7704394 [logical-1] [INFO] [1773479257.769154361] [Ground]: 识别到QR码: 智能花盆
1773479257.8038869 [logical-1] [INFO] [1773479257.803511420] [Ground]: 识别到QR码: 智能花盆
1773479257.8364067 [logical-1] [INFO] [1773479257.836065957] [Ground]: 识别到QR码: 智能花盆
1773479257.9389830 [logical-1] [INFO] [1773479257.938686378] [Ground]: 识别到QR码: 智能花盆
1773479257.9715445 [logical-1] [INFO] [1773479257.971233216] [Ground]: 识别到QR码: 智能花盆
1773479258.0338907 [logical-1] [INFO] [1773479258.033548276] [Ground]: 识别到QR码: 智能花盆
1773479258.0703053 [logical-1] [INFO] [1773479258.069786855] [Ground]: 识别到QR码: 智能花盆
1773479258.1440487 [logical-1] [INFO] [1773479258.143738564] [Ground]: 识别到QR码: 智能花盆
1773479258.1703598 [logical-1] [INFO] [1773479258.170043754] [Ground]: 识别到QR码: 智能花盆
1773479258.2428775 [logical-1] [INFO] [1773479258.242491255] [Ground]: 识别到QR码: 智能花盆
1773479258.3442206 [logical-1] [INFO] [1773479258.343879568] [Ground]: 识别到QR码: 智能花盆
1773479258.3752663 [logical-1] [INFO] [1773479258.374681035] [Ground]: 识别到QR码: 智能花盆
1773479258.4937298 [logical-1] [INFO] [1773479258.493342680] [Ground]: 识别到QR码: 智能花盆
1773479258.5432932 [logical-1] [INFO] [1773479258.542892558] [Ground]: 识别到QR码: 智能花盆
1773479258.6063392 [logical-1] [INFO] [1773479258.606025461] [Ground]: 识别到QR码: 智能花盆
1773479258.6387949 [logical-1] [INFO] [1773479258.638364776] [Ground]: 识别到QR码: 智能花盆
1773479258.6932065 [logical-1] [INFO] [1773479258.692888711] [Ground]: 识别到QR码: 智能花盆
1773479258.7245269 [logical-1] [INFO] [1773479258.724190762] [Ground]: 识别到QR码: 智能花盆
1773479258.7498486 [logical-1] [INFO] [1773479258.749476945] [Ground]: 识别到QR码: 智能花盆
1773479258.7763522 [logical-1] [INFO] [1773479258.775960418] [Ground]: 识别到QR码: 智能花盆
1773479258.8085454 [logical-1] [INFO] [1773479258.808230234] [Ground]: 识别到QR码: 智能花盆
1773479258.8446238 [logical-1] [INFO] [1773479258.844247640] [Ground]: 识别到QR码: 智能花盆
1773479258.8788347 [logical-1] [INFO] [1773479258.878483229] [Ground]: 识别到QR码: 智能花盆
1773479258.9166799 [logical-1] [INFO] [1773479258.916264151] [Ground]: 识别到QR码: 智能花盆
1773479258.9431195 [logical-1] [INFO] [1773479258.942811707] [Ground]: 识别到QR码: 智能花盆
1773479258.9766448 [logical-1] [INFO] [1773479258.976335143] [Ground]: 识别到QR码: 智能花盆
1773479259.0857196 [logical-1] [INFO] [1773479259.085378962] [Ground]: 识别到QR码: 智能花盆
1773479259.1158187 [logical-1] [INFO] [1773479259.115469760] [Ground]: 识别到QR码: 智能花盆
1773479259.1477098 [logical-1] [INFO] [1773479259.147412907] [Ground]: 识别到QR码: 智能花盆
1773479259.1823719 [logical-1] [INFO] [1773479259.181932432] [Ground]: 识别到QR码: 智能花盆
1773479259.2147834 [logical-1] [INFO] [1773479259.214415015] [Ground]: 识别到QR码: 智能花盆
1773479259.2467756 [logical-1] [INFO] [1773479259.246430187] [Ground]: 识别到QR码: 智能花盆
1773479259.2900119 [logical-1] [INFO] [1773479259.289529242] [Ground]: 识别到QR码: 智能花盆
1773479259.3133397 [logical-1] [INFO] [1773479259.313009287] [Ground]: 识别到QR码: 智能花盆
1773479259.3575568 [logical-1] [INFO] [1773479259.357176612] [Ground]: 识别到QR码: 智能花盆
1773479259.7692561 [logical-1] [INFO] [1773479259.768939292] [Ground]: 识别到QR码: 智能花盆
1773479259.7707040 [logical-1] [INFO] [1773479259.770183153] [Ground]: 识别到QR码: 葵花种子
1773479259.8188267 [logical-1] [INFO] [1773479259.818340630] [Ground]: 识别到QR码: 太阳花种子
1773479259.8259335 [logical-1] [INFO] [1773479259.825596421] [Ground]: 识别到QR码: 葵花种子
1773479259.8674462 [logical-1] [INFO] [1773479259.866961057] [Ground]: 识别到QR码: 太阳花种子
1773479259.8688362 [logical-1] [INFO] [1773479259.868380158] [Ground]: 识别到QR码: 葵花种子
1773479259.8900783 [logical-1] [INFO] [1773479259.889746979] [Ground]: 识别到QR码: 智能花盆
1773479259.8913217 [logical-1] [INFO] [1773479259.891122151] [Ground]: 识别到QR码: 太阳花种子
1773479259.8920708 [logical-1] [INFO] [1773479259.891957089] [Ground]: 识别到QR码: 葵花种子
1773479259.9213121 [logical-1] [INFO] [1773479259.920987442] [Ground]: 识别到QR码: 太阳花种子
1773479259.9243338 [logical-1] [INFO] [1773479259.924058111] [Ground]: 识别到QR码: 葵花种子
1773479260.0011744 [logical-1] [INFO] [1773479260.000863609] [Ground]: 识别到QR码: 太阳花种子
1773479260.0063536 [logical-1] [INFO] [1773479260.005913900] [Ground]: 识别到QR码: 葵花种子
1773479260.0183530 [logical-1] [INFO] [1773479260.017993764] [Ground]: 识别到QR码: 太阳花种子
1773479260.0217140 [logical-1] [INFO] [1773479260.020695178] [Ground]: 识别到QR码: 葵花种子
1773479260.0584714 [logical-1] [INFO] [1773479260.058120106] [Ground]: 识别到QR码: 太阳花种子
1773479260.0597739 [logical-1] [INFO] [1773479260.059435245] [Ground]: 识别到QR码: 葵花种子
1773479260.1568756 [logical-1] [INFO] [1773479260.156561985] [Ground]: 识别到QR码: 太阳花种子
1773479260.1585712 [logical-1] [INFO] [1773479260.158197500] [Ground]: 识别到QR码: 葵花种子
1773479260.1884849 [logical-1] [INFO] [1773479260.188170371] [Ground]: 识别到QR码: 太阳花种子
1773479260.1900690 [logical-1] [INFO] [1773479260.189786642] [Ground]: 识别到QR码: 葵花种子
1773479260.3207064 [logical-1] [INFO] [1773479260.320356787] [Ground]: 识别到QR码: 太阳花种子
1773479260.3408656 [logical-1] [INFO] [1773479260.340513387] [Ground]: 识别到QR码: 智能花盆
1773479260.3429272 [logical-1] [INFO] [1773479260.342506118] [Ground]: 识别到QR码: 太阳花种子
1773479260.4000976 [logical-1] [INFO] [1773479260.399735196] [Ground]: 识别到QR码: 太阳花种子
1773479260.5220132 [logical-1] [INFO] [1773479260.521686449] [Ground]: 识别到QR码: 太阳花种子
1773479260.5236497 [logical-1] [INFO] [1773479260.523451908] [Ground]: 识别到QR码: 葵花种子
1773479260.5655043 [logical-1] [INFO] [1773479260.565149676] [Ground]: 识别到QR码: 太阳花种子
1773479260.5688853 [logical-1] [INFO] [1773479260.568584414] [Ground]: 识别到QR码: 葵花种子
1773479260.5923460 [logical-1] [INFO] [1773479260.592042181] [Ground]: 识别到QR码: 智能花盆
1773479260.5942795 [logical-1] [INFO] [1773479260.594118933] [Ground]: 识别到QR码: 太阳花种子
1773479260.5956404 [logical-1] [INFO] [1773479260.595476002] [Ground]: 识别到QR码: 葵花种子
1773479260.6944988 [logical-1] [INFO] [1773479260.694101644] [Ground]: 识别到QR码: 太阳花种子
1773479260.6955721 [logical-1] [INFO] [1773479260.695309621] [Ground]: 识别到QR码: 葵花种子
1773479260.7302997 [logical-1] [INFO] [1773479260.729986702] [Ground]: 识别到QR码: 智能花盆
1773479260.7321377 [logical-1] [INFO] [1773479260.731830687] [Ground]: 识别到QR码: 太阳花种子
1773479260.7339997 [logical-1] [INFO] [1773479260.733779211] [Ground]: 识别到QR码: 葵花种子
1773479260.7608733 [logical-1] [INFO] [1773479260.760496234] [Ground]: 识别到QR码: 太阳花种子
1773479260.8276014 [logical-1] [INFO] [1773479260.827295850] [Ground]: 识别到QR码: 太阳花种子
1773479260.8292174 [logical-1] [INFO] [1773479260.828972654] [Ground]: 识别到QR码: 葵花种子
1773479260.8573115 [logical-1] [INFO] [1773479260.857007622] [Ground]: 识别到QR码: 智能花盆
1773479260.8582132 [logical-1] [INFO] [1773479260.858056006] [Ground]: 识别到QR码: 太阳花种子
1773479260.9294553 [logical-1] [INFO] [1773479260.929144789] [Ground]: 识别到QR码: 太阳花种子
1773479260.9333260 [logical-1] [INFO] [1773479260.932886811] [Ground]: 识别到QR码: 葵花种子
1773479260.9957328 [logical-1] [INFO] [1773479260.995446413] [Ground]: 识别到QR码: 葵花种子
1773479261.0248747 [logical-1] [INFO] [1773479261.024582564] [Ground]: 识别到QR码: 太阳花种子
1773479261.0266404 [logical-1] [INFO] [1773479261.026421708] [Ground]: 识别到QR码: 葵花种子
1773479261.0952132 [logical-1] [INFO] [1773479261.094857704] [Ground]: 识别到QR码: 葵花种子
1773479261.1257174 [logical-1] [INFO] [1773479261.125424142] [Ground]: 识别到QR码: 太阳花种子
1773479261.1268108 [logical-1] [INFO] [1773479261.126636896] [Ground]: 识别到QR码: 葵花种子
1773479261.1961856 [logical-1] [INFO] [1773479261.195897957] [Ground]: 识别到QR码: 太阳花种子
1773479261.2316761 [logical-1] [INFO] [1773479261.230707202] [Ground]: 识别到QR码: 太阳花种子
1773479261.2675490 [logical-1] [INFO] [1773479261.267163321] [Ground]: 识别到QR码: 太阳花种子
1773479261.3472190 [logical-1] [INFO] [1773479261.346800257] [Ground]: 识别到QR码: 太阳花种子
1773479261.3495693 [logical-1] [INFO] [1773479261.349103280] [Ground]: 识别到QR码: 太阳花种子
1773479261.3646088 [logical-1] [INFO] [1773479261.364308612] [Ground]: 识别到QR码: 太阳花种子
1773479261.3659613 [logical-1] [INFO] [1773479261.365563178] [Ground]: 识别到QR码: 葵花种子
1773479261.4345534 [logical-1] [INFO] [1773479261.434151643] [Ground]: 识别到QR码: 太阳花种子
1773479261.4632471 [logical-1] [INFO] [1773479261.462932024] [Ground]: 识别到QR码: 太阳花种子
1773479261.5005713 [logical-1] [INFO] [1773479261.500273361] [Ground]: 识别到QR码: 太阳花种子
1773479261.5299373 [logical-1] [INFO] [1773479261.529577802] [Ground]: 识别到QR码: 葵花种子
1773479261.5656674 [logical-1] [INFO] [1773479261.565341554] [Ground]: 识别到QR码: 太阳花种子
1773479261.5666840 [logical-1] [INFO] [1773479261.566282823] [Ground]: 识别到QR码: 葵花种子
1773479261.6001568 [logical-1] [INFO] [1773479261.599679044] [Ground]: 识别到QR码: 太阳花种子
1773479261.6310716 [logical-1] [INFO] [1773479261.630678998] [Ground]: 识别到QR码: 葵花种子
1773479261.6685462 [logical-1] [INFO] [1773479261.668239779] [Ground]: 识别到QR码: 太阳花种子
1773479261.6709692 [logical-1] [INFO] [1773479261.670703940] [Ground]: 识别到QR码: 葵花种子
1773479261.7021115 [logical-1] [INFO] [1773479261.701580688] [Ground]: 识别到QR码: 太阳花种子
1773479261.7035401 [logical-1] [INFO] [1773479261.703116142] [Ground]: 识别到QR码: 葵花种子
1773479261.7325644 [logical-1] [INFO] [1773479261.732037395] [Ground]: 识别到QR码: 太阳花种子
1773479261.7348623 [logical-1] [INFO] [1773479261.734630384] [Ground]: 识别到QR码: 葵花种子
1773479261.7752964 [logical-1] [INFO] [1773479261.775022288] [Ground]: 识别到QR码: 葵花种子
1773479261.8173583 [logical-1] [INFO] [1773479261.817062683] [Ground]: 识别到QR码: 太阳花种子
1773479261.8199008 [logical-1] [INFO] [1773479261.819590756] [Ground]: 识别到QR码: 葵花种子
1773479261.8388884 [logical-1] [INFO] [1773479261.838570900] [Ground]: 识别到QR码: 葵花种子
1773479261.8663628 [logical-1] [INFO] [1773479261.866029719] [Ground]: 识别到QR码: 葵花种子
1773479261.9061012 [logical-1] [INFO] [1773479261.905720732] [Ground]: 识别到QR码: 葵花种子
1773479261.9723098 [logical-1] [INFO] [1773479261.971935412] [Ground]: 识别到QR码: 葵花种子
1773479262.0023115 [logical-1] [INFO] [1773479262.001953620] [Ground]: 识别到QR码: 葵花种子
1773479262.1035306 [logical-1] [INFO] [1773479262.103118532] [Ground]: 识别到QR码: 太阳花种子
1773479262.2729871 [logical-1] [INFO] [1773479262.272619733] [Ground]: 识别到QR码: 葵花种子
1773479262.3318202 [logical-1] [INFO] [1773479262.331445912] [Ground]: 识别到QR码: 太阳花种子
1773479262.3332801 [logical-1] [INFO] [1773479262.332734541] [Ground]: 识别到QR码: 葵花种子
1773479262.3592546 [logical-1] [INFO] [1773479262.358880431] [Ground]: 识别到QR码: 太阳花种子
1773479262.4063106 [logical-1] [INFO] [1773479262.405930361] [Ground]: 识别到QR码: 葵花种子
1773479262.4441290 [logical-1] [INFO] [1773479262.443753376] [Ground]: 识别到QR码: 太阳花种子
1773479262.4705660 [logical-1] [INFO] [1773479262.470243041] [Ground]: 识别到QR码: 太阳花种子
1773479262.4730868 [logical-1] [INFO] [1773479262.472812337] [Ground]: 识别到QR码: 葵花种子
1773479262.5411956 [logical-1] [INFO] [1773479262.540893129] [Ground]: 识别到QR码: 太阳花种子
1773479262.5428815 [logical-1] [INFO] [1773479262.542141921] [Ground]: 识别到QR码: 葵花种子
1773479262.5724940 [logical-1] [INFO] [1773479262.572164603] [Ground]: 识别到QR码: 太阳花种子
1773479262.5749483 [logical-1] [INFO] [1773479262.574572780] [Ground]: 识别到QR码: 葵花种子
1773479262.6164706 [logical-1] [INFO] [1773479262.616162836] [Ground]: 识别到QR码: 太阳花种子
1773479262.6181147 [logical-1] [INFO] [1773479262.617921275] [Ground]: 识别到QR码: 葵花种子
1773479262.6391325 [logical-1] [INFO] [1773479262.638850502] [Ground]: 识别到QR码: 太阳花种子
1773479262.6399372 [logical-1] [INFO] [1773479262.639614212] [Ground]: 识别到QR码: 葵花种子
1773479262.6707323 [logical-1] [INFO] [1773479262.670462848] [Ground]: 识别到QR码: 太阳花种子
1773479262.6725836 [logical-1] [INFO] [1773479262.672342552] [Ground]: 识别到QR码: 葵花种子
1773479262.7401350 [logical-1] [INFO] [1773479262.739754482] [Ground]: 识别到QR码: 太阳花种子
1773479262.7412770 [logical-1] [INFO] [1773479262.741028025] [Ground]: 识别到QR码: 葵花种子
1773479262.7705033 [logical-1] [INFO] [1773479262.770119136] [Ground]: 识别到QR码: 太阳花种子
1773479262.7713099 [logical-1] [INFO] [1773479262.770807412] [Ground]: 识别到QR码: 葵花种子
1773479262.8123891 [logical-1] [INFO] [1773479262.812083431] [Ground]: 识别到QR码: 太阳花种子
1773479262.8131590 [logical-1] [INFO] [1773479262.812755782] [Ground]: 识别到QR码: 葵花种子
1773479262.8736742 [logical-1] [INFO] [1773479262.873334629] [Ground]: 识别到QR码: 太阳花种子
1773479262.8756483 [logical-1] [INFO] [1773479262.875446655] [Ground]: 识别到QR码: 太阳花种子
1773479262.8768265 [logical-1] [INFO] [1773479262.876719672] [Ground]: 识别到QR码: 葵花种子
1773479262.9044266 [logical-1] [INFO] [1773479262.902928619] [Ground]: 识别到QR码: 葵花种子
1773479262.9457040 [logical-1] [INFO] [1773479262.945407445] [Ground]: 识别到QR码: 太阳花种子
1773479263.3619604 [logical-1] [INFO] [1773479263.361531378] [Ground]: 识别到QR码: 葵花种子
1773479263.3888624 [logical-1] [INFO] [1773479263.388377759] [Ground]: 识别到QR码: 葵花种子
1773479263.5779955 [logical-1] [INFO] [1773479263.577616545] [Ground]: 识别到QR码: 太阳花种子
1773479371.0744317 [INFO] [logical-1]: process has finished cleanly [pid 17009]
