1774529296.6036263 [INFO] [launch]: All log files can be found below /home/focal/Desktop/2024_GroundStation/run_log/2026-03-26-05-48-16-599045-ubuntu-12445
1774529296.6044602 [INFO] [launch]: Default logging verbosity is set to INFO
1774529296.6925414 [INFO] [logical-1]: process started with pid [12450]
1774529296.9782929 [logical-1] Traceback (most recent call last):
1774529296.9784796 [logical-1]   File "/home/focal/Desktop/2024_GroundStation/install/GroundStation/lib/GroundStation/logical", line 11, in <module>
1774529296.9785247 [logical-1]     load_entry_point('GroundStation', 'console_scripts', 'logical')()
1774529296.9785590 [logical-1]   File "/usr/lib/python3/dist-packages/pkg_resources/__init__.py", line 490, in load_entry_point
1774529296.9785895 [logical-1]     return get_distribution(dist).load_entry_point(group, name)
1774529296.9786189 [logical-1]   File "/usr/lib/python3/dist-packages/pkg_resources/__init__.py", line 2854, in load_entry_point
1774529296.9786487 [logical-1]     return ep.load()
1774529296.9786777 [logical-1]   File "/usr/lib/python3/dist-packages/pkg_resources/__init__.py", line 2445, in load
1774529296.9787047 [logical-1]     return self.resolve()
1774529296.9787326 [logical-1]   File "/usr/lib/python3/dist-packages/pkg_resources/__init__.py", line 2451, in resolve
1774529296.9787598 [logical-1]     module = __import__(self.module_name, fromlist=['__name__'], level=0)
1774529296.9787865 [logical-1]   File "/home/focal/Desktop/2024_GroundStation/build/GroundStation/GroundStation/logical.py", line 11, in <module>
1774529296.9788141 [logical-1]     from .myUI import *
1774529296.9788423 [logical-1]   File "/home/focal/Desktop/2024_GroundStation/build/GroundStation/GroundStation/myUI/__init__.py", line 3, in <module>
1774529296.9788706 [logical-1]     from .Ui_show import Ui_Dialog
1774529296.9788990 [logical-1] ImportError: cannot import name 'Ui_Dialog' from 'GroundStation.myUI.Ui_show' (/home/focal/Desktop/2024_GroundStation/build/GroundStation/GroundStation/myUI/Ui_show.py)
1774529297.0134847 [ERROR] [logical-1]: process has died [pid 12450, exit code 1, cmd '/home/focal/Desktop/2024_GroundStation/install/GroundStation/lib/GroundStation/logical --ros-args'].
