1773734522.5415506 [INFO] [launch]: All log files can be found below /home/focal/Desktop/2024_GroundStation/run_log/2026-03-17-01-02-02-536444-ubuntu-8725
1773734522.5421531 [INFO] [launch]: Default logging verbosity is set to INFO
1773734522.6389515 [INFO] [logical-1]: process started with pid [8747]
1773734523.5296717 [logical-1] [INFO] [1773734523.529237902] [Ground]: ros2 node launch success:Ground!
1773735445.1128514 [logical-1] [INFO] [1773735445.112321705] [Ground]: takeoff 发送成功 → 飞行站已调用：takeoff服务
1773735459.2060726 [logical-1] [INFO] [1773735459.205723572] [Ground]: takeoff 发送成功 → 飞行站已调用：takeoff服务
1773735460.0669696 [logical-1] [INFO] [1773735460.066553245] [Ground]: takeoff 发送成功 → 飞行站已调用：takeoff服务
1773735468.7981043 [logical-1] [INFO] [1773735468.797750640] [Ground]: takeoff 发送成功 → 飞行站已调用：takeoff服务
1773735469.4248490 [logical-1] [INFO] [1773735469.424548659] [Ground]: takeoff 发送成功 → 飞行站已调用：takeoff服务
1773735470.1196713 [logical-1] [INFO] [1773735470.119399527] [Ground]: takeoff 发送成功 → 飞行站已调用：takeoff服务
1773735471.2992444 [logical-1] [INFO] [1773735471.298945142] [Ground]: takeoff 发送成功 → 飞行站已调用：takeoff服务
1773735472.2835741 [logical-1] [INFO] [1773735472.283278271] [Ground]: takeoff 发送成功 → 飞行站已调用：takeoff服务
1773735473.4791453 [logical-1] [INFO] [1773735473.478846131] [Ground]: takeoff 发送成功 → 飞行站已调用：takeoff服务
1773735476.4656067 [logical-1] [INFO] [1773735476.465298476] [Ground]: takeoff 发送成功 → 飞行站已调用：takeoff服务
1773735477.8211560 [logical-1] [INFO] [1773735477.820859575] [Ground]: takeoff 发送成功 → 飞行站已调用：takeoff服务
1773735494.6574044 [logical-1] [INFO] [1773735494.657101331] [Ground]: takeoff 发送成功 → 飞行站已调用：takeoff服务
1773735496.1481733 [logical-1] [INFO] [1773735496.147859360] [Ground]: takeoff 发送成功 → 飞行站已调用：takeoff服务
1773735497.6733112 [logical-1] [INFO] [1773735497.673045422] [Ground]: takeoff 发送成功 → 飞行站已调用：takeoff服务
1773735498.7788320 [logical-1] [INFO] [1773735498.778522459] [Ground]: takeoff 发送成功 → 飞行站已调用：takeoff服务
1773735500.1966193 [logical-1] [INFO] [1773735500.196183411] [Ground]: land 发送成功 → 飞行站已调用：land服务
1773735574.7166545 [logical-1] [INFO] [1773735574.716324995] [Ground]: takeoff 发送成功 → 飞行站已调用：takeoff服务
1773735852.2148430 [logical-1] [INFO] [1773735852.214380576] [Ground]: takeoff 发送成功 → 飞行站已调用：takeoff服务
1773735853.4980187 [logical-1] [INFO] [1773735853.497735483] [Ground]: takeoff 发送成功 → 飞行站已调用：takeoff服务
1773735997.7900784 [logical-1] [INFO] [1773735997.789663280] [Ground]: takeoff 发送成功 → 飞行站已调用：takeoff服务
1773736000.5675955 [logical-1] [INFO] [1773736000.567291269] [Ground]: takeoff 发送成功 → 飞行站已调用：takeoff服务
1773736245.0554430 [logical-1] [INFO] [1773736245.055065018] [Ground]: takeoff 发送成功 → 飞行站已调用：takeoff服务
1773736274.8537531 [logical-1] [INFO] [1773736274.853295439] [Ground]: takeoff 发送成功 → 飞行站已调用：takeoff服务
1773736335.1581967 [logical-1] [INFO] [1773736335.157869903] [Ground]: takeoff 发送成功 → 飞行站已调用：takeoff服务
1773736379.1263957 [logical-1] [INFO] [1773736379.126083828] [Ground]: takeoff 发送成功 → 飞行站已调用：takeoff服务
1773736385.9297190 [logical-1] [INFO] [1773736385.929183052] [Ground]: takeoff 发送成功 → 飞行站已调用：takeoff服务
1773736463.6573496 [logical-1] [INFO] [1773736463.657046046] [Ground]: takeoff 发送成功 → 飞行站已调用：takeoff服务
1773736465.2041893 [logical-1] [INFO] [1773736465.203884708] [Ground]: takeoff 发送成功 → 飞行站已调用：takeoff服务
1773736550.1243823 [logical-1] [INFO] [1773736550.124062085] [Ground]: takeoff 发送成功 → 飞行站已调用：takeoff服务
1773736550.8316369 [logical-1] [INFO] [1773736550.831334621] [Ground]: takeoff 发送成功 → 飞行站已调用：takeoff服务
1773736551.1782498 [logical-1] [INFO] [1773736551.177955369] [Ground]: takeoff 发送成功 → 飞行站已调用：takeoff服务
1773736551.5448422 [logical-1] [INFO] [1773736551.544495507] [Ground]: takeoff 发送成功 → 飞行站已调用：takeoff服务
1773736556.9882717 [logical-1] [INFO] [1773736556.987846110] [Ground]: takeoff 发送成功 → 飞行站已调用：takeoff服务
1773736584.7735324 [logical-1] [INFO] [1773736584.773015498] [Ground]: takeoff 发送成功 → 飞行站已调用：takeoff服务
1773736585.2946451 [logical-1] [INFO] [1773736585.294287163] [Ground]: takeoff 发送成功 → 飞行站已调用：takeoff服务
1773736586.9032764 [logical-1] [INFO] [1773736586.902972114] [Ground]: takeoff 发送成功 → 飞行站已调用：takeoff服务
1773736648.9575853 [logical-1] [INFO] [1773736648.957206080] [Ground]: takeoff 发送成功 → 飞行站已调用：takeoff服务
1773736760.0199163 [logical-1] [INFO] [1773736760.019611284] [Ground]: takeoff 发送成功 → 飞行站已调用：takeoff服务
1773737102.4207079 [logical-1] [INFO] [1773737102.420095160] [Ground]: takeoff 发送成功 → 飞行站已调用：takeoff服务
1773737113.1902931 [logical-1] [INFO] [1773737113.189931027] [Ground]: takeoff 发送成功 → 飞行站已调用：takeoff服务
1773737114.2836251 [logical-1] [INFO] [1773737114.283317237] [Ground]: takeoff 发送成功 → 飞行站已调用：takeoff服务
1773737114.7715616 [logical-1] [INFO] [1773737114.771225382] [Ground]: takeoff 发送成功 → 飞行站已调用：takeoff服务
1773737114.9894354 [logical-1] [INFO] [1773737114.989083233] [Ground]: takeoff 发送成功 → 飞行站已调用：takeoff服务
1773737115.3083727 [logical-1] [INFO] [1773737115.308035283] [Ground]: takeoff 发送成功 → 飞行站已调用：takeoff服务
1773737115.7865951 [logical-1] [INFO] [1773737115.786300903] [Ground]: takeoff 发送成功 → 飞行站已调用：takeoff服务
1773737115.9037859 [logical-1] [INFO] [1773737115.903449877] [Ground]: takeoff 发送成功 → 飞行站已调用：takeoff服务
1773737116.2567389 [logical-1] [INFO] [1773737116.256444824] [Ground]: takeoff 发送成功 → 飞行站已调用：takeoff服务
1773737116.5799644 [logical-1] [INFO] [1773737116.579636746] [Ground]: takeoff 发送成功 → 飞行站已调用：takeoff服务
1773737117.0061607 [logical-1] [INFO] [1773737117.005869228] [Ground]: takeoff 发送成功 → 飞行站已调用：takeoff服务
1773737117.4026856 [logical-1] [INFO] [1773737117.402409063] [Ground]: takeoff 发送成功 → 飞行站已调用：takeoff服务
1773737153.6510296 [logical-1] [INFO] [1773737153.650733084] [Ground]: takeoff 发送成功 → 飞行站已调用：takeoff服务
1773737155.1656272 [logical-1] [INFO] [1773737155.165385314] [Ground]: takeoff 发送成功 → 飞行站已调用：takeoff服务
1773737264.1381774 [logical-1] [INFO] [1773737264.137768667] [Ground]: takeoff 发送成功 → 飞行站已调用：takeoff服务
1773737268.3160417 [logical-1] [INFO] [1773737268.315745901] [Ground]: takeoff 发送成功 → 飞行站已调用：takeoff服务
1773737268.7625628 [logical-1] [INFO] [1773737268.762218935] [Ground]: takeoff 发送成功 → 飞行站已调用：takeoff服务
1773737268.9872172 [logical-1] [INFO] [1773737268.986922319] [Ground]: takeoff 发送成功 → 飞行站已调用：takeoff服务
1773737269.1920784 [logical-1] [INFO] [1773737269.191736332] [Ground]: takeoff 发送成功 → 飞行站已调用：takeoff服务
1773737269.3792796 [logical-1] [INFO] [1773737269.378974977] [Ground]: takeoff 发送成功 → 飞行站已调用：takeoff服务
1773737269.5164111 [logical-1] [INFO] [1773737269.516113438] [Ground]: takeoff 发送成功 → 飞行站已调用：takeoff服务
1773737269.6762161 [logical-1] [INFO] [1773737269.675869348] [Ground]: takeoff 发送成功 → 飞行站已调用：takeoff服务
1773737269.8793781 [logical-1] [INFO] [1773737269.879076270] [Ground]: takeoff 发送成功 → 飞行站已调用：takeoff服务
1773737270.2751176 [logical-1] [INFO] [1773737270.274828421] [Ground]: takeoff 发送成功 → 飞行站已调用：takeoff服务
1773737270.4665294 [logical-1] [INFO] [1773737270.466138640] [Ground]: takeoff 发送成功 → 飞行站已调用：takeoff服务
1773737270.6386244 [logical-1] [INFO] [1773737270.638341004] [Ground]: takeoff 发送成功 → 飞行站已调用：takeoff服务
1773737270.8371181 [logical-1] [INFO] [1773737270.836757993] [Ground]: takeoff 发送成功 → 飞行站已调用：takeoff服务
1773737271.0011330 [logical-1] [INFO] [1773737271.000855407] [Ground]: takeoff 发送成功 → 飞行站已调用：takeoff服务
1773737271.1824059 [logical-1] [INFO] [1773737271.182114979] [Ground]: takeoff 发送成功 → 飞行站已调用：takeoff服务
1773737287.1735923 [logical-1] [INFO] [1773737287.173024026] [Ground]: takeoff 发送成功 → 飞行站已调用：takeoff服务
1773737488.9688907 [logical-1] [INFO] [1773737488.968522558] [Ground]: takeoff 发送成功 → 飞行站已调用：takeoff服务
1773737490.1196005 [logical-1] [INFO] [1773737490.119299417] [Ground]: takeoff 发送成功 → 飞行站已调用：takeoff服务
1773737491.3444166 [logical-1] [INFO] [1773737491.344069117] [Ground]: takeoff 发送成功 → 飞行站已调用：takeoff服务
1773737492.4071949 [logical-1] [INFO] [1773737492.406900178] [Ground]: takeoff 发送成功 → 飞行站已调用：takeoff服务
1773737550.2508168 [logical-1] [INFO] [1773737550.250509867] [Ground]: takeoff 发送成功 → 飞行站已调用：takeoff服务
1773737555.4716723 [logical-1] [INFO] [1773737555.471368076] [Ground]: takeoff 发送成功 → 飞行站已调用：takeoff服务
1773737638.6509094 [logical-1] [INFO] [1773737638.650504474] [Ground]: takeoff 发送成功 → 飞行站已调用：takeoff服务
1773737640.4999371 [logical-1] [INFO] [1773737640.499640740] [Ground]: takeoff 发送成功 → 飞行站已调用：takeoff服务
1773737641.3767145 [logical-1] [INFO] [1773737641.376404934] [Ground]: takeoff 发送成功 → 飞行站已调用：takeoff服务
1773737643.4202969 [logical-1] [INFO] [1773737643.420037995] [Ground]: takeoff 发送成功 → 飞行站已调用：takeoff服务
1773737644.3838143 [logical-1] [INFO] [1773737644.383473545] [Ground]: takeoff 发送成功 → 飞行站已调用：takeoff服务
1773737645.9323313 [logical-1] [INFO] [1773737645.931971126] [Ground]: takeoff 发送成功 → 飞行站已调用：takeoff服务
1773737646.4701431 [logical-1] [INFO] [1773737646.469837360] [Ground]: takeoff 发送成功 → 飞行站已调用：takeoff服务
1773737646.8342838 [logical-1] [INFO] [1773737646.833691049] [Ground]: takeoff 发送成功 → 飞行站已调用：takeoff服务
1773737647.2260709 [logical-1] [INFO] [1773737647.225748207] [Ground]: takeoff 发送成功 → 飞行站已调用：takeoff服务
1773737651.4546485 [logical-1] [INFO] [1773737651.454317104] [Ground]: takeoff 发送成功 → 飞行站已调用：takeoff服务
1773737652.4874182 [logical-1] [INFO] [1773737652.487136879] [Ground]: takeoff 发送成功 → 飞行站已调用：takeoff服务
1773737653.3467646 [logical-1] [INFO] [1773737653.346458064] [Ground]: takeoff 发送成功 → 飞行站已调用：takeoff服务
1773737653.8714886 [logical-1] [INFO] [1773737653.871075260] [Ground]: takeoff 发送成功 → 飞行站已调用：takeoff服务
1773737655.0561678 [logical-1] [INFO] [1773737655.055870695] [Ground]: takeoff 发送成功 → 飞行站已调用：takeoff服务
1773737656.2105241 [logical-1] [INFO] [1773737656.210240336] [Ground]: takeoff 发送成功 → 飞行站已调用：takeoff服务
1773737901.0612445 [logical-1] [INFO] [1773737901.060876678] [Ground]: takeoff 发送成功 → 飞行站已调用：takeoff服务
1773737911.8497343 [logical-1] [INFO] [1773737911.849376169] [Ground]: takeoff 发送成功 → 飞行站已调用：takeoff服务
1773737913.0698261 [logical-1] [INFO] [1773737913.069483183] [Ground]: takeoff 发送成功 → 飞行站已调用：takeoff服务
1773737914.4533234 [logical-1] [INFO] [1773737914.452971272] [Ground]: takeoff 发送成功 → 飞行站已调用：takeoff服务
1773737915.0040193 [logical-1] [INFO] [1773737915.003708385] [Ground]: takeoff 发送成功 → 飞行站已调用：takeoff服务
1773737917.0259492 [logical-1] [INFO] [1773737917.025390767] [Ground]: takeoff 发送成功 → 飞行站已调用：takeoff服务
1773737918.6221600 [logical-1] [INFO] [1773737918.621857151] [Ground]: takeoff 发送成功 → 飞行站已调用：takeoff服务
1773737919.3934009 [logical-1] [INFO] [1773737919.393081632] [Ground]: takeoff 发送成功 → 飞行站已调用：takeoff服务
1773737919.7817166 [logical-1] [INFO] [1773737919.781400241] [Ground]: takeoff 发送成功 → 飞行站已调用：takeoff服务
1773737921.0837967 [logical-1] [INFO] [1773737921.083494059] [Ground]: takeoff 发送成功 → 飞行站已调用：takeoff服务
1773737922.1663988 [logical-1] [INFO] [1773737922.166100338] [Ground]: takeoff 发送成功 → 飞行站已调用：takeoff服务
1773737923.1468606 [logical-1] [INFO] [1773737923.146557302] [Ground]: takeoff 发送成功 → 飞行站已调用：takeoff服务
1773737924.0061302 [logical-1] [INFO] [1773737924.005804543] [Ground]: takeoff 发送成功 → 飞行站已调用：takeoff服务
1773737924.7645462 [logical-1] [INFO] [1773737924.764233202] [Ground]: takeoff 发送成功 → 飞行站已调用：takeoff服务
1773737933.7418516 [logical-1] [INFO] [1773737933.741535931] [Ground]: takeoff 发送成功 → 飞行站已调用：takeoff服务
1773738013.9926958 [logical-1] [INFO] [1773738013.992313844] [Ground]: takeoff 发送成功 → 飞行站已调用：takeoff服务
1773738015.3578773 [logical-1] [INFO] [1773738015.357582110] [Ground]: takeoff 发送成功 → 飞行站已调用：takeoff服务
1773738015.9494085 [logical-1] [INFO] [1773738015.949032084] [Ground]: takeoff 发送成功 → 飞行站已调用：takeoff服务
1773738020.8352540 [logical-1] [INFO] [1773738020.834947582] [Ground]: takeoff 发送成功 → 飞行站已调用：takeoff服务
1773738021.2459793 [logical-1] [INFO] [1773738021.245662152] [Ground]: takeoff 发送成功 → 飞行站已调用：takeoff服务
1773738021.4396753 [logical-1] [INFO] [1773738021.439274223] [Ground]: takeoff 发送成功 → 飞行站已调用：takeoff服务
1773738021.6140125 [logical-1] [INFO] [1773738021.613607979] [Ground]: takeoff 发送成功 → 飞行站已调用：takeoff服务
1773738021.8083229 [logical-1] [INFO] [1773738021.808030451] [Ground]: takeoff 发送成功 → 飞行站已调用：takeoff服务
1773738027.7871747 [logical-1] [INFO] [1773738027.786673724] [Ground]: takeoff 发送成功 → 飞行站已调用：takeoff服务
1773738028.6268718 [logical-1] [INFO] [1773738028.626559431] [Ground]: takeoff 发送成功 → 飞行站已调用：takeoff服务
1773738029.9135847 [logical-1] [INFO] [1773738029.913230560] [Ground]: takeoff 发送成功 → 飞行站已调用：takeoff服务
1773738030.4491808 [logical-1] [INFO] [1773738030.448873834] [Ground]: takeoff 发送成功 → 飞行站已调用：takeoff服务
1773738030.8338666 [logical-1] [INFO] [1773738030.833556679] [Ground]: takeoff 发送成功 → 飞行站已调用：takeoff服务
1773738132.6457913 [logical-1] [INFO] [1773738132.645364033] [Ground]: takeoff 发送成功 → 飞行站已调用：takeoff服务
1773738133.1151662 [logical-1] [INFO] [1773738133.114860258] [Ground]: takeoff 发送成功 → 飞行站已调用：takeoff服务
1773738215.8476219 [logical-1] [INFO] [1773738215.847251756] [Ground]: takeoff 发送成功 → 飞行站已调用：takeoff服务
1773738258.7819071 [logical-1] [INFO] [1773738258.781433546] [Ground]: land 发送成功 → 飞行站已调用：land服务
1773738259.7916691 [logical-1] [INFO] [1773738259.791389947] [Ground]: land 发送成功 → 飞行站已调用：land服务
1773738260.6109252 [logical-1] [INFO] [1773738260.610398895] [Ground]: land 发送成功 → 飞行站已调用：land服务
1773738261.9353971 [logical-1] [INFO] [1773738261.935082615] [Ground]: land 发送成功 → 飞行站已调用：land服务
1773738262.7165263 [logical-1] [INFO] [1773738262.715762475] [Ground]: land 发送成功 → 飞行站已调用：land服务
1773738263.5420873 [logical-1] [INFO] [1773738263.541762870] [Ground]: land 发送成功 → 飞行站已调用：land服务
1773738264.2065570 [logical-1] [INFO] [1773738264.206253701] [Ground]: land 发送成功 → 飞行站已调用：land服务
1773738264.8510232 [logical-1] [INFO] [1773738264.850662114] [Ground]: land 发送成功 → 飞行站已调用：land服务
1773738265.7492394 [logical-1] [INFO] [1773738265.748958298] [Ground]: land 发送成功 → 飞行站已调用：land服务
1773738266.5803142 [logical-1] [INFO] [1773738266.579988189] [Ground]: land 发送成功 → 飞行站已调用：land服务
1773738266.8323014 [logical-1] [INFO] [1773738266.831988448] [Ground]: land 发送成功 → 飞行站已调用：land服务
1773738267.0263348 [logical-1] [INFO] [1773738267.026017419] [Ground]: land 发送成功 → 飞行站已调用：land服务
1773738267.1957071 [logical-1] [INFO] [1773738267.195338650] [Ground]: land 发送成功 → 飞行站已调用：land服务
1773738267.4296422 [logical-1] [INFO] [1773738267.429367385] [Ground]: land 发送成功 → 飞行站已调用：land服务
1773738267.6919177 [logical-1] [INFO] [1773738267.691479024] [Ground]: land 发送成功 → 飞行站已调用：land服务
1773738268.2119026 [logical-1] [INFO] [1773738268.211626549] [Ground]: land 发送成功 → 飞行站已调用：land服务
1773738329.9340878 [logical-1] [INFO] [1773738329.933703199] [Ground]: takeoff 发送成功 → 飞行站已调用：takeoff服务
1773738332.0823514 [logical-1] [INFO] [1773738332.082041973] [Ground]: takeoff 发送成功 → 飞行站已调用：takeoff服务
1773738340.9312911 [logical-1] [INFO] [1773738340.930948958] [Ground]: takeoff 发送成功 → 飞行站已调用：takeoff服务
1773738341.5437021 [logical-1] [INFO] [1773738341.543384791] [Ground]: takeoff 发送成功 → 飞行站已调用：takeoff服务
1773738343.3636053 [logical-1] [INFO] [1773738343.363363674] [Ground]: land 发送成功 → 飞行站已调用：land服务
1773738344.6595073 [logical-1] [INFO] [1773738344.659040519] [Ground]: land 发送成功 → 飞行站已调用：land服务
1773738464.3141260 [logical-1] [INFO] [1773738464.313837038] [Ground]: takeoff 发送成功 → 飞行站已调用：takeoff服务
1773738527.1468995 [logical-1] [INFO] [1773738527.146561943] [Ground]: takeoff 发送成功 → 飞行站已调用：takeoff服务
1773738531.5357156 [logical-1] [INFO] [1773738531.535440121] [Ground]: takeoff 发送成功 → 飞行站已调用：takeoff服务
1773738535.0875041 [logical-1] [INFO] [1773738535.087092545] [Ground]: takeoff 发送成功 → 飞行站已调用：takeoff服务
1773738536.6119573 [logical-1] [INFO] [1773738536.611656550] [Ground]: takeoff 发送成功 → 飞行站已调用：takeoff服务
1773738538.0602646 [logical-1] [INFO] [1773738538.059888831] [Ground]: takeoff 发送成功 → 飞行站已调用：takeoff服务
1773738539.1395566 [logical-1] [INFO] [1773738539.139292822] [Ground]: takeoff 发送成功 → 飞行站已调用：takeoff服务
1773738540.2117701 [logical-1] [INFO] [1773738540.211441101] [Ground]: takeoff 发送成功 → 飞行站已调用：takeoff服务
1773738540.4326808 [logical-1] [INFO] [1773738540.432285775] [Ground]: takeoff 发送成功 → 飞行站已调用：takeoff服务
1773738541.7295806 [logical-1] [INFO] [1773738541.729269583] [Ground]: takeoff 发送成功 → 飞行站已调用：takeoff服务
1773738542.7265964 [logical-1] [INFO] [1773738542.726305910] [Ground]: takeoff 发送成功 → 飞行站已调用：takeoff服务
1773738543.6396508 [logical-1] [INFO] [1773738543.639230967] [Ground]: takeoff 发送成功 → 飞行站已调用：takeoff服务
1773738544.7163100 [logical-1] [INFO] [1773738544.715988653] [Ground]: takeoff 发送成功 → 飞行站已调用：takeoff服务
1773738545.3408396 [logical-1] [INFO] [1773738545.340525120] [Ground]: takeoff 发送成功 → 飞行站已调用：takeoff服务
1773738545.7568264 [logical-1] [INFO] [1773738545.756510278] [Ground]: takeoff 发送成功 → 飞行站已调用：takeoff服务
1773738548.9697542 [logical-1] [INFO] [1773738548.969389881] [Ground]: takeoff 发送成功 → 飞行站已调用：takeoff服务
1773738550.1133482 [logical-1] [INFO] [1773738550.113062267] [Ground]: takeoff 发送成功 → 飞行站已调用：takeoff服务
1773738566.2549815 [logical-1] [INFO] [1773738566.254666306] [Ground]: land 发送成功 → 飞行站已调用：land服务
1773738567.2942545 [logical-1] [INFO] [1773738567.293936371] [Ground]: land 发送成功 → 飞行站已调用：land服务
1773738568.3749161 [logical-1] [INFO] [1773738568.374543643] [Ground]: land 发送成功 → 飞行站已调用：land服务
1773738570.2962730 [logical-1] [INFO] [1773738570.295974629] [Ground]: takeoff 发送成功 → 飞行站已调用：takeoff服务
1773738572.1444037 [logical-1] [INFO] [1773738572.144083190] [Ground]: takeoff 发送成功 → 飞行站已调用：takeoff服务
1773738573.2064157 [logical-1] [INFO] [1773738573.206156738] [Ground]: takeoff 发送成功 → 飞行站已调用：takeoff服务
1773738574.1733291 [logical-1] [INFO] [1773738574.173039297] [Ground]: takeoff 发送成功 → 飞行站已调用：takeoff服务
1773738575.1275218 [logical-1] [INFO] [1773738575.127235022] [Ground]: takeoff 发送成功 → 飞行站已调用：takeoff服务
1773738576.0669141 [logical-1] [INFO] [1773738576.066612330] [Ground]: takeoff 发送成功 → 飞行站已调用：takeoff服务
1773738576.7740119 [logical-1] [INFO] [1773738576.773493505] [Ground]: takeoff 发送成功 → 飞行站已调用：takeoff服务
1773738578.1770678 [logical-1] [INFO] [1773738578.176761775] [Ground]: takeoff 发送成功 → 飞行站已调用：takeoff服务
1773739100.3000300 [logical-1] [INFO] [1773739100.299503566] [Ground]: takeoff 发送成功 → 飞行站已调用：takeoff服务
1773739101.6078885 [logical-1] [INFO] [1773739101.607568335] [Ground]: takeoff 发送成功 → 飞行站已调用：takeoff服务
1773739102.1904423 [logical-1] [INFO] [1773739102.190130170] [Ground]: takeoff 发送成功 → 飞行站已调用：takeoff服务
1773739104.2640300 [logical-1] [INFO] [1773739104.263733151] [Ground]: takeoff 发送成功 → 飞行站已调用：takeoff服务
1773739104.9142854 [logical-1] [INFO] [1773739104.913970859] [Ground]: takeoff 发送成功 → 飞行站已调用：takeoff服务
1773739109.9796543 [logical-1] [INFO] [1773739109.979349199] [Ground]: takeoff 发送成功 → 飞行站已调用：takeoff服务
1773739111.9803543 [logical-1] [INFO] [1773739111.980004217] [Ground]: land 发送成功 → 飞行站已调用：land服务
1773739113.2957454 [logical-1] [INFO] [1773739113.295445211] [Ground]: land 发送成功 → 飞行站已调用：land服务
1773739114.1172502 [logical-1] [INFO] [1773739114.116938576] [Ground]: land 发送成功 → 飞行站已调用：land服务
1773739116.3622329 [logical-1] [INFO] [1773739116.361831273] [Ground]: takeoff 发送成功 → 飞行站已调用：takeoff服务
1773739117.4449141 [logical-1] [INFO] [1773739117.444606584] [Ground]: takeoff 发送成功 → 飞行站已调用：takeoff服务
1773739118.4680352 [logical-1] [INFO] [1773739118.467680234] [Ground]: takeoff 发送成功 → 飞行站已调用：takeoff服务
1773739119.1794670 [logical-1] [INFO] [1773739119.179115261] [Ground]: takeoff 发送成功 → 飞行站已调用：takeoff服务
1773739119.8024251 [logical-1] [INFO] [1773739119.802118642] [Ground]: takeoff 发送成功 → 飞行站已调用：takeoff服务
1773739276.6117165 [logical-1] [INFO] [1773739276.611280549] [Ground]: takeoff 发送成功 → 飞行站已调用：takeoff服务
1773739395.6192346 [logical-1] [INFO] [1773739395.618892754] [Ground]: land 发送成功 → 飞行站已调用：land服务
1773739396.7598617 [logical-1] [INFO] [1773739396.759545867] [Ground]: land 发送成功 → 飞行站已调用：land服务
1773740019.7590358 [logical-1] [INFO] [1773740019.758547306] [Ground]: takeoff 发送成功 → 飞行站已调用：takeoff服务
1773740024.7939847 [logical-1] [INFO] [1773740024.793591475] [Ground]: takeoff 发送成功 → 飞行站已调用：takeoff服务
1773740026.0188444 [logical-1] [INFO] [1773740026.018451226] [Ground]: takeoff 发送成功 → 飞行站已调用：takeoff服务
1773740132.6534958 [logical-1] [INFO] [1773740132.653237073] [Ground]: takeoff 发送成功 → 飞行站已调用：takeoff服务
1773740133.9999139 [logical-1] [INFO] [1773740133.999485716] [Ground]: takeoff 发送成功 → 飞行站已调用：takeoff服务
1773740134.4338133 [logical-1] [INFO] [1773740134.433494495] [Ground]: takeoff 发送成功 → 飞行站已调用：takeoff服务
1773740207.9839773 [logical-1] [INFO] [1773740207.983661722] [Ground]: takeoff 发送成功 → 飞行站已调用：takeoff服务
1773740210.7724380 [logical-1] [INFO] [1773740210.772119183] [Ground]: takeoff 发送成功 → 飞行站已调用：takeoff服务
1773740218.6858060 [logical-1] [INFO] [1773740218.685485040] [Ground]: takeoff 发送成功 → 飞行站已调用：takeoff服务
1773740219.5569270 [logical-1] [INFO] [1773740219.556624766] [Ground]: takeoff 发送成功 → 飞行站已调用：takeoff服务
1773740219.8864100 [logical-1] [INFO] [1773740219.886058426] [Ground]: takeoff 发送成功 → 飞行站已调用：takeoff服务
1773740220.1099472 [logical-1] [INFO] [1773740220.109550642] [Ground]: takeoff 发送成功 → 飞行站已调用：takeoff服务
1773740220.3019722 [logical-1] [INFO] [1773740220.301687892] [Ground]: takeoff 发送成功 → 飞行站已调用：takeoff服务
1773740220.4647436 [logical-1] [INFO] [1773740220.464445976] [Ground]: takeoff 发送成功 → 飞行站已调用：takeoff服务
1773740220.6539843 [logical-1] [INFO] [1773740220.653659814] [Ground]: takeoff 发送成功 → 飞行站已调用：takeoff服务
1773740220.8352315 [logical-1] [INFO] [1773740220.834901343] [Ground]: takeoff 发送成功 → 飞行站已调用：takeoff服务
1773740334.2375312 [logical-1] [INFO] [1773740334.237105987] [Ground]: takeoff 发送成功 → 飞行站已调用：takeoff服务
1773740461.0469351 [logical-1] [INFO] [1773740461.046602689] [Ground]: takeoff 发送成功 → 飞行站已调用：takeoff服务
1773740484.0928988 [logical-1] [INFO] [1773740484.092468119] [Ground]: takeoff 发送成功 → 飞行站已调用：takeoff服务
1773740484.9524403 [logical-1] [INFO] [1773740484.952132033] [Ground]: takeoff 发送成功 → 飞行站已调用：takeoff服务
1773740485.3877661 [logical-1] [INFO] [1773740485.387393679] [Ground]: takeoff 发送成功 → 飞行站已调用：takeoff服务
1773740485.6033907 [logical-1] [INFO] [1773740485.603078504] [Ground]: takeoff 发送成功 → 飞行站已调用：takeoff服务
1773740485.8765836 [logical-1] [INFO] [1773740485.876310051] [Ground]: takeoff 发送成功 → 飞行站已调用：takeoff服务
1773740486.0374422 [logical-1] [INFO] [1773740486.037150438] [Ground]: takeoff 发送成功 → 飞行站已调用：takeoff服务
1773740486.2578669 [logical-1] [INFO] [1773740486.257488279] [Ground]: takeoff 发送成功 → 飞行站已调用：takeoff服务
1773740486.4986517 [logical-1] [INFO] [1773740486.498336312] [Ground]: takeoff 发送成功 → 飞行站已调用：takeoff服务
1773740486.7239289 [logical-1] [INFO] [1773740486.723617333] [Ground]: takeoff 发送成功 → 飞行站已调用：takeoff服务
1773740486.9482708 [logical-1] [INFO] [1773740486.947937591] [Ground]: takeoff 发送成功 → 飞行站已调用：takeoff服务
1773740487.1808231 [logical-1] [INFO] [1773740487.180503076] [Ground]: takeoff 发送成功 → 飞行站已调用：takeoff服务
1773740487.3840718 [logical-1] [INFO] [1773740487.383768336] [Ground]: takeoff 发送成功 → 飞行站已调用：takeoff服务
1773740487.7197993 [logical-1] [INFO] [1773740487.719491706] [Ground]: takeoff 发送成功 → 飞行站已调用：takeoff服务
1773740487.8407044 [logical-1] [INFO] [1773740487.840403572] [Ground]: takeoff 发送成功 → 飞行站已调用：takeoff服务
1773740488.0440476 [logical-1] [INFO] [1773740488.043571643] [Ground]: takeoff 发送成功 → 飞行站已调用：takeoff服务
1773740488.2326360 [logical-1] [INFO] [1773740488.232331388] [Ground]: takeoff 发送成功 → 飞行站已调用：takeoff服务
1773740488.4349666 [logical-1] [INFO] [1773740488.434653189] [Ground]: takeoff 发送成功 → 飞行站已调用：takeoff服务
1773740488.6583717 [logical-1] [INFO] [1773740488.658079967] [Ground]: takeoff 发送成功 → 飞行站已调用：takeoff服务
1773740559.8387218 [logical-1] [INFO] [1773740559.838348304] [Ground]: takeoff 发送成功 → 飞行站已调用：takeoff服务
1773740585.2565839 [logical-1] [INFO] [1773740585.256209533] [Ground]: takeoff 发送成功 → 飞行站已调用：takeoff服务
1773740880.5359318 [logical-1] [INFO] [1773740880.535390305] [Ground]: takeoff 发送成功 → 飞行站已调用：takeoff服务
1773741063.5712779 [logical-1] [INFO] [1773741063.570766961] [Ground]: takeoff 发送成功 → 飞行站已调用：takeoff服务
1773741067.6974788 [logical-1] [INFO] [1773741067.697194111] [Ground]: takeoff 发送成功 → 飞行站已调用：takeoff服务
1773741069.5033081 [logical-1] [INFO] [1773741069.503006834] [Ground]: takeoff 发送成功 → 飞行站已调用：takeoff服务
1773741070.3366528 [logical-1] [INFO] [1773741070.336257109] [Ground]: takeoff 发送成功 → 飞行站已调用：takeoff服务
1773741071.0698378 [logical-1] [INFO] [1773741071.069482822] [Ground]: takeoff 发送成功 → 飞行站已调用：takeoff服务
1773741071.6030092 [logical-1] [INFO] [1773741071.602712840] [Ground]: takeoff 发送成功 → 飞行站已调用：takeoff服务
1773741072.0212154 [logical-1] [INFO] [1773741072.020936113] [Ground]: takeoff 发送成功 → 飞行站已调用：takeoff服务
1773741139.6836748 [logical-1] [INFO] [1773741139.683318580] [Ground]: takeoff 发送成功 → 飞行站已调用：takeoff服务
1773741140.8559148 [logical-1] [INFO] [1773741140.855595570] [Ground]: takeoff 发送成功 → 飞行站已调用：takeoff服务
1773741141.5440867 [logical-1] [INFO] [1773741141.543791334] [Ground]: takeoff 发送成功 → 飞行站已调用：takeoff服务
1773741141.9514892 [logical-1] [INFO] [1773741141.951156966] [Ground]: takeoff 发送成功 → 飞行站已调用：takeoff服务
1773741142.2146122 [logical-1] [INFO] [1773741142.214227809] [Ground]: takeoff 发送成功 → 飞行站已调用：takeoff服务
1773741142.4944444 [logical-1] [INFO] [1773741142.494035278] [Ground]: takeoff 发送成功 → 飞行站已调用：takeoff服务
1773741143.4122047 [logical-1] [INFO] [1773741143.411899434] [Ground]: takeoff 发送成功 → 飞行站已调用：takeoff服务
1773741143.6064141 [logical-1] [INFO] [1773741143.606089752] [Ground]: takeoff 发送成功 → 飞行站已调用：takeoff服务
1773741143.7963421 [logical-1] [INFO] [1773741143.796007045] [Ground]: takeoff 发送成功 → 飞行站已调用：takeoff服务
1773741143.9889195 [logical-1] [INFO] [1773741143.988550056] [Ground]: takeoff 发送成功 → 飞行站已调用：takeoff服务
1773741144.1598442 [logical-1] [INFO] [1773741144.159347145] [Ground]: takeoff 发送成功 → 飞行站已调用：takeoff服务
1773741144.3599942 [logical-1] [INFO] [1773741144.359678327] [Ground]: takeoff 发送成功 → 飞行站已调用：takeoff服务
1773741144.5725443 [logical-1] [INFO] [1773741144.571741042] [Ground]: takeoff 发送成功 → 飞行站已调用：takeoff服务
1773741211.4062226 [logical-1] [INFO] [1773741211.405656368] [Ground]: takeoff 发送成功 → 飞行站已调用：takeoff服务
1773741212.5396063 [logical-1] [INFO] [1773741212.539257450] [Ground]: takeoff 发送成功 → 飞行站已调用：takeoff服务
1773741213.0116575 [logical-1] [INFO] [1773741213.011342394] [Ground]: takeoff 发送成功 → 飞行站已调用：takeoff服务
1773741213.2358918 [logical-1] [INFO] [1773741213.235592257] [Ground]: takeoff 发送成功 → 飞行站已调用：takeoff服务
1773741221.6753955 [logical-1] [INFO] [1773741221.675021849] [Ground]: takeoff 发送成功 → 飞行站已调用：takeoff服务
1773741494.2315280 [logical-1] [INFO] [1773741494.231097799] [Ground]: takeoff 发送成功 → 飞行站已调用：takeoff服务
1773741495.4529905 [logical-1] [INFO] [1773741495.452623477] [Ground]: takeoff 发送成功 → 飞行站已调用：takeoff服务
1773741496.0242567 [logical-1] [INFO] [1773741496.023971011] [Ground]: takeoff 发送成功 → 飞行站已调用：takeoff服务
1773741496.5524924 [logical-1] [INFO] [1773741496.552063408] [Ground]: takeoff 发送成功 → 飞行站已调用：takeoff服务
1773741497.0938611 [logical-1] [INFO] [1773741497.093564439] [Ground]: takeoff 发送成功 → 飞行站已调用：takeoff服务
1773741497.4930019 [logical-1] [INFO] [1773741497.492559142] [Ground]: takeoff 发送成功 → 飞行站已调用：takeoff服务
1773741497.9426298 [logical-1] [INFO] [1773741497.942350540] [Ground]: takeoff 发送成功 → 飞行站已调用：takeoff服务
1773741498.1552072 [logical-1] [INFO] [1773741498.154914267] [Ground]: takeoff 发送成功 → 飞行站已调用：takeoff服务
1773741498.3903561 [logical-1] [INFO] [1773741498.390058971] [Ground]: takeoff 发送成功 → 飞行站已调用：takeoff服务
1773741498.5479693 [logical-1] [INFO] [1773741498.547655869] [Ground]: takeoff 发送成功 → 飞行站已调用：takeoff服务
1773741498.7659109 [logical-1] [INFO] [1773741498.765615680] [Ground]: takeoff 发送成功 → 飞行站已调用：takeoff服务
1773741498.9517155 [logical-1] [INFO] [1773741498.951415029] [Ground]: takeoff 发送成功 → 飞行站已调用：takeoff服务
1773741499.1366167 [logical-1] [INFO] [1773741499.136369023] [Ground]: takeoff 发送成功 → 飞行站已调用：takeoff服务
1773741499.3266084 [logical-1] [INFO] [1773741499.326313390] [Ground]: takeoff 发送成功 → 飞行站已调用：takeoff服务
1773741499.5115395 [logical-1] [INFO] [1773741499.511224983] [Ground]: takeoff 发送成功 → 飞行站已调用：takeoff服务
1773741499.6854975 [logical-1] [INFO] [1773741499.685214751] [Ground]: takeoff 发送成功 → 飞行站已调用：takeoff服务
1773741499.8651133 [logical-1] [INFO] [1773741499.864811443] [Ground]: takeoff 发送成功 → 飞行站已调用：takeoff服务
1773741500.0661514 [logical-1] [INFO] [1773741500.065860928] [Ground]: takeoff 发送成功 → 飞行站已调用：takeoff服务
1773741500.4480684 [logical-1] [INFO] [1773741500.447651326] [Ground]: takeoff 发送成功 → 飞行站已调用：takeoff服务
1773741500.4504099 [logical-1] [INFO] [1773741500.449788446] [Ground]: takeoff 发送成功 → 飞行站已调用：takeoff服务
1773741500.6080768 [logical-1] [INFO] [1773741500.607368830] [Ground]: takeoff 发送成功 → 飞行站已调用：takeoff服务
1773741500.8090065 [logical-1] [INFO] [1773741500.808696789] [Ground]: takeoff 发送成功 → 飞行站已调用：takeoff服务
1773741521.8876634 [logical-1] [INFO] [1773741521.887384417] [Ground]: takeoff 发送成功 → 飞行站已调用：takeoff服务
1773741522.8828177 [logical-1] [INFO] [1773741522.882515935] [Ground]: takeoff 发送成功 → 飞行站已调用：takeoff服务
1773741523.4798195 [logical-1] [INFO] [1773741523.479537420] [Ground]: takeoff 发送成功 → 飞行站已调用：takeoff服务
1773741523.9587944 [logical-1] [INFO] [1773741523.958485223] [Ground]: takeoff 发送成功 → 飞行站已调用：takeoff服务
1773741524.4550924 [logical-1] [INFO] [1773741524.454815330] [Ground]: takeoff 发送成功 → 飞行站已调用：takeoff服务
1773741524.8260224 [logical-1] [INFO] [1773741524.825730175] [Ground]: takeoff 发送成功 → 飞行站已调用：takeoff服务
1773741525.2028897 [logical-1] [INFO] [1773741525.202592711] [Ground]: takeoff 发送成功 → 飞行站已调用：takeoff服务
1773741525.5679617 [logical-1] [INFO] [1773741525.567658466] [Ground]: takeoff 发送成功 → 飞行站已调用：takeoff服务
1773741525.9039023 [logical-1] [INFO] [1773741525.903615469] [Ground]: takeoff 发送成功 → 飞行站已调用：takeoff服务
1773741526.3482099 [logical-1] [INFO] [1773741526.347914906] [Ground]: takeoff 发送成功 → 飞行站已调用：takeoff服务
1773741526.5837207 [logical-1] [INFO] [1773741526.583393667] [Ground]: takeoff 发送成功 → 飞行站已调用：takeoff服务
1773741526.7456090 [logical-1] [INFO] [1773741526.745225985] [Ground]: takeoff 发送成功 → 飞行站已调用：takeoff服务
1773741526.9660697 [logical-1] [INFO] [1773741526.965683224] [Ground]: takeoff 发送成功 → 飞行站已调用：takeoff服务
1773741527.1471643 [logical-1] [INFO] [1773741527.146749756] [Ground]: takeoff 发送成功 → 飞行站已调用：takeoff服务
1773741527.3305650 [logical-1] [INFO] [1773741527.329755588] [Ground]: takeoff 发送成功 → 飞行站已调用：takeoff服务
1773741527.5371017 [logical-1] [INFO] [1773741527.536779181] [Ground]: takeoff 发送成功 → 飞行站已调用：takeoff服务
1773741527.7086902 [logical-1] [INFO] [1773741527.708382715] [Ground]: takeoff 发送成功 → 飞行站已调用：takeoff服务
1773741527.8985572 [logical-1] [INFO] [1773741527.898130585] [Ground]: takeoff 发送成功 → 飞行站已调用：takeoff服务
1773741528.0817001 [logical-1] [INFO] [1773741528.081406600] [Ground]: takeoff 发送成功 → 飞行站已调用：takeoff服务
1773741528.3287773 [logical-1] [INFO] [1773741528.328376784] [Ground]: takeoff 发送成功 → 飞行站已调用：takeoff服务
1773741528.4520328 [logical-1] [INFO] [1773741528.451715423] [Ground]: takeoff 发送成功 → 飞行站已调用：takeoff服务
1773741528.6388965 [logical-1] [INFO] [1773741528.638563594] [Ground]: takeoff 发送成功 → 飞行站已调用：takeoff服务
1773741528.8088303 [logical-1] [INFO] [1773741528.808391588] [Ground]: takeoff 发送成功 → 飞行站已调用：takeoff服务
1773741529.0119910 [logical-1] [INFO] [1773741529.011635131] [Ground]: takeoff 发送成功 → 飞行站已调用：takeoff服务
1773741529.1914864 [logical-1] [INFO] [1773741529.191160352] [Ground]: takeoff 发送成功 → 飞行站已调用：takeoff服务
1773741529.3705041 [logical-1] [INFO] [1773741529.370222685] [Ground]: takeoff 发送成功 → 飞行站已调用：takeoff服务
1773741529.5691342 [logical-1] [INFO] [1773741529.568868453] [Ground]: takeoff 发送成功 → 飞行站已调用：takeoff服务
1773741529.7546782 [logical-1] [INFO] [1773741529.754364919] [Ground]: takeoff 发送成功 → 飞行站已调用：takeoff服务
1773741529.9301298 [logical-1] [INFO] [1773741529.929810220] [Ground]: takeoff 发送成功 → 飞行站已调用：takeoff服务
1773741530.0940590 [logical-1] [INFO] [1773741530.093729660] [Ground]: takeoff 发送成功 → 飞行站已调用：takeoff服务
1773741530.8992913 [logical-1] [37;1m2026-03-17 02:58:50.898 [31;1m[[37;1mSUBSCRIBER[31;1m Error] [37mDeserialization of data failed[34;1m -> Function [36mdeserialize_change[m
1773741530.8994925 [logical-1] [37;1m2026-03-17 02:58:50.898 [31;1m[[37;1mSUBSCRIBER[31;1m Error] [37mDeserialization of data failed[34;1m -> Function [36mdeserialize_change[m
1773741530.9014714 [logical-1] [INFO] [1773741530.901247671] [Ground]: takeoff 发送成功 → 飞行站已调用：takeoff服务
1773741530.9017789 [logical-1] [INFO] [1773741530.901613102] [Ground]: takeoff 发送成功 → 飞行站已调用：takeoff服务
1773741531.0137851 [logical-1] [INFO] [1773741531.013462741] [Ground]: takeoff 发送成功 → 飞行站已调用：takeoff服务
1773741531.4394619 [logical-1] [INFO] [1773741531.439147600] [Ground]: takeoff 发送成功 → 飞行站已调用：takeoff服务
1773741531.6464539 [logical-1] [INFO] [1773741531.646073242] [Ground]: takeoff 发送成功 → 飞行站已调用：takeoff服务
1773741531.8113065 [logical-1] [INFO] [1773741531.810994535] [Ground]: takeoff 发送成功 → 飞行站已调用：takeoff服务
1773741532.0069501 [logical-1] [INFO] [1773741532.006674714] [Ground]: takeoff 发送成功 → 飞行站已调用：takeoff服务
1773741532.2205615 [logical-1] [INFO] [1773741532.220257677] [Ground]: takeoff 发送成功 → 飞行站已调用：takeoff服务
1773741532.4209065 [logical-1] [INFO] [1773741532.420440817] [Ground]: takeoff 发送成功 → 飞行站已调用：takeoff服务
1773741532.6110675 [logical-1] [INFO] [1773741532.610779346] [Ground]: takeoff 发送成功 → 飞行站已调用：takeoff服务
1773741601.7158411 [logical-1] [INFO] [1773741601.715214940] [Ground]: takeoff 发送成功 → 飞行站已调用：takeoff服务
1773741656.0774200 [logical-1] [INFO] [1773741656.077068693] [Ground]: takeoff 发送成功 → 飞行站已调用：takeoff服务
1773741657.6720047 [logical-1] [INFO] [1773741657.671658095] [Ground]: takeoff 发送成功 → 飞行站已调用：takeoff服务
1773741658.3755362 [logical-1] [INFO] [1773741658.375202958] [Ground]: takeoff 发送成功 → 飞行站已调用：takeoff服务
1773741658.8206558 [logical-1] [INFO] [1773741658.820286634] [Ground]: takeoff 发送成功 → 飞行站已调用：takeoff服务
1773741659.2175758 [logical-1] [INFO] [1773741659.217271800] [Ground]: takeoff 发送成功 → 飞行站已调用：takeoff服务
1773741659.7760344 [logical-1] [INFO] [1773741659.775759421] [Ground]: takeoff 发送成功 → 飞行站已调用：takeoff服务
1773741660.0448322 [logical-1] [INFO] [1773741660.044535935] [Ground]: takeoff 发送成功 → 飞行站已调用：takeoff服务
1773741999.5221355 [logical-1] [INFO] [1773741999.521648315] [Ground]: takeoff 发送成功 → 飞行站已调用：takeoff服务
1773742001.4184642 [logical-1] [INFO] [1773742001.418107692] [Ground]: takeoff 发送成功 → 飞行站已调用：takeoff服务
1773742002.5697608 [logical-1] [INFO] [1773742002.569446248] [Ground]: takeoff 发送成功 → 飞行站已调用：takeoff服务
1773742054.8035207 [logical-1] [INFO] [1773742054.803217709] [Ground]: takeoff 发送成功 → 飞行站已调用：takeoff服务
1773742056.9012952 [logical-1] [INFO] [1773742056.901060949] [Ground]: takeoff 发送成功 → 飞行站已调用：takeoff服务
1773742338.0708358 [logical-1] [INFO] [1773742338.070298832] [Ground]: takeoff 发送成功 → 飞行站已调用：takeoff服务
1773742338.5886693 [logical-1] [INFO] [1773742338.588332788] [Ground]: takeoff 发送成功 → 飞行站已调用：takeoff服务
1773742339.5268750 [logical-1] [INFO] [1773742339.526563756] [Ground]: takeoff 发送成功 → 飞行站已调用：takeoff服务
1773742339.7201140 [logical-1] [INFO] [1773742339.719807107] [Ground]: takeoff 发送成功 → 飞行站已调用：takeoff服务
1773742339.9230337 [logical-1] [INFO] [1773742339.922713569] [Ground]: takeoff 发送成功 → 飞行站已调用：takeoff服务
1773742340.1504819 [logical-1] [INFO] [1773742340.150206604] [Ground]: takeoff 发送成功 → 飞行站已调用：takeoff服务
1773742340.3442523 [logical-1] [INFO] [1773742340.343904877] [Ground]: takeoff 发送成功 → 飞行站已调用：takeoff服务
1773742340.5399220 [logical-1] [INFO] [1773742340.538969743] [Ground]: takeoff 发送成功 → 飞行站已调用：takeoff服务
1773742422.1950951 [logical-1] [INFO] [1773742422.194640482] [Ground]: takeoff 发送成功 → 飞行站已调用：takeoff服务
1773742422.4694703 [logical-1] [INFO] [1773742422.469085182] [Ground]: takeoff 发送成功 → 飞行站已调用：takeoff服务
1773742422.7130303 [logical-1] [INFO] [1773742422.712723987] [Ground]: takeoff 发送成功 → 飞行站已调用：takeoff服务
1773742422.9052804 [logical-1] [INFO] [1773742422.904961282] [Ground]: takeoff 发送成功 → 飞行站已调用：takeoff服务
1773742423.1355295 [logical-1] [INFO] [1773742423.135129437] [Ground]: takeoff 发送成功 → 飞行站已调用：takeoff服务
1773742423.3924599 [logical-1] [INFO] [1773742423.392140943] [Ground]: takeoff 发送成功 → 飞行站已调用：takeoff服务
1773742545.8360126 [logical-1] [INFO] [1773742545.835669380] [Ground]: takeoff 发送成功 → 飞行站已调用：takeoff服务
1773742546.8050272 [logical-1] [INFO] [1773742546.804727362] [Ground]: takeoff 发送成功 → 飞行站已调用：takeoff服务
1773742547.3570626 [logical-1] [INFO] [1773742547.356625779] [Ground]: takeoff 发送成功 → 飞行站已调用：takeoff服务
1773742547.8085825 [logical-1] [INFO] [1773742547.808248810] [Ground]: takeoff 发送成功 → 飞行站已调用：takeoff服务
1773742548.1813543 [logical-1] [INFO] [1773742548.181072673] [Ground]: takeoff 发送成功 → 飞行站已调用：takeoff服务
1773742548.9467969 [logical-1] [INFO] [1773742548.946321680] [Ground]: takeoff 发送成功 → 飞行站已调用：takeoff服务
1773742576.5561557 [logical-1] [INFO] [1773742576.555803909] [Ground]: takeoff 发送成功 → 飞行站已调用：takeoff服务
1773742578.0919015 [logical-1] [INFO] [1773742578.091489759] [Ground]: takeoff 发送成功 → 飞行站已调用：takeoff服务
1773742579.0552967 [logical-1] [INFO] [1773742579.055007629] [Ground]: takeoff 发送成功 → 飞行站已调用：takeoff服务
1773742579.8430090 [logical-1] [INFO] [1773742579.842636941] [Ground]: takeoff 发送成功 → 飞行站已调用：takeoff服务
1773742581.1650825 [logical-1] [INFO] [1773742581.164735249] [Ground]: land 发送成功 → 飞行站已调用：land服务
1773742581.8410034 [logical-1] [INFO] [1773742581.840681922] [Ground]: land 发送成功 → 飞行站已调用：land服务
1773742582.8997960 [logical-1] [INFO] [1773742582.899505437] [Ground]: land 发送成功 → 飞行站已调用：land服务
1773742909.5722656 [logical-1] [INFO] [1773742909.571594659] [Ground]: takeoff 发送成功 → 飞行站已调用：takeoff服务
1773742911.1642287 [logical-1] [INFO] [1773742911.163883616] [Ground]: takeoff 发送成功 → 飞行站已调用：takeoff服务
1773742961.1718364 [logical-1] [INFO] [1773742961.171374103] [Ground]: takeoff 发送成功 → 飞行站已调用：takeoff服务
1773742962.8087513 [logical-1] [INFO] [1773742962.808426182] [Ground]: takeoff 发送成功 → 飞行站已调用：takeoff服务
1773742963.5959563 [logical-1] [INFO] [1773742963.595712726] [Ground]: takeoff 发送成功 → 飞行站已调用：takeoff服务
1773742964.0822961 [logical-1] [INFO] [1773742964.082019721] [Ground]: takeoff 发送成功 → 飞行站已调用：takeoff服务
1773742964.2833290 [logical-1] [INFO] [1773742964.283028197] [Ground]: takeoff 发送成功 → 飞行站已调用：takeoff服务
1773742964.4736834 [logical-1] [INFO] [1773742964.473344204] [Ground]: takeoff 发送成功 → 飞行站已调用：takeoff服务
1773742964.6681571 [logical-1] [INFO] [1773742964.667820319] [Ground]: takeoff 发送成功 → 飞行站已调用：takeoff服务
1773742964.8796396 [logical-1] [INFO] [1773742964.879319939] [Ground]: takeoff 发送成功 → 飞行站已调用：takeoff服务
1773742965.0835066 [logical-1] [INFO] [1773742965.083176998] [Ground]: takeoff 发送成功 → 飞行站已调用：takeoff服务
1773742965.2823563 [logical-1] [INFO] [1773742965.282054937] [Ground]: takeoff 发送成功 → 飞行站已调用：takeoff服务
1773742965.4798710 [logical-1] [INFO] [1773742965.479579842] [Ground]: takeoff 发送成功 → 飞行站已调用：takeoff服务
1773742965.6850300 [logical-1] [INFO] [1773742965.684713263] [Ground]: takeoff 发送成功 → 飞行站已调用：takeoff服务
1773742966.2425580 [logical-1] [INFO] [1773742966.242275523] [Ground]: takeoff 发送成功 → 飞行站已调用：takeoff服务
1773742966.7407351 [logical-1] [INFO] [1773742966.740441174] [Ground]: takeoff 发送成功 → 飞行站已调用：takeoff服务
1773743218.5722051 [logical-1] [INFO] [1773743218.571833467] [Ground]: takeoff 发送成功 → 飞行站已调用：takeoff服务
1773743522.2503157 [logical-1] [INFO] [1773743522.249881372] [Ground]: takeoff 发送成功 → 飞行站已调用：takeoff服务
1773743648.5833347 [logical-1] [INFO] [1773743648.582942903] [Ground]: takeoff 发送成功 → 飞行站已调用：takeoff服务
1773743649.2155979 [logical-1] [INFO] [1773743649.215293031] [Ground]: takeoff 发送成功 → 飞行站已调用：takeoff服务
1773743649.3875585 [logical-1] [INFO] [1773743649.387214013] [Ground]: takeoff 发送成功 → 飞行站已调用：takeoff服务
1773743649.5740986 [logical-1] [INFO] [1773743649.573751854] [Ground]: takeoff 发送成功 → 飞行站已调用：takeoff服务
1773743649.7489891 [logical-1] [INFO] [1773743649.748670649] [Ground]: takeoff 发送成功 → 飞行站已调用：takeoff服务
1773743715.1714344 [logical-1] [INFO] [1773743715.171130597] [Ground]: takeoff 发送成功 → 飞行站已调用：takeoff服务
1773743715.3904202 [logical-1] [INFO] [1773743715.390100849] [Ground]: takeoff 发送成功 → 飞行站已调用：takeoff服务
1773743715.5161569 [logical-1] [INFO] [1773743715.515814460] [Ground]: takeoff 发送成功 → 飞行站已调用：takeoff服务
1773743716.6753609 [logical-1] [37;1m2026-03-17 03:35:16.674 [31;1m[[37;1mSUBSCRIBER[31;1m Error] [37mDeserialization of data failed[34;1m -> Function [36mdeserialize_change[m
1773743716.6755545 [logical-1] [37;1m2026-03-17 03:35:16.674 [31;1m[[37;1mSUBSCRIBER[31;1m Error] [37mDeserialization of data failed[34;1m -> Function [36mdeserialize_change[m
1773743716.6755924 [logical-1] [37;1m2026-03-17 03:35:16.674 [31;1m[[37;1mSUBSCRIBER[31;1m Error] [37mDeserialization of data failed[34;1m -> Function [36mdeserialize_change[m
1773743716.6823676 [logical-1] [INFO] [1773743716.681994405] [Ground]: takeoff 发送成功 → 飞行站已调用：takeoff服务
1773743716.6827378 [logical-1] [INFO] [1773743716.682255977] [Ground]: takeoff 发送成功 → 飞行站已调用：takeoff服务
1773743716.6828065 [logical-1] [INFO] [1773743716.682386165] [Ground]: takeoff 发送成功 → 飞行站已调用：takeoff服务
1773743716.6828430 [logical-1] [INFO] [1773743716.682460830] [Ground]: takeoff 发送成功 → 飞行站已调用：takeoff服务
1773743716.8164299 [logical-1] [INFO] [1773743716.816107034] [Ground]: takeoff 发送成功 → 飞行站已调用：takeoff服务
1773743716.9818912 [logical-1] [INFO] [1773743716.981531428] [Ground]: takeoff 发送成功 → 飞行站已调用：takeoff服务
1773743717.1484385 [logical-1] [INFO] [1773743717.148136827] [Ground]: takeoff 发送成功 → 飞行站已调用：takeoff服务
1773743717.3227108 [logical-1] [INFO] [1773743717.322414524] [Ground]: takeoff 发送成功 → 飞行站已调用：takeoff服务
1773743717.4689550 [logical-1] [INFO] [1773743717.468590188] [Ground]: takeoff 发送成功 → 飞行站已调用：takeoff服务
1773743717.6401951 [logical-1] [INFO] [1773743717.639889233] [Ground]: takeoff 发送成功 → 飞行站已调用：takeoff服务
1773743717.7820103 [logical-1] [INFO] [1773743717.781702737] [Ground]: takeoff 发送成功 → 飞行站已调用：takeoff服务
1773743717.9452667 [logical-1] [INFO] [1773743717.944947586] [Ground]: takeoff 发送成功 → 飞行站已调用：takeoff服务
1773743718.1089444 [logical-1] [INFO] [1773743718.108617467] [Ground]: takeoff 发送成功 → 飞行站已调用：takeoff服务
1773743926.7148490 [logical-1] [INFO] [1773743926.714322232] [Ground]: takeoff 发送成功 → 飞行站已调用：takeoff服务
1773744155.2320690 [logical-1] [INFO] [1773744155.231691091] [Ground]: takeoff 发送成功 → 飞行站已调用：takeoff服务
1773744157.5515089 [logical-1] [INFO] [1773744157.551197510] [Ground]: takeoff 发送成功 → 飞行站已调用：takeoff服务
1773744158.7310252 [logical-1] [INFO] [1773744158.730716105] [Ground]: takeoff 发送成功 → 飞行站已调用：takeoff服务
1773744158.9560075 [logical-1] [INFO] [1773744158.955726140] [Ground]: takeoff 发送成功 → 飞行站已调用：takeoff服务
1773744159.1645980 [logical-1] [INFO] [1773744159.164299972] [Ground]: takeoff 发送成功 → 飞行站已调用：takeoff服务
1773744159.3633118 [logical-1] [INFO] [1773744159.363032092] [Ground]: takeoff 发送成功 → 飞行站已调用：takeoff服务
1773744159.5970342 [logical-1] [INFO] [1773744159.596790876] [Ground]: takeoff 发送成功 → 飞行站已调用：takeoff服务
1773744419.5943985 [logical-1] [INFO] [1773744419.593856523] [Ground]: takeoff 发送成功 → 飞行站已调用：takeoff服务
1773744420.6241848 [logical-1] [INFO] [1773744420.623482404] [Ground]: takeoff 发送成功 → 飞行站已调用：takeoff服务
1773744421.0263920 [logical-1] [INFO] [1773744421.026074707] [Ground]: takeoff 发送成功 → 飞行站已调用：takeoff服务
1773744421.3006203 [logical-1] [INFO] [1773744421.300267570] [Ground]: takeoff 发送成功 → 飞行站已调用：takeoff服务
1773744421.5504699 [logical-1] [INFO] [1773744421.549831634] [Ground]: takeoff 发送成功 → 飞行站已调用：takeoff服务
1773744421.8438995 [logical-1] [INFO] [1773744421.843425662] [Ground]: takeoff 发送成功 → 飞行站已调用：takeoff服务
1773744421.9477744 [logical-1] [INFO] [1773744421.947512467] [Ground]: takeoff 发送成功 → 飞行站已调用：takeoff服务
1773744422.1704679 [logical-1] [INFO] [1773744422.170175986] [Ground]: takeoff 发送成功 → 飞行站已调用：takeoff服务
1773744422.5537469 [logical-1] [INFO] [1773744422.553480573] [Ground]: takeoff 发送成功 → 飞行站已调用：takeoff服务
1773744422.5573807 [logical-1] [INFO] [1773744422.557137028] [Ground]: takeoff 发送成功 → 飞行站已调用：takeoff服务
1773744422.7084394 [logical-1] [INFO] [1773744422.708149869] [Ground]: takeoff 发送成功 → 飞行站已调用：takeoff服务
1773744909.0350258 [logical-1] [INFO] [1773744909.034495167] [Ground]: takeoff 发送成功 → 飞行站已调用：takeoff服务
1773744910.7126687 [logical-1] [INFO] [1773744910.712358713] [Ground]: takeoff 发送成功 → 飞行站已调用：takeoff服务
1773745595.9789634 [logical-1] [INFO] [1773745595.978392324] [Ground]: takeoff 发送成功 → 飞行站已调用：takeoff服务
1773745596.3002605 [logical-1] [INFO] [1773745596.299966351] [Ground]: takeoff 发送成功 → 飞行站已调用：takeoff服务
1773745596.5001264 [logical-1] [INFO] [1773745596.499773972] [Ground]: takeoff 发送成功 → 飞行站已调用：takeoff服务
1773745596.6744337 [logical-1] [INFO] [1773745596.674103239] [Ground]: takeoff 发送成功 → 飞行站已调用：takeoff服务
1773745596.8919120 [logical-1] [INFO] [1773745596.891550940] [Ground]: takeoff 发送成功 → 飞行站已调用：takeoff服务
1773745597.0525184 [logical-1] [INFO] [1773745597.052181247] [Ground]: takeoff 发送成功 → 飞行站已调用：takeoff服务
1773745597.2399011 [logical-1] [INFO] [1773745597.239600463] [Ground]: takeoff 发送成功 → 飞行站已调用：takeoff服务
1773745597.4321859 [logical-1] [INFO] [1773745597.431896312] [Ground]: takeoff 发送成功 → 飞行站已调用：takeoff服务
1773745597.6377437 [logical-1] [INFO] [1773745597.637442682] [Ground]: takeoff 发送成功 → 飞行站已调用：takeoff服务
1773745597.8321717 [logical-1] [INFO] [1773745597.831893604] [Ground]: takeoff 发送成功 → 飞行站已调用：takeoff服务
1773745598.0519366 [logical-1] [INFO] [1773745598.051688667] [Ground]: takeoff 发送成功 → 飞行站已调用：takeoff服务
1773745598.1877036 [logical-1] [INFO] [1773745598.187405101] [Ground]: takeoff 发送成功 → 飞行站已调用：takeoff服务
1773745598.3743443 [logical-1] [INFO] [1773745598.373977375] [Ground]: takeoff 发送成功 → 飞行站已调用：takeoff服务
1773745598.5532935 [logical-1] [INFO] [1773745598.553019529] [Ground]: takeoff 发送成功 → 飞行站已调用：takeoff服务
1773745598.7449844 [logical-1] [INFO] [1773745598.744677912] [Ground]: takeoff 发送成功 → 飞行站已调用：takeoff服务
1773745599.1884727 [logical-1] [INFO] [1773745599.188119836] [Ground]: takeoff 发送成功 → 飞行站已调用：takeoff服务
1773745599.1899335 [logical-1] [INFO] [1773745599.189664204] [Ground]: takeoff 发送成功 → 飞行站已调用：takeoff服务
1773745599.5047250 [logical-1] [INFO] [1773745599.504446287] [Ground]: takeoff 发送成功 → 飞行站已调用：takeoff服务
1773745599.5051851 [logical-1] [INFO] [1773745599.504688428] [Ground]: takeoff 发送成功 → 飞行站已调用：takeoff服务
1773745599.6207106 [logical-1] [INFO] [1773745599.620449834] [Ground]: takeoff 发送成功 → 飞行站已调用：takeoff服务
1773745599.8053885 [logical-1] [INFO] [1773745599.805112837] [Ground]: takeoff 发送成功 → 飞行站已调用：takeoff服务
1773745599.9804633 [logical-1] [INFO] [1773745599.980184229] [Ground]: takeoff 发送成功 → 飞行站已调用：takeoff服务
1773745600.1581082 [logical-1] [INFO] [1773745600.157778435] [Ground]: takeoff 发送成功 → 飞行站已调用：takeoff服务
1773745600.3406467 [logical-1] [INFO] [1773745600.340298407] [Ground]: takeoff 发送成功 → 飞行站已调用：takeoff服务
1773745619.0000284 [logical-1] [INFO] [1773745618.999794219] [Ground]: takeoff 发送成功 → 飞行站已调用：takeoff服务
1773745620.1040297 [logical-1] [INFO] [1773745620.103726783] [Ground]: takeoff 发送成功 → 飞行站已调用：takeoff服务
1773745620.6432803 [logical-1] [INFO] [1773745620.642957973] [Ground]: takeoff 发送成功 → 飞行站已调用：takeoff服务
1773745620.8641798 [logical-1] [INFO] [1773745620.863754545] [Ground]: takeoff 发送成功 → 飞行站已调用：takeoff服务
1773745621.0741634 [logical-1] [INFO] [1773745621.073797833] [Ground]: takeoff 发送成功 → 飞行站已调用：takeoff服务
1773745621.2548440 [logical-1] [INFO] [1773745621.254518484] [Ground]: takeoff 发送成功 → 飞行站已调用：takeoff服务
1773745621.4606574 [logical-1] [INFO] [1773745621.460360928] [Ground]: takeoff 发送成功 → 飞行站已调用：takeoff服务
1773745622.7155061 [logical-1] [INFO] [1773745622.715177321] [Ground]: takeoff 发送成功 → 飞行站已调用：takeoff服务
1773745623.7302525 [logical-1] [INFO] [1773745623.729923637] [Ground]: takeoff 发送成功 → 飞行站已调用：takeoff服务
1773745624.1823814 [logical-1] [INFO] [1773745624.181993797] [Ground]: takeoff 发送成功 → 飞行站已调用：takeoff服务
1773745624.4018295 [logical-1] [INFO] [1773745624.401536416] [Ground]: takeoff 发送成功 → 飞行站已调用：takeoff服务
1773745624.5774627 [logical-1] [INFO] [1773745624.577191440] [Ground]: takeoff 发送成功 → 飞行站已调用：takeoff服务
1773745624.7774873 [logical-1] [INFO] [1773745624.776965004] [Ground]: takeoff 发送成功 → 飞行站已调用：takeoff服务
1773745624.9896369 [logical-1] [INFO] [1773745624.989205246] [Ground]: takeoff 发送成功 → 飞行站已调用：takeoff服务
1773745625.1918299 [logical-1] [INFO] [1773745625.191481880] [Ground]: takeoff 发送成功 → 飞行站已调用：takeoff服务
1773745625.4221258 [logical-1] [INFO] [1773745625.421738221] [Ground]: takeoff 发送成功 → 飞行站已调用：takeoff服务
1773745637.2024386 [logical-1] [INFO] [1773745637.202117169] [Ground]: takeoff 发送成功 → 飞行站已调用：takeoff服务
1773745638.1002309 [logical-1] [INFO] [1773745638.099648911] [Ground]: takeoff 发送成功 → 飞行站已调用：takeoff服务
1773745638.6449320 [logical-1] [INFO] [1773745638.644576875] [Ground]: takeoff 发送成功 → 飞行站已调用：takeoff服务
1773745639.1744213 [logical-1] [INFO] [1773745639.174051320] [Ground]: takeoff 发送成功 → 飞行站已调用：takeoff服务
1773745639.6002541 [logical-1] [INFO] [1773745639.599961553] [Ground]: takeoff 发送成功 → 飞行站已调用：takeoff服务
1773745640.1330724 [logical-1] [INFO] [1773745640.130878888] [Ground]: takeoff 发送成功 → 飞行站已调用：takeoff服务
1773745640.5068974 [logical-1] [INFO] [1773745640.506570641] [Ground]: takeoff 发送成功 → 飞行站已调用：takeoff服务
1773745640.9383652 [logical-1] [INFO] [1773745640.938027830] [Ground]: takeoff 发送成功 → 飞行站已调用：takeoff服务
1773746190.3916237 [logical-1] [INFO] [1773746190.390901028] [Ground]: takeoff 发送成功 → 飞行站已调用：takeoff服务
1773746208.8782680 [logical-1] [INFO] [1773746208.877951814] [Ground]: takeoff 发送成功 → 飞行站已调用：takeoff服务
1773746209.4644027 [logical-1] [INFO] [1773746209.464106464] [Ground]: takeoff 发送成功 → 飞行站已调用：takeoff服务
1773746209.6709747 [logical-1] [INFO] [1773746209.670646414] [Ground]: takeoff 发送成功 → 飞行站已调用：takeoff服务
1773746209.8735223 [logical-1] [INFO] [1773746209.873221058] [Ground]: takeoff 发送成功 → 飞行站已调用：takeoff服务
1773746210.0983310 [logical-1] [INFO] [1773746210.097930797] [Ground]: takeoff 发送成功 → 飞行站已调用：takeoff服务
1773746210.6025958 [logical-1] [INFO] [1773746210.602285238] [Ground]: takeoff 发送成功 → 飞行站已调用：takeoff服务
1773746210.7852800 [logical-1] [INFO] [1773746210.784887330] [Ground]: takeoff 发送成功 → 飞行站已调用：takeoff服务
1773746210.9323421 [logical-1] [INFO] [1773746210.931938409] [Ground]: takeoff 发送成功 → 飞行站已调用：takeoff服务
1773746211.1846964 [logical-1] [INFO] [1773746211.184423281] [Ground]: takeoff 发送成功 → 飞行站已调用：takeoff服务
1773746211.4603307 [logical-1] [INFO] [1773746211.460031095] [Ground]: takeoff 发送成功 → 飞行站已调用：takeoff服务
1773746211.7422636 [logical-1] [INFO] [1773746211.741997491] [Ground]: takeoff 发送成功 → 飞行站已调用：takeoff服务
1773746212.0890083 [logical-1] [INFO] [1773746212.088689054] [Ground]: takeoff 发送成功 → 飞行站已调用：takeoff服务
1773746212.1546538 [logical-1] [INFO] [1773746212.154326455] [Ground]: takeoff 发送成功 → 飞行站已调用：takeoff服务
1773746212.3533087 [logical-1] [INFO] [1773746212.352820462] [Ground]: takeoff 发送成功 → 飞行站已调用：takeoff服务
1773746212.5576737 [logical-1] [INFO] [1773746212.557405968] [Ground]: takeoff 发送成功 → 飞行站已调用：takeoff服务
1773746212.7682695 [logical-1] [INFO] [1773746212.767967222] [Ground]: takeoff 发送成功 → 飞行站已调用：takeoff服务
1773746212.9722452 [logical-1] [INFO] [1773746212.971854792] [Ground]: takeoff 发送成功 → 飞行站已调用：takeoff服务
1773746213.1722727 [logical-1] [INFO] [1773746213.171973244] [Ground]: takeoff 发送成功 → 飞行站已调用：takeoff服务
1773746213.3785400 [logical-1] [INFO] [1773746213.378232580] [Ground]: takeoff 发送成功 → 飞行站已调用：takeoff服务
1773746213.9967933 [logical-1] [INFO] [1773746213.996486516] [Ground]: takeoff 发送成功 → 飞行站已调用：takeoff服务
1773746214.2020693 [logical-1] [INFO] [1773746214.201771293] [Ground]: takeoff 发送成功 → 飞行站已调用：takeoff服务
1773746214.4056876 [logical-1] [INFO] [1773746214.405417336] [Ground]: takeoff 发送成功 → 飞行站已调用：takeoff服务
1773746215.0305166 [logical-1] [INFO] [1773746215.030209519] [Ground]: takeoff 发送成功 → 飞行站已调用：takeoff服务
1773746215.4845378 [logical-1] [INFO] [1773746215.484191601] [Ground]: takeoff 发送成功 → 飞行站已调用：takeoff服务
1773746215.7627349 [logical-1] [INFO] [1773746215.762421222] [Ground]: takeoff 发送成功 → 飞行站已调用：takeoff服务
1773746216.2525198 [logical-1] [INFO] [1773746216.252243178] [Ground]: takeoff 发送成功 → 飞行站已调用：takeoff服务
1773746216.9516661 [logical-1] [INFO] [1773746216.951222160] [Ground]: takeoff 发送成功 → 飞行站已调用：takeoff服务
1773746218.2348702 [logical-1] [INFO] [1773746218.234573461] [Ground]: takeoff 发送成功 → 飞行站已调用：takeoff服务
1773746218.9713411 [logical-1] [INFO] [1773746218.971039737] [Ground]: takeoff 发送成功 → 飞行站已调用：takeoff服务
1773746219.6977413 [logical-1] [INFO] [1773746219.697470583] [Ground]: takeoff 发送成功 → 飞行站已调用：takeoff服务
1773746220.6411729 [logical-1] [INFO] [1773746220.640898651] [Ground]: takeoff 发送成功 → 飞行站已调用：takeoff服务
1773746221.3622992 [logical-1] [INFO] [1773746221.362003929] [Ground]: takeoff 发送成功 → 飞行站已调用：takeoff服务
1773746223.3538985 [logical-1] [INFO] [1773746223.353598186] [Ground]: takeoff 发送成功 → 飞行站已调用：takeoff服务
1773746223.6812148 [logical-1] [INFO] [1773746223.680945049] [Ground]: takeoff 发送成功 → 飞行站已调用：takeoff服务
1773746223.9215994 [logical-1] [INFO] [1773746223.921305956] [Ground]: takeoff 发送成功 → 飞行站已调用：takeoff服务
1773746224.1642833 [logical-1] [INFO] [1773746224.164008453] [Ground]: takeoff 发送成功 → 飞行站已调用：takeoff服务
