1775396836.5741973 [INFO] [launch]: All log files can be found below /home/focal/Desktop/2024_GroundStation/run_log/2026-04-05-06-47-16-569611-ubuntu-37911
1775396836.5746884 [INFO] [launch]: Default logging verbosity is set to INFO
1775396836.6553931 [INFO] [myMain-1]: process started with pid [37913]
1775396836.6559894 [INFO] [navNode-2]: process started with pid [37915]
1775396837.0242448 [navNode-2] [INFO] [1775396837.023904092] [navNode]: paths: [
1775396837.0246003 [navNode-2]   {"x": 0.00, "y": 0.00, "z": 0.70, "label": "TakeOff", "qrcode": "", "label2": ""       , "qrcode2": "" },
1775396837.0247502 [navNode-2]   {"x":-0.25, "y": 0.75, "z": 0.80, "label": "A6"     , "qrcode": "", "label2": ""       , "qrcode2": "" },
1775396837.0248744 [navNode-2]   {"x":-0.25, "y": 0.75, "z": 1.20, "label": "A3"     , "qrcode": "", "label2": ""       , "qrcode2": "" },
1775396837.0249958 [navNode-2]   {"x":-0.25, "y": 1.25, "z": 1.20, "label": "A2"     , "qrcode": "", "label2": ""       , "qrcode2": "" },
1775396837.0251162 [navNode-2]   {"x":-0.25, "y": 1.25, "z": 0.80, "label": "A5"     , "qrcode": "", "label2": ""       , "qrcode2": "" },
1775396837.0252364 [navNode-2]   {"x":-0.25, "y": 1.75, "z": 0.80, "label": "A4"     , "qrcode": "", "label2": ""       , "qrcode2": "" },
1775396837.0253587 [navNode-2]   {"x":-0.25, "y": 1.75, "z": 1.20, "label": "A1"     , "qrcode": "", "label2": ""       , "qrcode2": "" },
1775396837.0255201 [navNode-2]   {"x":-0.25, "y": 2.00, "z": 0.70, "label": "UpSide1", "qrcode": "", "label2": ""       , "qrcode2": "" },
1775396837.0256701 [navNode-2]   {"x": 0.75, "y": 2.00, "z": 0.70, "label": "LandPos", "qrcode": "", "label2": ""       , "qrcode2": "" }
1775396837.0257916 [navNode-2] ]
1775396837.0259137 [navNode-2] 
1775396837.0301502 [navNode-2] [INFO] [1775396837.029890351] [navNode]: 上位机导航节点启动成功
1775396837.7385354 [myMain-1] [INFO] [1775396837.738052015] [Ground]: ros2 node launch success:Ground!
1775396842.9997861 [myMain-1] [INFO] [1775396842.999404346] [Ground]: 发送 scan_all 成功
1775396843.0005872 [navNode-2] [INFO] [1775396843.000249234] [navNode]: 收到来自UI的请求：scan_all
1775396843.0013018 [navNode-2] [WARN] [1775396843.001146924] [navNode]: 任务开始执行scan_all
1775396843.0037613 [myMain-1] [INFO] [1775396843.003553546] [Ground]: scan_all 响应成功 → 回复：scan_all
1775396843.1023936 [navNode-2] [INFO] [1775396843.102155906] [navNode]: 状态1：Takeoff--[TakeOff]
1775396843.3539581 [navNode-2] [ERROR] [1775396843.353720270] [navNode]: 发送 takeoff 失败: ROS2 服务 [ControlService] 未启动或超时
1775396843.3568592 [navNode-2] [INFO] [1775396843.356503920] [navNode]: 状态2：Takeoff_wait--[TakeOff]
1775396843.3573103 [navNode-2] [INFO] [1775396843.356962931] [navNode]: 未到目标点
1775396843.3574152 [navNode-2] 目标位置:(0.0, 0.0, 0.7)-[TakeOff]-[MCU:False]-[POS:False]
1775396843.3574598 [navNode-2] 当前位置:(0.0, 0.0, 0.0)
1775396843.4021142 [navNode-2] [INFO] [1775396843.401863673] [navNode]: 状态2：Takeoff_wait--[TakeOff]
1775396843.4030883 [navNode-2] [INFO] [1775396843.402908692] [navNode]: 未到目标点
1775396843.4032056 [navNode-2] 目标位置:(0.0, 0.0, 0.7)-[TakeOff]-[MCU:False]-[POS:False]
1775396843.4032648 [navNode-2] 当前位置:(0.0, 0.0, 0.0)
1775396843.5018985 [navNode-2] [INFO] [1775396843.501564644] [navNode]: 状态2：Takeoff_wait--[TakeOff]
1775396843.5023315 [navNode-2] [INFO] [1775396843.501989700] [navNode]: 未到目标点
1775396843.5024276 [navNode-2] 目标位置:(0.0, 0.0, 0.7)-[TakeOff]-[MCU:False]-[POS:False]
1775396843.5024905 [navNode-2] 当前位置:(0.0, 0.0, 0.0)
1775396843.6024795 [navNode-2] [INFO] [1775396843.602233350] [navNode]: 状态2：Takeoff_wait--[TakeOff]
1775396843.6033249 [navNode-2] [INFO] [1775396843.603208034] [navNode]: 未到目标点
1775396843.6034496 [navNode-2] 目标位置:(0.0, 0.0, 0.7)-[TakeOff]-[MCU:False]-[POS:False]
1775396843.6034904 [navNode-2] 当前位置:(0.0, 0.0, 0.0)
1775396843.7017233 [navNode-2] [INFO] [1775396843.701436881] [navNode]: 状态2：Takeoff_wait--[TakeOff]
1775396843.7021294 [navNode-2] [INFO] [1775396843.701820218] [navNode]: 未到目标点
1775396843.7022419 [navNode-2] 目标位置:(0.0, 0.0, 0.7)-[TakeOff]-[MCU:False]-[POS:False]
1775396843.7022953 [navNode-2] 当前位置:(0.0, 0.0, 0.0)
1775396843.8020983 [navNode-2] [INFO] [1775396843.801826889] [navNode]: 状态2：Takeoff_wait--[TakeOff]
1775396843.8032663 [navNode-2] [INFO] [1775396843.803122214] [navNode]: 未到目标点
1775396843.8034070 [navNode-2] 目标位置:(0.0, 0.0, 0.7)-[TakeOff]-[MCU:False]-[POS:False]
1775396843.8034549 [navNode-2] 当前位置:(0.0, 0.0, 0.0)
1775396843.9020407 [navNode-2] [INFO] [1775396843.901625231] [navNode]: 状态2：Takeoff_wait--[TakeOff]
1775396843.9027250 [navNode-2] [INFO] [1775396843.902204218] [navNode]: 未到目标点
1775396843.9028966 [navNode-2] 目标位置:(0.0, 0.0, 0.7)-[TakeOff]-[MCU:False]-[POS:False]
1775396843.9029508 [navNode-2] 当前位置:(0.0, 0.0, 0.0)
1775396844.0024128 [navNode-2] [INFO] [1775396844.002105378] [navNode]: 状态2：Takeoff_wait--[TakeOff]
1775396844.0033643 [navNode-2] [INFO] [1775396844.003235068] [navNode]: 未到目标点
1775396844.0034766 [navNode-2] 目标位置:(0.0, 0.0, 0.7)-[TakeOff]-[MCU:False]-[POS:False]
1775396844.0035167 [navNode-2] 当前位置:(0.0, 0.0, 0.0)
1775396844.1018000 [navNode-2] [INFO] [1775396844.101471793] [navNode]: 状态2：Takeoff_wait--[TakeOff]
1775396844.1023877 [navNode-2] [INFO] [1775396844.101902137] [navNode]: 未到目标点
1775396844.1025198 [navNode-2] 目标位置:(0.0, 0.0, 0.7)-[TakeOff]-[MCU:False]-[POS:False]
1775396844.1025782 [navNode-2] 当前位置:(0.0, 0.0, 0.0)
1775396844.2017410 [navNode-2] [INFO] [1775396844.201503559] [navNode]: 状态2：Takeoff_wait--[TakeOff]
1775396844.2026088 [navNode-2] [INFO] [1775396844.202461363] [navNode]: 未到目标点
1775396844.2027135 [navNode-2] 目标位置:(0.0, 0.0, 0.7)-[TakeOff]-[MCU:False]-[POS:False]
1775396844.2027752 [navNode-2] 当前位置:(0.0, 0.0, 0.0)
1775396844.3018610 [navNode-2] [INFO] [1775396844.301577666] [navNode]: 状态2：Takeoff_wait--[TakeOff]
1775396844.3022182 [navNode-2] [INFO] [1775396844.301953560] [navNode]: 未到目标点
1775396844.3023045 [navNode-2] 目标位置:(0.0, 0.0, 0.7)-[TakeOff]-[MCU:False]-[POS:False]
1775396844.3023665 [navNode-2] 当前位置:(0.0, 0.0, 0.0)
1775396844.4017594 [navNode-2] [INFO] [1775396844.401467458] [navNode]: 状态2：Takeoff_wait--[TakeOff]
1775396844.4021170 [navNode-2] [INFO] [1775396844.401839467] [navNode]: 未到目标点
1775396844.4022222 [navNode-2] 目标位置:(0.0, 0.0, 0.7)-[TakeOff]-[MCU:False]-[POS:False]
1775396844.4022706 [navNode-2] 当前位置:(0.0, 0.0, 0.0)
1775396844.5023274 [navNode-2] [INFO] [1775396844.501957404] [navNode]: 状态2：Takeoff_wait--[TakeOff]
1775396844.5028186 [navNode-2] [INFO] [1775396844.502406845] [navNode]: 未到目标点
1775396844.5029573 [navNode-2] 目标位置:(0.0, 0.0, 0.7)-[TakeOff]-[MCU:False]-[POS:False]
1775396844.5030079 [navNode-2] 当前位置:(0.0, 0.0, 0.0)
1775396844.6019454 [navNode-2] [INFO] [1775396844.601551473] [navNode]: 状态2：Takeoff_wait--[TakeOff]
1775396844.6024628 [navNode-2] [INFO] [1775396844.601965234] [navNode]: 未到目标点
1775396844.6025808 [navNode-2] 目标位置:(0.0, 0.0, 0.7)-[TakeOff]-[MCU:False]-[POS:False]
1775396844.6026814 [navNode-2] 当前位置:(0.0, 0.0, 0.0)
1775396844.7017186 [navNode-2] [INFO] [1775396844.701404315] [navNode]: 状态2：Takeoff_wait--[TakeOff]
1775396844.7021160 [navNode-2] [INFO] [1775396844.701993341] [navNode]: 未到目标点
1775396844.7021875 [navNode-2] 目标位置:(0.0, 0.0, 0.7)-[TakeOff]-[MCU:False]-[POS:False]
1775396844.7022247 [navNode-2] 当前位置:(0.0, 0.0, 0.0)
1775396844.8021340 [navNode-2] [INFO] [1775396844.801769738] [navNode]: 状态2：Takeoff_wait--[TakeOff]
1775396844.8025892 [navNode-2] [INFO] [1775396844.802210384] [navNode]: 未到目标点
1775396844.8026538 [navNode-2] 目标位置:(0.0, 0.0, 0.7)-[TakeOff]-[MCU:False]-[POS:False]
1775396844.8027050 [navNode-2] 当前位置:(0.0, 0.0, 0.0)
1775396844.9019990 [navNode-2] [INFO] [1775396844.901685371] [navNode]: 状态2：Takeoff_wait--[TakeOff]
1775396844.9023654 [navNode-2] [INFO] [1775396844.902088181] [navNode]: 未到目标点
1775396844.9024301 [navNode-2] 目标位置:(0.0, 0.0, 0.7)-[TakeOff]-[MCU:False]-[POS:False]
1775396844.9024684 [navNode-2] 当前位置:(0.0, 0.0, 0.0)
1775396845.0020618 [navNode-2] [INFO] [1775396845.001531880] [navNode]: 状态2：Takeoff_wait--[TakeOff]
1775396845.0026207 [navNode-2] [INFO] [1775396845.002059923] [navNode]: 未到目标点
1775396845.0028005 [navNode-2] 目标位置:(0.0, 0.0, 0.7)-[TakeOff]-[MCU:False]-[POS:False]
1775396845.0029221 [navNode-2] 当前位置:(0.0, 0.0, 0.0)
1775396845.1027815 [navNode-2] [INFO] [1775396845.102203874] [navNode]: 状态2：Takeoff_wait--[TakeOff]
1775396845.1032910 [navNode-2] [INFO] [1775396845.102793947] [navNode]: 未到目标点
1775396845.1034017 [navNode-2] 目标位置:(0.0, 0.0, 0.7)-[TakeOff]-[MCU:False]-[POS:False]
1775396845.1035063 [navNode-2] 当前位置:(0.0, 0.0, 0.0)
1775396845.2023981 [navNode-2] [INFO] [1775396845.201828699] [navNode]: 状态2：Takeoff_wait--[TakeOff]
1775396845.2029960 [navNode-2] [INFO] [1775396845.202286021] [navNode]: 未到目标点
1775396845.2031188 [navNode-2] 目标位置:(0.0, 0.0, 0.7)-[TakeOff]-[MCU:False]-[POS:False]
1775396845.2032440 [navNode-2] 当前位置:(0.0, 0.0, 0.0)
1775396845.3023703 [navNode-2] [INFO] [1775396845.301965649] [navNode]: 状态2：Takeoff_wait--[TakeOff]
1775396845.3027406 [navNode-2] [INFO] [1775396845.302380481] [navNode]: 未到目标点
1775396845.3028543 [navNode-2] 目标位置:(0.0, 0.0, 0.7)-[TakeOff]-[MCU:False]-[POS:False]
1775396845.3029029 [navNode-2] 当前位置:(0.0, 0.0, 0.0)
1775396845.4025564 [navNode-2] [INFO] [1775396845.402234290] [navNode]: 状态2：Takeoff_wait--[TakeOff]
1775396845.4032400 [navNode-2] [INFO] [1775396845.402771167] [navNode]: 未到目标点
1775396845.4034083 [navNode-2] 目标位置:(0.0, 0.0, 0.7)-[TakeOff]-[MCU:False]-[POS:False]
1775396845.4034905 [navNode-2] 当前位置:(0.0, 0.0, 0.0)
1775396845.4889226 [myMain-1] [INFO] [1775396845.488485647] [Ground]: 发送 shutdown-navNode 成功
1775396845.4906380 [navNode-2] [INFO] [1775396845.489311243] [navNode]: 收到来自UI的请求：shutdown-navNode
1775396845.4909532 [navNode-2] [WARN] [1775396845.490030360] [navNode]: navNodeshutdown-navNode
1775396845.5025585 [navNode-2] [INFO] [1775396845.502170606] [navNode]: 状态8：End--[任务结束]
1775396846.1493201 [INFO] [myMain-1]: process has finished cleanly [pid 37913]
1775396854.9241443 [WARNING] [launch]: user interrupted with ctrl-c (SIGINT)
1775396854.9495752 [INFO] [navNode-2]: process has finished cleanly [pid 37915]
