1775210096.2224343 [INFO] [launch]: All log files can be found below /home/focal/Desktop/2024_GroundStation/run_log/2026-04-03-02-54-56-216859-ubuntu-17529
1775210096.2228367 [INFO] [launch]: Default logging verbosity is set to INFO
1775210096.3056235 [INFO] [testNode-1]: process started with pid [17531]
1775210096.6388326 [testNode-1] [INFO] [1775210096.638370620] [testNode]: paths: [
1775210096.6389961 [testNode-1]   {"x": 0.00, "y": 0.00, "z": 0.70, "label": "TakeOff","qrcode": ""},
1775210096.6390827 [testNode-1]   {"x":-0.25, "y": 0.75, "z": 0.80, "label": "A6"   ,"qrcode": ""},
1775210096.6391175 [testNode-1]   {"x":-0.25, "y": 0.75, "z": 1.20, "label": "A3"   ,"qrcode": ""},
1775210096.6391470 [testNode-1]   {"x":-0.25, "y": 1.25, "z": 1.20, "label": "A2"   ,"qrcode": ""},
1775210096.6391759 [testNode-1]   {"x":-0.25, "y": 1.25, "z": 0.80, "label": "A5"   ,"qrcode": ""},
1775210096.6392043 [testNode-1]   {"x":-0.25, "y": 1.75, "z": 0.80, "label": "A4"   ,"qrcode": ""},
1775210096.6392319 [testNode-1]   {"x":-0.25, "y": 1.75, "z": 1.20, "label": "A1"   ,"qrcode": ""},
1775210096.6392598 [testNode-1]   {"x": 0.75, "y": 2.75, "z": 0.70, "label": "UpSide1","qrcode": ""},
1775210096.6392877 [testNode-1]   {"x": 0.75, "y": 2.75, "z": 0.70, "label": "Landpos","qrcode": ""}
1775210096.6393166 [testNode-1] ]
1775210096.6393456 [testNode-1] 
1775210096.6437106 [testNode-1] [INFO] [1775210096.643450812] [testNode]: 测试节点启动成功
1775210096.9012189 [testNode-1] Traceback (most recent call last):
1775210096.9015038 [testNode-1]   File "/home/focal/Desktop/2024_GroundStation/install/GroundStation/lib/GroundStation/testNode", line 11, in <module>
1775210096.9016352 [testNode-1]     load_entry_point('GroundStation', 'console_scripts', 'testNode')()
1775210096.9017403 [testNode-1]   File "/home/focal/Desktop/2024_GroundStation/build/GroundStation/GroundStation/testNode.py", line 102, in main
1775210096.9018250 [testNode-1]     executor.spin()
1775210096.9019017 [testNode-1]   File "/opt/ros/foxy/lib/python3.8/site-packages/rclpy/executors.py", line 290, in spin
1775210096.9019914 [testNode-1]     self.spin_once()
1775210096.9020920 [testNode-1]   File "/opt/ros/foxy/lib/python3.8/site-packages/rclpy/executors.py", line 770, in spin_once
1775210096.9022043 [testNode-1]     self._spin_once_impl(timeout_sec)
1775210096.9022946 [testNode-1]   File "/opt/ros/foxy/lib/python3.8/site-packages/rclpy/executors.py", line 767, in _spin_once_impl
1775210096.9023819 [testNode-1]     future.result()
1775210096.9024689 [testNode-1]   File "/opt/ros/foxy/lib/python3.8/site-packages/rclpy/task.py", line 94, in result
1775210096.9025531 [testNode-1]     raise self.exception()
1775210096.9026375 [testNode-1]   File "/opt/ros/foxy/lib/python3.8/site-packages/rclpy/task.py", line 239, in __call__
1775210096.9027216 [testNode-1]     self._handler.send(None)
1775210096.9028075 [testNode-1]   File "/opt/ros/foxy/lib/python3.8/site-packages/rclpy/executors.py", line 429, in handler
1775210096.9028916 [testNode-1]     await call_coroutine(entity, arg)
1775210096.9029737 [testNode-1]   File "/opt/ros/foxy/lib/python3.8/site-packages/rclpy/executors.py", line 343, in _execute_timer
1775210096.9030561 [testNode-1]     await await_or_execute(tmr.callback)
1775210096.9031410 [testNode-1]   File "/opt/ros/foxy/lib/python3.8/site-packages/rclpy/executors.py", line 118, in await_or_execute
1775210096.9032438 [testNode-1]     return callback(*args)
1775210096.9033275 [testNode-1]   File "/home/focal/Desktop/2024_GroundStation/build/GroundStation/GroundStation/testNode.py", line 93, in timer_to_publish
1775210096.9034107 [testNode-1]     self.topic_qrcode2_pub.publish(String(data='testQRcode'))
1775210096.9034932 [testNode-1] AttributeError: 'testNode' object has no attribute 'topic_qrcode2_pub'
1775210096.9544322 [ERROR] [testNode-1]: process has died [pid 17531, exit code 1, cmd '/home/focal/Desktop/2024_GroundStation/install/GroundStation/lib/GroundStation/testNode --ros-args --params-file /home/focal/Desktop/2024_GroundStation/install/GroundStation/share/GroundStation/param/navNode.yaml'].
