[0.689s] Invoking command in '/home/focal/Desktop/2024_GroundStation/build/uav_car_interfaces': CMAKE_PREFIX_PATH=/opt/ros/foxy /usr/bin/cmake --build /home/focal/Desktop/2024_GroundStation/build/uav_car_interfaces -- -j4 -l4
[0.930s] [ 10%] Built target uav_car_interfaces__rosidl_generator_c
[0.953s] [ 12%] Built target uav_car_interfaces__cpp
[1.030s] [ 23%] Built target uav_car_interfaces__rosidl_typesupport_introspection_c
[1.040s] [ 34%] Built target uav_car_interfaces__rosidl_typesupport_c
[1.047s] [ 44%] Built target uav_car_interfaces__rosidl_typesupport_introspection_cpp
[1.062s] [ 55%] Built target uav_car_interfaces__rosidl_typesupport_cpp
[1.102s] [ 65%] Built target uav_car_interfaces__rosidl_typesupport_fastrtps_cpp
[1.152s] [ 76%] Built target uav_car_interfaces__rosidl_typesupport_fastrtps_c
[1.194s] [ 76%] Built target uav_car_interfaces
[1.239s] [ 78%] Built target uav_car_interfaces__py
[1.284s] [ 87%] Built target uav_car_interfaces__python
[1.323s] [ 91%] Built target uav_car_interfaces__rosidl_typesupport_c__pyext
[1.355s] [ 95%] Built target uav_car_interfaces__rosidl_typesupport_introspection_c__pyext
[1.355s] [100%] Built target uav_car_interfaces__rosidl_typesupport_fastrtps_c__pyext
[1.375s] Invoked command in '/home/focal/Desktop/2024_GroundStation/build/uav_car_interfaces' returned '0': CMAKE_PREFIX_PATH=/opt/ros/foxy /usr/bin/cmake --build /home/focal/Desktop/2024_GroundStation/build/uav_car_interfaces -- -j4 -l4
[1.397s] Invoking command in '/home/focal/Desktop/2024_GroundStation/build/uav_car_interfaces': CMAKE_PREFIX_PATH=/opt/ros/foxy /usr/bin/cmake --install /home/focal/Desktop/2024_GroundStation/build/uav_car_interfaces
[1.412s] -- Install configuration: ""
[1.413s] -- Execute custom install script
[1.414s] -- Up-to-date symlink: /home/focal/Desktop/2024_GroundStation/install/uav_car_interfaces/share/ament_index/resource_index/rosidl_interfaces/uav_car_interfaces
[1.415s] -- Up-to-date symlink: /home/focal/Desktop/2024_GroundStation/install/uav_car_interfaces/include/uav_car_interfaces/msg/detail/image_processor_data__functions.h
[1.416s] -- Up-to-date symlink: /home/focal/Desktop/2024_GroundStation/install/uav_car_interfaces/include/uav_car_interfaces/msg/detail/image_processor_data__struct.h
[1.416s] -- Up-to-date symlink: /home/focal/Desktop/2024_GroundStation/install/uav_car_interfaces/include/uav_car_interfaces/msg/detail/image_processor_data__type_support.h
[1.416s] -- Up-to-date symlink: /home/focal/Desktop/2024_GroundStation/install/uav_car_interfaces/include/uav_car_interfaces/msg/detail/t265_data__functions.h
[1.416s] -- Up-to-date symlink: /home/focal/Desktop/2024_GroundStation/install/uav_car_interfaces/include/uav_car_interfaces/msg/detail/t265_data__struct.h
[1.416s] -- Up-to-date symlink: /home/focal/Desktop/2024_GroundStation/install/uav_car_interfaces/include/uav_car_interfaces/msg/detail/t265_data__type_support.h
[1.417s] -- Up-to-date symlink: /home/focal/Desktop/2024_GroundStation/install/uav_car_interfaces/include/uav_car_interfaces/msg/image_processor_data.h
[1.417s] -- Up-to-date symlink: /home/focal/Desktop/2024_GroundStation/install/uav_car_interfaces/include/uav_car_interfaces/msg/rosidl_generator_c__visibility_control.h
[1.417s] -- Up-to-date symlink: /home/focal/Desktop/2024_GroundStation/install/uav_car_interfaces/include/uav_car_interfaces/msg/t265_data.h
[1.417s] -- Up-to-date symlink: /home/focal/Desktop/2024_GroundStation/install/uav_car_interfaces/include/uav_car_interfaces/srv/control_service.h
[1.417s] -- Up-to-date symlink: /home/focal/Desktop/2024_GroundStation/install/uav_car_interfaces/include/uav_car_interfaces/srv/detail/control_service__functions.h
[1.418s] -- Up-to-date symlink: /home/focal/Desktop/2024_GroundStation/install/uav_car_interfaces/include/uav_car_interfaces/srv/detail/control_service__struct.h
[1.418s] -- Up-to-date symlink: /home/focal/Desktop/2024_GroundStation/install/uav_car_interfaces/include/uav_car_interfaces/srv/detail/control_service__type_support.h
[1.418s] -- Up-to-date symlink: /home/focal/Desktop/2024_GroundStation/install/uav_car_interfaces/share/uav_car_interfaces/environment/library_path.sh
[1.419s] -- Up-to-date symlink: /home/focal/Desktop/2024_GroundStation/install/uav_car_interfaces/share/uav_car_interfaces/environment/library_path.dsv
[1.420s] -- Up-to-date symlink: /home/focal/Desktop/2024_GroundStation/install/uav_car_interfaces/include/uav_car_interfaces/msg/detail/image_processor_data__rosidl_typesupport_fastrtps_c.h
[1.420s] -- Up-to-date symlink: /home/focal/Desktop/2024_GroundStation/install/uav_car_interfaces/include/uav_car_interfaces/msg/detail/t265_data__rosidl_typesupport_fastrtps_c.h
[1.420s] -- Up-to-date symlink: /home/focal/Desktop/2024_GroundStation/install/uav_car_interfaces/include/uav_car_interfaces/msg/rosidl_typesupport_fastrtps_c__visibility_control.h
[1.420s] -- Up-to-date symlink: /home/focal/Desktop/2024_GroundStation/install/uav_car_interfaces/include/uav_car_interfaces/srv/detail/control_service__rosidl_typesupport_fastrtps_c.h
[1.421s] -- Up-to-date symlink: /home/focal/Desktop/2024_GroundStation/install/uav_car_interfaces/lib/libuav_car_interfaces__rosidl_typesupport_fastrtps_c.so
[1.422s] -- Up-to-date symlink: /home/focal/Desktop/2024_GroundStation/install/uav_car_interfaces/include/uav_car_interfaces/msg/detail/image_processor_data__rosidl_typesupport_fastrtps_cpp.hpp
[1.423s] -- Up-to-date symlink: /home/focal/Desktop/2024_GroundStation/install/uav_car_interfaces/include/uav_car_interfaces/msg/detail/t265_data__rosidl_typesupport_fastrtps_cpp.hpp
[1.423s] -- Up-to-date symlink: /home/focal/Desktop/2024_GroundStation/install/uav_car_interfaces/include/uav_car_interfaces/msg/rosidl_typesupport_fastrtps_cpp__visibility_control.h
[1.423s] -- Up-to-date symlink: /home/focal/Desktop/2024_GroundStation/install/uav_car_interfaces/include/uav_car_interfaces/srv/detail/control_service__rosidl_typesupport_fastrtps_cpp.hpp
[1.424s] -- Up-to-date symlink: /home/focal/Desktop/2024_GroundStation/install/uav_car_interfaces/lib/libuav_car_interfaces__rosidl_typesupport_fastrtps_cpp.so
[1.425s] -- Up-to-date symlink: /home/focal/Desktop/2024_GroundStation/install/uav_car_interfaces/include/uav_car_interfaces/msg/detail/image_processor_data__rosidl_typesupport_introspection_c.h
[1.425s] -- Up-to-date symlink: /home/focal/Desktop/2024_GroundStation/install/uav_car_interfaces/include/uav_car_interfaces/msg/detail/t265_data__rosidl_typesupport_introspection_c.h
[1.425s] -- Up-to-date symlink: /home/focal/Desktop/2024_GroundStation/install/uav_car_interfaces/include/uav_car_interfaces/msg/rosidl_typesupport_introspection_c__visibility_control.h
[1.426s] -- Up-to-date symlink: /home/focal/Desktop/2024_GroundStation/install/uav_car_interfaces/include/uav_car_interfaces/srv/detail/control_service__rosidl_typesupport_introspection_c.h
[1.427s] -- Up-to-date symlink: /home/focal/Desktop/2024_GroundStation/install/uav_car_interfaces/include/uav_car_interfaces/msg/detail/image_processor_data__builder.hpp
[1.427s] -- Up-to-date symlink: /home/focal/Desktop/2024_GroundStation/install/uav_car_interfaces/include/uav_car_interfaces/msg/detail/image_processor_data__struct.hpp
[1.427s] -- Up-to-date symlink: /home/focal/Desktop/2024_GroundStation/install/uav_car_interfaces/include/uav_car_interfaces/msg/detail/image_processor_data__traits.hpp
[1.427s] -- Up-to-date symlink: /home/focal/Desktop/2024_GroundStation/install/uav_car_interfaces/include/uav_car_interfaces/msg/detail/image_processor_data__type_support.hpp
[1.427s] -- Up-to-date symlink: /home/focal/Desktop/2024_GroundStation/install/uav_car_interfaces/include/uav_car_interfaces/msg/detail/t265_data__builder.hpp
[1.428s] -- Up-to-date symlink: /home/focal/Desktop/2024_GroundStation/install/uav_car_interfaces/include/uav_car_interfaces/msg/detail/t265_data__struct.hpp
[1.428s] -- Up-to-date symlink: /home/focal/Desktop/2024_GroundStation/install/uav_car_interfaces/include/uav_car_interfaces/msg/detail/t265_data__traits.hpp
[1.428s] -- Up-to-date symlink: /home/focal/Desktop/2024_GroundStation/install/uav_car_interfaces/include/uav_car_interfaces/msg/detail/t265_data__type_support.hpp
[1.428s] -- Up-to-date symlink: /home/focal/Desktop/2024_GroundStation/install/uav_car_interfaces/include/uav_car_interfaces/msg/image_processor_data.hpp
[1.428s] -- Up-to-date symlink: /home/focal/Desktop/2024_GroundStation/install/uav_car_interfaces/include/uav_car_interfaces/msg/rosidl_generator_cpp__visibility_control.hpp
[1.429s] -- Up-to-date symlink: /home/focal/Desktop/2024_GroundStation/install/uav_car_interfaces/include/uav_car_interfaces/msg/t265_data.hpp
[1.429s] -- Up-to-date symlink: /home/focal/Desktop/2024_GroundStation/install/uav_car_interfaces/include/uav_car_interfaces/srv/control_service.hpp
[1.429s] -- Up-to-date symlink: /home/focal/Desktop/2024_GroundStation/install/uav_car_interfaces/include/uav_car_interfaces/srv/detail/control_service__builder.hpp
[1.429s] -- Up-to-date symlink: /home/focal/Desktop/2024_GroundStation/install/uav_car_interfaces/include/uav_car_interfaces/srv/detail/control_service__struct.hpp
[1.430s] -- Up-to-date symlink: /home/focal/Desktop/2024_GroundStation/install/uav_car_interfaces/include/uav_car_interfaces/srv/detail/control_service__traits.hpp
[1.430s] -- Up-to-date symlink: /home/focal/Desktop/2024_GroundStation/install/uav_car_interfaces/include/uav_car_interfaces/srv/detail/control_service__type_support.hpp
[1.431s] -- Up-to-date symlink: /home/focal/Desktop/2024_GroundStation/install/uav_car_interfaces/include/uav_car_interfaces/msg/detail/image_processor_data__rosidl_typesupport_introspection_cpp.hpp
[1.431s] -- Up-to-date symlink: /home/focal/Desktop/2024_GroundStation/install/uav_car_interfaces/include/uav_car_interfaces/msg/detail/t265_data__rosidl_typesupport_introspection_cpp.hpp
[1.431s] -- Up-to-date symlink: /home/focal/Desktop/2024_GroundStation/install/uav_car_interfaces/include/uav_car_interfaces/srv/detail/control_service__rosidl_typesupport_introspection_cpp.hpp
[1.432s] -- Up-to-date symlink: /home/focal/Desktop/2024_GroundStation/install/uav_car_interfaces/share/uav_car_interfaces/environment/pythonpath.sh
[1.432s] -- Up-to-date symlink: /home/focal/Desktop/2024_GroundStation/install/uav_car_interfaces/share/uav_car_interfaces/environment/pythonpath.dsv
[1.432s] -- Up-to-date symlink: /home/focal/Desktop/2024_GroundStation/install/uav_car_interfaces/lib/python3.8/site-packages/uav_car_interfaces/__init__.py
[1.433s] -- Up-to-date symlink: /home/focal/Desktop/2024_GroundStation/install/uav_car_interfaces/lib/python3.8/site-packages/uav_car_interfaces/msg/__init__.py
[1.434s] -- Up-to-date symlink: /home/focal/Desktop/2024_GroundStation/install/uav_car_interfaces/lib/python3.8/site-packages/uav_car_interfaces/msg/_image_processor_data.py
[1.434s] -- Up-to-date symlink: /home/focal/Desktop/2024_GroundStation/install/uav_car_interfaces/lib/python3.8/site-packages/uav_car_interfaces/msg/_t265_data.py
[1.434s] -- Up-to-date symlink: /home/focal/Desktop/2024_GroundStation/install/uav_car_interfaces/lib/python3.8/site-packages/uav_car_interfaces/srv/__init__.py
[1.434s] -- Up-to-date symlink: /home/focal/Desktop/2024_GroundStation/install/uav_car_interfaces/lib/python3.8/site-packages/uav_car_interfaces/srv/_control_service.py
[1.435s] -- Up-to-date symlink: /home/focal/Desktop/2024_GroundStation/install/uav_car_interfaces/lib/python3.8/site-packages/uav_car_interfaces/uav_car_interfaces_s__rosidl_typesupport_fastrtps_c.cpython-38-x86_64-linux-gnu.so
[1.437s] -- Up-to-date symlink: /home/focal/Desktop/2024_GroundStation/install/uav_car_interfaces/lib/python3.8/site-packages/uav_car_interfaces/uav_car_interfaces_s__rosidl_typesupport_introspection_c.cpython-38-x86_64-linux-gnu.so
[1.438s] -- Up-to-date symlink: /home/focal/Desktop/2024_GroundStation/install/uav_car_interfaces/lib/python3.8/site-packages/uav_car_interfaces/uav_car_interfaces_s__rosidl_typesupport_c.cpython-38-x86_64-linux-gnu.so
[1.439s] -- Up-to-date symlink: /home/focal/Desktop/2024_GroundStation/install/uav_car_interfaces/lib/libuav_car_interfaces__python.so
[1.439s] -- Up-to-date symlink: /home/focal/Desktop/2024_GroundStation/install/uav_car_interfaces/share/uav_car_interfaces/msg/T265Data.idl
[1.440s] -- Up-to-date symlink: /home/focal/Desktop/2024_GroundStation/install/uav_car_interfaces/share/uav_car_interfaces/msg/ImageProcessorData.idl
[1.440s] -- Up-to-date symlink: /home/focal/Desktop/2024_GroundStation/install/uav_car_interfaces/share/uav_car_interfaces/srv/ControlService.idl
[1.440s] -- Up-to-date symlink: /home/focal/Desktop/2024_GroundStation/install/uav_car_interfaces/share/uav_car_interfaces/msg/T265Data.msg
[1.440s] -- Up-to-date symlink: /home/focal/Desktop/2024_GroundStation/install/uav_car_interfaces/share/uav_car_interfaces/msg/ImageProcessorData.msg
[1.441s] -- Up-to-date symlink: /home/focal/Desktop/2024_GroundStation/install/uav_car_interfaces/share/uav_car_interfaces/srv/ControlService.srv
[1.441s] -- Up-to-date symlink: /home/focal/Desktop/2024_GroundStation/install/uav_car_interfaces/share/uav_car_interfaces/srv/ControlService_Request.msg
[1.441s] -- Up-to-date symlink: /home/focal/Desktop/2024_GroundStation/install/uav_car_interfaces/share/uav_car_interfaces/srv/ControlService_Response.msg
[1.441s] -- Up-to-date symlink: /home/focal/Desktop/2024_GroundStation/install/uav_car_interfaces/share/ament_index/resource_index/package_run_dependencies/uav_car_interfaces
[1.442s] -- Up-to-date symlink: /home/focal/Desktop/2024_GroundStation/install/uav_car_interfaces/share/ament_index/resource_index/parent_prefix_path/uav_car_interfaces
[1.442s] -- Up-to-date symlink: /home/focal/Desktop/2024_GroundStation/install/uav_car_interfaces/share/uav_car_interfaces/environment/ament_prefix_path.sh
[1.442s] -- Up-to-date symlink: /home/focal/Desktop/2024_GroundStation/install/uav_car_interfaces/share/uav_car_interfaces/environment/ament_prefix_path.dsv
[1.443s] -- Up-to-date symlink: /home/focal/Desktop/2024_GroundStation/install/uav_car_interfaces/share/uav_car_interfaces/environment/path.sh
[1.443s] -- Up-to-date symlink: /home/focal/Desktop/2024_GroundStation/install/uav_car_interfaces/share/uav_car_interfaces/environment/path.dsv
[1.443s] -- Up-to-date symlink: /home/focal/Desktop/2024_GroundStation/install/uav_car_interfaces/share/uav_car_interfaces/local_setup.bash
[1.444s] -- Up-to-date symlink: /home/focal/Desktop/2024_GroundStation/install/uav_car_interfaces/share/uav_car_interfaces/local_setup.sh
[1.444s] -- Up-to-date symlink: /home/focal/Desktop/2024_GroundStation/install/uav_car_interfaces/share/uav_car_interfaces/local_setup.zsh
[1.444s] -- Up-to-date symlink: /home/focal/Desktop/2024_GroundStation/install/uav_car_interfaces/share/uav_car_interfaces/local_setup.dsv
[1.444s] -- Symlinking: /home/focal/Desktop/2024_GroundStation/install/uav_car_interfaces/share/uav_car_interfaces/package.dsv
[1.458s] -- Up-to-date symlink: /home/focal/Desktop/2024_GroundStation/install/uav_car_interfaces/share/ament_index/resource_index/packages/uav_car_interfaces
[1.458s] -- Up-to-date symlink: /home/focal/Desktop/2024_GroundStation/install/uav_car_interfaces/share/uav_car_interfaces/cmake/rosidl_cmake-extras.cmake
[1.458s] -- Up-to-date symlink: /home/focal/Desktop/2024_GroundStation/install/uav_car_interfaces/share/uav_car_interfaces/cmake/ament_cmake_export_dependencies-extras.cmake
[1.458s] -- Up-to-date symlink: /home/focal/Desktop/2024_GroundStation/install/uav_car_interfaces/share/uav_car_interfaces/cmake/ament_cmake_export_libraries-extras.cmake
[1.459s] -- Up-to-date symlink: /home/focal/Desktop/2024_GroundStation/install/uav_car_interfaces/share/uav_car_interfaces/cmake/ament_cmake_export_targets-extras.cmake
[1.461s] -- Up-to-date symlink: /home/focal/Desktop/2024_GroundStation/install/uav_car_interfaces/share/uav_car_interfaces/cmake/ament_cmake_export_include_directories-extras.cmake
[1.461s] -- Up-to-date symlink: /home/focal/Desktop/2024_GroundStation/install/uav_car_interfaces/share/uav_car_interfaces/cmake/rosidl_cmake_export_typesupport_libraries-extras.cmake
[1.462s] -- Up-to-date symlink: /home/focal/Desktop/2024_GroundStation/install/uav_car_interfaces/share/uav_car_interfaces/cmake/rosidl_cmake_export_typesupport_targets-extras.cmake
[1.462s] -- Up-to-date symlink: /home/focal/Desktop/2024_GroundStation/install/uav_car_interfaces/share/uav_car_interfaces/cmake/uav_car_interfacesConfig.cmake
[1.462s] -- Up-to-date symlink: /home/focal/Desktop/2024_GroundStation/install/uav_car_interfaces/share/uav_car_interfaces/cmake/uav_car_interfacesConfig-version.cmake
[1.462s] -- Up-to-date symlink: /home/focal/Desktop/2024_GroundStation/install/uav_car_interfaces/share/uav_car_interfaces/package.xml
[1.467s] -- Up-to-date: /home/focal/Desktop/2024_GroundStation/install/uav_car_interfaces/lib/libuav_car_interfaces__rosidl_generator_c.so
[1.470s] -- Up-to-date: /home/focal/Desktop/2024_GroundStation/install/uav_car_interfaces/lib/libuav_car_interfaces__rosidl_typesupport_introspection_c.so
[1.471s] -- Up-to-date: /home/focal/Desktop/2024_GroundStation/install/uav_car_interfaces/lib/libuav_car_interfaces__rosidl_typesupport_c.so
[1.474s] -- Up-to-date: /home/focal/Desktop/2024_GroundStation/install/uav_car_interfaces/lib/libuav_car_interfaces__rosidl_typesupport_introspection_cpp.so
[1.476s] -- Up-to-date: /home/focal/Desktop/2024_GroundStation/install/uav_car_interfaces/lib/libuav_car_interfaces__rosidl_typesupport_cpp.so
[1.547s] -- Up-to-date: /home/focal/Desktop/2024_GroundStation/install/uav_car_interfaces/share/uav_car_interfaces/cmake/uav_car_interfaces__rosidl_generator_cExport.cmake
[1.548s] -- Up-to-date: /home/focal/Desktop/2024_GroundStation/install/uav_car_interfaces/share/uav_car_interfaces/cmake/uav_car_interfaces__rosidl_generator_cExport-noconfig.cmake
[1.549s] -- Up-to-date: /home/focal/Desktop/2024_GroundStation/install/uav_car_interfaces/share/uav_car_interfaces/cmake/uav_car_interfaces__rosidl_typesupport_introspection_cExport.cmake
[1.549s] -- Up-to-date: /home/focal/Desktop/2024_GroundStation/install/uav_car_interfaces/share/uav_car_interfaces/cmake/uav_car_interfaces__rosidl_typesupport_introspection_cExport-noconfig.cmake
[1.550s] -- Up-to-date: /home/focal/Desktop/2024_GroundStation/install/uav_car_interfaces/share/uav_car_interfaces/cmake/uav_car_interfaces__rosidl_typesupport_cExport.cmake
[1.550s] -- Up-to-date: /home/focal/Desktop/2024_GroundStation/install/uav_car_interfaces/share/uav_car_interfaces/cmake/uav_car_interfaces__rosidl_typesupport_cExport-noconfig.cmake
[1.551s] -- Up-to-date: /home/focal/Desktop/2024_GroundStation/install/uav_car_interfaces/share/uav_car_interfaces/cmake/uav_car_interfaces__rosidl_generator_cppExport.cmake
[1.553s] -- Up-to-date: /home/focal/Desktop/2024_GroundStation/install/uav_car_interfaces/share/uav_car_interfaces/cmake/uav_car_interfaces__rosidl_typesupport_introspection_cppExport.cmake
[1.553s] -- Up-to-date: /home/focal/Desktop/2024_GroundStation/install/uav_car_interfaces/share/uav_car_interfaces/cmake/uav_car_interfaces__rosidl_typesupport_introspection_cppExport-noconfig.cmake
[1.554s] -- Up-to-date: /home/focal/Desktop/2024_GroundStation/install/uav_car_interfaces/share/uav_car_interfaces/cmake/uav_car_interfaces__rosidl_typesupport_cppExport.cmake
[1.554s] -- Up-to-date: /home/focal/Desktop/2024_GroundStation/install/uav_car_interfaces/share/uav_car_interfaces/cmake/uav_car_interfaces__rosidl_typesupport_cppExport-noconfig.cmake
[1.560s] Invoked command in '/home/focal/Desktop/2024_GroundStation/build/uav_car_interfaces' returned '0': CMAKE_PREFIX_PATH=/opt/ros/foxy /usr/bin/cmake --install /home/focal/Desktop/2024_GroundStation/build/uav_car_interfaces
