1773472721.7499223 [INFO] [launch]: All log files can be found below /home/focal/Desktop/2024_GroundStation/run_log/2026-03-14-00-18-41-745359-ubuntu-5706
1773472721.7513089 [INFO] [launch]: Default logging verbosity is set to INFO
1773472721.8830130 [INFO] [logical-1]: process started with pid [5724]
1773472724.2121909 [logical-1] [INFO] [1773472724.211870752] [Ground]: ros2 node launch success:Ground!
1773472832.1456361 [logical-1] [INFO] [1773472832.145307130] [Ground]: takeoff 发送成功 → 飞行站已调用：takeoff服务
1773472833.0413189 [logical-1] [INFO] [1773472833.040953289] [Ground]: takeoff 发送成功 → 飞行站已调用：takeoff服务
1773472840.5787187 [logical-1] [INFO] [1773472840.578355748] [Ground]: 识别到QR码: 小铲子
1773472840.6480856 [logical-1] [INFO] [1773472840.647772567] [Ground]: 识别到QR码: 小铲子
1773472840.6544304 [logical-1] [INFO] [1773472840.654096173] [Ground]: 识别到QR码: 小铲子
1773472840.6853192 [logical-1] [INFO] [1773472840.685050188] [Ground]: 识别到QR码: 小铲子
1773472840.7292418 [logical-1] [INFO] [1773472840.728836387] [Ground]: 识别到QR码: 小铲子
1773472840.7513568 [logical-1] [INFO] [1773472840.751076929] [Ground]: 识别到QR码: 小铲子
1773472840.8130476 [logical-1] [INFO] [1773472840.812724351] [Ground]: 识别到QR码: 小铲子
1773472840.8475556 [logical-1] [INFO] [1773472840.847130682] [Ground]: 识别到QR码: 小铲子
1773472840.8796949 [logical-1] [INFO] [1773472840.879357967] [Ground]: 识别到QR码: 小铲子
1773472840.9519429 [logical-1] [INFO] [1773472840.951639366] [Ground]: 识别到QR码: 小铲子
1773472840.9777551 [logical-1] [INFO] [1773472840.977408580] [Ground]: 识别到QR码: 小铲子
1773472841.0491681 [logical-1] [INFO] [1773472841.048852728] [Ground]: 识别到QR码: 小铲子
1773472841.0773153 [logical-1] [INFO] [1773472841.077046564] [Ground]: 识别到QR码: 小铲子
1773472841.2434967 [logical-1] [INFO] [1773472841.243180651] [Ground]: 识别到QR码: 小铲子
1773472841.2974269 [logical-1] [INFO] [1773472841.297157678] [Ground]: 识别到QR码: 小铲子
1773472841.3939672 [logical-1] [INFO] [1773472841.393527081] [Ground]: 识别到QR码: 小铲子
1773472841.4126837 [logical-1] [INFO] [1773472841.412262022] [Ground]: 识别到QR码: 小铲子
1773472841.5614619 [logical-1] [INFO] [1773472841.561144421] [Ground]: 识别到QR码: 小铲子
1773472841.6809595 [logical-1] [INFO] [1773472841.680638654] [Ground]: 识别到QR码: 小铲子
1773472841.6927009 [logical-1] [INFO] [1773472841.692308264] [Ground]: 识别到QR码: 小铲子
1773472841.7367122 [logical-1] [INFO] [1773472841.736427796] [Ground]: 识别到QR码: 小铲子
1773472841.7544959 [logical-1] [INFO] [1773472841.754229941] [Ground]: 识别到QR码: 葵花种子
1773472841.7850950 [logical-1] [INFO] [1773472841.784725885] [Ground]: 识别到QR码: 小铲子
1773472841.8197842 [logical-1] [INFO] [1773472841.819400573] [Ground]: 识别到QR码: 小铲子
1773472841.8212929 [logical-1] [INFO] [1773472841.820945606] [Ground]: 识别到QR码: 葵花种子
1773472841.8538477 [logical-1] [INFO] [1773472841.853537959] [Ground]: 识别到QR码: 小铲子
1773472841.8546495 [logical-1] [INFO] [1773472841.854487580] [Ground]: 识别到QR码: 葵花种子
1773472841.8863928 [logical-1] [INFO] [1773472841.886078320] [Ground]: 识别到QR码: 小铲子
1773472841.9197371 [logical-1] [INFO] [1773472841.919450936] [Ground]: 识别到QR码: 小铲子
1773472841.9873979 [logical-1] [INFO] [1773472841.986995943] [Ground]: 识别到QR码: 葵花种子
1773472842.0209868 [logical-1] [INFO] [1773472842.020588699] [Ground]: 识别到QR码: 小铲子
1773472842.0225945 [logical-1] [INFO] [1773472842.022291666] [Ground]: 识别到QR码: 葵花种子
1773472842.0541852 [logical-1] [INFO] [1773472842.053755298] [Ground]: 识别到QR码: 小铲子
1773472842.0848784 [logical-1] [INFO] [1773472842.084524123] [Ground]: 识别到QR码: 小铲子
1773472842.0858088 [logical-1] [INFO] [1773472842.085488895] [Ground]: 识别到QR码: 葵花种子
1773472842.1181667 [logical-1] [INFO] [1773472842.117779118] [Ground]: 识别到QR码: 小铲子
1773472842.1202555 [logical-1] [INFO] [1773472842.119913367] [Ground]: 识别到QR码: 葵花种子
1773472842.1866779 [logical-1] [INFO] [1773472842.186398298] [Ground]: 识别到QR码: 小铲子
1773472842.1896136 [logical-1] [INFO] [1773472842.189367002] [Ground]: 识别到QR码: 小铲子
1773472842.1903389 [logical-1] [INFO] [1773472842.190221078] [Ground]: 识别到QR码: 葵花种子
1773472842.2214348 [logical-1] [INFO] [1773472842.221073244] [Ground]: 识别到QR码: 葵花种子
1773472842.2589025 [logical-1] [INFO] [1773472842.258634340] [Ground]: 识别到QR码: 葵花种子
1773472842.2597635 [logical-1] [INFO] [1773472842.259646060] [Ground]: 识别到QR码: 小铲子
1773472842.2875779 [logical-1] [INFO] [1773472842.287284126] [Ground]: 识别到QR码: 葵花种子
1773472842.3216608 [logical-1] [INFO] [1773472842.321365474] [Ground]: 识别到QR码: 小铲子
1773472842.3566666 [logical-1] [INFO] [1773472842.356328640] [Ground]: 识别到QR码: 小铲子
1773472842.3579006 [logical-1] [INFO] [1773472842.357681832] [Ground]: 识别到QR码: 葵花种子
1773472842.3880153 [logical-1] [INFO] [1773472842.387715362] [Ground]: 识别到QR码: 小铲子
1773472842.4244692 [logical-1] [INFO] [1773472842.424014488] [Ground]: 识别到QR码: 小铲子
1773472842.4249837 [logical-1] [INFO] [1773472842.424867509] [Ground]: 识别到QR码: 葵花种子
1773472842.4544592 [logical-1] [INFO] [1773472842.454079991] [Ground]: 识别到QR码: 小铲子
1773472842.4905598 [logical-1] [INFO] [1773472842.490172564] [Ground]: 识别到QR码: 小铲子
1773472842.4917421 [logical-1] [INFO] [1773472842.491556630] [Ground]: 识别到QR码: 葵花种子
1773472842.5218904 [logical-1] [INFO] [1773472842.521567792] [Ground]: 识别到QR码: 小铲子
1773472842.5876920 [logical-1] [INFO] [1773472842.587412258] [Ground]: 识别到QR码: 小铲子
1773472842.6228852 [logical-1] [INFO] [1773472842.622417681] [Ground]: 识别到QR码: 小铲子
1773472842.6907570 [logical-1] [INFO] [1773472842.690509676] [Ground]: 识别到QR码: 葵花种子
1773472842.7031744 [logical-1] [INFO] [1773472842.702813416] [Ground]: 识别到QR码: 小铲子
1773472842.7067947 [logical-1] [INFO] [1773472842.706438765] [Ground]: 识别到QR码: 小铲子
1773472842.7245543 [logical-1] [INFO] [1773472842.724214901] [Ground]: 识别到QR码: 小铲子
1773472842.7261395 [logical-1] [INFO] [1773472842.725763368] [Ground]: 识别到QR码: 葵花种子
1773472842.7689366 [logical-1] [INFO] [1773472842.768606938] [Ground]: 识别到QR码: 葵花种子
1773472842.7899623 [logical-1] [INFO] [1773472842.789678728] [Ground]: 识别到QR码: 葵花种子
1773472842.7908609 [logical-1] [INFO] [1773472842.790721305] [Ground]: 识别到QR码: 小铲子
1773472842.8275595 [logical-1] [INFO] [1773472842.827187771] [Ground]: 识别到QR码: 小铲子
1773472842.8742208 [logical-1] [INFO] [1773472842.873898782] [Ground]: 识别到QR码: 小铲子
1773472842.9266520 [logical-1] [INFO] [1773472842.926234626] [Ground]: 识别到QR码: 葵花种子
1773472842.9594648 [logical-1] [INFO] [1773472842.958531483] [Ground]: 识别到QR码: 小铲子
1773472842.9611723 [logical-1] [INFO] [1773472842.960919748] [Ground]: 识别到QR码: 葵花种子
1773472842.9926109 [logical-1] [INFO] [1773472842.992240951] [Ground]: 识别到QR码: 小铲子
1773472843.0268707 [logical-1] [INFO] [1773472843.026514134] [Ground]: 识别到QR码: 小铲子
1773472843.0586181 [logical-1] [INFO] [1773472843.058208414] [Ground]: 识别到QR码: 小铲子
1773472843.0629082 [logical-1] [INFO] [1773472843.062655344] [Ground]: 识别到QR码: 葵花种子
1773472843.0940161 [logical-1] [INFO] [1773472843.093711793] [Ground]: 识别到QR码: 葵花种子
1773472843.0948353 [logical-1] [INFO] [1773472843.094664151] [Ground]: 识别到QR码: 小铲子
1773472843.1348066 [logical-1] [INFO] [1773472843.134443711] [Ground]: 识别到QR码: 小铲子
1773472843.1591532 [logical-1] [INFO] [1773472843.158660979] [Ground]: 识别到QR码: 葵花种子
1773472843.1602924 [logical-1] [INFO] [1773472843.160137533] [Ground]: 识别到QR码: 小铲子
1773472843.2170498 [logical-1] [INFO] [1773472843.216547305] [Ground]: 识别到QR码: 小铲子
1773472843.2682493 [logical-1] [INFO] [1773472843.267879159] [Ground]: 识别到QR码: 小铲子
1773472843.3042796 [logical-1] [INFO] [1773472843.303963672] [Ground]: 识别到QR码: 葵花种子
1773472843.3058393 [logical-1] [INFO] [1773472843.305541028] [Ground]: 识别到QR码: 小铲子
1773472843.3420513 [logical-1] [INFO] [1773472843.341532242] [Ground]: 识别到QR码: 葵花种子
1773472843.3682463 [logical-1] [INFO] [1773472843.367942854] [Ground]: 识别到QR码: 小铲子
1773472843.4026003 [logical-1] [INFO] [1773472843.402229950] [Ground]: 识别到QR码: 小铲子
1773472843.4486682 [logical-1] [INFO] [1773472843.448359207] [Ground]: 识别到QR码: 葵花种子
1773472843.4524767 [logical-1] [INFO] [1773472843.452191109] [Ground]: 识别到QR码: 小铲子
1773472843.4751139 [logical-1] [INFO] [1773472843.474721696] [Ground]: 识别到QR码: 葵花种子
1773472843.5067906 [logical-1] [INFO] [1773472843.506380419] [Ground]: 识别到QR码: 葵花种子
1773472843.5415857 [logical-1] [INFO] [1773472843.541262781] [Ground]: 识别到QR码: 葵花种子
1773472843.5750592 [logical-1] [INFO] [1773472843.574756166] [Ground]: 识别到QR码: 小铲子
1773472843.5761375 [logical-1] [INFO] [1773472843.575959054] [Ground]: 识别到QR码: 葵花种子
1773472843.6089277 [logical-1] [INFO] [1773472843.608630853] [Ground]: 识别到QR码: 小铲子
1773472843.6474319 [logical-1] [INFO] [1773472843.647078174] [Ground]: 识别到QR码: 小铲子
1773472843.7402089 [logical-1] [INFO] [1773472843.739869639] [Ground]: 识别到QR码: 小铲子
1773472843.7443709 [logical-1] [INFO] [1773472843.744048885] [Ground]: 识别到QR码: 小铲子
1773472843.7460599 [logical-1] [INFO] [1773472843.745755780] [Ground]: 识别到QR码: 小铲子
1773472843.7776012 [logical-1] [INFO] [1773472843.777288668] [Ground]: 识别到QR码: 小铲子
1773472843.7785079 [logical-1] [INFO] [1773472843.778277865] [Ground]: 识别到QR码: 葵花种子
1773472843.8136005 [logical-1] [INFO] [1773472843.813285799] [Ground]: 识别到QR码: 小铲子
1773472843.8533516 [logical-1] [INFO] [1773472843.853063744] [Ground]: 识别到QR码: 小铲子
1773472843.8800585 [logical-1] [INFO] [1773472843.879748056] [Ground]: 识别到QR码: 小铲子
1773472843.9165423 [logical-1] [INFO] [1773472843.916145144] [Ground]: 识别到QR码: 小铲子
1773472843.9173095 [logical-1] [INFO] [1773472843.917064506] [Ground]: 识别到QR码: 葵花种子
1773472843.9503083 [logical-1] [INFO] [1773472843.950024003] [Ground]: 识别到QR码: 小铲子
1773472843.9832227 [logical-1] [INFO] [1773472843.982859753] [Ground]: 识别到QR码: 葵花种子
1773472844.0583222 [logical-1] [INFO] [1773472844.058020711] [Ground]: 识别到QR码: 小铲子
1773472844.0789285 [logical-1] [INFO] [1773472844.078623977] [Ground]: 识别到QR码: 小铲子
1773472844.0806317 [logical-1] [INFO] [1773472844.080320967] [Ground]: 识别到QR码: 葵花种子
1773472844.1151795 [logical-1] [INFO] [1773472844.114790175] [Ground]: 识别到QR码: 小铲子
1773472844.1163080 [logical-1] [INFO] [1773472844.116021180] [Ground]: 识别到QR码: 葵花种子
1773472844.1499963 [logical-1] [INFO] [1773472844.149692799] [Ground]: 识别到QR码: 小铲子
1773472844.2355211 [logical-1] [INFO] [1773472844.235189343] [Ground]: 识别到QR码: 小铲子
1773472844.2517724 [logical-1] [INFO] [1773472844.251493131] [Ground]: 识别到QR码: 葵花种子
1773472844.2528574 [logical-1] [INFO] [1773472844.252620287] [Ground]: 识别到QR码: 小铲子
1773472844.2938638 [logical-1] [INFO] [1773472844.293110255] [Ground]: 识别到QR码: 小铲子
1773472844.3183298 [logical-1] [INFO] [1773472844.317983216] [Ground]: 识别到QR码: 小铲子
1773472844.3633242 [logical-1] [INFO] [1773472844.362857848] [Ground]: 识别到QR码: 小铲子
1773472844.3643835 [logical-1] [INFO] [1773472844.364138974] [Ground]: 识别到QR码: 葵花种子
1773472844.4123292 [logical-1] [INFO] [1773472844.411996488] [Ground]: 识别到QR码: 小铲子
1773472844.4143569 [logical-1] [INFO] [1773472844.413820962] [Ground]: 识别到QR码: 葵花种子
1773472844.4433136 [logical-1] [INFO] [1773472844.442832377] [Ground]: 识别到QR码: 小铲子
1773472844.4767163 [logical-1] [INFO] [1773472844.476417107] [Ground]: 识别到QR码: 葵花种子
1773472844.5095534 [logical-1] [INFO] [1773472844.509062240] [Ground]: 识别到QR码: 小铲子
1773472844.5858924 [logical-1] [INFO] [1773472844.585548855] [Ground]: 识别到QR码: 小铲子
1773472844.5932944 [logical-1] [INFO] [1773472844.592880438] [Ground]: 识别到QR码: 葵花种子
1773472844.6987455 [logical-1] [INFO] [1773472844.698311850] [Ground]: 识别到QR码: 葵花种子
1773472844.7257121 [logical-1] [INFO] [1773472844.724813054] [Ground]: 识别到QR码: 小铲子
1773472844.7382710 [logical-1] [INFO] [1773472844.737939444] [Ground]: 识别到QR码: 葵花种子
1773472844.7491837 [logical-1] [INFO] [1773472844.748900932] [Ground]: 识别到QR码: 小铲子
1773472844.8194952 [logical-1] [INFO] [1773472844.819057627] [Ground]: 识别到QR码: 葵花种子
1773472844.8314440 [logical-1] [INFO] [1773472844.831151950] [Ground]: 识别到QR码: 小铲子
1773472844.8469350 [logical-1] [INFO] [1773472844.846644322] [Ground]: 识别到QR码: 葵花种子
1773472844.8955927 [logical-1] [INFO] [1773472844.895220824] [Ground]: 识别到QR码: 葵花种子
1773472844.8973446 [logical-1] [INFO] [1773472844.896997188] [Ground]: 识别到QR码: 小铲子
1773472844.9142771 [logical-1] [INFO] [1773472844.913917138] [Ground]: 识别到QR码: 小铲子
1773472844.9154406 [logical-1] [INFO] [1773472844.915148991] [Ground]: 识别到QR码: 葵花种子
1773472844.9572856 [logical-1] [INFO] [1773472844.956976888] [Ground]: 识别到QR码: 小铲子
1773472844.9814606 [logical-1] [INFO] [1773472844.981018072] [Ground]: 识别到QR码: 小铲子
1773472845.0137775 [logical-1] [INFO] [1773472845.013413431] [Ground]: 识别到QR码: 小铲子
1773472845.0533464 [logical-1] [INFO] [1773472845.052876446] [Ground]: 识别到QR码: 小铲子
1773472845.0842297 [logical-1] [INFO] [1773472845.083820117] [Ground]: 识别到QR码: 葵花种子
1773472845.0860496 [logical-1] [INFO] [1773472845.085785575] [Ground]: 识别到QR码: 小铲子
1773472845.1471636 [logical-1] [INFO] [1773472845.146825654] [Ground]: 识别到QR码: 葵花种子
1773472845.1764715 [logical-1] [INFO] [1773472845.176128112] [Ground]: 识别到QR码: 小铲子
1773472845.2325821 [logical-1] [INFO] [1773472845.232168576] [Ground]: 识别到QR码: 小铲子
1773472845.2644072 [logical-1] [INFO] [1773472845.264125524] [Ground]: 识别到QR码: 小铲子
1773472845.2759442 [logical-1] [INFO] [1773472845.275639061] [Ground]: 识别到QR码: 小铲子
1773472845.3430462 [logical-1] [INFO] [1773472845.342643430] [Ground]: 识别到QR码: 葵花种子
1773472845.3451381 [logical-1] [INFO] [1773472845.344830758] [Ground]: 识别到QR码: 小铲子
1773472845.3826990 [logical-1] [INFO] [1773472845.382314283] [Ground]: 识别到QR码: 葵花种子
1773472845.3845580 [logical-1] [INFO] [1773472845.384274018] [Ground]: 识别到QR码: 小铲子
1773472845.4309192 [logical-1] [INFO] [1773472845.430589163] [Ground]: 识别到QR码: 小铲子
1773472845.4520431 [logical-1] [INFO] [1773472845.451728449] [Ground]: 识别到QR码: 小铲子
1773472845.4532766 [logical-1] [INFO] [1773472845.452946215] [Ground]: 识别到QR码: 葵花种子
1773472845.5544453 [logical-1] [INFO] [1773472845.554055396] [Ground]: 识别到QR码: 小铲子
1773472845.5858142 [logical-1] [INFO] [1773472845.585460125] [Ground]: 识别到QR码: 小铲子
1773472845.6565273 [logical-1] [INFO] [1773472845.656207701] [Ground]: 识别到QR码: 小铲子
1773472845.7194831 [logical-1] [INFO] [1773472845.719021584] [Ground]: 识别到QR码: 小铲子
1773472845.7727768 [logical-1] [INFO] [1773472845.772373423] [Ground]: 识别到QR码: 小铲子
1773472845.7885525 [logical-1] [INFO] [1773472845.788271843] [Ground]: 识别到QR码: 小铲子
1773472845.7896855 [logical-1] [INFO] [1773472845.789453985] [Ground]: 识别到QR码: 葵花种子
1773472845.8571811 [logical-1] [INFO] [1773472845.856776782] [Ground]: 识别到QR码: 小铲子
1773472845.8985503 [logical-1] [INFO] [1773472845.898069308] [Ground]: 识别到QR码: 葵花种子
1773472845.9226091 [logical-1] [INFO] [1773472845.922282479] [Ground]: 识别到QR码: 葵花种子
1773472845.9240327 [logical-1] [INFO] [1773472845.923754101] [Ground]: 识别到QR码: 小铲子
1773472845.9579625 [logical-1] [INFO] [1773472845.957598077] [Ground]: 识别到QR码: 葵花种子
1773472845.9913909 [logical-1] [INFO] [1773472845.991019873] [Ground]: 识别到QR码: 葵花种子
1773472846.0253692 [logical-1] [INFO] [1773472846.024931787] [Ground]: 识别到QR码: 葵花种子
1773472846.0268235 [logical-1] [INFO] [1773472846.026510961] [Ground]: 识别到QR码: 小铲子
1773472846.0611017 [logical-1] [INFO] [1773472846.060736900] [Ground]: 识别到QR码: 葵花种子
1773472846.0625618 [logical-1] [INFO] [1773472846.062205112] [Ground]: 识别到QR码: 小铲子
1773472846.1261642 [logical-1] [INFO] [1773472846.125819696] [Ground]: 识别到QR码: 小铲子
1773472846.1584971 [logical-1] [INFO] [1773472846.158099901] [Ground]: 识别到QR码: 小铲子
1773472846.1900449 [logical-1] [INFO] [1773472846.189726824] [Ground]: 识别到QR码: 小铲子
1773472846.1916194 [logical-1] [INFO] [1773472846.191309054] [Ground]: 识别到QR码: 葵花种子
1773472846.2246704 [logical-1] [INFO] [1773472846.224304951] [Ground]: 识别到QR码: 小铲子
1773472846.2259114 [logical-1] [INFO] [1773472846.225636905] [Ground]: 识别到QR码: 葵花种子
1773472846.2629745 [logical-1] [INFO] [1773472846.262556716] [Ground]: 识别到QR码: 小铲子
1773472846.3039138 [logical-1] [INFO] [1773472846.303456628] [Ground]: 识别到QR码: 小铲子
1773472846.3617098 [logical-1] [INFO] [1773472846.361179887] [Ground]: 识别到QR码: 小铲子
1773472846.3938129 [logical-1] [INFO] [1773472846.393451192] [Ground]: 识别到QR码: 小铲子
1773472846.4270811 [logical-1] [INFO] [1773472846.426744282] [Ground]: 识别到QR码: 小铲子
1773472846.4975784 [logical-1] [INFO] [1773472846.497247686] [Ground]: 识别到QR码: 小铲子
1773472846.5493474 [logical-1] [INFO] [1773472846.549029270] [Ground]: 识别到QR码: 葵花种子
1773472846.5503452 [logical-1] [INFO] [1773472846.550115078] [Ground]: 识别到QR码: 小铲子
1773472846.5738776 [logical-1] [INFO] [1773472846.573453158] [Ground]: 识别到QR码: 葵花种子
1773472846.6286769 [logical-1] [INFO] [1773472846.628126199] [Ground]: 识别到QR码: 小铲子
1773472846.7247925 [logical-1] [INFO] [1773472846.724404748] [Ground]: 识别到QR码: 葵花种子
1773472846.7879596 [logical-1] [INFO] [1773472846.787585916] [Ground]: 识别到QR码: 小铲子
1773472846.7963603 [logical-1] [INFO] [1773472846.795985633] [Ground]: 识别到QR码: 葵花种子
1773472846.8831995 [logical-1] [INFO] [1773472846.882840639] [Ground]: 识别到QR码: 小铲子
1773472846.8839447 [logical-1] [INFO] [1773472846.883773604] [Ground]: 识别到QR码: 葵花种子
1773472846.9178815 [logical-1] [INFO] [1773472846.917436195] [Ground]: 识别到QR码: 葵花种子
1773472846.9457841 [logical-1] [INFO] [1773472846.945484782] [Ground]: 识别到QR码: 小铲子
1773472847.0845473 [logical-1] [INFO] [1773472847.084203656] [Ground]: 识别到QR码: 小铲子
1773472847.1540835 [logical-1] [INFO] [1773472847.153746523] [Ground]: 识别到QR码: 小铲子
1773472847.1551669 [logical-1] [INFO] [1773472847.154977372] [Ground]: 识别到QR码: 葵花种子
1773472847.2549675 [logical-1] [INFO] [1773472847.254603875] [Ground]: 识别到QR码: 小铲子
1773472847.2563915 [logical-1] [INFO] [1773472847.256095935] [Ground]: 识别到QR码: 葵花种子
1773472847.3123846 [logical-1] [INFO] [1773472847.312045253] [Ground]: 识别到QR码: 小铲子
1773472847.3138688 [logical-1] [INFO] [1773472847.313610769] [Ground]: 识别到QR码: 葵花种子
1773472847.4493670 [logical-1] [INFO] [1773472847.449032766] [Ground]: 识别到QR码: 小铲子
1773472847.4508810 [logical-1] [INFO] [1773472847.450633811] [Ground]: 识别到QR码: 葵花种子
1773472847.4889231 [logical-1] [INFO] [1773472847.488512701] [Ground]: 识别到QR码: 葵花种子
1773472847.5205047 [logical-1] [INFO] [1773472847.520157954] [Ground]: 识别到QR码: 葵花种子
1773472847.5213170 [logical-1] [INFO] [1773472847.521086503] [Ground]: 识别到QR码: 小铲子
1773472847.6603377 [logical-1] [INFO] [1773472847.659981693] [Ground]: 识别到QR码: 小铲子
1773472847.6903467 [logical-1] [INFO] [1773472847.689878797] [Ground]: 识别到QR码: 葵花种子
1773472847.7225342 [logical-1] [INFO] [1773472847.722201463] [Ground]: 识别到QR码: 小铲子
1773472847.7551558 [logical-1] [INFO] [1773472847.754767510] [Ground]: 识别到QR码: 小铲子
1773472847.7564740 [logical-1] [INFO] [1773472847.756224235] [Ground]: 识别到QR码: 葵花种子
1773472847.8008425 [logical-1] [INFO] [1773472847.800554995] [Ground]: 识别到QR码: 小铲子
1773472847.8821483 [logical-1] [INFO] [1773472847.881608047] [Ground]: 识别到QR码: 小铲子
1773472848.0003417 [logical-1] [INFO] [1773472848.000042009] [Ground]: 识别到QR码: 小铲子
1773472848.1528826 [logical-1] [INFO] [1773472848.152503666] [Ground]: 识别到QR码: 葵花种子
1773472848.1554954 [logical-1] [INFO] [1773472848.154942504] [Ground]: 识别到QR码: 小铲子
1773472848.1937194 [logical-1] [INFO] [1773472848.193277040] [Ground]: 识别到QR码: 小铲子
1773472848.2251220 [logical-1] [INFO] [1773472848.224777672] [Ground]: 识别到QR码: 葵花种子
1773472848.2607484 [logical-1] [INFO] [1773472848.260432453] [Ground]: 识别到QR码: 小铲子
1773472848.3340795 [logical-1] [INFO] [1773472848.333564424] [Ground]: 识别到QR码: 小铲子
1773472848.3386002 [logical-1] [INFO] [1773472848.338254369] [Ground]: 识别到QR码: 葵花种子
1773472848.4017906 [logical-1] [INFO] [1773472848.401388455] [Ground]: 识别到QR码: 小铲子
1773472848.4223197 [logical-1] [INFO] [1773472848.421887744] [Ground]: 识别到QR码: 葵花种子
1773472848.4595840 [logical-1] [INFO] [1773472848.459279850] [Ground]: 识别到QR码: 小铲子
1773472848.5344689 [logical-1] [INFO] [1773472848.534079843] [Ground]: 识别到QR码: 小铲子
1773472848.5360675 [logical-1] [INFO] [1773472848.535778642] [Ground]: 识别到QR码: 葵花种子
1773472848.5648293 [logical-1] [INFO] [1773472848.564512358] [Ground]: 识别到QR码: 葵花种子
1773472848.6284404 [logical-1] [INFO] [1773472848.628079883] [Ground]: 识别到QR码: 小铲子
1773472848.6596916 [logical-1] [INFO] [1773472848.658500103] [Ground]: 识别到QR码: 葵花种子
1773472848.6953952 [logical-1] [INFO] [1773472848.695070065] [Ground]: 识别到QR码: 葵花种子
1773472848.7239728 [logical-1] [INFO] [1773472848.723519591] [Ground]: 识别到QR码: 葵花种子
1773472848.7613420 [logical-1] [INFO] [1773472848.760860336] [Ground]: 识别到QR码: 小铲子
1773472848.7624822 [logical-1] [INFO] [1773472848.762243931] [Ground]: 识别到QR码: 葵花种子
1773472848.8007801 [logical-1] [INFO] [1773472848.800398118] [Ground]: 识别到QR码: 小铲子
1773472848.8019757 [logical-1] [INFO] [1773472848.801746140] [Ground]: 识别到QR码: 葵花种子
1773472848.8627992 [logical-1] [INFO] [1773472848.862469712] [Ground]: 识别到QR码: 葵花种子
1773472848.9047205 [logical-1] [INFO] [1773472848.904305923] [Ground]: 识别到QR码: 葵花种子
1773472848.9257989 [logical-1] [INFO] [1773472848.925372411] [Ground]: 识别到QR码: 小铲子
1773472848.9269798 [logical-1] [INFO] [1773472848.926736032] [Ground]: 识别到QR码: 葵花种子
1773472848.9715576 [logical-1] [INFO] [1773472848.971137963] [Ground]: 识别到QR码: 葵花种子
1773472848.9737816 [logical-1] [INFO] [1773472848.973408898] [Ground]: 识别到QR码: 小铲子
1773472848.9970088 [logical-1] [INFO] [1773472848.996682922] [Ground]: 识别到QR码: 小铲子
1773472849.0462718 [logical-1] [INFO] [1773472849.045944079] [Ground]: 识别到QR码: 小铲子
1773472849.0678608 [logical-1] [INFO] [1773472849.067419670] [Ground]: 识别到QR码: 葵花种子
1773472849.0692716 [logical-1] [INFO] [1773472849.068980399] [Ground]: 识别到QR码: 小铲子
1773472849.1345565 [logical-1] [INFO] [1773472849.134222020] [Ground]: 识别到QR码: 小铲子
1773472849.1354361 [logical-1] [INFO] [1773472849.135252520] [Ground]: 识别到QR码: 葵花种子
1773472849.1642964 [logical-1] [INFO] [1773472849.163751980] [Ground]: 识别到QR码: 葵花种子
1773472849.1654444 [logical-1] [INFO] [1773472849.165206144] [Ground]: 识别到QR码: 小铲子
1773472849.1932466 [logical-1] [INFO] [1773472849.192832547] [Ground]: 识别到QR码: 小铲子
1773472849.1942122 [logical-1] [INFO] [1773472849.193992328] [Ground]: 识别到QR码: 葵花种子
1773472849.2515469 [logical-1] [INFO] [1773472849.251204812] [Ground]: 识别到QR码: 小铲子
1773472849.2721572 [logical-1] [INFO] [1773472849.271658095] [Ground]: 识别到QR码: 葵花种子
1773472849.2742870 [logical-1] [INFO] [1773472849.273961445] [Ground]: 识别到QR码: 小铲子
1773472849.3040998 [logical-1] [INFO] [1773472849.303744887] [Ground]: 识别到QR码: 小铲子
1773472849.3332903 [logical-1] [INFO] [1773472849.332801660] [Ground]: 识别到QR码: 小铲子
1773472849.4400654 [logical-1] [INFO] [1773472849.439530393] [Ground]: 识别到QR码: 小铲子
1773472849.4441402 [logical-1] [INFO] [1773472849.443863257] [Ground]: 识别到QR码: 葵花种子
1773472849.4460173 [logical-1] [INFO] [1773472849.445713149] [Ground]: 识别到QR码: 小铲子
1773472849.4700093 [logical-1] [INFO] [1773472849.469583800] [Ground]: 识别到QR码: 小铲子
1773472849.4779274 [logical-1] [INFO] [1773472849.477520869] [Ground]: 识别到QR码: 葵花种子
1773472849.5303779 [logical-1] [INFO] [1773472849.529923730] [Ground]: 识别到QR码: 小铲子
1773472849.5316453 [logical-1] [INFO] [1773472849.531405824] [Ground]: 识别到QR码: 葵花种子
1773472849.5686848 [logical-1] [INFO] [1773472849.568407756] [Ground]: 识别到QR码: 小铲子
1773472849.5709486 [logical-1] [INFO] [1773472849.570588283] [Ground]: 识别到QR码: 葵花种子
1773472849.6023543 [logical-1] [INFO] [1773472849.602057066] [Ground]: 识别到QR码: 小铲子
1773472849.6305768 [logical-1] [INFO] [1773472849.630233565] [Ground]: 识别到QR码: 葵花种子
1773472849.6317668 [logical-1] [INFO] [1773472849.631475829] [Ground]: 识别到QR码: 小铲子
1773472849.7010880 [logical-1] [INFO] [1773472849.700768605] [Ground]: 识别到QR码: 小铲子
1773472849.7024369 [logical-1] [INFO] [1773472849.702164813] [Ground]: 识别到QR码: 葵花种子
1773472849.7351542 [logical-1] [INFO] [1773472849.734842586] [Ground]: 识别到QR码: 小铲子
1773472849.7675843 [logical-1] [INFO] [1773472849.767250546] [Ground]: 识别到QR码: 小铲子
1773472849.7687521 [logical-1] [INFO] [1773472849.768546254] [Ground]: 识别到QR码: 葵花种子
1773472849.7977970 [logical-1] [INFO] [1773472849.797495435] [Ground]: 识别到QR码: 小铲子
1773472849.8574526 [logical-1] [INFO] [1773472849.857141770] [Ground]: 识别到QR码: 葵花种子
1773472849.8591337 [logical-1] [INFO] [1773472849.858712634] [Ground]: 识别到QR码: 小铲子
1773472849.8719516 [logical-1] [INFO] [1773472849.871557425] [Ground]: 识别到QR码: 葵花种子
1773472849.8743699 [logical-1] [INFO] [1773472849.874074071] [Ground]: 识别到QR码: 小铲子
1773472849.9244556 [logical-1] [INFO] [1773472849.924123306] [Ground]: 识别到QR码: 小铲子
1773472849.9362004 [logical-1] [INFO] [1773472849.935754593] [Ground]: 识别到QR码: 小铲子
1773472849.9674830 [logical-1] [INFO] [1773472849.967035339] [Ground]: 识别到QR码: 葵花种子
1773472849.9688325 [logical-1] [INFO] [1773472849.968450343] [Ground]: 识别到QR码: 小铲子
1773472850.0372903 [logical-1] [INFO] [1773472850.036939445] [Ground]: 识别到QR码: 小铲子
1773472850.0423496 [logical-1] [INFO] [1773472850.042047513] [Ground]: 识别到QR码: 葵花种子
1773472850.0723665 [logical-1] [INFO] [1773472850.072006936] [Ground]: 识别到QR码: 小铲子
1773472850.1056201 [logical-1] [INFO] [1773472850.105190395] [Ground]: 识别到QR码: 葵花种子
1773472850.1072319 [logical-1] [INFO] [1773472850.106921409] [Ground]: 识别到QR码: 小铲子
1773472850.1336784 [logical-1] [INFO] [1773472850.133379607] [Ground]: 识别到QR码: 葵花种子
1773472850.1756887 [logical-1] [INFO] [1773472850.175225012] [Ground]: 识别到QR码: 小铲子
1773472850.1769693 [logical-1] [INFO] [1773472850.176763825] [Ground]: 识别到QR码: 葵花种子
1773472850.2067027 [logical-1] [INFO] [1773472850.206273723] [Ground]: 识别到QR码: 小铲子
1773472850.2084525 [logical-1] [INFO] [1773472850.208201587] [Ground]: 识别到QR码: 葵花种子
1773472850.2364173 [logical-1] [INFO] [1773472850.235950981] [Ground]: 识别到QR码: 葵花种子
1773472850.2373214 [logical-1] [INFO] [1773472850.236949127] [Ground]: 识别到QR码: 小铲子
1773472850.2732589 [logical-1] [INFO] [1773472850.272728920] [Ground]: 识别到QR码: 小铲子
1773472850.2756832 [logical-1] [INFO] [1773472850.275357433] [Ground]: 识别到QR码: 葵花种子
1773472850.3024290 [logical-1] [INFO] [1773472850.301782299] [Ground]: 识别到QR码: 小铲子
1773472850.3034453 [logical-1] [INFO] [1773472850.302865704] [Ground]: 识别到QR码: 葵花种子
1773472850.3396909 [logical-1] [INFO] [1773472850.339187816] [Ground]: 识别到QR码: 小铲子
1773472850.3567812 [logical-1] [INFO] [1773472850.356350951] [Ground]: 识别到QR码: 葵花种子
1773472850.3905542 [logical-1] [INFO] [1773472850.390167638] [Ground]: 识别到QR码: 小铲子
1773472850.3927498 [logical-1] [INFO] [1773472850.392408536] [Ground]: 识别到QR码: 葵花种子
1773472850.4028072 [logical-1] [INFO] [1773472850.401584093] [Ground]: 识别到QR码: 小铲子
1773472850.4069128 [logical-1] [INFO] [1773472850.406404249] [Ground]: 识别到QR码: 葵花种子
1773472850.4413371 [logical-1] [INFO] [1773472850.440688405] [Ground]: 识别到QR码: 小铲子
1773472850.4686637 [logical-1] [INFO] [1773472850.468208929] [Ground]: 识别到QR码: 小铲子
1773472850.4706883 [logical-1] [INFO] [1773472850.470333290] [Ground]: 识别到QR码: 葵花种子
1773472850.5106840 [logical-1] [INFO] [1773472850.510235214] [Ground]: 识别到QR码: 小铲子
1773472850.5119941 [logical-1] [INFO] [1773472850.511733315] [Ground]: 识别到QR码: 葵花种子
1773472850.5417900 [logical-1] [INFO] [1773472850.541356414] [Ground]: 识别到QR码: 小铲子
1773472850.5440123 [logical-1] [INFO] [1773472850.543636816] [Ground]: 识别到QR码: 葵花种子
1773472850.5704129 [logical-1] [INFO] [1773472850.569827483] [Ground]: 识别到QR码: 葵花种子
1773472850.5715356 [logical-1] [INFO] [1773472850.571109183] [Ground]: 识别到QR码: 小铲子
1773472850.6111500 [logical-1] [INFO] [1773472850.610701738] [Ground]: 识别到QR码: 小铲子
1773472850.6122460 [logical-1] [INFO] [1773472850.611976809] [Ground]: 识别到QR码: 葵花种子
1773472850.6408556 [logical-1] [INFO] [1773472850.640537760] [Ground]: 识别到QR码: 葵花种子
1773472850.6420279 [logical-1] [INFO] [1773472850.641890261] [Ground]: 识别到QR码: 小铲子
1773472850.6747494 [logical-1] [INFO] [1773472850.674409404] [Ground]: 识别到QR码: 葵花种子
1773472850.6815667 [logical-1] [INFO] [1773472850.681246945] [Ground]: 识别到QR码: 小铲子
1773472850.7057431 [logical-1] [INFO] [1773472850.705311885] [Ground]: 识别到QR码: 小铲子
1773472850.7072208 [logical-1] [INFO] [1773472850.706902765] [Ground]: 识别到QR码: 葵花种子
1773472850.7370586 [logical-1] [INFO] [1773472850.736755860] [Ground]: 识别到QR码: 葵花种子
1773472850.7905574 [logical-1] [INFO] [1773472850.790087098] [Ground]: 识别到QR码: 小铲子
1773472850.7954190 [logical-1] [INFO] [1773472850.794908440] [Ground]: 识别到QR码: 葵花种子
1773472850.8075511 [logical-1] [INFO] [1773472850.807204845] [Ground]: 识别到QR码: 葵花种子
1773472850.8089128 [logical-1] [INFO] [1773472850.808614153] [Ground]: 识别到QR码: 小铲子
1773472850.8512018 [logical-1] [INFO] [1773472850.850735020] [Ground]: 识别到QR码: 小铲子
1773472850.8538768 [logical-1] [INFO] [1773472850.852674401] [Ground]: 识别到QR码: 葵花种子
1773472850.8997157 [logical-1] [INFO] [1773472850.899423660] [Ground]: 识别到QR码: 小铲子
1773472850.9113410 [logical-1] [INFO] [1773472850.910953728] [Ground]: 识别到QR码: 小铲子
1773472850.9726467 [logical-1] [INFO] [1773472850.972358130] [Ground]: 识别到QR码: 小铲子
1773472850.9804666 [logical-1] [INFO] [1773472850.980163152] [Ground]: 识别到QR码: 小铲子
1773472851.0108547 [logical-1] [INFO] [1773472851.010404240] [Ground]: 识别到QR码: 小铲子
1773472851.0136745 [logical-1] [INFO] [1773472851.013422285] [Ground]: 识别到QR码: 葵花种子
1773472851.0425034 [logical-1] [INFO] [1773472851.042110738] [Ground]: 识别到QR码: 小铲子
1773472851.0439637 [logical-1] [INFO] [1773472851.043547378] [Ground]: 识别到QR码: 葵花种子
1773472851.0907807 [logical-1] [INFO] [1773472851.090302004] [Ground]: 识别到QR码: 小铲子
1773472851.0925105 [logical-1] [INFO] [1773472851.092205674] [Ground]: 识别到QR码: 葵花种子
1773472851.1165023 [logical-1] [INFO] [1773472851.116142857] [Ground]: 识别到QR码: 小铲子
1773472851.1178219 [logical-1] [INFO] [1773472851.117537033] [Ground]: 识别到QR码: 葵花种子
1773472851.1469553 [logical-1] [INFO] [1773472851.146618377] [Ground]: 识别到QR码: 小铲子
1773472851.1482189 [logical-1] [INFO] [1773472851.148003087] [Ground]: 识别到QR码: 葵花种子
1773472851.1764579 [logical-1] [INFO] [1773472851.176129331] [Ground]: 识别到QR码: 小铲子
1773472851.1783214 [logical-1] [INFO] [1773472851.177962443] [Ground]: 识别到QR码: 葵花种子
1773472851.2221277 [logical-1] [INFO] [1773472851.221450285] [Ground]: 识别到QR码: 小铲子
1773472851.2261701 [logical-1] [INFO] [1773472851.225767747] [Ground]: 识别到QR码: 葵花种子
1773472851.2431006 [logical-1] [INFO] [1773472851.242771222] [Ground]: 识别到QR码: 小铲子
1773472851.2449355 [logical-1] [INFO] [1773472851.244557297] [Ground]: 识别到QR码: 葵花种子
1773472851.2822251 [logical-1] [INFO] [1773472851.281805394] [Ground]: 识别到QR码: 小铲子
1773472851.2834010 [logical-1] [INFO] [1773472851.283134792] [Ground]: 识别到QR码: 葵花种子
1773472851.3118763 [logical-1] [INFO] [1773472851.311478928] [Ground]: 识别到QR码: 葵花种子
1773472851.3131557 [logical-1] [INFO] [1773472851.312890484] [Ground]: 识别到QR码: 小铲子
1773472851.3430390 [logical-1] [INFO] [1773472851.342628290] [Ground]: 识别到QR码: 葵花种子
1773472851.3450973 [logical-1] [INFO] [1773472851.344122440] [Ground]: 识别到QR码: 小铲子
1773472851.3826818 [logical-1] [INFO] [1773472851.382294928] [Ground]: 识别到QR码: 小铲子
1773472851.3836620 [logical-1] [INFO] [1773472851.383395608] [Ground]: 识别到QR码: 葵花种子
1773472851.4115639 [logical-1] [INFO] [1773472851.411112496] [Ground]: 识别到QR码: 葵花种子
1773472851.4126220 [logical-1] [INFO] [1773472851.412366877] [Ground]: 识别到QR码: 小铲子
1773472851.4946105 [logical-1] [INFO] [1773472851.494041216] [Ground]: 识别到QR码: 小铲子
1773472851.5010631 [logical-1] [INFO] [1773472851.500710991] [Ground]: 识别到QR码: 小铲子
1773472851.5044911 [logical-1] [INFO] [1773472851.504213822] [Ground]: 识别到QR码: 葵花种子
1773472851.5259292 [logical-1] [INFO] [1773472851.525584188] [Ground]: 识别到QR码: 小铲子
1773472851.5325327 [logical-1] [INFO] [1773472851.532238147] [Ground]: 识别到QR码: 葵花种子
1773472851.5485058 [logical-1] [INFO] [1773472851.548190582] [Ground]: 识别到QR码: 小铲子
1773472851.5980535 [logical-1] [INFO] [1773472851.597590440] [Ground]: 识别到QR码: 小铲子
1773472851.6067209 [logical-1] [INFO] [1773472851.606401527] [Ground]: 识别到QR码: 葵花种子
1773472851.6225748 [logical-1] [INFO] [1773472851.622064789] [Ground]: 识别到QR码: 小铲子
1773472851.6248269 [logical-1] [INFO] [1773472851.624502459] [Ground]: 识别到QR码: 葵花种子
1773472851.6502407 [logical-1] [INFO] [1773472851.649825388] [Ground]: 识别到QR码: 葵花种子
1773472851.6808338 [logical-1] [INFO] [1773472851.680431894] [Ground]: 识别到QR码: 葵花种子
1773472851.6820948 [logical-1] [INFO] [1773472851.681822616] [Ground]: 识别到QR码: 小铲子
1773472851.7168345 [logical-1] [INFO] [1773472851.716373579] [Ground]: 识别到QR码: 葵花种子
1773472851.7185960 [logical-1] [INFO] [1773472851.718217089] [Ground]: 识别到QR码: 小铲子
1773472851.7466385 [logical-1] [INFO] [1773472851.746164010] [Ground]: 识别到QR码: 葵花种子
1773472851.7480659 [logical-1] [INFO] [1773472851.747731280] [Ground]: 识别到QR码: 小铲子
1773472851.7822936 [logical-1] [INFO] [1773472851.781968926] [Ground]: 识别到QR码: 葵花种子
1773472851.7835968 [logical-1] [INFO] [1773472851.783309614] [Ground]: 识别到QR码: 小铲子
1773472851.8137779 [logical-1] [INFO] [1773472851.813407687] [Ground]: 识别到QR码: 葵花种子
1773472851.8516362 [logical-1] [INFO] [1773472851.851131509] [Ground]: 识别到QR码: 葵花种子
1773472851.8939221 [logical-1] [INFO] [1773472851.893549900] [Ground]: 识别到QR码: 葵花种子
1773472851.9173858 [logical-1] [INFO] [1773472851.917022510] [Ground]: 识别到QR码: 葵花种子
1773472851.9677582 [logical-1] [INFO] [1773472851.967427838] [Ground]: 识别到QR码: 葵花种子
1773472851.9831226 [logical-1] [INFO] [1773472851.982756517] [Ground]: 识别到QR码: 葵花种子
1773472852.0132091 [logical-1] [INFO] [1773472852.012905857] [Ground]: 识别到QR码: 葵花种子
1773472852.0571623 [logical-1] [INFO] [1773472852.056665155] [Ground]: 识别到QR码: 葵花种子
1773472852.0857549 [logical-1] [INFO] [1773472852.085424934] [Ground]: 识别到QR码: 葵花种子
1773472852.1183932 [logical-1] [INFO] [1773472852.118064295] [Ground]: 识别到QR码: 葵花种子
1773472852.1578047 [logical-1] [INFO] [1773472852.157416178] [Ground]: 识别到QR码: 葵花种子
1773472852.1876104 [logical-1] [INFO] [1773472852.187211869] [Ground]: 识别到QR码: 葵花种子
1773472852.2511621 [logical-1] [INFO] [1773472852.250647880] [Ground]: 识别到QR码: 葵花种子
1773472852.2810709 [logical-1] [INFO] [1773472852.280652087] [Ground]: 识别到QR码: 葵花种子
1773472852.3230205 [logical-1] [INFO] [1773472852.322617259] [Ground]: 识别到QR码: 葵花种子
1773472852.3541226 [logical-1] [INFO] [1773472852.353734655] [Ground]: 识别到QR码: 葵花种子
1773472852.4024627 [logical-1] [INFO] [1773472852.402102375] [Ground]: 识别到QR码: 葵花种子
1773472852.4349022 [logical-1] [INFO] [1773472852.434545717] [Ground]: 识别到QR码: 葵花种子
1773472852.5063298 [logical-1] [INFO] [1773472852.505877170] [Ground]: 识别到QR码: 葵花种子
1773472852.5239015 [logical-1] [INFO] [1773472852.523479090] [Ground]: 识别到QR码: 葵花种子
1773472852.5543752 [logical-1] [INFO] [1773472852.553888062] [Ground]: 识别到QR码: 葵花种子
1773472852.5881402 [logical-1] [INFO] [1773472852.587766888] [Ground]: 识别到QR码: 葵花种子
1773472852.6161284 [logical-1] [INFO] [1773472852.615809176] [Ground]: 识别到QR码: 葵花种子
1773472852.6636865 [logical-1] [INFO] [1773472852.663348220] [Ground]: 识别到QR码: 葵花种子
1773472852.7163348 [logical-1] [INFO] [1773472852.716018318] [Ground]: 识别到QR码: 葵花种子
1773472852.7586188 [logical-1] [INFO] [1773472852.758287178] [Ground]: 识别到QR码: 葵花种子
1773472852.7919090 [logical-1] [INFO] [1773472852.791599929] [Ground]: 识别到QR码: 葵花种子
1773472852.8558862 [logical-1] [INFO] [1773472852.855427294] [Ground]: 识别到QR码: 葵花种子
1773472852.8869624 [logical-1] [INFO] [1773472852.886701126] [Ground]: 识别到QR码: 葵花种子
1773472852.9435041 [logical-1] [INFO] [1773472852.943020449] [Ground]: 识别到QR码: 葵花种子
1773472852.9556847 [logical-1] [INFO] [1773472852.955372471] [Ground]: 识别到QR码: 葵花种子
1773472852.9902093 [logical-1] [INFO] [1773472852.989914026] [Ground]: 识别到QR码: 葵花种子
1773472853.0222168 [logical-1] [INFO] [1773472853.021878940] [Ground]: 识别到QR码: 葵花种子
1773472853.0676947 [logical-1] [INFO] [1773472853.067360705] [Ground]: 识别到QR码: 葵花种子
1773472853.0951042 [logical-1] [INFO] [1773472853.094792108] [Ground]: 识别到QR码: 葵花种子
1773472853.1233871 [logical-1] [INFO] [1773472853.122972175] [Ground]: 识别到QR码: 葵花种子
1773472853.1524026 [logical-1] [INFO] [1773472853.151971859] [Ground]: 识别到QR码: 葵花种子
1773472853.2000902 [logical-1] [INFO] [1773472853.199585580] [Ground]: 识别到QR码: 葵花种子
1773472853.2384045 [logical-1] [INFO] [1773472853.238015501] [Ground]: 识别到QR码: 葵花种子
1773472853.2691162 [logical-1] [INFO] [1773472853.268636724] [Ground]: 识别到QR码: 葵花种子
1773472853.2912056 [logical-1] [INFO] [1773472853.290891755] [Ground]: 识别到QR码: 葵花种子
1773472853.3324440 [logical-1] [INFO] [1773472853.332124918] [Ground]: 识别到QR码: 葵花种子
1773472853.3641186 [logical-1] [INFO] [1773472853.363698233] [Ground]: 识别到QR码: 葵花种子
1773472853.3906162 [logical-1] [INFO] [1773472853.390257677] [Ground]: 识别到QR码: 葵花种子
1773472853.4429908 [logical-1] [INFO] [1773472853.442516990] [Ground]: 识别到QR码: 葵花种子
1773472853.4597623 [logical-1] [INFO] [1773472853.459466759] [Ground]: 识别到QR码: 葵花种子
1773472853.4928534 [logical-1] [INFO] [1773472853.492516673] [Ground]: 识别到QR码: 葵花种子
1773472853.5286884 [logical-1] [INFO] [1773472853.528239684] [Ground]: 识别到QR码: 葵花种子
1773472853.5576842 [logical-1] [INFO] [1773472853.557014958] [Ground]: 识别到QR码: 葵花种子
1773472853.5900095 [logical-1] [INFO] [1773472853.589639055] [Ground]: 识别到QR码: 葵花种子
1773472853.6309648 [logical-1] [INFO] [1773472853.630509322] [Ground]: 识别到QR码: 葵花种子
1773472853.6572530 [logical-1] [INFO] [1773472853.656814315] [Ground]: 识别到QR码: 葵花种子
1773472853.7028058 [logical-1] [INFO] [1773472853.702407468] [Ground]: 识别到QR码: 葵花种子
1773472853.7343702 [logical-1] [INFO] [1773472853.733927535] [Ground]: 识别到QR码: 葵花种子
1773472853.7607579 [logical-1] [INFO] [1773472853.760410786] [Ground]: 识别到QR码: 葵花种子
1773472853.7921071 [logical-1] [INFO] [1773472853.791668847] [Ground]: 识别到QR码: 葵花种子
1773472853.8260479 [logical-1] [INFO] [1773472853.825642412] [Ground]: 识别到QR码: 葵花种子
1773472853.8658347 [logical-1] [INFO] [1773472853.865484398] [Ground]: 识别到QR码: 葵花种子
1773472853.9052961 [logical-1] [INFO] [1773472853.904905567] [Ground]: 识别到QR码: 葵花种子
1773472853.9505589 [logical-1] [INFO] [1773472853.950195430] [Ground]: 识别到QR码: 葵花种子
1773472853.9647853 [logical-1] [INFO] [1773472853.964505232] [Ground]: 识别到QR码: 葵花种子
1773472853.9945927 [logical-1] [INFO] [1773472853.994249478] [Ground]: 识别到QR码: 葵花种子
1773472854.0300922 [logical-1] [INFO] [1773472854.029434008] [Ground]: 识别到QR码: 葵花种子
1773472854.0689476 [logical-1] [INFO] [1773472854.068578829] [Ground]: 识别到QR码: 葵花种子
1773472854.1937003 [logical-1] [INFO] [1773472854.193405711] [Ground]: 识别到QR码: 葵花种子
1773472854.2328556 [logical-1] [INFO] [1773472854.232465167] [Ground]: 识别到QR码: 葵花种子
1773472854.2622933 [logical-1] [INFO] [1773472854.261923741] [Ground]: 识别到QR码: 葵花种子
1773472854.3024976 [logical-1] [INFO] [1773472854.302082595] [Ground]: 识别到QR码: 葵花种子
1773472854.3316102 [logical-1] [INFO] [1773472854.331240409] [Ground]: 识别到QR码: 葵花种子
1773472854.3618786 [logical-1] [INFO] [1773472854.361543913] [Ground]: 识别到QR码: 葵花种子
1773472854.4320791 [logical-1] [INFO] [1773472854.431682872] [Ground]: 识别到QR码: 葵花种子
1773472854.4696956 [logical-1] [INFO] [1773472854.469365805] [Ground]: 识别到QR码: 葵花种子
1773472854.4841485 [logical-1] [INFO] [1773472854.483839360] [Ground]: 识别到QR码: 葵花种子
1773472854.4965456 [logical-1] [INFO] [1773472854.496245991] [Ground]: 识别到QR码: 葵花种子
1773472854.5304930 [logical-1] [INFO] [1773472854.530176919] [Ground]: 识别到QR码: 葵花种子
1773472854.5664768 [logical-1] [INFO] [1773472854.566043851] [Ground]: 识别到QR码: 葵花种子
1773472854.6042397 [logical-1] [INFO] [1773472854.603837618] [Ground]: 识别到QR码: 葵花种子
1773472854.6396737 [logical-1] [INFO] [1773472854.639357248] [Ground]: 识别到QR码: 葵花种子
1773472854.6655097 [logical-1] [INFO] [1773472854.665173529] [Ground]: 识别到QR码: 葵花种子
1773472858.6764035 [logical-1] [INFO] [1773472858.676098725] [Ground]: 识别到QR码: 葵花种子
1773472858.8234890 [logical-1] [INFO] [1773472858.823073487] [Ground]: 识别到QR码: 葵花种子
1773472858.9279480 [logical-1] [INFO] [1773472858.927666732] [Ground]: 识别到QR码: 葵花种子
1773472858.9599264 [logical-1] [INFO] [1773472858.959619520] [Ground]: 识别到QR码: 葵花种子
1773472859.0286231 [logical-1] [INFO] [1773472859.028328270] [Ground]: 识别到QR码: 葵花种子
1773472859.0629683 [logical-1] [INFO] [1773472859.062709137] [Ground]: 识别到QR码: 葵花种子
1773472859.0941865 [logical-1] [INFO] [1773472859.093674010] [Ground]: 识别到QR码: 葵花种子
1773472859.1435704 [logical-1] [INFO] [1773472859.143203478] [Ground]: 识别到QR码: 葵花种子
1773472859.1617150 [logical-1] [INFO] [1773472859.161382384] [Ground]: 识别到QR码: 葵花种子
1773472859.2298310 [logical-1] [INFO] [1773472859.229530748] [Ground]: 识别到QR码: 葵花种子
1773472859.2642760 [logical-1] [INFO] [1773472859.263919090] [Ground]: 识别到QR码: 葵花种子
1773472859.3009996 [logical-1] [INFO] [1773472859.300588373] [Ground]: 识别到QR码: 葵花种子
1773472859.3339777 [logical-1] [INFO] [1773472859.333671571] [Ground]: 识别到QR码: 葵花种子
1773472859.3600144 [logical-1] [INFO] [1773472859.359749405] [Ground]: 识别到QR码: 葵花种子
1773472859.3974462 [logical-1] [INFO] [1773472859.397161824] [Ground]: 识别到QR码: 葵花种子
1773472859.4248304 [logical-1] [INFO] [1773472859.424554425] [Ground]: 识别到QR码: 葵花种子
1773472859.4825523 [logical-1] [INFO] [1773472859.482126656] [Ground]: 识别到QR码: 葵花种子
1773472859.5170052 [logical-1] [INFO] [1773472859.516599932] [Ground]: 识别到QR码: 葵花种子
1773472859.5311589 [logical-1] [INFO] [1773472859.530372854] [Ground]: 识别到QR码: 葵花种子
1773472859.5747843 [logical-1] [INFO] [1773472859.574499433] [Ground]: 识别到QR码: 葵花种子
1773472859.5986071 [logical-1] [INFO] [1773472859.598111960] [Ground]: 识别到QR码: 葵花种子
1773472859.6559303 [logical-1] [INFO] [1773472859.655644499] [Ground]: 识别到QR码: 葵花种子
1773472859.6850669 [logical-1] [INFO] [1773472859.684736034] [Ground]: 识别到QR码: 葵花种子
1773472859.6980369 [logical-1] [INFO] [1773472859.697600373] [Ground]: 识别到QR码: 葵花种子
1773472859.7327375 [logical-1] [INFO] [1773472859.732361105] [Ground]: 识别到QR码: 葵花种子
1773472859.7710502 [logical-1] [INFO] [1773472859.770771758] [Ground]: 识别到QR码: 葵花种子
1773472859.8004827 [logical-1] [INFO] [1773472859.800100673] [Ground]: 识别到QR码: 葵花种子
1773472859.8313651 [logical-1] [INFO] [1773472859.831048382] [Ground]: 识别到QR码: 葵花种子
1773472859.8670626 [logical-1] [INFO] [1773472859.866767036] [Ground]: 识别到QR码: 葵花种子
1773472859.9002914 [logical-1] [INFO] [1773472859.900026443] [Ground]: 识别到QR码: 葵花种子
1773472859.9306340 [logical-1] [INFO] [1773472859.930336424] [Ground]: 识别到QR码: 葵花种子
1773472859.9653549 [logical-1] [INFO] [1773472859.965085353] [Ground]: 识别到QR码: 葵花种子
1773472860.0067215 [logical-1] [INFO] [1773472860.006134612] [Ground]: 识别到QR码: 葵花种子
1773472860.0714762 [logical-1] [INFO] [1773472860.071067437] [Ground]: 识别到QR码: 葵花种子
1773472860.1084325 [logical-1] [INFO] [1773472860.107955912] [Ground]: 识别到QR码: 葵花种子
1773472860.1455853 [logical-1] [INFO] [1773472860.145265570] [Ground]: 识别到QR码: 葵花种子
1773472860.1977613 [logical-1] [INFO] [1773472860.197443588] [Ground]: 识别到QR码: 葵花种子
1773472860.2420559 [logical-1] [INFO] [1773472860.241701596] [Ground]: 识别到QR码: 葵花种子
1773472860.2701015 [logical-1] [INFO] [1773472860.269363702] [Ground]: 识别到QR码: 葵花种子
1773472860.5335028 [logical-1] [INFO] [1773472860.533260903] [Ground]: 识别到QR码: 小铲子
1773472860.6403518 [logical-1] [INFO] [1773472860.640058301] [Ground]: 识别到QR码: 小铲子
1773472860.6772075 [logical-1] [INFO] [1773472860.676893489] [Ground]: 识别到QR码: 小铲子
1773472860.7065387 [logical-1] [INFO] [1773472860.705940638] [Ground]: 识别到QR码: 小铲子
1773472860.7711582 [logical-1] [INFO] [1773472860.770719373] [Ground]: 识别到QR码: 小铲子
1773472860.8022652 [logical-1] [INFO] [1773472860.801855009] [Ground]: 识别到QR码: 小铲子
1773472860.8441546 [logical-1] [INFO] [1773472860.843410324] [Ground]: 识别到QR码: 小铲子
1773472860.8730521 [logical-1] [INFO] [1773472860.872677640] [Ground]: 识别到QR码: 小铲子
1773472860.9020038 [logical-1] [INFO] [1773472860.901565186] [Ground]: 识别到QR码: 小铲子
1773472860.9448547 [logical-1] [INFO] [1773472860.944507204] [Ground]: 识别到QR码: 小铲子
1773472860.9678111 [logical-1] [INFO] [1773472860.967485240] [Ground]: 识别到QR码: 小铲子
1773472861.0144885 [logical-1] [INFO] [1773472861.014090070] [Ground]: 识别到QR码: 小铲子
1773472861.0378177 [logical-1] [INFO] [1773472861.037299836] [Ground]: 识别到QR码: 小铲子
1773472861.0729954 [logical-1] [INFO] [1773472861.072644405] [Ground]: 识别到QR码: 小铲子
1773472861.1110318 [logical-1] [INFO] [1773472861.110601571] [Ground]: 识别到QR码: 小铲子
1773472861.1377354 [logical-1] [INFO] [1773472861.137384536] [Ground]: 识别到QR码: 小铲子
1773472861.1769135 [logical-1] [INFO] [1773472861.176392319] [Ground]: 识别到QR码: 小铲子
1773472861.3136048 [logical-1] [INFO] [1773472861.313171022] [Ground]: 识别到QR码: 小铲子
1773472861.3415358 [logical-1] [INFO] [1773472861.341221679] [Ground]: 识别到QR码: 小铲子
1773472861.4437561 [logical-1] [INFO] [1773472861.443483446] [Ground]: 识别到QR码: 小铲子
1773472861.4721322 [logical-1] [INFO] [1773472861.471851551] [Ground]: 识别到QR码: 小铲子
1773472861.5120449 [logical-1] [INFO] [1773472861.511729928] [Ground]: 识别到QR码: 小铲子
1773472861.5803380 [logical-1] [INFO] [1773472861.579922529] [Ground]: 识别到QR码: 小铲子
1773472861.6223810 [logical-1] [INFO] [1773472861.621895754] [Ground]: 识别到QR码: 小铲子
1773472861.6437151 [logical-1] [INFO] [1773472861.643259544] [Ground]: 识别到QR码: 小铲子
1773472861.7420874 [logical-1] [INFO] [1773472861.741698069] [Ground]: 识别到QR码: 小铲子
1773472861.7910442 [logical-1] [INFO] [1773472861.790499195] [Ground]: 识别到QR码: 小铲子
1773472861.8278098 [logical-1] [INFO] [1773472861.827432037] [Ground]: 识别到QR码: 小铲子
1773472861.8467789 [logical-1] [INFO] [1773472861.846373530] [Ground]: 识别到QR码: 小铲子
1773472861.8936157 [logical-1] [INFO] [1773472861.893196202] [Ground]: 识别到QR码: 小铲子
1773472861.9179084 [logical-1] [INFO] [1773472861.917406433] [Ground]: 识别到QR码: 小铲子
1773472861.9475620 [logical-1] [INFO] [1773472861.947155131] [Ground]: 识别到QR码: 小铲子
1773472861.9820199 [logical-1] [INFO] [1773472861.981718207] [Ground]: 识别到QR码: 小铲子
1773472862.0080285 [logical-1] [INFO] [1773472862.007724281] [Ground]: 识别到QR码: 小铲子
1773472862.0862422 [logical-1] [INFO] [1773472862.085966896] [Ground]: 识别到QR码: 小铲子
1773472862.1083505 [logical-1] [INFO] [1773472862.107807905] [Ground]: 识别到QR码: 小铲子
1773472862.1532528 [logical-1] [INFO] [1773472862.152928844] [Ground]: 识别到QR码: 小铲子
1773472862.3582480 [logical-1] [INFO] [1773472862.357814471] [Ground]: 识别到QR码: 小铲子
1773472862.3814616 [logical-1] [INFO] [1773472862.381059050] [Ground]: 识别到QR码: 小铲子
1773472862.4158175 [logical-1] [INFO] [1773472862.415486411] [Ground]: 识别到QR码: 小铲子
1773472862.5183396 [logical-1] [INFO] [1773472862.518006872] [Ground]: 识别到QR码: 小铲子
1773472862.5811765 [logical-1] [INFO] [1773472862.580364674] [Ground]: 识别到QR码: 小铲子
1773472862.6868083 [logical-1] [INFO] [1773472862.686446933] [Ground]: 识别到QR码: 小铲子
1773472862.7361982 [logical-1] [INFO] [1773472862.735733475] [Ground]: 识别到QR码: 小铲子
1773472862.7895200 [logical-1] [INFO] [1773472862.789174773] [Ground]: 识别到QR码: 小铲子
1773472862.8555086 [logical-1] [INFO] [1773472862.855175688] [Ground]: 识别到QR码: 小铲子
1773472862.8829148 [logical-1] [INFO] [1773472862.882545741] [Ground]: 识别到QR码: 小铲子
1773472862.9188104 [logical-1] [INFO] [1773472862.918489068] [Ground]: 识别到QR码: 小铲子
1773472862.9494226 [logical-1] [INFO] [1773472862.949028266] [Ground]: 识别到QR码: 小铲子
1773472862.9912770 [logical-1] [INFO] [1773472862.990963486] [Ground]: 识别到QR码: 小铲子
1773472863.0180786 [logical-1] [INFO] [1773472863.017728016] [Ground]: 识别到QR码: 小铲子
1773472863.0541465 [logical-1] [INFO] [1773472863.053799437] [Ground]: 识别到QR码: 小铲子
1773472863.0869064 [logical-1] [INFO] [1773472863.086542361] [Ground]: 识别到QR码: 小铲子
1773472863.1183109 [logical-1] [INFO] [1773472863.117968753] [Ground]: 识别到QR码: 小铲子
1773472863.1570923 [logical-1] [INFO] [1773472863.156793918] [Ground]: 识别到QR码: 小铲子
1773472863.1865549 [logical-1] [INFO] [1773472863.186240627] [Ground]: 识别到QR码: 小铲子
1773472863.2211452 [logical-1] [INFO] [1773472863.220732471] [Ground]: 识别到QR码: 小铲子
1773472863.2570400 [logical-1] [INFO] [1773472863.256624609] [Ground]: 识别到QR码: 小铲子
1773472863.2865434 [logical-1] [INFO] [1773472863.286196167] [Ground]: 识别到QR码: 小铲子
1773472863.3180158 [logical-1] [INFO] [1773472863.317650077] [Ground]: 识别到QR码: 小铲子
1773472863.3606160 [logical-1] [INFO] [1773472863.360191899] [Ground]: 识别到QR码: 小铲子
1773472863.3833792 [logical-1] [INFO] [1773472863.382861944] [Ground]: 识别到QR码: 小铲子
1773472863.4269934 [logical-1] [INFO] [1773472863.426675942] [Ground]: 识别到QR码: 小铲子
1773472863.5361648 [logical-1] [INFO] [1773472863.535602545] [Ground]: 识别到QR码: 小铲子
1773472863.5637438 [logical-1] [INFO] [1773472863.563435157] [Ground]: 识别到QR码: 小铲子
1773472863.5927038 [logical-1] [INFO] [1773472863.592116002] [Ground]: 识别到QR码: 小铲子
1773472863.6254323 [logical-1] [INFO] [1773472863.625138464] [Ground]: 识别到QR码: 小铲子
1773472863.6700404 [logical-1] [INFO] [1773472863.669617425] [Ground]: 识别到QR码: 小铲子
1773472863.6930516 [logical-1] [INFO] [1773472863.692722144] [Ground]: 识别到QR码: 小铲子
1773472863.7951462 [logical-1] [INFO] [1773472863.794689871] [Ground]: 识别到QR码: 小铲子
1773472863.8295114 [logical-1] [INFO] [1773472863.829247093] [Ground]: 识别到QR码: 小铲子
1773472863.8718774 [logical-1] [INFO] [1773472863.871606500] [Ground]: 识别到QR码: 小铲子
1773472863.8883643 [logical-1] [INFO] [1773472863.887050501] [Ground]: 识别到QR码: 小铲子
1773472863.9288177 [logical-1] [INFO] [1773472863.928506445] [Ground]: 识别到QR码: 小铲子
1773472863.9650352 [logical-1] [INFO] [1773472863.964577962] [Ground]: 识别到QR码: 小铲子
1773472864.0392535 [logical-1] [INFO] [1773472864.038856283] [Ground]: 识别到QR码: 小铲子
1773472864.0622663 [logical-1] [INFO] [1773472864.061941674] [Ground]: 识别到QR码: 小铲子
1773472864.0888641 [logical-1] [INFO] [1773472864.088571753] [Ground]: 识别到QR码: 小铲子
1773472864.1491487 [logical-1] [INFO] [1773472864.148772787] [Ground]: 识别到QR码: 小铲子
1773472864.1853738 [logical-1] [INFO] [1773472864.185060949] [Ground]: 识别到QR码: 小铲子
1773472864.2027760 [logical-1] [INFO] [1773472864.202377524] [Ground]: 识别到QR码: 小铲子
1773472864.2381256 [logical-1] [INFO] [1773472864.237810477] [Ground]: 识别到QR码: 小铲子
1773472864.2591949 [logical-1] [INFO] [1773472864.258721844] [Ground]: 识别到QR码: 小铲子
1773472864.3141353 [logical-1] [INFO] [1773472864.313745529] [Ground]: 识别到QR码: 小铲子
1773472864.3387954 [logical-1] [INFO] [1773472864.338465305] [Ground]: 识别到QR码: 小铲子
1773472864.3699396 [logical-1] [INFO] [1773472864.369567515] [Ground]: 识别到QR码: 小铲子
1773472864.4755721 [logical-1] [INFO] [1773472864.475072845] [Ground]: 识别到QR码: 小铲子
1773472864.5288346 [logical-1] [INFO] [1773472864.528475196] [Ground]: 识别到QR码: 小铲子
1773472864.6613934 [logical-1] [INFO] [1773472864.661105279] [Ground]: 识别到QR码: 小铲子
1773472864.7146990 [logical-1] [INFO] [1773472864.714433103] [Ground]: 识别到QR码: 小铲子
1773472864.7318094 [logical-1] [INFO] [1773472864.731433567] [Ground]: 识别到QR码: 小铲子
1773472864.7744443 [logical-1] [INFO] [1773472864.774124939] [Ground]: 识别到QR码: 小铲子
1773472864.8096802 [logical-1] [INFO] [1773472864.809199787] [Ground]: 识别到QR码: 小铲子
1773472864.8449714 [logical-1] [INFO] [1773472864.844637238] [Ground]: 识别到QR码: 小铲子
1773472864.8634298 [logical-1] [INFO] [1773472864.862944585] [Ground]: 识别到QR码: 小铲子
1773472864.9379749 [logical-1] [INFO] [1773472864.937581498] [Ground]: 识别到QR码: 小铲子
1773472864.9680691 [logical-1] [INFO] [1773472864.967749291] [Ground]: 识别到QR码: 小铲子
1773472865.0169959 [logical-1] [INFO] [1773472865.016641329] [Ground]: 识别到QR码: 小铲子
1773472865.0313857 [logical-1] [INFO] [1773472865.031052881] [Ground]: 识别到QR码: 小铲子
1773472865.0731525 [logical-1] [INFO] [1773472865.072816390] [Ground]: 识别到QR码: 小铲子
1773472865.0991075 [logical-1] [INFO] [1773472865.098607950] [Ground]: 识别到QR码: 小铲子
1773472865.1434259 [logical-1] [INFO] [1773472865.143006345] [Ground]: 识别到QR码: 小铲子
1773472865.1640007 [logical-1] [INFO] [1773472865.163666617] [Ground]: 识别到QR码: 小铲子
1773472865.2212629 [logical-1] [INFO] [1773472865.220925738] [Ground]: 识别到QR码: 小铲子
1773472865.2387018 [logical-1] [INFO] [1773472865.238381766] [Ground]: 识别到QR码: 小铲子
1773472865.2670987 [logical-1] [INFO] [1773472865.266665833] [Ground]: 识别到QR码: 小铲子
1773472865.3078020 [logical-1] [INFO] [1773472865.307406702] [Ground]: 识别到QR码: 小铲子
1773472865.3324237 [logical-1] [INFO] [1773472865.331998736] [Ground]: 识别到QR码: 小铲子
1773472865.3685286 [logical-1] [INFO] [1773472865.368164308] [Ground]: 识别到QR码: 小铲子
1773472865.4136026 [logical-1] [INFO] [1773472865.413258519] [Ground]: 识别到QR码: 小铲子
1773472865.4326689 [logical-1] [INFO] [1773472865.432360834] [Ground]: 识别到QR码: 小铲子
1773472865.4740491 [logical-1] [INFO] [1773472865.473629873] [Ground]: 识别到QR码: 小铲子
1773472865.5341036 [logical-1] [INFO] [1773472865.533799879] [Ground]: 识别到QR码: 小铲子
1773472865.5813963 [logical-1] [INFO] [1773472865.581058068] [Ground]: 识别到QR码: 小铲子
1773472865.6065178 [logical-1] [INFO] [1773472865.605991519] [Ground]: 识别到QR码: 小铲子
1773472865.6352167 [logical-1] [INFO] [1773472865.634789891] [Ground]: 识别到QR码: 小铲子
1773472865.6745157 [logical-1] [INFO] [1773472865.674135072] [Ground]: 识别到QR码: 小铲子
1773472865.7182121 [logical-1] [INFO] [1773472865.717860819] [Ground]: 识别到QR码: 小铲子
1773472865.7372603 [logical-1] [INFO] [1773472865.736975895] [Ground]: 识别到QR码: 小铲子
1773472865.7875757 [logical-1] [INFO] [1773472865.787150992] [Ground]: 识别到QR码: 小铲子
1773472865.8042865 [logical-1] [INFO] [1773472865.803497958] [Ground]: 识别到QR码: 小铲子
1773472865.8682802 [logical-1] [INFO] [1773472865.867814467] [Ground]: 识别到QR码: 小铲子
1773472865.8737843 [logical-1] [INFO] [1773472865.873497539] [Ground]: 识别到QR码: 小铲子
1773472865.9067178 [logical-1] [INFO] [1773472865.906211017] [Ground]: 识别到QR码: 小铲子
1773472865.9404414 [logical-1] [INFO] [1773472865.939867413] [Ground]: 识别到QR码: 小铲子
1773472865.9734886 [logical-1] [INFO] [1773472865.973148247] [Ground]: 识别到QR码: 小铲子
1773472866.0109589 [logical-1] [INFO] [1773472866.010450883] [Ground]: 识别到QR码: 小铲子
1773472866.0371008 [logical-1] [INFO] [1773472866.036678860] [Ground]: 识别到QR码: 小铲子
1773472866.0708907 [logical-1] [INFO] [1773472866.070572458] [Ground]: 识别到QR码: 小铲子
1773472866.1088707 [logical-1] [INFO] [1773472866.108369712] [Ground]: 识别到QR码: 小铲子
1773472866.1377769 [logical-1] [INFO] [1773472866.137486036] [Ground]: 识别到QR码: 小铲子
1773472866.1813338 [logical-1] [INFO] [1773472866.180987988] [Ground]: 识别到QR码: 小铲子
1773472866.2101445 [logical-1] [INFO] [1773472866.209711068] [Ground]: 识别到QR码: 小铲子
1773472866.2418923 [logical-1] [INFO] [1773472866.241254894] [Ground]: 识别到QR码: 小铲子
1773472866.2817357 [logical-1] [INFO] [1773472866.281275051] [Ground]: 识别到QR码: 小铲子
1773472866.3270054 [logical-1] [INFO] [1773472866.326648231] [Ground]: 识别到QR码: 小铲子
1773472866.3480606 [logical-1] [INFO] [1773472866.347676127] [Ground]: 识别到QR码: 小铲子
1773472866.3778322 [logical-1] [INFO] [1773472866.377395841] [Ground]: 识别到QR码: 小铲子
1773472866.4082606 [logical-1] [INFO] [1773472866.407831087] [Ground]: 识别到QR码: 小铲子
1773472866.4588544 [logical-1] [INFO] [1773472866.458445508] [Ground]: 识别到QR码: 小铲子
1773472866.4735916 [logical-1] [INFO] [1773472866.473213482] [Ground]: 识别到QR码: 小铲子
1773472866.5162182 [logical-1] [INFO] [1773472866.515743590] [Ground]: 识别到QR码: 小铲子
1773472866.5401218 [logical-1] [INFO] [1773472866.539652925] [Ground]: 识别到QR码: 小铲子
1773472866.5837157 [logical-1] [INFO] [1773472866.583409493] [Ground]: 识别到QR码: 小铲子
1773472866.6163089 [logical-1] [INFO] [1773472866.615938920] [Ground]: 识别到QR码: 小铲子
1773472866.6406806 [logical-1] [INFO] [1773472866.640188506] [Ground]: 识别到QR码: 小铲子
1773472866.6777999 [logical-1] [INFO] [1773472866.677511212] [Ground]: 识别到QR码: 小铲子
1773472866.7126322 [logical-1] [INFO] [1773472866.711803126] [Ground]: 识别到QR码: 小铲子
1773472866.7451990 [logical-1] [INFO] [1773472866.744808437] [Ground]: 识别到QR码: 小铲子
1773472866.7812946 [logical-1] [INFO] [1773472866.780958704] [Ground]: 识别到QR码: 小铲子
1773472866.8292997 [logical-1] [INFO] [1773472866.829018168] [Ground]: 识别到QR码: 小铲子
1773472866.8462234 [logical-1] [INFO] [1773472866.845942207] [Ground]: 识别到QR码: 小铲子
1773472866.8879066 [logical-1] [INFO] [1773472866.887598188] [Ground]: 识别到QR码: 小铲子
1773472866.9090598 [logical-1] [INFO] [1773472866.908731644] [Ground]: 识别到QR码: 小铲子
1773472866.9471099 [logical-1] [INFO] [1773472866.946774907] [Ground]: 识别到QR码: 小铲子
1773472866.9765775 [logical-1] [INFO] [1773472866.976264928] [Ground]: 识别到QR码: 小铲子
1773472867.0123177 [logical-1] [INFO] [1773472867.012011557] [Ground]: 识别到QR码: 小铲子
1773472867.0587747 [logical-1] [INFO] [1773472867.058456127] [Ground]: 识别到QR码: 小铲子
1773472867.0753217 [logical-1] [INFO] [1773472867.074971065] [Ground]: 识别到QR码: 小铲子
1773472867.1172206 [logical-1] [INFO] [1773472867.116863173] [Ground]: 识别到QR码: 小铲子
1773472867.1487782 [logical-1] [INFO] [1773472867.148398673] [Ground]: 识别到QR码: 小铲子
1773472867.1784506 [logical-1] [INFO] [1773472867.178167777] [Ground]: 识别到QR码: 小铲子
1773472867.2207820 [logical-1] [INFO] [1773472867.220427916] [Ground]: 识别到QR码: 小铲子
1773472867.2770851 [logical-1] [INFO] [1773472867.276701388] [Ground]: 识别到QR码: 小铲子
1773472867.2967818 [logical-1] [INFO] [1773472867.296507097] [Ground]: 识别到QR码: 小铲子
1773472867.3283174 [logical-1] [INFO] [1773472867.328004461] [Ground]: 识别到QR码: 小铲子
1773472867.3541846 [logical-1] [INFO] [1773472867.353355399] [Ground]: 识别到QR码: 小铲子
1773472867.3843353 [logical-1] [INFO] [1773472867.384014930] [Ground]: 识别到QR码: 小铲子
1773472867.4198456 [logical-1] [INFO] [1773472867.419490803] [Ground]: 识别到QR码: 小铲子
1773472867.4532909 [logical-1] [INFO] [1773472867.453010203] [Ground]: 识别到QR码: 小铲子
1773472867.4868941 [logical-1] [INFO] [1773472867.486546835] [Ground]: 识别到QR码: 小铲子
1773472867.5175245 [logical-1] [INFO] [1773472867.517241795] [Ground]: 识别到QR码: 小铲子
1773472867.5565305 [logical-1] [INFO] [1773472867.556223415] [Ground]: 识别到QR码: 小铲子
1773472867.5906243 [logical-1] [INFO] [1773472867.590262007] [Ground]: 识别到QR码: 小铲子
1773472867.6149313 [logical-1] [INFO] [1773472867.614614289] [Ground]: 识别到QR码: 小铲子
1773472867.6551886 [logical-1] [INFO] [1773472867.654720788] [Ground]: 识别到QR码: 小铲子
1773472867.7259595 [logical-1] [INFO] [1773472867.725626469] [Ground]: 识别到QR码: 小铲子
1773472867.7528286 [logical-1] [INFO] [1773472867.752448083] [Ground]: 识别到QR码: 小铲子
1773472867.7842383 [logical-1] [INFO] [1773472867.783795689] [Ground]: 识别到QR码: 小铲子
1773472867.8361671 [logical-1] [INFO] [1773472867.835788348] [Ground]: 识别到QR码: 小铲子
1773472867.8668058 [logical-1] [INFO] [1773472867.866358980] [Ground]: 识别到QR码: 小铲子
1773472867.8880570 [logical-1] [INFO] [1773472867.887602823] [Ground]: 识别到QR码: 小铲子
1773472867.9197135 [logical-1] [INFO] [1773472867.919409304] [Ground]: 识别到QR码: 小铲子
1773472867.9659126 [logical-1] [INFO] [1773472867.965522474] [Ground]: 识别到QR码: 小铲子
1773472867.9908407 [logical-1] [INFO] [1773472867.990445849] [Ground]: 识别到QR码: 小铲子
1773472868.0209880 [logical-1] [INFO] [1773472868.020676147] [Ground]: 识别到QR码: 小铲子
1773472868.0577040 [logical-1] [INFO] [1773472868.057386516] [Ground]: 识别到QR码: 小铲子
1773472868.0886161 [logical-1] [INFO] [1773472868.088292872] [Ground]: 识别到QR码: 小铲子
1773472868.1213048 [logical-1] [INFO] [1773472868.120986008] [Ground]: 识别到QR码: 小铲子
1773472868.1564722 [logical-1] [INFO] [1773472868.156198962] [Ground]: 识别到QR码: 小铲子
1773472868.1875994 [logical-1] [INFO] [1773472868.187288194] [Ground]: 识别到QR码: 小铲子
1773472868.2206228 [logical-1] [INFO] [1773472868.220209988] [Ground]: 识别到QR码: 小铲子
1773472868.2784710 [logical-1] [INFO] [1773472868.277978289] [Ground]: 识别到QR码: 小铲子
1773472868.2922168 [logical-1] [INFO] [1773472868.291543582] [Ground]: 识别到QR码: 小铲子
1773472868.3277791 [logical-1] [INFO] [1773472868.327422752] [Ground]: 识别到QR码: 小铲子
1773472868.3765712 [logical-1] [INFO] [1773472868.376137462] [Ground]: 识别到QR码: 小铲子
1773472868.3887513 [logical-1] [INFO] [1773472868.388327602] [Ground]: 识别到QR码: 小铲子
1773472868.4241014 [logical-1] [INFO] [1773472868.423744387] [Ground]: 识别到QR码: 小铲子
1773472868.4569290 [logical-1] [INFO] [1773472868.456640024] [Ground]: 识别到QR码: 小铲子
1773472868.5014858 [logical-1] [INFO] [1773472868.501119778] [Ground]: 识别到QR码: 小铲子
1773472868.5240183 [logical-1] [INFO] [1773472868.523715144] [Ground]: 识别到QR码: 小铲子
1773472868.5610764 [logical-1] [INFO] [1773472868.560687068] [Ground]: 识别到QR码: 小铲子
1773472868.5956492 [logical-1] [INFO] [1773472868.595217795] [Ground]: 识别到QR码: 小铲子
1773472868.6259315 [logical-1] [INFO] [1773472868.625630632] [Ground]: 识别到QR码: 小铲子
1773472868.6628604 [logical-1] [INFO] [1773472868.662490152] [Ground]: 识别到QR码: 小铲子
1773472868.6979742 [logical-1] [INFO] [1773472868.697638561] [Ground]: 识别到QR码: 小铲子
1773472868.7275190 [logical-1] [INFO] [1773472868.727180076] [Ground]: 识别到QR码: 小铲子
1773472868.8251603 [logical-1] [INFO] [1773472868.824765034] [Ground]: 识别到QR码: 小铲子
1773472868.8286273 [logical-1] [INFO] [1773472868.828300137] [Ground]: 识别到QR码: 小铲子
1773472868.8300908 [logical-1] [INFO] [1773472868.829878891] [Ground]: 识别到QR码: 小铲子
1773472868.8868430 [logical-1] [INFO] [1773472868.886413519] [Ground]: 识别到QR码: 小铲子
1773472868.8920233 [logical-1] [INFO] [1773472868.891560225] [Ground]: 识别到QR码: 小铲子
1773472868.9425399 [logical-1] [INFO] [1773472868.942168836] [Ground]: 识别到QR码: 小铲子
1773472868.9618347 [logical-1] [INFO] [1773472868.961450147] [Ground]: 识别到QR码: 小铲子
1773472868.9920371 [logical-1] [INFO] [1773472868.991628812] [Ground]: 识别到QR码: 小铲子
1773472869.0304658 [logical-1] [INFO] [1773472869.029818380] [Ground]: 识别到QR码: 小铲子
1773472869.0323803 [logical-1] [INFO] [1773472869.032048548] [Ground]: 识别到QR码: 葵花种子
1773472869.0595818 [logical-1] [INFO] [1773472869.058843831] [Ground]: 识别到QR码: 小铲子
1773472869.0602260 [logical-1] [INFO] [1773472869.060083959] [Ground]: 识别到QR码: 葵花种子
1773472869.1149626 [logical-1] [INFO] [1773472869.114579078] [Ground]: 识别到QR码: 小铲子
1773472869.1156044 [logical-1] [INFO] [1773472869.115461160] [Ground]: 识别到QR码: 葵花种子
1773472869.1439633 [logical-1] [INFO] [1773472869.143624551] [Ground]: 识别到QR码: 小铲子
1773472869.1722307 [logical-1] [INFO] [1773472869.171869410] [Ground]: 识别到QR码: 葵花种子
1773472869.1737967 [logical-1] [INFO] [1773472869.173557346] [Ground]: 识别到QR码: 小铲子
1773472869.2019937 [logical-1] [INFO] [1773472869.201685645] [Ground]: 识别到QR码: 葵花种子
1773472869.2039747 [logical-1] [INFO] [1773472869.203569131] [Ground]: 识别到QR码: 小铲子
1773472869.2425716 [logical-1] [INFO] [1773472869.242276686] [Ground]: 识别到QR码: 小铲子
1773472869.2459815 [logical-1] [INFO] [1773472869.245569059] [Ground]: 识别到QR码: 葵花种子
1773472869.2696507 [logical-1] [INFO] [1773472869.269201040] [Ground]: 识别到QR码: 小铲子
1773472869.2723773 [logical-1] [INFO] [1773472869.271989506] [Ground]: 识别到QR码: 葵花种子
1773472869.3156796 [logical-1] [INFO] [1773472869.315229949] [Ground]: 识别到QR码: 葵花种子
1773472869.3175328 [logical-1] [INFO] [1773472869.317244607] [Ground]: 识别到QR码: 小铲子
1773472869.3425102 [logical-1] [INFO] [1773472869.342168279] [Ground]: 识别到QR码: 葵花种子
1773472869.3466179 [logical-1] [INFO] [1773472869.346288848] [Ground]: 识别到QR码: 小铲子
1773472869.3696344 [logical-1] [INFO] [1773472869.369031442] [Ground]: 识别到QR码: 小铲子
1773472869.4034271 [logical-1] [INFO] [1773472869.402992557] [Ground]: 识别到QR码: 小铲子
1773472869.4052317 [logical-1] [INFO] [1773472869.404883181] [Ground]: 识别到QR码: 葵花种子
1773472869.4757941 [logical-1] [INFO] [1773472869.475502460] [Ground]: 识别到QR码: 葵花种子
1773472869.4789307 [logical-1] [INFO] [1773472869.478565007] [Ground]: 识别到QR码: 小铲子
1773472869.5030553 [logical-1] [INFO] [1773472869.502721791] [Ground]: 识别到QR码: 葵花种子
1773472869.5042479 [logical-1] [INFO] [1773472869.504005511] [Ground]: 识别到QR码: 小铲子
1773472869.5354245 [logical-1] [INFO] [1773472869.535091550] [Ground]: 识别到QR码: 小铲子
1773472869.5393908 [logical-1] [INFO] [1773472869.539057153] [Ground]: 识别到QR码: 葵花种子
1773472869.5649021 [logical-1] [INFO] [1773472869.564519827] [Ground]: 识别到QR码: 小铲子
1773472869.5998821 [logical-1] [INFO] [1773472869.599462039] [Ground]: 识别到QR码: 小铲子
1773472869.6014163 [logical-1] [INFO] [1773472869.601003947] [Ground]: 识别到QR码: 葵花种子
1773472869.6315806 [logical-1] [INFO] [1773472869.631123962] [Ground]: 识别到QR码: 小铲子
1773472869.6648753 [logical-1] [INFO] [1773472869.664458142] [Ground]: 识别到QR码: 小铲子
1773472869.6663046 [logical-1] [INFO] [1773472869.665834555] [Ground]: 识别到QR码: 葵花种子
1773472869.7072120 [logical-1] [INFO] [1773472869.706830816] [Ground]: 识别到QR码: 小铲子
1773472869.7088380 [logical-1] [INFO] [1773472869.708546052] [Ground]: 识别到QR码: 葵花种子
1773472869.7346745 [logical-1] [INFO] [1773472869.734245546] [Ground]: 识别到QR码: 小铲子
1773472869.7679887 [logical-1] [INFO] [1773472869.767664774] [Ground]: 识别到QR码: 葵花种子
1773472869.7697232 [logical-1] [INFO] [1773472869.769504780] [Ground]: 识别到QR码: 小铲子
1773472869.8164973 [logical-1] [INFO] [1773472869.816182790] [Ground]: 识别到QR码: 葵花种子
1773472869.8390014 [logical-1] [INFO] [1773472869.838447813] [Ground]: 识别到QR码: 小铲子
1773472869.8398879 [logical-1] [INFO] [1773472869.839676024] [Ground]: 识别到QR码: 葵花种子
1773472869.8714769 [logical-1] [INFO] [1773472869.871044915] [Ground]: 识别到QR码: 小铲子
1773472869.9015498 [logical-1] [INFO] [1773472869.901233722] [Ground]: 识别到QR码: 小铲子
1773472869.9036701 [logical-1] [INFO] [1773472869.903081490] [Ground]: 识别到QR码: 葵花种子
1773472870.0387192 [logical-1] [INFO] [1773472870.038361618] [Ground]: 识别到QR码: 葵花种子
1773472870.0442309 [logical-1] [INFO] [1773472870.043540480] [Ground]: 识别到QR码: 小铲子
1773472870.1053391 [logical-1] [INFO] [1773472870.104682260] [Ground]: 识别到QR码: 葵花种子
1773472870.1381223 [logical-1] [INFO] [1773472870.137725524] [Ground]: 识别到QR码: 小铲子
1773472870.1393211 [logical-1] [INFO] [1773472870.139047506] [Ground]: 识别到QR码: 葵花种子
1773472870.1685333 [logical-1] [INFO] [1773472870.168201083] [Ground]: 识别到QR码: 葵花种子
1773472870.1695352 [logical-1] [INFO] [1773472870.169308971] [Ground]: 识别到QR码: 小铲子
1773472870.2011974 [logical-1] [INFO] [1773472870.200838463] [Ground]: 识别到QR码: 小铲子
1773472870.2024410 [logical-1] [INFO] [1773472870.202044769] [Ground]: 识别到QR码: 葵花种子
1773472870.2415111 [logical-1] [INFO] [1773472870.241064453] [Ground]: 识别到QR码: 小铲子
1773472870.2657900 [logical-1] [INFO] [1773472870.265395129] [Ground]: 识别到QR码: 葵花种子
1773472870.2671158 [logical-1] [INFO] [1773472870.266692619] [Ground]: 识别到QR码: 小铲子
1773472870.3135865 [logical-1] [INFO] [1773472870.313184548] [Ground]: 识别到QR码: 小铲子
1773472870.3167551 [logical-1] [INFO] [1773472870.316406786] [Ground]: 识别到QR码: 葵花种子
1773472870.3472350 [logical-1] [INFO] [1773472870.346857782] [Ground]: 识别到QR码: 葵花种子
1773472870.3697627 [logical-1] [INFO] [1773472870.369352874] [Ground]: 识别到QR码: 小铲子
1773472870.3711281 [logical-1] [INFO] [1773472870.370806015] [Ground]: 识别到QR码: 葵花种子
1773472870.5340114 [logical-1] [INFO] [1773472870.533714734] [Ground]: 识别到QR码: 小铲子
1773472870.6110075 [logical-1] [INFO] [1773472870.610727927] [Ground]: 识别到QR码: 葵花种子
1773472870.6126628 [logical-1] [INFO] [1773472870.612132546] [Ground]: 识别到QR码: 小铲子
1773472870.6749954 [logical-1] [INFO] [1773472870.674662979] [Ground]: 识别到QR码: 小铲子
1773472870.6762769 [logical-1] [INFO] [1773472870.675991360] [Ground]: 识别到QR码: 葵花种子
1773472870.7529726 [logical-1] [INFO] [1773472870.752568454] [Ground]: 识别到QR码: 葵花种子
1773472870.8414035 [logical-1] [INFO] [1773472870.841033367] [Ground]: 识别到QR码: 小铲子
1773472870.8764939 [logical-1] [INFO] [1773472870.876155832] [Ground]: 识别到QR码: 小铲子
1773472870.8778486 [logical-1] [INFO] [1773472870.877612775] [Ground]: 识别到QR码: 葵花种子
1773472870.9095192 [logical-1] [INFO] [1773472870.909170736] [Ground]: 识别到QR码: 小铲子
1773472870.9109361 [logical-1] [INFO] [1773472870.910711848] [Ground]: 识别到QR码: 葵花种子
1773472870.9420385 [logical-1] [INFO] [1773472870.941559966] [Ground]: 识别到QR码: 小铲子
1773472870.9824200 [logical-1] [INFO] [1773472870.982080858] [Ground]: 识别到QR码: 葵花种子
1773472871.0111592 [logical-1] [INFO] [1773472871.010813539] [Ground]: 识别到QR码: 小铲子
1773472871.0126882 [logical-1] [INFO] [1773472871.012311244] [Ground]: 识别到QR码: 葵花种子
1773472871.0393150 [logical-1] [INFO] [1773472871.038850601] [Ground]: 识别到QR码: 小铲子
1773472871.1414733 [logical-1] [INFO] [1773472871.140959618] [Ground]: 识别到QR码: 小铲子
1773472871.2096589 [logical-1] [INFO] [1773472871.209300137] [Ground]: 识别到QR码: 小铲子
1773472871.2111990 [logical-1] [INFO] [1773472871.210986162] [Ground]: 识别到QR码: 葵花种子
1773472871.3100886 [logical-1] [INFO] [1773472871.309724885] [Ground]: 识别到QR码: 小铲子
1773472871.3119335 [logical-1] [INFO] [1773472871.311657820] [Ground]: 识别到QR码: 葵花种子
1773472871.3474565 [logical-1] [INFO] [1773472871.347057284] [Ground]: 识别到QR码: 小铲子
1773472871.3487282 [logical-1] [INFO] [1773472871.348534830] [Ground]: 识别到QR码: 葵花种子
1773472871.3834596 [logical-1] [INFO] [1773472871.383093417] [Ground]: 识别到QR码: 小铲子
1773472871.3847916 [logical-1] [INFO] [1773472871.384570518] [Ground]: 识别到QR码: 葵花种子
1773472871.4764795 [logical-1] [INFO] [1773472871.476102228] [Ground]: 识别到QR码: 葵花种子
1773472871.4776320 [logical-1] [INFO] [1773472871.477372952] [Ground]: 识别到QR码: 小铲子
1773472871.5153110 [logical-1] [INFO] [1773472871.514885465] [Ground]: 识别到QR码: 小铲子
1773472871.5489380 [logical-1] [INFO] [1773472871.548593049] [Ground]: 识别到QR码: 葵花种子
1773472871.5802867 [logical-1] [INFO] [1773472871.579957696] [Ground]: 识别到QR码: 小铲子
1773472871.5816829 [logical-1] [INFO] [1773472871.581431568] [Ground]: 识别到QR码: 葵花种子
1773472871.6456552 [logical-1] [INFO] [1773472871.645348381] [Ground]: 识别到QR码: 葵花种子
1773472871.6873968 [logical-1] [INFO] [1773472871.687004042] [Ground]: 识别到QR码: 葵花种子
1773472871.7163181 [logical-1] [INFO] [1773472871.715924481] [Ground]: 识别到QR码: 小铲子
1773472871.7179327 [logical-1] [INFO] [1773472871.717576194] [Ground]: 识别到QR码: 葵花种子
1773472871.7515254 [logical-1] [INFO] [1773472871.751047174] [Ground]: 识别到QR码: 小铲子
1773472871.7541788 [logical-1] [INFO] [1773472871.753902116] [Ground]: 识别到QR码: 葵花种子
1773472871.7872665 [logical-1] [INFO] [1773472871.786687766] [Ground]: 识别到QR码: 小铲子
1773472871.8145857 [logical-1] [INFO] [1773472871.814298352] [Ground]: 识别到QR码: 小铲子
1773472872.0516858 [logical-1] [INFO] [1773472872.051263029] [Ground]: 识别到QR码: 小铲子
1773472872.6240563 [logical-1] [INFO] [1773472872.623705458] [Ground]: 识别到QR码: 小铲子
1773472873.1222460 [logical-1] [INFO] [1773472873.121896351] [Ground]: 识别到QR码: 葵花种子
1773472873.6660800 [logical-1] [INFO] [1773472873.665764166] [Ground]: 识别到QR码: 小铲子
1773473356.5240600 [INFO] [logical-1]: process has finished cleanly [pid 5724]
