1775391148.5159881 [INFO] [launch]: All log files can be found below /home/focal/Desktop/2024_GroundStation/run_log/2026-04-05-05-12-28-512262-ubuntu-22496
1775391148.5163381 [INFO] [launch]: Default logging verbosity is set to INFO
1775391148.5999484 [INFO] [myMain-1]: process started with pid [22498]
1775391148.6001756 [INFO] [navNode-2]: process started with pid [22500]
1775391148.9321003 [navNode-2] [INFO] [1775391148.931721187] [navNode]: paths: [
1775391148.9326417 [navNode-2]   {"x": 0.00, "y": 0.00, "z": 0.70, "label": "TakeOff", "qrcode": "", "label2": ""       , "qrcode2": "" },
1775391148.9333057 [navNode-2]   {"x":-0.25, "y": 0.75, "z": 0.80, "label": "A6"     , "qrcode": "", "label2": ""       , "qrcode2": "" },
1775391148.9337053 [navNode-2]   {"x":-0.25, "y": 0.75, "z": 1.20, "label": "A3"     , "qrcode": "", "label2": ""       , "qrcode2": "" },
1775391148.9339147 [navNode-2]   {"x":-0.25, "y": 1.25, "z": 1.20, "label": "A2"     , "qrcode": "", "label2": ""       , "qrcode2": "" },
1775391148.9341762 [navNode-2]   {"x":-0.25, "y": 1.25, "z": 0.80, "label": "A5"     , "qrcode": "", "label2": ""       , "qrcode2": "" },
1775391148.9349706 [navNode-2]   {"x":-0.25, "y": 1.75, "z": 0.80, "label": "A4"     , "qrcode": "", "label2": ""       , "qrcode2": "" },
1775391148.9352462 [navNode-2]   {"x":-0.25, "y": 1.75, "z": 1.20, "label": "A1"     , "qrcode": "", "label2": ""       , "qrcode2": "" },
1775391148.9354396 [navNode-2]   {"x":-0.25, "y": 2.00, "z": 0.70, "label": "UpSide1", "qrcode": "", "label2": ""       , "qrcode2": "" },
1775391148.9356177 [navNode-2]   {"x": 0.75, "y": 2.00, "z": 0.70, "label": "LandPos", "qrcode": "", "label2": ""       , "qrcode2": "" }
1775391148.9357960 [navNode-2] ]
1775391148.9359779 [navNode-2] 
1775391148.9365535 [navNode-2] [INFO] [1775391148.935263066] [navNode]: 上位机导航节点启动成功
1775391149.6067662 [myMain-1] [INFO] [1775391149.606390332] [Ground]: ros2 node launch success:Ground!
1775391154.9377542 [myMain-1] [INFO] [1775391154.937001679] [Ground]: 发送 scan_all 成功
1775391154.9386301 [navNode-2] [INFO] [1775391154.937819771] [navNode]: 收到来自UI的请求：scan_all
1775391154.9390225 [navNode-2] [WARN] [1775391154.938612601] [navNode]: 任务开始执行scan_all
1775391154.9417162 [myMain-1] [INFO] [1775391154.941436319] [Ground]: scan_all 响应成功 → 回复：scan_all
1775391155.0393591 [navNode-2] [INFO] [1775391155.038894295] [navNode]: 状态1：Takeoff--[TakeOff]
1775391155.0508456 [navNode-2] [INFO] [1775391155.050518818] [navNode]: takeoff 发送成功 → 飞行站已调用：takeoff服务
1775391155.1391053 [navNode-2] [INFO] [1775391155.138841071] [navNode]: 状态2：Takeoff_wait--[TakeOff]
1775391155.1394210 [navNode-2] [INFO] [1775391155.139185255] [navNode]: 未到目标点
1775391155.1399908 [navNode-2] 目标位置:(0.0, 0.0, 0.7)-[TakeOff]-[MCU:False]-[POS:False]
1775391155.1400895 [navNode-2] 当前位置:(-0.0006635829340666533, 8.360761421499774e-05, -0.0005170102813281119)
1775391155.2391160 [navNode-2] [INFO] [1775391155.238834472] [navNode]: 状态2：Takeoff_wait--[TakeOff]
1775391155.2394392 [navNode-2] [INFO] [1775391155.239196644] [navNode]: 未到目标点
1775391155.2395236 [navNode-2] 目标位置:(0.0, 0.0, 0.7)-[TakeOff]-[MCU:False]-[POS:False]
1775391155.2395852 [navNode-2] 当前位置:(-0.0008960822015069425, 0.0002832809113897383, -7.432451093336567e-05)
1775391155.3394265 [navNode-2] [INFO] [1775391155.339022011] [navNode]: 状态2：Takeoff_wait--[TakeOff]
1775391155.3399734 [navNode-2] [INFO] [1775391155.339496767] [navNode]: 未到目标点
1775391155.3401053 [navNode-2] 目标位置:(0.0, 0.0, 0.7)-[TakeOff]-[MCU:False]-[POS:False]
1775391155.3401628 [navNode-2] 当前位置:(-0.0008450369350612164, 0.000365330750355497, 0.000191921106306836)
1775391155.4390550 [navNode-2] [INFO] [1775391155.438703191] [navNode]: 状态2：Takeoff_wait--[TakeOff]
1775391155.4394140 [navNode-2] [INFO] [1775391155.439081268] [navNode]: 未到目标点
1775391155.4395268 [navNode-2] 目标位置:(0.0, 0.0, 0.7)-[TakeOff]-[MCU:False]-[POS:False]
1775391155.4396160 [navNode-2] 当前位置:(-0.000679577118717134, 0.00016783956380095333, -0.00015377128147520125)
1775391155.5392168 [navNode-2] [INFO] [1775391155.538917517] [navNode]: 状态2：Takeoff_wait--[TakeOff]
1775391155.5395918 [navNode-2] [INFO] [1775391155.539294859] [navNode]: 未到目标点
1775391155.5396771 [navNode-2] 目标位置:(0.0, 0.0, 0.7)-[TakeOff]-[MCU:False]-[POS:False]
1775391155.5397398 [navNode-2] 当前位置:(-0.0006614613230340183, 0.00015929593064356595, -7.684044976485893e-05)
1775391155.6393607 [navNode-2] [INFO] [1775391155.638977270] [navNode]: 状态2：Takeoff_wait--[TakeOff]
1775391155.6397407 [navNode-2] [INFO] [1775391155.639469766] [navNode]: 未到目标点
1775391155.6398268 [navNode-2] 目标位置:(0.0, 0.0, 0.7)-[TakeOff]-[MCU:False]-[POS:False]
1775391155.6398952 [navNode-2] 当前位置:(-0.000483421579701826, -1.2676833648583852e-05, -0.0003775151271838695)
1775391155.7393956 [navNode-2] [INFO] [1775391155.739018296] [navNode]: 状态2：Takeoff_wait--[TakeOff]
1775391155.7398212 [navNode-2] [INFO] [1775391155.739517709] [navNode]: 未到目标点
1775391155.7399342 [navNode-2] 目标位置:(0.0, 0.0, 0.7)-[TakeOff]-[MCU:False]-[POS:False]
1775391155.7400000 [navNode-2] 当前位置:(-0.0008403436513617635, 0.0002789391437545419, -0.00012623996008187532)
1775391155.8394840 [navNode-2] [INFO] [1775391155.839051257] [navNode]: 状态2：Takeoff_wait--[TakeOff]
1775391155.8399806 [navNode-2] [INFO] [1775391155.839509909] [navNode]: 未到目标点
1775391155.8400981 [navNode-2] 目标位置:(0.0, 0.0, 0.7)-[TakeOff]-[MCU:False]-[POS:False]
1775391155.8401861 [navNode-2] 当前位置:(-0.0008576958207413554, 0.00022476403682958335, -0.00010802195174619555)
1775391155.9398816 [navNode-2] [INFO] [1775391155.939064365] [navNode]: 状态2：Takeoff_wait--[TakeOff]
1775391155.9401586 [navNode-2] [INFO] [1775391155.939500416] [navNode]: 未到目标点
1775391155.9402373 [navNode-2] 目标位置:(0.0, 0.0, 0.7)-[TakeOff]-[MCU:False]-[POS:False]
1775391155.9402790 [navNode-2] 当前位置:(-0.0008811743464320898, 0.00015340812387876213, -0.0005486479494720697)
1775391156.0399289 [navNode-2] [INFO] [1775391156.039308800] [navNode]: 状态2：Takeoff_wait--[TakeOff]
1775391156.0406566 [navNode-2] [INFO] [1775391156.039845070] [navNode]: 未到目标点
1775391156.0408144 [navNode-2] 目标位置:(0.0, 0.0, 0.7)-[TakeOff]-[MCU:False]-[POS:False]
1775391156.0409024 [navNode-2] 当前位置:(-0.0009049048530869186, 0.0003028320788871497, -0.0003750482574105263)
1775391156.1395652 [navNode-2] [INFO] [1775391156.139130898] [navNode]: 状态2：Takeoff_wait--[TakeOff]
1775391156.1401236 [navNode-2] [INFO] [1775391156.139975562] [navNode]: 未到目标点
1775391156.1402473 [navNode-2] 目标位置:(0.0, 0.0, 0.7)-[TakeOff]-[MCU:False]-[POS:False]
1775391156.1403308 [navNode-2] 当前位置:(-0.0006710138986818492, 0.00010953632590826601, 4.6460667363135144e-05)
1775391156.2393126 [navNode-2] [INFO] [1775391156.238978239] [navNode]: 状态2：Takeoff_wait--[TakeOff]
1775391156.2397709 [navNode-2] [INFO] [1775391156.239426486] [navNode]: 未到目标点
1775391156.2398808 [navNode-2] 目标位置:(0.0, 0.0, 0.7)-[TakeOff]-[MCU:False]-[POS:False]
1775391156.2399406 [navNode-2] 当前位置:(-0.0005822918028570712, 9.600065823178738e-06, -0.0004355928977020085)
1775391156.3396330 [navNode-2] [INFO] [1775391156.339259526] [navNode]: 状态2：Takeoff_wait--[TakeOff]
1775391156.3400500 [navNode-2] [INFO] [1775391156.339726766] [navNode]: 未到目标点
1775391156.3401682 [navNode-2] 目标位置:(0.0, 0.0, 0.7)-[TakeOff]-[MCU:False]-[POS:False]
1775391156.3402174 [navNode-2] 当前位置:(-0.0009633505251258612, 0.0003286059945821762, -0.00017576983373146504)
1775391156.4395831 [navNode-2] [INFO] [1775391156.439111306] [navNode]: 状态2：Takeoff_wait--[TakeOff]
1775391156.4399872 [navNode-2] [INFO] [1775391156.439615108] [navNode]: 未到目标点
1775391156.4401338 [navNode-2] 目标位置:(0.0, 0.0, 0.7)-[TakeOff]-[MCU:False]-[POS:False]
1775391156.4402087 [navNode-2] 当前位置:(-0.001009688014164567, 0.0002876254147849977, -0.0005865767016075552)
1775391156.5393643 [navNode-2] [INFO] [1775391156.539015610] [navNode]: 状态2：Takeoff_wait--[TakeOff]
1775391156.5397296 [navNode-2] [INFO] [1775391156.539518700] [navNode]: 未到目标点
1775391156.5398364 [navNode-2] 目标位置:(0.0, 0.0, 0.7)-[TakeOff]-[MCU:False]-[POS:False]
1775391156.5398877 [navNode-2] 当前位置:(-0.0008638383005745709, 0.00025183765683323145, -0.00012580012844409794)
1775391156.6398671 [navNode-2] [INFO] [1775391156.639413104] [navNode]: 状态2：Takeoff_wait--[TakeOff]
1775391156.6404607 [navNode-2] [INFO] [1775391156.640169060] [navNode]: 未到目标点
1775391156.6407526 [navNode-2] 目标位置:(0.0, 0.0, 0.7)-[TakeOff]-[MCU:False]-[POS:False]
1775391156.6408591 [navNode-2] 当前位置:(-0.0007467318209819496, 0.00017830442811828107, -2.58534200838767e-05)
1775391156.7391179 [navNode-2] [INFO] [1775391156.738795916] [navNode]: 状态2：Takeoff_wait--[TakeOff]
1775391156.7395246 [navNode-2] [INFO] [1775391156.739265101] [navNode]: 未到目标点
1775391156.7396047 [navNode-2] 目标位置:(0.0, 0.0, 0.7)-[TakeOff]-[MCU:False]-[POS:False]
1775391156.7396541 [navNode-2] 当前位置:(-0.000866925809532404, 0.00017671758541837335, -0.0005885900463908911)
1775391156.8395441 [navNode-2] [INFO] [1775391156.839098865] [navNode]: 状态2：Takeoff_wait--[TakeOff]
1775391156.8400743 [navNode-2] [INFO] [1775391156.839606685] [navNode]: 未到目标点
1775391156.8401978 [navNode-2] 目标位置:(0.0, 0.0, 0.7)-[TakeOff]-[MCU:False]-[POS:False]
1775391156.8402958 [navNode-2] 当前位置:(-0.0006508207297883928, 7.956977788126096e-05, -0.00039274251321330667)
1775391156.9395599 [navNode-2] [INFO] [1775391156.939149686] [navNode]: 状态2：Takeoff_wait--[TakeOff]
1775391156.9400370 [navNode-2] [INFO] [1775391156.939647965] [navNode]: 未到目标点
1775391156.9401722 [navNode-2] 目标位置:(0.0, 0.0, 0.7)-[TakeOff]-[MCU:False]-[POS:False]
1775391156.9402328 [navNode-2] 当前位置:(-0.0006179343326948583, 0.00013560678053181618, 0.00010116730845766142)
1775391157.0401461 [navNode-2] [INFO] [1775391157.039772486] [navNode]: 状态2：Takeoff_wait--[TakeOff]
1775391157.0406375 [navNode-2] [INFO] [1775391157.040290511] [navNode]: 未到目标点
1775391157.0407763 [navNode-2] 目标位置:(0.0, 0.0, 0.7)-[TakeOff]-[MCU:False]-[POS:False]
1775391157.0408571 [navNode-2] 当前位置:(-0.0007239263504743576, 0.00017660623416304588, -0.00010085581743624061)
1775391157.1395948 [navNode-2] [INFO] [1775391157.139232448] [navNode]: 状态2：Takeoff_wait--[TakeOff]
1775391157.1400661 [navNode-2] [INFO] [1775391157.139701340] [navNode]: 未到目标点
1775391157.1402013 [navNode-2] 目标位置:(0.0, 0.0, 0.7)-[TakeOff]-[MCU:False]-[POS:False]
1775391157.1402597 [navNode-2] 当前位置:(-0.0008452812326140702, 0.0002532096696086228, -9.13066032808274e-05)
1775391157.2394798 [navNode-2] [INFO] [1775391157.239063037] [navNode]: 状态2：Takeoff_wait--[TakeOff]
1775391157.2399266 [navNode-2] [INFO] [1775391157.239505441] [navNode]: 未到目标点
1775391157.2400229 [navNode-2] 目标位置:(0.0, 0.0, 0.7)-[TakeOff]-[MCU:False]-[POS:False]
1775391157.2400944 [navNode-2] 当前位置:(-0.0007603267440572381, 0.0001728880451992154, -0.00021185014338698238)
1775391157.3392038 [navNode-2] [INFO] [1775391157.338886979] [navNode]: 状态2：Takeoff_wait--[TakeOff]
1775391157.3396645 [navNode-2] [INFO] [1775391157.339376067] [navNode]: 未到目标点
1775391157.3398013 [navNode-2] 目标位置:(0.0, 0.0, 0.7)-[TakeOff]-[MCU:False]-[POS:False]
1775391157.3399050 [navNode-2] 当前位置:(-0.0007820441969670355, 0.00018592484411783516, -0.00018108981021214277)
1775391157.4396458 [navNode-2] [INFO] [1775391157.439204476] [navNode]: 状态2：Takeoff_wait--[TakeOff]
1775391157.4401546 [navNode-2] [INFO] [1775391157.439676450] [navNode]: 未到目标点
1775391157.4403121 [navNode-2] 目标位置:(0.0, 0.0, 0.7)-[TakeOff]-[MCU:False]-[POS:False]
1775391157.4403784 [navNode-2] 当前位置:(-0.0007374139386229217, 6.859923450974748e-05, -0.0004870354605372995)
1775391157.5403459 [navNode-2] [INFO] [1775391157.539867596] [navNode]: 状态2：Takeoff_wait--[TakeOff]
1775391157.5408683 [navNode-2] [INFO] [1775391157.540552862] [navNode]: 未到目标点
1775391157.5410268 [navNode-2] 目标位置:(0.0, 0.0, 0.7)-[TakeOff]-[MCU:False]-[POS:False]
1775391157.5411270 [navNode-2] 当前位置:(-0.0007079290808178484, 0.0002111169305862859, -0.00015687194536440074)
1775391157.6397965 [navNode-2] [INFO] [1775391157.639400535] [navNode]: 状态2：Takeoff_wait--[TakeOff]
1775391157.6403356 [navNode-2] [INFO] [1775391157.639949034] [navNode]: 未到目标点
1775391157.6404903 [navNode-2] 目标位置:(0.0, 0.0, 0.7)-[TakeOff]-[MCU:False]-[POS:False]
1775391157.6405609 [navNode-2] 当前位置:(-0.0006156987510621548, 9.110685641644523e-05, -0.0005636621499434114)
1775391157.7400987 [navNode-2] [INFO] [1775391157.739422073] [navNode]: 状态2：Takeoff_wait--[TakeOff]
1775391157.7409296 [navNode-2] [INFO] [1775391157.739947842] [navNode]: 未到目标点
1775391157.7411296 [navNode-2] 目标位置:(0.0, 0.0, 0.7)-[TakeOff]-[MCU:False]-[POS:False]
1775391157.7411911 [navNode-2] 当前位置:(-0.000707199505995959, 0.00018325442215427756, -6.542388291563839e-05)
1775391157.8410475 [navNode-2] [INFO] [1775391157.840143598] [navNode]: 状态2：Takeoff_wait--[TakeOff]
1775391157.8412490 [navNode-2] [INFO] [1775391157.840624327] [navNode]: 未到目标点
1775391157.8412974 [navNode-2] 目标位置:(0.0, 0.0, 0.7)-[TakeOff]-[MCU:False]-[POS:False]
1775391157.8413358 [navNode-2] 当前位置:(-0.0006957279983907938, 0.00013247992319520563, -3.516721335472539e-05)
1775391157.9393504 [navNode-2] [INFO] [1775391157.939001473] [navNode]: 状态2：Takeoff_wait--[TakeOff]
1775391157.9398859 [navNode-2] [INFO] [1775391157.939444318] [navNode]: 未到目标点
1775391157.9400744 [navNode-2] 目标位置:(0.0, 0.0, 0.7)-[TakeOff]-[MCU:False]-[POS:False]
1775391157.9401824 [navNode-2] 当前位置:(-0.0009398218826390803, 0.00028196838684380054, -0.00016810405941214412)
1775391158.0394747 [navNode-2] [INFO] [1775391158.039154213] [navNode]: 状态2：Takeoff_wait--[TakeOff]
1775391158.0399370 [navNode-2] [INFO] [1775391158.039638184] [navNode]: 未到目标点
1775391158.0401003 [navNode-2] 目标位置:(0.0, 0.0, 0.7)-[TakeOff]-[MCU:False]-[POS:False]
1775391158.0401666 [navNode-2] 当前位置:(-0.0008288290118798614, 0.00020590098574757576, -6.337953527690843e-05)
1775391158.1392131 [navNode-2] [INFO] [1775391158.138883408] [navNode]: 状态2：Takeoff_wait--[TakeOff]
1775391158.1396303 [navNode-2] [INFO] [1775391158.139371283] [navNode]: 未到目标点
1775391158.1397171 [navNode-2] 目标位置:(0.0, 0.0, 0.7)-[TakeOff]-[MCU:False]-[POS:False]
1775391158.1397634 [navNode-2] 当前位置:(-0.0008416729397140443, 0.00024203085922636092, -0.00018880477000493556)
1775391158.2393060 [navNode-2] [INFO] [1775391158.238949397] [navNode]: 状态2：Takeoff_wait--[TakeOff]
1775391158.2397673 [navNode-2] [INFO] [1775391158.239499794] [navNode]: 未到目标点
1775391158.2398620 [navNode-2] 目标位置:(0.0, 0.0, 0.7)-[TakeOff]-[MCU:False]-[POS:False]
1775391158.2399170 [navNode-2] 当前位置:(-0.000687254942022264, 0.0001901227660709992, -0.00010716870019678026)
1775391158.3393488 [navNode-2] [INFO] [1775391158.339017450] [navNode]: 状态2：Takeoff_wait--[TakeOff]
1775391158.3399229 [navNode-2] [INFO] [1775391158.339512784] [navNode]: 未到目标点
1775391158.3400207 [navNode-2] 目标位置:(0.0, 0.0, 0.7)-[TakeOff]-[MCU:False]-[POS:False]
1775391158.3400738 [navNode-2] 当前位置:(-0.0007032630383037031, 0.0001394861756125465, -0.00017003975517582148)
1775391158.4394312 [navNode-2] [INFO] [1775391158.439055419] [navNode]: 状态2：Takeoff_wait--[TakeOff]
1775391158.4398618 [navNode-2] [INFO] [1775391158.439624703] [navNode]: 未到目标点
1775391158.4399419 [navNode-2] 目标位置:(0.0, 0.0, 0.7)-[TakeOff]-[MCU:False]-[POS:False]
1775391158.4399898 [navNode-2] 当前位置:(-0.0007336635608226061, 0.00018161155458074063, -0.00015558402810711414)
1775391158.5396733 [navNode-2] [INFO] [1775391158.539228362] [navNode]: 状态2：Takeoff_wait--[TakeOff]
1775391158.5402908 [navNode-2] [INFO] [1775391158.539827280] [navNode]: 未到目标点
1775391158.5404243 [navNode-2] 目标位置:(0.0, 0.0, 0.7)-[TakeOff]-[MCU:False]-[POS:False]
1775391158.5404992 [navNode-2] 当前位置:(-0.0006856019608676434, 0.00013998850772622973, -5.3989489970263094e-05)
1775391158.6395097 [navNode-2] [INFO] [1775391158.639171386] [navNode]: 状态2：Takeoff_wait--[TakeOff]
1775391158.6399555 [navNode-2] [INFO] [1775391158.639677108] [navNode]: 未到目标点
1775391158.6400959 [navNode-2] 目标位置:(0.0, 0.0, 0.7)-[TakeOff]-[MCU:False]-[POS:False]
1775391158.6401553 [navNode-2] 当前位置:(-0.0006345405126921833, 0.0003295225906185806, 4.639417056750972e-06)
1775391158.7392752 [navNode-2] [INFO] [1775391158.738913265] [navNode]: 状态2：Takeoff_wait--[TakeOff]
1775391158.7397983 [navNode-2] [INFO] [1775391158.739487927] [navNode]: 未到目标点
1775391158.7399509 [navNode-2] 目标位置:(0.0, 0.0, 0.7)-[TakeOff]-[MCU:False]-[POS:False]
1775391158.7400372 [navNode-2] 当前位置:(-0.0007380948518402874, 0.00022633136541116983, -9.350835171062499e-05)
1775391158.8397098 [navNode-2] [INFO] [1775391158.839307217] [navNode]: 状态2：Takeoff_wait--[TakeOff]
1775391158.8402185 [navNode-2] [INFO] [1775391158.839995233] [navNode]: 未到目标点
1775391158.8403039 [navNode-2] 目标位置:(0.0, 0.0, 0.7)-[TakeOff]-[MCU:False]-[POS:False]
1775391158.8403563 [navNode-2] 当前位置:(-0.000780412636231631, 0.00022985725081525743, -0.00015645785606466234)
1775391158.9396720 [navNode-2] [INFO] [1775391158.939304956] [navNode]: 状态2：Takeoff_wait--[TakeOff]
1775391158.9401400 [navNode-2] [INFO] [1775391158.939843006] [navNode]: 未到目标点
1775391158.9402266 [navNode-2] 目标位置:(0.0, 0.0, 0.7)-[TakeOff]-[MCU:False]-[POS:False]
1775391158.9402905 [navNode-2] 当前位置:(-0.0008317500469274819, 0.00021777296205982566, -0.0002446782309561968)
1775391159.0393267 [navNode-2] [INFO] [1775391159.038961757] [navNode]: 状态2：Takeoff_wait--[TakeOff]
1775391159.0397570 [navNode-2] [INFO] [1775391159.039474127] [navNode]: 未到目标点
1775391159.0398560 [navNode-2] 目标位置:(0.0, 0.0, 0.7)-[TakeOff]-[MCU:False]-[POS:False]
1775391159.0399044 [navNode-2] 当前位置:(-0.0007039353949949145, 0.00019051707931794226, -0.00010771395318442956)
1775391159.0752728 [WARNING] [launch]: user interrupted with ctrl-c (SIGINT)
1775391159.0824978 [myMain-1] Traceback (most recent call last):
1775391159.0830722 [myMain-1]   File "/home/focal/Desktop/2024_GroundStation/build/GroundStation/GroundStation/myMain.py", line 90, in update_pos
1775391159.0836024 [myMain-1]     def update_pos(self, info, x,y,z,confidence):
1775391159.0836859 [myMain-1] KeyboardInterrupt
1775391159.1366303 [INFO] [navNode-2]: process has finished cleanly [pid 22500]
1775391160.3322263 [WARNING] [launch]: user interrupted with ctrl-c (SIGINT) again, ignoring...
1775391160.3365278 [myMain-1] Traceback (most recent call last):
1775391160.3367016 [myMain-1]   File "/home/focal/Desktop/2024_GroundStation/build/GroundStation/GroundStation/myMain.py", line 90, in update_pos
1775391160.3367517 [myMain-1]     def update_pos(self, info, x,y,z,confidence):
1775391160.3367860 [myMain-1] KeyboardInterrupt
1775391161.0916679 [WARNING] [launch]: user interrupted with ctrl-c (SIGINT) again, ignoring...
1775391161.0959311 [myMain-1] Traceback (most recent call last):
1775391161.0961039 [myMain-1]   File "/home/focal/Desktop/2024_GroundStation/build/GroundStation/GroundStation/myMain.py", line 90, in update_pos
1775391161.0961738 [myMain-1]     def update_pos(self, info, x,y,z,confidence):
1775391161.0962131 [myMain-1] KeyboardInterrupt
1775391161.2589378 [WARNING] [launch]: user interrupted with ctrl-c (SIGINT) again, ignoring...
1775391161.2772713 [myMain-1] Traceback (most recent call last):
1775391161.2774370 [myMain-1]   File "/home/focal/Desktop/2024_GroundStation/build/GroundStation/GroundStation/myMain.py", line 90, in update_pos
1775391161.2774920 [myMain-1]     def update_pos(self, info, x,y,z,confidence):
1775391161.2775257 [myMain-1] KeyboardInterrupt
1775391161.4092789 [WARNING] [launch]: user interrupted with ctrl-c (SIGINT) again, ignoring...
1775391161.4163704 [myMain-1] Traceback (most recent call last):
1775391161.4165640 [myMain-1]   File "/home/focal/Desktop/2024_GroundStation/build/GroundStation/GroundStation/myMain.py", line 90, in update_pos
1775391161.4166617 [myMain-1]     def update_pos(self, info, x,y,z,confidence):
1775391161.4167070 [myMain-1] KeyboardInterrupt
1775391161.5388160 [WARNING] [launch]: user interrupted with ctrl-c (SIGINT) again, ignoring...
1775391161.5563183 [myMain-1] Traceback (most recent call last):
1775391161.5565045 [myMain-1]   File "/home/focal/Desktop/2024_GroundStation/build/GroundStation/GroundStation/myMain.py", line 90, in update_pos
1775391161.5565693 [myMain-1]     def update_pos(self, info, x,y,z,confidence):
1775391161.5566242 [myMain-1] KeyboardInterrupt
1775391164.0831051 [ERROR] [myMain-1]: process[myMain-1] failed to terminate '5' seconds after receiving 'SIGINT', escalating to 'SIGTERM'
1775391164.0837123 [INFO] [myMain-1]: sending signal 'SIGTERM' to process[myMain-1]
1775391164.1145887 [ERROR] [myMain-1]: process has died [pid 22498, exit code -15, cmd '/home/focal/Desktop/2024_GroundStation/install/GroundStation/lib/GroundStation/myMain --ros-args'].
