[0.826s] Invoking command in '/home/focal/Desktop/2024_GroundStation/build/uav_car_interfaces': CMAKE_PREFIX_PATH=/opt/ros/foxy /usr/bin/cmake --build /home/focal/Desktop/2024_GroundStation/build/uav_car_interfaces -- -j4 -l4
[1.376s] [ 10%] Built target uav_car_interfaces__rosidl_generator_c
[1.376s] [ 12%] Built target uav_car_interfaces__cpp
[1.532s] [ 23%] Built target uav_car_interfaces__rosidl_typesupport_cpp
[1.601s] [ 38%] Built target uav_car_interfaces__rosidl_typesupport_introspection_cpp
[1.602s] [ 44%] Built target uav_car_interfaces__rosidl_typesupport_fastrtps_cpp
[1.708s] [ 55%] Built target uav_car_interfaces__rosidl_typesupport_introspection_c
[1.807s] [ 65%] Built target uav_car_interfaces__rosidl_typesupport_fastrtps_c
[1.807s] [ 76%] Built target uav_car_interfaces__rosidl_typesupport_c
[2.011s] [ 76%] Built target uav_car_interfaces
[2.099s] [ 78%] Built target uav_car_interfaces__py
[2.265s] [ 87%] Built target uav_car_interfaces__python
[2.512s] [ 91%] Built target uav_car_interfaces__rosidl_typesupport_introspection_c__pyext
[2.517s] [ 95%] Built target uav_car_interfaces__rosidl_typesupport_c__pyext
[2.543s] [100%] Built target uav_car_interfaces__rosidl_typesupport_fastrtps_c__pyext
[2.586s] Invoked command in '/home/focal/Desktop/2024_GroundStation/build/uav_car_interfaces' returned '0': CMAKE_PREFIX_PATH=/opt/ros/foxy /usr/bin/cmake --build /home/focal/Desktop/2024_GroundStation/build/uav_car_interfaces -- -j4 -l4
[2.629s] Invoking command in '/home/focal/Desktop/2024_GroundStation/build/uav_car_interfaces': CMAKE_PREFIX_PATH=/opt/ros/foxy /usr/bin/cmake --install /home/focal/Desktop/2024_GroundStation/build/uav_car_interfaces
[2.644s] -- Install configuration: ""
[2.647s] -- Execute custom install script
[2.647s] -- Up-to-date symlink: /home/focal/Desktop/2024_GroundStation/install/uav_car_interfaces/share/ament_index/resource_index/rosidl_interfaces/uav_car_interfaces
[2.695s] -- Up-to-date symlink: /home/focal/Desktop/2024_GroundStation/install/uav_car_interfaces/include/uav_car_interfaces/msg/detail/image_processor_data__functions.h
[2.695s] -- Up-to-date symlink: /home/focal/Desktop/2024_GroundStation/install/uav_car_interfaces/include/uav_car_interfaces/msg/detail/image_processor_data__struct.h
[2.696s] -- Up-to-date symlink: /home/focal/Desktop/2024_GroundStation/install/uav_car_interfaces/include/uav_car_interfaces/msg/detail/image_processor_data__type_support.h
[2.696s] -- Up-to-date symlink: /home/focal/Desktop/2024_GroundStation/install/uav_car_interfaces/include/uav_car_interfaces/msg/detail/t265_data__functions.h
[2.696s] -- Up-to-date symlink: /home/focal/Desktop/2024_GroundStation/install/uav_car_interfaces/include/uav_car_interfaces/msg/detail/t265_data__struct.h
[2.696s] -- Up-to-date symlink: /home/focal/Desktop/2024_GroundStation/install/uav_car_interfaces/include/uav_car_interfaces/msg/detail/t265_data__type_support.h
[2.696s] -- Up-to-date symlink: /home/focal/Desktop/2024_GroundStation/install/uav_car_interfaces/include/uav_car_interfaces/msg/image_processor_data.h
[2.696s] -- Up-to-date symlink: /home/focal/Desktop/2024_GroundStation/install/uav_car_interfaces/include/uav_car_interfaces/msg/rosidl_generator_c__visibility_control.h
[2.696s] -- Up-to-date symlink: /home/focal/Desktop/2024_GroundStation/install/uav_car_interfaces/include/uav_car_interfaces/msg/t265_data.h
[2.696s] -- Up-to-date symlink: /home/focal/Desktop/2024_GroundStation/install/uav_car_interfaces/include/uav_car_interfaces/srv/control_service.h
[2.696s] -- Up-to-date symlink: /home/focal/Desktop/2024_GroundStation/install/uav_car_interfaces/include/uav_car_interfaces/srv/detail/control_service__functions.h
[2.696s] -- Up-to-date symlink: /home/focal/Desktop/2024_GroundStation/install/uav_car_interfaces/include/uav_car_interfaces/srv/detail/control_service__struct.h
[2.697s] -- Up-to-date symlink: /home/focal/Desktop/2024_GroundStation/install/uav_car_interfaces/include/uav_car_interfaces/srv/detail/control_service__type_support.h
[2.697s] -- Up-to-date symlink: /home/focal/Desktop/2024_GroundStation/install/uav_car_interfaces/share/uav_car_interfaces/environment/library_path.sh
[2.697s] -- Up-to-date symlink: /home/focal/Desktop/2024_GroundStation/install/uav_car_interfaces/share/uav_car_interfaces/environment/library_path.dsv
[2.697s] -- Up-to-date symlink: /home/focal/Desktop/2024_GroundStation/install/uav_car_interfaces/include/uav_car_interfaces/msg/detail/image_processor_data__rosidl_typesupport_fastrtps_c.h
[2.697s] -- Up-to-date symlink: /home/focal/Desktop/2024_GroundStation/install/uav_car_interfaces/include/uav_car_interfaces/msg/detail/t265_data__rosidl_typesupport_fastrtps_c.h
[2.697s] -- Up-to-date symlink: /home/focal/Desktop/2024_GroundStation/install/uav_car_interfaces/include/uav_car_interfaces/msg/rosidl_typesupport_fastrtps_c__visibility_control.h
[2.697s] -- Up-to-date symlink: /home/focal/Desktop/2024_GroundStation/install/uav_car_interfaces/include/uav_car_interfaces/srv/detail/control_service__rosidl_typesupport_fastrtps_c.h
[2.697s] -- Up-to-date symlink: /home/focal/Desktop/2024_GroundStation/install/uav_car_interfaces/lib/libuav_car_interfaces__rosidl_typesupport_fastrtps_c.so
[2.697s] -- Up-to-date symlink: /home/focal/Desktop/2024_GroundStation/install/uav_car_interfaces/include/uav_car_interfaces/msg/detail/image_processor_data__rosidl_typesupport_fastrtps_cpp.hpp
[2.697s] -- Up-to-date symlink: /home/focal/Desktop/2024_GroundStation/install/uav_car_interfaces/include/uav_car_interfaces/msg/detail/t265_data__rosidl_typesupport_fastrtps_cpp.hpp
[2.698s] -- Up-to-date symlink: /home/focal/Desktop/2024_GroundStation/install/uav_car_interfaces/include/uav_car_interfaces/msg/rosidl_typesupport_fastrtps_cpp__visibility_control.h
[2.698s] -- Up-to-date symlink: /home/focal/Desktop/2024_GroundStation/install/uav_car_interfaces/include/uav_car_interfaces/srv/detail/control_service__rosidl_typesupport_fastrtps_cpp.hpp
[2.698s] -- Up-to-date symlink: /home/focal/Desktop/2024_GroundStation/install/uav_car_interfaces/lib/libuav_car_interfaces__rosidl_typesupport_fastrtps_cpp.so
[2.698s] -- Up-to-date symlink: /home/focal/Desktop/2024_GroundStation/install/uav_car_interfaces/include/uav_car_interfaces/msg/detail/image_processor_data__rosidl_typesupport_introspection_c.h
[2.698s] -- Up-to-date symlink: /home/focal/Desktop/2024_GroundStation/install/uav_car_interfaces/include/uav_car_interfaces/msg/detail/t265_data__rosidl_typesupport_introspection_c.h
[2.698s] -- Up-to-date symlink: /home/focal/Desktop/2024_GroundStation/install/uav_car_interfaces/include/uav_car_interfaces/msg/rosidl_typesupport_introspection_c__visibility_control.h
[2.698s] -- Up-to-date symlink: /home/focal/Desktop/2024_GroundStation/install/uav_car_interfaces/include/uav_car_interfaces/srv/detail/control_service__rosidl_typesupport_introspection_c.h
[2.698s] -- Up-to-date symlink: /home/focal/Desktop/2024_GroundStation/install/uav_car_interfaces/include/uav_car_interfaces/msg/detail/image_processor_data__builder.hpp
[2.698s] -- Up-to-date symlink: /home/focal/Desktop/2024_GroundStation/install/uav_car_interfaces/include/uav_car_interfaces/msg/detail/image_processor_data__struct.hpp
[2.698s] -- Up-to-date symlink: /home/focal/Desktop/2024_GroundStation/install/uav_car_interfaces/include/uav_car_interfaces/msg/detail/image_processor_data__traits.hpp
[2.699s] -- Up-to-date symlink: /home/focal/Desktop/2024_GroundStation/install/uav_car_interfaces/include/uav_car_interfaces/msg/detail/image_processor_data__type_support.hpp
[2.699s] -- Up-to-date symlink: /home/focal/Desktop/2024_GroundStation/install/uav_car_interfaces/include/uav_car_interfaces/msg/detail/t265_data__builder.hpp
[2.699s] -- Up-to-date symlink: /home/focal/Desktop/2024_GroundStation/install/uav_car_interfaces/include/uav_car_interfaces/msg/detail/t265_data__struct.hpp
[2.699s] -- Up-to-date symlink: /home/focal/Desktop/2024_GroundStation/install/uav_car_interfaces/include/uav_car_interfaces/msg/detail/t265_data__traits.hpp
[2.719s] -- Up-to-date symlink: /home/focal/Desktop/2024_GroundStation/install/uav_car_interfaces/include/uav_car_interfaces/msg/detail/t265_data__type_support.hpp
[2.719s] -- Up-to-date symlink: /home/focal/Desktop/2024_GroundStation/install/uav_car_interfaces/include/uav_car_interfaces/msg/image_processor_data.hpp
[2.719s] -- Up-to-date symlink: /home/focal/Desktop/2024_GroundStation/install/uav_car_interfaces/include/uav_car_interfaces/msg/rosidl_generator_cpp__visibility_control.hpp
[2.720s] -- Up-to-date symlink: /home/focal/Desktop/2024_GroundStation/install/uav_car_interfaces/include/uav_car_interfaces/msg/t265_data.hpp
[2.720s] -- Up-to-date symlink: /home/focal/Desktop/2024_GroundStation/install/uav_car_interfaces/include/uav_car_interfaces/srv/control_service.hpp
[2.720s] -- Up-to-date symlink: /home/focal/Desktop/2024_GroundStation/install/uav_car_interfaces/include/uav_car_interfaces/srv/detail/control_service__builder.hpp
[2.720s] -- Up-to-date symlink: /home/focal/Desktop/2024_GroundStation/install/uav_car_interfaces/include/uav_car_interfaces/srv/detail/control_service__struct.hpp
[2.720s] -- Up-to-date symlink: /home/focal/Desktop/2024_GroundStation/install/uav_car_interfaces/include/uav_car_interfaces/srv/detail/control_service__traits.hpp
[2.720s] -- Up-to-date symlink: /home/focal/Desktop/2024_GroundStation/install/uav_car_interfaces/include/uav_car_interfaces/srv/detail/control_service__type_support.hpp
[2.720s] -- Up-to-date symlink: /home/focal/Desktop/2024_GroundStation/install/uav_car_interfaces/include/uav_car_interfaces/msg/detail/image_processor_data__rosidl_typesupport_introspection_cpp.hpp
[2.720s] -- Up-to-date symlink: /home/focal/Desktop/2024_GroundStation/install/uav_car_interfaces/include/uav_car_interfaces/msg/detail/t265_data__rosidl_typesupport_introspection_cpp.hpp
[2.721s] -- Up-to-date symlink: /home/focal/Desktop/2024_GroundStation/install/uav_car_interfaces/include/uav_car_interfaces/srv/detail/control_service__rosidl_typesupport_introspection_cpp.hpp
[2.721s] -- Up-to-date symlink: /home/focal/Desktop/2024_GroundStation/install/uav_car_interfaces/share/uav_car_interfaces/environment/pythonpath.sh
[2.721s] -- Up-to-date symlink: /home/focal/Desktop/2024_GroundStation/install/uav_car_interfaces/share/uav_car_interfaces/environment/pythonpath.dsv
[2.721s] -- Up-to-date symlink: /home/focal/Desktop/2024_GroundStation/install/uav_car_interfaces/lib/python3.8/site-packages/uav_car_interfaces/__init__.py
[2.721s] -- Up-to-date symlink: /home/focal/Desktop/2024_GroundStation/install/uav_car_interfaces/lib/python3.8/site-packages/uav_car_interfaces/msg/__init__.py
[2.721s] -- Up-to-date symlink: /home/focal/Desktop/2024_GroundStation/install/uav_car_interfaces/lib/python3.8/site-packages/uav_car_interfaces/msg/_image_processor_data.py
[2.721s] -- Up-to-date symlink: /home/focal/Desktop/2024_GroundStation/install/uav_car_interfaces/lib/python3.8/site-packages/uav_car_interfaces/msg/_t265_data.py
[2.721s] -- Up-to-date symlink: /home/focal/Desktop/2024_GroundStation/install/uav_car_interfaces/lib/python3.8/site-packages/uav_car_interfaces/srv/__init__.py
[2.721s] -- Up-to-date symlink: /home/focal/Desktop/2024_GroundStation/install/uav_car_interfaces/lib/python3.8/site-packages/uav_car_interfaces/srv/_control_service.py
[2.722s] -- Up-to-date symlink: /home/focal/Desktop/2024_GroundStation/install/uav_car_interfaces/lib/python3.8/site-packages/uav_car_interfaces/uav_car_interfaces_s__rosidl_typesupport_fastrtps_c.cpython-38-x86_64-linux-gnu.so
[2.722s] -- Up-to-date symlink: /home/focal/Desktop/2024_GroundStation/install/uav_car_interfaces/lib/python3.8/site-packages/uav_car_interfaces/uav_car_interfaces_s__rosidl_typesupport_introspection_c.cpython-38-x86_64-linux-gnu.so
[2.722s] -- Up-to-date symlink: /home/focal/Desktop/2024_GroundStation/install/uav_car_interfaces/lib/python3.8/site-packages/uav_car_interfaces/uav_car_interfaces_s__rosidl_typesupport_c.cpython-38-x86_64-linux-gnu.so
[2.722s] -- Up-to-date symlink: /home/focal/Desktop/2024_GroundStation/install/uav_car_interfaces/lib/libuav_car_interfaces__python.so
[2.722s] -- Up-to-date symlink: /home/focal/Desktop/2024_GroundStation/install/uav_car_interfaces/share/uav_car_interfaces/msg/T265Data.idl
[2.722s] -- Up-to-date symlink: /home/focal/Desktop/2024_GroundStation/install/uav_car_interfaces/share/uav_car_interfaces/msg/ImageProcessorData.idl
[2.722s] -- Up-to-date symlink: /home/focal/Desktop/2024_GroundStation/install/uav_car_interfaces/share/uav_car_interfaces/srv/ControlService.idl
[2.722s] -- Up-to-date symlink: /home/focal/Desktop/2024_GroundStation/install/uav_car_interfaces/share/uav_car_interfaces/msg/T265Data.msg
[2.722s] -- Up-to-date symlink: /home/focal/Desktop/2024_GroundStation/install/uav_car_interfaces/share/uav_car_interfaces/msg/ImageProcessorData.msg
[2.723s] -- Up-to-date symlink: /home/focal/Desktop/2024_GroundStation/install/uav_car_interfaces/share/uav_car_interfaces/srv/ControlService.srv
[2.723s] -- Up-to-date symlink: /home/focal/Desktop/2024_GroundStation/install/uav_car_interfaces/share/uav_car_interfaces/srv/ControlService_Request.msg
[2.723s] -- Up-to-date symlink: /home/focal/Desktop/2024_GroundStation/install/uav_car_interfaces/share/uav_car_interfaces/srv/ControlService_Response.msg
[2.731s] -- Up-to-date symlink: /home/focal/Desktop/2024_GroundStation/install/uav_car_interfaces/share/ament_index/resource_index/package_run_dependencies/uav_car_interfaces
[2.731s] -- Up-to-date symlink: /home/focal/Desktop/2024_GroundStation/install/uav_car_interfaces/share/ament_index/resource_index/parent_prefix_path/uav_car_interfaces
[2.731s] -- Up-to-date symlink: /home/focal/Desktop/2024_GroundStation/install/uav_car_interfaces/share/uav_car_interfaces/environment/ament_prefix_path.sh
[2.731s] -- Up-to-date symlink: /home/focal/Desktop/2024_GroundStation/install/uav_car_interfaces/share/uav_car_interfaces/environment/ament_prefix_path.dsv
[2.731s] -- Up-to-date symlink: /home/focal/Desktop/2024_GroundStation/install/uav_car_interfaces/share/uav_car_interfaces/environment/path.sh
[2.731s] -- Up-to-date symlink: /home/focal/Desktop/2024_GroundStation/install/uav_car_interfaces/share/uav_car_interfaces/environment/path.dsv
[2.731s] -- Up-to-date symlink: /home/focal/Desktop/2024_GroundStation/install/uav_car_interfaces/share/uav_car_interfaces/local_setup.bash
[2.731s] -- Up-to-date symlink: /home/focal/Desktop/2024_GroundStation/install/uav_car_interfaces/share/uav_car_interfaces/local_setup.sh
[2.731s] -- Up-to-date symlink: /home/focal/Desktop/2024_GroundStation/install/uav_car_interfaces/share/uav_car_interfaces/local_setup.zsh
[2.731s] -- Up-to-date symlink: /home/focal/Desktop/2024_GroundStation/install/uav_car_interfaces/share/uav_car_interfaces/local_setup.dsv
[2.731s] -- Symlinking: /home/focal/Desktop/2024_GroundStation/install/uav_car_interfaces/share/uav_car_interfaces/package.dsv
[2.774s] -- Up-to-date symlink: /home/focal/Desktop/2024_GroundStation/install/uav_car_interfaces/share/ament_index/resource_index/packages/uav_car_interfaces
[2.788s] -- Up-to-date symlink: /home/focal/Desktop/2024_GroundStation/install/uav_car_interfaces/share/uav_car_interfaces/cmake/rosidl_cmake-extras.cmake
[2.788s] -- Up-to-date symlink: /home/focal/Desktop/2024_GroundStation/install/uav_car_interfaces/share/uav_car_interfaces/cmake/ament_cmake_export_dependencies-extras.cmake
[2.788s] -- Up-to-date symlink: /home/focal/Desktop/2024_GroundStation/install/uav_car_interfaces/share/uav_car_interfaces/cmake/ament_cmake_export_libraries-extras.cmake
[2.788s] -- Up-to-date symlink: /home/focal/Desktop/2024_GroundStation/install/uav_car_interfaces/share/uav_car_interfaces/cmake/ament_cmake_export_targets-extras.cmake
[2.788s] -- Up-to-date symlink: /home/focal/Desktop/2024_GroundStation/install/uav_car_interfaces/share/uav_car_interfaces/cmake/ament_cmake_export_include_directories-extras.cmake
[2.788s] -- Up-to-date symlink: /home/focal/Desktop/2024_GroundStation/install/uav_car_interfaces/share/uav_car_interfaces/cmake/rosidl_cmake_export_typesupport_libraries-extras.cmake
[2.788s] -- Up-to-date symlink: /home/focal/Desktop/2024_GroundStation/install/uav_car_interfaces/share/uav_car_interfaces/cmake/rosidl_cmake_export_typesupport_targets-extras.cmake
[2.788s] -- Up-to-date symlink: /home/focal/Desktop/2024_GroundStation/install/uav_car_interfaces/share/uav_car_interfaces/cmake/uav_car_interfacesConfig.cmake
[2.789s] -- Up-to-date symlink: /home/focal/Desktop/2024_GroundStation/install/uav_car_interfaces/share/uav_car_interfaces/cmake/uav_car_interfacesConfig-version.cmake
[2.789s] -- Up-to-date symlink: /home/focal/Desktop/2024_GroundStation/install/uav_car_interfaces/share/uav_car_interfaces/package.xml
[2.798s] -- Up-to-date: /home/focal/Desktop/2024_GroundStation/install/uav_car_interfaces/lib/libuav_car_interfaces__rosidl_generator_c.so
[2.804s] -- Up-to-date: /home/focal/Desktop/2024_GroundStation/install/uav_car_interfaces/lib/libuav_car_interfaces__rosidl_typesupport_introspection_c.so
[2.807s] -- Up-to-date: /home/focal/Desktop/2024_GroundStation/install/uav_car_interfaces/lib/libuav_car_interfaces__rosidl_typesupport_c.so
[2.809s] -- Up-to-date: /home/focal/Desktop/2024_GroundStation/install/uav_car_interfaces/lib/libuav_car_interfaces__rosidl_typesupport_introspection_cpp.so
[2.811s] -- Up-to-date: /home/focal/Desktop/2024_GroundStation/install/uav_car_interfaces/lib/libuav_car_interfaces__rosidl_typesupport_cpp.so
[2.934s] -- Up-to-date: /home/focal/Desktop/2024_GroundStation/install/uav_car_interfaces/share/uav_car_interfaces/cmake/uav_car_interfaces__rosidl_generator_cExport.cmake
[2.935s] -- Up-to-date: /home/focal/Desktop/2024_GroundStation/install/uav_car_interfaces/share/uav_car_interfaces/cmake/uav_car_interfaces__rosidl_generator_cExport-noconfig.cmake
[2.936s] -- Up-to-date: /home/focal/Desktop/2024_GroundStation/install/uav_car_interfaces/share/uav_car_interfaces/cmake/uav_car_interfaces__rosidl_typesupport_introspection_cExport.cmake
[2.936s] -- Up-to-date: /home/focal/Desktop/2024_GroundStation/install/uav_car_interfaces/share/uav_car_interfaces/cmake/uav_car_interfaces__rosidl_typesupport_introspection_cExport-noconfig.cmake
[2.937s] -- Up-to-date: /home/focal/Desktop/2024_GroundStation/install/uav_car_interfaces/share/uav_car_interfaces/cmake/uav_car_interfaces__rosidl_typesupport_cExport.cmake
[2.937s] -- Up-to-date: /home/focal/Desktop/2024_GroundStation/install/uav_car_interfaces/share/uav_car_interfaces/cmake/uav_car_interfaces__rosidl_typesupport_cExport-noconfig.cmake
[2.938s] -- Up-to-date: /home/focal/Desktop/2024_GroundStation/install/uav_car_interfaces/share/uav_car_interfaces/cmake/uav_car_interfaces__rosidl_generator_cppExport.cmake
[2.939s] -- Up-to-date: /home/focal/Desktop/2024_GroundStation/install/uav_car_interfaces/share/uav_car_interfaces/cmake/uav_car_interfaces__rosidl_typesupport_introspection_cppExport.cmake
[2.939s] -- Up-to-date: /home/focal/Desktop/2024_GroundStation/install/uav_car_interfaces/share/uav_car_interfaces/cmake/uav_car_interfaces__rosidl_typesupport_introspection_cppExport-noconfig.cmake
[2.940s] -- Up-to-date: /home/focal/Desktop/2024_GroundStation/install/uav_car_interfaces/share/uav_car_interfaces/cmake/uav_car_interfaces__rosidl_typesupport_cppExport.cmake
[2.940s] -- Up-to-date: /home/focal/Desktop/2024_GroundStation/install/uav_car_interfaces/share/uav_car_interfaces/cmake/uav_car_interfaces__rosidl_typesupport_cppExport-noconfig.cmake
[2.945s] Invoked command in '/home/focal/Desktop/2024_GroundStation/build/uav_car_interfaces' returned '0': CMAKE_PREFIX_PATH=/opt/ros/foxy /usr/bin/cmake --install /home/focal/Desktop/2024_GroundStation/build/uav_car_interfaces
