1775400448.4694784 [INFO] [launch]: All log files can be found below /home/focal/Desktop/2024_GroundStation/run_log/2026-04-05-07-47-28-464545-ubuntu-41177
1775400448.4701281 [INFO] [launch]: Default logging verbosity is set to INFO
1775400448.5940156 [INFO] [myMain-1]: process started with pid [41190]
1775400448.5944278 [INFO] [navNode-2]: process started with pid [41192]
1775400448.9387820 [navNode-2] [INFO] [1775400448.938493754] [navNode]: paths: [
1775400448.9390960 [navNode-2]   {"x": 0.00, "y": 0.00, "z": 0.70, "label": "TakeOff", "qrcode": "", "label2": ""       , "qrcode2": "" },
1775400448.9392297 [navNode-2]   {"x":-0.25, "y": 0.75, "z": 0.80, "label": "A6"     , "qrcode": "", "label2": ""       , "qrcode2": "" },
1775400448.9393549 [navNode-2]   {"x":-0.25, "y": 0.75, "z": 1.20, "label": "A3"     , "qrcode": "", "label2": ""       , "qrcode2": "" },
1775400448.9394639 [navNode-2]   {"x":-0.25, "y": 1.25, "z": 1.20, "label": "A2"     , "qrcode": "", "label2": ""       , "qrcode2": "" },
1775400448.9395618 [navNode-2]   {"x":-0.25, "y": 1.25, "z": 0.80, "label": "A5"     , "qrcode": "", "label2": ""       , "qrcode2": "" },
1775400448.9396582 [navNode-2]   {"x":-0.25, "y": 1.75, "z": 0.80, "label": "A4"     , "qrcode": "", "label2": ""       , "qrcode2": "" },
1775400448.9397538 [navNode-2]   {"x":-0.25, "y": 1.75, "z": 1.20, "label": "A1"     , "qrcode": "", "label2": ""       , "qrcode2": "" },
1775400448.9398503 [navNode-2]   {"x":-0.25, "y": 2.00, "z": 0.70, "label": "UpSide1", "qrcode": "", "label2": ""       , "qrcode2": "" },
1775400448.9399467 [navNode-2]   {"x": 0.00, "y": 2.00, "z": 0.70, "label": "LandPos", "qrcode": "", "label2": ""       , "qrcode2": "" }
1775400448.9400432 [navNode-2] ]
1775400448.9401402 [navNode-2] 
1775400448.9471965 [navNode-2] [INFO] [1775400448.946980118] [navNode]: 上位机导航节点启动成功
1775400450.1857839 [myMain-1] [INFO] [1775400450.185459632] [Ground]: ros2 node launch success:Ground!
1775400453.0785887 [myMain-1] [INFO] [1775400453.077885102] [Ground]: 发送 scan_all 成功
1775400453.0796797 [navNode-2] [INFO] [1775400453.079474360] [navNode]: 收到来自UI的请求：scan_all
1775400453.0801339 [navNode-2] [WARN] [1775400453.080025816] [navNode]: 任务开始执行scan_all
1775400453.0819793 [myMain-1] [INFO] [1775400453.081814108] [Ground]: scan_all 响应成功 → 回复：scan_all
1775400453.1813474 [navNode-2] [INFO] [1775400453.180961440] [navNode]: 状态1：Takeoff--[TakeOff]
1775400453.4340844 [navNode-2] [ERROR] [1775400453.433226565] [navNode]: 发送 takeoff 失败: ROS2 服务 [ControlService] 未启动或超时
1775400453.4378598 [navNode-2] [INFO] [1775400453.437295246] [navNode]: 状态2：Takeoff_wait--[TakeOff]
1775400453.4390087 [navNode-2] [INFO] [1775400453.438450285] [navNode]: 未到目标点
1775400453.4392817 [navNode-2] 目标位置：(0.00, 0.00, 0.70)
1775400453.4393997 [navNode-2] 当前位置：(0.00, 0.00, 0.00)
1775400453.4811563 [navNode-2] [INFO] [1775400453.480858533] [navNode]: 状态2：Takeoff_wait--[TakeOff]
1775400453.4815202 [navNode-2] [INFO] [1775400453.481229926] [navNode]: 未到目标点
1775400453.4816175 [navNode-2] 目标位置：(0.00, 0.00, 0.70)
1775400453.4816623 [navNode-2] 当前位置：(0.00, 0.00, 0.00)
1775400453.5809774 [navNode-2] [INFO] [1775400453.580681658] [navNode]: 状态2：Takeoff_wait--[TakeOff]
1775400453.5813112 [navNode-2] [INFO] [1775400453.581053562] [navNode]: 未到目标点
1775400453.5813682 [navNode-2] 目标位置：(0.00, 0.00, 0.70)
1775400453.5814011 [navNode-2] 当前位置：(0.00, 0.00, 0.00)
1775400453.6815670 [navNode-2] [INFO] [1775400453.680973696] [navNode]: 状态2：Takeoff_wait--[TakeOff]
1775400453.6822240 [navNode-2] [INFO] [1775400453.681389740] [navNode]: 未到目标点
1775400453.6823125 [navNode-2] 目标位置：(0.00, 0.00, 0.70)
1775400453.6823514 [navNode-2] 当前位置：(0.00, 0.00, 0.00)
1775400453.7812505 [navNode-2] [INFO] [1775400453.780957947] [navNode]: 状态2：Takeoff_wait--[TakeOff]
1775400453.7815866 [navNode-2] [INFO] [1775400453.781338603] [navNode]: 未到目标点
1775400453.7816978 [navNode-2] 目标位置：(0.00, 0.00, 0.70)
1775400453.7817445 [navNode-2] 当前位置：(0.00, 0.00, 0.00)
1775400453.8811972 [navNode-2] [INFO] [1775400453.880830765] [navNode]: 状态2：Takeoff_wait--[TakeOff]
1775400453.8815160 [navNode-2] [INFO] [1775400453.881225915] [navNode]: 未到目标点
1775400453.8816023 [navNode-2] 目标位置：(0.00, 0.00, 0.70)
1775400453.8816817 [navNode-2] 当前位置：(0.00, 0.00, 0.00)
1775400453.9838064 [navNode-2] [INFO] [1775400453.983187293] [navNode]: 状态2：Takeoff_wait--[TakeOff]
1775400453.9845555 [navNode-2] [INFO] [1775400453.984185269] [navNode]: 未到目标点
1775400453.9847479 [navNode-2] 目标位置：(0.00, 0.00, 0.70)
1775400453.9848523 [navNode-2] 当前位置：(0.00, 0.00, 0.00)
1775400454.0830817 [navNode-2] [INFO] [1775400454.082510266] [navNode]: 状态2：Takeoff_wait--[TakeOff]
1775400454.0833976 [navNode-2] [INFO] [1775400454.083224303] [navNode]: 未到目标点
1775400454.0834551 [navNode-2] 目标位置：(0.00, 0.00, 0.70)
1775400454.0834932 [navNode-2] 当前位置：(0.00, 0.00, 0.00)
1775400454.1814251 [navNode-2] [INFO] [1775400454.181039562] [navNode]: 状态2：Takeoff_wait--[TakeOff]
1775400454.1817956 [navNode-2] [INFO] [1775400454.181412221] [navNode]: 未到目标点
1775400454.1818776 [navNode-2] 目标位置：(0.00, 0.00, 0.70)
1775400454.1819174 [navNode-2] 当前位置：(0.00, 0.00, 0.00)
1775400454.2812028 [navNode-2] [INFO] [1775400454.280891338] [navNode]: 状态2：Takeoff_wait--[TakeOff]
1775400454.2815733 [navNode-2] [INFO] [1775400454.281269814] [navNode]: 未到目标点
1775400454.2816548 [navNode-2] 目标位置：(0.00, 0.00, 0.70)
1775400454.2817159 [navNode-2] 当前位置：(0.00, 0.00, 0.00)
1775400454.3814721 [navNode-2] [INFO] [1775400454.381162402] [navNode]: 状态2：Takeoff_wait--[TakeOff]
1775400454.3818250 [navNode-2] [INFO] [1775400454.381527193] [navNode]: 未到目标点
1775400454.3819203 [navNode-2] 目标位置：(0.00, 0.00, 0.70)
1775400454.3819778 [navNode-2] 当前位置：(0.00, 0.00, 0.00)
1775400454.4818730 [navNode-2] [INFO] [1775400454.481573246] [navNode]: 状态2：Takeoff_wait--[TakeOff]
1775400454.4822428 [navNode-2] [INFO] [1775400454.481944245] [navNode]: 未到目标点
1775400454.4823225 [navNode-2] 目标位置：(0.00, 0.00, 0.70)
1775400454.4823833 [navNode-2] 当前位置：(0.00, 0.00, 0.00)
1775400454.5814877 [navNode-2] [INFO] [1775400454.581128464] [navNode]: 状态2：Takeoff_wait--[TakeOff]
1775400454.5819430 [navNode-2] [INFO] [1775400454.581497464] [navNode]: 未到目标点
1775400454.5820448 [navNode-2] 目标位置：(0.00, 0.00, 0.70)
1775400454.5820913 [navNode-2] 当前位置：(0.00, 0.00, 0.00)
1775400454.6811047 [navNode-2] [INFO] [1775400454.680837402] [navNode]: 状态2：Takeoff_wait--[TakeOff]
1775400454.6814332 [navNode-2] [INFO] [1775400454.681241517] [navNode]: 未到目标点
1775400454.6815102 [navNode-2] 目标位置：(0.00, 0.00, 0.70)
1775400454.6815548 [navNode-2] 当前位置：(0.00, 0.00, 0.00)
1775400454.7811394 [navNode-2] [INFO] [1775400454.780849971] [navNode]: 状态2：Takeoff_wait--[TakeOff]
1775400454.7814825 [navNode-2] [INFO] [1775400454.781208559] [navNode]: 未到目标点
1775400454.7815597 [navNode-2] 目标位置：(0.00, 0.00, 0.70)
1775400454.7815990 [navNode-2] 当前位置：(0.00, 0.00, 0.00)
1775400454.8812783 [navNode-2] [INFO] [1775400454.880913928] [navNode]: 状态2：Takeoff_wait--[TakeOff]
1775400454.8816459 [navNode-2] [INFO] [1775400454.881294513] [navNode]: 未到目标点
1775400454.8817434 [navNode-2] 目标位置：(0.00, 0.00, 0.70)
1775400454.8817906 [navNode-2] 当前位置：(0.00, 0.00, 0.00)
1775400454.9812512 [navNode-2] [INFO] [1775400454.980886107] [navNode]: 状态2：Takeoff_wait--[TakeOff]
1775400454.9815996 [navNode-2] [INFO] [1775400454.981283237] [navNode]: 未到目标点
1775400454.9816828 [navNode-2] 目标位置：(0.00, 0.00, 0.70)
1775400454.9817202 [navNode-2] 当前位置：(0.00, 0.00, 0.00)
1775400455.0819373 [navNode-2] [INFO] [1775400455.081398944] [navNode]: 状态2：Takeoff_wait--[TakeOff]
1775400455.0826817 [navNode-2] [INFO] [1775400455.081793092] [navNode]: 未到目标点
1775400455.0827754 [navNode-2] 目标位置：(0.00, 0.00, 0.70)
1775400455.0828202 [navNode-2] 当前位置：(0.00, 0.00, 0.00)
1775400455.1810992 [navNode-2] [INFO] [1775400455.180744941] [navNode]: 状态2：Takeoff_wait--[TakeOff]
1775400455.1814804 [navNode-2] [INFO] [1775400455.181097220] [navNode]: 未到目标点
1775400455.1815555 [navNode-2] 目标位置：(0.00, 0.00, 0.70)
1775400455.1815941 [navNode-2] 当前位置：(0.00, 0.00, 0.00)
1775400455.2812295 [navNode-2] [INFO] [1775400455.280855908] [navNode]: 状态2：Takeoff_wait--[TakeOff]
1775400455.2816308 [navNode-2] [INFO] [1775400455.281223424] [navNode]: 未到目标点
1775400455.2817204 [navNode-2] 目标位置：(0.00, 0.00, 0.70)
1775400455.2817633 [navNode-2] 当前位置：(0.00, 0.00, 0.00)
1775400455.3812366 [navNode-2] [INFO] [1775400455.380938280] [navNode]: 状态2：Takeoff_wait--[TakeOff]
1775400455.3816168 [navNode-2] [INFO] [1775400455.381319739] [navNode]: 未到目标点
1775400455.3817651 [navNode-2] 目标位置：(0.00, 0.00, 0.70)
1775400455.3818204 [navNode-2] 当前位置：(0.00, 0.00, 0.00)
1775400455.4838095 [navNode-2] [INFO] [1775400455.483496150] [navNode]: 状态2：Takeoff_wait--[TakeOff]
1775400455.4841330 [navNode-2] [INFO] [1775400455.483858601] [navNode]: 未到目标点
1775400455.4842036 [navNode-2] 目标位置：(0.00, 0.00, 0.70)
1775400455.4842460 [navNode-2] 当前位置：(0.00, 0.00, 0.00)
1775400455.5811369 [navNode-2] [INFO] [1775400455.580842494] [navNode]: 状态2：Takeoff_wait--[TakeOff]
1775400455.5816884 [navNode-2] [INFO] [1775400455.581243624] [navNode]: 未到目标点
1775400455.5818429 [navNode-2] 目标位置：(0.00, 0.00, 0.70)
1775400455.5819206 [navNode-2] 当前位置：(0.00, 0.00, 0.00)
1775400455.6812167 [navNode-2] [INFO] [1775400455.680866108] [navNode]: 状态2：Takeoff_wait--[TakeOff]
1775400455.6815901 [navNode-2] [INFO] [1775400455.681215027] [navNode]: 未到目标点
1775400455.6816678 [navNode-2] 目标位置：(0.00, 0.00, 0.70)
1775400455.6817100 [navNode-2] 当前位置：(0.00, 0.00, 0.00)
1775400455.7812912 [navNode-2] [INFO] [1775400455.780906149] [navNode]: 状态2：Takeoff_wait--[TakeOff]
1775400455.7816792 [navNode-2] [INFO] [1775400455.781281706] [navNode]: 未到目标点
1775400455.7817705 [navNode-2] 目标位置：(0.00, 0.00, 0.70)
1775400455.7818286 [navNode-2] 当前位置：(0.00, 0.00, 0.00)
1775400455.8812180 [navNode-2] [INFO] [1775400455.880898985] [navNode]: 状态2：Takeoff_wait--[TakeOff]
1775400455.8815782 [navNode-2] [INFO] [1775400455.881272178] [navNode]: 未到目标点
1775400455.8816822 [navNode-2] 目标位置：(0.00, 0.00, 0.70)
1775400455.8817406 [navNode-2] 当前位置：(0.00, 0.00, 0.00)
1775400455.9812450 [navNode-2] [INFO] [1775400455.980861415] [navNode]: 状态2：Takeoff_wait--[TakeOff]
1775400455.9815948 [navNode-2] [INFO] [1775400455.981262012] [navNode]: 未到目标点
1775400455.9816792 [navNode-2] 目标位置：(0.00, 0.00, 0.70)
1775400455.9817195 [navNode-2] 当前位置：(0.00, 0.00, 0.00)
1775400456.0809948 [navNode-2] [INFO] [1775400456.080715024] [navNode]: 状态2：Takeoff_wait--[TakeOff]
1775400456.0813391 [navNode-2] [INFO] [1775400456.081069038] [navNode]: 未到目标点
1775400456.0814049 [navNode-2] 目标位置：(0.00, 0.00, 0.70)
1775400456.0814373 [navNode-2] 当前位置：(0.00, 0.00, 0.00)
1775400456.1813118 [navNode-2] [INFO] [1775400456.180958837] [navNode]: 状态2：Takeoff_wait--[TakeOff]
1775400456.1816432 [navNode-2] [INFO] [1775400456.181347693] [navNode]: 未到目标点
1775400456.1817348 [navNode-2] 目标位置：(0.00, 0.00, 0.70)
1775400456.1817718 [navNode-2] 当前位置：(0.00, 0.00, 0.00)
1775400456.2819722 [navNode-2] [INFO] [1775400456.281615768] [navNode]: 状态2：Takeoff_wait--[TakeOff]
1775400456.2823312 [navNode-2] [INFO] [1775400456.281991296] [navNode]: 未到目标点
1775400456.2824256 [navNode-2] 目标位置：(0.00, 0.00, 0.70)
1775400456.2824960 [navNode-2] 当前位置：(0.00, 0.00, 0.00)
1775400456.3816168 [navNode-2] [INFO] [1775400456.381311895] [navNode]: 状态2：Takeoff_wait--[TakeOff]
1775400456.3819747 [navNode-2] [INFO] [1775400456.381704372] [navNode]: 未到目标点
1775400456.3820529 [navNode-2] 目标位置：(0.00, 0.00, 0.70)
1775400456.3820922 [navNode-2] 当前位置：(0.00, 0.00, 0.00)
1775400456.4812667 [navNode-2] [INFO] [1775400456.480986437] [navNode]: 状态2：Takeoff_wait--[TakeOff]
1775400456.4815791 [navNode-2] [INFO] [1775400456.481353184] [navNode]: 未到目标点
1775400456.4816635 [navNode-2] 目标位置：(0.00, 0.00, 0.70)
1775400456.4817026 [navNode-2] 当前位置：(0.00, 0.00, 0.00)
1775400456.5812535 [navNode-2] [INFO] [1775400456.580877833] [navNode]: 状态2：Takeoff_wait--[TakeOff]
1775400456.5816255 [navNode-2] [INFO] [1775400456.581240563] [navNode]: 未到目标点
1775400456.5817168 [navNode-2] 目标位置：(0.00, 0.00, 0.70)
1775400456.5817592 [navNode-2] 当前位置：(0.00, 0.00, 0.00)
1775400456.6814194 [navNode-2] [INFO] [1775400456.681040679] [navNode]: 状态2：Takeoff_wait--[TakeOff]
1775400456.6817291 [navNode-2] [INFO] [1775400456.681405370] [navNode]: 未到目标点
1775400456.6818213 [navNode-2] 目标位置：(0.00, 0.00, 0.70)
1775400456.6818659 [navNode-2] 当前位置：(0.00, 0.00, 0.00)
1775400456.7812378 [navNode-2] [INFO] [1775400456.780956935] [navNode]: 状态2：Takeoff_wait--[TakeOff]
1775400456.7816062 [navNode-2] [INFO] [1775400456.781315790] [navNode]: 未到目标点
1775400456.7817011 [navNode-2] 目标位置：(0.00, 0.00, 0.70)
1775400456.7817602 [navNode-2] 当前位置：(0.00, 0.00, 0.00)
1775400456.8849380 [navNode-2] [INFO] [1775400456.884016873] [navNode]: 状态2：Takeoff_wait--[TakeOff]
1775400456.8856971 [navNode-2] [INFO] [1775400456.885275301] [navNode]: 未到目标点
1775400456.8857899 [navNode-2] 目标位置：(0.00, 0.00, 0.70)
1775400456.8858995 [navNode-2] 当前位置：(0.00, 0.00, 0.00)
1775400456.9837334 [navNode-2] [INFO] [1775400456.983053578] [navNode]: 状态2：Takeoff_wait--[TakeOff]
1775400456.9845881 [navNode-2] [INFO] [1775400456.984128143] [navNode]: 未到目标点
1775400456.9848435 [navNode-2] 目标位置：(0.00, 0.00, 0.70)
1775400456.9849977 [navNode-2] 当前位置：(0.00, 0.00, 0.00)
1775400457.0810752 [navNode-2] [INFO] [1775400457.080813442] [navNode]: 状态2：Takeoff_wait--[TakeOff]
1775400457.0814035 [navNode-2] [INFO] [1775400457.081187079] [navNode]: 未到目标点
1775400457.0814607 [navNode-2] 目标位置：(0.00, 0.00, 0.70)
1775400457.0814941 [navNode-2] 当前位置：(0.00, 0.00, 0.00)
1775400457.1811020 [navNode-2] [INFO] [1775400457.180832323] [navNode]: 状态2：Takeoff_wait--[TakeOff]
1775400457.1814368 [navNode-2] [INFO] [1775400457.181212269] [navNode]: 未到目标点
1775400457.1815116 [navNode-2] 目标位置：(0.00, 0.00, 0.70)
1775400457.1815705 [navNode-2] 当前位置：(0.00, 0.00, 0.00)
1775400457.2810128 [navNode-2] [INFO] [1775400457.280737787] [navNode]: 状态2：Takeoff_wait--[TakeOff]
1775400457.2813489 [navNode-2] [INFO] [1775400457.281109505] [navNode]: 未到目标点
1775400457.2814043 [navNode-2] 目标位置：(0.00, 0.00, 0.70)
1775400457.2814384 [navNode-2] 当前位置：(0.00, 0.00, 0.00)
1775400457.3812306 [navNode-2] [INFO] [1775400457.380870826] [navNode]: 状态2：Takeoff_wait--[TakeOff]
1775400457.3816049 [navNode-2] [INFO] [1775400457.381247230] [navNode]: 未到目标点
1775400457.3816793 [navNode-2] 目标位置：(0.00, 0.00, 0.70)
1775400457.3817396 [navNode-2] 当前位置：(0.00, 0.00, 0.00)
1775400457.4841583 [navNode-2] [INFO] [1775400457.483485455] [navNode]: 状态2：Takeoff_wait--[TakeOff]
1775400457.4849002 [navNode-2] [INFO] [1775400457.484615416] [navNode]: 未到目标点
1775400457.4851005 [navNode-2] 目标位置：(0.00, 0.00, 0.70)
1775400457.4851973 [navNode-2] 当前位置：(0.00, 0.00, 0.00)
1775400457.5811400 [navNode-2] [INFO] [1775400457.580758803] [navNode]: 状态2：Takeoff_wait--[TakeOff]
1775400457.5814979 [navNode-2] [INFO] [1775400457.581140887] [navNode]: 未到目标点
1775400457.5815876 [navNode-2] 目标位置：(0.00, 0.00, 0.70)
1775400457.5816483 [navNode-2] 当前位置：(0.00, 0.00, 0.00)
1775400457.6817269 [navNode-2] [INFO] [1775400457.681350233] [navNode]: 状态2：Takeoff_wait--[TakeOff]
1775400457.6821635 [navNode-2] [INFO] [1775400457.681753412] [navNode]: 未到目标点
1775400457.6822546 [navNode-2] 目标位置：(0.00, 0.00, 0.70)
1775400457.6823120 [navNode-2] 当前位置：(0.00, 0.00, 0.00)
1775400457.7811079 [navNode-2] [INFO] [1775400457.780790263] [navNode]: 状态2：Takeoff_wait--[TakeOff]
1775400457.7814336 [navNode-2] [INFO] [1775400457.781160009] [navNode]: 未到目标点
1775400457.7815108 [navNode-2] 目标位置：(0.00, 0.00, 0.70)
1775400457.7815681 [navNode-2] 当前位置：(0.00, 0.00, 0.00)
1775400457.8813357 [navNode-2] [INFO] [1775400457.880980175] [navNode]: 状态2：Takeoff_wait--[TakeOff]
1775400457.8816495 [navNode-2] [INFO] [1775400457.881363894] [navNode]: 未到目标点
1775400457.8817043 [navNode-2] 目标位置：(0.00, 0.00, 0.70)
1775400457.8817642 [navNode-2] 当前位置：(0.00, 0.00, 0.00)
1775400457.9811532 [navNode-2] [INFO] [1775400457.980796074] [navNode]: 状态2：Takeoff_wait--[TakeOff]
1775400457.9815199 [navNode-2] [INFO] [1775400457.981185615] [navNode]: 未到目标点
1775400457.9815950 [navNode-2] 目标位置：(0.00, 0.00, 0.70)
1775400457.9816360 [navNode-2] 当前位置：(0.00, 0.00, 0.00)
1775400458.0810585 [navNode-2] [INFO] [1775400458.080738461] [navNode]: 状态2：Takeoff_wait--[TakeOff]
1775400458.0814123 [navNode-2] [INFO] [1775400458.081123100] [navNode]: 未到目标点
1775400458.0814962 [navNode-2] 目标位置：(0.00, 0.00, 0.70)
1775400458.0815554 [navNode-2] 当前位置：(0.00, 0.00, 0.00)
1775400458.1812248 [navNode-2] [INFO] [1775400458.180887090] [navNode]: 状态2：Takeoff_wait--[TakeOff]
1775400458.1815870 [navNode-2] [INFO] [1775400458.181278515] [navNode]: 未到目标点
1775400458.1816785 [navNode-2] 目标位置：(0.00, 0.00, 0.70)
1775400458.1817386 [navNode-2] 当前位置：(0.00, 0.00, 0.00)
1775400458.2829204 [navNode-2] [INFO] [1775400458.282592357] [navNode]: 状态2：Takeoff_wait--[TakeOff]
1775400458.2833552 [navNode-2] [INFO] [1775400458.282983226] [navNode]: 未到目标点
1775400458.2834549 [navNode-2] 目标位置：(0.00, 0.00, 0.70)
1775400458.2834995 [navNode-2] 当前位置：(0.00, 0.00, 0.00)
1775400458.3813174 [navNode-2] [INFO] [1775400458.380984880] [navNode]: 状态2：Takeoff_wait--[TakeOff]
1775400458.3816745 [navNode-2] [INFO] [1775400458.381356316] [navNode]: 未到目标点
1775400458.3817616 [navNode-2] 目标位置：(0.00, 0.00, 0.70)
1775400458.3818054 [navNode-2] 当前位置：(0.00, 0.00, 0.00)
1775400458.4815807 [navNode-2] [INFO] [1775400458.481303103] [navNode]: 状态2：Takeoff_wait--[TakeOff]
1775400458.4819572 [navNode-2] [INFO] [1775400458.481684947] [navNode]: 未到目标点
1775400458.4820330 [navNode-2] 目标位置：(0.00, 0.00, 0.70)
1775400458.4820669 [navNode-2] 当前位置：(0.00, 0.00, 0.00)
1775400458.5813229 [navNode-2] [INFO] [1775400458.580949833] [navNode]: 状态2：Takeoff_wait--[TakeOff]
1775400458.5817437 [navNode-2] [INFO] [1775400458.581330916] [navNode]: 未到目标点
1775400458.5818555 [navNode-2] 目标位置：(0.00, 0.00, 0.70)
1775400458.5819602 [navNode-2] 当前位置：(0.00, 0.00, 0.00)
1775400458.6813467 [navNode-2] [INFO] [1775400458.681024803] [navNode]: 状态2：Takeoff_wait--[TakeOff]
1775400458.6817091 [navNode-2] [INFO] [1775400458.681419498] [navNode]: 未到目标点
1775400458.6818018 [navNode-2] 目标位置：(0.00, 0.00, 0.70)
1775400458.6818612 [navNode-2] 当前位置：(0.00, 0.00, 0.00)
1775400458.7811725 [navNode-2] [INFO] [1775400458.780827151] [navNode]: 状态2：Takeoff_wait--[TakeOff]
1775400458.7815182 [navNode-2] [INFO] [1775400458.781239149] [navNode]: 未到目标点
1775400458.7816031 [navNode-2] 目标位置：(0.00, 0.00, 0.70)
1775400458.7816603 [navNode-2] 当前位置：(0.00, 0.00, 0.00)
1775400458.8813283 [navNode-2] [INFO] [1775400458.881036088] [navNode]: 状态2：Takeoff_wait--[TakeOff]
1775400458.8817348 [navNode-2] [INFO] [1775400458.881434708] [navNode]: 未到目标点
1775400458.8818336 [navNode-2] 目标位置：(0.00, 0.00, 0.70)
1775400458.8819413 [navNode-2] 当前位置：(0.00, 0.00, 0.00)
1775400458.9812784 [navNode-2] [INFO] [1775400458.980953954] [navNode]: 状态2：Takeoff_wait--[TakeOff]
1775400458.9816277 [navNode-2] [INFO] [1775400458.981321524] [navNode]: 未到目标点
1775400458.9817209 [navNode-2] 目标位置：(0.00, 0.00, 0.70)
1775400458.9817677 [navNode-2] 当前位置：(0.00, 0.00, 0.00)
1775400459.0811698 [navNode-2] [INFO] [1775400459.080809085] [navNode]: 状态2：Takeoff_wait--[TakeOff]
1775400459.0815487 [navNode-2] [INFO] [1775400459.081187248] [navNode]: 未到目标点
1775400459.0816262 [navNode-2] 目标位置：(0.00, 0.00, 0.70)
1775400459.0816717 [navNode-2] 当前位置：(0.00, 0.00, 0.00)
1775400459.1813724 [navNode-2] [INFO] [1775400459.181048243] [navNode]: 状态2：Takeoff_wait--[TakeOff]
1775400459.1817398 [navNode-2] [INFO] [1775400459.181439223] [navNode]: 未到目标点
1775400459.1818240 [navNode-2] 目标位置：(0.00, 0.00, 0.70)
1775400459.1818650 [navNode-2] 当前位置：(0.00, 0.00, 0.00)
1775400459.2814014 [navNode-2] [INFO] [1775400459.280987816] [navNode]: 状态2：Takeoff_wait--[TakeOff]
1775400459.2817512 [navNode-2] [INFO] [1775400459.281376878] [navNode]: 未到目标点
1775400459.2818375 [navNode-2] 目标位置：(0.00, 0.00, 0.70)
1775400459.2818942 [navNode-2] 当前位置：(0.00, 0.00, 0.00)
1775400459.3814602 [navNode-2] [INFO] [1775400459.380999468] [navNode]: 状态2：Takeoff_wait--[TakeOff]
1775400459.3818665 [navNode-2] [INFO] [1775400459.381435300] [navNode]: 未到目标点
1775400459.3819470 [navNode-2] 目标位置：(0.00, 0.00, 0.70)
1775400459.3820384 [navNode-2] 当前位置：(0.00, 0.00, 0.00)
1775400459.4811583 [navNode-2] [INFO] [1775400459.480792758] [navNode]: 状态2：Takeoff_wait--[TakeOff]
1775400459.4815130 [navNode-2] [INFO] [1775400459.481144710] [navNode]: 未到目标点
1775400459.4816041 [navNode-2] 目标位置：(0.00, 0.00, 0.70)
1775400459.4816639 [navNode-2] 当前位置：(0.00, 0.00, 0.00)
1775400459.5813398 [navNode-2] [INFO] [1775400459.581045657] [navNode]: 状态2：Takeoff_wait--[TakeOff]
1775400459.5817533 [navNode-2] [INFO] [1775400459.581419849] [navNode]: 未到目标点
1775400459.5818577 [navNode-2] 目标位置：(0.00, 0.00, 0.70)
1775400459.5819221 [navNode-2] 当前位置：(0.00, 0.00, 0.00)
1775400459.6812491 [navNode-2] [INFO] [1775400459.680890568] [navNode]: 状态2：Takeoff_wait--[TakeOff]
1775400459.6816382 [navNode-2] [INFO] [1775400459.681303360] [navNode]: 未到目标点
1775400459.6817288 [navNode-2] 目标位置：(0.00, 0.00, 0.70)
1775400459.6817992 [navNode-2] 当前位置：(0.00, 0.00, 0.00)
1775400459.7812634 [navNode-2] [INFO] [1775400459.780970916] [navNode]: 状态2：Takeoff_wait--[TakeOff]
1775400459.7816083 [navNode-2] [INFO] [1775400459.781346188] [navNode]: 未到目标点
1775400459.7816942 [navNode-2] 目标位置：(0.00, 0.00, 0.70)
1775400459.7817535 [navNode-2] 当前位置：(0.00, 0.00, 0.00)
1775400459.8818238 [navNode-2] [INFO] [1775400459.881530161] [navNode]: 状态2：Takeoff_wait--[TakeOff]
1775400459.8822057 [navNode-2] [INFO] [1775400459.881900029] [navNode]: 未到目标点
1775400459.8822916 [navNode-2] 目标位置：(0.00, 0.00, 0.70)
1775400459.8823495 [navNode-2] 当前位置：(0.00, 0.00, 0.00)
1775400459.9810255 [navNode-2] [INFO] [1775400459.980715664] [navNode]: 状态2：Takeoff_wait--[TakeOff]
1775400459.9814136 [navNode-2] [INFO] [1775400459.981099057] [navNode]: 未到目标点
1775400459.9815524 [navNode-2] 目标位置：(0.00, 0.00, 0.70)
1775400459.9816332 [navNode-2] 当前位置：(0.00, 0.00, 0.00)
1775400460.0822837 [navNode-2] [INFO] [1775400460.081947880] [navNode]: 状态2：Takeoff_wait--[TakeOff]
1775400460.0826845 [navNode-2] [INFO] [1775400460.082368598] [navNode]: 未到目标点
1775400460.0827775 [navNode-2] 目标位置：(0.00, 0.00, 0.70)
1775400460.0828769 [navNode-2] 当前位置：(0.00, 0.00, 0.00)
1775400460.1813290 [navNode-2] [INFO] [1775400460.181014332] [navNode]: 状态2：Takeoff_wait--[TakeOff]
1775400460.1817224 [navNode-2] [INFO] [1775400460.181411961] [navNode]: 未到目标点
1775400460.1818242 [navNode-2] 目标位置：(0.00, 0.00, 0.70)
1775400460.1818852 [navNode-2] 当前位置：(0.00, 0.00, 0.00)
1775400460.2810681 [navNode-2] [INFO] [1775400460.280745132] [navNode]: 状态2：Takeoff_wait--[TakeOff]
1775400460.2814331 [navNode-2] [INFO] [1775400460.281152022] [navNode]: 未到目标点
1775400460.2815580 [navNode-2] 目标位置：(0.00, 0.00, 0.70)
1775400460.2816722 [navNode-2] 当前位置：(0.00, 0.00, 0.00)
1775400460.3811457 [navNode-2] [INFO] [1775400460.380837225] [navNode]: 状态2：Takeoff_wait--[TakeOff]
1775400460.3815038 [navNode-2] [INFO] [1775400460.381230426] [navNode]: 未到目标点
1775400460.3815699 [navNode-2] 目标位置：(0.00, 0.00, 0.70)
1775400460.3816087 [navNode-2] 当前位置：(0.00, 0.00, 0.00)
1775400460.4809282 [navNode-2] [INFO] [1775400460.480605687] [navNode]: 状态2：Takeoff_wait--[TakeOff]
1775400460.4813106 [navNode-2] [INFO] [1775400460.481002667] [navNode]: 未到目标点
1775400460.4814086 [navNode-2] 目标位置：(0.00, 0.00, 0.70)
1775400460.4815104 [navNode-2] 当前位置：(0.00, 0.00, 0.00)
1775400460.5815821 [navNode-2] [INFO] [1775400460.580971554] [navNode]: 状态2：Takeoff_wait--[TakeOff]
1775400460.5826948 [navNode-2] [INFO] [1775400460.581487126] [navNode]: 未到目标点
1775400460.5828307 [navNode-2] 目标位置：(0.00, 0.00, 0.70)
1775400460.5828943 [navNode-2] 当前位置：(0.00, 0.00, 0.00)
1775400460.6808941 [navNode-2] [INFO] [1775400460.680568442] [navNode]: 状态2：Takeoff_wait--[TakeOff]
1775400460.6812782 [navNode-2] [INFO] [1775400460.680997516] [navNode]: 未到目标点
1775400460.6813738 [navNode-2] 目标位置：(0.00, 0.00, 0.70)
1775400460.6814358 [navNode-2] 当前位置：(0.00, 0.00, 0.00)
1775400460.7812898 [navNode-2] [INFO] [1775400460.780976592] [navNode]: 状态2：Takeoff_wait--[TakeOff]
1775400460.7815998 [navNode-2] [INFO] [1775400460.781360596] [navNode]: 未到目标点
1775400460.7816534 [navNode-2] 目标位置：(0.00, 0.00, 0.70)
1775400460.7816880 [navNode-2] 当前位置：(0.00, 0.00, 0.00)
1775400460.8814073 [navNode-2] [INFO] [1775400460.880739367] [navNode]: 状态2：Takeoff_wait--[TakeOff]
1775400460.8816063 [navNode-2] [INFO] [1775400460.881102937] [navNode]: 未到目标点
1775400460.8816576 [navNode-2] 目标位置：(0.00, 0.00, 0.70)
1775400460.8816922 [navNode-2] 当前位置：(0.00, 0.00, 0.00)
1775400460.9809577 [navNode-2] [INFO] [1775400460.980687477] [navNode]: 状态2：Takeoff_wait--[TakeOff]
1775400460.9813395 [navNode-2] [INFO] [1775400460.981037937] [navNode]: 未到目标点
1775400460.9814215 [navNode-2] 目标位置：(0.00, 0.00, 0.70)
1775400460.9814558 [navNode-2] 当前位置：(0.00, 0.00, 0.00)
1775400461.0820718 [navNode-2] [INFO] [1775400461.081381575] [navNode]: 状态2：Takeoff_wait--[TakeOff]
1775400461.0822649 [navNode-2] [INFO] [1775400461.081746731] [navNode]: 未到目标点
1775400461.0823195 [navNode-2] 目标位置：(0.00, 0.00, 0.70)
1775400461.0823534 [navNode-2] 当前位置：(0.00, 0.00, 0.00)
1775400461.1812994 [navNode-2] [INFO] [1775400461.180979753] [navNode]: 状态2：Takeoff_wait--[TakeOff]
1775400461.1817360 [navNode-2] [INFO] [1775400461.181377970] [navNode]: 未到目标点
1775400461.1818097 [navNode-2] 目标位置：(0.00, 0.00, 0.70)
1775400461.1818466 [navNode-2] 当前位置：(0.00, 0.00, 0.00)
1775400461.2813642 [navNode-2] [INFO] [1775400461.280697204] [navNode]: 状态2：Takeoff_wait--[TakeOff]
1775400461.2815468 [navNode-2] [INFO] [1775400461.281064430] [navNode]: 未到目标点
1775400461.2815902 [navNode-2] 目标位置：(0.00, 0.00, 0.70)
1775400461.2816236 [navNode-2] 当前位置：(0.00, 0.00, 0.00)
1775400461.3810747 [navNode-2] [INFO] [1775400461.380786758] [navNode]: 状态2：Takeoff_wait--[TakeOff]
1775400461.3814256 [navNode-2] [INFO] [1775400461.381160807] [navNode]: 未到目标点
1775400461.3814969 [navNode-2] 目标位置：(0.00, 0.00, 0.70)
1775400461.3815365 [navNode-2] 当前位置：(0.00, 0.00, 0.00)
1775400461.4814837 [navNode-2] [INFO] [1775400461.480821792] [navNode]: 状态2：Takeoff_wait--[TakeOff]
1775400461.4816363 [navNode-2] [INFO] [1775400461.481178753] [navNode]: 未到目标点
1775400461.4816740 [navNode-2] 目标位置：(0.00, 0.00, 0.70)
1775400461.4817054 [navNode-2] 当前位置：(0.00, 0.00, 0.00)
1775400461.5814764 [navNode-2] [INFO] [1775400461.581120614] [navNode]: 状态2：Takeoff_wait--[TakeOff]
1775400461.5818758 [navNode-2] [INFO] [1775400461.581490860] [navNode]: 未到目标点
1775400461.5819294 [navNode-2] 目标位置：(0.00, 0.00, 0.70)
1775400461.5819633 [navNode-2] 当前位置：(0.00, 0.00, 0.00)
1775400461.6813192 [navNode-2] [INFO] [1775400461.680973495] [navNode]: 状态2：Takeoff_wait--[TakeOff]
1775400461.6817033 [navNode-2] [INFO] [1775400461.681405484] [navNode]: 未到目标点
1775400461.6817994 [navNode-2] 目标位置：(0.00, 0.00, 0.70)
1775400461.6818430 [navNode-2] 当前位置：(0.00, 0.00, 0.00)
1775400461.7810700 [navNode-2] [INFO] [1775400461.780711841] [navNode]: 状态2：Takeoff_wait--[TakeOff]
1775400461.7813737 [navNode-2] [INFO] [1775400461.781092400] [navNode]: 未到目标点
1775400461.7814245 [navNode-2] 目标位置：(0.00, 0.00, 0.70)
1775400461.7814579 [navNode-2] 当前位置：(0.00, 0.00, 0.00)
1775400461.8811693 [navNode-2] [INFO] [1775400461.880805152] [navNode]: 状态2：Takeoff_wait--[TakeOff]
1775400461.8814716 [navNode-2] [INFO] [1775400461.881180168] [navNode]: 未到目标点
1775400461.8815608 [navNode-2] 目标位置：(0.00, 0.00, 0.70)
1775400461.8816030 [navNode-2] 当前位置：(0.00, 0.00, 0.00)
1775400461.9808364 [navNode-2] [INFO] [1775400461.980538445] [navNode]: 状态2：Takeoff_wait--[TakeOff]
1775400461.9811375 [navNode-2] [INFO] [1775400461.980913944] [navNode]: 未到目标点
1775400461.9811897 [navNode-2] 目标位置：(0.00, 0.00, 0.70)
1775400461.9812243 [navNode-2] 当前位置：(0.00, 0.00, 0.00)
1775400462.0809474 [navNode-2] [INFO] [1775400462.080657517] [navNode]: 状态2：Takeoff_wait--[TakeOff]
1775400462.0812376 [navNode-2] [INFO] [1775400462.081010751] [navNode]: 未到目标点
1775400462.0812893 [navNode-2] 目标位置：(0.00, 0.00, 0.70)
1775400462.0813212 [navNode-2] 当前位置：(0.00, 0.00, 0.00)
1775400462.1810324 [navNode-2] [INFO] [1775400462.180632295] [navNode]: 状态2：Takeoff_wait--[TakeOff]
1775400462.1814113 [navNode-2] [INFO] [1775400462.181154824] [navNode]: 未到目标点
1775400462.1814775 [navNode-2] 目标位置：(0.00, 0.00, 0.70)
1775400462.1816094 [navNode-2] 当前位置：(0.00, 0.00, 0.00)
1775400462.2812572 [navNode-2] [INFO] [1775400462.280936814] [navNode]: 状态2：Takeoff_wait--[TakeOff]
1775400462.2817678 [navNode-2] [INFO] [1775400462.281397546] [navNode]: 未到目标点
1775400462.2818496 [navNode-2] 目标位置：(0.00, 0.00, 0.70)
1775400462.2819066 [navNode-2] 当前位置：(0.00, 0.00, 0.00)
1775400462.3820469 [navNode-2] [INFO] [1775400462.381670311] [navNode]: 状态2：Takeoff_wait--[TakeOff]
1775400462.3824172 [navNode-2] [INFO] [1775400462.382146387] [navNode]: 未到目标点
1775400462.3824823 [navNode-2] 目标位置：(0.00, 0.00, 0.70)
1775400462.3825252 [navNode-2] 当前位置：(0.00, 0.00, 0.00)
1775400462.4827156 [navNode-2] [INFO] [1775400462.482341347] [navNode]: 状态2：Takeoff_wait--[TakeOff]
1775400462.4832222 [navNode-2] [INFO] [1775400462.482853349] [navNode]: 未到目标点
1775400462.4833047 [navNode-2] 目标位置：(0.00, 0.00, 0.70)
1775400462.4833503 [navNode-2] 当前位置：(0.00, 0.00, 0.00)
1775400462.5822494 [navNode-2] [INFO] [1775400462.581891023] [navNode]: 状态2：Takeoff_wait--[TakeOff]
1775400462.5828955 [navNode-2] [INFO] [1775400462.582358429] [navNode]: 未到目标点
1775400462.5830307 [navNode-2] 目标位置：(0.00, 0.00, 0.70)
1775400462.5830734 [navNode-2] 当前位置：(0.00, 0.00, 0.00)
1775400462.6812253 [navNode-2] [INFO] [1775400462.680902869] [navNode]: 状态2：Takeoff_wait--[TakeOff]
1775400462.6816282 [navNode-2] [INFO] [1775400462.681373112] [navNode]: 未到目标点
1775400462.6816967 [navNode-2] 目标位置：(0.00, 0.00, 0.70)
1775400462.6817381 [navNode-2] 当前位置：(0.00, 0.00, 0.00)
1775400462.7812419 [navNode-2] [INFO] [1775400462.780923923] [navNode]: 状态2：Takeoff_wait--[TakeOff]
1775400462.7815845 [navNode-2] [INFO] [1775400462.781364646] [navNode]: 未到目标点
1775400462.7816484 [navNode-2] 目标位置：(0.00, 0.00, 0.70)
1775400462.7816918 [navNode-2] 当前位置：(0.00, 0.00, 0.00)
1775400462.8818543 [navNode-2] [INFO] [1775400462.881514397] [navNode]: 状态2：Takeoff_wait--[TakeOff]
1775400462.8822844 [navNode-2] [INFO] [1775400462.882073575] [navNode]: 未到目标点
1775400462.8824043 [navNode-2] 目标位置：(0.00, 0.00, 0.70)
1775400462.8824790 [navNode-2] 当前位置：(0.00, 0.00, 0.00)
1775400462.9812346 [navNode-2] [INFO] [1775400462.980902289] [navNode]: 状态2：Takeoff_wait--[TakeOff]
1775400462.9816570 [navNode-2] [INFO] [1775400462.981373951] [navNode]: 未到目标点
1775400462.9817502 [navNode-2] 目标位置：(0.00, 0.00, 0.70)
1775400462.9817939 [navNode-2] 当前位置：(0.00, 0.00, 0.00)
1775400463.0818460 [navNode-2] [INFO] [1775400463.081390045] [navNode]: 状态2：Takeoff_wait--[TakeOff]
1775400463.0824199 [navNode-2] [INFO] [1775400463.082202452] [navNode]: 未到目标点
1775400463.0825164 [navNode-2] 目标位置：(0.00, 0.00, 0.70)
1775400463.0825684 [navNode-2] 当前位置：(0.00, 0.00, 0.00)
1775400463.1813998 [navNode-2] [INFO] [1775400463.181049656] [navNode]: 状态2：Takeoff_wait--[TakeOff]
1775400463.1818562 [navNode-2] [INFO] [1775400463.181523917] [navNode]: 未到目标点
1775400463.1819923 [navNode-2] 目标位置：(0.00, 0.00, 0.70)
1775400463.1820605 [navNode-2] 当前位置：(0.00, 0.00, 0.00)
1775400463.2815006 [navNode-2] [INFO] [1775400463.281113428] [navNode]: 状态2：Takeoff_wait--[TakeOff]
1775400463.2819417 [navNode-2] [INFO] [1775400463.281641227] [navNode]: 未到目标点
1775400463.2820210 [navNode-2] 目标位置：(0.00, 0.00, 0.70)
1775400463.2820735 [navNode-2] 当前位置：(0.00, 0.00, 0.00)
1775400463.3824382 [navNode-2] [INFO] [1775400463.382004098] [navNode]: 状态2：Takeoff_wait--[TakeOff]
1775400463.3830070 [navNode-2] [INFO] [1775400463.382594325] [navNode]: 未到目标点
1775400463.3831429 [navNode-2] 目标位置：(0.00, 0.00, 0.70)
1775400463.3832304 [navNode-2] 当前位置：(0.00, 0.00, 0.00)
1775400463.4814181 [navNode-2] [INFO] [1775400463.481059305] [navNode]: 状态2：Takeoff_wait--[TakeOff]
1775400463.4818752 [navNode-2] [INFO] [1775400463.481545094] [navNode]: 未到目标点
1775400463.4819806 [navNode-2] 目标位置：(0.00, 0.00, 0.70)
1775400463.4820392 [navNode-2] 当前位置：(0.00, 0.00, 0.00)
1775400463.5812857 [navNode-2] [INFO] [1775400463.580960424] [navNode]: 状态2：Takeoff_wait--[TakeOff]
1775400463.5817916 [navNode-2] [INFO] [1775400463.581394211] [navNode]: 未到目标点
1775400463.5819156 [navNode-2] 目标位置：(0.00, 0.00, 0.70)
1775400463.5819869 [navNode-2] 当前位置：(0.00, 0.00, 0.00)
1775400463.6815236 [navNode-2] [INFO] [1775400463.681185844] [navNode]: 状态2：Takeoff_wait--[TakeOff]
1775400463.6819022 [navNode-2] [INFO] [1775400463.681574675] [navNode]: 未到目标点
1775400463.6819987 [navNode-2] 目标位置：(0.00, 0.00, 0.70)
1775400463.6820576 [navNode-2] 当前位置：(0.00, 0.00, 0.00)
1775400463.7816854 [navNode-2] [INFO] [1775400463.781419224] [navNode]: 状态2：Takeoff_wait--[TakeOff]
1775400463.7820477 [navNode-2] [INFO] [1775400463.781769256] [navNode]: 未到目标点
1775400463.7821445 [navNode-2] 目标位置：(0.00, 0.00, 0.70)
1775400463.7822044 [navNode-2] 当前位置：(0.00, 0.00, 0.00)
1775400463.8811798 [navNode-2] [INFO] [1775400463.880881827] [navNode]: 状态2：Takeoff_wait--[TakeOff]
1775400463.8815639 [navNode-2] [INFO] [1775400463.881236475] [navNode]: 未到目标点
1775400463.8816838 [navNode-2] 目标位置：(0.00, 0.00, 0.70)
1775400463.8817532 [navNode-2] 当前位置：(0.00, 0.00, 0.00)
1775400463.9816988 [navNode-2] [INFO] [1775400463.981369102] [navNode]: 状态2：Takeoff_wait--[TakeOff]
1775400463.9821868 [navNode-2] [INFO] [1775400463.981797145] [navNode]: 未到目标点
1775400463.9822884 [navNode-2] 目标位置：(0.00, 0.00, 0.70)
1775400463.9823580 [navNode-2] 当前位置：(0.00, 0.00, 0.00)
1775400464.0817263 [navNode-2] [INFO] [1775400464.081354294] [navNode]: 状态2：Takeoff_wait--[TakeOff]
1775400464.0822513 [navNode-2] [INFO] [1775400464.081847296] [navNode]: 未到目标点
1775400464.0824122 [navNode-2] 目标位置：(0.00, 0.00, 0.70)
1775400464.0825286 [navNode-2] 当前位置：(0.00, 0.00, 0.00)
1775400464.1814368 [navNode-2] [INFO] [1775400464.181047813] [navNode]: 状态2：Takeoff_wait--[TakeOff]
1775400464.1819472 [navNode-2] [INFO] [1775400464.181561623] [navNode]: 未到目标点
1775400464.1820855 [navNode-2] 目标位置：(0.00, 0.00, 0.70)
1775400464.1821709 [navNode-2] 当前位置：(0.00, 0.00, 0.00)
1775400464.2814589 [navNode-2] [INFO] [1775400464.281157452] [navNode]: 状态2：Takeoff_wait--[TakeOff]
1775400464.2818711 [navNode-2] [INFO] [1775400464.281573146] [navNode]: 未到目标点
1775400464.2819839 [navNode-2] 目标位置：(0.00, 0.00, 0.70)
1775400464.2820561 [navNode-2] 当前位置：(0.00, 0.00, 0.00)
1775400464.3821876 [navNode-2] [INFO] [1775400464.381705723] [navNode]: 状态2：Takeoff_wait--[TakeOff]
1775400464.3826399 [navNode-2] [INFO] [1775400464.382326441] [navNode]: 未到目标点
1775400464.3827977 [navNode-2] 目标位置：(0.00, 0.00, 0.70)
1775400464.3828752 [navNode-2] 当前位置：(0.00, 0.00, 0.00)
1775400464.4815426 [navNode-2] [INFO] [1775400464.481163617] [navNode]: 状态2：Takeoff_wait--[TakeOff]
1775400464.4819069 [navNode-2] [INFO] [1775400464.481614667] [navNode]: 未到目标点
1775400464.4820085 [navNode-2] 目标位置：(0.00, 0.00, 0.70)
1775400464.4820809 [navNode-2] 当前位置：(0.00, 0.00, 0.00)
1775400464.5821145 [navNode-2] [INFO] [1775400464.581303319] [navNode]: 状态2：Takeoff_wait--[TakeOff]
1775400464.5823159 [navNode-2] [INFO] [1775400464.581761656] [navNode]: 未到目标点
1775400464.5823755 [navNode-2] 目标位置：(0.00, 0.00, 0.70)
1775400464.5824206 [navNode-2] 当前位置：(0.00, 0.00, 0.00)
1775400464.6821587 [navNode-2] [INFO] [1775400464.681382905] [navNode]: 状态2：Takeoff_wait--[TakeOff]
1775400464.6826820 [navNode-2] [INFO] [1775400464.681909163] [navNode]: 未到目标点
1775400464.6827812 [navNode-2] 目标位置：(0.00, 0.00, 0.70)
1775400464.6828744 [navNode-2] 当前位置：(0.00, 0.00, 0.00)
1775400464.7818396 [navNode-2] [INFO] [1775400464.780959398] [navNode]: 状态2：Takeoff_wait--[TakeOff]
1775400464.7820377 [navNode-2] [INFO] [1775400464.781458525] [navNode]: 未到目标点
1775400464.7820921 [navNode-2] 目标位置：(0.00, 0.00, 0.70)
1775400464.7822173 [navNode-2] 当前位置：(0.00, 0.00, 0.00)
1775400464.8820820 [navNode-2] [INFO] [1775400464.881750732] [navNode]: 状态2：Takeoff_wait--[TakeOff]
1775400464.8824947 [navNode-2] [INFO] [1775400464.882211772] [navNode]: 未到目标点
1775400464.8826084 [navNode-2] 目标位置：(0.00, 0.00, 0.70)
1775400464.8826840 [navNode-2] 当前位置：(0.00, 0.00, 0.00)
1775400464.9848528 [navNode-2] [INFO] [1775400464.983419686] [navNode]: 状态2：Takeoff_wait--[TakeOff]
1775400464.9852073 [navNode-2] [INFO] [1775400464.984282406] [navNode]: 未到目标点
1775400464.9853356 [navNode-2] 目标位置：(0.00, 0.00, 0.70)
1775400464.9854219 [navNode-2] 当前位置：(0.00, 0.00, 0.00)
1775400465.0815694 [navNode-2] [INFO] [1775400465.081203328] [navNode]: 状态2：Takeoff_wait--[TakeOff]
1775400465.0819862 [navNode-2] [INFO] [1775400465.081617653] [navNode]: 未到目标点
1775400465.0820787 [navNode-2] 目标位置：(0.00, 0.00, 0.70)
1775400465.0821383 [navNode-2] 当前位置：(0.00, 0.00, 0.00)
1775400465.1820698 [navNode-2] [INFO] [1775400465.181464482] [navNode]: 状态2：Takeoff_wait--[TakeOff]
1775400465.1822698 [navNode-2] [INFO] [1775400465.181789408] [navNode]: 未到目标点
1775400465.1823201 [navNode-2] 目标位置：(0.00, 0.00, 0.70)
1775400465.1823547 [navNode-2] 当前位置：(0.00, 0.00, 0.00)
1775400465.2819483 [navNode-2] [INFO] [1775400465.281524532] [navNode]: 状态2：Takeoff_wait--[TakeOff]
1775400465.2824306 [navNode-2] [INFO] [1775400465.282010918] [navNode]: 未到目标点
1775400465.2825451 [navNode-2] 目标位置：(0.00, 0.00, 0.70)
1775400465.2826221 [navNode-2] 当前位置：(0.00, 0.00, 0.00)
1775400465.3817170 [navNode-2] [INFO] [1775400465.380947959] [navNode]: 状态2：Takeoff_wait--[TakeOff]
1775400465.3819168 [navNode-2] [INFO] [1775400465.381370372] [navNode]: 未到目标点
1775400465.3819644 [navNode-2] 目标位置：(0.00, 0.00, 0.70)
1775400465.3820050 [navNode-2] 当前位置：(0.00, 0.00, 0.00)
1775400465.4823954 [navNode-2] [INFO] [1775400465.482014871] [navNode]: 状态2：Takeoff_wait--[TakeOff]
1775400465.4827926 [navNode-2] [INFO] [1775400465.482419863] [navNode]: 未到目标点
1775400465.4828944 [navNode-2] 目标位置：(0.00, 0.00, 0.70)
1775400465.4829409 [navNode-2] 当前位置：(0.00, 0.00, 0.00)
1775400465.5852349 [navNode-2] [INFO] [1775400465.583759258] [navNode]: 状态2：Takeoff_wait--[TakeOff]
1775400465.5856409 [navNode-2] [INFO] [1775400465.584553702] [navNode]: 未到目标点
1775400465.5857673 [navNode-2] 目标位置：(0.00, 0.00, 0.70)
1775400465.5858524 [navNode-2] 当前位置：(0.00, 0.00, 0.00)
1775400465.6812792 [navNode-2] [INFO] [1775400465.680946781] [navNode]: 状态2：Takeoff_wait--[TakeOff]
1775400465.6816566 [navNode-2] [INFO] [1775400465.681367731] [navNode]: 未到目标点
1775400465.6817532 [navNode-2] 目标位置：(0.00, 0.00, 0.70)
1775400465.6818049 [navNode-2] 当前位置：(0.00, 0.00, 0.00)
1775400465.7831926 [navNode-2] [INFO] [1775400465.782016702] [navNode]: 状态2：Takeoff_wait--[TakeOff]
1775400465.7837102 [navNode-2] [INFO] [1775400465.782944786] [navNode]: 未到目标点
1775400465.7839003 [navNode-2] 目标位置：(0.00, 0.00, 0.70)
1775400465.7840424 [navNode-2] 当前位置：(0.00, 0.00, 0.00)
1775400465.8821552 [navNode-2] [INFO] [1775400465.881492470] [navNode]: 状态2：Takeoff_wait--[TakeOff]
1775400465.8823524 [navNode-2] [INFO] [1775400465.881856686] [navNode]: 未到目标点
1775400465.8824177 [navNode-2] 目标位置：(0.00, 0.00, 0.70)
1775400465.8824532 [navNode-2] 当前位置：(0.00, 0.00, 0.00)
1775400465.9812574 [navNode-2] [INFO] [1775400465.980936882] [navNode]: 状态2：Takeoff_wait--[TakeOff]
1775400465.9816332 [navNode-2] [INFO] [1775400465.981306849] [navNode]: 未到目标点
1775400465.9817171 [navNode-2] 目标位置：(0.00, 0.00, 0.70)
1775400465.9817626 [navNode-2] 当前位置：(0.00, 0.00, 0.00)
1775400466.0821793 [navNode-2] [INFO] [1775400466.081541396] [navNode]: 状态2：Takeoff_wait--[TakeOff]
1775400466.0823607 [navNode-2] [INFO] [1775400466.081894862] [navNode]: 未到目标点
1775400466.0824084 [navNode-2] 目标位置：(0.00, 0.00, 0.70)
1775400466.0824418 [navNode-2] 当前位置：(0.00, 0.00, 0.00)
1775400466.1810968 [navNode-2] [INFO] [1775400466.180796702] [navNode]: 状态2：Takeoff_wait--[TakeOff]
1775400466.1814761 [navNode-2] [INFO] [1775400466.181145479] [navNode]: 未到目标点
1775400466.1815581 [navNode-2] 目标位置：(0.00, 0.00, 0.70)
1775400466.1816010 [navNode-2] 当前位置：(0.00, 0.00, 0.00)
1775400466.2821305 [navNode-2] [INFO] [1775400466.281179563] [navNode]: 状态2：Takeoff_wait--[TakeOff]
1775400466.2823861 [navNode-2] [INFO] [1775400466.281585615] [navNode]: 未到目标点
1775400466.2824600 [navNode-2] 目标位置：(0.00, 0.00, 0.70)
1775400466.2825143 [navNode-2] 当前位置：(0.00, 0.00, 0.00)
1775400466.3812892 [navNode-2] [INFO] [1775400466.380887413] [navNode]: 状态2：Takeoff_wait--[TakeOff]
1775400466.3817551 [navNode-2] [INFO] [1775400466.381270957] [navNode]: 未到目标点
1775400466.3819010 [navNode-2] 目标位置：(0.00, 0.00, 0.70)
1775400466.3819871 [navNode-2] 当前位置：(0.00, 0.00, 0.00)
1775400466.4815445 [navNode-2] [INFO] [1775400466.480823570] [navNode]: 状态2：Takeoff_wait--[TakeOff]
1775400466.4817348 [navNode-2] [INFO] [1775400466.481216714] [navNode]: 未到目标点
1775400466.4817834 [navNode-2] 目标位置：(0.00, 0.00, 0.70)
1775400466.4818161 [navNode-2] 当前位置：(0.00, 0.00, 0.00)
1775400466.5812883 [navNode-2] [INFO] [1775400466.580970090] [navNode]: 状态2：Takeoff_wait--[TakeOff]
1775400466.5816729 [navNode-2] [INFO] [1775400466.581335265] [navNode]: 未到目标点
1775400466.5818009 [navNode-2] 目标位置：(0.00, 0.00, 0.70)
1775400466.5818501 [navNode-2] 当前位置：(0.00, 0.00, 0.00)
1775400466.6817887 [navNode-2] [INFO] [1775400466.681172253] [navNode]: 状态2：Takeoff_wait--[TakeOff]
1775400466.6819715 [navNode-2] [INFO] [1775400466.681515469] [navNode]: 未到目标点
1775400466.6820338 [navNode-2] 目标位置：(0.00, 0.00, 0.70)
1775400466.6820669 [navNode-2] 当前位置：(0.00, 0.00, 0.00)
1775400466.7838037 [navNode-2] [INFO] [1775400466.783179678] [navNode]: 状态2：Takeoff_wait--[TakeOff]
1775400466.7845495 [navNode-2] [INFO] [1775400466.784215877] [navNode]: 未到目标点
1775400466.7847891 [navNode-2] 目标位置：(0.00, 0.00, 0.70)
1775400466.7849529 [navNode-2] 当前位置：(0.00, 0.00, 0.00)
1775400466.8815525 [navNode-2] [INFO] [1775400466.880929467] [navNode]: 状态2：Takeoff_wait--[TakeOff]
1775400466.8817756 [navNode-2] [INFO] [1775400466.881267854] [navNode]: 未到目标点
1775400466.8818371 [navNode-2] 目标位置：(0.00, 0.00, 0.70)
1775400466.8818722 [navNode-2] 当前位置：(0.00, 0.00, 0.00)
1775400466.9812703 [navNode-2] [INFO] [1775400466.980915967] [navNode]: 状态2：Takeoff_wait--[TakeOff]
1775400466.9816132 [navNode-2] [INFO] [1775400466.981335425] [navNode]: 未到目标点
1775400466.9817002 [navNode-2] 目标位置：(0.00, 0.00, 0.70)
1775400466.9817595 [navNode-2] 当前位置：(0.00, 0.00, 0.00)
1775400467.0818348 [navNode-2] [INFO] [1775400467.081046605] [navNode]: 状态2：Takeoff_wait--[TakeOff]
1775400467.0820348 [navNode-2] [INFO] [1775400467.081454815] [navNode]: 未到目标点
1775400467.0820992 [navNode-2] 目标位置：(0.00, 0.00, 0.70)
1775400467.0821359 [navNode-2] 当前位置：(0.00, 0.00, 0.00)
1775400467.1829591 [navNode-2] [INFO] [1775400467.182324530] [navNode]: 状态2：Takeoff_wait--[TakeOff]
1775400467.1836934 [navNode-2] [INFO] [1775400467.183258430] [navNode]: 未到目标点
1775400467.1839328 [navNode-2] 目标位置：(0.00, 0.00, 0.70)
1775400467.1840560 [navNode-2] 当前位置：(0.00, 0.00, 0.00)
1775400467.2815144 [navNode-2] [INFO] [1775400467.280907960] [navNode]: 状态2：Takeoff_wait--[TakeOff]
1775400467.2817056 [navNode-2] [INFO] [1775400467.281232183] [navNode]: 未到目标点
1775400467.2817552 [navNode-2] 目标位置：(0.00, 0.00, 0.70)
1775400467.2817876 [navNode-2] 当前位置：(0.00, 0.00, 0.00)
1775400467.3813508 [navNode-2] [INFO] [1775400467.380957355] [navNode]: 状态2：Takeoff_wait--[TakeOff]
1775400467.3818529 [navNode-2] [INFO] [1775400467.381425574] [navNode]: 未到目标点
1775400467.3819711 [navNode-2] 目标位置：(0.00, 0.00, 0.70)
1775400467.3820572 [navNode-2] 当前位置：(0.00, 0.00, 0.00)
1775400467.4815893 [navNode-2] [INFO] [1775400467.480986056] [navNode]: 状态2：Takeoff_wait--[TakeOff]
1775400467.4817684 [navNode-2] [INFO] [1775400467.481311894] [navNode]: 未到目标点
1775400467.4818153 [navNode-2] 目标位置：(0.00, 0.00, 0.70)
1775400467.4818480 [navNode-2] 当前位置：(0.00, 0.00, 0.00)
1775400467.5810640 [navNode-2] [INFO] [1775400467.580697784] [navNode]: 状态2：Takeoff_wait--[TakeOff]
1775400467.5816834 [navNode-2] [INFO] [1775400467.581093086] [navNode]: 未到目标点
1775400467.5818517 [navNode-2] 目标位置：(0.00, 0.00, 0.70)
1775400467.5818992 [navNode-2] 当前位置：(0.00, 0.00, 0.00)
1775400467.6816301 [navNode-2] [INFO] [1775400467.680930504] [navNode]: 状态2：Takeoff_wait--[TakeOff]
1775400467.6818864 [navNode-2] [INFO] [1775400467.681295692] [navNode]: 未到目标点
1775400467.6819613 [navNode-2] 目标位置：(0.00, 0.00, 0.70)
1775400467.6820076 [navNode-2] 当前位置：(0.00, 0.00, 0.00)
1775400467.7821646 [navNode-2] [INFO] [1775400467.781485904] [navNode]: 状态2：Takeoff_wait--[TakeOff]
1775400467.7823520 [navNode-2] [INFO] [1775400467.781889013] [navNode]: 未到目标点
1775400467.7824016 [navNode-2] 目标位置：(0.00, 0.00, 0.70)
1775400467.7824345 [navNode-2] 当前位置：(0.00, 0.00, 0.00)
1775400467.8824456 [navNode-2] [INFO] [1775400467.881892930] [navNode]: 状态2：Takeoff_wait--[TakeOff]
1775400467.8836434 [navNode-2] [INFO] [1775400467.883371578] [navNode]: 未到目标点
1775400467.8837759 [navNode-2] 目标位置：(0.00, 0.00, 0.70)
1775400467.8838508 [navNode-2] 当前位置：(0.00, 0.00, 0.00)
1775400467.9814143 [navNode-2] [INFO] [1775400467.980786617] [navNode]: 状态2：Takeoff_wait--[TakeOff]
1775400467.9815922 [navNode-2] [INFO] [1775400467.981123533] [navNode]: 未到目标点
1775400467.9816542 [navNode-2] 目标位置：(0.00, 0.00, 0.70)
1775400467.9816887 [navNode-2] 当前位置：(0.00, 0.00, 0.00)
1775400468.0835423 [navNode-2] [INFO] [1775400468.083137827] [navNode]: 状态2：Takeoff_wait--[TakeOff]
1775400468.0838976 [navNode-2] [INFO] [1775400468.083553934] [navNode]: 未到目标点
1775400468.0839698 [navNode-2] 目标位置：(0.00, 0.00, 0.70)
1775400468.0840304 [navNode-2] 当前位置：(0.00, 0.00, 0.00)
1775400468.1818647 [navNode-2] [INFO] [1775400468.181115027] [navNode]: 状态2：Takeoff_wait--[TakeOff]
1775400468.1820374 [navNode-2] [INFO] [1775400468.181546245] [navNode]: 未到目标点
1775400468.1820874 [navNode-2] 目标位置：(0.00, 0.00, 0.70)
1775400468.1821268 [navNode-2] 当前位置：(0.00, 0.00, 0.00)
1775400468.2811036 [navNode-2] [INFO] [1775400468.280810923] [navNode]: 状态2：Takeoff_wait--[TakeOff]
1775400468.2814825 [navNode-2] [INFO] [1775400468.281225373] [navNode]: 未到目标点
1775400468.2816107 [navNode-2] 目标位置：(0.00, 0.00, 0.70)
1775400468.2816660 [navNode-2] 当前位置：(0.00, 0.00, 0.00)
1775400468.3823409 [navNode-2] [INFO] [1775400468.381617213] [navNode]: 状态2：Takeoff_wait--[TakeOff]
1775400468.3827629 [navNode-2] [INFO] [1775400468.382106232] [navNode]: 未到目标点
1775400468.3828471 [navNode-2] 目标位置：(0.00, 0.00, 0.70)
1775400468.3829100 [navNode-2] 当前位置：(0.00, 0.00, 0.00)
1775400468.4819555 [navNode-2] [INFO] [1775400468.481499167] [navNode]: 状态2：Takeoff_wait--[TakeOff]
1775400468.4824085 [navNode-2] [INFO] [1775400468.482068079] [navNode]: 未到目标点
1775400468.4824846 [navNode-2] 目标位置：(0.00, 0.00, 0.70)
1775400468.4825304 [navNode-2] 当前位置：(0.00, 0.00, 0.00)
1775400468.5839138 [navNode-2] [INFO] [1775400468.583286570] [navNode]: 状态2：Takeoff_wait--[TakeOff]
1775400468.5847695 [navNode-2] [INFO] [1775400468.584339281] [navNode]: 未到目标点
1775400468.5849950 [navNode-2] 目标位置：(0.00, 0.00, 0.70)
1775400468.5852096 [navNode-2] 当前位置：(0.00, 0.00, 0.00)
1775400468.6824114 [navNode-2] [INFO] [1775400468.681768150] [navNode]: 状态2：Takeoff_wait--[TakeOff]
1775400468.6831172 [navNode-2] [INFO] [1775400468.682381440] [navNode]: 未到目标点
1775400468.6832082 [navNode-2] 目标位置：(0.00, 0.00, 0.70)
1775400468.6832569 [navNode-2] 当前位置：(0.00, 0.00, 0.00)
1775400468.7810950 [navNode-2] [INFO] [1775400468.780771867] [navNode]: 状态2：Takeoff_wait--[TakeOff]
1775400468.7814877 [navNode-2] [INFO] [1775400468.781199331] [navNode]: 未到目标点
1775400468.7815535 [navNode-2] 目标位置：(0.00, 0.00, 0.70)
1775400468.7815945 [navNode-2] 当前位置：(0.00, 0.00, 0.00)
1775400468.8814838 [navNode-2] [INFO] [1775400468.881116724] [navNode]: 状态2：Takeoff_wait--[TakeOff]
1775400468.8819256 [navNode-2] [INFO] [1775400468.881594456] [navNode]: 未到目标点
1775400468.8820124 [navNode-2] 目标位置：(0.00, 0.00, 0.70)
1775400468.8820643 [navNode-2] 当前位置：(0.00, 0.00, 0.00)
1775400468.9839759 [navNode-2] [INFO] [1775400468.983623759] [navNode]: 状态2：Takeoff_wait--[TakeOff]
1775400468.9844096 [navNode-2] [INFO] [1775400468.984173483] [navNode]: 未到目标点
1775400468.9844949 [navNode-2] 目标位置：(0.00, 0.00, 0.70)
1775400468.9845374 [navNode-2] 当前位置：(0.00, 0.00, 0.00)
1775400469.0812891 [navNode-2] [INFO] [1775400469.080933122] [navNode]: 状态2：Takeoff_wait--[TakeOff]
1775400469.0817981 [navNode-2] [INFO] [1775400469.081456062] [navNode]: 未到目标点
1775400469.0819094 [navNode-2] 目标位置：(0.00, 0.00, 0.70)
1775400469.0819728 [navNode-2] 当前位置：(0.00, 0.00, 0.00)
1775400469.1814442 [navNode-2] [INFO] [1775400469.181135301] [navNode]: 状态2：Takeoff_wait--[TakeOff]
1775400469.1818087 [navNode-2] [INFO] [1775400469.181614861] [navNode]: 未到目标点
1775400469.1818721 [navNode-2] 目标位置：(0.00, 0.00, 0.70)
1775400469.1819158 [navNode-2] 当前位置：(0.00, 0.00, 0.00)
1775400469.2815967 [navNode-2] [INFO] [1775400469.281245463] [navNode]: 状态2：Takeoff_wait--[TakeOff]
1775400469.2820454 [navNode-2] [INFO] [1775400469.281712297] [navNode]: 未到目标点
1775400469.2821312 [navNode-2] 目标位置：(0.00, 0.00, 0.70)
1775400469.2821767 [navNode-2] 当前位置：(0.00, 0.00, 0.00)
1775400469.3818407 [navNode-2] [INFO] [1775400469.381406476] [navNode]: 状态2：Takeoff_wait--[TakeOff]
1775400469.3822305 [navNode-2] [INFO] [1775400469.381927689] [navNode]: 未到目标点
1775400469.3823001 [navNode-2] 目标位置：(0.00, 0.00, 0.70)
1775400469.3823464 [navNode-2] 当前位置：(0.00, 0.00, 0.00)
1775400469.4816494 [navNode-2] [INFO] [1775400469.481231516] [navNode]: 状态2：Takeoff_wait--[TakeOff]
1775400469.4820683 [navNode-2] [INFO] [1775400469.481662961] [navNode]: 未到目标点
1775400469.4821837 [navNode-2] 目标位置：(0.00, 0.00, 0.70)
1775400469.4822507 [navNode-2] 当前位置：(0.00, 0.00, 0.00)
1775400469.5813034 [navNode-2] [INFO] [1775400469.580995281] [navNode]: 状态2：Takeoff_wait--[TakeOff]
1775400469.5816865 [navNode-2] [INFO] [1775400469.581408443] [navNode]: 未到目标点
1775400469.5821474 [navNode-2] 目标位置：(0.00, 0.00, 0.70)
1775400469.5822961 [navNode-2] 当前位置：(0.00, 0.00, 0.00)
1775400469.6816111 [navNode-2] [INFO] [1775400469.680951496] [navNode]: 状态2：Takeoff_wait--[TakeOff]
1775400469.6820312 [navNode-2] [INFO] [1775400469.681410075] [navNode]: 未到目标点
1775400469.6821072 [navNode-2] 目标位置：(0.00, 0.00, 0.70)
1775400469.6821539 [navNode-2] 当前位置：(0.00, 0.00, 0.00)
1775400469.7819848 [navNode-2] [INFO] [1775400469.781105279] [navNode]: 状态2：Takeoff_wait--[TakeOff]
1775400469.7824845 [navNode-2] [INFO] [1775400469.781905693] [navNode]: 未到目标点
1775400469.7826083 [navNode-2] 目标位置：(0.00, 0.00, 0.70)
1775400469.7827153 [navNode-2] 当前位置：(0.00, 0.00, 0.00)
1775400469.8812058 [navNode-2] [INFO] [1775400469.880778074] [navNode]: 状态2：Takeoff_wait--[TakeOff]
1775400469.8817790 [navNode-2] [INFO] [1775400469.881261587] [navNode]: 未到目标点
1775400469.8818700 [navNode-2] 目标位置：(0.00, 0.00, 0.70)
1775400469.8819237 [navNode-2] 当前位置：(0.00, 0.00, 0.00)
1775400469.9816523 [navNode-2] [INFO] [1775400469.981336812] [navNode]: 状态2：Takeoff_wait--[TakeOff]
1775400469.9820530 [navNode-2] [INFO] [1775400469.981761964] [navNode]: 未到目标点
1775400469.9821498 [navNode-2] 目标位置：(0.00, 0.00, 0.70)
1775400469.9822345 [navNode-2] 当前位置：(0.00, 0.00, 0.00)
1775400470.0810149 [navNode-2] [INFO] [1775400470.080607009] [navNode]: 状态2：Takeoff_wait--[TakeOff]
1775400470.0814013 [navNode-2] [INFO] [1775400470.081008914] [navNode]: 未到目标点
1775400470.0814948 [navNode-2] 目标位置：(0.00, 0.00, 0.70)
1775400470.0815418 [navNode-2] 当前位置：(0.00, 0.00, 0.00)
1775400470.1814132 [navNode-2] [INFO] [1775400470.180999868] [navNode]: 状态2：Takeoff_wait--[TakeOff]
1775400470.1817687 [navNode-2] [INFO] [1775400470.181437032] [navNode]: 未到目标点
1775400470.1818485 [navNode-2] 目标位置：(0.00, 0.00, 0.70)
1775400470.1818941 [navNode-2] 当前位置：(0.00, 0.00, 0.00)
1775400470.2808881 [navNode-2] [INFO] [1775400470.280585081] [navNode]: 状态2：Takeoff_wait--[TakeOff]
1775400470.2812388 [navNode-2] [INFO] [1775400470.281139873] [navNode]: 未到目标点
1775400470.2813025 [navNode-2] 目标位置：(0.00, 0.00, 0.70)
1775400470.2813361 [navNode-2] 当前位置：(0.00, 0.00, 0.00)
1775400470.3810678 [navNode-2] [INFO] [1775400470.380614691] [navNode]: 状态2：Takeoff_wait--[TakeOff]
1775400470.3818521 [navNode-2] [INFO] [1775400470.381571776] [navNode]: 未到目标点
1775400470.3819895 [navNode-2] 目标位置：(0.00, 0.00, 0.70)
1775400470.3820300 [navNode-2] 当前位置：(0.00, 0.00, 0.00)
1775400470.4811265 [navNode-2] [INFO] [1775400470.480816112] [navNode]: 状态2：Takeoff_wait--[TakeOff]
1775400470.4814832 [navNode-2] [INFO] [1775400470.481197150] [navNode]: 未到目标点
1775400470.4815464 [navNode-2] 目标位置：(0.00, 0.00, 0.70)
1775400470.4815874 [navNode-2] 当前位置：(0.00, 0.00, 0.00)
1775400470.5811274 [navNode-2] [INFO] [1775400470.580673568] [navNode]: 状态2：Takeoff_wait--[TakeOff]
1775400470.5815561 [navNode-2] [INFO] [1775400470.581361929] [navNode]: 未到目标点
1775400470.5816414 [navNode-2] 目标位置：(0.00, 0.00, 0.70)
1775400470.5816805 [navNode-2] 当前位置：(0.00, 0.00, 0.00)
1775400470.6813171 [navNode-2] [INFO] [1775400470.681019100] [navNode]: 状态2：Takeoff_wait--[TakeOff]
1775400470.6816480 [navNode-2] [INFO] [1775400470.681399462] [navNode]: 未到目标点
1775400470.6817102 [navNode-2] 目标位置：(0.00, 0.00, 0.70)
1775400470.6817465 [navNode-2] 当前位置：(0.00, 0.00, 0.00)
1775400470.7810214 [navNode-2] [INFO] [1775400470.780633197] [navNode]: 状态2：Takeoff_wait--[TakeOff]
1775400470.7814267 [navNode-2] [INFO] [1775400470.781068599] [navNode]: 未到目标点
1775400470.7815509 [navNode-2] 目标位置：(0.00, 0.00, 0.70)
1775400470.7815979 [navNode-2] 当前位置：(0.00, 0.00, 0.00)
1775400470.8813744 [navNode-2] [INFO] [1775400470.880996701] [navNode]: 状态2：Takeoff_wait--[TakeOff]
1775400470.8817770 [navNode-2] [INFO] [1775400470.881378210] [navNode]: 未到目标点
1775400470.8818593 [navNode-2] 目标位置：(0.00, 0.00, 0.70)
1775400470.8819215 [navNode-2] 当前位置：(0.00, 0.00, 0.00)
1775400470.9817717 [navNode-2] [INFO] [1775400470.981281009] [navNode]: 状态2：Takeoff_wait--[TakeOff]
1775400470.9822304 [navNode-2] [INFO] [1775400470.981921000] [navNode]: 未到目标点
1775400470.9823217 [navNode-2] 目标位置：(0.00, 0.00, 0.70)
1775400470.9823899 [navNode-2] 当前位置：(0.00, 0.00, 0.00)
1775400471.0810905 [navNode-2] [INFO] [1775400471.080737416] [navNode]: 状态2：Takeoff_wait--[TakeOff]
1775400471.0814016 [navNode-2] [INFO] [1775400471.081162442] [navNode]: 未到目标点
1775400471.0814545 [navNode-2] 目标位置：(0.00, 0.00, 0.70)
1775400471.0814884 [navNode-2] 当前位置：(0.00, 0.00, 0.00)
1775400471.1482534 [WARNING] [launch]: user interrupted with ctrl-c (SIGINT)
1775400471.1819103 [INFO] [navNode-2]: process has finished cleanly [pid 41192]
1775400476.1568244 [ERROR] [myMain-1]: process[myMain-1] failed to terminate '5' seconds after receiving 'SIGINT', escalating to 'SIGTERM'
1775400476.1575956 [INFO] [myMain-1]: sending signal 'SIGTERM' to process[myMain-1]
1775400476.1936121 [ERROR] [myMain-1]: process has died [pid 41190, exit code -15, cmd '/home/focal/Desktop/2024_GroundStation/install/GroundStation/lib/GroundStation/myMain --ros-args'].
