1773471262.0046980 [INFO] [launch]: All log files can be found below /home/focal/Desktop/2024_GroundStation/run_log/2026-03-13-23-54-22-000400-ubuntu-4116
1773471262.0050154 [INFO] [launch]: Default logging verbosity is set to INFO
1773471262.0724285 [INFO] [logical-1]: process started with pid [4121]
1773471263.2850604 [logical-1] [INFO] [1773471263.284607037] [Ground]: ros2 node launch success:Ground!
1773471277.7331419 [logical-1] [INFO] [1773471277.732760879] [Ground]: 识别到QR码: 葵花种子
1773471277.7955413 [logical-1] [INFO] [1773471277.795140212] [Ground]: 识别到QR码: 葵花种子
1773471277.8283899 [logical-1] [INFO] [1773471277.828043649] [Ground]: 识别到QR码: 葵花种子
1773471277.8915539 [logical-1] [INFO] [1773471277.891186690] [Ground]: 识别到QR码: 葵花种子
1773471277.9919758 [logical-1] [INFO] [1773471277.991665635] [Ground]: 识别到QR码: 葵花种子
1773471278.0269487 [logical-1] [INFO] [1773471278.026517169] [Ground]: 识别到QR码: 葵花种子
1773471278.0598826 [logical-1] [INFO] [1773471278.059574842] [Ground]: 识别到QR码: 葵花种子
1773471278.0957513 [logical-1] [INFO] [1773471278.095464384] [Ground]: 识别到QR码: 葵花种子
1773471278.1351967 [logical-1] [INFO] [1773471278.134884517] [Ground]: 识别到QR码: 葵花种子
1773471278.1951728 [logical-1] [INFO] [1773471278.194848406] [Ground]: 识别到QR码: 葵花种子
1773471278.2266088 [logical-1] [INFO] [1773471278.226314997] [Ground]: 识别到QR码: 葵花种子
1773471278.2611864 [logical-1] [INFO] [1773471278.260872724] [Ground]: 识别到QR码: 葵花种子
1773471278.2963881 [logical-1] [INFO] [1773471278.296064605] [Ground]: 识别到QR码: 葵花种子
1773471278.3648851 [logical-1] [INFO] [1773471278.364488175] [Ground]: 识别到QR码: 葵花种子
1773471278.3969913 [logical-1] [INFO] [1773471278.396653203] [Ground]: 识别到QR码: 葵花种子
1773471278.4290299 [logical-1] [INFO] [1773471278.428713710] [Ground]: 识别到QR码: 葵花种子
1773471278.5017664 [logical-1] [INFO] [1773471278.501375262] [Ground]: 识别到QR码: 葵花种子
1773471278.5682900 [logical-1] [INFO] [1773471278.567958572] [Ground]: 识别到QR码: 葵花种子
1773471278.9405899 [logical-1] [INFO] [1773471278.940236782] [Ground]: 识别到QR码: 葵花种子
1773471278.9557533 [logical-1] [INFO] [1773471278.955447784] [Ground]: 识别到QR码: 葵花种子
1773471278.9674156 [logical-1] [INFO] [1773471278.967021157] [Ground]: 识别到QR码: 葵花种子
1773471279.0314343 [logical-1] [INFO] [1773471279.031047631] [Ground]: 识别到QR码: 葵花种子
1773471279.0833740 [logical-1] [INFO] [1773471279.082949591] [Ground]: 识别到QR码: 葵花种子
1773471279.1973820 [logical-1] [INFO] [1773471279.196875930] [Ground]: 识别到QR码: 葵花种子
1773471279.3442972 [logical-1] [INFO] [1773471279.343973762] [Ground]: 识别到QR码: 葵花种子
1773471279.3797975 [logical-1] [INFO] [1773471279.379463695] [Ground]: 识别到QR码: 葵花种子
1773471279.4136331 [logical-1] [INFO] [1773471279.413308501] [Ground]: 识别到QR码: 葵花种子
1773471279.4495020 [logical-1] [INFO] [1773471279.449048219] [Ground]: 识别到QR码: 葵花种子
1773471279.5507822 [logical-1] [INFO] [1773471279.550404387] [Ground]: 识别到QR码: 葵花种子
1773471279.6464055 [logical-1] [INFO] [1773471279.646052388] [Ground]: 识别到QR码: 葵花种子
1773471279.7146387 [logical-1] [INFO] [1773471279.714262476] [Ground]: 识别到QR码: 葵花种子
1773471279.7940319 [logical-1] [INFO] [1773471279.793664057] [Ground]: 识别到QR码: 葵花种子
1773471279.8027439 [logical-1] [INFO] [1773471279.802434701] [Ground]: 识别到QR码: 葵花种子
1773471279.8468804 [logical-1] [INFO] [1773471279.846550971] [Ground]: 识别到QR码: 葵花种子
1773471279.8841147 [logical-1] [INFO] [1773471279.883821126] [Ground]: 识别到QR码: 葵花种子
1773471279.9153910 [logical-1] [INFO] [1773471279.915008520] [Ground]: 识别到QR码: 葵花种子
1773471279.9489095 [logical-1] [INFO] [1773471279.948618110] [Ground]: 识别到QR码: 葵花种子
1773471280.0181050 [logical-1] [INFO] [1773471280.017672052] [Ground]: 识别到QR码: 葵花种子
1773471280.0493670 [logical-1] [INFO] [1773471280.049067247] [Ground]: 识别到QR码: 葵花种子
1773471280.2305186 [logical-1] [INFO] [1773471280.230082012] [Ground]: 识别到QR码: 葵花种子
1773471280.2420616 [logical-1] [INFO] [1773471280.241696845] [Ground]: 识别到QR码: 葵花种子
1773471280.3236895 [logical-1] [INFO] [1773471280.323304258] [Ground]: 识别到QR码: 葵花种子
1773471280.3494704 [logical-1] [INFO] [1773471280.348767174] [Ground]: 识别到QR码: 葵花种子
1773471280.3768361 [logical-1] [INFO] [1773471280.376461910] [Ground]: 识别到QR码: 葵花种子
1773471280.4433272 [logical-1] [INFO] [1773471280.443051831] [Ground]: 识别到QR码: 葵花种子
1773471280.4763074 [logical-1] [INFO] [1773471280.476010488] [Ground]: 识别到QR码: 葵花种子
1773471280.5134952 [logical-1] [INFO] [1773471280.513178341] [Ground]: 识别到QR码: 葵花种子
1773471280.5440686 [logical-1] [INFO] [1773471280.543792780] [Ground]: 识别到QR码: 葵花种子
1773471280.6462510 [logical-1] [INFO] [1773471280.645863044] [Ground]: 识别到QR码: 葵花种子
1773471280.7594638 [logical-1] [INFO] [1773471280.758553833] [Ground]: 识别到QR码: 葵花种子
1773471280.9119518 [logical-1] [INFO] [1773471280.911586938] [Ground]: 识别到QR码: 葵花种子
1773471281.0512114 [logical-1] [INFO] [1773471281.050911801] [Ground]: 识别到QR码: 葵花种子
1773471281.1525590 [logical-1] [INFO] [1773471281.151880630] [Ground]: 识别到QR码: 葵花种子
1773471281.1836879 [logical-1] [INFO] [1773471281.183356407] [Ground]: 识别到QR码: 葵花种子
1773471281.2885230 [logical-1] [INFO] [1773471281.288220549] [Ground]: 识别到QR码: 葵花种子
1773471281.3844073 [logical-1] [INFO] [1773471281.383969667] [Ground]: 识别到QR码: 葵花种子
1773471281.4472241 [logical-1] [INFO] [1773471281.446929956] [Ground]: 识别到QR码: 葵花种子
1773471281.4830832 [logical-1] [INFO] [1773471281.482718872] [Ground]: 识别到QR码: 葵花种子
1773471281.5276103 [logical-1] [INFO] [1773471281.527254011] [Ground]: 识别到QR码: 葵花种子
1773471281.5580366 [logical-1] [INFO] [1773471281.557641700] [Ground]: 识别到QR码: 葵花种子
1773471281.5851321 [logical-1] [INFO] [1773471281.584841005] [Ground]: 识别到QR码: 葵花种子
1773471281.6171370 [logical-1] [INFO] [1773471281.616817203] [Ground]: 识别到QR码: 葵花种子
1773471281.6514676 [logical-1] [INFO] [1773471281.651023187] [Ground]: 识别到QR码: 葵花种子
1773471281.7952662 [logical-1] [INFO] [1773471281.794892601] [Ground]: 识别到QR码: 葵花种子
1773471281.8387563 [logical-1] [INFO] [1773471281.838407263] [Ground]: 识别到QR码: 葵花种子
1773471281.8840907 [logical-1] [INFO] [1773471281.883722817] [Ground]: 识别到QR码: 葵花种子
1773471281.9567654 [logical-1] [INFO] [1773471281.956287151] [Ground]: 识别到QR码: 葵花种子
1773471281.9994361 [logical-1] [INFO] [1773471281.999168559] [Ground]: 识别到QR码: 葵花种子
1773471282.0218110 [logical-1] [INFO] [1773471282.021420099] [Ground]: 识别到QR码: 葵花种子
1773471282.0578380 [logical-1] [INFO] [1773471282.057459373] [Ground]: 识别到QR码: 葵花种子
1773471282.1254570 [logical-1] [INFO] [1773471282.124482530] [Ground]: 识别到QR码: 葵花种子
1773471282.2582316 [logical-1] [INFO] [1773471282.257888514] [Ground]: 识别到QR码: 葵花种子
1773471282.2637584 [logical-1] [INFO] [1773471282.263456118] [Ground]: 识别到QR码: 葵花种子
1773471282.2923329 [logical-1] [INFO] [1773471282.292054185] [Ground]: 识别到QR码: 葵花种子
1773471282.3270416 [logical-1] [INFO] [1773471282.326721789] [Ground]: 识别到QR码: 葵花种子
1773471282.3672872 [logical-1] [INFO] [1773471282.366972621] [Ground]: 识别到QR码: 葵花种子
1773471291.2878394 [logical-1] [INFO] [1773471291.287421532] [Ground]: 识别到QR码: 葵花种子
1773471291.3460598 [logical-1] [INFO] [1773471291.345628718] [Ground]: 识别到QR码: 葵花种子
1773471291.4491696 [logical-1] [INFO] [1773471291.448803803] [Ground]: 识别到QR码: 葵花种子
1773471291.6132765 [logical-1] [INFO] [1773471291.612797220] [Ground]: 识别到QR码: 葵花种子
1773471291.8666766 [logical-1] [INFO] [1773471291.866401006] [Ground]: 识别到QR码: 葵花种子
1773471291.8971601 [logical-1] [INFO] [1773471291.896799454] [Ground]: 识别到QR码: 葵花种子
1773471292.0126300 [logical-1] [INFO] [1773471292.012158624] [Ground]: 识别到QR码: 葵花种子
1773471292.0180264 [logical-1] [INFO] [1773471292.017696355] [Ground]: 识别到QR码: 葵花种子
1773471292.0190804 [logical-1] [INFO] [1773471292.018861851] [Ground]: 识别到QR码: 葵花种子
1773471292.0895305 [logical-1] [INFO] [1773471292.089176660] [Ground]: 识别到QR码: 葵花种子
1773471292.1215410 [logical-1] [INFO] [1773471292.121046015] [Ground]: 识别到QR码: 葵花种子
1773471292.1680992 [logical-1] [INFO] [1773471292.167614950] [Ground]: 识别到QR码: 葵花种子
1773471292.1932027 [logical-1] [INFO] [1773471292.192801253] [Ground]: 识别到QR码: 葵花种子
1773471292.2256362 [logical-1] [INFO] [1773471292.225211242] [Ground]: 识别到QR码: 葵花种子
1773471292.2543457 [logical-1] [INFO] [1773471292.253879608] [Ground]: 识别到QR码: 葵花种子
1773471292.2916949 [logical-1] [INFO] [1773471292.291401660] [Ground]: 识别到QR码: 葵花种子
1773471292.3548324 [logical-1] [INFO] [1773471292.354481894] [Ground]: 识别到QR码: 葵花种子
1773471292.3879800 [logical-1] [INFO] [1773471292.387471105] [Ground]: 识别到QR码: 葵花种子
1773471292.4246290 [logical-1] [INFO] [1773471292.424223823] [Ground]: 识别到QR码: 葵花种子
1773471292.4949121 [logical-1] [INFO] [1773471292.494401418] [Ground]: 识别到QR码: 葵花种子
1773471292.5055282 [logical-1] [INFO] [1773471292.504856268] [Ground]: 识别到QR码: 葵花种子
1773471292.5326416 [logical-1] [INFO] [1773471292.532317353] [Ground]: 识别到QR码: 葵花种子
1773471292.6036294 [logical-1] [INFO] [1773471292.603200745] [Ground]: 识别到QR码: 葵花种子
1773471292.6109211 [logical-1] [INFO] [1773471292.610634218] [Ground]: 识别到QR码: 葵花种子
1773471292.6326461 [logical-1] [INFO] [1773471292.632216620] [Ground]: 识别到QR码: 葵花种子
1773471292.6623206 [logical-1] [INFO] [1773471292.662080298] [Ground]: 识别到QR码: 葵花种子
1773471292.6992989 [logical-1] [INFO] [1773471292.698841790] [Ground]: 识别到QR码: 葵花种子
1773471292.7266495 [logical-1] [INFO] [1773471292.726150765] [Ground]: 识别到QR码: 葵花种子
1773471292.7620127 [logical-1] [INFO] [1773471292.761703089] [Ground]: 识别到QR码: 葵花种子
1773471292.7950912 [logical-1] [INFO] [1773471292.794673557] [Ground]: 识别到QR码: 葵花种子
1773471292.8400738 [logical-1] [INFO] [1773471292.839766760] [Ground]: 识别到QR码: 葵花种子
1773471292.8632088 [logical-1] [INFO] [1773471292.862854569] [Ground]: 识别到QR码: 葵花种子
1773471292.8947122 [logical-1] [INFO] [1773471292.894414717] [Ground]: 识别到QR码: 葵花种子
1773471292.9292254 [logical-1] [INFO] [1773471292.928858539] [Ground]: 识别到QR码: 葵花种子
1773471292.9655962 [logical-1] [INFO] [1773471292.965292248] [Ground]: 识别到QR码: 葵花种子
1773471293.0152173 [logical-1] [INFO] [1773471293.014725928] [Ground]: 识别到QR码: 葵花种子
1773471293.0824158 [logical-1] [INFO] [1773471293.081653787] [Ground]: 识别到QR码: 葵花种子
1773471293.0952168 [logical-1] [INFO] [1773471293.094461095] [Ground]: 识别到QR码: 葵花种子
1773471293.1033275 [logical-1] [INFO] [1773471293.102908869] [Ground]: 识别到QR码: 葵花种子
1773471293.1308708 [logical-1] [INFO] [1773471293.130501339] [Ground]: 识别到QR码: 葵花种子
1773471293.1756177 [logical-1] [INFO] [1773471293.175299622] [Ground]: 识别到QR码: 葵花种子
1773471293.2323391 [logical-1] [INFO] [1773471293.231586075] [Ground]: 识别到QR码: 葵花种子
1773471293.2354877 [logical-1] [INFO] [1773471293.235144936] [Ground]: 识别到QR码: 葵花种子
1773471293.2766893 [logical-1] [INFO] [1773471293.276238988] [Ground]: 识别到QR码: 葵花种子
1773471293.3214400 [logical-1] [INFO] [1773471293.320848136] [Ground]: 识别到QR码: 葵花种子
1773471293.3350635 [logical-1] [INFO] [1773471293.334564124] [Ground]: 识别到QR码: 葵花种子
1773471293.3633726 [logical-1] [INFO] [1773471293.363075150] [Ground]: 识别到QR码: 葵花种子
1773471293.3984668 [logical-1] [INFO] [1773471293.398104839] [Ground]: 识别到QR码: 葵花种子
1773471293.4313467 [logical-1] [INFO] [1773471293.431036315] [Ground]: 识别到QR码: 葵花种子
1773471293.4641123 [logical-1] [INFO] [1773471293.463767657] [Ground]: 识别到QR码: 葵花种子
1773471293.5193744 [logical-1] [INFO] [1773471293.518868701] [Ground]: 识别到QR码: 葵花种子
1773471293.5319929 [logical-1] [INFO] [1773471293.530627479] [Ground]: 识别到QR码: 葵花种子
1773471293.5975134 [logical-1] [INFO] [1773471293.596971579] [Ground]: 识别到QR码: 葵花种子
1773471293.6009965 [logical-1] [INFO] [1773471293.600717089] [Ground]: 识别到QR码: 葵花种子
1773471293.6304333 [logical-1] [INFO] [1773471293.630122639] [Ground]: 识别到QR码: 葵花种子
1773471293.6634376 [logical-1] [INFO] [1773471293.662994606] [Ground]: 识别到QR码: 葵花种子
1773471293.7007926 [logical-1] [INFO] [1773471293.700483421] [Ground]: 识别到QR码: 葵花种子
1773471293.7351129 [logical-1] [INFO] [1773471293.734802136] [Ground]: 识别到QR码: 葵花种子
1773471293.7764933 [logical-1] [INFO] [1773471293.776240170] [Ground]: 识别到QR码: 葵花种子
1773471293.7997677 [logical-1] [INFO] [1773471293.799520937] [Ground]: 识别到QR码: 葵花种子
1773471293.8671355 [logical-1] [INFO] [1773471293.866771427] [Ground]: 识别到QR码: 葵花种子
1773471293.8987896 [logical-1] [INFO] [1773471293.898506736] [Ground]: 识别到QR码: 葵花种子
1773471293.9312637 [logical-1] [INFO] [1773471293.930965419] [Ground]: 识别到QR码: 葵花种子
1773471293.9666514 [logical-1] [INFO] [1773471293.966337292] [Ground]: 识别到QR码: 葵花种子
1773471294.0095990 [logical-1] [INFO] [1773471294.009270225] [Ground]: 识别到QR码: 葵花种子
1773471294.0372553 [logical-1] [INFO] [1773471294.036926957] [Ground]: 识别到QR码: 葵花种子
1773471294.0684199 [logical-1] [INFO] [1773471294.068110645] [Ground]: 识别到QR码: 葵花种子
1773471298.7975619 [logical-1] [INFO] [1773471298.797246669] [Ground]: 识别到QR码: 葵花种子
1773471298.8330648 [logical-1] [INFO] [1773471298.832664559] [Ground]: 识别到QR码: 葵花种子
1773471298.8659983 [logical-1] [INFO] [1773471298.865622179] [Ground]: 识别到QR码: 葵花种子
1773471298.8996103 [logical-1] [INFO] [1773471298.899082610] [Ground]: 识别到QR码: 葵花种子
1773471298.9365304 [logical-1] [INFO] [1773471298.936199444] [Ground]: 识别到QR码: 葵花种子
1773471298.9693573 [logical-1] [INFO] [1773471298.969035203] [Ground]: 识别到QR码: 葵花种子
1773471298.9976552 [logical-1] [INFO] [1773471298.997235295] [Ground]: 识别到QR码: 葵花种子
1773471299.0374794 [logical-1] [INFO] [1773471299.037174874] [Ground]: 识别到QR码: 葵花种子
1773471299.0798481 [logical-1] [INFO] [1773471299.079496518] [Ground]: 识别到QR码: 葵花种子
1773471299.1104317 [logical-1] [INFO] [1773471299.110124409] [Ground]: 识别到QR码: 葵花种子
1773471299.1685975 [logical-1] [INFO] [1773471299.168214061] [Ground]: 识别到QR码: 葵花种子
1773471299.1767323 [logical-1] [INFO] [1773471299.176288777] [Ground]: 识别到QR码: 葵花种子
1773471299.2050688 [logical-1] [INFO] [1773471299.204580397] [Ground]: 识别到QR码: 葵花种子
1773471299.2416980 [logical-1] [INFO] [1773471299.241342377] [Ground]: 识别到QR码: 葵花种子
1773471299.2729812 [logical-1] [INFO] [1773471299.272617518] [Ground]: 识别到QR码: 葵花种子
1773471299.3042810 [logical-1] [INFO] [1773471299.303971178] [Ground]: 识别到QR码: 葵花种子
1773471299.3377726 [logical-1] [INFO] [1773471299.337370800] [Ground]: 识别到QR码: 葵花种子
1773471299.3748877 [logical-1] [INFO] [1773471299.374177253] [Ground]: 识别到QR码: 葵花种子
1773471299.4066975 [logical-1] [INFO] [1773471299.406286440] [Ground]: 识别到QR码: 葵花种子
1773471299.4352241 [logical-1] [INFO] [1773471299.434821152] [Ground]: 识别到QR码: 葵花种子
1773471299.4708762 [logical-1] [INFO] [1773471299.470403680] [Ground]: 识别到QR码: 葵花种子
1773471299.5191424 [logical-1] [INFO] [1773471299.518807141] [Ground]: 识别到QR码: 葵花种子
1773471299.5402758 [logical-1] [INFO] [1773471299.539896676] [Ground]: 识别到QR码: 葵花种子
1773471299.5737152 [logical-1] [INFO] [1773471299.573433814] [Ground]: 识别到QR码: 葵花种子
1773471299.6086791 [logical-1] [INFO] [1773471299.607988457] [Ground]: 识别到QR码: 葵花种子
1773471299.6899621 [logical-1] [INFO] [1773471299.689277439] [Ground]: 识别到QR码: 葵花种子
1773471299.6954126 [logical-1] [INFO] [1773471299.695000138] [Ground]: 识别到QR码: 葵花种子
1773471299.7492993 [logical-1] [INFO] [1773471299.748630135] [Ground]: 识别到QR码: 葵花种子
1773471299.7580299 [logical-1] [INFO] [1773471299.757741878] [Ground]: 识别到QR码: 葵花种子
1773471299.7780154 [logical-1] [INFO] [1773471299.777668611] [Ground]: 识别到QR码: 葵花种子
1773471299.8107262 [logical-1] [INFO] [1773471299.810351032] [Ground]: 识别到QR码: 葵花种子
1773471299.8448792 [logical-1] [INFO] [1773471299.844471470] [Ground]: 识别到QR码: 葵花种子
1773471299.8877957 [logical-1] [INFO] [1773471299.887422416] [Ground]: 识别到QR码: 葵花种子
1773471299.9086046 [logical-1] [INFO] [1773471299.908204726] [Ground]: 识别到QR码: 葵花种子
1773471299.9418852 [logical-1] [INFO] [1773471299.941226541] [Ground]: 识别到QR码: 葵花种子
1773471299.9738665 [logical-1] [INFO] [1773471299.973319442] [Ground]: 识别到QR码: 葵花种子
1773471300.0055015 [logical-1] [INFO] [1773471300.005198745] [Ground]: 识别到QR码: 葵花种子
1773471300.0381448 [logical-1] [INFO] [1773471300.037843867] [Ground]: 识别到QR码: 葵花种子
1773471300.0748079 [logical-1] [INFO] [1773471300.074483498] [Ground]: 识别到QR码: 葵花种子
1773471300.1069353 [logical-1] [INFO] [1773471300.106567079] [Ground]: 识别到QR码: 葵花种子
1773471300.1816044 [logical-1] [INFO] [1773471300.180831772] [Ground]: 识别到QR码: 葵花种子
1773471300.1937578 [logical-1] [INFO] [1773471300.193381749] [Ground]: 识别到QR码: 葵花种子
1773471300.2057197 [logical-1] [INFO] [1773471300.205320060] [Ground]: 识别到QR码: 葵花种子
1773471300.2443037 [logical-1] [INFO] [1773471300.243940332] [Ground]: 识别到QR码: 葵花种子
1773471300.2758396 [logical-1] [INFO] [1773471300.275521896] [Ground]: 识别到QR码: 葵花种子
1773471300.4010611 [logical-1] [INFO] [1773471300.400469927] [Ground]: 识别到QR码: 葵花种子
1773471300.4095144 [logical-1] [INFO] [1773471300.409057340] [Ground]: 识别到QR码: 葵花种子
1773471300.4123344 [logical-1] [INFO] [1773471300.411559185] [Ground]: 识别到QR码: 葵花种子
1773471300.4137428 [logical-1] [INFO] [1773471300.413493714] [Ground]: 识别到QR码: 葵花种子
1773471300.4416442 [logical-1] [INFO] [1773471300.441247091] [Ground]: 识别到QR码: 葵花种子
1773471300.5068212 [logical-1] [INFO] [1773471300.506441594] [Ground]: 识别到QR码: 葵花种子
1773471300.5147989 [logical-1] [INFO] [1773471300.514405594] [Ground]: 识别到QR码: 葵花种子
1773471300.5487514 [logical-1] [INFO] [1773471300.548426011] [Ground]: 识别到QR码: 葵花种子
1773471302.8936632 [logical-1] [INFO] [1773471302.893340600] [Ground]: 识别到QR码: 葵花种子
1773471302.9271200 [logical-1] [INFO] [1773471302.926852390] [Ground]: 识别到QR码: 葵花种子
1773471302.9585001 [logical-1] [INFO] [1773471302.958051880] [Ground]: 识别到QR码: 葵花种子
1773471303.0006733 [logical-1] [INFO] [1773471303.000340159] [Ground]: 识别到QR码: 葵花种子
1773471303.0280669 [logical-1] [INFO] [1773471303.027782894] [Ground]: 识别到QR码: 葵花种子
1773471303.0935431 [logical-1] [INFO] [1773471303.093056072] [Ground]: 识别到QR码: 葵花种子
1773471303.1274621 [logical-1] [INFO] [1773471303.126807518] [Ground]: 识别到QR码: 葵花种子
1773471303.1756716 [logical-1] [INFO] [1773471303.175322194] [Ground]: 识别到QR码: 葵花种子
1773471303.2016010 [logical-1] [INFO] [1773471303.201184074] [Ground]: 识别到QR码: 葵花种子
1773471303.2487812 [logical-1] [INFO] [1773471303.248475779] [Ground]: 识别到QR码: 葵花种子
1773471303.2642491 [logical-1] [INFO] [1773471303.263905764] [Ground]: 识别到QR码: 葵花种子
1773471304.2837725 [logical-1] [INFO] [1773471304.283463209] [Ground]: 识别到QR码: 葵花种子
1773471304.3030674 [logical-1] [INFO] [1773471304.302766465] [Ground]: 识别到QR码: 葵花种子
1773471304.3346794 [logical-1] [INFO] [1773471304.334326835] [Ground]: 识别到QR码: 葵花种子
1773471304.6412225 [logical-1] [INFO] [1773471304.640797534] [Ground]: 识别到QR码: 葵花种子
1773471305.1126201 [logical-1] [INFO] [1773471305.112247924] [Ground]: 识别到QR码: 葵花种子
1773471305.9171572 [logical-1] [INFO] [1773471305.916790056] [Ground]: 识别到QR码: 葵花种子
1773471316.1982794 [logical-1] [INFO] [1773471316.197888871] [Ground]: 识别到QR码: 葵花种子
1773471316.7175150 [logical-1] [INFO] [1773471316.717191020] [Ground]: 识别到QR码: 葵花种子
1773471316.7537143 [logical-1] [INFO] [1773471316.753414865] [Ground]: 识别到QR码: 葵花种子
1773471316.8584301 [logical-1] [INFO] [1773471316.858077478] [Ground]: 识别到QR码: 葵花种子
1773471317.9292741 [logical-1] [INFO] [1773471317.928860092] [Ground]: 识别到QR码: 葵花种子
1773471318.0293031 [logical-1] [INFO] [1773471318.028905126] [Ground]: 识别到QR码: 葵花种子
1773471318.6278822 [logical-1] [INFO] [1773471318.627315074] [Ground]: 识别到QR码: 葵花种子
1773471318.7989466 [logical-1] [INFO] [1773471318.798637257] [Ground]: 识别到QR码: 葵花种子
1773471318.9050999 [logical-1] [INFO] [1773471318.904778023] [Ground]: 识别到QR码: 葵花种子
1773471319.2555573 [logical-1] [INFO] [1773471319.255165967] [Ground]: 识别到QR码: 葵花种子
1773471319.2902932 [logical-1] [INFO] [1773471319.290004494] [Ground]: 识别到QR码: 葵花种子
1773471319.3269739 [logical-1] [INFO] [1773471319.326465003] [Ground]: 识别到QR码: 葵花种子
1773471319.3802669 [logical-1] [INFO] [1773471319.379871160] [Ground]: 识别到QR码: 葵花种子
1773471319.4364979 [logical-1] [INFO] [1773471319.436058189] [Ground]: 识别到QR码: 葵花种子
1773471319.4716406 [logical-1] [INFO] [1773471319.471344528] [Ground]: 识别到QR码: 葵花种子
1773471319.5410905 [logical-1] [INFO] [1773471319.540706251] [Ground]: 识别到QR码: 葵花种子
1773471319.5765250 [logical-1] [INFO] [1773471319.576161775] [Ground]: 识别到QR码: 葵花种子
1773471319.6160290 [logical-1] [INFO] [1773471319.615663575] [Ground]: 识别到QR码: 葵花种子
1773471320.1474688 [logical-1] [INFO] [1773471320.147077368] [Ground]: 识别到QR码: 葵花种子
1773471320.1587434 [logical-1] [INFO] [1773471320.158241575] [Ground]: 识别到QR码: 葵花种子
1773471320.1818175 [logical-1] [INFO] [1773471320.181529869] [Ground]: 识别到QR码: 葵花种子
1773471320.2229798 [logical-1] [INFO] [1773471320.222665136] [Ground]: 识别到QR码: 葵花种子
1773471320.2552688 [logical-1] [INFO] [1773471320.254631663] [Ground]: 识别到QR码: 葵花种子
1773471320.2852795 [logical-1] [INFO] [1773471320.284871527] [Ground]: 识别到QR码: 葵花种子
1773471320.3202107 [logical-1] [INFO] [1773471320.319903887] [Ground]: 识别到QR码: 葵花种子
1773471320.3569341 [logical-1] [INFO] [1773471320.356458374] [Ground]: 识别到QR码: 葵花种子
1773471320.3871708 [logical-1] [INFO] [1773471320.386868786] [Ground]: 识别到QR码: 葵花种子
1773471320.4275272 [logical-1] [INFO] [1773471320.427134780] [Ground]: 识别到QR码: 葵花种子
1773471320.4589355 [logical-1] [INFO] [1773471320.458591614] [Ground]: 识别到QR码: 葵花种子
1773471320.5262671 [logical-1] [INFO] [1773471320.525923555] [Ground]: 识别到QR码: 葵花种子
1773471807.1286612 [logical-1] [INFO] [1773471807.128165996] [Ground]: 识别到QR码: E
1773472708.7315128 [INFO] [logical-1]: process has finished cleanly [pid 4121]
