1775391104.8224320 [INFO] [launch]: All log files can be found below /home/focal/Desktop/2024_GroundStation/run_log/2026-04-05-05-11-44-818233-ubuntu-22301
1775391104.8229084 [INFO] [launch]: Default logging verbosity is set to INFO
1775391104.9078896 [INFO] [myMain-1]: process started with pid [22303]
1775391104.9081035 [INFO] [navNode-2]: process started with pid [22305]
1775391105.2422833 [navNode-2] [INFO] [1775391105.241926435] [navNode]: paths: [
1775391105.2427773 [navNode-2]   {"x": 0.00, "y": 0.00, "z": 0.70, "label": "TakeOff", "qrcode": "", "label2": ""       , "qrcode2": "" },
1775391105.2429545 [navNode-2]   {"x":-0.25, "y": 0.75, "z": 0.80, "label": "A6"     , "qrcode": "", "label2": ""       , "qrcode2": "" },
1775391105.2430611 [navNode-2]   {"x":-0.25, "y": 0.75, "z": 1.20, "label": "A3"     , "qrcode": "", "label2": ""       , "qrcode2": "" },
1775391105.2431688 [navNode-2]   {"x":-0.25, "y": 1.25, "z": 1.20, "label": "A2"     , "qrcode": "", "label2": ""       , "qrcode2": "" },
1775391105.2432685 [navNode-2]   {"x":-0.25, "y": 1.25, "z": 0.80, "label": "A5"     , "qrcode": "", "label2": ""       , "qrcode2": "" },
1775391105.2433691 [navNode-2]   {"x":-0.25, "y": 1.75, "z": 0.80, "label": "A4"     , "qrcode": "", "label2": ""       , "qrcode2": "" },
1775391105.2434683 [navNode-2]   {"x":-0.25, "y": 1.75, "z": 1.20, "label": "A1"     , "qrcode": "", "label2": ""       , "qrcode2": "" },
1775391105.2435684 [navNode-2]   {"x":-0.25, "y": 2.00, "z": 0.70, "label": "UpSide1", "qrcode": "", "label2": ""       , "qrcode2": "" },
1775391105.2436883 [navNode-2]   {"x": 0.75, "y": 2.00, "z": 0.70, "label": "LandPos", "qrcode": "", "label2": ""       , "qrcode2": "" }
1775391105.2437952 [navNode-2] ]
1775391105.2438962 [navNode-2] 
1775391105.2501028 [navNode-2] [INFO] [1775391105.249856931] [navNode]: 上位机导航节点启动成功
1775391105.2511690 [navNode-2] [WARN] [1775391105.251019051] [navNode]: 任务开始执行
1775391105.3522291 [navNode-2] [INFO] [1775391105.351021514] [navNode]: 状态1：Takeoff--[TakeOff]
1775391105.6027722 [navNode-2] [ERROR] [1775391105.602407003] [navNode]: 发送 takeoff 失败: ROS2 服务 [ControlService] 未启动或超时
1775391105.6045363 [navNode-2] [INFO] [1775391105.604221398] [navNode]: 状态2：Takeoff_wait--[TakeOff]
1775391105.6049111 [navNode-2] [INFO] [1775391105.604661078] [navNode]: 未到目标点
1775391105.6049988 [navNode-2] 目标位置:(0.0, 0.0, 0.7)-[TakeOff]-[MCU:False]-[POS:False]
1775391105.6050699 [navNode-2] 当前位置:(0.0, 0.0, 0.0)
1775391105.6514721 [navNode-2] [INFO] [1775391105.651178495] [navNode]: 状态2：Takeoff_wait--[TakeOff]
1775391105.6524577 [navNode-2] [INFO] [1775391105.652299752] [navNode]: 未到目标点
1775391105.6525559 [navNode-2] 目标位置:(0.0, 0.0, 0.7)-[TakeOff]-[MCU:False]-[POS:False]
1775391105.6525941 [navNode-2] 当前位置:(0.0, 0.0, 0.0)
1775391105.7532952 [navNode-2] [INFO] [1775391105.752999463] [navNode]: 状态2：Takeoff_wait--[TakeOff]
1775391105.7537053 [navNode-2] [INFO] [1775391105.753419686] [navNode]: 未到目标点
1775391105.7537758 [navNode-2] 目标位置:(0.0, 0.0, 0.7)-[TakeOff]-[MCU:False]-[POS:False]
1775391105.7538204 [navNode-2] 当前位置:(0.0, 0.0, 0.0)
1775391105.8520794 [navNode-2] [INFO] [1775391105.851821613] [navNode]: 状态2：Takeoff_wait--[TakeOff]
1775391105.8529141 [navNode-2] [INFO] [1775391105.852775065] [navNode]: 未到目标点
1775391105.8530176 [navNode-2] 目标位置:(0.0, 0.0, 0.7)-[TakeOff]-[MCU:False]-[POS:False]
1775391105.8530531 [navNode-2] 当前位置:(0.0, 0.0, 0.0)
1775391105.9343274 [myMain-1] [INFO] [1775391105.933714983] [Ground]: ros2 node launch success:Ground!
1775391105.9513226 [navNode-2] [INFO] [1775391105.950980479] [navNode]: 状态2：Takeoff_wait--[TakeOff]
1775391105.9516966 [navNode-2] [INFO] [1775391105.951515021] [navNode]: 未到目标点
1775391105.9517596 [navNode-2] 目标位置:(0.0, 0.0, 0.7)-[TakeOff]-[MCU:False]-[POS:False]
1775391105.9517982 [navNode-2] 当前位置:(0.0, 0.0, 0.0)
1775391106.0511777 [navNode-2] [INFO] [1775391106.050858712] [navNode]: 状态2：Takeoff_wait--[TakeOff]
1775391106.0515575 [navNode-2] [INFO] [1775391106.051253501] [navNode]: 未到目标点
1775391106.0516288 [navNode-2] 目标位置:(0.0, 0.0, 0.7)-[TakeOff]-[MCU:False]-[POS:False]
1775391106.0516677 [navNode-2] 当前位置:(0.0, 0.0, 0.0)
1775391106.1517465 [navNode-2] [INFO] [1775391106.151412713] [navNode]: 状态2：Takeoff_wait--[TakeOff]
1775391106.1522505 [navNode-2] [INFO] [1775391106.151839259] [navNode]: 未到目标点
1775391106.1523628 [navNode-2] 目标位置:(0.0, 0.0, 0.7)-[TakeOff]-[MCU:False]-[POS:False]
1775391106.1524079 [navNode-2] 当前位置:(0.0, 0.0, 0.0)
1775391106.2514932 [navNode-2] [INFO] [1775391106.251145048] [navNode]: 状态2：Takeoff_wait--[TakeOff]
1775391106.2520683 [navNode-2] [INFO] [1775391106.251719725] [navNode]: 未到目标点
1775391106.2521877 [navNode-2] 目标位置:(0.0, 0.0, 0.7)-[TakeOff]-[MCU:False]-[POS:False]
1775391106.2522454 [navNode-2] 当前位置:(0.0, 0.0, 0.0)
1775391106.3518834 [navNode-2] [INFO] [1775391106.351545092] [navNode]: 状态2：Takeoff_wait--[TakeOff]
1775391106.3531344 [navNode-2] [INFO] [1775391106.352930773] [navNode]: 未到目标点
1775391106.3533053 [navNode-2] 目标位置:(0.0, 0.0, 0.7)-[TakeOff]-[MCU:False]-[POS:False]
1775391106.3533654 [navNode-2] 当前位置:(0.0, 0.0, 0.0)
1775391106.4513285 [navNode-2] [INFO] [1775391106.451007946] [navNode]: 状态2：Takeoff_wait--[TakeOff]
1775391106.4520228 [navNode-2] [INFO] [1775391106.451597369] [navNode]: 未到目标点
1775391106.4521155 [navNode-2] 目标位置:(0.0, 0.0, 0.7)-[TakeOff]-[MCU:False]-[POS:False]
1775391106.4521778 [navNode-2] 当前位置:(0.0, 0.0, 0.0)
1775391106.5516565 [navNode-2] [INFO] [1775391106.551336983] [navNode]: 状态2：Takeoff_wait--[TakeOff]
1775391106.5529203 [navNode-2] [INFO] [1775391106.552691363] [navNode]: 未到目标点
1775391106.5531394 [navNode-2] 目标位置:(0.0, 0.0, 0.7)-[TakeOff]-[MCU:False]-[POS:False]
1775391106.5532084 [navNode-2] 当前位置:(0.0, 0.0, 0.0)
1775391106.6530609 [navNode-2] [INFO] [1775391106.652637051] [navNode]: 状态2：Takeoff_wait--[TakeOff]
1775391106.6534827 [navNode-2] [INFO] [1775391106.653187797] [navNode]: 未到目标点
1775391106.6535621 [navNode-2] 目标位置:(0.0, 0.0, 0.7)-[TakeOff]-[MCU:False]-[POS:False]
1775391106.6536181 [navNode-2] 当前位置:(0.0, 0.0, 0.0)
1775391106.7524321 [navNode-2] [INFO] [1775391106.751837978] [navNode]: 状态2：Takeoff_wait--[TakeOff]
1775391106.7528758 [navNode-2] [INFO] [1775391106.752324062] [navNode]: 未到目标点
1775391106.7530007 [navNode-2] 目标位置:(0.0, 0.0, 0.7)-[TakeOff]-[MCU:False]-[POS:False]
1775391106.7530663 [navNode-2] 当前位置:(0.0, 0.0, 0.0)
1775391106.8521528 [navNode-2] [INFO] [1775391106.851153709] [navNode]: 状态2：Takeoff_wait--[TakeOff]
1775391106.8523421 [navNode-2] [INFO] [1775391106.851676890] [navNode]: 未到目标点
1775391106.8523920 [navNode-2] 目标位置:(0.0, 0.0, 0.7)-[TakeOff]-[MCU:False]-[POS:False]
1775391106.8524332 [navNode-2] 当前位置:(0.0, 0.0, 0.0)
1775391106.9516215 [navNode-2] [INFO] [1775391106.951234424] [navNode]: 状态2：Takeoff_wait--[TakeOff]
1775391106.9520149 [navNode-2] [INFO] [1775391106.951660284] [navNode]: 未到目标点
1775391106.9520867 [navNode-2] 目标位置:(0.0, 0.0, 0.7)-[TakeOff]-[MCU:False]-[POS:False]
1775391106.9521244 [navNode-2] 当前位置:(0.0, 0.0, 0.0)
1775391107.0522008 [navNode-2] [INFO] [1775391107.051687794] [navNode]: 状态2：Takeoff_wait--[TakeOff]
1775391107.0526314 [navNode-2] [INFO] [1775391107.052157736] [navNode]: 未到目标点
1775391107.0527158 [navNode-2] 目标位置:(0.0, 0.0, 0.7)-[TakeOff]-[MCU:False]-[POS:False]
1775391107.0527632 [navNode-2] 当前位置:(0.0, 0.0, 0.0)
1775391107.1521578 [navNode-2] [INFO] [1775391107.151817015] [navNode]: 状态2：Takeoff_wait--[TakeOff]
1775391107.1525578 [navNode-2] [INFO] [1775391107.152242492] [navNode]: 未到目标点
1775391107.1526573 [navNode-2] 目标位置:(0.0, 0.0, 0.7)-[TakeOff]-[MCU:False]-[POS:False]
1775391107.1527283 [navNode-2] 当前位置:(0.0, 0.0, 0.0)
1775391107.2513676 [navNode-2] [INFO] [1775391107.251041507] [navNode]: 状态2：Takeoff_wait--[TakeOff]
1775391107.2517509 [navNode-2] [INFO] [1775391107.251460050] [navNode]: 未到目标点
1775391107.2518451 [navNode-2] 目标位置:(0.0, 0.0, 0.7)-[TakeOff]-[MCU:False]-[POS:False]
1775391107.2518914 [navNode-2] 当前位置:(0.0, 0.0, 0.0)
1775391107.3519952 [navNode-2] [INFO] [1775391107.351552705] [navNode]: 状态2：Takeoff_wait--[TakeOff]
1775391107.3523848 [navNode-2] [INFO] [1775391107.352045429] [navNode]: 未到目标点
1775391107.3524806 [navNode-2] 目标位置:(0.0, 0.0, 0.7)-[TakeOff]-[MCU:False]-[POS:False]
1775391107.3525403 [navNode-2] 当前位置:(0.0, 0.0, 0.0)
1775391107.4514763 [navNode-2] [INFO] [1775391107.451053918] [navNode]: 状态2：Takeoff_wait--[TakeOff]
1775391107.4518454 [navNode-2] [INFO] [1775391107.451473380] [navNode]: 未到目标点
1775391107.4519529 [navNode-2] 目标位置:(0.0, 0.0, 0.7)-[TakeOff]-[MCU:False]-[POS:False]
1775391107.4520023 [navNode-2] 当前位置:(0.0, 0.0, 0.0)
1775391107.5530918 [navNode-2] [INFO] [1775391107.552521658] [navNode]: 状态2：Takeoff_wait--[TakeOff]
1775391107.5537932 [navNode-2] [INFO] [1775391107.553273219] [navNode]: 未到目标点
1775391107.5539243 [navNode-2] 目标位置:(0.0, 0.0, 0.7)-[TakeOff]-[MCU:False]-[POS:False]
1775391107.5539954 [navNode-2] 当前位置:(0.0, 0.0, 0.0)
1775391107.6519978 [navNode-2] [INFO] [1775391107.651577588] [navNode]: 状态2：Takeoff_wait--[TakeOff]
1775391107.6525416 [navNode-2] [INFO] [1775391107.652087825] [navNode]: 未到目标点
1775391107.6526852 [navNode-2] 目标位置:(0.0, 0.0, 0.7)-[TakeOff]-[MCU:False]-[POS:False]
1775391107.6527479 [navNode-2] 当前位置:(0.0, 0.0, 0.0)
1775391107.7521355 [navNode-2] [INFO] [1775391107.751681412] [navNode]: 状态2：Takeoff_wait--[TakeOff]
1775391107.7529931 [navNode-2] [INFO] [1775391107.752342265] [navNode]: 未到目标点
1775391107.7533243 [navNode-2] 目标位置:(0.0, 0.0, 0.7)-[TakeOff]-[MCU:False]-[POS:False]
1775391107.7534566 [navNode-2] 当前位置:(0.0, 0.0, 0.0)
1775391107.8516679 [navNode-2] [INFO] [1775391107.851226047] [navNode]: 状态2：Takeoff_wait--[TakeOff]
1775391107.8523407 [navNode-2] [INFO] [1775391107.851916866] [navNode]: 未到目标点
1775391107.8525712 [navNode-2] 目标位置:(0.0, 0.0, 0.7)-[TakeOff]-[MCU:False]-[POS:False]
1775391107.8526824 [navNode-2] 当前位置:(0.0, 0.0, 0.0)
1775391107.9521308 [navNode-2] [INFO] [1775391107.951380988] [navNode]: 状态2：Takeoff_wait--[TakeOff]
1775391107.9526255 [navNode-2] [INFO] [1775391107.951965567] [navNode]: 未到目标点
1775391107.9527588 [navNode-2] 目标位置:(0.0, 0.0, 0.7)-[TakeOff]-[MCU:False]-[POS:False]
1775391107.9528308 [navNode-2] 当前位置:(0.0, 0.0, 0.0)
1775391108.0526464 [navNode-2] [INFO] [1775391108.051860504] [navNode]: 状态2：Takeoff_wait--[TakeOff]
1775391108.0536401 [navNode-2] [INFO] [1775391108.053429793] [navNode]: 未到目标点
1775391108.0538418 [navNode-2] 目标位置:(0.0, 0.0, 0.7)-[TakeOff]-[MCU:False]-[POS:False]
1775391108.0539110 [navNode-2] 当前位置:(0.0, 0.0, 0.0)
1775391108.1517470 [navNode-2] [INFO] [1775391108.151293529] [navNode]: 状态2：Takeoff_wait--[TakeOff]
1775391108.1525676 [navNode-2] [INFO] [1775391108.152349718] [navNode]: 未到目标点
1775391108.1527009 [navNode-2] 目标位置:(0.0, 0.0, 0.7)-[TakeOff]-[MCU:False]-[POS:False]
1775391108.1527538 [navNode-2] 当前位置:(0.0, 0.0, 0.0)
1775391108.2527742 [navNode-2] [INFO] [1775391108.252172103] [navNode]: 状态2：Takeoff_wait--[TakeOff]
1775391108.2534835 [navNode-2] [INFO] [1775391108.253082814] [navNode]: 未到目标点
1775391108.2537062 [navNode-2] 目标位置:(0.0, 0.0, 0.7)-[TakeOff]-[MCU:False]-[POS:False]
1775391108.2538016 [navNode-2] 当前位置:(0.0, 0.0, 0.0)
1775391108.3522761 [navNode-2] [INFO] [1775391108.351732059] [navNode]: 状态2：Takeoff_wait--[TakeOff]
1775391108.3527672 [navNode-2] [INFO] [1775391108.352364431] [navNode]: 未到目标点
1775391108.3528624 [navNode-2] 目标位置:(0.0, 0.0, 0.7)-[TakeOff]-[MCU:False]-[POS:False]
1775391108.3529351 [navNode-2] 当前位置:(0.0, 0.0, 0.0)
1775391108.4530029 [navNode-2] [INFO] [1775391108.452099855] [navNode]: 状态2：Takeoff_wait--[TakeOff]
1775391108.4532790 [navNode-2] [INFO] [1775391108.452613052] [navNode]: 未到目标点
1775391108.4533677 [navNode-2] 目标位置:(0.0, 0.0, 0.7)-[TakeOff]-[MCU:False]-[POS:False]
1775391108.4534442 [navNode-2] 当前位置:(0.0, 0.0, 0.0)
1775391108.5528519 [navNode-2] [INFO] [1775391108.551904968] [navNode]: 状态2：Takeoff_wait--[TakeOff]
1775391108.5536115 [navNode-2] [INFO] [1775391108.552647491] [navNode]: 未到目标点
1775391108.5537484 [navNode-2] 目标位置:(0.0, 0.0, 0.7)-[TakeOff]-[MCU:False]-[POS:False]
1775391108.5538337 [navNode-2] 当前位置:(0.0, 0.0, 0.0)
1775391108.6527150 [navNode-2] [INFO] [1775391108.651649446] [navNode]: 状态2：Takeoff_wait--[TakeOff]
1775391108.6534259 [navNode-2] [INFO] [1775391108.652227619] [navNode]: 未到目标点
1775391108.6536047 [navNode-2] 目标位置:(0.0, 0.0, 0.7)-[TakeOff]-[MCU:False]-[POS:False]
1775391108.6536713 [navNode-2] 当前位置:(0.0, 0.0, 0.0)
1775391108.7529812 [navNode-2] [INFO] [1775391108.752459228] [navNode]: 状态2：Takeoff_wait--[TakeOff]
1775391108.7537644 [navNode-2] [INFO] [1775391108.753099767] [navNode]: 未到目标点
1775391108.7540023 [navNode-2] 目标位置:(0.0, 0.0, 0.7)-[TakeOff]-[MCU:False]-[POS:False]
1775391108.7541065 [navNode-2] 当前位置:(0.0, 0.0, 0.0)
1775391108.8522680 [navNode-2] [INFO] [1775391108.851474918] [navNode]: 状态2：Takeoff_wait--[TakeOff]
1775391108.8525052 [navNode-2] [INFO] [1775391108.851890772] [navNode]: 未到目标点
1775391108.8525872 [navNode-2] 目标位置:(0.0, 0.0, 0.7)-[TakeOff]-[MCU:False]-[POS:False]
1775391108.8526466 [navNode-2] 当前位置:(0.0, 0.0, 0.0)
1775391108.9515424 [navNode-2] [INFO] [1775391108.951162724] [navNode]: 状态2：Takeoff_wait--[TakeOff]
1775391108.9520147 [navNode-2] [INFO] [1775391108.951651596] [navNode]: 未到目标点
1775391108.9521136 [navNode-2] 目标位置:(0.0, 0.0, 0.7)-[TakeOff]-[MCU:False]-[POS:False]
1775391108.9521675 [navNode-2] 当前位置:(0.0, 0.0, 0.0)
1775391109.0528753 [navNode-2] [INFO] [1775391109.051436384] [navNode]: 状态2：Takeoff_wait--[TakeOff]
1775391109.0531271 [navNode-2] [INFO] [1775391109.051948818] [navNode]: 未到目标点
1775391109.0531960 [navNode-2] 目标位置:(0.0, 0.0, 0.7)-[TakeOff]-[MCU:False]-[POS:False]
1775391109.0532372 [navNode-2] 当前位置:(0.0, 0.0, 0.0)
1775391109.1518211 [navNode-2] [INFO] [1775391109.151457789] [navNode]: 状态2：Takeoff_wait--[TakeOff]
1775391109.1522672 [navNode-2] [INFO] [1775391109.151981549] [navNode]: 未到目标点
1775391109.1523826 [navNode-2] 目标位置:(0.0, 0.0, 0.7)-[TakeOff]-[MCU:False]-[POS:False]
1775391109.1524403 [navNode-2] 当前位置:(0.0, 0.0, 0.0)
1775391109.2521908 [navNode-2] [INFO] [1775391109.251328062] [navNode]: 状态2：Takeoff_wait--[TakeOff]
1775391109.2524416 [navNode-2] [INFO] [1775391109.251803417] [navNode]: 未到目标点
1775391109.2525227 [navNode-2] 目标位置:(0.0, 0.0, 0.7)-[TakeOff]-[MCU:False]-[POS:False]
1775391109.2525744 [navNode-2] 当前位置:(0.0, 0.0, 0.0)
1775391109.3514750 [navNode-2] [INFO] [1775391109.351132264] [navNode]: 状态2：Takeoff_wait--[TakeOff]
1775391109.3518608 [navNode-2] [INFO] [1775391109.351578845] [navNode]: 未到目标点
1775391109.3519275 [navNode-2] 目标位置:(0.0, 0.0, 0.7)-[TakeOff]-[MCU:False]-[POS:False]
1775391109.3519692 [navNode-2] 当前位置:(0.0, 0.0, 0.0)
1775391109.4516950 [navNode-2] [INFO] [1775391109.451359252] [navNode]: 状态2：Takeoff_wait--[TakeOff]
1775391109.4520712 [navNode-2] [INFO] [1775391109.451794187] [navNode]: 未到目标点
1775391109.4521701 [navNode-2] 目标位置:(0.0, 0.0, 0.7)-[TakeOff]-[MCU:False]-[POS:False]
1775391109.4522276 [navNode-2] 当前位置:(0.0, 0.0, 0.0)
1775391109.5515335 [navNode-2] [INFO] [1775391109.551212136] [navNode]: 状态2：Takeoff_wait--[TakeOff]
1775391109.5519760 [navNode-2] [INFO] [1775391109.551665801] [navNode]: 未到目标点
1775391109.5520899 [navNode-2] 目标位置:(0.0, 0.0, 0.7)-[TakeOff]-[MCU:False]-[POS:False]
1775391109.5521641 [navNode-2] 当前位置:(0.0, 0.0, 0.0)
1775391109.6522925 [navNode-2] [INFO] [1775391109.651815222] [navNode]: 状态2：Takeoff_wait--[TakeOff]
1775391109.6526933 [navNode-2] [INFO] [1775391109.652278108] [navNode]: 未到目标点
1775391109.6527665 [navNode-2] 目标位置:(0.0, 0.0, 0.7)-[TakeOff]-[MCU:False]-[POS:False]
1775391109.6528380 [navNode-2] 当前位置:(0.0, 0.0, 0.0)
1775391109.7518470 [navNode-2] [INFO] [1775391109.751482741] [navNode]: 状态2：Takeoff_wait--[TakeOff]
1775391109.7522340 [navNode-2] [INFO] [1775391109.751958292] [navNode]: 未到目标点
1775391109.7523100 [navNode-2] 目标位置:(0.0, 0.0, 0.7)-[TakeOff]-[MCU:False]-[POS:False]
1775391109.7523530 [navNode-2] 当前位置:(0.0, 0.0, 0.0)
1775391109.8517332 [navNode-2] [INFO] [1775391109.851326547] [navNode]: 状态2：Takeoff_wait--[TakeOff]
1775391109.8521979 [navNode-2] [INFO] [1775391109.851757551] [navNode]: 未到目标点
1775391109.8522930 [navNode-2] 目标位置:(0.0, 0.0, 0.7)-[TakeOff]-[MCU:False]-[POS:False]
1775391109.8523457 [navNode-2] 当前位置:(0.0, 0.0, 0.0)
1775391109.9518850 [navNode-2] [INFO] [1775391109.951538079] [navNode]: 状态2：Takeoff_wait--[TakeOff]
1775391109.9522724 [navNode-2] [INFO] [1775391109.952007171] [navNode]: 未到目标点
1775391109.9523733 [navNode-2] 目标位置:(0.0, 0.0, 0.7)-[TakeOff]-[MCU:False]-[POS:False]
1775391109.9524164 [navNode-2] 当前位置:(0.0, 0.0, 0.0)
1775391110.0515168 [navNode-2] [INFO] [1775391110.051233167] [navNode]: 状态2：Takeoff_wait--[TakeOff]
1775391110.0519350 [navNode-2] [INFO] [1775391110.051628345] [navNode]: 未到目标点
1775391110.0520482 [navNode-2] 目标位置:(0.0, 0.0, 0.7)-[TakeOff]-[MCU:False]-[POS:False]
1775391110.0521188 [navNode-2] 当前位置:(0.0, 0.0, 0.0)
1775391110.1516771 [navNode-2] [INFO] [1775391110.151331683] [navNode]: 状态2：Takeoff_wait--[TakeOff]
1775391110.1521323 [navNode-2] [INFO] [1775391110.151786642] [navNode]: 未到目标点
1775391110.1522610 [navNode-2] 目标位置:(0.0, 0.0, 0.7)-[TakeOff]-[MCU:False]-[POS:False]
1775391110.1523125 [navNode-2] 当前位置:(0.0, 0.0, 0.0)
1775391110.1890140 [navNode-2] [INFO] [1775391110.188641340] [navNode]: 收到来自UI的请求：scan_all
1775391110.1894171 [navNode-2] [WARN] [1775391110.189146058] [navNode]: 任务开始执行scan_all
1775391110.1900966 [myMain-1] [INFO] [1775391110.189886682] [Ground]: 发送 scan_all 成功
1775391110.1916745 [myMain-1] [INFO] [1775391110.191471646] [Ground]: scan_all 响应成功 → 回复：scan_all
1775391110.2519784 [navNode-2] [INFO] [1775391110.251475628] [navNode]: 状态2：Takeoff_wait--[TakeOff]
1775391110.2523661 [navNode-2] [INFO] [1775391110.252175691] [navNode]: 未到目标点
1775391110.2524436 [navNode-2] 目标位置:(0.0, 0.0, 0.7)-[TakeOff]-[MCU:False]-[POS:False]
1775391110.2525246 [navNode-2] 当前位置:(0.0, 0.0, 0.0)
1775391110.3518665 [navNode-2] [INFO] [1775391110.351508942] [navNode]: 状态2：Takeoff_wait--[TakeOff]
1775391110.3523607 [navNode-2] [INFO] [1775391110.352073868] [navNode]: 未到目标点
1775391110.3524790 [navNode-2] 目标位置:(0.0, 0.0, 0.7)-[TakeOff]-[MCU:False]-[POS:False]
1775391110.3525488 [navNode-2] 当前位置:(0.0, 0.0, 0.0)
1775391110.4523299 [navNode-2] [INFO] [1775391110.452001982] [navNode]: 状态2：Takeoff_wait--[TakeOff]
1775391110.4527380 [navNode-2] [INFO] [1775391110.452453145] [navNode]: 未到目标点
1775391110.4528379 [navNode-2] 目标位置:(0.0, 0.0, 0.7)-[TakeOff]-[MCU:False]-[POS:False]
1775391110.4528940 [navNode-2] 当前位置:(0.0, 0.0, 0.0)
1775391110.5516765 [navNode-2] [INFO] [1775391110.551319472] [navNode]: 状态2：Takeoff_wait--[TakeOff]
1775391110.5521870 [navNode-2] [INFO] [1775391110.551779350] [navNode]: 未到目标点
1775391110.5522974 [navNode-2] 目标位置:(0.0, 0.0, 0.7)-[TakeOff]-[MCU:False]-[POS:False]
1775391110.5523648 [navNode-2] 当前位置:(0.0, 0.0, 0.0)
1775391110.6524861 [navNode-2] [INFO] [1775391110.652046728] [navNode]: 状态2：Takeoff_wait--[TakeOff]
1775391110.6529083 [navNode-2] [INFO] [1775391110.652654086] [navNode]: 未到目标点
1775391110.6530223 [navNode-2] 目标位置:(0.0, 0.0, 0.7)-[TakeOff]-[MCU:False]-[POS:False]
1775391110.6530869 [navNode-2] 当前位置:(0.0, 0.0, 0.0)
1775391110.7513020 [navNode-2] [INFO] [1775391110.750959975] [navNode]: 状态2：Takeoff_wait--[TakeOff]
1775391110.7517388 [navNode-2] [INFO] [1775391110.751387842] [navNode]: 未到目标点
1775391110.7518489 [navNode-2] 目标位置:(0.0, 0.0, 0.7)-[TakeOff]-[MCU:False]-[POS:False]
1775391110.7519236 [navNode-2] 当前位置:(0.0, 0.0, 0.0)
1775391110.8515334 [navNode-2] [INFO] [1775391110.851211014] [navNode]: 状态2：Takeoff_wait--[TakeOff]
1775391110.8519897 [navNode-2] [INFO] [1775391110.851649852] [navNode]: 未到目标点
1775391110.8521168 [navNode-2] 目标位置:(0.0, 0.0, 0.7)-[TakeOff]-[MCU:False]-[POS:False]
1775391110.8521740 [navNode-2] 当前位置:(0.0, 0.0, 0.0)
1775391110.9514744 [navNode-2] [INFO] [1775391110.951136762] [navNode]: 状态2：Takeoff_wait--[TakeOff]
1775391110.9519262 [navNode-2] [INFO] [1775391110.951576643] [navNode]: 未到目标点
1775391110.9520493 [navNode-2] 目标位置:(0.0, 0.0, 0.7)-[TakeOff]-[MCU:False]-[POS:False]
1775391110.9521224 [navNode-2] 当前位置:(0.0, 0.0, 0.0)
1775391111.0524385 [navNode-2] [INFO] [1775391111.051858030] [navNode]: 状态2：Takeoff_wait--[TakeOff]
1775391111.0529134 [navNode-2] [INFO] [1775391111.052503031] [navNode]: 未到目标点
1775391111.0530016 [navNode-2] 目标位置:(0.0, 0.0, 0.7)-[TakeOff]-[MCU:False]-[POS:False]
1775391111.0530531 [navNode-2] 当前位置:(0.0, 0.0, 0.0)
1775391111.1524639 [navNode-2] [INFO] [1775391111.152098519] [navNode]: 状态2：Takeoff_wait--[TakeOff]
1775391111.1529276 [navNode-2] [INFO] [1775391111.152632211] [navNode]: 未到目标点
1775391111.1530201 [navNode-2] 目标位置:(0.0, 0.0, 0.7)-[TakeOff]-[MCU:False]-[POS:False]
1775391111.1530678 [navNode-2] 当前位置:(0.0, 0.0, 0.0)
1775391111.2517197 [navNode-2] [INFO] [1775391111.251281708] [navNode]: 状态2：Takeoff_wait--[TakeOff]
1775391111.2522290 [navNode-2] [INFO] [1775391111.251735533] [navNode]: 未到目标点
1775391111.2523878 [navNode-2] 目标位置:(0.0, 0.0, 0.7)-[TakeOff]-[MCU:False]-[POS:False]
1775391111.2524734 [navNode-2] 当前位置:(0.0, 0.0, 0.0)
1775391111.3514075 [navNode-2] [INFO] [1775391111.351033164] [navNode]: 状态2：Takeoff_wait--[TakeOff]
1775391111.3520069 [navNode-2] [INFO] [1775391111.351857607] [navNode]: 未到目标点
1775391111.3521287 [navNode-2] 目标位置:(0.0, 0.0, 0.7)-[TakeOff]-[MCU:False]-[POS:False]
1775391111.3521874 [navNode-2] 当前位置:(0.0, 0.0, 0.0)
1775391111.4518783 [navNode-2] [INFO] [1775391111.451478494] [navNode]: 状态2：Takeoff_wait--[TakeOff]
1775391111.4523149 [navNode-2] [INFO] [1775391111.451970519] [navNode]: 未到目标点
1775391111.4524474 [navNode-2] 目标位置:(0.0, 0.0, 0.7)-[TakeOff]-[MCU:False]-[POS:False]
1775391111.4524956 [navNode-2] 当前位置:(0.0, 0.0, 0.0)
1775391111.5529647 [navNode-2] [INFO] [1775391111.552298458] [navNode]: 状态2：Takeoff_wait--[TakeOff]
1775391111.5537055 [navNode-2] [INFO] [1775391111.553087949] [navNode]: 未到目标点
1775391111.5544610 [navNode-2] 目标位置:(0.0, 0.0, 0.7)-[TakeOff]-[MCU:False]-[POS:False]
1775391111.5546052 [navNode-2] 当前位置:(0.0, 0.0, 0.0)
1775391111.6523530 [navNode-2] [INFO] [1775391111.651962627] [navNode]: 状态2：Takeoff_wait--[TakeOff]
1775391111.6527486 [navNode-2] [INFO] [1775391111.652355772] [navNode]: 未到目标点
1775391111.6528418 [navNode-2] 目标位置:(0.0, 0.0, 0.7)-[TakeOff]-[MCU:False]-[POS:False]
1775391111.6528907 [navNode-2] 当前位置:(0.0, 0.0, 0.0)
1775391111.7515984 [navNode-2] [INFO] [1775391111.751199982] [navNode]: 状态2：Takeoff_wait--[TakeOff]
1775391111.7519987 [navNode-2] [INFO] [1775391111.751611451] [navNode]: 未到目标点
1775391111.7520895 [navNode-2] 目标位置:(0.0, 0.0, 0.7)-[TakeOff]-[MCU:False]-[POS:False]
1775391111.7521806 [navNode-2] 当前位置:(0.0, 0.0, 0.0)
1775391111.8520854 [navNode-2] [INFO] [1775391111.851756046] [navNode]: 状态2：Takeoff_wait--[TakeOff]
1775391111.8524909 [navNode-2] [INFO] [1775391111.852185845] [navNode]: 未到目标点
1775391111.8525896 [navNode-2] 目标位置:(0.0, 0.0, 0.7)-[TakeOff]-[MCU:False]-[POS:False]
1775391111.8526409 [navNode-2] 当前位置:(0.0, 0.0, 0.0)
1775391111.9515450 [navNode-2] [INFO] [1775391111.951219531] [navNode]: 状态2：Takeoff_wait--[TakeOff]
1775391111.9519694 [navNode-2] [INFO] [1775391111.951699386] [navNode]: 未到目标点
1775391111.9520540 [navNode-2] 目标位置:(0.0, 0.0, 0.7)-[TakeOff]-[MCU:False]-[POS:False]
1775391111.9521039 [navNode-2] 当前位置:(0.0, 0.0, 0.0)
1775391112.0520689 [navNode-2] [INFO] [1775391112.051715860] [navNode]: 状态2：Takeoff_wait--[TakeOff]
1775391112.0525494 [navNode-2] [INFO] [1775391112.052428650] [navNode]: 未到目标点
1775391112.0526419 [navNode-2] 目标位置:(0.0, 0.0, 0.7)-[TakeOff]-[MCU:False]-[POS:False]
1775391112.0526893 [navNode-2] 当前位置:(0.0, 0.0, 0.0)
1775391112.1521738 [navNode-2] [INFO] [1775391112.151712324] [navNode]: 状态2：Takeoff_wait--[TakeOff]
1775391112.1527331 [navNode-2] [INFO] [1775391112.152269440] [navNode]: 未到目标点
1775391112.1528754 [navNode-2] 目标位置:(0.0, 0.0, 0.7)-[TakeOff]-[MCU:False]-[POS:False]
1775391112.1529713 [navNode-2] 当前位置:(0.0, 0.0, 0.0)
1775391112.2518578 [navNode-2] [INFO] [1775391112.251414493] [navNode]: 状态2：Takeoff_wait--[TakeOff]
1775391112.2522824 [navNode-2] [INFO] [1775391112.251904994] [navNode]: 未到目标点
1775391112.2524464 [navNode-2] 目标位置:(0.0, 0.0, 0.7)-[TakeOff]-[MCU:False]-[POS:False]
1775391112.2525258 [navNode-2] 当前位置:(0.0, 0.0, 0.0)
1775391112.3518057 [navNode-2] [INFO] [1775391112.351403509] [navNode]: 状态2：Takeoff_wait--[TakeOff]
1775391112.3521705 [navNode-2] [INFO] [1775391112.351845284] [navNode]: 未到目标点
1775391112.3522441 [navNode-2] 目标位置:(0.0, 0.0, 0.7)-[TakeOff]-[MCU:False]-[POS:False]
1775391112.3523028 [navNode-2] 当前位置:(0.0, 0.0, 0.0)
1775391112.4515417 [navNode-2] [INFO] [1775391112.451229447] [navNode]: 状态2：Takeoff_wait--[TakeOff]
1775391112.4520040 [navNode-2] [INFO] [1775391112.451725015] [navNode]: 未到目标点
1775391112.4520721 [navNode-2] 目标位置:(0.0, 0.0, 0.7)-[TakeOff]-[MCU:False]-[POS:False]
1775391112.4521222 [navNode-2] 当前位置:(0.0, 0.0, 0.0)
1775391112.5520072 [navNode-2] [INFO] [1775391112.551610023] [navNode]: 状态2：Takeoff_wait--[TakeOff]
1775391112.5526493 [navNode-2] [INFO] [1775391112.552351012] [navNode]: 未到目标点
1775391112.5527620 [navNode-2] 目标位置:(0.0, 0.0, 0.7)-[TakeOff]-[MCU:False]-[POS:False]
1775391112.5528202 [navNode-2] 当前位置:(0.0, 0.0, 0.0)
1775391112.6515238 [navNode-2] [INFO] [1775391112.651200105] [navNode]: 状态2：Takeoff_wait--[TakeOff]
1775391112.6519635 [navNode-2] [INFO] [1775391112.651694707] [navNode]: 未到目标点
1775391112.6520584 [navNode-2] 目标位置:(0.0, 0.0, 0.7)-[TakeOff]-[MCU:False]-[POS:False]
1775391112.6521158 [navNode-2] 当前位置:(0.0, 0.0, 0.0)
1775391112.7522297 [navNode-2] [INFO] [1775391112.751771102] [navNode]: 状态2：Takeoff_wait--[TakeOff]
1775391112.7527037 [navNode-2] [INFO] [1775391112.752294300] [navNode]: 未到目标点
1775391112.7528205 [navNode-2] 目标位置:(0.0, 0.0, 0.7)-[TakeOff]-[MCU:False]-[POS:False]
1775391112.7528794 [navNode-2] 当前位置:(0.0, 0.0, 0.0)
1775391112.8514853 [navNode-2] [INFO] [1775391112.851163581] [navNode]: 状态2：Takeoff_wait--[TakeOff]
1775391112.8518505 [navNode-2] [INFO] [1775391112.851601538] [navNode]: 未到目标点
1775391112.8519526 [navNode-2] 目标位置:(0.0, 0.0, 0.7)-[TakeOff]-[MCU:False]-[POS:False]
1775391112.8520072 [navNode-2] 当前位置:(0.0, 0.0, 0.0)
1775391112.9517360 [navNode-2] [INFO] [1775391112.951274537] [navNode]: 状态2：Takeoff_wait--[TakeOff]
1775391112.9522111 [navNode-2] [INFO] [1775391112.951813529] [navNode]: 未到目标点
1775391112.9523447 [navNode-2] 目标位置:(0.0, 0.0, 0.7)-[TakeOff]-[MCU:False]-[POS:False]
1775391112.9524086 [navNode-2] 当前位置:(0.0, 0.0, 0.0)
1775391113.0516877 [navNode-2] [INFO] [1775391113.051323886] [navNode]: 状态2：Takeoff_wait--[TakeOff]
1775391113.0521104 [navNode-2] [INFO] [1775391113.051873906] [navNode]: 未到目标点
1775391113.0522032 [navNode-2] 目标位置:(0.0, 0.0, 0.7)-[TakeOff]-[MCU:False]-[POS:False]
1775391113.0522654 [navNode-2] 当前位置:(0.0, 0.0, 0.0)
1775391113.1517963 [navNode-2] [INFO] [1775391113.151405554] [navNode]: 状态2：Takeoff_wait--[TakeOff]
1775391113.1524153 [navNode-2] [INFO] [1775391113.152128903] [navNode]: 未到目标点
1775391113.1526058 [navNode-2] 目标位置:(0.0, 0.0, 0.7)-[TakeOff]-[MCU:False]-[POS:False]
1775391113.1526890 [navNode-2] 当前位置:(0.0, 0.0, 0.0)
1775391113.2518525 [navNode-2] [INFO] [1775391113.251473667] [navNode]: 状态2：Takeoff_wait--[TakeOff]
1775391113.2524121 [navNode-2] [INFO] [1775391113.251993387] [navNode]: 未到目标点
1775391113.2525139 [navNode-2] 目标位置:(0.0, 0.0, 0.7)-[TakeOff]-[MCU:False]-[POS:False]
1775391113.2525778 [navNode-2] 当前位置:(0.0, 0.0, 0.0)
1775391113.3524170 [navNode-2] [INFO] [1775391113.352026226] [navNode]: 状态2：Takeoff_wait--[TakeOff]
1775391113.3529205 [navNode-2] [INFO] [1775391113.352599570] [navNode]: 未到目标点
1775391113.3530650 [navNode-2] 目标位置:(0.0, 0.0, 0.7)-[TakeOff]-[MCU:False]-[POS:False]
1775391113.3531597 [navNode-2] 当前位置:(0.0, 0.0, 0.0)
1775391113.4518003 [navNode-2] [INFO] [1775391113.451363273] [navNode]: 状态2：Takeoff_wait--[TakeOff]
1775391113.4522817 [navNode-2] [INFO] [1775391113.451875102] [navNode]: 未到目标点
1775391113.4524159 [navNode-2] 目标位置:(0.0, 0.0, 0.7)-[TakeOff]-[MCU:False]-[POS:False]
1775391113.4524977 [navNode-2] 当前位置:(0.0, 0.0, 0.0)
1775391113.5515358 [navNode-2] [INFO] [1775391113.551234378] [navNode]: 状态2：Takeoff_wait--[TakeOff]
1775391113.5520966 [navNode-2] [INFO] [1775391113.551672506] [navNode]: 未到目标点
1775391113.5522342 [navNode-2] 目标位置:(0.0, 0.0, 0.7)-[TakeOff]-[MCU:False]-[POS:False]
1775391113.5523083 [navNode-2] 当前位置:(0.0, 0.0, 0.0)
1775391113.6520429 [navNode-2] [INFO] [1775391113.651436655] [navNode]: 状态2：Takeoff_wait--[TakeOff]
1775391113.6525989 [navNode-2] [INFO] [1775391113.651878473] [navNode]: 未到目标点
1775391113.6527436 [navNode-2] 目标位置:(0.0, 0.0, 0.7)-[TakeOff]-[MCU:False]-[POS:False]
1775391113.6528041 [navNode-2] 当前位置:(0.0, 0.0, 0.0)
1775391113.7523124 [navNode-2] [INFO] [1775391113.751874276] [navNode]: 状态2：Takeoff_wait--[TakeOff]
1775391113.7526984 [navNode-2] [INFO] [1775391113.752343636] [navNode]: 未到目标点
1775391113.7527885 [navNode-2] 目标位置:(0.0, 0.0, 0.7)-[TakeOff]-[MCU:False]-[POS:False]
1775391113.7528529 [navNode-2] 当前位置:(0.0, 0.0, 0.0)
1775391113.8517036 [navNode-2] [INFO] [1775391113.851298689] [navNode]: 状态2：Takeoff_wait--[TakeOff]
1775391113.8520844 [navNode-2] [INFO] [1775391113.851711462] [navNode]: 未到目标点
1775391113.8521762 [navNode-2] 目标位置:(0.0, 0.0, 0.7)-[TakeOff]-[MCU:False]-[POS:False]
1775391113.8522418 [navNode-2] 当前位置:(0.0, 0.0, 0.0)
1775391113.9517553 [navNode-2] [INFO] [1775391113.951391522] [navNode]: 状态2：Takeoff_wait--[TakeOff]
1775391113.9521596 [navNode-2] [INFO] [1775391113.951853718] [navNode]: 未到目标点
1775391113.9522512 [navNode-2] 目标位置:(0.0, 0.0, 0.7)-[TakeOff]-[MCU:False]-[POS:False]
1775391113.9523189 [navNode-2] 当前位置:(0.0, 0.0, 0.0)
1775391114.0517228 [navNode-2] [INFO] [1775391114.051394636] [navNode]: 状态2：Takeoff_wait--[TakeOff]
1775391114.0521197 [navNode-2] [INFO] [1775391114.051850916] [navNode]: 未到目标点
1775391114.0522115 [navNode-2] 目标位置:(0.0, 0.0, 0.7)-[TakeOff]-[MCU:False]-[POS:False]
1775391114.0522673 [navNode-2] 当前位置:(0.0, 0.0, 0.0)
1775391114.1516688 [navNode-2] [INFO] [1775391114.151296891] [navNode]: 状态2：Takeoff_wait--[TakeOff]
1775391114.1520646 [navNode-2] [INFO] [1775391114.151776399] [navNode]: 未到目标点
1775391114.1521559 [navNode-2] 目标位置:(0.0, 0.0, 0.7)-[TakeOff]-[MCU:False]-[POS:False]
1775391114.1521969 [navNode-2] 当前位置:(0.0, 0.0, 0.0)
1775391114.2520735 [navNode-2] [INFO] [1775391114.251362652] [navNode]: 状态2：Takeoff_wait--[TakeOff]
1775391114.2525299 [navNode-2] [INFO] [1775391114.251835753] [navNode]: 未到目标点
1775391114.2526298 [navNode-2] 目标位置:(0.0, 0.0, 0.7)-[TakeOff]-[MCU:False]-[POS:False]
1775391114.2527058 [navNode-2] 当前位置:(0.0, 0.0, 0.0)
1775391114.3516397 [navNode-2] [INFO] [1775391114.351254572] [navNode]: 状态2：Takeoff_wait--[TakeOff]
1775391114.3521557 [navNode-2] [INFO] [1775391114.351773805] [navNode]: 未到目标点
1775391114.3522451 [navNode-2] 目标位置:(0.0, 0.0, 0.7)-[TakeOff]-[MCU:False]-[POS:False]
1775391114.3522928 [navNode-2] 当前位置:(0.0, 0.0, 0.0)
1775391114.4530919 [navNode-2] [INFO] [1775391114.452685467] [navNode]: 状态2：Takeoff_wait--[TakeOff]
1775391114.4534719 [navNode-2] [INFO] [1775391114.453197029] [navNode]: 未到目标点
1775391114.4535911 [navNode-2] 目标位置:(0.0, 0.0, 0.7)-[TakeOff]-[MCU:False]-[POS:False]
1775391114.4536657 [navNode-2] 当前位置:(0.0, 0.0, 0.0)
1775391114.5517390 [navNode-2] [INFO] [1775391114.551392910] [navNode]: 状态2：Takeoff_wait--[TakeOff]
1775391114.5521541 [navNode-2] [INFO] [1775391114.551835948] [navNode]: 未到目标点
1775391114.5522790 [navNode-2] 目标位置:(0.0, 0.0, 0.7)-[TakeOff]-[MCU:False]-[POS:False]
1775391114.5523369 [navNode-2] 当前位置:(0.0, 0.0, 0.0)
1775391114.6522086 [navNode-2] [INFO] [1775391114.651811826] [navNode]: 状态2：Takeoff_wait--[TakeOff]
1775391114.6526663 [navNode-2] [INFO] [1775391114.652241057] [navNode]: 未到目标点
1775391114.6527998 [navNode-2] 目标位置:(0.0, 0.0, 0.7)-[TakeOff]-[MCU:False]-[POS:False]
1775391114.6528466 [navNode-2] 当前位置:(0.0, 0.0, 0.0)
1775391114.7517366 [navNode-2] [INFO] [1775391114.751399134] [navNode]: 状态2：Takeoff_wait--[TakeOff]
1775391114.7521577 [navNode-2] [INFO] [1775391114.751831573] [navNode]: 未到目标点
1775391114.7522614 [navNode-2] 目标位置:(0.0, 0.0, 0.7)-[TakeOff]-[MCU:False]-[POS:False]
1775391114.7523136 [navNode-2] 当前位置:(0.0, 0.0, 0.0)
1775391114.8519523 [navNode-2] [INFO] [1775391114.851561903] [navNode]: 状态2：Takeoff_wait--[TakeOff]
1775391114.8525794 [navNode-2] [INFO] [1775391114.852131341] [navNode]: 未到目标点
1775391114.8526957 [navNode-2] 目标位置:(0.0, 0.0, 0.7)-[TakeOff]-[MCU:False]-[POS:False]
1775391114.8527439 [navNode-2] 当前位置:(0.0, 0.0, 0.0)
1775391114.9518178 [navNode-2] [INFO] [1775391114.951467341] [navNode]: 状态2：Takeoff_wait--[TakeOff]
1775391114.9523335 [navNode-2] [INFO] [1775391114.952211349] [navNode]: 未到目标点
1775391114.9524424 [navNode-2] 目标位置:(0.0, 0.0, 0.7)-[TakeOff]-[MCU:False]-[POS:False]
1775391114.9524987 [navNode-2] 当前位置:(0.0, 0.0, 0.0)
1775391115.0527852 [navNode-2] [INFO] [1775391115.052429288] [navNode]: 状态2：Takeoff_wait--[TakeOff]
1775391115.0532060 [navNode-2] [INFO] [1775391115.052978883] [navNode]: 未到目标点
1775391115.0532722 [navNode-2] 目标位置:(0.0, 0.0, 0.7)-[TakeOff]-[MCU:False]-[POS:False]
1775391115.0533168 [navNode-2] 当前位置:(0.0, 0.0, 0.0)
1775391115.1515331 [navNode-2] [INFO] [1775391115.151206812] [navNode]: 状态2：Takeoff_wait--[TakeOff]
1775391115.1519268 [navNode-2] [INFO] [1775391115.151669921] [navNode]: 未到目标点
1775391115.1520371 [navNode-2] 目标位置:(0.0, 0.0, 0.7)-[TakeOff]-[MCU:False]-[POS:False]
1775391115.1520796 [navNode-2] 当前位置:(0.0, 0.0, 0.0)
1775391115.2531855 [navNode-2] [INFO] [1775391115.252754974] [navNode]: 状态2：Takeoff_wait--[TakeOff]
1775391115.2535853 [navNode-2] [INFO] [1775391115.253227968] [navNode]: 未到目标点
1775391115.2536783 [navNode-2] 目标位置:(0.0, 0.0, 0.7)-[TakeOff]-[MCU:False]-[POS:False]
1775391115.2537236 [navNode-2] 当前位置:(0.0, 0.0, 0.0)
1775391115.3519788 [navNode-2] [INFO] [1775391115.351654466] [navNode]: 状态2：Takeoff_wait--[TakeOff]
1775391115.3524194 [navNode-2] [INFO] [1775391115.352101667] [navNode]: 未到目标点
1775391115.3525374 [navNode-2] 目标位置:(0.0, 0.0, 0.7)-[TakeOff]-[MCU:False]-[POS:False]
1775391115.3525958 [navNode-2] 当前位置:(0.0, 0.0, 0.0)
1775391115.4518604 [navNode-2] [INFO] [1775391115.451524965] [navNode]: 状态2：Takeoff_wait--[TakeOff]
1775391115.4522841 [navNode-2] [INFO] [1775391115.451946182] [navNode]: 未到目标点
1775391115.4524121 [navNode-2] 目标位置:(0.0, 0.0, 0.7)-[TakeOff]-[MCU:False]-[POS:False]
1775391115.4524684 [navNode-2] 当前位置:(0.0, 0.0, 0.0)
1775391115.5517836 [navNode-2] [INFO] [1775391115.551368476] [navNode]: 状态2：Takeoff_wait--[TakeOff]
1775391115.5522764 [navNode-2] [INFO] [1775391115.551797493] [navNode]: 未到目标点
1775391115.5523779 [navNode-2] 目标位置:(0.0, 0.0, 0.7)-[TakeOff]-[MCU:False]-[POS:False]
1775391115.5524414 [navNode-2] 当前位置:(0.0, 0.0, 0.0)
1775391115.6515446 [navNode-2] [INFO] [1775391115.651207106] [navNode]: 状态2：Takeoff_wait--[TakeOff]
1775391115.6519587 [navNode-2] [INFO] [1775391115.651709036] [navNode]: 未到目标点
1775391115.6520364 [navNode-2] 目标位置:(0.0, 0.0, 0.7)-[TakeOff]-[MCU:False]-[POS:False]
1775391115.6520879 [navNode-2] 当前位置:(0.0, 0.0, 0.0)
1775391115.7517025 [navNode-2] [INFO] [1775391115.751399466] [navNode]: 状态2：Takeoff_wait--[TakeOff]
1775391115.7521095 [navNode-2] [INFO] [1775391115.751904798] [navNode]: 未到目标点
1775391115.7521818 [navNode-2] 目标位置:(0.0, 0.0, 0.7)-[TakeOff]-[MCU:False]-[POS:False]
1775391115.7522259 [navNode-2] 当前位置:(0.0, 0.0, 0.0)
1775391115.8521872 [navNode-2] [INFO] [1775391115.851701334] [navNode]: 状态2：Takeoff_wait--[TakeOff]
1775391115.8526220 [navNode-2] [INFO] [1775391115.852411516] [navNode]: 未到目标点
1775391115.8527031 [navNode-2] 目标位置:(0.0, 0.0, 0.7)-[TakeOff]-[MCU:False]-[POS:False]
1775391115.8527491 [navNode-2] 当前位置:(0.0, 0.0, 0.0)
1775391115.9520371 [navNode-2] [INFO] [1775391115.951545869] [navNode]: 状态2：Takeoff_wait--[TakeOff]
1775391115.9524457 [navNode-2] [INFO] [1775391115.952077637] [navNode]: 未到目标点
1775391115.9525833 [navNode-2] 目标位置:(0.0, 0.0, 0.7)-[TakeOff]-[MCU:False]-[POS:False]
1775391115.9526410 [navNode-2] 当前位置:(0.0, 0.0, 0.0)
1775391116.0516202 [navNode-2] [INFO] [1775391116.051190711] [navNode]: 状态2：Takeoff_wait--[TakeOff]
1775391116.0519876 [navNode-2] [INFO] [1775391116.051662354] [navNode]: 未到目标点
1775391116.0521014 [navNode-2] 目标位置:(0.0, 0.0, 0.7)-[TakeOff]-[MCU:False]-[POS:False]
1775391116.0521719 [navNode-2] 当前位置:(0.0, 0.0, 0.0)
1775391116.1522193 [navNode-2] [INFO] [1775391116.151856554] [navNode]: 状态2：Takeoff_wait--[TakeOff]
1775391116.1527128 [navNode-2] [INFO] [1775391116.152329260] [navNode]: 未到目标点
1775391116.1528363 [navNode-2] 目标位置:(0.0, 0.0, 0.7)-[TakeOff]-[MCU:False]-[POS:False]
1775391116.1528893 [navNode-2] 当前位置:(0.0, 0.0, 0.0)
1775391116.2518096 [navNode-2] [INFO] [1775391116.251399006] [navNode]: 状态2：Takeoff_wait--[TakeOff]
1775391116.2522013 [navNode-2] [INFO] [1775391116.251851060] [navNode]: 未到目标点
1775391116.2523131 [navNode-2] 目标位置:(0.0, 0.0, 0.7)-[TakeOff]-[MCU:False]-[POS:False]
1775391116.2523682 [navNode-2] 当前位置:(0.0, 0.0, 0.0)
1775391116.3517115 [navNode-2] [INFO] [1775391116.351368573] [navNode]: 状态2：Takeoff_wait--[TakeOff]
1775391116.3521273 [navNode-2] [INFO] [1775391116.351776228] [navNode]: 未到目标点
1775391116.3522463 [navNode-2] 目标位置:(0.0, 0.0, 0.7)-[TakeOff]-[MCU:False]-[POS:False]
1775391116.3522980 [navNode-2] 当前位置:(0.0, 0.0, 0.0)
1775391116.4518073 [navNode-2] [INFO] [1775391116.451395214] [navNode]: 状态2：Takeoff_wait--[TakeOff]
1775391116.4522030 [navNode-2] [INFO] [1775391116.451832108] [navNode]: 未到目标点
1775391116.4523153 [navNode-2] 目标位置:(0.0, 0.0, 0.7)-[TakeOff]-[MCU:False]-[POS:False]
1775391116.4523666 [navNode-2] 当前位置:(0.0, 0.0, 0.0)
1775391116.5517864 [navNode-2] [INFO] [1775391116.551360805] [navNode]: 状态2：Takeoff_wait--[TakeOff]
1775391116.5521715 [navNode-2] [INFO] [1775391116.551800514] [navNode]: 未到目标点
1775391116.5526478 [navNode-2] 目标位置:(0.0, 0.0, 0.7)-[TakeOff]-[MCU:False]-[POS:False]
1775391116.5529232 [navNode-2] 当前位置:(0.0, 0.0, 0.0)
1775391116.6535401 [navNode-2] [INFO] [1775391116.653023994] [navNode]: 状态2：Takeoff_wait--[TakeOff]
1775391116.6541345 [navNode-2] [INFO] [1775391116.653670732] [navNode]: 未到目标点
1775391116.6542897 [navNode-2] 目标位置:(0.0, 0.0, 0.7)-[TakeOff]-[MCU:False]-[POS:False]
1775391116.6543648 [navNode-2] 当前位置:(0.0, 0.0, 0.0)
1775391116.7521365 [navNode-2] [INFO] [1775391116.751665855] [navNode]: 状态2：Takeoff_wait--[TakeOff]
1775391116.7526999 [navNode-2] [INFO] [1775391116.752155515] [navNode]: 未到目标点
1775391116.7528458 [navNode-2] 目标位置:(0.0, 0.0, 0.7)-[TakeOff]-[MCU:False]-[POS:False]
1775391116.7529061 [navNode-2] 当前位置:(0.0, 0.0, 0.0)
1775391116.8525763 [navNode-2] [INFO] [1775391116.852080559] [navNode]: 状态2：Takeoff_wait--[TakeOff]
1775391116.8530374 [navNode-2] [INFO] [1775391116.852522136] [navNode]: 未到目标点
1775391116.8531756 [navNode-2] 目标位置:(0.0, 0.0, 0.7)-[TakeOff]-[MCU:False]-[POS:False]
1775391116.8532782 [navNode-2] 当前位置:(0.0, 0.0, 0.0)
1775391116.9519501 [navNode-2] [INFO] [1775391116.951616651] [navNode]: 状态2：Takeoff_wait--[TakeOff]
1775391116.9523768 [navNode-2] [INFO] [1775391116.952057974] [navNode]: 未到目标点
1775391116.9524927 [navNode-2] 目标位置:(0.0, 0.0, 0.7)-[TakeOff]-[MCU:False]-[POS:False]
1775391116.9525626 [navNode-2] 当前位置:(0.0, 0.0, 0.0)
1775391117.0517988 [navNode-2] [INFO] [1775391117.051363911] [navNode]: 状态2：Takeoff_wait--[TakeOff]
1775391117.0522320 [navNode-2] [INFO] [1775391117.051881080] [navNode]: 未到目标点
1775391117.0523636 [navNode-2] 目标位置:(0.0, 0.0, 0.7)-[TakeOff]-[MCU:False]-[POS:False]
1775391117.0524497 [navNode-2] 当前位置:(0.0, 0.0, 0.0)
1775391117.1518672 [navNode-2] [INFO] [1775391117.151541830] [navNode]: 状态2：Takeoff_wait--[TakeOff]
1775391117.1522391 [navNode-2] [INFO] [1775391117.151971377] [navNode]: 未到目标点
1775391117.1523397 [navNode-2] 目标位置:(0.0, 0.0, 0.7)-[TakeOff]-[MCU:False]-[POS:False]
1775391117.1523886 [navNode-2] 当前位置:(0.0, 0.0, 0.0)
1775391117.2517211 [navNode-2] [INFO] [1775391117.251388541] [navNode]: 状态2：Takeoff_wait--[TakeOff]
1775391117.2521122 [navNode-2] [INFO] [1775391117.251786853] [navNode]: 未到目标点
1775391117.2522299 [navNode-2] 目标位置:(0.0, 0.0, 0.7)-[TakeOff]-[MCU:False]-[POS:False]
1775391117.2522929 [navNode-2] 当前位置:(0.0, 0.0, 0.0)
1775391117.3520224 [navNode-2] [INFO] [1775391117.351507492] [navNode]: 状态2：Takeoff_wait--[TakeOff]
1775391117.3529866 [navNode-2] [INFO] [1775391117.352617437] [navNode]: 未到目标点
1775391117.3532119 [navNode-2] 目标位置:(0.0, 0.0, 0.7)-[TakeOff]-[MCU:False]-[POS:False]
1775391117.3533101 [navNode-2] 当前位置:(0.0, 0.0, 0.0)
1775391117.4521992 [navNode-2] [INFO] [1775391117.451288851] [navNode]: 状态2：Takeoff_wait--[TakeOff]
1775391117.4524438 [navNode-2] [INFO] [1775391117.451702848] [navNode]: 未到目标点
1775391117.4525139 [navNode-2] 目标位置:(0.0, 0.0, 0.7)-[TakeOff]-[MCU:False]-[POS:False]
1775391117.4525568 [navNode-2] 当前位置:(0.0, 0.0, 0.0)
1775391117.5538478 [navNode-2] [INFO] [1775391117.553522677] [navNode]: 状态2：Takeoff_wait--[TakeOff]
1775391117.5542810 [navNode-2] [INFO] [1775391117.553998742] [navNode]: 未到目标点
1775391117.5543604 [navNode-2] 目标位置:(0.0, 0.0, 0.7)-[TakeOff]-[MCU:False]-[POS:False]
1775391117.5544131 [navNode-2] 当前位置:(0.0, 0.0, 0.0)
1775391117.6529868 [navNode-2] [INFO] [1775391117.651165104] [navNode]: 状态2：Takeoff_wait--[TakeOff]
1775391117.6532247 [navNode-2] [INFO] [1775391117.652320954] [navNode]: 未到目标点
1775391117.6533053 [navNode-2] 目标位置:(0.0, 0.0, 0.7)-[TakeOff]-[MCU:False]-[POS:False]
1775391117.6533797 [navNode-2] 当前位置:(0.0, 0.0, 0.0)
1775391117.7517328 [navNode-2] [INFO] [1775391117.751328783] [navNode]: 状态2：Takeoff_wait--[TakeOff]
1775391117.7525456 [navNode-2] [INFO] [1775391117.751818682] [navNode]: 未到目标点
1775391117.7526581 [navNode-2] 目标位置:(0.0, 0.0, 0.7)-[TakeOff]-[MCU:False]-[POS:False]
1775391117.7527092 [navNode-2] 当前位置:(0.0, 0.0, 0.0)
1775391117.8526781 [navNode-2] [INFO] [1775391117.851379528] [navNode]: 状态2：Takeoff_wait--[TakeOff]
1775391117.8529539 [navNode-2] [INFO] [1775391117.852208922] [navNode]: 未到目标点
1775391117.8530660 [navNode-2] 目标位置:(0.0, 0.0, 0.7)-[TakeOff]-[MCU:False]-[POS:False]
1775391117.8531318 [navNode-2] 当前位置:(0.0, 0.0, 0.0)
1775391117.8731601 [WARNING] [launch]: user interrupted with ctrl-c (SIGINT)
1775391117.9387271 [INFO] [navNode-2]: process has finished cleanly [pid 22305]
1775391122.8800151 [ERROR] [myMain-1]: process[myMain-1] failed to terminate '5' seconds after receiving 'SIGINT', escalating to 'SIGTERM'
1775391122.8805141 [INFO] [myMain-1]: sending signal 'SIGTERM' to process[myMain-1]
1775391122.8997386 [ERROR] [myMain-1]: process has died [pid 22303, exit code -15, cmd '/home/focal/Desktop/2024_GroundStation/install/GroundStation/lib/GroundStation/myMain --ros-args'].
