1774534644.5371890 [INFO] [launch]: All log files can be found below /home/focal/Desktop/2024_GroundStation/run_log/2026-03-26-07-17-24-532545-ubuntu-18912
1774534644.5375910 [INFO] [launch]: Default logging verbosity is set to INFO
1774534644.6162448 [INFO] [logical-1]: process started with pid [18917]
1774534645.6712739 [logical-1] [INFO] [1774534645.670775471] [Ground]: ros2 node launch success:Ground!
1774534656.2063890 [logical-1] Traceback (most recent call last):
1774534656.2066753 [logical-1]   File "/home/focal/Desktop/2024_GroundStation/build/GroundStation/GroundStation/logical.py", line 91, in takeoff_confirm
1774534656.2067399 [logical-1]     QMessageBox.info(self,'起飞确认',"无人机可以起飞")
1774534656.2068384 [logical-1] AttributeError: type object 'QMessageBox' has no attribute 'info'
1774534660.5911613 [logical-1] Traceback (most recent call last):
1774534660.5913994 [logical-1]   File "/home/focal/Desktop/2024_GroundStation/build/GroundStation/GroundStation/logical.py", line 91, in takeoff_confirm
1774534660.5914788 [logical-1]     QMessageBox.info(self,'起飞确认',"无人机可以起飞")
1774534660.5915229 [logical-1] AttributeError: type object 'QMessageBox' has no attribute 'info'
1774534760.2698233 [WARNING] [launch]: user interrupted with ctrl-c (SIGINT)
1774534760.2711673 [logical-1] Traceback (most recent call last):
1774534760.2713704 [logical-1]   File "/home/focal/Desktop/2024_GroundStation/build/GroundStation/GroundStation/logical.py", line 100, in update_pos
1774534760.2714467 [logical-1]     self.lineEdit_pos.setText(info)
1774534760.2714858 [logical-1] KeyboardInterrupt
1774534761.1255836 [WARNING] [launch]: user interrupted with ctrl-c (SIGINT) again, ignoring...
1774534761.1278794 [logical-1] Traceback (most recent call last):
1774534761.1282809 [logical-1]   File "/home/focal/Desktop/2024_GroundStation/build/GroundStation/GroundStation/logical.py", line 99, in update_pos
1774534761.1285613 [logical-1]     def update_pos(self, info, x,y,z,confidence):
1774534761.1288037 [logical-1] KeyboardInterrupt
1774534761.3048129 [WARNING] [launch]: user interrupted with ctrl-c (SIGINT) again, ignoring...
1774534761.3115661 [logical-1] Traceback (most recent call last):
1774534761.3118093 [logical-1]   File "/home/focal/Desktop/2024_GroundStation/build/GroundStation/GroundStation/logical.py", line 99, in update_pos
1774534761.3118715 [logical-1]     def update_pos(self, info, x,y,z,confidence):
1774534761.3119161 [logical-1] KeyboardInterrupt
1774534763.5465405 [INFO] [logical-1]: process has finished cleanly [pid 18917]
