1775397363.8202014 [INFO] [launch]: All log files can be found below /home/focal/Desktop/2024_GroundStation/run_log/2026-04-05-06-56-03-816345-ubuntu-38589
1775397363.8205678 [INFO] [launch]: Default logging verbosity is set to INFO
1775397363.8927727 [INFO] [myMain-1]: process started with pid [38591]
1775397363.8931663 [INFO] [navNode-2]: process started with pid [38593]
1775397364.2480674 [navNode-2] [INFO] [1775397364.247763126] [navNode]: paths: [
1775397364.2482605 [navNode-2]   {"x": 0.00, "y": 0.00, "z": 0.70, "label": "TakeOff", "qrcode": "", "label2": ""       , "qrcode2": "" },
1775397364.2483175 [navNode-2]   {"x":-0.25, "y": 0.75, "z": 0.80, "label": "A6"     , "qrcode": "", "label2": ""       , "qrcode2": "" },
1775397364.2483599 [navNode-2]   {"x":-0.25, "y": 0.75, "z": 1.20, "label": "A3"     , "qrcode": "", "label2": ""       , "qrcode2": "" },
1775397364.2483978 [navNode-2]   {"x":-0.25, "y": 1.25, "z": 1.20, "label": "A2"     , "qrcode": "", "label2": ""       , "qrcode2": "" },
1775397364.2484360 [navNode-2]   {"x":-0.25, "y": 1.25, "z": 0.80, "label": "A5"     , "qrcode": "", "label2": ""       , "qrcode2": "" },
1775397364.2484722 [navNode-2]   {"x":-0.25, "y": 1.75, "z": 0.80, "label": "A4"     , "qrcode": "", "label2": ""       , "qrcode2": "" },
1775397364.2485092 [navNode-2]   {"x":-0.25, "y": 1.75, "z": 1.20, "label": "A1"     , "qrcode": "", "label2": ""       , "qrcode2": "" },
1775397364.2485452 [navNode-2]   {"x":-0.25, "y": 2.00, "z": 0.70, "label": "UpSide1", "qrcode": "", "label2": ""       , "qrcode2": "" },
1775397364.2485812 [navNode-2]   {"x": 0.75, "y": 2.00, "z": 0.70, "label": "LandPos", "qrcode": "", "label2": ""       , "qrcode2": "" }
1775397364.2486169 [navNode-2] ]
1775397364.2486532 [navNode-2] 
1775397364.2595694 [navNode-2] [INFO] [1775397364.259291207] [navNode]: 上位机导航节点启动成功
1775397364.8120055 [myMain-1] [INFO] [1775397364.811670328] [Ground]: ros2 node launch success:Ground!
1775397368.8007147 [myMain-1] [INFO] [1775397368.800291069] [Ground]: 发送 shutdown-navNode 成功
1775397368.8012013 [navNode-2] [INFO] [1775397368.800890771] [navNode]: 收到来自UI的请求：shutdown-navNode
1775397368.8017075 [navNode-2] [WARN] [1775397368.801405411] [navNode]: navNodeshutdown-navNode
1775397368.8019884 [navNode-2] [WARN] [1775397368.801875567] [navNode]: 任务开始执行shutdown-navNode
1775397368.8059225 [myMain-1] [INFO] [1775397368.805559511] [Ground]: shutdown-navNode 响应成功 → 回复：shutdown-navNode
1775397368.9227226 [INFO] [navNode-2]: process has finished cleanly [pid 38593]
1775397369.4442728 [INFO] [myMain-1]: process has finished cleanly [pid 38591]
