1775401214.4904945 [INFO] [launch]: All log files can be found below /home/focal/Desktop/2024_GroundStation/run_log/2026-04-05-08-00-14-485353-ubuntu-42148
1775401214.4909327 [INFO] [launch]: Default logging verbosity is set to INFO
1775401214.6383240 [INFO] [myMain-1]: process started with pid [42161]
1775401214.6386347 [INFO] [navNode-2]: process started with pid [42163]
1775401215.0132267 [navNode-2] [INFO] [1775401215.012848389] [navNode]: paths: [
1775401215.0133822 [navNode-2]   {"x": 0.00, "y": 0.00, "z": 0.70, "label": "TakeOff", "qrcode": "", "label2": ""       , "qrcode2": "" },
1775401215.0134282 [navNode-2]   {"x":-0.25, "y": 0.75, "z": 0.80, "label": "A6"     , "qrcode": "", "label2": ""       , "qrcode2": "" },
1775401215.0135016 [navNode-2]   {"x":-0.25, "y": 0.75, "z": 1.20, "label": "A3"     , "qrcode": "", "label2": ""       , "qrcode2": "" },
1775401215.0135391 [navNode-2]   {"x":-0.25, "y": 1.25, "z": 1.20, "label": "A2"     , "qrcode": "", "label2": ""       , "qrcode2": "" },
1775401215.0135717 [navNode-2]   {"x":-0.25, "y": 1.25, "z": 0.80, "label": "A5"     , "qrcode": "", "label2": ""       , "qrcode2": "" },
1775401215.0136042 [navNode-2]   {"x":-0.25, "y": 1.75, "z": 0.80, "label": "A4"     , "qrcode": "", "label2": ""       , "qrcode2": "" },
1775401215.0136356 [navNode-2]   {"x":-0.25, "y": 1.75, "z": 1.20, "label": "A1"     , "qrcode": "", "label2": ""       , "qrcode2": "" },
1775401215.0136979 [navNode-2]   {"x":-0.25, "y": 2.00, "z": 0.70, "label": "UpSide1", "qrcode": "", "label2": ""       , "qrcode2": "" },
1775401215.0137720 [navNode-2]   {"x": 0.00, "y": 2.00, "z": 0.70, "label": "LandPos", "qrcode": "", "label2": ""       , "qrcode2": "" }
1775401215.0138087 [navNode-2] ]
1775401215.0138402 [navNode-2] 
1775401215.0216973 [navNode-2] [INFO] [1775401215.021394982] [navNode]: 上位机导航节点启动成功
1775401216.7244675 [myMain-1] [INFO] [1775401216.723615021] [Ground]: ros2 node launch success:Ground!
1775401220.2337718 [myMain-1] [INFO] [1775401220.227459937] [Ground]: 发送 scan_all 成功
1775401220.2354376 [navNode-2] [INFO] [1775401220.228698174] [navNode]: 收到来自UI的请求：scan_all
1775401220.2362063 [navNode-2] [WARN] [1775401220.235656186] [navNode]: 任务开始执行scan_all
1775401220.2401161 [myMain-1] [INFO] [1775401220.239580055] [Ground]: scan_all 响应成功 → 回复：scan_all
1775401220.3371999 [navNode-2] [INFO] [1775401220.336810249] [navNode]: 状态1：Takeoff--[TakeOff]
1775401220.5893548 [navNode-2] [ERROR] [1775401220.588523870] [navNode]: 发送 takeoff 失败: ROS2 服务 [ControlService] 未启动或超时
1775401220.5925081 [navNode-2] [INFO] [1775401220.591910808] [navNode]: 状态2：Takeoff_wait--[TakeOff]
1775401220.5931959 [navNode-2] [INFO] [1775401220.593012192] [navNode]: 未到目标点
1775401220.5933495 [navNode-2] 目标位置：(0.00, 0.00, 0.70)-TakeOff-当前状态：[Takeoff_wait],点位标签[TakeOff:|:] 扫玛状态：前-后[-],到达?:[MCU:False]-[POS:False]
1775401220.5934532 [navNode-2] 当前位置：(0.00, 0.00, 0.00)
1775401220.6367216 [navNode-2] [INFO] [1775401220.636022160] [navNode]: 状态2：Takeoff_wait--[TakeOff]
1775401220.6369152 [navNode-2] [INFO] [1775401220.636416227] [navNode]: 未到目标点
1775401220.6369915 [navNode-2] 目标位置：(0.00, 0.00, 0.70)-TakeOff-当前状态：[Takeoff_wait],点位标签[TakeOff:|:] 扫玛状态：前-后[-],到达?:[MCU:False]-[POS:False]
1775401220.6370506 [navNode-2] 当前位置：(0.00, 0.00, 0.00)
1775401220.7366357 [navNode-2] [INFO] [1775401220.736329776] [navNode]: 状态2：Takeoff_wait--[TakeOff]
1775401220.7369995 [navNode-2] [INFO] [1775401220.736702240] [navNode]: 未到目标点
1775401220.7371187 [navNode-2] 目标位置：(0.00, 0.00, 0.70)-TakeOff-当前状态：[Takeoff_wait],点位标签[TakeOff:|:] 扫玛状态：前-后[-],到达?:[MCU:False]-[POS:False]
1775401220.7372017 [navNode-2] 当前位置：(0.00, 0.00, 0.00)
1775401220.8384817 [navNode-2] [INFO] [1775401220.837293881] [navNode]: 状态2：Takeoff_wait--[TakeOff]
1775401220.8388705 [navNode-2] [INFO] [1775401220.837936825] [navNode]: 未到目标点
1775401220.8390131 [navNode-2] 目标位置：(0.00, 0.00, 0.70)-TakeOff-当前状态：[Takeoff_wait],点位标签[TakeOff:|:] 扫玛状态：前-后[-],到达?:[MCU:False]-[POS:False]
1775401220.8390970 [navNode-2] 当前位置：(0.00, 0.00, 0.00)
1775401220.9367087 [navNode-2] [INFO] [1775401220.936354592] [navNode]: 状态2：Takeoff_wait--[TakeOff]
1775401220.9370434 [navNode-2] [INFO] [1775401220.936707435] [navNode]: 未到目标点
1775401220.9371340 [navNode-2] 目标位置：(0.00, 0.00, 0.70)-TakeOff-当前状态：[Takeoff_wait],点位标签[TakeOff:|:] 扫玛状态：前-后[-],到达?:[MCU:False]-[POS:False]
1775401220.9371948 [navNode-2] 当前位置：(0.00, 0.00, 0.00)
1775401221.0369372 [navNode-2] [INFO] [1775401221.036283234] [navNode]: 状态2：Takeoff_wait--[TakeOff]
1775401221.0371289 [navNode-2] [INFO] [1775401221.036634078] [navNode]: 未到目标点
1775401221.0371838 [navNode-2] 目标位置：(0.00, 0.00, 0.70)-TakeOff-当前状态：[Takeoff_wait],点位标签[TakeOff:|:] 扫玛状态：前-后[-],到达?:[MCU:False]-[POS:False]
1775401221.0372212 [navNode-2] 当前位置：(0.00, 0.00, 0.00)
1775401221.1365829 [navNode-2] [INFO] [1775401221.136203868] [navNode]: 状态2：Takeoff_wait--[TakeOff]
1775401221.1371295 [navNode-2] [INFO] [1775401221.136580187] [navNode]: 未到目标点
1775401221.1372638 [navNode-2] 目标位置：(0.00, 0.00, 0.70)-TakeOff-当前状态：[Takeoff_wait],点位标签[TakeOff:|:] 扫玛状态：前-后[-],到达?:[MCU:False]-[POS:False]
1775401221.1373110 [navNode-2] 当前位置：(0.00, 0.00, 0.00)
1775401221.2367721 [navNode-2] [INFO] [1775401221.236380480] [navNode]: 状态2：Takeoff_wait--[TakeOff]
1775401221.2371423 [navNode-2] [INFO] [1775401221.236728758] [navNode]: 未到目标点
1775401221.2372084 [navNode-2] 目标位置：(0.00, 0.00, 0.70)-TakeOff-当前状态：[Takeoff_wait],点位标签[TakeOff:|:] 扫玛状态：前-后[-],到达?:[MCU:False]-[POS:False]
1775401221.2372453 [navNode-2] 当前位置：(0.00, 0.00, 0.00)
1775401221.3365831 [navNode-2] [INFO] [1775401221.336214208] [navNode]: 状态2：Takeoff_wait--[TakeOff]
1775401221.3369577 [navNode-2] [INFO] [1775401221.336665818] [navNode]: 未到目标点
1775401221.3370228 [navNode-2] 目标位置：(0.00, 0.00, 0.70)-TakeOff-当前状态：[Takeoff_wait],点位标签[TakeOff:|:] 扫玛状态：前-后[-],到达?:[MCU:False]-[POS:False]
1775401221.3370624 [navNode-2] 当前位置：(0.00, 0.00, 0.00)
1775401221.4367228 [navNode-2] [INFO] [1775401221.436345977] [navNode]: 状态2：Takeoff_wait--[TakeOff]
1775401221.4373760 [navNode-2] [INFO] [1775401221.437234241] [navNode]: 未到目标点
1775401221.4375384 [navNode-2] 目标位置：(0.00, 0.00, 0.70)-TakeOff-当前状态：[Takeoff_wait],点位标签[TakeOff:|:] 扫玛状态：前-后[-],到达?:[MCU:False]-[POS:False]
1775401221.4375923 [navNode-2] 当前位置：(0.00, 0.00, 0.00)
1775401221.5366392 [navNode-2] [INFO] [1775401221.536356656] [navNode]: 状态2：Takeoff_wait--[TakeOff]
1775401221.5370443 [navNode-2] [INFO] [1775401221.536808857] [navNode]: 未到目标点
1775401221.5371192 [navNode-2] 目标位置：(0.00, 0.00, 0.70)-TakeOff-当前状态：[Takeoff_wait],点位标签[TakeOff:|:] 扫玛状态：前-后[-],到达?:[MCU:False]-[POS:False]
1775401221.5371630 [navNode-2] 当前位置：(0.00, 0.00, 0.00)
1775401221.6366494 [navNode-2] [INFO] [1775401221.636264488] [navNode]: 状态2：Takeoff_wait--[TakeOff]
1775401221.6372862 [navNode-2] [INFO] [1775401221.637027953] [navNode]: 未到目标点
1775401221.6374907 [navNode-2] 目标位置：(0.00, 0.00, 0.70)-TakeOff-当前状态：[Takeoff_wait],点位标签[TakeOff:|:] 扫玛状态：前-后[-],到达?:[MCU:False]-[POS:False]
1775401221.6375930 [navNode-2] 当前位置：(0.00, 0.00, 0.00)
1775401221.7367032 [navNode-2] [INFO] [1775401221.736351355] [navNode]: 状态2：Takeoff_wait--[TakeOff]
1775401221.7371523 [navNode-2] [INFO] [1775401221.736869397] [navNode]: 未到目标点
1775401221.7372453 [navNode-2] 目标位置：(0.00, 0.00, 0.70)-TakeOff-当前状态：[Takeoff_wait],点位标签[TakeOff:|:] 扫玛状态：前-后[-],到达?:[MCU:False]-[POS:False]
1775401221.7373104 [navNode-2] 当前位置：(0.00, 0.00, 0.00)
1775401221.8369522 [navNode-2] [INFO] [1775401221.836513339] [navNode]: 状态2：Takeoff_wait--[TakeOff]
1775401221.8375070 [navNode-2] [INFO] [1775401221.837335174] [navNode]: 未到目标点
1775401221.8376341 [navNode-2] 目标位置：(0.00, 0.00, 0.70)-TakeOff-当前状态：[Takeoff_wait],点位标签[TakeOff:|:] 扫玛状态：前-后[-],到达?:[MCU:False]-[POS:False]
1775401221.8376939 [navNode-2] 当前位置：(0.00, 0.00, 0.00)
1775401221.9396498 [navNode-2] [INFO] [1775401221.939284224] [navNode]: 状态2：Takeoff_wait--[TakeOff]
1775401221.9400816 [navNode-2] [INFO] [1775401221.939833086] [navNode]: 未到目标点
1775401221.9402051 [navNode-2] 目标位置：(0.00, 0.00, 0.70)-TakeOff-当前状态：[Takeoff_wait],点位标签[TakeOff:|:] 扫玛状态：前-后[-],到达?:[MCU:False]-[POS:False]
1775401221.9402745 [navNode-2] 当前位置：(0.00, 0.00, 0.00)
1775401222.0368090 [navNode-2] [INFO] [1775401222.036503765] [navNode]: 状态2：Takeoff_wait--[TakeOff]
1775401222.0372269 [navNode-2] [INFO] [1775401222.037023137] [navNode]: 未到目标点
1775401222.0374038 [navNode-2] 目标位置：(0.00, 0.00, 0.70)-TakeOff-当前状态：[Takeoff_wait],点位标签[TakeOff:|:] 扫玛状态：前-后[-],到达?:[MCU:False]-[POS:False]
1775401222.0374823 [navNode-2] 当前位置：(0.00, 0.00, 0.00)
1775401222.1369777 [navNode-2] [INFO] [1775401222.136605935] [navNode]: 状态2：Takeoff_wait--[TakeOff]
1775401222.1374111 [navNode-2] [INFO] [1775401222.137091642] [navNode]: 未到目标点
1775401222.1375167 [navNode-2] 目标位置：(0.00, 0.00, 0.70)-TakeOff-当前状态：[Takeoff_wait],点位标签[TakeOff:|:] 扫玛状态：前-后[-],到达?:[MCU:False]-[POS:False]
1775401222.1375945 [navNode-2] 当前位置：(0.00, 0.00, 0.00)
1775401222.2379553 [navNode-2] [INFO] [1775401222.237618046] [navNode]: 状态2：Takeoff_wait--[TakeOff]
1775401222.2391801 [navNode-2] [INFO] [1775401222.238902761] [navNode]: 未到目标点
1775401222.2393670 [navNode-2] 目标位置：(0.00, 0.00, 0.70)-TakeOff-当前状态：[Takeoff_wait],点位标签[TakeOff:|:] 扫玛状态：前-后[-],到达?:[MCU:False]-[POS:False]
1775401222.2394283 [navNode-2] 当前位置：(0.00, 0.00, 0.00)
1775401222.3373253 [navNode-2] [INFO] [1775401222.336849055] [navNode]: 状态2：Takeoff_wait--[TakeOff]
1775401222.3381870 [navNode-2] [INFO] [1775401222.337932889] [navNode]: 未到目标点
1775401222.3383858 [navNode-2] 目标位置：(0.00, 0.00, 0.70)-TakeOff-当前状态：[Takeoff_wait],点位标签[TakeOff:|:] 扫玛状态：前-后[-],到达?:[MCU:False]-[POS:False]
1775401222.3384824 [navNode-2] 当前位置：(0.00, 0.00, 0.00)
1775401222.4373355 [navNode-2] [INFO] [1775401222.436982605] [navNode]: 状态2：Takeoff_wait--[TakeOff]
1775401222.4378695 [navNode-2] [INFO] [1775401222.437508744] [navNode]: 未到目标点
1775401222.4379909 [navNode-2] 目标位置：(0.00, 0.00, 0.70)-TakeOff-当前状态：[Takeoff_wait],点位标签[TakeOff:|:] 扫玛状态：前-后[-],到达?:[MCU:False]-[POS:False]
1775401222.4380586 [navNode-2] 当前位置：(0.00, 0.00, 0.00)
1775401222.5372782 [navNode-2] [INFO] [1775401222.536904472] [navNode]: 状态2：Takeoff_wait--[TakeOff]
1775401222.5377536 [navNode-2] [INFO] [1775401222.537527250] [navNode]: 未到目标点
1775401222.5378790 [navNode-2] 目标位置：(0.00, 0.00, 0.70)-TakeOff-当前状态：[Takeoff_wait],点位标签[TakeOff:|:] 扫玛状态：前-后[-],到达?:[MCU:False]-[POS:False]
1775401222.5379498 [navNode-2] 当前位置：(0.00, 0.00, 0.00)
1775401222.6373479 [navNode-2] [INFO] [1775401222.636923167] [navNode]: 状态2：Takeoff_wait--[TakeOff]
1775401222.6377473 [navNode-2] [INFO] [1775401222.637551194] [navNode]: 未到目标点
1775401222.6378157 [navNode-2] 目标位置：(0.00, 0.00, 0.70)-TakeOff-当前状态：[Takeoff_wait],点位标签[TakeOff:|:] 扫玛状态：前-后[-],到达?:[MCU:False]-[POS:False]
1775401222.6378713 [navNode-2] 当前位置：(0.00, 0.00, 0.00)
1775401222.7372694 [navNode-2] [INFO] [1775401222.736865618] [navNode]: 状态2：Takeoff_wait--[TakeOff]
1775401222.7376730 [navNode-2] [INFO] [1775401222.737353971] [navNode]: 未到目标点
1775401222.7377622 [navNode-2] 目标位置：(0.00, 0.00, 0.70)-TakeOff-当前状态：[Takeoff_wait],点位标签[TakeOff:|:] 扫玛状态：前-后[-],到达?:[MCU:False]-[POS:False]
1775401222.7378092 [navNode-2] 当前位置：(0.00, 0.00, 0.00)
1775401222.8370640 [navNode-2] [INFO] [1775401222.836703035] [navNode]: 状态2：Takeoff_wait--[TakeOff]
1775401222.8378434 [navNode-2] [INFO] [1775401222.837347708] [navNode]: 未到目标点
1775401222.8380516 [navNode-2] 目标位置：(0.00, 0.00, 0.70)-TakeOff-当前状态：[Takeoff_wait],点位标签[TakeOff:|:] 扫玛状态：前-后[-],到达?:[MCU:False]-[POS:False]
1775401222.8381534 [navNode-2] 当前位置：(0.00, 0.00, 0.00)
1775401222.9370441 [navNode-2] [INFO] [1775401222.936647571] [navNode]: 状态2：Takeoff_wait--[TakeOff]
1775401222.9375470 [navNode-2] [INFO] [1775401222.937373614] [navNode]: 未到目标点
1775401222.9379299 [navNode-2] 目标位置：(0.00, 0.00, 0.70)-TakeOff-当前状态：[Takeoff_wait],点位标签[TakeOff:|:] 扫玛状态：前-后[-],到达?:[MCU:False]-[POS:False]
1775401222.9380877 [navNode-2] 当前位置：(0.00, 0.00, 0.00)
1775401223.0369017 [navNode-2] [INFO] [1775401223.036493998] [navNode]: 状态2：Takeoff_wait--[TakeOff]
1775401223.0375464 [navNode-2] [INFO] [1775401223.037038303] [navNode]: 未到目标点
1775401223.0377314 [navNode-2] 目标位置：(0.00, 0.00, 0.70)-TakeOff-当前状态：[Takeoff_wait],点位标签[TakeOff:|:] 扫玛状态：前-后[-],到达?:[MCU:False]-[POS:False]
1775401223.0378125 [navNode-2] 当前位置：(0.00, 0.00, 0.00)
1775401223.1372027 [navNode-2] [INFO] [1775401223.136786467] [navNode]: 状态2：Takeoff_wait--[TakeOff]
1775401223.1376386 [navNode-2] [INFO] [1775401223.137316305] [navNode]: 未到目标点
1775401223.1377630 [navNode-2] 目标位置：(0.00, 0.00, 0.70)-TakeOff-当前状态：[Takeoff_wait],点位标签[TakeOff:|:] 扫玛状态：前-后[-],到达?:[MCU:False]-[POS:False]
1775401223.1378274 [navNode-2] 当前位置：(0.00, 0.00, 0.00)
1775401223.2370076 [navNode-2] [INFO] [1775401223.236563277] [navNode]: 状态2：Takeoff_wait--[TakeOff]
1775401223.2376544 [navNode-2] [INFO] [1775401223.237361139] [navNode]: 未到目标点
1775401223.2377756 [navNode-2] 目标位置：(0.00, 0.00, 0.70)-TakeOff-当前状态：[Takeoff_wait],点位标签[TakeOff:|:] 扫玛状态：前-后[-],到达?:[MCU:False]-[POS:False]
1775401223.2378235 [navNode-2] 当前位置：(0.00, 0.00, 0.00)
1775401223.3377264 [navNode-2] [INFO] [1775401223.337399268] [navNode]: 状态2：Takeoff_wait--[TakeOff]
1775401223.3381693 [navNode-2] [INFO] [1775401223.337876101] [navNode]: 未到目标点
1775401223.3382933 [navNode-2] 目标位置：(0.00, 0.00, 0.70)-TakeOff-当前状态：[Takeoff_wait],点位标签[TakeOff:|:] 扫玛状态：前-后[-],到达?:[MCU:False]-[POS:False]
1775401223.3383930 [navNode-2] 当前位置：(0.00, 0.00, 0.00)
1775401223.4370036 [navNode-2] [INFO] [1775401223.436599091] [navNode]: 状态2：Takeoff_wait--[TakeOff]
1775401223.4374309 [navNode-2] [INFO] [1775401223.437085252] [navNode]: 未到目标点
1775401223.4375246 [navNode-2] 目标位置：(0.00, 0.00, 0.70)-TakeOff-当前状态：[Takeoff_wait],点位标签[TakeOff:|:] 扫玛状态：前-后[-],到达?:[MCU:False]-[POS:False]
1775401223.4375713 [navNode-2] 当前位置：(0.00, 0.00, 0.00)
1775401223.5367038 [navNode-2] [INFO] [1775401223.536307124] [navNode]: 状态2：Takeoff_wait--[TakeOff]
1775401223.5370908 [navNode-2] [INFO] [1775401223.536818609] [navNode]: 未到目标点
1775401223.5371773 [navNode-2] 目标位置：(0.00, 0.00, 0.70)-TakeOff-当前状态：[Takeoff_wait],点位标签[TakeOff:|:] 扫玛状态：前-后[-],到达?:[MCU:False]-[POS:False]
1775401223.5372350 [navNode-2] 当前位置：(0.00, 0.00, 0.00)
1775401223.6368077 [navNode-2] [INFO] [1775401223.636415329] [navNode]: 状态2：Takeoff_wait--[TakeOff]
1775401223.6372020 [navNode-2] [INFO] [1775401223.636815392] [navNode]: 未到目标点
1775401223.6372659 [navNode-2] 目标位置：(0.00, 0.00, 0.70)-TakeOff-当前状态：[Takeoff_wait],点位标签[TakeOff:|:] 扫玛状态：前-后[-],到达?:[MCU:False]-[POS:False]
1775401223.6373074 [navNode-2] 当前位置：(0.00, 0.00, 0.00)
1775401223.7367210 [navNode-2] [INFO] [1775401223.736300555] [navNode]: 状态2：Takeoff_wait--[TakeOff]
1775401223.7370982 [navNode-2] [INFO] [1775401223.736737555] [navNode]: 未到目标点
1775401223.7371643 [navNode-2] 目标位置：(0.00, 0.00, 0.70)-TakeOff-当前状态：[Takeoff_wait],点位标签[TakeOff:|:] 扫玛状态：前-后[-],到达?:[MCU:False]-[POS:False]
1775401223.7372053 [navNode-2] 当前位置：(0.00, 0.00, 0.00)
1775401223.8365970 [navNode-2] [INFO] [1775401223.836226385] [navNode]: 状态2：Takeoff_wait--[TakeOff]
1775401223.8392746 [navNode-2] [INFO] [1775401223.836764214] [navNode]: 未到目标点
1775401223.8394191 [navNode-2] 目标位置：(0.00, 0.00, 0.70)-TakeOff-当前状态：[Takeoff_wait],点位标签[TakeOff:|:] 扫玛状态：前-后[-],到达?:[MCU:False]-[POS:False]
1775401223.8394725 [navNode-2] 当前位置：(0.00, 0.00, 0.00)
1775401223.9366529 [navNode-2] [INFO] [1775401223.936312396] [navNode]: 状态2：Takeoff_wait--[TakeOff]
1775401223.9371548 [navNode-2] [INFO] [1775401223.936777317] [navNode]: 未到目标点
1775401223.9372780 [navNode-2] 目标位置：(0.00, 0.00, 0.70)-TakeOff-当前状态：[Takeoff_wait],点位标签[TakeOff:|:] 扫玛状态：前-后[-],到达?:[MCU:False]-[POS:False]
1775401223.9373333 [navNode-2] 当前位置：(0.00, 0.00, 0.00)
1775401224.0365756 [navNode-2] [INFO] [1775401224.036150668] [navNode]: 状态2：Takeoff_wait--[TakeOff]
1775401224.0371225 [navNode-2] [INFO] [1775401224.036577939] [navNode]: 未到目标点
1775401224.0372560 [navNode-2] 目标位置：(0.00, 0.00, 0.70)-TakeOff-当前状态：[Takeoff_wait],点位标签[TakeOff:|:] 扫玛状态：前-后[-],到达?:[MCU:False]-[POS:False]
1775401224.0373881 [navNode-2] 当前位置：(0.00, 0.00, 0.00)
1775401224.1364286 [navNode-2] [INFO] [1775401224.136101932] [navNode]: 状态2：Takeoff_wait--[TakeOff]
1775401224.1368926 [navNode-2] [INFO] [1775401224.136506394] [navNode]: 未到目标点
1775401224.1370544 [navNode-2] 目标位置：(0.00, 0.00, 0.70)-TakeOff-当前状态：[Takeoff_wait],点位标签[TakeOff:|:] 扫玛状态：前-后[-],到达?:[MCU:False]-[POS:False]
1775401224.1371534 [navNode-2] 当前位置：(0.00, 0.00, 0.00)
1775401224.2364135 [navNode-2] [INFO] [1775401224.236093852] [navNode]: 状态2：Takeoff_wait--[TakeOff]
1775401224.2368243 [navNode-2] [INFO] [1775401224.236482441] [navNode]: 未到目标点
1775401224.2369337 [navNode-2] 目标位置：(0.00, 0.00, 0.70)-TakeOff-当前状态：[Takeoff_wait],点位标签[TakeOff:|:] 扫玛状态：前-后[-],到达?:[MCU:False]-[POS:False]
1775401224.2369783 [navNode-2] 当前位置：(0.00, 0.00, 0.00)
1775401224.3109829 [WARNING] [launch]: user interrupted with ctrl-c (SIGINT)
1775401224.3824675 [INFO] [navNode-2]: process has finished cleanly [pid 42163]
1775401229.3195570 [ERROR] [myMain-1]: process[myMain-1] failed to terminate '5' seconds after receiving 'SIGINT', escalating to 'SIGTERM'
1775401229.3203309 [INFO] [myMain-1]: sending signal 'SIGTERM' to process[myMain-1]
1775401229.3547244 [ERROR] [myMain-1]: process has died [pid 42161, exit code -15, cmd '/home/focal/Desktop/2024_GroundStation/install/GroundStation/lib/GroundStation/myMain --ros-args'].
