1774272271.0615077 [INFO] [launch]: All log files can be found below /home/focal/Desktop/2024_GroundStation/run_log/2026-03-23-06-24-31-056304-ubuntu-9539
1774272271.0619888 [INFO] [launch]: Default logging verbosity is set to INFO
1774272271.1679862 [INFO] [logical-1]: process started with pid [9553]
1774272272.1828978 [logical-1] [INFO] [1774272272.182405101] [Ground]: ros2 node launch success:Ground!
1774272281.0842171 [logical-1] [INFO] [1774272281.083816398] [Ground]: G+00179-00391+00004 发送成功 → 飞行站已调用：G+00179-00391+00004服务
1774272283.4962234 [logical-1] [INFO] [1774272283.495831682] [Ground]: G+00179-00387+00001 发送成功 → 飞行站已调用：G+00179-00387+00001服务
1774272284.6482098 [logical-1] [INFO] [1774272284.647838822] [Ground]: G+00174-00389+00003 发送成功 → 飞行站已调用：G+00174-00389+00003服务
1774272290.9599335 [logical-1] [INFO] [1774272290.959644046] [Ground]: G+00178-00390+00000 发送成功 → 飞行站已调用：G+00178-00390+00000服务
1774272295.1965194 [logical-1] [INFO] [1774272295.196208522] [Ground]: G+00176-00392+00005 发送成功 → 飞行站已调用：G+00176-00392+00005服务
1774272305.2413926 [logical-1] [INFO] [1774272305.241052403] [Ground]: G+00180-00389+00004 发送成功 → 飞行站已调用：G+00180-00389+00004服务
1774272309.1965647 [logical-1] [INFO] [1774272309.196284702] [Ground]: G+00175-00388+00004 发送成功 → 飞行站已调用：G+00175-00388+00004服务
1774272310.2466714 [logical-1] [INFO] [1774272310.246369003] [Ground]: G+00176-00390+00005 发送成功 → 飞行站已调用：G+00176-00390+00005服务
1774272310.9572110 [logical-1] [INFO] [1774272310.956848032] [Ground]: G+00179-00390+00003 发送成功 → 飞行站已调用：G+00179-00390+00003服务
1774272311.4644127 [logical-1] [INFO] [1774272311.464068259] [Ground]: G+00178-00389+00003 发送成功 → 飞行站已调用：G+00178-00389+00003服务
1774272311.6791580 [logical-1] [INFO] [1774272311.678839647] [Ground]: G+00178-00390+00004 发送成功 → 飞行站已调用：G+00178-00390+00004服务
1774272311.8995252 [logical-1] [INFO] [1774272311.899242816] [Ground]: G+00178-00388+00002 发送成功 → 飞行站已调用：G+00178-00388+00002服务
1774272312.1089506 [logical-1] [INFO] [1774272312.108528910] [Ground]: G+00175-00389+00004 发送成功 → 飞行站已调用：G+00175-00389+00004服务
1774272312.3205199 [logical-1] [INFO] [1774272312.320195661] [Ground]: G+00179-00388+00003 发送成功 → 飞行站已调用：G+00179-00388+00003服务
1774272312.5280178 [logical-1] [INFO] [1774272312.527722808] [Ground]: G+00175-00389+00002 发送成功 → 飞行站已调用：G+00175-00389+00002服务
1774272312.7399783 [logical-1] [INFO] [1774272312.739583600] [Ground]: G+00182-00386+00000 发送成功 → 飞行站已调用：G+00182-00386+00000服务
1774272312.9855926 [logical-1] [INFO] [1774272312.985296118] [Ground]: G+00176-00387+00002 发送成功 → 飞行站已调用：G+00176-00387+00002服务
1774272313.2282205 [logical-1] [INFO] [1774272313.227844826] [Ground]: G+00178-00393+00005 发送成功 → 飞行站已调用：G+00178-00393+00005服务
1774272313.4827230 [logical-1] [INFO] [1774272313.482415917] [Ground]: G+00174-00390+00004 发送成功 → 飞行站已调用：G+00174-00390+00004服务
1774272313.7031202 [logical-1] [INFO] [1774272313.702806821] [Ground]: G+00180-00390+00001 发送成功 → 飞行站已调用：G+00180-00390+00001服务
1774272313.9459796 [logical-1] [INFO] [1774272313.945607595] [Ground]: G+00177-00387+00006 发送成功 → 飞行站已调用：G+00177-00387+00006服务
1774272314.1764174 [logical-1] [INFO] [1774272314.176052820] [Ground]: G+00178-00390+00001 发送成功 → 飞行站已调用：G+00178-00390+00001服务
1774272314.6922133 [logical-1] [INFO] [1774272314.691867044] [Ground]: G+00178-00388+00002 发送成功 → 飞行站已调用：G+00178-00388+00002服务
1774272315.0437949 [logical-1] [INFO] [1774272315.043454212] [Ground]: G+00175-00392+00002 发送成功 → 飞行站已调用：G+00175-00392+00002服务
1774272315.8583648 [logical-1] [INFO] [1774272315.858000406] [Ground]: G+00173-00392+00003 发送成功 → 飞行站已调用：G+00173-00392+00003服务
1774272316.6065423 [logical-1] [INFO] [1774272316.606220859] [Ground]: G+00177-00391+00002 发送成功 → 飞行站已调用：G+00177-00391+00002服务
1774272348.4840817 [WARNING] [launch]: user interrupted with ctrl-c (SIGINT)
1774272348.4931095 [logical-1] Traceback (most recent call last):
1774272348.4933178 [logical-1]   File "/home/focal/Desktop/2024_GroundStation/build/GroundStation/GroundStation/logical.py", line 81, in update_pos
1774272348.4933770 [logical-1]     def update_pos(self, info, x,y,z):
1774272348.4934115 [logical-1] KeyboardInterrupt
1774272349.5518241 [WARNING] [launch]: user interrupted with ctrl-c (SIGINT) again, ignoring...
1774272349.5523791 [logical-1] Traceback (most recent call last):
1774272349.5525250 [logical-1]   File "/home/focal/Desktop/2024_GroundStation/build/GroundStation/GroundStation/logical.py", line 81, in update_pos
1774272349.5525761 [logical-1]     def update_pos(self, info, x,y,z):
1774272349.5526292 [logical-1] KeyboardInterrupt
1774272350.1531086 [WARNING] [launch]: user interrupted with ctrl-c (SIGINT) again, ignoring...
1774272350.1731627 [logical-1] Traceback (most recent call last):
1774272350.1733713 [logical-1]   File "/home/focal/Desktop/2024_GroundStation/build/GroundStation/GroundStation/logical.py", line 81, in update_pos
1774272350.1734328 [logical-1]     def update_pos(self, info, x,y,z):
1774272350.1734786 [logical-1] KeyboardInterrupt
1774272350.3420329 [WARNING] [launch]: user interrupted with ctrl-c (SIGINT) again, ignoring...
1774272350.3525250 [logical-1] Traceback (most recent call last):
1774272350.3527110 [logical-1]   File "/home/focal/Desktop/2024_GroundStation/build/GroundStation/GroundStation/logical.py", line 81, in update_pos
1774272350.3527770 [logical-1]     def update_pos(self, info, x,y,z):
1774272350.3528321 [logical-1] KeyboardInterrupt
1774272350.4988232 [WARNING] [launch]: user interrupted with ctrl-c (SIGINT) again, ignoring...
1774272350.5130296 [logical-1] Traceback (most recent call last):
1774272350.5132163 [logical-1]   File "/home/focal/Desktop/2024_GroundStation/build/GroundStation/GroundStation/logical.py", line 81, in update_pos
1774272350.5132658 [logical-1]     def update_pos(self, info, x,y,z):
1774272350.5133007 [logical-1] KeyboardInterrupt
1774272350.6432710 [WARNING] [launch]: user interrupted with ctrl-c (SIGINT) again, ignoring...
1774272350.6522019 [logical-1] Traceback (most recent call last):
1774272350.6523988 [logical-1]   File "/home/focal/Desktop/2024_GroundStation/build/GroundStation/GroundStation/logical.py", line 81, in update_pos
1774272350.6524661 [logical-1]     def update_pos(self, info, x,y,z):
1774272350.6525087 [logical-1] KeyboardInterrupt
1774272350.7883551 [WARNING] [launch]: user interrupted with ctrl-c (SIGINT) again, ignoring...
1774272350.7928724 [logical-1] Traceback (most recent call last):
1774272350.7930245 [logical-1]   File "/home/focal/Desktop/2024_GroundStation/build/GroundStation/GroundStation/logical.py", line 81, in update_pos
1774272350.7930729 [logical-1]     def update_pos(self, info, x,y,z):
1774272350.7931080 [logical-1] KeyboardInterrupt
1774272350.9348109 [WARNING] [launch]: user interrupted with ctrl-c (SIGINT) again, ignoring...
1774272350.9528115 [logical-1] Traceback (most recent call last):
1774272350.9529855 [logical-1]   File "/home/focal/Desktop/2024_GroundStation/build/GroundStation/GroundStation/logical.py", line 81, in update_pos
1774272350.9530530 [logical-1]     def update_pos(self, info, x,y,z):
1774272350.9530888 [logical-1] KeyboardInterrupt
1774272351.0651200 [WARNING] [launch]: user interrupted with ctrl-c (SIGINT) again, ignoring...
1774272351.0726569 [logical-1] Traceback (most recent call last):
1774272351.0728087 [logical-1]   File "/home/focal/Desktop/2024_GroundStation/build/GroundStation/GroundStation/logical.py", line 81, in update_pos
1774272351.0728495 [logical-1]     def update_pos(self, info, x,y,z):
1774272351.0728920 [logical-1] KeyboardInterrupt
1774272351.2051058 [WARNING] [launch]: user interrupted with ctrl-c (SIGINT) again, ignoring...
1774272351.2125080 [logical-1] Traceback (most recent call last):
1774272351.2126517 [logical-1]   File "/home/focal/Desktop/2024_GroundStation/build/GroundStation/GroundStation/logical.py", line 81, in update_pos
1774272351.2126937 [logical-1]     def update_pos(self, info, x,y,z):
1774272351.2127244 [logical-1] KeyboardInterrupt
1774272351.3556666 [WARNING] [launch]: user interrupted with ctrl-c (SIGINT) again, ignoring...
1774272351.3730078 [logical-1] Traceback (most recent call last):
1774272351.3731618 [logical-1]   File "/home/focal/Desktop/2024_GroundStation/build/GroundStation/GroundStation/logical.py", line 81, in update_pos
1774272351.3732004 [logical-1]     def update_pos(self, info, x,y,z):
1774272351.3732319 [logical-1] KeyboardInterrupt
1774272351.5147686 [WARNING] [launch]: user interrupted with ctrl-c (SIGINT) again, ignoring...
1774272351.5316260 [logical-1] Traceback (most recent call last):
1774272351.5317807 [logical-1]   File "/home/focal/Desktop/2024_GroundStation/build/GroundStation/GroundStation/logical.py", line 81, in update_pos
1774272351.5318232 [logical-1]     def update_pos(self, info, x,y,z):
1774272351.5318549 [logical-1] KeyboardInterrupt
1774272351.6556728 [WARNING] [launch]: user interrupted with ctrl-c (SIGINT) again, ignoring...
1774272351.6726303 [logical-1] Traceback (most recent call last):
1774272351.6727886 [logical-1]   File "/home/focal/Desktop/2024_GroundStation/build/GroundStation/GroundStation/logical.py", line 81, in update_pos
1774272351.6728296 [logical-1]     def update_pos(self, info, x,y,z):
1774272351.6728606 [logical-1] KeyboardInterrupt
1774272351.7905571 [WARNING] [launch]: user interrupted with ctrl-c (SIGINT) again, ignoring...
1774272351.7940958 [logical-1] Traceback (most recent call last):
1774272351.7942324 [logical-1]   File "/home/focal/Desktop/2024_GroundStation/build/GroundStation/GroundStation/logical.py", line 81, in update_pos
1774272351.7942760 [logical-1]     def update_pos(self, info, x,y,z):
1774272351.7943094 [logical-1] KeyboardInterrupt
1774272351.9368632 [WARNING] [launch]: user interrupted with ctrl-c (SIGINT) again, ignoring...
1774272351.9549153 [logical-1] Traceback (most recent call last):
1774272351.9552069 [logical-1]   File "/home/focal/Desktop/2024_GroundStation/build/GroundStation/GroundStation/logical.py", line 81, in update_pos
1774272351.9552925 [logical-1]     def update_pos(self, info, x,y,z):
1774272351.9553304 [logical-1] KeyboardInterrupt
1774272353.4867761 [ERROR] [logical-1]: process[logical-1] failed to terminate '5' seconds after receiving 'SIGINT', escalating to 'SIGTERM'
1774272353.4872398 [INFO] [logical-1]: sending signal 'SIGTERM' to process[logical-1]
1774272353.5153365 [ERROR] [logical-1]: process has died [pid 9553, exit code -15, cmd '/home/focal/Desktop/2024_GroundStation/install/GroundStation/lib/GroundStation/logical --ros-args'].
