[0.465s] Invoking command in '/home/focal/Desktop/2024_GroundStation/build/uav_car_interfaces': CMAKE_PREFIX_PATH=/opt/ros/foxy /usr/bin/cmake --build /home/focal/Desktop/2024_GroundStation/build/uav_car_interfaces -- -j4 -l4
[0.672s] [ 10%] Built target uav_car_interfaces__rosidl_generator_c
[0.681s] [ 12%] Built target uav_car_interfaces__cpp
[0.731s] [ 23%] Built target uav_car_interfaces__rosidl_typesupport_c
[0.752s] [ 34%] Built target uav_car_interfaces__rosidl_typesupport_cpp
[0.752s] [ 44%] Built target uav_car_interfaces__rosidl_typesupport_introspection_c
[0.763s] [ 55%] Built target uav_car_interfaces__rosidl_typesupport_introspection_cpp
[0.798s] [ 65%] Built target uav_car_interfaces__rosidl_typesupport_fastrtps_cpp
[0.840s] [ 76%] Built target uav_car_interfaces__rosidl_typesupport_fastrtps_c
[0.867s] [ 76%] Built target uav_car_interfaces
[0.905s] [ 78%] Built target uav_car_interfaces__py
[0.947s] [ 87%] Built target uav_car_interfaces__python
[0.983s] [ 91%] Built target uav_car_interfaces__rosidl_typesupport_c__pyext
[1.032s] [ 95%] Built target uav_car_interfaces__rosidl_typesupport_fastrtps_c__pyext
[1.034s] [100%] Built target uav_car_interfaces__rosidl_typesupport_introspection_c__pyext
[1.071s] Invoked command in '/home/focal/Desktop/2024_GroundStation/build/uav_car_interfaces' returned '0': CMAKE_PREFIX_PATH=/opt/ros/foxy /usr/bin/cmake --build /home/focal/Desktop/2024_GroundStation/build/uav_car_interfaces -- -j4 -l4
[1.087s] Invoking command in '/home/focal/Desktop/2024_GroundStation/build/uav_car_interfaces': CMAKE_PREFIX_PATH=/opt/ros/foxy /usr/bin/cmake --install /home/focal/Desktop/2024_GroundStation/build/uav_car_interfaces
[1.102s] -- Install configuration: ""
[1.103s] -- Execute custom install script
[1.104s] -- Up-to-date symlink: /home/focal/Desktop/2024_GroundStation/install/uav_car_interfaces/share/ament_index/resource_index/rosidl_interfaces/uav_car_interfaces
[1.105s] -- Up-to-date symlink: /home/focal/Desktop/2024_GroundStation/install/uav_car_interfaces/include/uav_car_interfaces/msg/detail/image_processor_data__functions.h
[1.106s] -- Up-to-date symlink: /home/focal/Desktop/2024_GroundStation/install/uav_car_interfaces/include/uav_car_interfaces/msg/detail/image_processor_data__struct.h
[1.106s] -- Up-to-date symlink: /home/focal/Desktop/2024_GroundStation/install/uav_car_interfaces/include/uav_car_interfaces/msg/detail/image_processor_data__type_support.h
[1.107s] -- Up-to-date symlink: /home/focal/Desktop/2024_GroundStation/install/uav_car_interfaces/include/uav_car_interfaces/msg/detail/t265_data__functions.h
[1.108s] -- Up-to-date symlink: /home/focal/Desktop/2024_GroundStation/install/uav_car_interfaces/include/uav_car_interfaces/msg/detail/t265_data__struct.h
[1.108s] -- Up-to-date symlink: /home/focal/Desktop/2024_GroundStation/install/uav_car_interfaces/include/uav_car_interfaces/msg/detail/t265_data__type_support.h
[1.109s] -- Up-to-date symlink: /home/focal/Desktop/2024_GroundStation/install/uav_car_interfaces/include/uav_car_interfaces/msg/image_processor_data.h
[1.110s] -- Up-to-date symlink: /home/focal/Desktop/2024_GroundStation/install/uav_car_interfaces/include/uav_car_interfaces/msg/rosidl_generator_c__visibility_control.h
[1.110s] -- Up-to-date symlink: /home/focal/Desktop/2024_GroundStation/install/uav_car_interfaces/include/uav_car_interfaces/msg/t265_data.h
[1.111s] -- Up-to-date symlink: /home/focal/Desktop/2024_GroundStation/install/uav_car_interfaces/include/uav_car_interfaces/srv/control_service.h
[1.112s] -- Up-to-date symlink: /home/focal/Desktop/2024_GroundStation/install/uav_car_interfaces/include/uav_car_interfaces/srv/detail/control_service__functions.h
[1.112s] -- Up-to-date symlink: /home/focal/Desktop/2024_GroundStation/install/uav_car_interfaces/include/uav_car_interfaces/srv/detail/control_service__struct.h
[1.113s] -- Up-to-date symlink: /home/focal/Desktop/2024_GroundStation/install/uav_car_interfaces/include/uav_car_interfaces/srv/detail/control_service__type_support.h
[1.114s] -- Up-to-date symlink: /home/focal/Desktop/2024_GroundStation/install/uav_car_interfaces/share/uav_car_interfaces/environment/library_path.sh
[1.114s] -- Up-to-date symlink: /home/focal/Desktop/2024_GroundStation/install/uav_car_interfaces/share/uav_car_interfaces/environment/library_path.dsv
[1.116s] -- Up-to-date symlink: /home/focal/Desktop/2024_GroundStation/install/uav_car_interfaces/include/uav_car_interfaces/msg/detail/image_processor_data__rosidl_typesupport_fastrtps_c.h
[1.117s] -- Up-to-date symlink: /home/focal/Desktop/2024_GroundStation/install/uav_car_interfaces/include/uav_car_interfaces/msg/detail/t265_data__rosidl_typesupport_fastrtps_c.h
[1.118s] -- Up-to-date symlink: /home/focal/Desktop/2024_GroundStation/install/uav_car_interfaces/include/uav_car_interfaces/msg/rosidl_typesupport_fastrtps_c__visibility_control.h
[1.119s] -- Up-to-date symlink: /home/focal/Desktop/2024_GroundStation/install/uav_car_interfaces/include/uav_car_interfaces/srv/detail/control_service__rosidl_typesupport_fastrtps_c.h
[1.120s] -- Up-to-date symlink: /home/focal/Desktop/2024_GroundStation/install/uav_car_interfaces/lib/libuav_car_interfaces__rosidl_typesupport_fastrtps_c.so
[1.121s] -- Up-to-date symlink: /home/focal/Desktop/2024_GroundStation/install/uav_car_interfaces/include/uav_car_interfaces/msg/detail/image_processor_data__rosidl_typesupport_fastrtps_cpp.hpp
[1.122s] -- Up-to-date symlink: /home/focal/Desktop/2024_GroundStation/install/uav_car_interfaces/include/uav_car_interfaces/msg/detail/t265_data__rosidl_typesupport_fastrtps_cpp.hpp
[1.122s] -- Up-to-date symlink: /home/focal/Desktop/2024_GroundStation/install/uav_car_interfaces/include/uav_car_interfaces/msg/rosidl_typesupport_fastrtps_cpp__visibility_control.h
[1.123s] -- Up-to-date symlink: /home/focal/Desktop/2024_GroundStation/install/uav_car_interfaces/include/uav_car_interfaces/srv/detail/control_service__rosidl_typesupport_fastrtps_cpp.hpp
[1.124s] -- Up-to-date symlink: /home/focal/Desktop/2024_GroundStation/install/uav_car_interfaces/lib/libuav_car_interfaces__rosidl_typesupport_fastrtps_cpp.so
[1.125s] -- Up-to-date symlink: /home/focal/Desktop/2024_GroundStation/install/uav_car_interfaces/include/uav_car_interfaces/msg/detail/image_processor_data__rosidl_typesupport_introspection_c.h
[1.125s] -- Up-to-date symlink: /home/focal/Desktop/2024_GroundStation/install/uav_car_interfaces/include/uav_car_interfaces/msg/detail/t265_data__rosidl_typesupport_introspection_c.h
[1.126s] -- Up-to-date symlink: /home/focal/Desktop/2024_GroundStation/install/uav_car_interfaces/include/uav_car_interfaces/msg/rosidl_typesupport_introspection_c__visibility_control.h
[1.126s] -- Up-to-date symlink: /home/focal/Desktop/2024_GroundStation/install/uav_car_interfaces/include/uav_car_interfaces/srv/detail/control_service__rosidl_typesupport_introspection_c.h
[1.127s] -- Up-to-date symlink: /home/focal/Desktop/2024_GroundStation/install/uav_car_interfaces/include/uav_car_interfaces/msg/detail/image_processor_data__builder.hpp
[1.128s] -- Up-to-date symlink: /home/focal/Desktop/2024_GroundStation/install/uav_car_interfaces/include/uav_car_interfaces/msg/detail/image_processor_data__struct.hpp
[1.129s] -- Up-to-date symlink: /home/focal/Desktop/2024_GroundStation/install/uav_car_interfaces/include/uav_car_interfaces/msg/detail/image_processor_data__traits.hpp
[1.129s] -- Up-to-date symlink: /home/focal/Desktop/2024_GroundStation/install/uav_car_interfaces/include/uav_car_interfaces/msg/detail/image_processor_data__type_support.hpp
[1.130s] -- Up-to-date symlink: /home/focal/Desktop/2024_GroundStation/install/uav_car_interfaces/include/uav_car_interfaces/msg/detail/t265_data__builder.hpp
[1.130s] -- Up-to-date symlink: /home/focal/Desktop/2024_GroundStation/install/uav_car_interfaces/include/uav_car_interfaces/msg/detail/t265_data__struct.hpp
[1.131s] -- Up-to-date symlink: /home/focal/Desktop/2024_GroundStation/install/uav_car_interfaces/include/uav_car_interfaces/msg/detail/t265_data__traits.hpp
[1.131s] -- Up-to-date symlink: /home/focal/Desktop/2024_GroundStation/install/uav_car_interfaces/include/uav_car_interfaces/msg/detail/t265_data__type_support.hpp
[1.132s] -- Up-to-date symlink: /home/focal/Desktop/2024_GroundStation/install/uav_car_interfaces/include/uav_car_interfaces/msg/image_processor_data.hpp
[1.132s] -- Up-to-date symlink: /home/focal/Desktop/2024_GroundStation/install/uav_car_interfaces/include/uav_car_interfaces/msg/rosidl_generator_cpp__visibility_control.hpp
[1.133s] -- Up-to-date symlink: /home/focal/Desktop/2024_GroundStation/install/uav_car_interfaces/include/uav_car_interfaces/msg/t265_data.hpp
[1.134s] -- Up-to-date symlink: /home/focal/Desktop/2024_GroundStation/install/uav_car_interfaces/include/uav_car_interfaces/srv/control_service.hpp
[1.134s] -- Up-to-date symlink: /home/focal/Desktop/2024_GroundStation/install/uav_car_interfaces/include/uav_car_interfaces/srv/detail/control_service__builder.hpp
[1.135s] -- Up-to-date symlink: /home/focal/Desktop/2024_GroundStation/install/uav_car_interfaces/include/uav_car_interfaces/srv/detail/control_service__struct.hpp
[1.137s] -- Up-to-date symlink: /home/focal/Desktop/2024_GroundStation/install/uav_car_interfaces/include/uav_car_interfaces/srv/detail/control_service__traits.hpp
[1.137s] -- Up-to-date symlink: /home/focal/Desktop/2024_GroundStation/install/uav_car_interfaces/include/uav_car_interfaces/srv/detail/control_service__type_support.hpp
[1.137s] -- Up-to-date symlink: /home/focal/Desktop/2024_GroundStation/install/uav_car_interfaces/include/uav_car_interfaces/msg/detail/image_processor_data__rosidl_typesupport_introspection_cpp.hpp
[1.137s] -- Up-to-date symlink: /home/focal/Desktop/2024_GroundStation/install/uav_car_interfaces/include/uav_car_interfaces/msg/detail/t265_data__rosidl_typesupport_introspection_cpp.hpp
[1.138s] -- Up-to-date symlink: /home/focal/Desktop/2024_GroundStation/install/uav_car_interfaces/include/uav_car_interfaces/srv/detail/control_service__rosidl_typesupport_introspection_cpp.hpp
[1.138s] -- Up-to-date symlink: /home/focal/Desktop/2024_GroundStation/install/uav_car_interfaces/share/uav_car_interfaces/environment/pythonpath.sh
[1.139s] -- Up-to-date symlink: /home/focal/Desktop/2024_GroundStation/install/uav_car_interfaces/share/uav_car_interfaces/environment/pythonpath.dsv
[1.140s] -- Up-to-date symlink: /home/focal/Desktop/2024_GroundStation/install/uav_car_interfaces/lib/python3.8/site-packages/uav_car_interfaces/__init__.py
[1.141s] -- Up-to-date symlink: /home/focal/Desktop/2024_GroundStation/install/uav_car_interfaces/lib/python3.8/site-packages/uav_car_interfaces/msg/__init__.py
[1.141s] -- Up-to-date symlink: /home/focal/Desktop/2024_GroundStation/install/uav_car_interfaces/lib/python3.8/site-packages/uav_car_interfaces/msg/_image_processor_data.py
[1.141s] -- Up-to-date symlink: /home/focal/Desktop/2024_GroundStation/install/uav_car_interfaces/lib/python3.8/site-packages/uav_car_interfaces/msg/_t265_data.py
[1.142s] -- Up-to-date symlink: /home/focal/Desktop/2024_GroundStation/install/uav_car_interfaces/lib/python3.8/site-packages/uav_car_interfaces/srv/__init__.py
[1.143s] -- Up-to-date symlink: /home/focal/Desktop/2024_GroundStation/install/uav_car_interfaces/lib/python3.8/site-packages/uav_car_interfaces/srv/_control_service.py
[1.143s] -- Up-to-date symlink: /home/focal/Desktop/2024_GroundStation/install/uav_car_interfaces/lib/python3.8/site-packages/uav_car_interfaces/uav_car_interfaces_s__rosidl_typesupport_fastrtps_c.cpython-38-x86_64-linux-gnu.so
[1.144s] -- Up-to-date symlink: /home/focal/Desktop/2024_GroundStation/install/uav_car_interfaces/lib/python3.8/site-packages/uav_car_interfaces/uav_car_interfaces_s__rosidl_typesupport_introspection_c.cpython-38-x86_64-linux-gnu.so
[1.145s] -- Up-to-date symlink: /home/focal/Desktop/2024_GroundStation/install/uav_car_interfaces/lib/python3.8/site-packages/uav_car_interfaces/uav_car_interfaces_s__rosidl_typesupport_c.cpython-38-x86_64-linux-gnu.so
[1.145s] -- Up-to-date symlink: /home/focal/Desktop/2024_GroundStation/install/uav_car_interfaces/lib/libuav_car_interfaces__python.so
[1.146s] -- Up-to-date symlink: /home/focal/Desktop/2024_GroundStation/install/uav_car_interfaces/share/uav_car_interfaces/msg/T265Data.idl
[1.147s] -- Up-to-date symlink: /home/focal/Desktop/2024_GroundStation/install/uav_car_interfaces/share/uav_car_interfaces/msg/ImageProcessorData.idl
[1.147s] -- Up-to-date symlink: /home/focal/Desktop/2024_GroundStation/install/uav_car_interfaces/share/uav_car_interfaces/srv/ControlService.idl
[1.148s] -- Up-to-date symlink: /home/focal/Desktop/2024_GroundStation/install/uav_car_interfaces/share/uav_car_interfaces/msg/T265Data.msg
[1.149s] -- Up-to-date symlink: /home/focal/Desktop/2024_GroundStation/install/uav_car_interfaces/share/uav_car_interfaces/msg/ImageProcessorData.msg
[1.149s] -- Up-to-date symlink: /home/focal/Desktop/2024_GroundStation/install/uav_car_interfaces/share/uav_car_interfaces/srv/ControlService.srv
[1.151s] -- Up-to-date symlink: /home/focal/Desktop/2024_GroundStation/install/uav_car_interfaces/share/uav_car_interfaces/srv/ControlService_Request.msg
[1.151s] -- Up-to-date symlink: /home/focal/Desktop/2024_GroundStation/install/uav_car_interfaces/share/uav_car_interfaces/srv/ControlService_Response.msg
[1.151s] -- Up-to-date symlink: /home/focal/Desktop/2024_GroundStation/install/uav_car_interfaces/share/ament_index/resource_index/package_run_dependencies/uav_car_interfaces
[1.152s] -- Up-to-date symlink: /home/focal/Desktop/2024_GroundStation/install/uav_car_interfaces/share/ament_index/resource_index/parent_prefix_path/uav_car_interfaces
[1.152s] -- Up-to-date symlink: /home/focal/Desktop/2024_GroundStation/install/uav_car_interfaces/share/uav_car_interfaces/environment/ament_prefix_path.sh
[1.153s] -- Up-to-date symlink: /home/focal/Desktop/2024_GroundStation/install/uav_car_interfaces/share/uav_car_interfaces/environment/ament_prefix_path.dsv
[1.154s] -- Up-to-date symlink: /home/focal/Desktop/2024_GroundStation/install/uav_car_interfaces/share/uav_car_interfaces/environment/path.sh
[1.154s] -- Up-to-date symlink: /home/focal/Desktop/2024_GroundStation/install/uav_car_interfaces/share/uav_car_interfaces/environment/path.dsv
[1.156s] -- Up-to-date symlink: /home/focal/Desktop/2024_GroundStation/install/uav_car_interfaces/share/uav_car_interfaces/local_setup.bash
[1.156s] -- Up-to-date symlink: /home/focal/Desktop/2024_GroundStation/install/uav_car_interfaces/share/uav_car_interfaces/local_setup.sh
[1.156s] -- Up-to-date symlink: /home/focal/Desktop/2024_GroundStation/install/uav_car_interfaces/share/uav_car_interfaces/local_setup.zsh
[1.157s] -- Up-to-date symlink: /home/focal/Desktop/2024_GroundStation/install/uav_car_interfaces/share/uav_car_interfaces/local_setup.dsv
[1.157s] -- Symlinking: /home/focal/Desktop/2024_GroundStation/install/uav_car_interfaces/share/uav_car_interfaces/package.dsv
[1.169s] -- Up-to-date symlink: /home/focal/Desktop/2024_GroundStation/install/uav_car_interfaces/share/ament_index/resource_index/packages/uav_car_interfaces
[1.169s] -- Up-to-date symlink: /home/focal/Desktop/2024_GroundStation/install/uav_car_interfaces/share/uav_car_interfaces/cmake/rosidl_cmake-extras.cmake
[1.172s] -- Up-to-date symlink: /home/focal/Desktop/2024_GroundStation/install/uav_car_interfaces/share/uav_car_interfaces/cmake/ament_cmake_export_dependencies-extras.cmake
[1.172s] -- Up-to-date symlink: /home/focal/Desktop/2024_GroundStation/install/uav_car_interfaces/share/uav_car_interfaces/cmake/ament_cmake_export_libraries-extras.cmake
[1.173s] -- Up-to-date symlink: /home/focal/Desktop/2024_GroundStation/install/uav_car_interfaces/share/uav_car_interfaces/cmake/ament_cmake_export_targets-extras.cmake
[1.173s] -- Up-to-date symlink: /home/focal/Desktop/2024_GroundStation/install/uav_car_interfaces/share/uav_car_interfaces/cmake/ament_cmake_export_include_directories-extras.cmake
[1.174s] -- Up-to-date symlink: /home/focal/Desktop/2024_GroundStation/install/uav_car_interfaces/share/uav_car_interfaces/cmake/rosidl_cmake_export_typesupport_libraries-extras.cmake
[1.175s] -- Up-to-date symlink: /home/focal/Desktop/2024_GroundStation/install/uav_car_interfaces/share/uav_car_interfaces/cmake/rosidl_cmake_export_typesupport_targets-extras.cmake
[1.176s] -- Up-to-date symlink: /home/focal/Desktop/2024_GroundStation/install/uav_car_interfaces/share/uav_car_interfaces/cmake/uav_car_interfacesConfig.cmake
[1.176s] -- Up-to-date symlink: /home/focal/Desktop/2024_GroundStation/install/uav_car_interfaces/share/uav_car_interfaces/cmake/uav_car_interfacesConfig-version.cmake
[1.177s] -- Up-to-date symlink: /home/focal/Desktop/2024_GroundStation/install/uav_car_interfaces/share/uav_car_interfaces/package.xml
[1.178s] -- Up-to-date: /home/focal/Desktop/2024_GroundStation/install/uav_car_interfaces/lib/libuav_car_interfaces__rosidl_generator_c.so
[1.180s] -- Up-to-date: /home/focal/Desktop/2024_GroundStation/install/uav_car_interfaces/lib/libuav_car_interfaces__rosidl_typesupport_introspection_c.so
[1.181s] -- Up-to-date: /home/focal/Desktop/2024_GroundStation/install/uav_car_interfaces/lib/libuav_car_interfaces__rosidl_typesupport_c.so
[1.182s] -- Up-to-date: /home/focal/Desktop/2024_GroundStation/install/uav_car_interfaces/lib/libuav_car_interfaces__rosidl_typesupport_introspection_cpp.so
[1.184s] -- Up-to-date: /home/focal/Desktop/2024_GroundStation/install/uav_car_interfaces/lib/libuav_car_interfaces__rosidl_typesupport_cpp.so
[1.219s] -- Up-to-date: /home/focal/Desktop/2024_GroundStation/install/uav_car_interfaces/share/uav_car_interfaces/cmake/uav_car_interfaces__rosidl_generator_cExport.cmake
[1.219s] -- Up-to-date: /home/focal/Desktop/2024_GroundStation/install/uav_car_interfaces/share/uav_car_interfaces/cmake/uav_car_interfaces__rosidl_generator_cExport-noconfig.cmake
[1.220s] -- Up-to-date: /home/focal/Desktop/2024_GroundStation/install/uav_car_interfaces/share/uav_car_interfaces/cmake/uav_car_interfaces__rosidl_typesupport_introspection_cExport.cmake
[1.220s] -- Up-to-date: /home/focal/Desktop/2024_GroundStation/install/uav_car_interfaces/share/uav_car_interfaces/cmake/uav_car_interfaces__rosidl_typesupport_introspection_cExport-noconfig.cmake
[1.220s] -- Up-to-date: /home/focal/Desktop/2024_GroundStation/install/uav_car_interfaces/share/uav_car_interfaces/cmake/uav_car_interfaces__rosidl_typesupport_cExport.cmake
[1.221s] -- Up-to-date: /home/focal/Desktop/2024_GroundStation/install/uav_car_interfaces/share/uav_car_interfaces/cmake/uav_car_interfaces__rosidl_typesupport_cExport-noconfig.cmake
[1.221s] -- Up-to-date: /home/focal/Desktop/2024_GroundStation/install/uav_car_interfaces/share/uav_car_interfaces/cmake/uav_car_interfaces__rosidl_generator_cppExport.cmake
[1.222s] -- Up-to-date: /home/focal/Desktop/2024_GroundStation/install/uav_car_interfaces/share/uav_car_interfaces/cmake/uav_car_interfaces__rosidl_typesupport_introspection_cppExport.cmake
[1.222s] -- Up-to-date: /home/focal/Desktop/2024_GroundStation/install/uav_car_interfaces/share/uav_car_interfaces/cmake/uav_car_interfaces__rosidl_typesupport_introspection_cppExport-noconfig.cmake
[1.223s] -- Up-to-date: /home/focal/Desktop/2024_GroundStation/install/uav_car_interfaces/share/uav_car_interfaces/cmake/uav_car_interfaces__rosidl_typesupport_cppExport.cmake
[1.223s] -- Up-to-date: /home/focal/Desktop/2024_GroundStation/install/uav_car_interfaces/share/uav_car_interfaces/cmake/uav_car_interfaces__rosidl_typesupport_cppExport-noconfig.cmake
[1.227s] Invoked command in '/home/focal/Desktop/2024_GroundStation/build/uav_car_interfaces' returned '0': CMAKE_PREFIX_PATH=/opt/ros/foxy /usr/bin/cmake --install /home/focal/Desktop/2024_GroundStation/build/uav_car_interfaces
