[INFO] [1775396566.372647797] [navNode]: paths: [
  {"x": 0.00, "y": 0.00, "z": 0.70, "label": "TakeOff", "qrcode": "", "label2": ""       , "qrcode2": "" },
  {"x":-0.25, "y": 0.75, "z": 0.80, "label": "A6"     , "qrcode": "", "label2": ""       , "qrcode2": "" },
  {"x":-0.25, "y": 0.75, "z": 1.20, "label": "A3"     , "qrcode": "", "label2": ""       , "qrcode2": "" },
  {"x":-0.25, "y": 1.25, "z": 1.20, "label": "A2"     , "qrcode": "", "label2": ""       , "qrcode2": "" },
  {"x":-0.25, "y": 1.25, "z": 0.80, "label": "A5"     , "qrcode": "", "label2": ""       , "qrcode2": "" },
  {"x":-0.25, "y": 1.75, "z": 0.80, "label": "A4"     , "qrcode": "", "label2": ""       , "qrcode2": "" },
  {"x":-0.25, "y": 1.75, "z": 1.20, "label": "A1"     , "qrcode": "", "label2": ""       , "qrcode2": "" },
  {"x":-0.25, "y": 2.00, "z": 0.70, "label": "UpSide1", "qrcode": "", "label2": ""       , "qrcode2": "" },
  {"x": 0.75, "y": 2.00, "z": 0.70, "label": "LandPos", "qrcode": "", "label2": ""       , "qrcode2": "" }
]

[INFO] [1775396566.378385435] [navNode]: 上位机导航节点启动成功
[INFO] [1775396568.262487423] [navNode]: 收到来自UI的请求：scan_all
[WARN] [1775396568.262884602] [navNode]: 任务开始执行scan_all
[INFO] [1775396574.702481167] [navNode]: 收到来自UI的请求：scan_all
[WARN] [1775396574.703171968] [navNode]: 任务开始执行scan_all
[INFO] [1775396575.542850863] [navNode]: 收到来自UI的请求：scan_all
[WARN] [1775396575.543239740] [navNode]: 任务开始执行scan_all
[INFO] [1775396576.279056796] [navNode]: 收到来自UI的请求：scan_all
[WARN] [1775396576.279506088] [navNode]: 任务开始执行scan_all
[INFO] [1775396576.698083243] [navNode]: 收到来自UI的请求：scan_all
[WARN] [1775396576.698468845] [navNode]: 任务开始执行scan_all
[INFO] [1775396577.187955649] [navNode]: 收到来自UI的请求：scan_all
[WARN] [1775396577.188367549] [navNode]: 任务开始执行scan_all
[INFO] [1775396579.507319388] [navNode]: 收到来自UI的请求：shutdown-navNode
[WARN] [1775396579.508237939] [navNode]: navNodeshutdown-navNode
