[INFO] [1775400551.411999634] [navNode]: paths: [
  {"x": 0.00, "y": 0.00, "z": 0.70, "label": "TakeOff", "qrcode": "", "label2": ""       , "qrcode2": "" },
  {"x":-0.25, "y": 0.75, "z": 0.80, "label": "A6"     , "qrcode": "", "label2": ""       , "qrcode2": "" },
  {"x":-0.25, "y": 0.75, "z": 1.20, "label": "A3"     , "qrcode": "", "label2": ""       , "qrcode2": "" },
  {"x":-0.25, "y": 1.25, "z": 1.20, "label": "A2"     , "qrcode": "", "label2": ""       , "qrcode2": "" },
  {"x":-0.25, "y": 1.25, "z": 0.80, "label": "A5"     , "qrcode": "", "label2": ""       , "qrcode2": "" },
  {"x":-0.25, "y": 1.75, "z": 0.80, "label": "A4"     , "qrcode": "", "label2": ""       , "qrcode2": "" },
  {"x":-0.25, "y": 1.75, "z": 1.20, "label": "A1"     , "qrcode": "", "label2": ""       , "qrcode2": "" },
  {"x":-0.25, "y": 2.00, "z": 0.70, "label": "UpSide1", "qrcode": "", "label2": ""       , "qrcode2": "" },
  {"x": 0.00, "y": 2.00, "z": 0.70, "label": "LandPos", "qrcode": "", "label2": ""       , "qrcode2": "" }
]

[INFO] [1775400551.426442614] [navNode]: 上位机导航节点启动成功
[INFO] [1775400558.928025560] [navNode]: 收到来自UI的请求：scan_all
[WARN] [1775400558.929170467] [navNode]: 任务开始执行scan_all
[INFO] [1775400559.029158942] [navNode]: 状态1：Takeoff--[TakeOff]
[ERROR] [1775400559.281661067] [navNode]: 发送 takeoff 失败: ROS2 服务 [ControlService] 未启动或超时
[INFO] [1775400559.284675776] [navNode]: 状态2：Takeoff_wait--[TakeOff]
[INFO] [1775400559.285937684] [navNode]: 未到目标点
目标位置：(0.00, 0.00, 0.70)-TakeOff-当前状态：[Takeoff_wait|TakeOff] 扫玛状态：前-后[-],到达?:[MCU:False]-[POS:False]
当前位置：(0.00, 0.00, 0.00)
[INFO] [1775400559.329183402] [navNode]: 状态2：Takeoff_wait--[TakeOff]
[INFO] [1775400559.329562137] [navNode]: 未到目标点
目标位置：(0.00, 0.00, 0.70)-TakeOff-当前状态：[Takeoff_wait|TakeOff] 扫玛状态：前-后[-],到达?:[MCU:False]-[POS:False]
当前位置：(0.00, 0.00, 0.00)
[INFO] [1775400559.429621534] [navNode]: 状态2：Takeoff_wait--[TakeOff]
[INFO] [1775400559.430034459] [navNode]: 未到目标点
目标位置：(0.00, 0.00, 0.70)-TakeOff-当前状态：[Takeoff_wait|TakeOff] 扫玛状态：前-后[-],到达?:[MCU:False]-[POS:False]
当前位置：(0.00, 0.00, 0.00)
[INFO] [1775400559.529473598] [navNode]: 状态2：Takeoff_wait--[TakeOff]
[INFO] [1775400559.529846692] [navNode]: 未到目标点
目标位置：(0.00, 0.00, 0.70)-TakeOff-当前状态：[Takeoff_wait|TakeOff] 扫玛状态：前-后[-],到达?:[MCU:False]-[POS:False]
当前位置：(0.00, 0.00, 0.00)
[INFO] [1775400559.629572517] [navNode]: 状态2：Takeoff_wait--[TakeOff]
[INFO] [1775400559.629959544] [navNode]: 未到目标点
目标位置：(0.00, 0.00, 0.70)-TakeOff-当前状态：[Takeoff_wait|TakeOff] 扫玛状态：前-后[-],到达?:[MCU:False]-[POS:False]
当前位置：(0.00, 0.00, 0.00)
[INFO] [1775400559.729304531] [navNode]: 状态2：Takeoff_wait--[TakeOff]
[INFO] [1775400559.729686738] [navNode]: 未到目标点
目标位置：(0.00, 0.00, 0.70)-TakeOff-当前状态：[Takeoff_wait|TakeOff] 扫玛状态：前-后[-],到达?:[MCU:False]-[POS:False]
当前位置：(0.00, 0.00, 0.00)
[INFO] [1775400559.829324973] [navNode]: 状态2：Takeoff_wait--[TakeOff]
[INFO] [1775400559.829699850] [navNode]: 未到目标点
目标位置：(0.00, 0.00, 0.70)-TakeOff-当前状态：[Takeoff_wait|TakeOff] 扫玛状态：前-后[-],到达?:[MCU:False]-[POS:False]
当前位置：(0.00, 0.00, 0.00)
[INFO] [1775400559.929629310] [navNode]: 状态2：Takeoff_wait--[TakeOff]
[INFO] [1775400559.930444950] [navNode]: 未到目标点
目标位置：(0.00, 0.00, 0.70)-TakeOff-当前状态：[Takeoff_wait|TakeOff] 扫玛状态：前-后[-],到达?:[MCU:False]-[POS:False]
当前位置：(0.00, 0.00, 0.00)
[INFO] [1775400560.029372051] [navNode]: 状态2：Takeoff_wait--[TakeOff]
[INFO] [1775400560.029753353] [navNode]: 未到目标点
目标位置：(0.00, 0.00, 0.70)-TakeOff-当前状态：[Takeoff_wait|TakeOff] 扫玛状态：前-后[-],到达?:[MCU:False]-[POS:False]
当前位置：(0.00, 0.00, 0.00)
[INFO] [1775400560.129976894] [navNode]: 状态2：Takeoff_wait--[TakeOff]
[INFO] [1775400560.130366137] [navNode]: 未到目标点
目标位置：(0.00, 0.00, 0.70)-TakeOff-当前状态：[Takeoff_wait|TakeOff] 扫玛状态：前-后[-],到达?:[MCU:False]-[POS:False]
当前位置：(0.00, 0.00, 0.00)
[INFO] [1775400560.229443189] [navNode]: 状态2：Takeoff_wait--[TakeOff]
[INFO] [1775400560.229827133] [navNode]: 未到目标点
目标位置：(0.00, 0.00, 0.70)-TakeOff-当前状态：[Takeoff_wait|TakeOff] 扫玛状态：前-后[-],到达?:[MCU:False]-[POS:False]
当前位置：(0.00, 0.00, 0.00)
[INFO] [1775400560.329322575] [navNode]: 状态2：Takeoff_wait--[TakeOff]
[INFO] [1775400560.329704302] [navNode]: 未到目标点
目标位置：(0.00, 0.00, 0.70)-TakeOff-当前状态：[Takeoff_wait|TakeOff] 扫玛状态：前-后[-],到达?:[MCU:False]-[POS:False]
当前位置：(0.00, 0.00, 0.00)
[INFO] [1775400560.429388779] [navNode]: 状态2：Takeoff_wait--[TakeOff]
[INFO] [1775400560.429801413] [navNode]: 未到目标点
目标位置：(0.00, 0.00, 0.70)-TakeOff-当前状态：[Takeoff_wait|TakeOff] 扫玛状态：前-后[-],到达?:[MCU:False]-[POS:False]
当前位置：(0.00, 0.00, 0.00)
[INFO] [1775400560.529956246] [navNode]: 状态2：Takeoff_wait--[TakeOff]
[INFO] [1775400560.530361507] [navNode]: 未到目标点
目标位置：(0.00, 0.00, 0.70)-TakeOff-当前状态：[Takeoff_wait|TakeOff] 扫玛状态：前-后[-],到达?:[MCU:False]-[POS:False]
当前位置：(0.00, 0.00, 0.00)
[INFO] [1775400560.629596843] [navNode]: 状态2：Takeoff_wait--[TakeOff]
[INFO] [1775400560.630064692] [navNode]: 未到目标点
目标位置：(0.00, 0.00, 0.70)-TakeOff-当前状态：[Takeoff_wait|TakeOff] 扫玛状态：前-后[-],到达?:[MCU:False]-[POS:False]
当前位置：(0.00, 0.00, 0.00)
[INFO] [1775400560.729642732] [navNode]: 状态2：Takeoff_wait--[TakeOff]
[INFO] [1775400560.730026187] [navNode]: 未到目标点
目标位置：(0.00, 0.00, 0.70)-TakeOff-当前状态：[Takeoff_wait|TakeOff] 扫玛状态：前-后[-],到达?:[MCU:False]-[POS:False]
当前位置：(0.00, 0.00, 0.00)
[INFO] [1775400560.830502252] [navNode]: 状态2：Takeoff_wait--[TakeOff]
[INFO] [1775400560.830944470] [navNode]: 未到目标点
目标位置：(0.00, 0.00, 0.70)-TakeOff-当前状态：[Takeoff_wait|TakeOff] 扫玛状态：前-后[-],到达?:[MCU:False]-[POS:False]
当前位置：(0.00, 0.00, 0.00)
[INFO] [1775400560.929521430] [navNode]: 状态2：Takeoff_wait--[TakeOff]
[INFO] [1775400560.929896983] [navNode]: 未到目标点
目标位置：(0.00, 0.00, 0.70)-TakeOff-当前状态：[Takeoff_wait|TakeOff] 扫玛状态：前-后[-],到达?:[MCU:False]-[POS:False]
当前位置：(0.00, 0.00, 0.00)
[INFO] [1775400561.029547771] [navNode]: 状态2：Takeoff_wait--[TakeOff]
[INFO] [1775400561.029985927] [navNode]: 未到目标点
目标位置：(0.00, 0.00, 0.70)-TakeOff-当前状态：[Takeoff_wait|TakeOff] 扫玛状态：前-后[-],到达?:[MCU:False]-[POS:False]
当前位置：(0.00, 0.00, 0.00)
[INFO] [1775400561.129469035] [navNode]: 状态2：Takeoff_wait--[TakeOff]
[INFO] [1775400561.129841423] [navNode]: 未到目标点
目标位置：(0.00, 0.00, 0.70)-TakeOff-当前状态：[Takeoff_wait|TakeOff] 扫玛状态：前-后[-],到达?:[MCU:False]-[POS:False]
当前位置：(0.00, 0.00, 0.00)
[INFO] [1775400561.230445766] [navNode]: 状态2：Takeoff_wait--[TakeOff]
[INFO] [1775400561.230863414] [navNode]: 未到目标点
目标位置：(0.00, 0.00, 0.70)-TakeOff-当前状态：[Takeoff_wait|TakeOff] 扫玛状态：前-后[-],到达?:[MCU:False]-[POS:False]
当前位置：(0.00, 0.00, 0.00)
[INFO] [1775400561.329543859] [navNode]: 状态2：Takeoff_wait--[TakeOff]
[INFO] [1775400561.329907119] [navNode]: 未到目标点
目标位置：(0.00, 0.00, 0.70)-TakeOff-当前状态：[Takeoff_wait|TakeOff] 扫玛状态：前-后[-],到达?:[MCU:False]-[POS:False]
当前位置：(0.00, 0.00, 0.00)
[INFO] [1775400561.429701603] [navNode]: 状态2：Takeoff_wait--[TakeOff]
[INFO] [1775400561.430065531] [navNode]: 未到目标点
目标位置：(0.00, 0.00, 0.70)-TakeOff-当前状态：[Takeoff_wait|TakeOff] 扫玛状态：前-后[-],到达?:[MCU:False]-[POS:False]
当前位置：(0.00, 0.00, 0.00)
[INFO] [1775400561.530893764] [navNode]: 状态2：Takeoff_wait--[TakeOff]
[INFO] [1775400561.531247414] [navNode]: 未到目标点
目标位置：(0.00, 0.00, 0.70)-TakeOff-当前状态：[Takeoff_wait|TakeOff] 扫玛状态：前-后[-],到达?:[MCU:False]-[POS:False]
当前位置：(0.00, 0.00, 0.00)
[INFO] [1775400561.630987291] [navNode]: 状态2：Takeoff_wait--[TakeOff]
[INFO] [1775400561.631583555] [navNode]: 未到目标点
目标位置：(0.00, 0.00, 0.70)-TakeOff-当前状态：[Takeoff_wait|TakeOff] 扫玛状态：前-后[-],到达?:[MCU:False]-[POS:False]
当前位置：(0.00, 0.00, 0.00)
[INFO] [1775400561.730956827] [navNode]: 状态2：Takeoff_wait--[TakeOff]
[INFO] [1775400561.731317618] [navNode]: 未到目标点
目标位置：(0.00, 0.00, 0.70)-TakeOff-当前状态：[Takeoff_wait|TakeOff] 扫玛状态：前-后[-],到达?:[MCU:False]-[POS:False]
当前位置：(0.00, 0.00, 0.00)
[INFO] [1775400561.831575602] [navNode]: 状态2：Takeoff_wait--[TakeOff]
[INFO] [1775400561.831959176] [navNode]: 未到目标点
目标位置：(0.00, 0.00, 0.70)-TakeOff-当前状态：[Takeoff_wait|TakeOff] 扫玛状态：前-后[-],到达?:[MCU:False]-[POS:False]
当前位置：(0.00, 0.00, 0.00)
[INFO] [1775400561.929488138] [navNode]: 状态2：Takeoff_wait--[TakeOff]
[INFO] [1775400561.929850962] [navNode]: 未到目标点
目标位置：(0.00, 0.00, 0.70)-TakeOff-当前状态：[Takeoff_wait|TakeOff] 扫玛状态：前-后[-],到达?:[MCU:False]-[POS:False]
当前位置：(0.00, 0.00, 0.00)
[INFO] [1775400562.029699058] [navNode]: 状态2：Takeoff_wait--[TakeOff]
[INFO] [1775400562.030058205] [navNode]: 未到目标点
目标位置：(0.00, 0.00, 0.70)-TakeOff-当前状态：[Takeoff_wait|TakeOff] 扫玛状态：前-后[-],到达?:[MCU:False]-[POS:False]
当前位置：(0.00, 0.00, 0.00)
[INFO] [1775400562.129829261] [navNode]: 状态2：Takeoff_wait--[TakeOff]
[INFO] [1775400562.130225143] [navNode]: 未到目标点
目标位置：(0.00, 0.00, 0.70)-TakeOff-当前状态：[Takeoff_wait|TakeOff] 扫玛状态：前-后[-],到达?:[MCU:False]-[POS:False]
当前位置：(0.00, 0.00, 0.00)
[INFO] [1775400562.230193521] [navNode]: 状态2：Takeoff_wait--[TakeOff]
[INFO] [1775400562.230583699] [navNode]: 未到目标点
目标位置：(0.00, 0.00, 0.70)-TakeOff-当前状态：[Takeoff_wait|TakeOff] 扫玛状态：前-后[-],到达?:[MCU:False]-[POS:False]
当前位置：(0.00, 0.00, 0.00)
[INFO] [1775400562.329421020] [navNode]: 状态2：Takeoff_wait--[TakeOff]
[INFO] [1775400562.329783835] [navNode]: 未到目标点
目标位置：(0.00, 0.00, 0.70)-TakeOff-当前状态：[Takeoff_wait|TakeOff] 扫玛状态：前-后[-],到达?:[MCU:False]-[POS:False]
当前位置：(0.00, 0.00, 0.00)
[INFO] [1775400562.429569652] [navNode]: 状态2：Takeoff_wait--[TakeOff]
[INFO] [1775400562.429973376] [navNode]: 未到目标点
目标位置：(0.00, 0.00, 0.70)-TakeOff-当前状态：[Takeoff_wait|TakeOff] 扫玛状态：前-后[-],到达?:[MCU:False]-[POS:False]
当前位置：(0.00, 0.00, 0.00)
[INFO] [1775400562.529807475] [navNode]: 状态2：Takeoff_wait--[TakeOff]
[INFO] [1775400562.530245752] [navNode]: 未到目标点
目标位置：(0.00, 0.00, 0.70)-TakeOff-当前状态：[Takeoff_wait|TakeOff] 扫玛状态：前-后[-],到达?:[MCU:False]-[POS:False]
当前位置：(0.00, 0.00, 0.00)
[INFO] [1775400562.629644961] [navNode]: 状态2：Takeoff_wait--[TakeOff]
[INFO] [1775400562.630131300] [navNode]: 未到目标点
目标位置：(0.00, 0.00, 0.70)-TakeOff-当前状态：[Takeoff_wait|TakeOff] 扫玛状态：前-后[-],到达?:[MCU:False]-[POS:False]
当前位置：(0.00, 0.00, 0.00)
[INFO] [1775400562.729634427] [navNode]: 状态2：Takeoff_wait--[TakeOff]
[INFO] [1775400562.730065148] [navNode]: 未到目标点
目标位置：(0.00, 0.00, 0.70)-TakeOff-当前状态：[Takeoff_wait|TakeOff] 扫玛状态：前-后[-],到达?:[MCU:False]-[POS:False]
当前位置：(0.00, 0.00, 0.00)
[INFO] [1775400562.829551033] [navNode]: 状态2：Takeoff_wait--[TakeOff]
[INFO] [1775400562.829970989] [navNode]: 未到目标点
目标位置：(0.00, 0.00, 0.70)-TakeOff-当前状态：[Takeoff_wait|TakeOff] 扫玛状态：前-后[-],到达?:[MCU:False]-[POS:False]
当前位置：(0.00, 0.00, 0.00)
[INFO] [1775400562.929447713] [navNode]: 状态2：Takeoff_wait--[TakeOff]
[INFO] [1775400562.929845202] [navNode]: 未到目标点
目标位置：(0.00, 0.00, 0.70)-TakeOff-当前状态：[Takeoff_wait|TakeOff] 扫玛状态：前-后[-],到达?:[MCU:False]-[POS:False]
当前位置：(0.00, 0.00, 0.00)
[INFO] [1775400563.029591536] [navNode]: 状态2：Takeoff_wait--[TakeOff]
[INFO] [1775400563.030001558] [navNode]: 未到目标点
目标位置：(0.00, 0.00, 0.70)-TakeOff-当前状态：[Takeoff_wait|TakeOff] 扫玛状态：前-后[-],到达?:[MCU:False]-[POS:False]
当前位置：(0.00, 0.00, 0.00)
[INFO] [1775400563.132104918] [navNode]: 状态2：Takeoff_wait--[TakeOff]
[INFO] [1775400563.133074235] [navNode]: 未到目标点
目标位置：(0.00, 0.00, 0.70)-TakeOff-当前状态：[Takeoff_wait|TakeOff] 扫玛状态：前-后[-],到达?:[MCU:False]-[POS:False]
当前位置：(0.00, 0.00, 0.00)
[INFO] [1775400563.229671708] [navNode]: 状态2：Takeoff_wait--[TakeOff]
[INFO] [1775400563.230047026] [navNode]: 未到目标点
目标位置：(0.00, 0.00, 0.70)-TakeOff-当前状态：[Takeoff_wait|TakeOff] 扫玛状态：前-后[-],到达?:[MCU:False]-[POS:False]
当前位置：(0.00, 0.00, 0.00)
[INFO] [1775400563.329843917] [navNode]: 状态2：Takeoff_wait--[TakeOff]
[INFO] [1775400563.330231770] [navNode]: 未到目标点
目标位置：(0.00, 0.00, 0.70)-TakeOff-当前状态：[Takeoff_wait|TakeOff] 扫玛状态：前-后[-],到达?:[MCU:False]-[POS:False]
当前位置：(0.00, 0.00, 0.00)
