[INFO] [1775399629.328368977] [navNode]: paths: [
  {"x": 0.00, "y": 0.00, "z": 0.70, "label": "TakeOff", "qrcode": "", "label2": ""       , "qrcode2": "" },
  {"x":-0.25, "y": 0.75, "z": 0.80, "label": "A6"     , "qrcode": "", "label2": ""       , "qrcode2": "" },
  {"x":-0.25, "y": 0.75, "z": 1.20, "label": "A3"     , "qrcode": "", "label2": ""       , "qrcode2": "" },
  {"x":-0.25, "y": 1.25, "z": 1.20, "label": "A2"     , "qrcode": "", "label2": ""       , "qrcode2": "" },
  {"x":-0.25, "y": 1.25, "z": 0.80, "label": "A5"     , "qrcode": "", "label2": ""       , "qrcode2": "" },
  {"x":-0.25, "y": 1.75, "z": 0.80, "label": "A4"     , "qrcode": "", "label2": ""       , "qrcode2": "" },
  {"x":-0.25, "y": 1.75, "z": 1.20, "label": "A1"     , "qrcode": "", "label2": ""       , "qrcode2": "" },
  {"x":-0.25, "y": 2.00, "z": 0.70, "label": "UpSide1", "qrcode": "", "label2": ""       , "qrcode2": "" },
  {"x": 0.00, "y": 2.00, "z": 0.70, "label": "LandPos", "qrcode": "", "label2": ""       , "qrcode2": "" }
]

[INFO] [1775399629.335541715] [navNode]: 上位机导航节点启动成功
[INFO] [1775399633.105168905] [navNode]: 收到来自UI的请求：scan_all
[WARN] [1775399633.105615778] [navNode]: 任务开始执行scan_all
[INFO] [1775399633.206289106] [navNode]: 状态1：Takeoff--[TakeOff]
[ERROR] [1775399633.457433588] [navNode]: 发送 takeoff 失败: ROS2 服务 [ControlService] 未启动或超时
[INFO] [1775399633.458575868] [navNode]: 状态2：Takeoff_wait--[TakeOff]
[INFO] [1775399633.458955365] [navNode]: 未到目标点
目标位置：(0.00, 0.00, 0.70)-label[TakeOff] label2[]
当前位置：(0.00, 0.00, 0.00)-到达?:[MCU:False]-[POS:False]
[INFO] [1775399633.506857291] [navNode]: 状态2：Takeoff_wait--[TakeOff]
[INFO] [1775399633.507220584] [navNode]: 未到目标点
目标位置：(0.00, 0.00, 0.70)-label[TakeOff] label2[]
当前位置：(0.00, 0.00, 0.00)-到达?:[MCU:False]-[POS:False]
[INFO] [1775399633.606701316] [navNode]: 状态2：Takeoff_wait--[TakeOff]
[INFO] [1775399633.607075721] [navNode]: 未到目标点
目标位置：(0.00, 0.00, 0.70)-label[TakeOff] label2[]
当前位置：(0.00, 0.00, 0.00)-到达?:[MCU:False]-[POS:False]
[INFO] [1775399633.708322329] [navNode]: 状态2：Takeoff_wait--[TakeOff]
[INFO] [1775399633.708682137] [navNode]: 未到目标点
目标位置：(0.00, 0.00, 0.70)-label[TakeOff] label2[]
当前位置：(0.00, 0.00, 0.00)-到达?:[MCU:False]-[POS:False]
[INFO] [1775399633.806478388] [navNode]: 状态2：Takeoff_wait--[TakeOff]
[INFO] [1775399633.806915037] [navNode]: 未到目标点
目标位置：(0.00, 0.00, 0.70)-label[TakeOff] label2[]
当前位置：(0.00, 0.00, 0.00)-到达?:[MCU:False]-[POS:False]
[INFO] [1775399633.907017106] [navNode]: 状态2：Takeoff_wait--[TakeOff]
[INFO] [1775399633.907422068] [navNode]: 未到目标点
目标位置：(0.00, 0.00, 0.70)-label[TakeOff] label2[]
当前位置：(0.00, 0.00, 0.00)-到达?:[MCU:False]-[POS:False]
[INFO] [1775399634.006323472] [navNode]: 状态2：Takeoff_wait--[TakeOff]
[INFO] [1775399634.006753131] [navNode]: 未到目标点
目标位置：(0.00, 0.00, 0.70)-label[TakeOff] label2[]
当前位置：(0.00, 0.00, 0.00)-到达?:[MCU:False]-[POS:False]
[INFO] [1775399634.106487433] [navNode]: 状态2：Takeoff_wait--[TakeOff]
[INFO] [1775399634.106908576] [navNode]: 未到目标点
目标位置：(0.00, 0.00, 0.70)-label[TakeOff] label2[]
当前位置：(0.00, 0.00, 0.00)-到达?:[MCU:False]-[POS:False]
[INFO] [1775399634.207255786] [navNode]: 状态2：Takeoff_wait--[TakeOff]
[INFO] [1775399634.208006661] [navNode]: 未到目标点
目标位置：(0.00, 0.00, 0.70)-label[TakeOff] label2[]
当前位置：(0.00, 0.00, 0.00)-到达?:[MCU:False]-[POS:False]
[INFO] [1775399634.306472115] [navNode]: 状态2：Takeoff_wait--[TakeOff]
[INFO] [1775399634.306935135] [navNode]: 未到目标点
目标位置：(0.00, 0.00, 0.70)-label[TakeOff] label2[]
当前位置：(0.00, 0.00, 0.00)-到达?:[MCU:False]-[POS:False]
[INFO] [1775399634.406410740] [navNode]: 状态2：Takeoff_wait--[TakeOff]
[INFO] [1775399634.407053314] [navNode]: 未到目标点
目标位置：(0.00, 0.00, 0.70)-label[TakeOff] label2[]
当前位置：(0.00, 0.00, 0.00)-到达?:[MCU:False]-[POS:False]
[INFO] [1775399634.506517387] [navNode]: 状态2：Takeoff_wait--[TakeOff]
[INFO] [1775399634.506936440] [navNode]: 未到目标点
目标位置：(0.00, 0.00, 0.70)-label[TakeOff] label2[]
当前位置：(0.00, 0.00, 0.00)-到达?:[MCU:False]-[POS:False]
[INFO] [1775399634.606822555] [navNode]: 状态2：Takeoff_wait--[TakeOff]
[INFO] [1775399634.607304863] [navNode]: 未到目标点
目标位置：(0.00, 0.00, 0.70)-label[TakeOff] label2[]
当前位置：(0.00, 0.00, 0.00)-到达?:[MCU:False]-[POS:False]
[INFO] [1775399634.706657769] [navNode]: 状态2：Takeoff_wait--[TakeOff]
[INFO] [1775399634.707095390] [navNode]: 未到目标点
目标位置：(0.00, 0.00, 0.70)-label[TakeOff] label2[]
当前位置：(0.00, 0.00, 0.00)-到达?:[MCU:False]-[POS:False]
[INFO] [1775399634.807294028] [navNode]: 状态2：Takeoff_wait--[TakeOff]
[INFO] [1775399634.807793667] [navNode]: 未到目标点
目标位置：(0.00, 0.00, 0.70)-label[TakeOff] label2[]
当前位置：(0.00, 0.00, 0.00)-到达?:[MCU:False]-[POS:False]
[INFO] [1775399634.906695008] [navNode]: 状态2：Takeoff_wait--[TakeOff]
[INFO] [1775399634.907123584] [navNode]: 未到目标点
目标位置：(0.00, 0.00, 0.70)-label[TakeOff] label2[]
当前位置：(0.00, 0.00, 0.00)-到达?:[MCU:False]-[POS:False]
[INFO] [1775399635.006487312] [navNode]: 状态2：Takeoff_wait--[TakeOff]
[INFO] [1775399635.007045946] [navNode]: 未到目标点
目标位置：(0.00, 0.00, 0.70)-label[TakeOff] label2[]
当前位置：(0.00, 0.00, 0.00)-到达?:[MCU:False]-[POS:False]
[INFO] [1775399635.106526378] [navNode]: 状态2：Takeoff_wait--[TakeOff]
[INFO] [1775399635.106966447] [navNode]: 未到目标点
目标位置：(0.00, 0.00, 0.70)-label[TakeOff] label2[]
当前位置：(0.00, 0.00, 0.00)-到达?:[MCU:False]-[POS:False]
[INFO] [1775399635.206820673] [navNode]: 状态2：Takeoff_wait--[TakeOff]
[INFO] [1775399635.207219580] [navNode]: 未到目标点
目标位置：(0.00, 0.00, 0.70)-label[TakeOff] label2[]
当前位置：(0.00, 0.00, 0.00)-到达?:[MCU:False]-[POS:False]
[INFO] [1775399635.306648031] [navNode]: 状态2：Takeoff_wait--[TakeOff]
[INFO] [1775399635.307038051] [navNode]: 未到目标点
目标位置：(0.00, 0.00, 0.70)-label[TakeOff] label2[]
当前位置：(0.00, 0.00, 0.00)-到达?:[MCU:False]-[POS:False]
[INFO] [1775399635.410311319] [navNode]: 状态2：Takeoff_wait--[TakeOff]
[INFO] [1775399635.410802061] [navNode]: 未到目标点
目标位置：(0.00, 0.00, 0.70)-label[TakeOff] label2[]
当前位置：(0.00, 0.00, 0.00)-到达?:[MCU:False]-[POS:False]
[INFO] [1775399635.506883568] [navNode]: 状态2：Takeoff_wait--[TakeOff]
[INFO] [1775399635.507256482] [navNode]: 未到目标点
目标位置：(0.00, 0.00, 0.70)-label[TakeOff] label2[]
当前位置：(0.00, 0.00, 0.00)-到达?:[MCU:False]-[POS:False]
[INFO] [1775399635.607370668] [navNode]: 状态2：Takeoff_wait--[TakeOff]
[INFO] [1775399635.607768273] [navNode]: 未到目标点
目标位置：(0.00, 0.00, 0.70)-label[TakeOff] label2[]
当前位置：(0.00, 0.00, 0.00)-到达?:[MCU:False]-[POS:False]
[INFO] [1775399635.706814212] [navNode]: 状态2：Takeoff_wait--[TakeOff]
[INFO] [1775399635.707249475] [navNode]: 未到目标点
目标位置：(0.00, 0.00, 0.70)-label[TakeOff] label2[]
当前位置：(0.00, 0.00, 0.00)-到达?:[MCU:False]-[POS:False]
[INFO] [1775399635.807184536] [navNode]: 状态2：Takeoff_wait--[TakeOff]
[INFO] [1775399635.807689127] [navNode]: 未到目标点
目标位置：(0.00, 0.00, 0.70)-label[TakeOff] label2[]
当前位置：(0.00, 0.00, 0.00)-到达?:[MCU:False]-[POS:False]
[INFO] [1775399635.906758924] [navNode]: 状态2：Takeoff_wait--[TakeOff]
[INFO] [1775399635.907214997] [navNode]: 未到目标点
目标位置：(0.00, 0.00, 0.70)-label[TakeOff] label2[]
当前位置：(0.00, 0.00, 0.00)-到达?:[MCU:False]-[POS:False]
[INFO] [1775399636.007010159] [navNode]: 状态2：Takeoff_wait--[TakeOff]
[INFO] [1775399636.007518187] [navNode]: 未到目标点
目标位置：(0.00, 0.00, 0.70)-label[TakeOff] label2[]
当前位置：(0.00, 0.00, 0.00)-到达?:[MCU:False]-[POS:False]
[INFO] [1775399636.106636201] [navNode]: 状态2：Takeoff_wait--[TakeOff]
[INFO] [1775399636.107116627] [navNode]: 未到目标点
目标位置：(0.00, 0.00, 0.70)-label[TakeOff] label2[]
当前位置：(0.00, 0.00, 0.00)-到达?:[MCU:False]-[POS:False]
[INFO] [1775399636.206581966] [navNode]: 状态2：Takeoff_wait--[TakeOff]
[INFO] [1775399636.207093618] [navNode]: 未到目标点
目标位置：(0.00, 0.00, 0.70)-label[TakeOff] label2[]
当前位置：(0.00, 0.00, 0.00)-到达?:[MCU:False]-[POS:False]
[INFO] [1775399636.306458831] [navNode]: 状态2：Takeoff_wait--[TakeOff]
[INFO] [1775399636.307235114] [navNode]: 未到目标点
目标位置：(0.00, 0.00, 0.70)-label[TakeOff] label2[]
当前位置：(0.00, 0.00, 0.00)-到达?:[MCU:False]-[POS:False]
[INFO] [1775399636.408037179] [navNode]: 状态2：Takeoff_wait--[TakeOff]
[INFO] [1775399636.408422063] [navNode]: 未到目标点
目标位置：(0.00, 0.00, 0.70)-label[TakeOff] label2[]
当前位置：(0.00, 0.00, 0.00)-到达?:[MCU:False]-[POS:False]
[INFO] [1775399636.507767915] [navNode]: 状态2：Takeoff_wait--[TakeOff]
[INFO] [1775399636.508951434] [navNode]: 未到目标点
目标位置：(0.00, 0.00, 0.70)-label[TakeOff] label2[]
当前位置：(0.00, 0.00, 0.00)-到达?:[MCU:False]-[POS:False]
[INFO] [1775399636.606514984] [navNode]: 状态2：Takeoff_wait--[TakeOff]
[INFO] [1775399636.606916545] [navNode]: 未到目标点
目标位置：(0.00, 0.00, 0.70)-label[TakeOff] label2[]
当前位置：(0.00, 0.00, 0.00)-到达?:[MCU:False]-[POS:False]
[INFO] [1775399636.706950643] [navNode]: 状态2：Takeoff_wait--[TakeOff]
[INFO] [1775399636.707459307] [navNode]: 未到目标点
目标位置：(0.00, 0.00, 0.70)-label[TakeOff] label2[]
当前位置：(0.00, 0.00, 0.00)-到达?:[MCU:False]-[POS:False]
[INFO] [1775399636.806701666] [navNode]: 状态2：Takeoff_wait--[TakeOff]
[INFO] [1775399636.807150742] [navNode]: 未到目标点
目标位置：(0.00, 0.00, 0.70)-label[TakeOff] label2[]
当前位置：(0.00, 0.00, 0.00)-到达?:[MCU:False]-[POS:False]
[INFO] [1775399636.907408036] [navNode]: 状态2：Takeoff_wait--[TakeOff]
[INFO] [1775399636.907889943] [navNode]: 未到目标点
目标位置：(0.00, 0.00, 0.70)-label[TakeOff] label2[]
当前位置：(0.00, 0.00, 0.00)-到达?:[MCU:False]-[POS:False]
[INFO] [1775399637.007136527] [navNode]: 状态2：Takeoff_wait--[TakeOff]
[INFO] [1775399637.007527568] [navNode]: 未到目标点
目标位置：(0.00, 0.00, 0.70)-label[TakeOff] label2[]
当前位置：(0.00, 0.00, 0.00)-到达?:[MCU:False]-[POS:False]
[INFO] [1775399637.108854148] [navNode]: 状态2：Takeoff_wait--[TakeOff]
[INFO] [1775399637.109902511] [navNode]: 未到目标点
目标位置：(0.00, 0.00, 0.70)-label[TakeOff] label2[]
当前位置：(0.00, 0.00, 0.00)-到达?:[MCU:False]-[POS:False]
[INFO] [1775399637.206783453] [navNode]: 状态2：Takeoff_wait--[TakeOff]
[INFO] [1775399637.207145718] [navNode]: 未到目标点
目标位置：(0.00, 0.00, 0.70)-label[TakeOff] label2[]
当前位置：(0.00, 0.00, 0.00)-到达?:[MCU:False]-[POS:False]
[INFO] [1775399637.308728795] [navNode]: 状态2：Takeoff_wait--[TakeOff]
[INFO] [1775399637.309822189] [navNode]: 未到目标点
目标位置：(0.00, 0.00, 0.70)-label[TakeOff] label2[]
当前位置：(0.00, 0.00, 0.00)-到达?:[MCU:False]-[POS:False]
[INFO] [1775399637.407388524] [navNode]: 状态2：Takeoff_wait--[TakeOff]
[INFO] [1775399637.407770414] [navNode]: 未到目标点
目标位置：(0.00, 0.00, 0.70)-label[TakeOff] label2[]
当前位置：(0.00, 0.00, 0.00)-到达?:[MCU:False]-[POS:False]
[INFO] [1775399637.506610382] [navNode]: 状态2：Takeoff_wait--[TakeOff]
[INFO] [1775399637.507024416] [navNode]: 未到目标点
目标位置：(0.00, 0.00, 0.70)-label[TakeOff] label2[]
当前位置：(0.00, 0.00, 0.00)-到达?:[MCU:False]-[POS:False]
[INFO] [1775399637.606656115] [navNode]: 状态2：Takeoff_wait--[TakeOff]
[INFO] [1775399637.607036292] [navNode]: 未到目标点
目标位置：(0.00, 0.00, 0.70)-label[TakeOff] label2[]
当前位置：(0.00, 0.00, 0.00)-到达?:[MCU:False]-[POS:False]
[INFO] [1775399637.707130217] [navNode]: 状态2：Takeoff_wait--[TakeOff]
[INFO] [1775399637.707532339] [navNode]: 未到目标点
目标位置：(0.00, 0.00, 0.70)-label[TakeOff] label2[]
当前位置：(0.00, 0.00, 0.00)-到达?:[MCU:False]-[POS:False]
[INFO] [1775399637.807185693] [navNode]: 状态2：Takeoff_wait--[TakeOff]
[INFO] [1775399637.807618294] [navNode]: 未到目标点
目标位置：(0.00, 0.00, 0.70)-label[TakeOff] label2[]
当前位置：(0.00, 0.00, 0.00)-到达?:[MCU:False]-[POS:False]
[INFO] [1775399637.906610768] [navNode]: 状态2：Takeoff_wait--[TakeOff]
[INFO] [1775399637.907014053] [navNode]: 未到目标点
目标位置：(0.00, 0.00, 0.70)-label[TakeOff] label2[]
当前位置：(0.00, 0.00, 0.00)-到达?:[MCU:False]-[POS:False]
[INFO] [1775399638.006597312] [navNode]: 状态2：Takeoff_wait--[TakeOff]
[INFO] [1775399638.006992934] [navNode]: 未到目标点
目标位置：(0.00, 0.00, 0.70)-label[TakeOff] label2[]
当前位置：(0.00, 0.00, 0.00)-到达?:[MCU:False]-[POS:False]
[INFO] [1775399638.106780272] [navNode]: 状态2：Takeoff_wait--[TakeOff]
[INFO] [1775399638.107155098] [navNode]: 未到目标点
目标位置：(0.00, 0.00, 0.70)-label[TakeOff] label2[]
当前位置：(0.00, 0.00, 0.00)-到达?:[MCU:False]-[POS:False]
[INFO] [1775399638.207156584] [navNode]: 状态2：Takeoff_wait--[TakeOff]
[INFO] [1775399638.207553034] [navNode]: 未到目标点
目标位置：(0.00, 0.00, 0.70)-label[TakeOff] label2[]
当前位置：(0.00, 0.00, 0.00)-到达?:[MCU:False]-[POS:False]
[INFO] [1775399638.306822569] [navNode]: 状态2：Takeoff_wait--[TakeOff]
[INFO] [1775399638.307192559] [navNode]: 未到目标点
目标位置：(0.00, 0.00, 0.70)-label[TakeOff] label2[]
当前位置：(0.00, 0.00, 0.00)-到达?:[MCU:False]-[POS:False]
[INFO] [1775399638.406754341] [navNode]: 状态2：Takeoff_wait--[TakeOff]
[INFO] [1775399638.407200405] [navNode]: 未到目标点
目标位置：(0.00, 0.00, 0.70)-label[TakeOff] label2[]
当前位置：(0.00, 0.00, 0.00)-到达?:[MCU:False]-[POS:False]
[INFO] [1775399638.506712173] [navNode]: 状态2：Takeoff_wait--[TakeOff]
[INFO] [1775399638.507119150] [navNode]: 未到目标点
目标位置：(0.00, 0.00, 0.70)-label[TakeOff] label2[]
当前位置：(0.00, 0.00, 0.00)-到达?:[MCU:False]-[POS:False]
[INFO] [1775399638.606774619] [navNode]: 状态2：Takeoff_wait--[TakeOff]
[INFO] [1775399638.607164005] [navNode]: 未到目标点
目标位置：(0.00, 0.00, 0.70)-label[TakeOff] label2[]
当前位置：(0.00, 0.00, 0.00)-到达?:[MCU:False]-[POS:False]
[INFO] [1775399638.706407620] [navNode]: 状态2：Takeoff_wait--[TakeOff]
[INFO] [1775399638.707232231] [navNode]: 未到目标点
目标位置：(0.00, 0.00, 0.70)-label[TakeOff] label2[]
当前位置：(0.00, 0.00, 0.00)-到达?:[MCU:False]-[POS:False]
[INFO] [1775399638.806371834] [navNode]: 状态2：Takeoff_wait--[TakeOff]
[INFO] [1775399638.807052970] [navNode]: 未到目标点
目标位置：(0.00, 0.00, 0.70)-label[TakeOff] label2[]
当前位置：(0.00, 0.00, 0.00)-到达?:[MCU:False]-[POS:False]
[INFO] [1775399638.907652890] [navNode]: 状态2：Takeoff_wait--[TakeOff]
[INFO] [1775399638.908060140] [navNode]: 未到目标点
目标位置：(0.00, 0.00, 0.70)-label[TakeOff] label2[]
当前位置：(0.00, 0.00, 0.00)-到达?:[MCU:False]-[POS:False]
[INFO] [1775399639.007091607] [navNode]: 状态2：Takeoff_wait--[TakeOff]
[INFO] [1775399639.007562980] [navNode]: 未到目标点
目标位置：(0.00, 0.00, 0.70)-label[TakeOff] label2[]
当前位置：(0.00, 0.00, 0.00)-到达?:[MCU:False]-[POS:False]
[INFO] [1775399639.106958947] [navNode]: 状态2：Takeoff_wait--[TakeOff]
[INFO] [1775399639.107477794] [navNode]: 未到目标点
目标位置：(0.00, 0.00, 0.70)-label[TakeOff] label2[]
当前位置：(0.00, 0.00, 0.00)-到达?:[MCU:False]-[POS:False]
[INFO] [1775399639.207098944] [navNode]: 状态2：Takeoff_wait--[TakeOff]
[INFO] [1775399639.207731674] [navNode]: 未到目标点
目标位置：(0.00, 0.00, 0.70)-label[TakeOff] label2[]
当前位置：(0.00, 0.00, 0.00)-到达?:[MCU:False]-[POS:False]
[INFO] [1775399639.308154630] [navNode]: 状态2：Takeoff_wait--[TakeOff]
[INFO] [1775399639.308624292] [navNode]: 未到目标点
目标位置：(0.00, 0.00, 0.70)-label[TakeOff] label2[]
当前位置：(0.00, 0.00, 0.00)-到达?:[MCU:False]-[POS:False]
[INFO] [1775399639.407609783] [navNode]: 状态2：Takeoff_wait--[TakeOff]
[INFO] [1775399639.408020018] [navNode]: 未到目标点
目标位置：(0.00, 0.00, 0.70)-label[TakeOff] label2[]
当前位置：(0.00, 0.00, 0.00)-到达?:[MCU:False]-[POS:False]
[INFO] [1775399639.506731967] [navNode]: 状态2：Takeoff_wait--[TakeOff]
[INFO] [1775399639.507135961] [navNode]: 未到目标点
目标位置：(0.00, 0.00, 0.70)-label[TakeOff] label2[]
当前位置：(0.00, 0.00, 0.00)-到达?:[MCU:False]-[POS:False]
[INFO] [1775399639.606796779] [navNode]: 状态2：Takeoff_wait--[TakeOff]
[INFO] [1775399639.607181157] [navNode]: 未到目标点
目标位置：(0.00, 0.00, 0.70)-label[TakeOff] label2[]
当前位置：(0.00, 0.00, 0.00)-到达?:[MCU:False]-[POS:False]
[INFO] [1775399639.706969980] [navNode]: 状态2：Takeoff_wait--[TakeOff]
[INFO] [1775399639.707360775] [navNode]: 未到目标点
目标位置：(0.00, 0.00, 0.70)-label[TakeOff] label2[]
当前位置：(0.00, 0.00, 0.00)-到达?:[MCU:False]-[POS:False]
[INFO] [1775399639.806879024] [navNode]: 状态2：Takeoff_wait--[TakeOff]
[INFO] [1775399639.807224367] [navNode]: 未到目标点
目标位置：(0.00, 0.00, 0.70)-label[TakeOff] label2[]
当前位置：(0.00, 0.00, 0.00)-到达?:[MCU:False]-[POS:False]
[INFO] [1775399639.906703105] [navNode]: 状态2：Takeoff_wait--[TakeOff]
[INFO] [1775399639.907081292] [navNode]: 未到目标点
目标位置：(0.00, 0.00, 0.70)-label[TakeOff] label2[]
当前位置：(0.00, 0.00, 0.00)-到达?:[MCU:False]-[POS:False]
[INFO] [1775399640.006929569] [navNode]: 状态2：Takeoff_wait--[TakeOff]
[INFO] [1775399640.007316650] [navNode]: 未到目标点
目标位置：(0.00, 0.00, 0.70)-label[TakeOff] label2[]
当前位置：(0.00, 0.00, 0.00)-到达?:[MCU:False]-[POS:False]
[INFO] [1775399640.106365845] [navNode]: 状态2：Takeoff_wait--[TakeOff]
[INFO] [1775399640.106783275] [navNode]: 未到目标点
目标位置：(0.00, 0.00, 0.70)-label[TakeOff] label2[]
当前位置：(0.00, 0.00, 0.00)-到达?:[MCU:False]-[POS:False]
[INFO] [1775399640.206394932] [navNode]: 状态2：Takeoff_wait--[TakeOff]
[INFO] [1775399640.206771344] [navNode]: 未到目标点
目标位置：(0.00, 0.00, 0.70)-label[TakeOff] label2[]
当前位置：(0.00, 0.00, 0.00)-到达?:[MCU:False]-[POS:False]
[INFO] [1775399640.306709835] [navNode]: 状态2：Takeoff_wait--[TakeOff]
[INFO] [1775399640.307104750] [navNode]: 未到目标点
目标位置：(0.00, 0.00, 0.70)-label[TakeOff] label2[]
当前位置：(0.00, 0.00, 0.00)-到达?:[MCU:False]-[POS:False]
[INFO] [1775399640.406990482] [navNode]: 状态2：Takeoff_wait--[TakeOff]
[INFO] [1775399640.407369984] [navNode]: 未到目标点
目标位置：(0.00, 0.00, 0.70)-label[TakeOff] label2[]
当前位置：(0.00, 0.00, 0.00)-到达?:[MCU:False]-[POS:False]
[INFO] [1775399640.508686909] [navNode]: 状态2：Takeoff_wait--[TakeOff]
[INFO] [1775399640.509812374] [navNode]: 未到目标点
目标位置：(0.00, 0.00, 0.70)-label[TakeOff] label2[]
当前位置：(0.00, 0.00, 0.00)-到达?:[MCU:False]-[POS:False]
[INFO] [1775399640.606401466] [navNode]: 状态2：Takeoff_wait--[TakeOff]
[INFO] [1775399640.606983930] [navNode]: 未到目标点
目标位置：(0.00, 0.00, 0.70)-label[TakeOff] label2[]
当前位置：(0.00, 0.00, 0.00)-到达?:[MCU:False]-[POS:False]
[INFO] [1775399640.708324879] [navNode]: 状态2：Takeoff_wait--[TakeOff]
[INFO] [1775399640.709335294] [navNode]: 未到目标点
目标位置：(0.00, 0.00, 0.70)-label[TakeOff] label2[]
当前位置：(0.00, 0.00, 0.00)-到达?:[MCU:False]-[POS:False]
[INFO] [1775399640.806751098] [navNode]: 状态2：Takeoff_wait--[TakeOff]
[INFO] [1775399640.807143169] [navNode]: 未到目标点
目标位置：(0.00, 0.00, 0.70)-label[TakeOff] label2[]
当前位置：(0.00, 0.00, 0.00)-到达?:[MCU:False]-[POS:False]
[INFO] [1775399640.909409689] [navNode]: 状态2：Takeoff_wait--[TakeOff]
[INFO] [1775399640.910593051] [navNode]: 未到目标点
目标位置：(0.00, 0.00, 0.70)-label[TakeOff] label2[]
当前位置：(0.00, 0.00, 0.00)-到达?:[MCU:False]-[POS:False]
[INFO] [1775399641.008769789] [navNode]: 状态2：Takeoff_wait--[TakeOff]
[INFO] [1775399641.010017640] [navNode]: 未到目标点
目标位置：(0.00, 0.00, 0.70)-label[TakeOff] label2[]
当前位置：(0.00, 0.00, 0.00)-到达?:[MCU:False]-[POS:False]
[INFO] [1775399641.107294565] [navNode]: 状态2：Takeoff_wait--[TakeOff]
[INFO] [1775399641.107682092] [navNode]: 未到目标点
目标位置：(0.00, 0.00, 0.70)-label[TakeOff] label2[]
当前位置：(0.00, 0.00, 0.00)-到达?:[MCU:False]-[POS:False]
[INFO] [1775399641.206583746] [navNode]: 状态2：Takeoff_wait--[TakeOff]
[INFO] [1775399641.206997269] [navNode]: 未到目标点
目标位置：(0.00, 0.00, 0.70)-label[TakeOff] label2[]
当前位置：(0.00, 0.00, 0.00)-到达?:[MCU:False]-[POS:False]
[INFO] [1775399641.306837901] [navNode]: 状态2：Takeoff_wait--[TakeOff]
[INFO] [1775399641.307244273] [navNode]: 未到目标点
目标位置：(0.00, 0.00, 0.70)-label[TakeOff] label2[]
当前位置：(0.00, 0.00, 0.00)-到达?:[MCU:False]-[POS:False]
[INFO] [1775399641.408735609] [navNode]: 状态2：Takeoff_wait--[TakeOff]
[INFO] [1775399641.409874201] [navNode]: 未到目标点
目标位置：(0.00, 0.00, 0.70)-label[TakeOff] label2[]
当前位置：(0.00, 0.00, 0.00)-到达?:[MCU:False]-[POS:False]
[INFO] [1775399641.506643948] [navNode]: 状态2：Takeoff_wait--[TakeOff]
[INFO] [1775399641.507046689] [navNode]: 未到目标点
目标位置：(0.00, 0.00, 0.70)-label[TakeOff] label2[]
当前位置：(0.00, 0.00, 0.00)-到达?:[MCU:False]-[POS:False]
[INFO] [1775399641.606830387] [navNode]: 状态2：Takeoff_wait--[TakeOff]
[INFO] [1775399641.607190798] [navNode]: 未到目标点
目标位置：(0.00, 0.00, 0.70)-label[TakeOff] label2[]
当前位置：(0.00, 0.00, 0.00)-到达?:[MCU:False]-[POS:False]
[INFO] [1775399641.708611102] [navNode]: 状态2：Takeoff_wait--[TakeOff]
[INFO] [1775399641.709014589] [navNode]: 未到目标点
目标位置：(0.00, 0.00, 0.70)-label[TakeOff] label2[]
当前位置：(0.00, 0.00, 0.00)-到达?:[MCU:False]-[POS:False]
[INFO] [1775399641.807402047] [navNode]: 状态2：Takeoff_wait--[TakeOff]
[INFO] [1775399641.807821734] [navNode]: 未到目标点
目标位置：(0.00, 0.00, 0.70)-label[TakeOff] label2[]
当前位置：(0.00, 0.00, 0.00)-到达?:[MCU:False]-[POS:False]
[INFO] [1775399641.906741503] [navNode]: 状态2：Takeoff_wait--[TakeOff]
[INFO] [1775399641.907129450] [navNode]: 未到目标点
目标位置：(0.00, 0.00, 0.70)-label[TakeOff] label2[]
当前位置：(0.00, 0.00, 0.00)-到达?:[MCU:False]-[POS:False]
[INFO] [1775399642.006610345] [navNode]: 状态2：Takeoff_wait--[TakeOff]
[INFO] [1775399642.007008553] [navNode]: 未到目标点
目标位置：(0.00, 0.00, 0.70)-label[TakeOff] label2[]
当前位置：(0.00, 0.00, 0.00)-到达?:[MCU:False]-[POS:False]
[INFO] [1775399642.109141784] [navNode]: 状态2：Takeoff_wait--[TakeOff]
[INFO] [1775399642.110792130] [navNode]: 未到目标点
目标位置：(0.00, 0.00, 0.70)-label[TakeOff] label2[]
当前位置：(0.00, 0.00, 0.00)-到达?:[MCU:False]-[POS:False]
[INFO] [1775399642.206647853] [navNode]: 状态2：Takeoff_wait--[TakeOff]
[INFO] [1775399642.207031232] [navNode]: 未到目标点
目标位置：(0.00, 0.00, 0.70)-label[TakeOff] label2[]
当前位置：(0.00, 0.00, 0.00)-到达?:[MCU:False]-[POS:False]
[INFO] [1775399642.306532082] [navNode]: 状态2：Takeoff_wait--[TakeOff]
[INFO] [1775399642.307343524] [navNode]: 未到目标点
目标位置：(0.00, 0.00, 0.70)-label[TakeOff] label2[]
当前位置：(0.00, 0.00, 0.00)-到达?:[MCU:False]-[POS:False]
[INFO] [1775399642.407073829] [navNode]: 状态2：Takeoff_wait--[TakeOff]
[INFO] [1775399642.407470773] [navNode]: 未到目标点
目标位置：(0.00, 0.00, 0.70)-label[TakeOff] label2[]
当前位置：(0.00, 0.00, 0.00)-到达?:[MCU:False]-[POS:False]
[INFO] [1775399642.506883395] [navNode]: 状态2：Takeoff_wait--[TakeOff]
[INFO] [1775399642.507267647] [navNode]: 未到目标点
目标位置：(0.00, 0.00, 0.70)-label[TakeOff] label2[]
当前位置：(0.00, 0.00, 0.00)-到达?:[MCU:False]-[POS:False]
[INFO] [1775399642.606892960] [navNode]: 状态2：Takeoff_wait--[TakeOff]
[INFO] [1775399642.607269322] [navNode]: 未到目标点
目标位置：(0.00, 0.00, 0.70)-label[TakeOff] label2[]
当前位置：(0.00, 0.00, 0.00)-到达?:[MCU:False]-[POS:False]
[INFO] [1775399642.706902666] [navNode]: 状态2：Takeoff_wait--[TakeOff]
[INFO] [1775399642.707298298] [navNode]: 未到目标点
目标位置：(0.00, 0.00, 0.70)-label[TakeOff] label2[]
当前位置：(0.00, 0.00, 0.00)-到达?:[MCU:False]-[POS:False]
[INFO] [1775399642.806812630] [navNode]: 状态2：Takeoff_wait--[TakeOff]
[INFO] [1775399642.807198218] [navNode]: 未到目标点
目标位置：(0.00, 0.00, 0.70)-label[TakeOff] label2[]
当前位置：(0.00, 0.00, 0.00)-到达?:[MCU:False]-[POS:False]
[INFO] [1775399642.907043937] [navNode]: 状态2：Takeoff_wait--[TakeOff]
[INFO] [1775399642.907434535] [navNode]: 未到目标点
目标位置：(0.00, 0.00, 0.70)-label[TakeOff] label2[]
当前位置：(0.00, 0.00, 0.00)-到达?:[MCU:False]-[POS:False]
[INFO] [1775399643.006606894] [navNode]: 状态2：Takeoff_wait--[TakeOff]
[INFO] [1775399643.007002711] [navNode]: 未到目标点
目标位置：(0.00, 0.00, 0.70)-label[TakeOff] label2[]
当前位置：(0.00, 0.00, 0.00)-到达?:[MCU:False]-[POS:False]
[INFO] [1775399643.106452847] [navNode]: 状态2：Takeoff_wait--[TakeOff]
[INFO] [1775399643.106834999] [navNode]: 未到目标点
目标位置：(0.00, 0.00, 0.70)-label[TakeOff] label2[]
当前位置：(0.00, 0.00, 0.00)-到达?:[MCU:False]-[POS:False]
[INFO] [1775399643.206566383] [navNode]: 状态2：Takeoff_wait--[TakeOff]
[INFO] [1775399643.206929204] [navNode]: 未到目标点
目标位置：(0.00, 0.00, 0.70)-label[TakeOff] label2[]
当前位置：(0.00, 0.00, 0.00)-到达?:[MCU:False]-[POS:False]
[INFO] [1775399643.306593693] [navNode]: 状态2：Takeoff_wait--[TakeOff]
[INFO] [1775399643.306975916] [navNode]: 未到目标点
目标位置：(0.00, 0.00, 0.70)-label[TakeOff] label2[]
当前位置：(0.00, 0.00, 0.00)-到达?:[MCU:False]-[POS:False]
[INFO] [1775399643.406433311] [navNode]: 状态2：Takeoff_wait--[TakeOff]
[INFO] [1775399643.406851847] [navNode]: 未到目标点
目标位置：(0.00, 0.00, 0.70)-label[TakeOff] label2[]
当前位置：(0.00, 0.00, 0.00)-到达?:[MCU:False]-[POS:False]
[INFO] [1775399643.506834600] [navNode]: 状态2：Takeoff_wait--[TakeOff]
[INFO] [1775399643.507246387] [navNode]: 未到目标点
目标位置：(0.00, 0.00, 0.70)-label[TakeOff] label2[]
当前位置：(0.00, 0.00, 0.00)-到达?:[MCU:False]-[POS:False]
[INFO] [1775399643.606521013] [navNode]: 状态2：Takeoff_wait--[TakeOff]
[INFO] [1775399643.606960574] [navNode]: 未到目标点
目标位置：(0.00, 0.00, 0.70)-label[TakeOff] label2[]
当前位置：(0.00, 0.00, 0.00)-到达?:[MCU:False]-[POS:False]
[INFO] [1775399643.707059953] [navNode]: 状态2：Takeoff_wait--[TakeOff]
[INFO] [1775399643.707558735] [navNode]: 未到目标点
目标位置：(0.00, 0.00, 0.70)-label[TakeOff] label2[]
当前位置：(0.00, 0.00, 0.00)-到达?:[MCU:False]-[POS:False]
[INFO] [1775399643.806796691] [navNode]: 状态2：Takeoff_wait--[TakeOff]
[INFO] [1775399643.807296695] [navNode]: 未到目标点
目标位置：(0.00, 0.00, 0.70)-label[TakeOff] label2[]
当前位置：(0.00, 0.00, 0.00)-到达?:[MCU:False]-[POS:False]
[INFO] [1775399643.907022731] [navNode]: 状态2：Takeoff_wait--[TakeOff]
[INFO] [1775399643.907443705] [navNode]: 未到目标点
目标位置：(0.00, 0.00, 0.70)-label[TakeOff] label2[]
当前位置：(0.00, 0.00, 0.00)-到达?:[MCU:False]-[POS:False]
[INFO] [1775399644.006551840] [navNode]: 状态2：Takeoff_wait--[TakeOff]
[INFO] [1775399644.006991677] [navNode]: 未到目标点
目标位置：(0.00, 0.00, 0.70)-label[TakeOff] label2[]
当前位置：(0.00, 0.00, 0.00)-到达?:[MCU:False]-[POS:False]
[INFO] [1775399644.106643497] [navNode]: 状态2：Takeoff_wait--[TakeOff]
[INFO] [1775399644.107024295] [navNode]: 未到目标点
目标位置：(0.00, 0.00, 0.70)-label[TakeOff] label2[]
当前位置：(0.00, 0.00, 0.00)-到达?:[MCU:False]-[POS:False]
[INFO] [1775399644.206896156] [navNode]: 状态2：Takeoff_wait--[TakeOff]
[INFO] [1775399644.207321626] [navNode]: 未到目标点
目标位置：(0.00, 0.00, 0.70)-label[TakeOff] label2[]
当前位置：(0.00, 0.00, 0.00)-到达?:[MCU:False]-[POS:False]
[INFO] [1775399644.306898218] [navNode]: 状态2：Takeoff_wait--[TakeOff]
[INFO] [1775399644.307257587] [navNode]: 未到目标点
目标位置：(0.00, 0.00, 0.70)-label[TakeOff] label2[]
当前位置：(0.00, 0.00, 0.00)-到达?:[MCU:False]-[POS:False]
[INFO] [1775399644.406714321] [navNode]: 状态2：Takeoff_wait--[TakeOff]
[INFO] [1775399644.407116274] [navNode]: 未到目标点
目标位置：(0.00, 0.00, 0.70)-label[TakeOff] label2[]
当前位置：(0.00, 0.00, 0.00)-到达?:[MCU:False]-[POS:False]
[INFO] [1775399644.506477608] [navNode]: 状态2：Takeoff_wait--[TakeOff]
[INFO] [1775399644.506916802] [navNode]: 未到目标点
目标位置：(0.00, 0.00, 0.70)-label[TakeOff] label2[]
当前位置：(0.00, 0.00, 0.00)-到达?:[MCU:False]-[POS:False]
[INFO] [1775399644.607320723] [navNode]: 状态2：Takeoff_wait--[TakeOff]
[INFO] [1775399644.608045538] [navNode]: 未到目标点
目标位置：(0.00, 0.00, 0.70)-label[TakeOff] label2[]
当前位置：(0.00, 0.00, 0.00)-到达?:[MCU:False]-[POS:False]
[INFO] [1775399644.706638546] [navNode]: 状态2：Takeoff_wait--[TakeOff]
[INFO] [1775399644.707146526] [navNode]: 未到目标点
目标位置：(0.00, 0.00, 0.70)-label[TakeOff] label2[]
当前位置：(0.00, 0.00, 0.00)-到达?:[MCU:False]-[POS:False]
[INFO] [1775399644.806803733] [navNode]: 状态2：Takeoff_wait--[TakeOff]
[INFO] [1775399644.807279599] [navNode]: 未到目标点
目标位置：(0.00, 0.00, 0.70)-label[TakeOff] label2[]
当前位置：(0.00, 0.00, 0.00)-到达?:[MCU:False]-[POS:False]
[INFO] [1775399644.906687989] [navNode]: 状态2：Takeoff_wait--[TakeOff]
[INFO] [1775399644.907107024] [navNode]: 未到目标点
目标位置：(0.00, 0.00, 0.70)-label[TakeOff] label2[]
当前位置：(0.00, 0.00, 0.00)-到达?:[MCU:False]-[POS:False]
[INFO] [1775399645.006660104] [navNode]: 状态2：Takeoff_wait--[TakeOff]
[INFO] [1775399645.007162994] [navNode]: 未到目标点
目标位置：(0.00, 0.00, 0.70)-label[TakeOff] label2[]
当前位置：(0.00, 0.00, 0.00)-到达?:[MCU:False]-[POS:False]
[INFO] [1775399645.107219325] [navNode]: 状态2：Takeoff_wait--[TakeOff]
[INFO] [1775399645.107637059] [navNode]: 未到目标点
目标位置：(0.00, 0.00, 0.70)-label[TakeOff] label2[]
当前位置：(0.00, 0.00, 0.00)-到达?:[MCU:False]-[POS:False]
[INFO] [1775399645.206623462] [navNode]: 状态2：Takeoff_wait--[TakeOff]
[INFO] [1775399645.207068580] [navNode]: 未到目标点
目标位置：(0.00, 0.00, 0.70)-label[TakeOff] label2[]
当前位置：(0.00, 0.00, 0.00)-到达?:[MCU:False]-[POS:False]
[INFO] [1775399645.306617628] [navNode]: 状态2：Takeoff_wait--[TakeOff]
[INFO] [1775399645.307033456] [navNode]: 未到目标点
目标位置：(0.00, 0.00, 0.70)-label[TakeOff] label2[]
当前位置：(0.00, 0.00, 0.00)-到达?:[MCU:False]-[POS:False]
[INFO] [1775399645.406610936] [navNode]: 状态2：Takeoff_wait--[TakeOff]
[INFO] [1775399645.407116192] [navNode]: 未到目标点
目标位置：(0.00, 0.00, 0.70)-label[TakeOff] label2[]
当前位置：(0.00, 0.00, 0.00)-到达?:[MCU:False]-[POS:False]
[INFO] [1775399645.506611176] [navNode]: 状态2：Takeoff_wait--[TakeOff]
[INFO] [1775399645.507028278] [navNode]: 未到目标点
目标位置：(0.00, 0.00, 0.70)-label[TakeOff] label2[]
当前位置：(0.00, 0.00, 0.00)-到达?:[MCU:False]-[POS:False]
[INFO] [1775399645.606869012] [navNode]: 状态2：Takeoff_wait--[TakeOff]
[INFO] [1775399645.607289082] [navNode]: 未到目标点
目标位置：(0.00, 0.00, 0.70)-label[TakeOff] label2[]
当前位置：(0.00, 0.00, 0.00)-到达?:[MCU:False]-[POS:False]
[INFO] [1775399645.706795551] [navNode]: 状态2：Takeoff_wait--[TakeOff]
[INFO] [1775399645.707240764] [navNode]: 未到目标点
目标位置：(0.00, 0.00, 0.70)-label[TakeOff] label2[]
当前位置：(0.00, 0.00, 0.00)-到达?:[MCU:False]-[POS:False]
[INFO] [1775399645.806724394] [navNode]: 状态2：Takeoff_wait--[TakeOff]
[INFO] [1775399645.807129269] [navNode]: 未到目标点
目标位置：(0.00, 0.00, 0.70)-label[TakeOff] label2[]
当前位置：(0.00, 0.00, 0.00)-到达?:[MCU:False]-[POS:False]
[INFO] [1775399645.908397504] [navNode]: 状态2：Takeoff_wait--[TakeOff]
[INFO] [1775399645.909537362] [navNode]: 未到目标点
目标位置：(0.00, 0.00, 0.70)-label[TakeOff] label2[]
当前位置：(0.00, 0.00, 0.00)-到达?:[MCU:False]-[POS:False]
[INFO] [1775399646.006280861] [navNode]: 状态2：Takeoff_wait--[TakeOff]
[INFO] [1775399646.006937133] [navNode]: 未到目标点
目标位置：(0.00, 0.00, 0.70)-label[TakeOff] label2[]
当前位置：(0.00, 0.00, 0.00)-到达?:[MCU:False]-[POS:False]
[INFO] [1775399646.107969901] [navNode]: 状态2：Takeoff_wait--[TakeOff]
[INFO] [1775399646.109027690] [navNode]: 未到目标点
目标位置：(0.00, 0.00, 0.70)-label[TakeOff] label2[]
当前位置：(0.00, 0.00, 0.00)-到达?:[MCU:False]-[POS:False]
[INFO] [1775399646.196395332] [navNode]: 收到来自UI的请求：shutdown-navNode
[WARN] [1775399646.196968631] [navNode]: navNodeshutdown-navNode
