[INFO] [1773902809.069578429] [Ground]: ros2 node launch success:Ground!
[INFO] [1773902828.335502107] [Ground]: takeoff 发送成功 → 飞行站已调用：takeoff服务
[INFO] [1773902894.852385154] [Ground]: land 发送成功 → 飞行站已调用：land服务
[INFO] [1773903914.799943648] [Ground]: 识别到QR码: 22
[INFO] [1773903915.007943508] [Ground]: 识别到QR码: 22
[INFO] [1773903915.609251591] [Ground]: 识别到QR码: 22
[INFO] [1773903916.013965741] [Ground]: 识别到QR码: 22
[INFO] [1773903917.527657370] [Ground]: 识别到QR码: 22
[INFO] [1773903917.721410547] [Ground]: 识别到QR码: 22
[INFO] [1773903917.829761544] [Ground]: 识别到QR码: 22
[INFO] [1773903918.538901452] [Ground]: 识别到QR码: 22
[INFO] [1773903918.636403049] [Ground]: 识别到QR码: 22
[INFO] [1773903918.736634373] [Ground]: 识别到QR码: 22
[INFO] [1773903918.844881175] [Ground]: 识别到QR码: 22
[INFO] [1773903918.937401247] [Ground]: 识别到QR码: 22
[INFO] [1773903919.045643208] [Ground]: 识别到QR码: 22
[INFO] [1773903919.141797151] [Ground]: 识别到QR码: 22
[INFO] [1773903919.244810099] [Ground]: 识别到QR码: 22
[INFO] [1773903919.346530751] [Ground]: 识别到QR码: 22
[INFO] [1773903919.436180163] [Ground]: 识别到QR码: 22
[INFO] [1773903919.539961859] [Ground]: 识别到QR码: 22
[INFO] [1773903919.653925298] [Ground]: 识别到QR码: 22
[INFO] [1773903919.752501444] [Ground]: 识别到QR码: 22
[INFO] [1773903919.853428772] [Ground]: 识别到QR码: 22
[INFO] [1773903919.961555780] [Ground]: 识别到QR码: 22
[INFO] [1773903920.048427446] [Ground]: 识别到QR码: 22
[INFO] [1773903920.158194738] [Ground]: 识别到QR码: 22
[INFO] [1773903920.248677677] [Ground]: 识别到QR码: 22
[INFO] [1773903920.352363225] [Ground]: 识别到QR码: 22
[INFO] [1773903920.454510126] [Ground]: 识别到QR码: 22
[INFO] [1773903920.548810967] [Ground]: 识别到QR码: 22
[INFO] [1773903920.648257512] [Ground]: 识别到QR码: 22
[INFO] [1773903920.745135943] [Ground]: 识别到QR码: 22
[INFO] [1773903920.845922747] [Ground]: 识别到QR码: 22
[INFO] [1773903920.964346521] [Ground]: 识别到QR码: 22
[INFO] [1773903921.079279165] [Ground]: 识别到QR码: 22
[INFO] [1773903921.155263662] [Ground]: 识别到QR码: 22
[INFO] [1773903921.262186716] [Ground]: 识别到QR码: 22
[INFO] [1773903921.375252661] [Ground]: 识别到QR码: 22
[INFO] [1773903921.470244873] [Ground]: 识别到QR码: 22
[INFO] [1773903921.559384313] [Ground]: 识别到QR码: 22
[INFO] [1773903921.676367052] [Ground]: 识别到QR码: 22
[INFO] [1773903921.754977452] [Ground]: 识别到QR码: 22
[INFO] [1773903921.884833719] [Ground]: 识别到QR码: 22
[INFO] [1773903922.184509634] [Ground]: 识别到QR码: 22
[INFO] [1773903922.191601393] [Ground]: 识别到QR码: 22
[INFO] [1773903922.193602959] [Ground]: 识别到QR码: 22
[INFO] [1773903922.272789337] [Ground]: 识别到QR码: 22
[INFO] [1773903922.386446240] [Ground]: 识别到QR码: 22
[INFO] [1773903922.471800305] [Ground]: 识别到QR码: 22
[INFO] [1773903922.568679505] [Ground]: 识别到QR码: 22
[INFO] [1773903922.671825586] [Ground]: 识别到QR码: 22
[INFO] [1773903922.789711906] [Ground]: 识别到QR码: 22
[INFO] [1773903922.874372705] [Ground]: 识别到QR码: 22
[INFO] [1773903922.971534549] [Ground]: 识别到QR码: 22
[INFO] [1773903923.076101705] [Ground]: 识别到QR码: 22
[INFO] [1773903923.171354871] [Ground]: 识别到QR码: 22
[INFO] [1773903923.274181466] [Ground]: 识别到QR码: 22
[INFO] [1773903923.394258552] [Ground]: 识别到QR码: 22
[INFO] [1773903923.476813291] [Ground]: 识别到QR码: 22
[INFO] [1773903923.581833453] [Ground]: 识别到QR码: 22
[INFO] [1773903923.710445597] [Ground]: 识别到QR码: 22
[INFO] [1773903923.775309504] [Ground]: 识别到QR码: 22
[INFO] [1773903923.883987834] [Ground]: 识别到QR码: 22
[INFO] [1773903923.984106988] [Ground]: 识别到QR码: 22
[INFO] [1773903924.075144233] [Ground]: 识别到QR码: 22
[INFO] [1773903924.183721350] [Ground]: 识别到QR码: 22
[INFO] [1773903924.276111453] [Ground]: 识别到QR码: 22
[INFO] [1773903924.381325196] [Ground]: 识别到QR码: 22
[INFO] [1773903924.486796152] [Ground]: 识别到QR码: 22
[INFO] [1773903924.585546170] [Ground]: 识别到QR码: 22
[INFO] [1773903924.696927045] [Ground]: 识别到QR码: 22
[INFO] [1773903924.788471288] [Ground]: 识别到QR码: 22
[INFO] [1773903924.887476623] [Ground]: 识别到QR码: 22
[INFO] [1773903924.997844257] [Ground]: 识别到QR码: 22
[INFO] [1773903925.093543504] [Ground]: 识别到QR码: 22
[INFO] [1773903925.185060388] [Ground]: 识别到QR码: 22
[INFO] [1773903925.288892907] [Ground]: 识别到QR码: 22
[INFO] [1773903925.392024511] [Ground]: 识别到QR码: 22
[INFO] [1773903925.526935024] [Ground]: 识别到QR码: 22
[INFO] [1773903925.594399131] [Ground]: 识别到QR码: 22
[INFO] [1773903925.691478101] [Ground]: 识别到QR码: 22
[INFO] [1773903925.838263172] [Ground]: 识别到QR码: 22
[INFO] [1773903925.902778203] [Ground]: 识别到QR码: 22
[INFO] [1773903925.997989671] [Ground]: 识别到QR码: 22
[INFO] [1773903926.106713400] [Ground]: 识别到QR码: 22
[INFO] [1773903926.208633904] [Ground]: 识别到QR码: 22
[INFO] [1773903926.294934351] [Ground]: 识别到QR码: 22
[INFO] [1773903926.400771188] [Ground]: 识别到QR码: 22
[INFO] [1773903926.520182552] [Ground]: 识别到QR码: 22
[INFO] [1773903926.619707367] [Ground]: 识别到QR码: 22
[INFO] [1773903926.698693768] [Ground]: 识别到QR码: 22
[INFO] [1773903926.811708829] [Ground]: 识别到QR码: 22
[INFO] [1773903926.911972579] [Ground]: 识别到QR码: 22
[INFO] [1773903927.018145231] [Ground]: 识别到QR码: 22
[INFO] [1773903927.109801896] [Ground]: 识别到QR码: 22
[INFO] [1773903927.203472033] [Ground]: 识别到QR码: 22
[INFO] [1773903927.309892699] [Ground]: 识别到QR码: 22
[INFO] [1773903927.438461667] [Ground]: 识别到QR码: 22
[INFO] [1773903927.529306841] [Ground]: 识别到QR码: 22
[INFO] [1773903927.650495358] [Ground]: 识别到QR码: 22
[INFO] [1773903927.718850507] [Ground]: 识别到QR码: 22
[INFO] [1773903927.816812297] [Ground]: 识别到QR码: 22
[INFO] [1773903927.920760603] [Ground]: 识别到QR码: 22
[INFO] [1773903928.012363736] [Ground]: 识别到QR码: 22
[INFO] [1773903928.128035068] [Ground]: 识别到QR码: 22
[INFO] [1773903928.237326139] [Ground]: 识别到QR码: 22
[INFO] [1773903928.326456847] [Ground]: 识别到QR码: 22
[INFO] [1773903928.423058091] [Ground]: 识别到QR码: 22
[INFO] [1773903928.516524530] [Ground]: 识别到QR码: 22
[INFO] [1773903928.613624726] [Ground]: 识别到QR码: 22
[INFO] [1773903928.727628606] [Ground]: 识别到QR码: 22
[INFO] [1773903928.820115237] [Ground]: 识别到QR码: 22
[INFO] [1773903928.925660810] [Ground]: 识别到QR码: 22
[INFO] [1773903929.033437815] [Ground]: 识别到QR码: 22
[INFO] [1773903929.134679546] [Ground]: 识别到QR码: 22
[INFO] [1773903929.225728107] [Ground]: 识别到QR码: 22
[INFO] [1773903929.334825051] [Ground]: 识别到QR码: 22
[INFO] [1773903930.044242351] [Ground]: 识别到QR码: 22
[INFO] [1773903930.140091696] [Ground]: 识别到QR码: 22
[INFO] [1773903930.232294033] [Ground]: 识别到QR码: 22
[INFO] [1773903930.332037982] [Ground]: 识别到QR码: 22
[INFO] [1773903930.437472181] [Ground]: 识别到QR码: 22
[INFO] [1773903930.547278795] [Ground]: 识别到QR码: 22
[INFO] [1773903930.651275717] [Ground]: 识别到QR码: 22
[INFO] [1773903930.744461458] [Ground]: 识别到QR码: 22
[INFO] [1773903930.839269148] [Ground]: 识别到QR码: 22
[INFO] [1773903930.943007546] [Ground]: 识别到QR码: 22
[INFO] [1773905320.134480629] [Ground]: takeoff 发送成功 → 飞行站已调用：takeoff服务
[INFO] [1773905816.888783827] [Ground]: takeoff 发送成功 → 飞行站已调用：takeoff服务
[INFO] [1773905831.222152041] [Ground]: land 发送成功 → 飞行站已调用：land服务
[INFO] [1773905831.413190672] [Ground]: land 发送成功 → 飞行站已调用：land服务
[INFO] [1773905831.583001484] [Ground]: land 发送成功 → 飞行站已调用：land服务
[INFO] [1773905831.737003006] [Ground]: land 发送成功 → 飞行