[INFO] [1775394743.882604935] [Ground]: ros2 node launch success:Ground!
[INFO] [1775394750.606859953] [Ground]: 发送 scan_all 成功
[INFO] [1775394750.611412424] [Ground]: scan_all 响应成功 → 回复：scan_all
[INFO] [1775394750.743815507] [Ground]: MCU2 send back: Takeoffok
[INFO] [1775394750.946395095] [Ground]: MCU2 send back: +00000+00000+00000
[INFO] [1775394751.246649193] [Ground]: MCU2 send back: +00000+00000+01000
[INFO] [1775394753.840585815] [Ground]: MCU2 send back: Gdoing*
[INFO] [1775394753.960239700] [Ground]: MCU2 send back: Gdoing*
[INFO] [1775394754.081115828] [Ground]: MCU2 send back: Gdoing*
[INFO] [1775394754.201334364] [Ground]: MCU2 send back: Gdoing*
[INFO] [1775394754.321115498] [Ground]: MCU2 send back: Gdoing*
[INFO] [1775394754.442795683] [Ground]: MCU2 send back: Gdoing*
[INFO] [1775394754.561218305] [Ground]: MCU2 send back: Gdoing*
[INFO] [1775394754.683726118] [Ground]: MCU2 send back: Gdoing*
[INFO] [1775394754.803219534] [Ground]: MCU2 send back: Gdoing*
[INFO] [1775394754.928992066] [Ground]: MCU2 send back: Gdoing*
[INFO] [1775394755.042438349] [Ground]: MCU2 send back: Gdoing*
[INFO] [1775394755.162997335] [Ground]: MCU2 send back: Gdoing*
[INFO] [1775394755.282437077] [Ground]: MCU2 send back: Gdoing*
[INFO] [1775394755.402712584] [Ground]: MCU2 send back: Gdoing*
[INFO] [1775394755.524199104] [Ground]: MCU2 send back: Gdoing*
[INFO] [1775394755.643068134] [Ground]: MCU2 send back: Gdoing*
[INFO] [1775394755.765612778] [Ground]: MCU2 send back: Gdoing*
[INFO] [1775394755.884141292] [Ground]: MCU2 send back: Gdoing*
[INFO] [1775394756.005263061] [Ground]: MCU2 send back: Gdoing*
[INFO] [1775394756.123930928] [Ground]: MCU2 send back: Gdoing*
[INFO] [1775394756.244055072] [Ground]: MCU2 send back: Gdoing*
[INFO] [1775394756.363887750] [Ground]: MCU2 send back: Gdoing*
[INFO] [1775394756.484200970] [Ground]: MCU2 send back: Gdoing*
[INFO] [1775394756.604750575] [Ground]: MCU2 send back: Gdoing*
[INFO] [1775394756.726284899] [Ground]: MCU2 send back: Gdoing*
[INFO] [1775394756.846686669] [Ground]: MCU2 send back: Gdoing*
[INFO] [1775394756.966690753] [Ground]: MCU2 send back: Gdoing*
[INFO] [1775394757.085217312] [Ground]: MCU2 send back: Gdoing*
[INFO] [1775394757.206168723] [Ground]: MCU2 send back: Gdoing*
[INFO] [1775394757.327070780] [Ground]: MCU2 send back: Gdoing*
[INFO] [1775394757.447003590] [Ground]: MCU2 send back: Gdoing*
[INFO] [1775394757.566022591] [Ground]: MCU2 send back: Gdoing*
[INFO] [1775394757.686420944] [Ground]: MCU2 send back: Gdoing*
[INFO] [1775394757.806889050] [Ground]: MCU2 send back: Gdoing*
[INFO] [1775394757.927528721] [Ground]: MCU2 send back: Gdoing*
[INFO] [1775394758.047708026] [Ground]: MCU2 send back: Gdoing*
[INFO] [1775394758.166793706] [Ground]: MCU2 send back: Gdoing*
[INFO] [1775394758.287646135] [Ground]: MCU2 send back: Gdoing*
[INFO] [1775394758.408075026] [Ground]: MCU2 send back: Gdoing*
[INFO] [1775394758.527469393] [Ground]: MCU2 send back: Gdoing*
[INFO] [1775394758.647954524] [Ground]: MCU2 send back: Gdoing*
[INFO] [1775394758.767908115] [Ground]: MCU2 send back: Gdoing*
[INFO] [1775394758.888954568] [Ground]: MCU2 send back: Gdoing*
[INFO] [1775394759.008646025] [Ground]: MCU2 send back: Gdoing*
[INFO] [1775394759.129086038] [Ground]: MCU2 send back: Gdoing*
[INFO] [1775394759.249995891] [Ground]: MCU2 send back: Gdoing*
[INFO] [1775394759.369469611] [Ground]: MCU2 send back: Gdoing*
[INFO] [1775394759.489458161] [Ground]: MCU2 send back: Gdoing*
[INFO] [1775394759.611096300] [Ground]: MCU2 send back: Gdoing*
[INFO] [1775394759.729797082] [Ground]: MCU2 send back: Gdoing*
[INFO] [1775394759.849705529] [Ground]: MCU2 send back: Gdoing*
[INFO] [1775394759.971258205] [Ground]: MCU2 send back: Gdoing*
[INFO] [1775394760.092947871] [Ground]: MCU2 send back: Gdoing*
[INFO] [1775394760.214628733] [Ground]: MCU2 send back: Gdoing*
[INFO] [1775394760.331966713] [Ground]: MCU2 send back: Gdoing*
[INFO] [1775394760.452466319] [Ground]: MCU2 send back: Gdoing*
[INFO] [1775394760.573241649] [Ground]: MCU2 send back: Gdoing*
[INFO] [1775394760.693881048] [Ground]: MCU2 send back: Gdoing*
[INFO] [1775394760.817072938] [Ground]: MCU2 send back: Gdoing*
[INFO] [1775394760.934236425] [Ground]: MCU2 send back: Gdoing*
[INFO] [1775394761.055047894] [Ground]: MCU2 send back: Gdoing*
[INFO] [1775394761.173986304] [Ground]: MCU2 send back: Gdoing*
[INFO] [1775394761.294491251] [Ground]: MCU2 send back: Gdoing*
[INFO] [1775394761.415338543] [Ground]: MCU2 send back: Gdoing*
[INFO] [1775394761.534099135] [Ground]: MCU2 send back: Gdoing*
[INFO] [1775394761.655447170] [Ground]: MCU2 send back: Gdoing*
[INFO] [1775394761.778569443] [Ground]: MCU2 send back: Gdoing*
[INFO] [1775394761.896719061] [Ground]: MCU2 send back: Gdoing*
[INFO] [1775394762.016392525] [Ground]: MCU2 send back: Gdoing*
[INFO] [1775394762.135900736] [Ground]: MCU2 send back: Gdoing*
[INFO] [1775394762.255805233] [Ground]: MCU2 send back: Gdoing*
[INFO] [1775394762.377598699] [Ground]: MCU2 send back: Gdoing*
[INFO] [1775394762.496124441] [Ground]: MCU2 send back: Gdoing*
[INFO] [1775394762.616461758] [Ground]: MCU2 send back: Gdoing*
[INFO] [1775394762.738180135] [Ground]: MCU2 send back: Gdoing*
[INFO] [1775394762.856929915] [Ground]: MCU2 send back: Gdoing*
[INFO] [1775394762.978362434] [Ground]: MCU2 send back: Gdoing*
[INFO] [1775394763.098310600] [Ground]: MCU2 send back: Gdoing*
[INFO] [1775394763.217628933] [Ground]: MCU2 send back: Gdoing*
[INFO] [1775394763.337764882] [Ground]: MCU2 send back: Gdoing*
[INFO] [1775394763.458706901] [Ground]: MCU2 send back: Gdoing*
[INFO] [1775394763.580264012] [Ground]: MCU2 send back: Gdoing*
[INFO] [1775394763.698151528] [Ground]: MCU2 send back: Gdoing*
[INFO] [1775394763.820429544] [Ground]: MCU2 send back: Gdoing*
[INFO] [1775394763.938227374] [Ground]: MCU2 send back: Gdoing*
[INFO] [1775394764.059116880] [Ground]: MCU2 send back: Gdoing*
[INFO] [1775394764.179188133] [Ground]: MCU2 send back: Gdoing*
[INFO] [1775394764.299578815] [Ground]: MCU2 send back: Gdoing*
[INFO] [1775394764.419395555] [Ground]: MCU2 send back: Gdoing*
[INFO] [1775394764.539280946] [Ground]: MCU2 send back: Gdoing*
[INFO] [1775394764.659470620] [Ground]: MCU2 send back: Gdoing*
[INFO] [1775394764.780842539] [Ground]: MCU2 send back: Gdoing*
[INFO] [1775394764.901206502] [Ground]: MCU2 send back: Gdoing*
[INFO] [1775394765.021129197] [Ground]: MCU2 send back: Gdoing*
[INFO] [1775394765.140487706] [Ground]: MCU2 send back: Gdoing*
[INFO] [1775394765.260538020] [Ground]: MCU2 send back: Gdoing*
[INFO] [1775394765.381687193] [Ground]: MCU2 send back: Gdoing*
[INFO] [1775394765.501086689] [Ground]: MCU2 send back: Gdone*
[INFO] [1775394765.981373285] [Ground]: MCU2 send back: Gdone*
[INFO] [1775394767.004454118] [Ground]: MCU2 send back: Gdone*
[INFO] [1775394767.949828818] [Ground]: MCU2 send back: +00000+00000+02000
[INFO] [1775394768.044825103] [Ground]: MCU2 send back: Gdoing*
[INFO] [1775394768.165494234] [Ground]: MCU2 send back: Gdoing*
[INFO] [1775394768.285286791] [Ground]: MCU2 send back: Gdoing*
[INFO] [1775394768.404617841] [Ground]: MCU2 send back: Gdoing*
[INFO] [1775394768.524894645] [Ground]: MCU2 send back: Gdoing*
[INFO] [1775394768.645708753] [Ground]: MCU2 send back: Gdoing*
[INFO] [1775394768.766564763] [Ground]: MCU2 send back: Gdoing*
[INFO] [1775394768.885788368] [Ground]: MCU2 send back: Gdoing*
[INFO] [1775394769.005796012] [Ground]: MCU2 send back: Gdoing*
[INFO] [1775394769.125679741] [Ground]: MCU2 send back: Gdoing*
[INFO] [1775394769.245907860] [Ground]: MCU2 send back: Gdoing*
[INFO] [1775394769.367655882] [Ground]: MCU2 send back: Gdoing*
[INFO] [1775394769.486414528] [Ground]: MCU2 send back: Gdoing*
[INFO] [1775394769.607779421] [Ground]: MCU2 send back: Gdoing*
[INFO] [1775394769.727346649] [Ground]: MCU2 send back: Gdoing*
[INFO] [1775394769.847279698] [Ground]: MCU2 send back: Gdoing*
[INFO] [1775394769.967092131] [Ground]: MCU2 send back: Gdoing*
[INFO] [1775394770.087764158] [Ground]: MCU2 send back: Gdoing*
[INFO] [1775394770.207573250] [Ground]: MCU2 send back: Gdoing*
[INFO] [1775394770.328080350] [Ground]: MCU2 send back: Gdoing*
[INFO] [1775394770.447610627] [Ground]: MCU2 send back: Gdoing*
[INFO] [1775394770.568155690] [Ground]: MCU2 send back: Gdoing*
[INFO] [1775394770.688639233] [Ground]: MCU2 send back: Gdoing*
[INFO] [1775394770.809466862] [Ground]: MCU2 send back: Gdoing*
[INFO] [1775394770.928931278] [Ground]: MCU2 send back: Gdoing*
[INFO] [1775394771.050381883] [Ground]: MCU2 send back: Gdoing*
[INFO] [1775394771.169617813] [Ground]: MCU2 send back: Gdoing*
[INFO] [1775394771.289059940] [Ground]: MCU2 send back: Gdoing*
[INFO] [1775394771.409375952] [Ground]: MCU2 send back: Gdoing*
[INFO] [1775394771.530176365] [Ground]: MCU2 send back: Gdoing*
[INFO] [1775394771.648887813] [Ground]: MCU2 send back: Gdone*
[INFO] [1775394772.110301104] [Ground]: MCU2 send back: Gdone*
[INFO] [1775394773.131087159] [Ground]: MCU2 send back: Gdone*
[INFO] [1775394774.149123054] [Ground]: MCU2 send back: -02500+12500+12000
[INFO] [1775394774.233521824] [Ground]: MCU2 send back: Gdoing*
[INFO] [1775394774.352253524] [Ground]: MCU2 send back: Gdoing*
[INFO] [1775394774.472595378] [Ground]: MCU2 send back: Gdoing*
[INFO] [1775394774.593087367] [Ground]: MCU2 send back: Gdoing*
[INFO] [1775394774.712494962] [Ground]: MCU2 send back: Gdoing*
[INFO] [1775394774.834108900] [Ground]: MCU2 send back: Gdoing*
[INFO] [1775394774.953811272] [Ground]: MCU2 send back: Gdoing*
[INFO] [1775394775.074761432] [Ground]: MCU2 send back: Gdoing*
[INFO] [1775394775.193206056] [Ground]: MCU2 send back: Gdoing*
[INFO] [1775394775.316021507] [Ground]: MCU2 send back: Gdoing*
[INFO] [1775394775.433810893] [Ground]: MCU2 send back: Gdoing*
[INFO] [1775394775.554214134] [Ground]: MCU2 send back: Gdoing*
[INFO] [1775394775.674246613] [Ground]: MCU2 send back: Gdoing*
[INFO] [1775394775.794427319] [Ground]: MCU2 send back: Gdoing*
[INFO] [1775394775.915258575] [Ground]: MCU2 send back: Gdoing*
[INFO] [1775394776.035227074] [Ground]: MCU2 send back: Gdoing*
[INFO] [1775394776.155126139] [Ground]: MCU2 send back: Gdoing*
[INFO] [1775394776.277092470] [Ground]: MCU2 send back: Gdoing*
[INFO] [1775394776.397741108] [Ground]: MCU2 send back: Gdoing*
[INFO] [1775394776.518639270] [Ground]: MCU2 send back: Gdoing*
[INFO] [1775394776.639370472] [Ground]: MCU2 send back: Gdoing*
[INFO] [1775394776.758217288] [Ground]: MCU2 send back: Gdoing*
[INFO] [1775394776.880199051] [Ground]: MCU2 send back: Gdoing*
[INFO] [1775394776.999345519] [Ground]: MCU2 send back: Gdoing*
[INFO] [1775394777.119735558] [Ground]: MCU2 send back: Gdoing*
[INFO] [1775394777.240242627] [Ground]: MCU2 send back: Gdoing*
[INFO] [1775394777.360141713] [Ground]: MCU2 send back: Gdoing*
[INFO] [1775394777.479855416] [Ground]: MCU2 send back: Gdoing*
[INFO] [1775394777.600449602] [Ground]: MCU2 send back: Gdoing*
[INFO] [1775394777.719849217] [Ground]: MCU2 send back: Gdoing*
[INFO] [1775394777.840106168] [Ground]: MCU2 send back: Gdoing*
[INFO] [1775394777.961138237] [Ground]: MCU2 send back: Gdoing*
[INFO] [1775394778.080859894] [Ground]: MCU2 send back: Gdoing*
[INFO] [1775394778.200956156] [Ground]: MCU2 send back: Gdoing*
[INFO] [1775394778.321926182] [Ground]: MCU2 send back: Gdoing*
[INFO] [1775394778.441769497] [Ground]: MCU2 send back: Gdoing*
[INFO] [1775394778.561404454] [Ground]: MCU2 send back: Gdoing*
[INFO] [1775394778.681753668] [Ground]: MCU2 send back: Gdoing*
[INFO] [1775394778.802109246] [Ground]: MCU2 send back: Gdoing*
[INFO] [1775394778.923366667] [Ground]: MCU2 send back: Gdoing*
[INFO] [1775394779.043828134] [Ground]: MCU2 send back: Gdoing*
[INFO] [1775394779.163379264] [Ground]: MCU2 send back: Gdoing*
[INFO] [1775394779.283528379] [Ground]: MCU2 send back: Gdoing*
[INFO] [1775394779.405365199] [Ground]: MCU2 send back: Gdoing*
[INFO] [1775394779.523711755] [Ground]: MCU2 send back: Gdoing*
[INFO] [1775394779.645433943] [Ground]: MCU2 send back: Gdoing*
[INFO] [1775394779.765552827] [Ground]: MCU2 send back: Gdoing*
[INFO] [1775394779.885557230] [Ground]: MCU2 send back: Gdoing*
[INFO] [1775394780.005718484] [Ground]: MCU2 send back: Gdoing*
[INFO] [1775394780.124739094] [Ground]: MCU2 send back: Gdoing*
[INFO] [1775394780.244417488] [Ground]: MCU2 send back: Gdoing*
[INFO] [1775394780.366333904] [Ground]: MCU2 send back: Gdoing*
[INFO] [1775394780.484461533] [Ground]: MCU2 send back: Gdoing*
[INFO] [1775394780.605555043] [Ground]: MCU2 send back: Gdoing*
[INFO] [1775394780.726091096] [Ground]: MCU2 send back: Gdoing*
[INFO] [1775394780.845245411] [Ground]: MCU2 send back: Gdoing*
[INFO] [1775394780.966250633] [Ground]: MCU2 send back: Gdoing*
[INFO] [1775394781.087290677] [Ground]: MCU2 send back: Gdoing*
[INFO] [1775394781.206402405] [Ground]: MCU2 send back: Gdoing*
[INFO] [1775394781.326024073] [Ground]: MCU2 send back: Gdoing*
[INFO] [1775394781.447444221] [Ground]: MCU2 send back: Gdoing*
[INFO] [1775394781.567506727] [Ground]: MCU2 send back: Gdoing*
[INFO] [1775394781.686853506] [Ground]: MCU2 send back: Gdoing*
[INFO] [1775394781.809251664] [Ground]: MCU2 send back: Gdoing*
[INFO] [1775394781.928007631] [Ground]: MCU2 send back: Gdoing*
[INFO] [1775394782.047891169] [Ground]: MCU2 send back: Gdoing*
[INFO] [1775394782.167658087] [Ground]: MCU2 send back: Gdoing*
[INFO] [1775394782.287902551] [Ground]: MCU2 send back: Gdoing*
[INFO] [1775394782.410223305] [Ground]: MCU2 send back: Gdoing*
[INFO] [1775394782.529242194] [Ground]: MCU2 send back: Gdoing*
[INFO] [1775394782.649229565] [Ground]: MCU2 send back: Gdoing*
[INFO] [1775394782.769237821] [Ground]: MCU2 send back: Gdoing*
[INFO] [1775394782.889028063] [Ground]: MCU2 send back: Gdoing*
[INFO] [1775394783.009409476] [Ground]: MCU2 send back: Gdoing*
[INFO] [1775394783.129215382] [Ground]: MCU2 send back: Gdoing*
[INFO] [1775394783.251858423] [Ground]: MCU2 send back: Gdoing*
[INFO] [1775394783.370168250] [Ground]: MCU2 send back: Gdoing*
[INFO] [1775394783.490030439] [Ground]: MCU2 send back: Gdoing*
[INFO] [1775394783.612091514] [Ground]: MCU2 send back: Gdoing*
[INFO] [1775394783.730316019] [Ground]: MCU2 send back: Gdoing*
[INFO] [1775394783.850596155] [Ground]: MCU2 send back: Gdoing*
[INFO] [1775394783.970939231] [Ground]: MCU2 send back: Gdoing*
[INFO] [1775394784.091839467] [Ground]: MCU2 send back: Gdoing*
[INFO] [1775394784.211208498] [Ground]: MCU2 send back: Gdoing*
[INFO] [1775394784.331678385] [Ground]: MCU2 send back: Gdoing*
[INFO] [1775394784.452361129] [Ground]: MCU2 send back: Gdoing*
[INFO] [1775394784.578927831] [Ground]: MCU2 send back: Gdoing*
[INFO] [1775394784.692494773] [Ground]: MCU2 send back: Gdoing*
[INFO] [1775394784.813831854] [Ground]: MCU2 send back: Gdoing*
[INFO] [1775394784.932607606] [Ground]: MCU2 send back: Gdoing*
[INFO] [1775394785.052719986] [Ground]: MCU2 send back: Gdoing*
[INFO] [1775394785.174356644] [Ground]: MCU2 send back: Gdoing*
[INFO] [1775394785.298045524] [Ground]: MCU2 send back: Gdoing*
[INFO] [1775394785.414095631] [Ground]: MCU2 send back: Gdoing*
[INFO] [1775394785.534762701] [Ground]: MCU2 send back: Gdoing*
[INFO] [1775394785.654135646] [Ground]: MCU2 send back: Gdoing*
[INFO] [1775394785.774160461] [Ground]: MCU2 send back: Gdoing*
[INFO] [1775394785.895028078] [Ground]: MCU2 send back: Gdoing*
[INFO] [1775394786.017498388] [Ground]: MCU2 send back: Gdoing*
[INFO] [1775394786.135740115] [Ground]: MCU2 send back: Gdoing*
[INFO] [1775394786.255415638] [Ground]: MCU2 send back: Gdoing*
[INFO] [1775394786.378074507] [Ground]: MCU2 send back: Gdoing*
[INFO] [1775394786.496887585] [Ground]: MCU2 send back: Gdoing*
[INFO] [1775394786.616684030] [Ground]: MCU2 send back: Gdoing*
[INFO] [1775394786.736209976] [Ground]: MCU2 send back: Gdoing*
[INFO] [1775394786.858795362] [Ground]: MCU2 send back: Gdoing*
[INFO] [1775394786.976013258] [Ground]: MCU2 send back: Gdoing*
[INFO] [1775394787.098304978] [Ground]: MCU2 send back: Gdoing*
[INFO] [1775394787.218554765] [Ground]: MCU2 send back: Gdoing*
[INFO] [1775394787.338627923] [Ground]: MCU2 send back: Gdoing*
[INFO] [1775394787.456681668] [Ground]: MCU2 send back: Gdoing*
[INFO] [1775394787.579596815] [Ground]: MCU2 send back: Gdoing*
[INFO] [1775394787.701505246] [Ground]: MCU2 send back: Gdoing*
[INFO] [1775394787.818333014] [Ground]: MCU2 send back: Gdoing*
[INFO] [1775394787.939381729] [Ground]: MCU2 send back: Gdoing*
[INFO] [1775394788.058686031] [Ground]: MCU2 send back: Gdoing*
[INFO] [1775394788.179081768] [Ground]: MCU2 send back: Gdoing*
[INFO] [1775394788.299787421] [Ground]: MCU2 send back: Gdoing*
[INFO] [1775394788.420330117] [Ground]: MCU2 send back: Gdoing*
[INFO] [1775394788.538774692] [Ground]: MCU2 send back: Gdoing*
[INFO] [1775394788.659019280] [Ground]: MCU2 send back: Gdoing*
[INFO] [1775394788.780060209] [Ground]: MCU2 send back: Gdoing*
[INFO] [1775394788.901164318] [Ground]: MCU2 send back: Gdoing*
[INFO] [1775394789.020909602] [Ground]: MCU2 send back: Gdoing*
[INFO] [1775394789.141277713] [Ground]: MCU2 send back: Gdoing*
[INFO] [1775394789.260594333] [Ground]: MCU2 send back: Gdoing*
[INFO] [1775394789.382312867] [Ground]: MCU2 send back: Gdoing*
[INFO] [1775394789.501637993] [Ground]: MCU2 send back: Gdoing*
[INFO] [1775394789.621913396] [Ground]: MCU2 send back: Gdoing*
[INFO] [1775394789.741082618] [Ground]: MCU2 send back: Gdoing*
[INFO] [1775394789.862319835] [Ground]: MCU2 send back: Gdoing*
[INFO] [1775394789.985177760] [Ground]: MCU2 send back: Gdoing*
[INFO] [1775394790.102385116] [Ground]: MCU2 send back: Gdoing*
[INFO] [1775394790.221964665] [Ground]: MCU2 send back: Gdoing*
[INFO] [1775394790.342835477] [Ground]: MCU2 send back: Gdoing*
[INFO] [1775394790.463676187] [Ground]: MCU2 send back: Gdoing*
[INFO] [1775394790.583091131] [Ground]: MCU2 send back: Gdoing*
[INFO] [1775394790.704200774] [Ground]: MCU2 send back: Gdoing*
[INFO] [1775394790.825417807] [Ground]: MCU2 send back: Gdoing*
[INFO] [1775394790.943736512] [Ground]: MCU2 send back: Gdoing*
[INFO] [1775394791.064525751] [Ground]: MCU2 send back: Gdoing*
[INFO] [1775394791.183880963] [Ground]: MCU2 send back: Gdoing*
[INFO] [1775394791.304339932] [Ground]: MCU2 send back: Gdoing*
[INFO] [1775394791.427665334] [Ground]: MCU2 send back: Gdoing*
[INFO] [1775394791.544386435] [Ground]: MCU2 send back: Gdoing*
[INFO] [1775394791.665821396] [Ground]: MCU2 send back: Gdoing*
[INFO] [1775394791.786992492] [Ground]: MCU2 send back: Gdoing*
[INFO] [1775394791.907387190] [Ground]: MCU2 send back: Gdoing*
[INFO] [1775394792.026270457] [Ground]: MCU2 send back: Gdoing*
[INFO] [1775394792.147492354] [Ground]: MCU2 send back: Gdoing*
[INFO] [1775394792.266290916] [Ground]: MCU2 send back: Gdoing*
[INFO] [1775394792.388129472] [Ground]: MCU2 send back: Gdoing*
[INFO] [1775394792.506244401] [Ground]: MCU2 send back: Gdoing*
[INFO] [1775394792.626737023] [Ground]: MCU2 send back: Gdoing*
[INFO] [1775394792.747104819] [Ground]: MCU2 send back: Gdoing*
[INFO] [1775394792.867047510] [Ground]: MCU2 send back: Gdoing*
[INFO] [1775394792.987999896] [Ground]: MCU2 send back: Gdoing*
[INFO] [1775394793.107511706] [Ground]: MCU2 send back: Gdoing*
[INFO] [1775394793.227395304] [Ground]: MCU2 send back: Gdoing*
[INFO] [1775394793.347921031] [Ground]: MCU2 send back: Gdoing*
[INFO] [1775394793.469289528] [Ground]: MCU2 send back: Gdoing*
[INFO] [1775394793.588282348] [Ground]: MCU2 send back: Gdoing*
[INFO] [1775394793.708508367] [Ground]: MCU2 send back: Gdoing*
[INFO] [1775394793.829049039] [Ground]: MCU2 send back: Gdoing*
[INFO] [1775394793.948790495] [Ground]: MCU2 send back: Gdoing*
[INFO] [1775394794.069438931] [Ground]: MCU2 send back: Gdoing*
[INFO] [1775394794.191194387] [Ground]: MCU2 send back: Gdoing*
[INFO] [1775394794.309706836] [Ground]: MCU2 send back: Gdoing*
[INFO] [1775394794.429595110] [Ground]: MCU2 send back: Gdoing*
[INFO] [1775394794.550550340] [Ground]: MCU2 send back: Gdoing*
[INFO] [1775394794.671444203] [Ground]: MCU2 send back: Gdoing*
[INFO] [1775394794.790843699] [Ground]: MCU2 send back: Gdoing*
[INFO] [1775394794.912910713] [Ground]: MCU2 send back: Gdoing*
[INFO] [1775394795.032862391] [Ground]: MCU2 send back: Gdoing*
[INFO] [1775394795.153500411] [Ground]: MCU2 send back: Gdoing*
[INFO] [1775394795.274727985] [Ground]: MCU2 send back: Gdoing*
[INFO] [1775394795.396383353] [Ground]: MCU2 send back: Gdoing*
[INFO] [1775394795.515348453] [Ground]: MCU2 send back: Gdoing*
[INFO] [1775394795.634397590] [Ground]: MCU2 send back: Gdoing*
[INFO] [1775394795.754002912] [Ground]: MCU2 send back: Gdoing*
[INFO] [1775394795.874894667] [Ground]: MCU2 send back: Gdoing*
[INFO] [1775394795.997527368] [Ground]: MCU2 send back: Gdoing*
[INFO] [1775394796.115604348] [Ground]: MCU2 send back: Gdoing*
[INFO] [1775394796.236257422] [Ground]: MCU2 send back: Gdoing*
[INFO] [1775394796.355070805] [Ground]: MCU2 send back: Gdoing*
[INFO] [1775394796.475901955] [Ground]: MCU2 send back: Gdoing*
[INFO] [1775394796.600898526] [Ground]: MCU2 send back: Gdoing*
[INFO] [1775394796.718813195] [Ground]: MCU2 send back: Gdoing*
[INFO] [1775394796.836161931] [Ground]: MCU2 send back: Gdoing*
[INFO] [1775394796.956075780] [Ground]: MCU2 send back: Gdoing*
[INFO] [1775394797.077817909] [Ground]: MCU2 send back: Gdoing*
[INFO] [1775394797.197210990] [Ground]: MCU2 send back: Gdoing*
[INFO] [1775394797.317205861] [Ground]: MCU2 send back: Gdoing*
[INFO] [1775394797.437325139] [Ground]: MCU2 send back: Gdoing*
[INFO] [1775394797.557953870] [Ground]: MCU2 send back: Gdoing*
[INFO] [1775394797.677692198] [Ground]: MCU2 send back: Gdoing*
[INFO] [1775394797.797824398] [Ground]: MCU2 send back: Gdoing*
[INFO] [1775394797.917879302] [Ground]: MCU2 send back: Gdoing*
[INFO] [1775394798.036974723] [Ground]: MCU2 send back: Gdoing*
[INFO] [1775394798.156853716] [Ground]: MCU2 send back: Gdoing*
[INFO] [1775394798.277025698] [Ground]: MCU2 send back: Gdoing*
[INFO] [1775394798.398159954] [Ground]: MCU2 send back: Gdoing*
[INFO] [1775394798.518752005] [Ground]: MCU2 send back: Gdoing*
[INFO] [1775394798.637751507] [Ground]: MCU2 send back: Gdoing*
[INFO] [1775394798.762795161] [Ground]: MCU2 send back: Gdoing*
[INFO] [1775394798.914042037] [Ground]: MCU2 send back: Gdoing*
[INFO] [1775394798.998300286] [Ground]: MCU2 send back: Gdoing*
[INFO] [1775394799.119876772] [Ground]: MCU2 send back: Gdoing*
[INFO] [1775394799.243062869] [Ground]: MCU2 send back: Gdoing*
[INFO] [1775394799.361124120] [Ground]: MCU2 send back: Gdoing*
[INFO] [1775394799.480952370] [Ground]: MCU2 send back: Gdoing*
[INFO] [1775394799.600422108] [Ground]: MCU2 send back: Gdoing*
[INFO] [1775394799.723692032] [Ground]: MCU2 send back: Gdoing*
[INFO] [1775394799.840487716] [Ground]: MCU2 send back: Gdoing*
[INFO] [1775394799.961089918] [Ground]: MCU2 send back: Gdoing*
[INFO] [1775394800.081967234] [Ground]: MCU2 send back: Gdoing*
[INFO] [1775394800.202097893] [Ground]: MCU2 send back: Gdoing*
[INFO] [1775394800.321618841] [Ground]: MCU2 send back: Gdoing*
[INFO] [1775394800.442969181] [Ground]: MCU2 send back: Gdoing*
[INFO] [1775394800.562684797] [Ground]: MCU2 send back: Gdoing*
[INFO] [1775394800.683580685] [Ground]: MCU2 send back: Gdoing*
[INFO] [1775394800.804166963] [Ground]: MCU2 send back: Gdoing*
[INFO] [1775394800.923474544] [Ground]: MCU2 send back: Gdoing*
[INFO] [1775394801.046552474] [Ground]: MCU2 send back: Gdoing*
[INFO] [1775394801.165605916] [Ground]: MCU2 send back: Gdoing*
[INFO] [1775394801.285019895] [Ground]: MCU2 send back: Gdoing*
[INFO] [1775394801.404230942] [Ground]: MCU2 send back: Gdoing*
[INFO] [1775394801.524419448] [Ground]: MCU2 send back: Gdoing*
[INFO] [1775394801.644684754] [Ground]: MCU2 send back: Gdoing*
[INFO] [1775394801.766008254] [Ground]: MCU2 send back: Gdoing*
[INFO] [1775394801.885211072] [Ground]: MCU2 send back: Gdoing*
[INFO] [1775394802.005340498] [Ground]: MCU2 send back: Gdoing*
[INFO] [1775394802.127161883] [Ground]: MCU2 send back: Gdoing*
[INFO] [1775394802.246031941] [Ground]: MCU2 send back: Gdoing*
[INFO] [1775394802.366083028] [Ground]: MCU2 send back: Gdoing*
[INFO] [1775394802.486228107] [Ground]: MCU2 send back: Gdoing*
[INFO] [1775394802.606053876] [Ground]: MCU2 send back: Gdoing*
[INFO] [1775394802.726338120] [Ground]: MCU2 send back: Gdoing*
[INFO] [1775394802.846457942] [Ground]: MCU2 send back: Gdoing*
[INFO] [1775394802.966374994] [Ground]: MCU2 send back: Gdoing*
[INFO] [1775394803.087293291] [Ground]: MCU2 send back: Gdoing*
[INFO] [1775394803.207935370] [Ground]: MCU2 send back: Gdoing*
[INFO] [1775394803.326825750] [Ground]: MCU2 send back: Gdoing*
[INFO] [1775394803.448249193] [Ground]: MCU2 send back: Gdoing*
[INFO] [1775394803.567223079] [Ground]: MCU2 send back: Gdoing*
[INFO] [1775394803.687835680] [Ground]: MCU2 send back: Gdoing*
[INFO] [1775394803.808052640] [Ground]: MCU2 send back: Gdoing*
[INFO] [1775394803.929808828] [Ground]: MCU2 send back: Gdoing*
[INFO] [1775394804.048306889] [Ground]: MCU2 send back: Gdoing*
[INFO] [1775394804.169681733] [Ground]: MCU2 send back: Gdoing*
[INFO] [1775394804.288736592] [Ground]: MCU2 send back: Gdoing*
[INFO] [1775394804.409030547] [Ground]: MCU2 send back: Gdoing*
[INFO] [1775394804.528936413] [Ground]: MCU2 send back: Gdoing*
[INFO] [1775394804.649813387] [Ground]: MCU2 send back: Gdoing*
[INFO] [1775394804.769705628] [Ground]: MCU2 send back: Gdoing*
[INFO] [1775394804.889246841] [Ground]: MCU2 send back: Gdoing*
[INFO] [1775394805.011047006] [Ground]: MCU2 send back: Gdoing*
[INFO] [1775394805.129904642] [Ground]: MCU2 send back: Gdoing*
[INFO] [1775394805.250144017] [Ground]: MCU2 send back: Gdoing*
[INFO] [1775394805.370365941] [Ground]: MCU2 send back: Gdoing*
[INFO] [1775394805.491728784] [Ground]: MCU2 send back: Gdoing*
[INFO] [1775394805.610599100] [Ground]: MCU2 send back: Gdoing*
[INFO] [1775394805.732030357] [Ground]: MCU2 send back: Gdoing*
[INFO] [1775394805.851886289] [Ground]: MCU2 send back: Gdoing*
[INFO] [1775394805.970988471] [Ground]: MCU2 send back: Gdoing*
[INFO] [1775394806.097595795] [Ground]: MCU2 send back: Gdoing*
[INFO] [1775394806.211095152] [Ground]: MCU2 send back: Gdoing*
[INFO] [1775394806.333799286] [Ground]: MCU2 send back: Gdoing*
[INFO] [1775394806.452108393] [Ground]: MCU2 send back: Gdoing*
[INFO] [1775394806.572320479] [Ground]: MCU2 send back: Gdoing*
[INFO] [1775394806.692850346] [Ground]: MCU2 send back: Gdoing*
[INFO] [1775394806.813019030] [Ground]: MCU2 send back: Gdoing*
[INFO] [1775394807.033669715] [Ground]: MCU2 send back: Gdoing*
[INFO] [1775394807.052937216] [Ground]: MCU2 send back: Gdoing*
[INFO] [1775394807.236324156] [Ground]: MCU2 send back: Gdoing*
[INFO] [1775394807.294323005] [Ground]: MCU2 send back: Gdoing*
[INFO] [1775394807.431262797] [Ground]: MCU2 send back: Gdoing*
[INFO] [1775394807.574935444] [Ground]: MCU2 send back: Gdoing*
[INFO] [1775394807.730000298] [Ground]: MCU2 send back: Gdoing*
[INFO] [1775394807.822685881] [Ground]: MCU2 send back: Gdoing*
[INFO] [1775394807.895661270] [Ground]: MCU2 send back: Gdoing*
[INFO] [1775394808.049398621] [Ground]: MCU2 send back: Gdoing*
[INFO] [1775394808.136309689] [Ground]: MCU2 send back: Gdoing*
[INFO] [1775394808.254541464] [Ground]: MCU2 send back: Gdoing*
[INFO] [1775394808.471324916] [Ground]: MCU2 send back: Gdoing*
[INFO] [1775394808.496269703] [Ground]: MCU2 send back: Gdoing*
[INFO] [1775394808.649886389] [Ground]: MCU2 send back: Gdoing*
[INFO] [1775394808.737044947] [Ground]: MCU2 send back: Gdoing*
[INFO] [1775394808.856460528] [Ground]: MCU2 send back: Gdoing*
[INFO] [1775394809.031068522] [Ground]: MCU2 send back: Gdoing*
[INFO] [1775394809.096701984] [Ground]: MCU2 send back: Gdoing*
[INFO] [1775394809.284933769] [Ground]: MCU2 send back: Gdoing*
[INFO] [1775394809.336411977] [Ground]: MCU2 send back: Gdoing*
[INFO] [1775394809.490831966] [Ground]: MCU2 send back: Gdoing*
[INFO] [1775394809.577477872] [Ground]: MCU2 send back: Gdoing*
[INFO] [1775394809.699399394] [Ground]: MCU2 send back: Gdoing*
[INFO] [1775394809.902822130] [Ground]: MCU2 send back: Gdoing*
[INFO] [1775394809.937529912] [Ground]: MCU2 send back: Gdoing*
[INFO] [1775394810.111143077] [Ground]: MCU2 send back: Gdoing*
[INFO] [1775394810.178728528] [Ground]: MCU2 send back: Gdoing*
[INFO] [1775394810.314660209] [Ground]: MCU2 send back: Gdoing*
[INFO] [1775394810.516311343] [Ground]: MCU2 send back: Gdoing*
[INFO] [1775394810.539886261] [Ground]: MCU2 send back: Gdoing*
[INFO] [1775394810.739491784] [Ground]: MCU2 send back: Gdoing*
[INFO] [1775394810.779698432] [Ground]: MCU2 send back: Gdoing*
[INFO] [1775394810.936664282] [Ground]: MCU2 send back: Gdoi