[INFO] [1775392355.731759505] [navNode]: paths: [
  {"x": 0.00, "y": 0.00, "z": 0.70, "label": "TakeOff", "qrcode": "", "label2": ""       , "qrcode2": "" },
  {"x":-0.25, "y": 0.75, "z": 0.80, "label": "A6"     , "qrcode": "", "label2": ""       , "qrcode2": "" },
  {"x":-0.25, "y": 0.75, "z": 1.20, "label": "A3"     , "qrcode": "", "label2": ""       , "qrcode2": "" },
  {"x":-0.25, "y": 1.25, "z": 1.20, "label": "A2"     , "qrcode": "", "label2": ""       , "qrcode2": "" },
  {"x":-0.25, "y": 1.25, "z": 0.80, "label": "A5"     , "qrcode": "", "label2": ""       , "qrcode2": "" },
  {"x":-0.25, "y": 1.75, "z": 0.80, "label": "A4"     , "qrcode": "", "label2": ""       , "qrcode2": "" },
  {"x":-0.25, "y": 1.75, "z": 1.20, "label": "A1"     , "qrcode": "", "label2": ""       , "qrcode2": "" },
  {"x":-0.25, "y": 2.00, "z": 0.70, "label": "UpSide1", "qrcode": "", "label2": ""       , "qrcode2": "" },
  {"x": 0.75, "y": 2.00, "z": 0.70, "label": "LandPos", "qrcode": "", "label2": ""       , "qrcode2": "" }
]

[INFO] [1775392355.735660840] [navNode]: 上位机导航节点启动成功
[INFO] [1775392427.581346166] [navNode]: 收到来自UI的请求：scan_all
[WARN] [1775392427.582919871] [navNode]: 任务开始执行scan_all
[INFO] [1775392427.683221958] [navNode]: 状态1：Takeoff--[TakeOff]
[INFO] [1775392427.696788807] [navNode]: takeoff 发送成功 → 飞行站已调用：takeoff服务
[INFO] [1775392427.715968908] [navNode]: MCU2 send back: Takeoffok
[INFO] [1775392427.782946246] [navNode]: 状态2：Takeoff_wait--[TakeOff]
[INFO] [1775392427.783329474] [navNode]: 未到目标点
目标位置:(0.0, 0.0, 0.7)-[TakeOff]-[MCU:False]-[POS:False]
当前位置:(-0.0019006883958354592, -0.0015962712932378054, -0.012449144385755062)
[INFO] [1775392427.883125870] [navNode]: 状态2：Takeoff_wait--[TakeOff]
[INFO] [1775392427.883536039] [navNode]: 未到目标点
目标位置:(0.0, 0.0, 0.7)-[TakeOff]-[MCU:False]-[POS:False]
当前位置:(-0.0021864718291908503, -0.002275529783219099, -0.011850172653794289)
[INFO] [1775392427.982926061] [navNode]: 状态2：Takeoff_wait--[TakeOff]
[INFO] [1775392427.983301720] [navNode]: 未到目标点
目标位置:(0.0, 0.0, 0.7)-[TakeOff]-[MCU:False]-[POS:False]
当前位置:(-0.002233069622889161, -0.001654663821682334, -0.011954257264733315)
[INFO] [1775392428.083007300] [navNode]: 状态2：Takeoff_wait--[TakeOff]
[INFO] [1775392428.083393537] [navNode]: 未到目标点
目标位置:(0.0, 0.0, 0.7)-[TakeOff]-[MCU:False]-[POS:False]
当前位置:(-0.0023437694180756807, -0.0017550871707499027, -0.012234837748110294)
[INFO] [1775392428.184175287] [navNode]: 状态2：Takeoff_wait--[TakeOff]
[INFO] [1775392428.184569688] [navNode]: 未到目标点
目标位置:(0.0, 0.0, 0.7)-[TakeOff]-[MCU:False]-[POS:False]
当前位置:(-0.0020189625211060047, -0.0018851537024602294, -0.012257135473191738)
[INFO] [1775392428.283563366] [navNode]: 状态2：Takeoff_wait--[TakeOff]
[INFO] [1775392428.283953747] [navNode]: 未到目标点
目标位置:(0.0, 0.0, 0.7)-[TakeOff]-[MCU:False]-[POS:False]
当前位置:(-0.001689492492005229, -0.0014316877350211143, -0.012694275006651878)
[INFO] [1775392428.383548617] [navNode]: 状态2：Takeoff_wait--[TakeOff]
[INFO] [1775392428.384257875] [navNode]: 未到目标点
目标位置:(0.0, 0.0, 0.7)-[TakeOff]-[MCU:False]-[POS:False]
当前位置:(-0.0013965112157166004, -0.0018085879273712635, -0.012913377024233341)
[INFO] [1775392428.483000675] [navNode]: 状态2：Takeoff_wait--[TakeOff]
[INFO] [1775392428.483360066] [navNode]: 未到目标点
目标位置:(0.0, 0.0, 0.7)-[TakeOff]-[MCU:False]-[POS:False]
当前位置:(-0.0013931000139564276, -0.0021079194266349077, -0.013196109794080257)
[INFO] [1775392428.583343021] [navNode]: 状态2：Takeoff_wait--[TakeOff]
[INFO] [1775392428.583752730] [navNode]: 未到目标点
目标位置:(0.0, 0.0, 0.7)-[TakeOff]-[MCU:False]-[POS:False]
当前位置:(-0.001581129850819707, -0.0015058977296575904, -0.012725434266030788)
[INFO] [1775392428.683033382] [navNode]: 状态2：Takeoff_wait--[TakeOff]
[INFO] [1775392428.683419517] [navNode]: 未到目标点
目标位置:(0.0, 0.0, 0.7)-[TakeOff]-[MCU:False]-[POS:False]
当前位置:(-0.0012951905373483896, -0.00138178956694901, -0.011590092442929745)
[INFO] [1775392428.782952775] [navNode]: 状态2：Takeoff_wait--[TakeOff]
[INFO] [1775392428.783382618] [navNode]: 未到目标点
目标位置:(0.0, 0.0, 0.7)-[TakeOff]-[MCU:False]-[POS:False]
当前位置:(-0.001792494091205299, -0.0016889047110453248, -0.011793244630098343)
[INFO] [1775392428.882981445] [navNode]: 状态2：Takeoff_wait--[TakeOff]
[INFO] [1775392428.883373328] [navNode]: 未到目标点
目标位置:(0.0, 0.0, 0.7)-[TakeOff]-[MCU:False]-[POS:False]
当前位置:(-0.0021518308203667402, -0.0017216316191479564, -0.011934521608054638)
[INFO] [1775392428.983064104] [navNode]: 状态2：Takeoff_wait--[TakeOff]
[INFO] [1775392428.983429580] [navNode]: 未到目标点
目标位置:(0.0, 0.0, 0.7)-[TakeOff]-[MCU:False]-[POS:False]
当前位置:(-0.0021622537169605494, -0.001627751742489636, -0.01229039579629898)
[INFO] [1775392429.084165798] [navNode]: 状态2：Takeoff_wait--[TakeOff]
[INFO] [1775392429.084528796] [navNode]: 未到目标点
目标位置:(0.0, 0.0, 0.7)-[TakeOff]-[MCU:False]-[POS:False]
当前位置:(-0.002119505312293768, -0.002213147934526205, -0.012304579839110374)
[INFO] [1775392429.183986608] [navNode]: 状态2：Takeoff_wait--[TakeOff]
[INFO] [1775392429.184427034] [navNode]: 未到目标点
目标位置:(0.0, 0.0, 0.7)-[TakeOff]-[MCU:False]-[POS:False]
当前位置:(-0.0020434269681572914, -0.001412597019225359, -0.011765092611312866)
[INFO] [1775392429.283268414] [navNode]: 状态2：Takeoff_wait--[TakeOff]
[INFO] [1775392429.283659795] [navNode]: 未到目标点
目标位置:(0.0, 0.0, 0.7)-[TakeOff]-[MCU:False]-[POS:False]
当前位置:(-0.002017393708229065, -0.0017458396032452583, -0.012254824861884117)
[INFO] [1775392429.383235655] [navNode]: 状态2：Takeoff_wait--[TakeOff]
[INFO] [1775392429.383615483] [navNode]: 未到目标点
目标位置:(0.0, 0.0, 0.7)-[TakeOff]-[MCU:False]-[POS:False]
当前位置:(-0.001999459695070982, -0.0015748253790661693, -0.011988520622253418)
[INFO] [1775392429.483002500] [navNode]: 状态2：Takeoff_wait--[TakeOff]
[INFO] [1775392429.483409694] [navNode]: 未到目标点
目标位置:(0.0, 0.0, 0.7)-[TakeOff]-[MCU:False]-[POS:False]
当前位置:(-0.002808741293847561, -0.0014432983007282019, -0.012034222483634949)
[INFO] [1775392429.584381188] [navNode]: 状态2：Takeoff_wait--[TakeOff]
[INFO] [1775392429.585216345] [navNode]: 未到目标点
目标位置:(0.0, 0.0, 0.7)-[TakeOff]-[MCU:False]-[POS:False]
当前位置:(-0.002812380902469158, -0.001044855685904622, -0.012155045755207539)
[INFO] [1775392429.683262869] [navNode]: 状态2：Takeoff_wait--[TakeOff]
[INFO] [1775392429.683639233] [navNode]: 未到目标点
目标位置:(0.0, 0.0, 0.7)-[TakeOff]-[MCU:False]-[POS:False]
当前位置:(-0.0025210543535649776, -0.001631421153433621, -0.011389537714421749)
[INFO] [1775392429.783426215] [navNode]: 状态2：Takeoff_wait--[TakeOff]
[INFO] [1775392429.783813482] [navNode]: 未到目标点
目标位置:(0.0, 0.0, 0.7)-[TakeOff]-[MCU:False]-[POS:False]
当前位置:(-0.002561952918767929, -0.001601404044777155, -0.012135695666074753)
[INFO] [1775392429.883069399] [navNode]: 状态2：Takeoff_wait--[TakeOff]
[INFO] [1775392429.883437834] [navNode]: 未到目标点
目标位置:(0.0, 0.0, 0.7)-[TakeOff]-[MCU:False]-[POS:False]
当前位置:(-0.002052513649687171, -0.0012529678642749786, -0.012354002334177494)
[INFO] [1775392429.982791548] [navNode]: 状态2：Takeoff_wait--[TakeOff]
[INFO] [1775392429.983163061] [navNode]: 未到目标点
目标位置:(0.0, 0.0, 0.7)-[TakeOff]-[MCU:False]-[POS:False]
当前位置:(-0.0023717728909105062, -0.001739351311698556, -0.012172221206128597)
[INFO] [1775392430.083005664] [navNode]: 状态2：Takeoff_wait--[TakeOff]
[INFO] [1775392430.083406868] [navNode]: 未到目标点
目标位置:(0.0, 0.0, 0.7)-[TakeOff]-[MCU:False]-[POS:False]
当前位置:(-0.0029239547438919544, -0.002274167723953724, -0.012700839899480343)
[INFO] [1775392430.184564537] [navNode]: 状态2：Takeoff_wait--[TakeOff]
[INFO] [1775392430.185614278] [navNode]: 未到目标点
目标位置:(0.0, 0.0, 0.7)-[TakeOff]-[MCU:False]-[POS:False]
当前位置:(-0.003228195011615753, -0.001825542189180851, -0.01191556453704834)
[INFO] [1775392430.283336146] [navNode]: 状态2：Takeoff_wait--[TakeOff]
[INFO] [1775392430.283683959] [navNode]: 未到目标点
目标位置:(0.0, 0.0, 0.7)-[TakeOff]-[MCU:False]-[POS:False]
当前位置:(-0.0031991375144571066, -0.001905367593280971, -0.012218791991472244)
[INFO] [1775392430.382995358] [navNode]: 状态2：Takeoff_wait--[TakeOff]
[INFO] [1775392430.383388629] [navNode]: 未到目标点
目标位置:(0.0, 0.0, 0.7)-[TakeOff]-[MCU:False]-[POS:False]
当前位置:(-0.0032120489049702883, -0.001818305579945445, -0.012407607398927212)
[INFO] [1775392430.482971399] [navNode]: 状态2：Takeoff_wait--[TakeOff]
[INFO] [1775392430.483349017] [navNode]: 未到目标点
目标位置:(0.0, 0.0, 0.7)-[TakeOff]-[MCU:False]-[POS:False]
当前位置:(-0.003218097146600485, -0.0016942130168899894, -0.012060527689754963)
[INFO] [1775392430.583112392] [navNode]: 状态2：Takeoff_wait--[TakeOff]
[INFO] [1775392430.583554781] [navNode]: 未到目标点
目标位置:(0.0, 0.0, 0.7)-[TakeOff]-[MCU:False]-[POS:False]
当前位置:(-0.002584904432296753, -0.0020620503928512335, -0.012001726776361465)
[INFO] [1775392430.683122605] [navNode]: 状态2：Takeoff_wait--[TakeOff]
[INFO] [1775392430.683530161] [navNode]: 未到目标点
目标位置:(0.0, 0.0, 0.7)-[TakeOff]-[MCU:False]-[POS:False]
当前位置:(-0.0028321989811956882, -0.0015565584180876613, -0.011545060202479362)
[INFO] [1775392430.783413536] [navNode]: 状态2：Takeoff_wait--[TakeOff]
[INFO] [1775392430.783846374] [navNode]: 未到目标点
目标位置:(0.0, 0.0, 0.7)-[TakeOff]-[MCU:False]-[POS:False]
当前位置:(-0.0036354814656078815, -0.0019774020183831453, -0.012334582395851612)
[INFO] [1775392430.883090892] [navNode]: 状态2：Takeoff_wait--[TakeOff]
[INFO] [1775392430.883936282] [navNode]: 未到目标点
目标位置:(0.0, 0.0, 0.7)-[TakeOff]-[MCU:False]-[POS:False]
当前位置:(-0.0034643488470464945, -0.0026319457683712244, -0.011481725610792637)
[INFO] [1775392430.983482572] [navNode]: 状态2：Takeoff_wait--[TakeOff]
[INFO] [1775392430.984077343] [navNode]: 未到目标点
目标位置:(0.0, 0.0, 0.7)-[TakeOff]-[MCU:False]-[POS:False]
当前位置:(-0.0038640950806438923, -0.0029192534275352955, -0.010058855637907982)
[INFO] [1775392431.083101334] [navNode]: 状态2：Takeoff_wait--[TakeOff]
[INFO] [1775392431.083736736] [navNode]: 未到目标点
目标位置:(0.0, 0.0, 0.7)-[TakeOff]-[MCU:False]-[POS:False]
当前位置:(-0.002198844449594617, -0.0023018226493149996, -0.010517235845327377)
[INFO] [1775392431.183535715] [navNode]: 状态2：Takeoff_wait--[TakeOff]
[INFO] [1775392431.184242568] [navNode]: 未到目标点
目标位置:(0.0, 0.0, 0.7)-[TakeOff]-[MCU:False]-[POS:False]
当前位置:(-0.0049476162530481815, -0.0011431013699620962, -0.00950687937438488)
[INFO] [1775392431.283182862] [navNode]: 状态2：Takeoff_wait--[TakeOff]
[INFO] [1775392431.284099661] [navNode]: 未到目标点
目标位置:(0.0, 0.0, 0.7)-[TakeOff]-[MCU:False]-[POS:False]
当前位置:(-0.0008850923622958362, -0.0005480998079292476, -0.012917937710881233)
[INFO] [1775392431.383612677] [navNode]: 状态2：Takeoff_wait--[TakeOff]
[INFO] [1775392431.384081880] [navNode]: 未到目标点
目标位置:(0.0, 0.0, 0.7)-[TakeOff]-[MCU:False]-[POS:False]
当前位置:(-0.0027672171127051115, -0.002528154756873846, -0.010884330607950687)
[INFO] [1775392431.483358483] [navNode]: 状态2：Takeoff_wait--[TakeOff]
[INFO] [1775392431.483716946] [navNode]: 未到目标点
目标位置:(0.0, 0.0, 0.7)-[TakeOff]-[MCU:False]-[POS:False]
当前位置:(-0.004216358996927738, -0.0010485996026545763, -0.012088669463992119)
[INFO] [1775392431.584067539] [navNode]: 状态2：Takeoff_wait--[TakeOff]
[INFO] [1775392431.584432608] [navNode]: 未到目标点
目标位置:(0.0, 0.0, 0.7)-[TakeOff]-[MCU:False]-[POS:False]
当前位置:(-0.003039668081328273, 0.00023529439931735396, -0.007309592328965664)
[INFO] [1775392431.684045714] [navNode]: 状态2：Takeoff_wait--[TakeOff]
[INFO] [1775392431.684418394] [navNode]: 未到目标点
目标位置:(0.0, 0.0, 0.7)-[TakeOff]-[MCU:False]-[POS:False]
当前位置:(-0.004237220156937838, 0.0030979018192738295, -0.007697197142988443)
[INFO] [1775392431.783768630] [navNode]: 状态2：Takeoff_wait--[TakeOff]
[INFO] [1775392431.784141662] [navNode]: 未到目标点
目标位置:(0.0, 0.0, 0.7)-[TakeOff]-[MCU:False]-[POS:False]
当前位置:(-0.006915513891726732, 0.0070253475569188595, -0.0037431963719427586)
[INFO] [1775392431.883017631] [navNode]: 状态2：Takeoff_wait--[TakeOff]
[INFO] [1775392431.883392369] [navNode]: 未到目标点
目标位置:(0.0, 0.0, 0.7)-[TakeOff]-[MCU:False]-[POS:False]
当前位置:(-0.006523625459522009, 0.017545539885759354, 0.0027325625997036695)
[INFO] [1775392431.984222922] [navNode]: 状态2：Takeoff_wait--[TakeOff]
[INFO] [1775392431.984619486] [navNode]: 未到目标点
目标位置:(0.0, 0.0, 0.7)-[TakeOff]-[MCU:False]-[POS:False]
当前位置:(-0.008830059319734573, 0.023300467059016228, 0.009064365178346634)
[INFO] [1775392432.083672278] [navNode]: 状态2：Takeoff_wait--[TakeOff]
[INFO] [1775392432.084403732] [navNode]: 未到目标点
目标位置:(0.0, 0.0, 0.7)-[TakeOff]-[MCU:False]-[POS:False]
当前位置:(-0.011120425537228584, 0.03334403410553932, 0.02780478447675705)
[INFO] [1775392432.183397826] [navNode]: 状态2：Takeoff_wait--[TakeOff]
[INFO] [1775392432.184050689] [navNode]: 未到目标点
目标位置:(0.0, 0.0, 0.7)-[TakeOff]-[MCU:False]-[POS:False]
当前位置:(-0.011586488224565983, 0.04488558694720268, 0.04775182157754898)
[INFO] [1775392432.283874932] [navNode]: 状态2：Takeoff_wait--[TakeOff]
[INFO] [1775392432.284257148] [navNode]: 未到目标点
目标位置:(0.0, 0.0, 0.7)-[TakeOff]-[MCU:False]-[POS:False]
当前位置:(-0.014777367003262043, 0.05523659661412239, 0.07435942441225052)
[INFO] [1775392432.383182108] [navNode]: 状态2：Takeoff_wait--[TakeOff]
[INFO] [1775392432.383572376] [navNode]: 未到目标点
目标位置:(0.0, 0.0, 0.7)-[TakeOff]-[MCU:False]-[POS:False]
当前位置:(-0.014510400593280792, 0.07011613994836807, 0.10073695331811905)
[INFO] [1775392432.483869186] [navNode]: 状态2：Takeoff_wait--[TakeOff]
[INFO] [1775392432.484256468] [navNode]: 未到目标点
目标位置:(0.0, 0.0, 0.7)-[TakeOff]-[MCU:False]-[POS:False]
当前位置:(-0.014591499231755733, 0.07535004615783691, 0.12814432382583618)
[INFO] [1775392432.583268245] [navNode]: 状态2：Takeoff_wait--[TakeOff]
[INFO] [1775392432.584115351] [navNode]: 未到目标点
目标位置:(0.0, 0.0, 0.7)-[TakeOff]-[MCU:False]-[POS:False]
当前位置:(-0.012405521236360073, 0.07719524204730988, 0.15946774184703827)
[INFO] [1775392432.683601170] [navNode]: 状态2：Takeoff_wait--[TakeOff]
[INFO] [1775392432.684164874] [navNode]: 未到目标点
目标位置:(0.0, 0.0, 0.7)-[TakeOff]-[MCU:False]-[POS:False]
当前位置:(-0.013535303995013237, 0.08189955353736877, 0.18825964629650116)
[INFO] [1775392432.783777338] [navNode]: 状态2：Takeoff_wait--[TakeOff]
[INFO] [1775392432.784733300] [navNode]: 未到目标点
目标位置:(0.0, 0.0, 0.7)-[TakeOff]-[MCU:False]-[POS:False]
当前位置:(-0.008375072851777077, 0.07907769083976746, 0.21198567748069763)
[INFO] [1775392432.883712301] [navNode]: 状态2：Takeoff_wait--[TakeOff]
[INFO] [1775392432.884085840] [navNode]: 未到目标点
目标位置:(0.0, 0.0, 0.7)-[TakeOff]-[MCU:False]-[POS:False]
当前位置:(-0.00792018510401249, 0.08274058252573013, 0.2293354868888855)
[INFO] [1775392432.984115162] [navNode]: 状态2：Takeoff_wait--[TakeOff]
[INFO] [1775392432.984505026] [navNode]: 未到目标点
目标位置:(0.0, 0.0, 0.7)-[TakeOff]-[MCU:False]-[POS:False]
当前位置:(-0.005873550195246935, 0.07722625136375427, 0.2558368742465973)
[INFO] [1775392433.083384854] [navNode]: 状态2：Takeoff_wait--[TakeOff]
[INFO] [1775392433.083815800] [navNode]: 未到目标点
目标位置:(0.0, 0.0, 0.7)-[TakeOff]-[MCU:False]-[POS:False]
当前位置:(-0.0049545131623744965, 0.07310330867767334, 0.27662819623947144)
[INFO] [1775392433.183996024] [navNode]: 状态2：Takeoff_wait--[TakeOff]
[INFO] [1775392433.184403424] [navNode]: 未到目标点
目标位置:(0.0, 0.0, 0.7)-[TakeOff]-[MCU:False]-[POS:False]
当前位置:(-0.004025585018098354, 0.07155340164899826, 0.2947988212108612)
[INFO] [1775392433.283536962] [navNode]: 状态2：Takeoff_wait--[TakeOff]
[INFO] [1775392433.284202695] [navNode]: 未到目标点
目标位置:(0.0, 0.0, 0.7)-[TakeOff]-[MCU:False]-[POS:False]
当前位置:(-2.7742707970901392e-06, 0.06934935599565506, 0.31496062874794006)
[INFO] [1775392433.383017753] [navNode]: 状态2：Takeoff_wait--[TakeOff]
[INFO] [1775392433.383400212] [navNode]: 未到目标点
目标位置:(0.0, 0.0, 0.7)-[TakeOff]-[MCU:False]-[POS:False]
当前位置:(0.00040773971704766154, 0.06765624135732651, 0.3361639976501465)
[INFO] [1775392433.483396175] [navNode]: 状态2：Takeoff_wait--[TakeOff]
[INFO] [1775392433.483830332] [navNode]: 未到目标点
目标位置:(0.0, 0.0, 0.7)-[TakeOff]-[MCU:False]-[POS:False]
当前位置:(-9.329528256785125e-05, 0.0622398667037487, 0.36296793818473816)
[INFO] [1775392433.583260826] [navNode]: 状态2：Takeoff_wait--[TakeOff]
[INFO] [1775392433.584500464] [navNode]: 未到目标点
目标位置:(0.0, 0.0, 0.7)-[TakeOff]-[MCU:False]-[POS:False]
当前位置:(0.0030921727884560823, 0.058920472860336304, 0.3930070698261261)
[INFO] [1775392433.683236906] [navNode]: 状态2：Takeoff_wait--[TakeOff]
[INFO] [1775392433.683709404] [navNode]: 未到目标点
目标位置:(0.0, 0.0, 0.7)-[TakeOff]-[MCU:False]-[POS:False]
当前位置:(0.0032256373669952154, 0.059192538261413574, 0.42046570777893066)
[INFO] [1775392433.783012976] [navNode]: 状态2：Takeoff_wait--[TakeOff]
[INFO] [1775392433.783486004] [navNode]: 未到目标点
目标位置:(0.0, 0.0, 0.7)-[TakeOff]-[MCU:False]-[POS:False]
当前位置:(0.003945908043533564, 0.05166469141840935, 0.4534892439842224)
[INFO] [1775392433.883323276] [navNode]: 状态2：Takeoff_wait--[TakeOff]
[INFO] [1775392433.884320364] [navNode]: 未到目标点
目标位置:(0.0, 0.0, 0.7)-[TakeOff]-[MCU:False]-[POS:False]
当前位置:(0.005009695887565613, 0.04558341205120087, 0.4858267307281494)
[INFO] [1775392433.983046900] [navNode]: 状态2：Takeoff_wait--[TakeOff]
[INFO] [1775392433.983511489] [navNode]: 未到目标点
目标位置:(0.0, 0.0, 0.7)-[TakeOff]-[MCU:False]-[POS:False]
当前位置:(0.0041349525563418865, 0.0450562946498394, 0.5090562701225281)
[INFO] [1775392434.083427501] [navNode]: 状态2：Takeoff_wait--[TakeOff]
[INFO] [1775392434.083957567] [navNode]: 未到目标点
目标位置:(0.0, 0.0, 0.7)-[TakeOff]-[MCU:False]-[POS:False]
当前位置:(0.006727784406393766, 0.04318314045667648, 0.5318231582641602)
[INFO] [1775392434.183452727] [navNode]: 状态2：Takeoff_wait--[TakeOff]
[INFO] [1775392434.184180572] [navNode]: 未到目标点
目标位置:(0.0, 0.0, 0.7)-[TakeOff]-[MCU:False]-[POS:False]
当前位置:(0.00844745896756649, 0.03549787029623985, 0.5525459051132202)
[INFO] [1775392434.283324410] [navNode]: 状态2：Takeoff_wait--[TakeOff]
[INFO] [1775392434.283780863] [navNode]: 未到目标点
目标位置:(0.0, 0.0, 0.7)-[TakeOff]-[MCU:False]-[POS:False]
当前位置:(0.008444160223007202, 0.04077449068427086, 0.5641317367553711)
[INFO] [1775392434.383144122] [navNode]: 状态2：Takeoff_wait--[TakeOff]
[INFO] [1775392434.383633355] [navNode]: 未到目标点
目标位置:(0.0, 0.0, 0.7)-[TakeOff]-[MCU:False]-[POS:False]
当前位置:(0.009231945499777794, 0.03463536128401756, 0.5751055479049683)
[INFO] [1775392434.483384943] [navNode]: 状态2：Takeoff_wait--[TakeOff]
[INFO] [1775392434.483817875] [navNode]: 未到目标点
目标位置:(0.0, 0.0, 0.7)-[TakeOff]-[MCU:False]-[POS:False]
当前位置:(0.010073702782392502, 0.033154137432575226, 0.5905327796936035)
[INFO] [1775392434.583300398] [navNode]: 状态2：Takeoff_wait--[TakeOff]
[INFO] [1775392434.583751600] [navNode]: 未到目标点
目标位置:(0.0, 0.0, 0.7)-[TakeOff]-[MCU:False]-[POS:False]
当前位置:(0.010184240527451038, 0.032272279262542725, 0.5918117165565491)
[INFO] [1775392434.683602739] [navNode]: 状态2：Takeoff_wait--[TakeOff]
[INFO] [1775392434.684085528] [navNode]: 未到目标点
目标位置:(0.0, 0.0, 0.7)-[TakeOff]-[MCU:False]-[POS:False]
当前位置:(0.009548241272568703, 0.037484705448150635, 0.5904600024223328)
[INFO] [1775392434.783351693] [navNode]: 状态2：Takeoff_wait--[TakeOff]
[INFO] [1775392434.784197788] [navNode]: 未到目标点
目标位置:(0.0, 0.0, 0.7)-[TakeOff]-[MCU:False]-[POS:False]
当前位置:(0.008687262423336506, 0.027983224019408226, 0.5969908833503723)
[INFO] [1775392434.883094791] [navNode]: 状态2：Takeoff_wait--[TakeOff]
[INFO] [1775392434.883543573] [navNode]: 未到目标点
目标位置:(0.0, 0.0, 0.7)-[TakeOff]-[MCU:False]-[POS:False]
当前位置:(0.011089804582297802, 0.02820289134979248, 0.6036774516105652)
[INFO] [1775392434.983845098] [navNode]: 状态2：Takeoff_wait--[TakeOff]
[INFO] [1775392434.984372217] [navNode]: 未到目标点
目标位置:(0.0, 0.0, 0.7)-[TakeOff]-[MCU:False]-[POS:False]
当前位置:(0.012332892045378685, 0.020598093047738075, 0.614298939704895)
[INFO] [1775392435.083141992] [navNode]: 状态2：Takeoff_wait--[TakeOff]
[INFO] [1775392435.083601292] [navNode]: 未到目标点
目标位置:(0.0, 0.0, 0.7)-[TakeOff]-[MCU:False]-[POS:False]
当前位置:(0.00983103085309267, 0.025143245235085487, 0.6136459112167358)
[INFO] [1775392435.183288989] [navNode]: 状态2：Takeoff_wait--[TakeOff]
[INFO] [1775392435.183733631] [navNode]: 未到目标点
目标位置:(0.0, 0.0, 0.7)-[TakeOff]-[MCU:False]-[POS:False]
当前位置:(0.008246703073382378, 0.026504628360271454, 0.620012640953064)
[INFO] [1775392435.283080124] [navNode]: 状态2：Takeoff_wait--[TakeOff]
[INFO] [1775392435.283525746] [navNode]: 未到目标点
目标位置:(0.0, 0.0, 0.7)-[TakeOff]-[MCU:False]-[POS:False]
当前位置:(0.010803134180605412, 0.020385760813951492, 0.6194741725921631)
[INFO] [1775392435.383348618] [navNode]: 状态2：Takeoff_wait--[TakeOff]
[INFO] [1775392435.383787491] [navNode]: 未到目标点
目标位置:(0.0, 0.0, 0.7)-[TakeOff]-[MCU:False]-[POS:False]
当前位置:(0.01246014516800642, 0.02145365998148918, 0.6252120137214661)
[INFO] [1775392435.483306332] [navNode]: 状态2：Takeoff_wait--[TakeOff]
[INFO] [1775392435.483766474] [navNode]: 未到目标点
目标位置:(0.0, 0.0, 0.7)-[TakeOff]-[MCU:False]-[POS:False]
当前位置:(0.013503225520253181, 0.02397724613547325, 0.6256355047225952)
[INFO] [1775392435.583559068] [navNode]: 状态2：Takeoff_wait--[TakeOff]
[INFO] [1775392435.584015255] [navNode]: 未到目标点
目标位置:(0.0, 0.0, 0.7)-[TakeOff]-[MCU:False]-[POS:False]
当前位置:(0.010677737183868885, 0.01526042353361845, 0.6350179314613342)
[INFO] [1775392435.683920637] [navNode]: 状态2：Takeoff_wait--[TakeOff]
[INFO] [1775392435.684390014] [navNode]: 未到目标点
目标位置:(0.0, 0.0, 0.7)-[TakeOff]-[MCU:False]-[POS:False]
当前位置:(0.008153896778821945, 0.013736208900809288, 0.6393378973007202)
[INFO] [1775392435.783170025] [navNode]: 状态2：Takeoff_wait--[TakeOff]
[INFO] [1775392435.783628244] [navNode]: 未到目标点
目标位置:(0.0, 0.0, 0.7)-[TakeOff]-[MCU:False]-[POS:False]
当前位置:(0.006486539728939533, 0.011271009221673012, 0.6449199318885803)
[INFO] [1775392435.883122906] [navNode]: 状态2：Takeoff_wait--[TakeOff]
[INFO] [1775392435.883613531] [navNode]: 未到目标点
目标位置:(0.0, 0.0, 0.7)-[TakeOff]-[MCU:False]-[POS:False]
当前位置:(0.006598121486604214, 0.019198734313249588, 0.6457403302192688)
[INFO] [1775392435.983221604] [navNode]: 状态2：Takeoff_wait--[TakeOff]
[INFO] [1775392435.983668850] [navNode]: 已到目标点
目标位置:TakeOff:(0.0, 0.0, 0.7)-[TakeOff]-[MCU:False]-[POS:True]
当前位置:(0.007198605220764875, 0.02232990600168705, 0.6522990465164185)

[INFO] [1775392436.083239626] [navNode]: 状态3：SetAim--[TakeOff]
[INFO] [1775392436.183209029] [navNode]: 状态4：WaitAim--[TakeOff]
[INFO] [1775392436.184303550] [navNode]: 已到目标点
目标位置:TakeOff:(0.0, 0.0, 0.7)-[TakeOff]-[MCU:False]-[POS:True]
当前位置:(0.006011275574564934, 0.007152280770242214, 0.6654574871063232)

[INFO] [1775392436.283124520] [navNode]: 状态5：ArriveAim--[TakeOff]
[INFO] [1775392436.383669977] [navNode]: 状态3：SetAim--[TakeOff]
[ERROR] [1775392436.635232793] [navNode]: 发送 G-02500+07500+08000 失败: ROS2 服务 [ControlService] 未启动或超时
[INFO] [1775392436.636090610] [navNode]: 状态4：WaitAim--[A6]
[INFO] [1775392436.636430782] [navNode]: 未到目标点
目标位置:(-0.25, 0.75, 0.8)-[A6]-[MCU:False]-[POS:False]
当前位置:(0.005309124477207661, 0.011988524347543716, 0.6746297478675842)
[INFO] [1775392436.683153234] [navNode]: 状态4：WaitAim--[A6]
[INFO] [1775392436.684332208] [navNode]: 未到目标点
目标位置:(-0.25, 0.75, 0.8)-[A6]-[MCU:False]-[POS:False]
当前位置:(0.006001864559948444, 0.0056081777438521385, 0.6780667304992676)
[INFO] [1775392436.783319480] [navNode]: 状态4：WaitAim--[A6]
[INFO] [1775392436.783771203] [navNode]: 未到目标点
目标位置:(-0.25, 0.75, 0.8)-[A6]-[MCU:False]-[POS:False]
当前位置:(0.003189164912328124, 0.004921972751617432, 0.6772963404655457)
[INFO] [1775392436.819936750] [navNode]: MCU2 send back: Gdone*
[INFO] [1775392436.820784308] [navNode]: mcu:已到目标点-[A6]
[INFO] [1775392436.883115506] [navNode]: 状态4：WaitAim--[A6]
[INFO] [1775392436.883591775] [navNode]: 已到目标点
目标位置:A6:(-0.25, 0.75, 0.8)-[A6]-[MCU:True]-[POS:False]
当前位置:(0.0039284080266952515, 0.011223851703107357, 0.6800533533096313)

[INFO] [1775392436.983684803] [navNode]: 状态5：ArriveAim--[A6]
[INFO] [1775392437.083224731] [navNode]: 状态6：Delay--[A6]
[INFO] [1775392437.183785164] [navNode]: 状态6：Delay--[A6]
[INFO] [1775392437.283392151] [navNode]: 状态6：Delay--[A6]
[INFO] [1775392437.383276311] [navNode]: 状态6：Delay--[A6]
[INFO] [1775392437.483135276] [navNode]: 状态6：Delay--[A6]
[INFO] [1775392437.583636678] [navNode]: 状态6：Delay--[A6]
[INFO] [1775392437.683159036] [navNode]: 状态6：Delay--[A6]
[INFO] [1775392437.783196094] [navNode]: 状态6：Delay--[A6]
[INFO] [1775392437.841369027] [navNode]: MCU2 send back: Gdone*
[INFO] [1775392437.841790960] [navNode]: mcu:已到目标点-[A6]
[INFO] [1775392437.883100715] [navNode]: 状态6：Delay--[A6]
[INFO] [1775392437.983377693] [navNode]: 状态6：Delay--[A6]
[INFO] [1775392438.084035780] [navNode]: 状态6：Delay--[A6]
[INFO] [1775392438.183143271] [navNode]: 状态6：Delay--[A6]
[INFO] [1775392438.284008493] [navNode]: 状态6：Delay--[A6]
[INFO] [1775392438.383433498] [navNode]: 状态6：Delay--[A6]
[INFO] [1775392438.484000204] [navNode]: 状态6：Delay--[A6]
[INFO] [1775392438.582998625] [navNode]: 状态6：Delay--[A6]
[INFO] [1775392438.683565840] [navNode]: 状态6：Delay--[A6]
[INFO] [1775392438.783354809] [navNode]: 状态6：Delay--[A6]
[INFO] [1775392438.861981871] [navNode]: MCU2 send back: Gdone*
[INFO] [1775392438.862493957] [navNode]: mcu:已到目标点-[A6]
[INFO] [1775392438.882972642] [navNode]: 状态6：Delay--[A6]
[INFO] [1775392438.983650487] [navNode]: 状态6：Delay--[A6]
[INFO] [1775392439.083780805] [navNode]: 状态6：Delay--[A6]
[INFO] [1775392439.085280302] [navNode]: 延时结束,QR识别结果:前，后
[INFO] [1775392439.183380466] [navNode]: 状态6：Delay--[A6]
[INFO] [1775392439.283107247] [navNode]: 状态3：SetAim--[A6]
[ERROR] [1775392439.534131572] [navNode]: 发送 G-02500+07500+12000 失败: ROS2 服务 [ControlService] 未启动或超时
[INFO] [1775392439.535038568] [navNode]: 状态4：WaitAim--[A3]
[INFO] [1775392439.535395085] [navNode]: 已到目标点
目标位置:A3:(-0.25, 0.75, 1.2)-[A3]-[MCU:True]-[POS:False]
当前位置:(-0.020856181159615517, -0.024465126916766167, 0.6941357851028442)

[INFO] [1775392439.583180392] [navNode]: 状态5：ArriveAim--[A3]
[INFO] [1775392439.683235833] [navNode]: 状态6：Delay--[A3]
[INFO] [1775392439.783371069] [navNode]: 状态6：Delay--[A3]
[INFO] [1775392439.882152525] [navNode]: MCU2 send back: Gdone*
[INFO] [1775392439.882902237] [navNode]: mcu:已到目标点-[A3]
[INFO] [1775392439.884623712] [navNode]: 状态6：Delay--[A3]
[INFO] [1775392439.983280872] [navNode]: 状态6：Delay--[A3]
[INFO] [1775392440.083177630] [navNode]: 状态6：Delay--[A3]
[INFO] [1775392440.183406996] [navNode]: 状态6：Delay--[A3]
[INFO] [1775392440.283393171] [navNode]: 状态6：Delay--[A3]
[INFO] [1775392440.383488062] [navNode]: 状态6：Delay--[A3]
[INFO] [1775392440.483385480] [navNode]: 状态6：Delay--[A3]
[INFO] [1775392440.583759327] [navNode]: 状态6：Delay--[A3]
[INFO] [1775392440.683764817] [navNode]: 状态6：Delay--[A3]
[INFO] [1775392440.783439117] [navNode]: 状态6：Delay--[A3]
[INFO] [1775392440.883098373] [navNode]: 状态6：Delay--[A3]
[INFO] [1775392440.905524934] [navNode]: MCU2 send back: Gdone*
[INFO] [1775392440.906425390] [navNode]: mcu:已到目标点-[A3]
[INFO] [1775392440.983541889] [navNode]: 状态6：Delay--[A3]
[INFO] [1775392441.083068194] [navNode]: 状态6：Delay--[A3]
[INFO] [1775392441.183440202] [navNode]: 状态6：Delay--[A3]
[INFO] [1775392441.283030230] [navNode]: 状态6：Delay--[A3]
[INFO] [1775392441.383833934] [navNode]: 状态6：Delay--[A3]
[INFO] [1775392441.483554374] [navNode]: 状态6：Delay--[A3]
[INFO] [1775392441.583812210] [navNode]: 状态6：Delay--[A3]
[INFO] [1775392441.683120483] [navNode]: 状态6：Delay--[A3]
[INFO] [1775392441.684064982] [navNode]: 延时结束,QR识别结果:前，后
[INFO] [1775392441.783117224] [navNode]: 状态6：Delay--[A3]
[INFO] [1775392441.883078401] [navNode]: 状态3：SetAim--[A3]
[ERROR] [1775392442.134221344] [navNode]: 发送 G-02500+12500+12000 失败: ROS2 服务 [ControlService] 未启动或超时
[INFO] [1775392442.136234375] [navNode]: 状态4：WaitAim--[A2]
[INFO] [1775392442.136862471] [navNode]: 已到目标点
目标位置:A2:(-0.25, 1.25, 1.2)-[A2]-[MCU:True]-[POS:False]
当前位置:(-0.03447945415973663, -0.041355788707733154, 0.6741029620170593)

[INFO] [1775392442.137628159] [navNode]: MCU2 send back: Gdone*
[INFO] [1775392442.138006235] [navNode]: mcu:已到目标点-[A2]
[INFO] [1775392442.183099684] [navNode]: 状态5：ArriveAim--[A2]
[INFO] [1775392442.283305942] [navNode]: 状态6：Delay--[A2]
[INFO] [1775392442.383259254] [navNode]: 状态6：Delay--[A2]
[INFO] [1775392442.483728983] [navNode]: 状态6：Delay--[A2]
[INFO] [1775392442.583262721] [navNode]: 状态6：Delay--[A2]
[INFO] [1775392442.683626079] [navNode]: 状态6：Delay--[A2]
[INFO] [1775392442.783187654] [navNode]: 状态6：Delay--[A2]
[INFO] [1775392442.883293656] [navNode]: 状态6：Delay--[A2]
[INFO] [1775392442.946962769] [navNode]: MCU2 send back: Gdone*
[INFO] [1775392442.947454490] [navNode]: mcu:已到目标点-[A2]
[INFO] [1775392442.983277934] [navNode]: 状态6：Delay--[A2]
[INFO] [1775392443.083202514] [navNode]: 状态6：Delay--[A2]
[INFO] [1775392443.184040901] [navNode]: 状态6：Delay--[A2]
[INFO] [1775392443.282968995] [navNode]: 状态6：Delay--[A2]
[INFO] [1775392443.383339974] [navNode]: 状态6：Delay--[A2]
[INFO] [1775392443.483272497] [navNode]: 状态6：Delay--[A2]
[INFO] [1775392443.583075425] [navNode]: 状态6：Delay--[A2]
[INFO] [1775392443.683212679] [navNode]: 状态6：Delay--[A2]
[INFO] [1775392443.783204126] [navNode]: 状态6：Delay--[A2]
[INFO] [1775392443.883407522] [navNode]: 状态6：Delay--[A2]
[INFO] [1775392443.966420189] [navNode]: MCU2 send back: Gdone*
[INFO] [1775392443.966864032] [navNode]: mcu:已到目标点-[A2]
[INFO] [1775392443.983683036] [navNode]: 状态6：Delay--[A2]
[INFO] [1775392444.084139955] [navNode]: 状态6：Delay--[A2]
[INFO] [1775392444.183226132] [navNode]: 状态6：Delay--[A2]
[INFO] [1775392444.284152193] [navNode]: 状态6：Delay--[A2]
[INFO] [1775392444.285028997] [navNode]: 延时结束,QR识别结果:前，后
[INFO] [1775392444.383086070] [navNode]: 状态6：Delay--[A2]
[INFO] [1775392444.483080994] [navNode]: 状态3：SetAim--[A2]
[ERROR] [1775392444.734156613] [navNode]: 发送 G-02500+12500+08000 失败: ROS2 服务 [ControlService] 未启动或超时
[INFO] [1775392444.736274810] [navNode]: 状态4：WaitAim--[A5]
[INFO] [1775392444.736670863] [navNode]: 已到目标点
目标位置:A5:(-0.25, 1.25, 0.8)-[A5]-[MCU:True]-[POS:False]
当前位置:(-0.039854999631643295, -0.03512957692146301, 0.657043993473053)

[INFO] [1775392444.783539000] [navNode]: 状态5：ArriveAim--[A5]
[INFO] [1775392444.883395142] [navNode]: 状态6：Delay--[A5]
[INFO] [1775392444.983085051] [navNode]: 状态6：Delay--[A5]
[INFO] [1775392444.987104125] [navNode]: MCU2 send back: Gdone*
[INFO] [1775392444.987524925] [navNode]: mcu:已到目标点-[A5]
[INFO] [1775392445.083192021] [navNode]: 状态6：Delay--[A5]
[INFO] [1775392445.183224889] [navNode]: 状态6：Delay--[A5]
[INFO] [1775392445.283076351] [navNode]: 状态6：Delay--[A5]
[INFO] [1775392445.383852255] [navNode]: 状态6：Delay--[A5]
[INFO] [1775392445.483115907] [navNode]: 状态6：Delay--[A5]
[INFO] [1775392445.583086533] [navNode]: 状态6：Delay--[A5]
[INFO] [1775392445.683207730] [navNode]: 状态6：Delay--[A5]
[INFO] [1775392445.782950808] [navNode]: 状态6：Delay--[A5]
[INFO] [1775392445.884556538] [navNode]: 状态6：Delay--[A5]
[INFO] [1775392445.983008286] [navNode]: 状态6：Delay--[A5]
[INFO] [1775392446.008257083] [navNode]: MCU2 send back: Gdone*
[INFO] [1775392446.008624001] [navNode]: mcu:已到目标点-[A5]
[INFO] [1775392446.083236476] [navNode]: 状态6：Delay--[A5]
[INFO] [1775392446.183233341] [navNode]: 状态6：Delay--[A5]
[INFO] [1775392446.283070012] [navNode]: 状态6：Delay--[A5]
[INFO] [1775392446.383199721] [navNode]: 状态6：Delay--[A5]
[INFO] [1775392446.483295893] [navNode]: 状态6：Delay--[A5]
[INFO] [1775392446.583114470] [navNode]: 状态6：Delay--[A5]
[INFO] [1775392446.683117671] [navNode]: 状态6：Delay--[A5]
[INFO] [1775392446.783224503] [navNode]: 状态6：Delay--[A5]
[INFO] [1775392446.883480549] [navNode]: 状态6：Delay--[A5]
[INFO] [1775392446.884707003] [navNode]: 延时结束,QR识别结果:前，后
[INFO] [1775392446.983148589] [navNode]: 状态6：Delay--[A5]
[INFO] [1775392447.028365498] [navNode]: MCU2 send back: Gdone*
[INFO] [1775392447.028772523] [navNode]: mcu:已到目标点-[A5]
[INFO] [1775392447.083505467] [navNode]: 状态3：SetAim--[A5]
[ERROR] [1775392447.334510678] [navNode]: 发送 G-02500+17500+08000 失败: ROS2 服务 [ControlService] 未启动或超时
[INFO] [1775392447.335356998] [navNode]: 状态4：WaitAim--[A4]
[INFO] [1775392447.335703799] [navNode]: 已到目标点
目标位置:A4:(-0.25, 1.75, 0.8)-[A4]-[MCU:True]-[POS:False]
当前位置:(-0.04984286054968834, -0.04616124927997589, 0.6816706657409668)

[INFO] [1775392447.384287980] [navNode]: 状态5：ArriveAim--[A4]
[INFO] [1775392447.483361220] [navNode]: 状态6：Delay--[A4]
[INFO] [1775392447.583184052] [navNode]: 状态6：Delay--[A4]
[INFO] [1775392447.683125405] [navNode]: 状态6：Delay--[A4]
[INFO] [1775392447.783397134] [navNode]: 状态6：Delay--[A4]
[INFO] [1775392447.883178694] [navNode]: 状态6：Delay--[A4]
[INFO] [1775392447.983307151] [navNode]: 状态6：Delay--[A4]
[INFO] [1775392448.048992975] [navNode]: MCU2 send back: Gdone*
[INFO] [1775392448.049753566] [navNode]: mcu:已到目标点-[A4]
[INFO] [1775392448.084113797] [navNode]: 状态6：Delay--[A4]
[INFO] [1775392448.183719921] [navNode]: 状态6：Delay--[A4]
[INFO] [1775392448.283271294] [navNode]: 状态6：Delay--[A4]
[INFO] [1775392448.383416708] [navNode]: 状态6：Delay--[A4]
[INFO] [1775392448.483359993] [navNode]: 状态6：Delay--[A4]
[INFO] [1775392448.583421081] [navNode]: 状态6：Delay--[A4]
[INFO] [1775392448.683214933] [navNode]: 状态6：Delay--[A4]
[INFO] [1775392448.783654227] [navNode]: 状态6：Delay--[A4]
[INFO] [1775392448.883176643] [navNode]: 状态6：Delay--[A4]
[INFO] [1775392448.983278385] [navNode]: 状态6：Delay--[A4]
[INFO] [1775392449.071799215] [navNode]: MCU2 send back: Gdone*
[INFO] [1775392449.072183158] [navNode]: mcu:已到目标点-[A4]
[INFO] [1775392449.083326748] [navNode]: 状态6：Delay--[A4]
[INFO] [1775392449.183476511] [navNode]: 状态6：Delay--[A4]
[INFO] [1775392449.283454491] [navNode]: 状态6：Delay--[A4]
[INFO] [1775392449.383509095] [navNode]: 状态6：Delay--[A4]
[INFO] [1775392449.484544695] [navNode]: 状态6：Delay--[A4]
[INFO] [1775392449.485580500] [navNode]: 延时结束,QR识别结果:前，后
[INFO] [1775392449.583478239] [navNode]: 状态6：Delay--[A4]
[INFO] [1775392449.683481011] [navNode]: 状态3：SetAim--[A4]
[ERROR] [1775392449.934500770] [navNode]: 发送 G-02500+17500+12000 失败: ROS2 服务 [ControlService] 未启动或超时
[INFO] [1775392449.935452269] [navNode]: 状态4：WaitAim--[A1]
[INFO] [1775392449.935802899] [navNode]: 已到目标点
目标位置:A1:(-0.25, 1.75, 1.2)-[A1]-[MCU:True]-[POS:False]
当前位置:(-0.06707015633583069, -0.06369297951459885, 0.6838792562484741)

[INFO] [1775392449.983129167] [navNode]: 状态5：ArriveAim--[A1]
[INFO] [1775392450.083403696] [navNode]: 状态6：Delay--[A1]
[INFO] [1775392450.090583965] [navNode]: MCU2 send back: Gdone*
[INFO] [1775392450.090957746] [navNode]: mcu:已到目标点-[A1]
[INFO] [1775392450.183304725] [navNode]: 状态6：Delay--[A1]
[INFO] [1775392450.284183512] [navNode]: 状态6：Delay--[A1]
[INFO] [1775392450.383496888] [navNode]: 状态6：Delay--[A1]
[INFO] [1775392450.483385588] [navNode]: 状态6：Delay--[A1]
[INFO] [1775392450.583866742] [navNode]: 状态6：Delay--[A1]
[INFO] [1775392450.683268092] [navNode]: 状态6：Delay--[A1]
[INFO] [1775392450.783870659] [navNode]: 状态6：Delay--[A1]
[INFO] [1775392450.883054903] [navNode]: 状态6：Delay--[A1]
[INFO] [1775392450.983282120] [navNode]: 状态6：Delay--[A1]
[INFO] [1775392451.083244323] [navNode]: 状态6：Delay--[A1]
[INFO] [1775392451.112849051] [navNode]: MCU2 send back: Gdone*
[INFO] [1775392451.113349591] [navNode]: mcu:已到目标点-[A1]
[INFO] [1775392451.183742674] [navNode]: 状态6：Delay--[A1]
[INFO] [1775392451.283727344] [navNode]: 状态6：Delay--[A1]
[INFO] [1775392451.383262645] [navNode]: 状态6：Delay--[A1]
[INFO] [1775392451.485666687] [navNode]: 状态6：Delay--[A1]
[INFO] [1775392451.583487093] [navNode]: 状态6：Delay--[A1]
[INFO] [1775392451.683534342] [navNode]: 状态6：Delay--[A1]
[INFO] [1775392451.783442324] [navNode]: 状态6：Delay--[A1]
[INFO] [1775392451.883349120] [navNode]: 状态6：Delay--[A1]
[INFO] [1775392451.983843588] [navNode]: 状态6：Delay--[A1]
[INFO] [1775392452.083820163] [navNode]: 状态6：Delay--[A1]
[INFO] [1775392452.085063873] [navNode]: 延时结束,QR识别结果:前，后
[INFO] [1775392452.133775074] [navNode]: MCU2 send back: Gdone*
[INFO] [1775392452.134187072] [navNode]: mcu:已到目标点-[A1]
[INFO] [1775392452.183712550] [navNode]: 状态6：Delay--[A1]
[INFO] [1775392452.283824514] [navNode]: 状态3：SetAim--[A1]
[ERROR] [1775392452.535888549] [navNode]: 发送 G-02500+20000+07000 失败: ROS2 服务 [ControlService] 未启动或超时
[INFO] [1775392452.537360286] [navNode]: 状态4：WaitAim--[UpSide1]
[INFO] [1775392452.537724908] [navNode]: 已到目标点
目标位置:UpSide1:(-0.25, 2.0, 0.7)-[UpSide1]-[MCU:True]-[POS:False]
当前位置:(-0.07501361519098282, -0.0674891546368599, 0.6920537352561951)

[INFO] [1775392452.583900335] [navNode]: 状态5：ArriveAim--[UpSide1]
[INFO] [1775392452.683624685] [navNode]: 状态3：SetAim--[UpSide1]
[ERROR] [1775392452.934680202] [navNode]: 发送 normalLand 失败: ROS2 服务 [ControlService] 未启动或超时
[INFO] [1775392452.935787800] [navNode]: 状态7：Land--[降落开始]
[INFO] [1775392452.936204590] [navNode]: 已到目标点
目标位置:LandPos:(0.75, 2.0, 0.7)-[LandPos]-[MCU:True]-[POS:False]
当前位置:(-0.07281464338302612, -0.07272016257047653, 0.6944729089736938)

[INFO] [1775392452.983159475] [navNode]: 状态8：End--[任务结束]
[INFO] [1775392453.154181804] [navNode]: MCU2 send back: Gdone*
[INFO] [1775392453.154576816] [navNode]: mcu:已到目标点-[LandPos]
[INFO] [1775392454.174837788] [navNode]: MCU2 send back: Gdone*
[INFO] [1775392454.175179784] [navNode]: mcu:已到目标点-[LandPos]
[INFO] [1775392455.195106413] [navNode]: MCU2 send back: Gdone*
[INFO] [1775392455.195539017] [navNode]: mcu:已到目标点-[LandPos]
[INFO] [1775392456.215918080] [navNode]: MCU2 send back: Gdone*
[INFO] [1775392456.216284586] [navNode]: mcu:已到目标点-[LandPos]
[INFO] [1775392457.238650204] [navNode]: MCU2 send back: Gdone*
[INFO] [1775392457.238997317] [navNode]: mcu:已到目标点-[LandPos]
[INFO] [1775392458.257689722] [navNode]: MCU2 send back: Gdone*
[INFO] [1775392458.258055211] [navNode]: mcu:已到目标点-[LandPos]
[INFO] [1775392459.279758836] [navNode]: MCU2 send back: Gdone*
[INFO] [1775392459.280096551] [navNode]: mcu:已到目标点-[LandPos]
[INFO] [1775392460.299656666] [navNode]: MCU2 send back: Gdone*
[INFO] [1775392460.300283273] [navNode]: mcu:已到目标点-[LandPos]
[INFO] [1775392461.322092253] [navNode]: MCU2 send back: Gdone*
[INFO] [1775392461.322621380] [navNode]: mcu:已到目标点-[LandPos]
[INFO] [1775392462.340969912] [navNode]: MCU2 send back: Gdone*
[INFO] [1775392462.341300097] [navNode]: mcu:已到目标点-[LandPos]
[INFO] [1775392463.361374439] [navNode]: MCU2 send back: Gdone*
[INFO] [1775392463.361936896] [navNode]: mcu:已到目标点-[LandPos]
[INFO] [1775392464.382764380] [navNode]: MCU2 send back: Gdone*
[INFO] [1775392464.384158678] [navNode]: mcu:已到目标点-[LandPos]
[INFO] [1775392465.404285043] [navNode]: MCU2 send back: Gdone*
[INFO] [1775392465.404611949] [navNode]: mcu:已到目标点-[LandPos]
[INFO] [1775392466.424232606] [navNode]: MCU2 send back: Gdone*
[INFO] [1775392466.424554713] [navNode]: mcu:已到目标点-[LandPos]
[INFO] [1775392467.445950710] [navNode]: MCU2 send back: Gdone*
[INFO] [1775392467.446663519] [navNode]: mcu:已到目标点-[LandPos]
[INFO] [1775392468.466045512] [navNode]: MCU2 send back: Gdone*
[INFO] [1775392468.466374779] [navNode]: mcu:已到目标点-[LandPos]
[INFO] [1775392469.487131617] [navNode]: MCU2 send back: Gdone*
[INFO] [1775392469.487462685] [navNode]: mcu:已到目标点-[LandPos]
[INFO] [1775392470.510023208] [navNode]: MCU2 send back: Gdone*
[INFO] [1775392470.510799758] [navNode]: mcu:已到目标点-[LandPos]
[INFO] [1775392471.528271676] [navNode]: MCU2 send back: Gdone*
[INFO] [1775392471.528982819] [navNode]: mcu:已到目标点-[LandPos]
[INFO] [1775392472.549175313] [navNode]: MCU2 send back: Gdone*
[INFO] [1775392472.549562369] [navNode]: mcu:已到目标点-[LandPos]
[INFO] [1775392473.569560341] [navNode]: MCU2 send back: Gdone*
[INFO] [1775392473.569906340] [navNode]: mcu:已到目标点-[LandPos]
[INFO] [1775392474.590871479] [navNode]: MCU2 send back: Gdone*
[INFO] [1775392474.591384843] [navNode]: mcu:已到目标点-[LandPos]
[INFO] [1775392475.611504529] [navNode]: MCU2 send back: Gdone*
[INFO] [1775392475.611854351] [navNode]: mcu:已到目标点-[LandPos]
[INFO] [1775392476.633983118] [navNode]: MCU2 send back: Gdone*
[INFO] [1775392476.634351919] [navNode]: mcu:已到目标点-[LandPos]
[INFO] [1775392477.653445423] [navNode]: MCU2 send back: Gdone*
[INFO] [1775392477.653749518] [navNode]: mcu:已到目标点-[LandPos]
[INFO] [1775392478.675653111] [navNode]: MCU2 send back: Gdone*
[INFO] [1775392478.675973836] [navNode]: mcu:已到目标点-[LandPos]
[INFO] [1775392479.696407560] [navNode]: MCU2 send back: Gdone*
[INFO] [1775392479.696723711] [navNode]: mcu:已到目标点-[LandPos]
[INFO] [1775392480.717968749] [navNode]: MCU2 send back: Gdone*
[INFO] [1775392480.718287838] [navNode]: mcu:已到目标点-[LandPos]
[INFO] [1775392481.739068998] [navNode]: MCU2 send back: Gdone*
[INFO] [1775392481.739405661] [navNode]: mcu:已到目标点-[LandPos]
[INFO] [1775392482.758826410] [navNode]: MCU2 send back: Gdone*
[INFO] [1775392482.759167030] [navNode]: mcu:已到目标点-[LandPos]
[INFO] [1775392483.780444063] [navNode]: MCU2 send back: Gdone*
[INFO] [1775392483.780740934] [navNode]: mcu:已到目标点-[LandPos]
[INFO] [1775392484.800639922] [navNode]: MCU2 send back: Gdone*
[INFO] [1775392484.801095087] [navNode]: mcu:已到目标点-[LandPos]
[INFO] [1775392485.821321172] [navNode]: MCU2 send back: Gdone*
[INFO] [1775392485.822263578] [navNode]: mcu:已到目标点-[LandPos]
[INFO] [1775392486.842966971] [navNode]: MCU2 send back: Gdone*
[INFO] [1775392486.843278551] [navNode]: mcu:已到目标点-[LandPos]
[INFO] [1775392487.864865420] [navNode]: MCU2 send back: Gdone*
[INFO] [1775392487.865194872] [navNode]: mcu:已到目标点-[LandPos]
[INFO] [1775392488.884314847] [navNode]: MCU2 send back: Gdone*
[INFO] [1775392488.884632130] [navNode]: mcu:已到目标点-[LandPos]
[INFO] [1775392489.905601470] [navNode]: MCU2 send back: Gdone*
[INFO] [1775392489.905926815] [navNode]: mcu:已到目标点-[LandPos]
[INFO] [1775392490.925758290] [navNode]: MCU2 send back: Gdone*
[INFO] [1775392490.926073987] [navNode]: mcu:已到目标点-[LandPos]
[INFO] [1775392491.948183904] [navNode]: MCU2 send back: Gdone*
[INFO] [1775392491.948508043] [navNode]: mcu:已到目标点-[LandPos]
[INFO] [1775392492.968750908] [navNode]: MCU2 send back: Gdone*
[INFO] [1775392492.969056394] [navNode]: mcu:已到目标点-[LandPos]
[INFO] [1775392493.988668610] [navNode]: MCU2 send back: Gdone*
[INFO] [1775392493.989160852] [navNode]: mcu:已到目标点-[LandPos]
