[INFO] [1774503409.886803286] [Ground]: ros2 node launch success:Ground!
[INFO] [1774507075.007483185] [Ground]: takeoff 发送成功 → 飞行站已调用：takeoff服务
[INFO] [1774507075.032788030] [Ground]: MCU2 send back: Takeoffok
[INFO] [1774507078.904722648] [Ground]: takeoff 发送成功 → 飞行站已调用：takeoff服务
[INFO] [1774507078.924680062] [Ground]: MCU2 send back: Takeoffok
[INFO] [1774507082.923301663] [Ground]: G+02000+00001+00001 发送成功 → 飞行站已调用：G+02000+00001+00001服务
[INFO] [1774507082.949222220] [Ground]: MCU2 send back: +02000+00001+00001
[INFO] [1774507085.158613324] [Ground]: G+01999-00000+00002 发送成功 → 飞行站已调用：G+01999-00000+00002服务
[INFO] [1774507085.188377579] [Ground]: MCU2 send back: +01999-00000+00002
[INFO] [1774507090.120286076] [Ground]: G+02000+00000+00002 发送成功 → 飞行站已调用：G+02000+00000+00002服务
[INFO] [1774507090.148701037] [Ground]: MCU2 send back: +02000+00000+00002
[INFO] [1774507099.290861399] [Ground]: G+00001-00000+00002 发送成功 → 飞行站已调用：G+00001-00000+00002服务
[INFO] [1774507099.321889264] [Ground]: MCU2 send back: +00001-00000+00002
[INFO] [1774507104.577195355] [Ground]: G-01998+00001+00002 发送成功 → 飞行站已调用：G-01998+00001+00002服务
[INFO] [1774507104.605531441] [Ground]: MCU2 send back: -01998+00001+00002
[INFO] [1774507107.314276074] [Ground]: G-00000+01999+00001 发送成功 → 飞行站已调用：G-00000+01999+00001服务
[INFO] [1774507107.341658364] [Ground]: MCU2 send back: -00000+01999+00001
[INFO] [1774507108.421326022] [Ground]: G-00000-02000+00001 发送成功 → 飞行站已调用：G-00000-02000+00001服务
[INFO] [1774507108.447713463] [Ground]: MCU2 send back: -00000-02000+00001
[INFO] [1774507109.892084016] [Ground]: G-00000-00001+01301 发送成功 → 飞行站已调用：G-00000-00001+01301服务
[INFO] [1774507109.925482231] [Ground]: MCU2 send back: -00000-00001+01301
[INFO] [1774507112.346232244] [Ground]: G+00000-00000+01302 发送成功 → 飞行站已调用：G+00000-00000+01302服务
[INFO] [1774507112.375815944] [Ground]: MCU2 send back: +00000-00000+01302
[INFO] [1774507113.292262617] [Ground]: G+00001+00000+01302 发送成功 → 飞行站已调用：G+00001+00000+01302服务
[INFO] [1774507113.321857596] [Ground]: MCU2 send back: +00001+00000+01302
[INFO] [1774507114.199347002] [Ground]: G-00001-00000-01299 发送成功 → 飞行站已调用：G-00001-00000-01299服务
[INFO] [1774507114.226900687] [Ground]: MCU2 send back: -00001-00000-01299
[INFO] [1774507115.248011669] [Ground]: G+00001+00000-01298 发送成功 → 飞行站已调用：G+00001+00000-01298服务
[INFO] [1774507115.274997782] [Ground]: MCU2 send back: +00001+00000-01298
[INFO] [1774507116.728859533] [Ground]: G+00000+00000-01297 发送成功 → 飞行站已调用：G+00000+00000-01297服务
[INFO] [1774507116.757553773] [Ground]: MCU2 send back: +00000+00000-01297
[INFO] [1774507117.738824593] [Ground]: G-01997+00000+00002 发送成功 → 飞行站已调用：G-01997+00000+00002服务
[INFO] [1774507117.765424586] [Ground]: MCU2 send back: -01997+00000+00002
[INFO] [1774507118.628319633] [Ground]: G-00000-01999+00000 发送成功 → 飞行站已调用：G-00000-01999+00000服务
[INFO] [1774507118.656324024] [Ground]: MCU2 send back: -00000-01999+00000
[INFO] [1774507119.308654047] [Ground]: G-00000+00000+00002 发送成功 → 飞行站已调用：G-00000+00000+00002服务
[INFO] [1774507119.337972870] [Ground]: MCU2 send back: -00000+00000+00002
[INFO] [1774507119.828193806] [Ground]: G+02000+00001+00002 发送成功 → 飞行站已调用：G+02000+00001+00002服务
[INFO] [1774507119.856693873] [Ground]: MCU2 send back: +02000+00001+00002
[INFO] [1774507834.466656979] [Ground]: takeoff 发送成功 → 飞行站已调用：takeoff服务
[INFO] [1774507834.483099719] [Ground]: MCU2 send back: Takeoffok
[INFO] [1774507846.563310738] [Ground]: takeoff 发送成功 → 飞行站已调用：takeoff服务
[INFO] [1774507846.586187533] [Ground]: MCU2 send back: Takeoffok
[INFO] [1774507846.986714840] [Ground]: land 发送成功 → 飞行站已调用：land服务
[INFO] [1774507847.004713498] [Ground]: MCU2 send back: Landok
[INFO] [1774507847.175124158] [Ground]: land 发送成功 → 飞行站已调用：land服务
[INFO] [1774507847.196695898] [Ground]: MCU2 send back: Landok
[INFO] [1774507847.345779941] [Ground]: land 发送成功 → 飞行站已调用：land服务
[INFO] [1774507847.365672014] [Ground]: MCU2 send back: Landok
[INFO] [1774507847.513579495] [Ground]: land 发送成功 → 飞行站已调用：land服务
[INFO] [1774507847.536582750] [Ground]: MCU2 send back: Landok
[INFO] [1774507847.690847512] [Ground]: land 发送成功 → 飞行站已调用：land服务
[INFO] [1774507847.712567724] [Ground]: MCU2 send back: Landok
[INFO] [1774507847.856071055] [Ground]: land 发送成功 → 飞行站已调用：land服务
[INFO] [1774507847.877020532] [Ground]: MCU2 send back: Landok
[INFO] [1774507848.042863137] [Ground]: land 发送成功 → 飞行站已调用：land服务
[INFO] [1774507848.065133929] [Ground]: MCU2 send back: Landok
[INFO] [1774507848.745852424] [Ground]: land 发送成功 → 飞行站已调用：land服务
[INFO] [1774507848.767643437] [Ground]: MCU2 send back: Landok
[INFO] [1774507849.405945782] [Ground]: land 发送成功 → 飞行站已调用：land服务
[INFO] [1774507849.428044860] [Ground]: MCU2 send back: Landok
[INFO] [1774508042.305428198] [Ground]: takeoff 发送成功 → 飞行站已调用：takeoff服务
[INFO] [1774508042.328399478] [Ground]: MCU2 send back: Takeoffok
[INFO] [1774514194.391059848] [Ground]: takeoff 发送成功 → 飞行站已调用：takeoff服务
[INFO] [1774514194.412524273] [Ground]: MCU2 send back: Takeoffok
[INFO] [1774514203.410867627] [Ground]: G+01804+00178+09332 发送成功 → 飞行站已调用：G+01804+00178+09332服务
[INFO] [1774514203.437822026] [Ground]: MCU2 send back: +01804+00178+09332
[INFO] [1774514204.313789588] [Ground]: G+01818+00134+09617 发送成功 → 飞行站已调用：G+01818+00134+09617服务
[INFO] [1774514204.338085746] [Ground]: MCU2 send back: +01818+00134+09617
[INFO] [1774514204.534791226] [Ground]: MCU2 send back: Gdone*
[INFO] [1774514204.864170804] [Ground]: G+01852+00068+09593 发送成功 → 飞行站已调用：G+01852+00068+09593服务
[INFO] [1774514204.891939759] [Ground]: MCU2 send back: +01852+00068+09593
[INFO] [1774514205.557912238] [Ground]: MCU2 send back: Gdone*
[INFO] [1774514206.577235531] [Ground]: MCU2 send back: Gdoing*
[INFO] [1774514206.998580959] [Ground]: MCU2 send back: Gdone*
[INFO] [1774514207.601074386] [Ground]: MCU2 send back: Gdone*
[INFO] [1774514207.954107475] [Ground]: G+04082+00109+09618 发送成功 → 飞行站已调用：G+04082+00109+09618服务
[INFO] [1774514207.984558916] [Ground]: MCU2 send back: +04082+00109+09618
[INFO] [1774514208.359047144] [Ground]: MCU2 send back: Gdoing*
[INFO] [1774514208.621046172] [Ground]: MCU2 send back: Gdone*
[INFO] [1774514208.780568844] [Ground]: MCU2 send back: Gdone*
[INFO] [1774514209.533506370] [Ground]: G+06374+00107+09771 发送成功 → 飞行站已调用：G+06374+00107+09771服务
[INFO] [1774514209.561688139] [Ground]: MCU2 send back: +06374+00107+09771
[INFO] [1774514209.941355280] [Ground]: MCU2 send back: Gdoing*
[INFO] [1774514210.362276165] [Ground]: MCU2 send back: Gdone*
[INFO] [1774514210.662356665] [Ground]: MCU2 send back: Gdone*
[INFO] [1774514211.683583968] [Ground]: MCU2 send back: Gdone*
[INFO] [1774514212.668283092] [Ground]: G+08641+00079+09992 发送成功 → 飞行站已调用：G+08641+00079+09992服务
[INFO] [1774514212.692272794] [Ground]: MCU2 send back: +08641+00079+09992
[INFO] [1774514213.085093595] [Ground]: MCU2 send back: Gdoing*
[INFO] [1774514213.508962316] [Ground]: MCU2 send back: Gdone*
[INFO] [1774514213.725546382] [Ground]: MCU2 send back: Gdone*
[INFO] [1774514214.057278819] [Ground]: 识别到QR码: 19
[INFO] [1774514214.374671760] [Ground]: G+10925+00006+10094 发送成功 → 飞行站已调用：G+10925+00006+10094服务
[INFO] [1774514214.400241551] [Ground]: MCU2 send back: +10925+00006+10094
[INFO] [1774514214.788093661] [Ground]: MCU2 send back: Gdoing*
[INFO] [1774514215.208298029] [Ground]: MCU2 send back: Gdone*
[INFO] [1774514215.617091561] [Ground]: 识别到QR码: 10
[INFO] [1774514215.619490547] [Ground]: 识别到QR码: 19
[INFO] [1774514215.621537701] [Ground]: 识别到QR码: 2
[INFO] [1774514215.769259238] [Ground]: MCU2 send back: Gdone*
[INFO] [1774514215.988862952] [Ground]: 识别到QR码: 10
[INFO] [1774514216.389309629] [Ground]: 识别到QR码: 2
[INFO] [1774514216.425452545] [Ground]: 识别到QR码: 10
[INFO] [1774514216.428147516] [Ground]: 识别到QR码: 2
[INFO] [1774514216.629945086] [Ground]: 识别到QR码: 19
[INFO] [1774514216.631767575] [Ground]: 识别到QR码: 2
[INFO] [1774514216.789809005] [Ground]: MCU2 send back: Gdone*
[INFO] [1774514217.535488522] [Ground]: 识别到QR码: 2
[INFO] [1774514217.538593337] [Ground]: 识别到QR码: 10
[INFO] [1774514217.574851767] [Ground]: 识别到QR码: 2
[INFO] [1774514217.576425307] [Ground]: G+13276-00238+10389 发送成功 → 飞行站已调用：G+13276-00238+10389服务
[INFO] [1774514217.604321274] [Ground]: MCU2 send back: +13276-00238+10389
[INFO] [1774514217.993257796] [Ground]: MCU2 send back: Gdoing*
[INFO] [1774514218.410775997] [Ground]: MCU2 send back: Gdone*
[INFO] [1774514218.829728118] [Ground]: MCU2 send back: Gdone*
[INFO] [1774514218.951613064] [Ground]: 识别到QR码: 10
[INFO] [1774514218.958876077] [Ground]: 识别到QR码: 19
[INFO] [1774514218.965084872] [Ground]: 识别到QR码: 23
[INFO] [1774514218.966668398] [Ground]: 识别到QR码: 2
[INFO] [1774514218.989643774] [Ground]: 识别到QR码: 2
[INFO] [1774514219.646871541] [Ground]: 识别到QR码: 2
[INFO] [1774514219.650299250] [Ground]: 识别到QR码: 23
[INFO] [1774514219.653752133] [Ground]: 识别到QR码: 10
[INFO] [1774514219.840271965] [Ground]: 识别到QR码: 10
[INFO] [1774514219.854272604] [Ground]: MCU2 send back: Gdone*
[INFO] [1774514219.881012594] [Ground]: 识别到QR码: 23
[INFO] [1774514219.882820250] [Ground]: 识别到QR码: 10
[INFO] [1774514219.884854426] [Ground]: 识别到QR码: 2
[INFO] [1774514220.045379243] [Ground]: 识别到QR码: 10
[INFO] [1774514220.086258150] [Ground]: 识别到QR码: 2
[INFO] [1774514220.211483624] [Ground]: 识别到QR码: 10
[INFO] [1774514220.252622444] [Ground]: 识别到QR码: 19
[INFO] [1774514220.254680616] [Ground]: 识别到QR码: 2
[INFO] [1774514220.413305981] [Ground]: 识别到QR码: 19
[INFO] [1774514220.604868007] [Ground]: G+15360-00452+10542 发送成功 → 飞行站已调用：G+15360-00452+10542服务
[INFO] [1774514220.615659049] [Ground]: 识别到QR码: 10
[INFO] [1774514220.616587824] [Ground]: 识别到QR码: 2
[INFO] [1774514220.633340080] [Ground]: MCU2 send back: +15360-00452+10542
[INFO] [1774514220.656949888] [Ground]: 识别到QR码: 19
[INFO] [1774514220.659344569] [Ground]: 识别到QR码: 10
[INFO] [1774514220.850824918] [Ground]: 识别到QR码: 10
[INFO] [1774514220.854288731] [Ground]: 识别到QR码: 2
[INFO] [1774514221.011841060] [Ground]: MCU2 send back: Gdoing*
[INFO] [1774514221.267857908] [Ground]: 识别到QR码: 23
[INFO] [1774514221.269719912] [Ground]: 识别到QR码: 10
[INFO] [1774514221.435928250] [Ground]: MCU2 send back: Gdoing*
[INFO] [1774514221.471018852] [Ground]: 识别到QR码: 2
[INFO] [1774514221.490432220] [Ground]: 识别到QR码: 10
[INFO] [1774514221.701434065] [Ground]: 识别到QR码: 2
[INFO] [1774514221.704287647] [Ground]: 识别到QR码: 10
[INFO] [1774514221.852414546] [Ground]: MCU2 send back: Gdone*
[INFO] [1774514221.894496955] [Ground]: MCU2 send back: Gdone*
[INFO] [1774514222.298964623] [Ground]: 识别到QR码: 19
[INFO] [1774514222.301280042] [Ground]: 识别到QR码: 23
[INFO] [1774514222.305593919] [Ground]: 识别到QR码: 2
[INFO] [1774514222.310972985] [Ground]: 识别到QR码: 10
[INFO] [1774514222.431736935] [Ground]: 识别到QR码: 10
[INFO] [1774514222.433219806] [Ground]: 识别到QR码: 23
[INFO] [1774514222.434597971] [Ground]: 识别到QR码: 2
[INFO] [1774514222.567399452] [Ground]: G+17495-00908+10860 发送成功 → 飞行站已调用：G+17495-00908+10860服务
[INFO] [1774514222.593207594] [Ground]: MCU2 send back: +17495-00908+10860
[INFO] [1774514222.630736970] [Ground]: 识别到QR码: 23
[INFO] [1774514222.631858210] [Ground]: 识别到QR码: 19
[INFO] [1774514222.632945795] [Ground]: 识别到QR码: 10
[INFO] [1774514222.634282503] [Ground]: 识别到QR码: 2
[INFO] [1774514222.662735350] [Ground]: 识别到QR码: 10
[INFO] [1774514222.664250474] [Ground]: 识别到QR码: 2
[INFO] [1774514222.669028812] [Ground]: 识别到QR码: 23
[INFO] [1774514222.695525854] [Ground]: 识别到QR码: 19
[INFO] [1774514222.697889006] [Ground]: 识别到QR码: 23
[INFO] [1774514222.699430281] [Ground]: 识别到QR码: 2
[INFO] [1774514222.838191617] [Ground]: 识别到QR码: 23
[INFO] [1774514222.841001235] [Ground]: 识别到QR码: 2
[INFO] [1774514222.974003449] [Ground]: MCU2 send back: Gdoing*
[INFO] [1774514223.001847333] [Ground]: 识别到QR码: 19
[INFO] [1774514223.003732133] [Ground]: 识别到QR码: 23
[INFO] [1774514223.007002225] [Ground]: 识别到QR码: 2
[INFO] [1774514223.034615868] [Ground]: 识别到QR码: 2
[INFO] [1774514223.068935158] [Ground]: 识别到QR码: 10
[INFO] [1774514223.070837421] [Ground]: 识别到QR码: 19
[INFO] [1774514223.072348425] [Ground]: 识别到QR码: 23
[INFO] [1774514223.073901262] [Ground]: 识别到QR码: 2
[INFO] [1774514223.097997142] [Ground]: 识别到QR码: 23
[INFO] [1774514223.101199975] [Ground]: 识别到QR码: 19
[INFO] [1774514223.104031224] [Ground]: 识别到QR码: 2
[INFO] [1774514223.329954126] [Ground]: 识别到QR码: 19
[INFO] [1774514223.394764704] [Ground]: MCU2 send back: Gdone*
[INFO] [1774514223.466566010] [Ground]: 识别到QR码: 23
[INFO] [1774514223.469223037] [Ground]: 识别到QR码: 10
[INFO] [1774514223.472830160] [Ground]: 识别到QR码: 2
[INFO] [1774514223.603505745] [Ground]: 识别到QR码: 23
[INFO] [1774514223.605105370] [Ground]: 识别到QR码: 2
[INFO] [1774514223.607040676] [Ground]: 识别到QR码: 10
[INFO] [1774514223.639068896] [Ground]: 识别到QR码: 23
[INFO] [1774514223.641409673] [Ground]: 识别到QR码: 19
[INFO] [1774514223.642896565] [Ground]: 识别到QR码: 2
[INFO] [1774514223.735561201] [Ground]: 识别到QR码: 10
[INFO] [1774514223.737519436] [Ground]: 识别到QR码: 2
[INFO] [1774514223.779207318] [Ground]: 识别到QR码: 10
[INFO] [1774514223.780997007] [Ground]: 识别到QR码: 2
[INFO] [1774514223.788757748] [Ground]: 识别到QR码: 23
[INFO] [1774514223.807850468] [Ground]: 识别到QR码: 23
[INFO] [1774514223.809608118] [Ground]: 识别到QR码: 2
[INFO] [1774514223.836449648] [Ground]: 识别到QR码: 23
[INFO] [1774514223.838247980] [Ground]: 识别到QR码: 10
[INFO] [1774514223.839694229] [Ground]: 识别到QR码: 2
[INFO] [1774514223.937043554] [Ground]: MCU2 send back: Gdone*
[INFO] [1774514223.973896274] [Ground]: 识别到QR码: 23
[INFO] [1774514223.975818284] [Ground]: 识别到QR码: 2
[INFO] [1774514224.007699293] [Ground]: 识别到QR码: 19
[INFO] [1774514224.010403374] [Ground]: 识别到QR码: 23
[INFO] [1774514224.017825670] [Ground]: 识别到QR码: 2
[INFO] [1774514224.039154911] [Ground]: 识别到QR码: 19
[INFO] [1774514224.041470861] [Ground]: 识别到QR码: 10
[INFO] [1774514224.049604791] [Ground]: 识别到QR码: 23
[INFO] [1774514224.216363882] [Ground]: 识别到QR码: 10
[INFO] [1774514224.217621427] [Ground]: 识别到QR码: 19
[INFO] [1774514224.219058464] [Ground]: 识别到QR码: 23
[INFO] [1774514224.245750938] [Ground]: 识别到QR码: 2
[INFO] [1774514224.381905261] [Ground]: 识别到QR码: 23
[INFO] [1774514224.384953700] [Ground]: 识别到QR码: 2
[INFO] [1774514224.716396156] [Ground]: 识别到QR码: 23
[INFO] [1774514224.718070133] [Ground]: 识别到QR码: 19
[INFO] [1774514224.720031461] [Ground]: 识别到QR码: 10
[INFO] [1774514224.880261839] [Ground]: 识别到QR码: 19
[INFO] [1774514224.882082183] [Ground]: 识别到QR码: 23
[INFO] [1774514224.883303465] [Ground]: 识别到QR码: 2
[INFO] [1774514224.955802648] [Ground]: MCU2 send back: Gdone*
[INFO] [1774514225.019617180] [Ground]: 识别到QR码: 10
[INFO] [1774514225.020700759] [Ground]: 识别到QR码: 2
[INFO] [1774514225.024767117] [Ground]: 识别到QR码: 23
[INFO] [1774514225.152035377] [Ground]: 识别到QR码: 10
[INFO] [1774514225.154837880] [Ground]: 识别到QR码: 23
[INFO] [1774514225.156533978] [Ground]: 识别到QR码: 2
[INFO] [1774514225.179028685] [Ground]: 识别到QR码: 19
[INFO] [1774514225.182526392] [Ground]: 识别到QR码: 23
[INFO] [1774514225.183810810] [Ground]: 识别到QR码: 2
[INFO] [1774514225.281761991] [Ground]: 识别到QR码: 10
[INFO] [1774514225.283918690] [Ground]: 识别到QR码: 23
[INFO] [1774514225.285702865] [Ground]: 识别到QR码: 2
[INFO] [1774514225.315512085] [Ground]: 识别到QR码: 23
[INFO] [1774514225.413238843] [Ground]: 识别到QR码: 19
[INFO] [1774514225.415441933] [Ground]: 识别到QR码: 10
[INFO] [1774514225.419011952] [Ground]: 识别到QR码: 23
[INFO] [1774514225.421757248] [Ground]: 识别到QR码: 2
[INFO] [1774514225.557640132] [Ground]: 识别到QR码: 23
[INFO] [1774514225.559882538] [Ground]: 识别到QR码: 2
[INFO] [1774514225.651258542] [Ground]: 识别到QR码: 23
[INFO] [1774514225.655191626] [Ground]: 识别到QR码: 10
[INFO] [1774514225.657446506] [Ground]: 识别到QR码: 19
[INFO] [1774514225.659040628] [Ground]: 识别到QR码: 2
[INFO] [1774514225.681292384] [Ground]: 识别到QR码: 19
[INFO] [1774514225.683319146] [Ground]: 识别到QR码: 10
[INFO] [1774514225.812763755] [Ground]: 识别到QR码: 19
[INFO] [1774514225.815687419] [Ground]: 识别到QR码: 2
[INFO] [1774514225.817493233] [Ground]: 识别到QR码: 10
[INFO] [1774514225.977323134] [Ground]: MCU2 send back: Gdone*
[INFO] [1774514226.048825279] [Ground]: 识别到QR码: 10
[INFO] [1774514226.050348488] [Ground]: 识别到QR码: 19
[INFO] [1774514226.053159506] [Ground]: 识别到QR码: 23
[INFO] [1774514226.055034576] [Ground]: 识别到QR码: 2
[INFO] [1774514226.185904756] [Ground]: 识别到QR码: 23
[INFO] [1774514226.188006789] [Ground]: 识别到QR码: 2
[INFO] [1774514226.289550172] [Ground]: 识别到QR码: 2
[INFO] [1774514226.290953512] [Ground]: 识别到QR码: 19
[INFO] [1774514226.292373225] [Ground]: 识别到QR码: 10
[INFO] [1774514226.333424323] [Ground]: 识别到QR码: 23
[INFO] [1774514226.419833903] [Ground]: 识别到QR码: 10
[INFO] [1774514226.421466908] [Ground]: 识别到QR码: 2
[INFO] [1774514226.532092268] [Ground]: 识别到QR码: 19
[INFO] [1774514226.653985385] [Ground]: 识别到QR码: 23
[INFO] [1774514226.656684896] [Ground]: 识别到QR码: 10
[INFO] [1774514226.659631271] [Ground]: 识别到QR码: 2
[INFO] [1774514226.694134955] [Ground]: 识别到QR码: 23
[INFO] [1774514226.698032495] [Ground]: 识别到QR码: 2
[INFO] [1774514226.790204627] [Ground]: 识别到QR码: 23
[INFO] [1774514226.791187753] [Ground]: 识别到QR码: 2
[INFO] [1774514226.814718032] [Ground]: G+19297-01523+11003 发送成功 → 飞行站已调用：G+19297-01523+11003服务
[INFO] [1774514226.843050413] [Ground]: MCU2 send back: +19297-01523+11003
[INFO] [1774514226.888970282] [Ground]: 识别到QR码: 10
[INFO] [1774514226.890807467] [Ground]: 识别到QR码: 19
[INFO] [1774514227.061102259] [Ground]: 识别到QR码: 10
[INFO] [1774514227.062878480] [Ground]: 识别到QR码: 23
[INFO] [1774514227.070041352] [Ground]: 识别到QR码: 2
[INFO] [1774514227.162272885] [Ground]: 识别到QR码: 10
[INFO] [1774514227.164049609] [Ground]: 识别到QR码: 2
[INFO] [1774514227.239439881] [Ground]: MCU2 send back: Gdoing*
[INFO] [1774514227.290232354] [Ground]: 识别到QR码: 19
[INFO] [1774514227.332184926] [Ground]: 识别到QR码: 23
[INFO] [1774514227.333731415] [Ground]: 识别到QR码: 19
[INFO] [1774514227.335518822] [Ground]: 识别到QR码: 2
[INFO] [1774514227.588934478] [Ground]: 识别到QR码: 2
[INFO] [1774514227.632759988] [Ground]: 识别到QR码: 2
[INFO] [1774514227.661665205] [Ground]: MCU2 send back: Gdone*
[INFO] [1774514227.824392872] [Ground]: 识别到QR码: 10
[INFO] [1774514227.825804725] [Ground]: 识别到QR码: 19
[INFO] [1774514227.856362814] [Ground]: 识别到QR码: 10
[INFO] [1774514227.958166426] [Ground]: 识别到QR码: 10
[INFO] [1774514228.019359996] [Ground]: MCU2 send back: Gdone*
[INFO] [1774514228.066650971] [Ground]: 识别到QR码: 23
[INFO] [1774514228.069442582] [Ground]: 识别到QR码: 2
[INFO] [1774514228.206038521] [Ground]: 识别到QR码: 23
[INFO] [1774514228.208339907] [Ground]: 识别到QR码: 2
[INFO] [1774514228.528827153] [Ground]: 识别到QR码: 2
[INFO] [1774514228.670153180] [Ground]: 识别到QR码: 23
[INFO] [1774514228.671540342] [Ground]: 识别到QR码: 10
[INFO] [1774514228.674368944] [Ground]: 识别到QR码: 19
[INFO] [1774514228.675542679] [Ground]: 识别到QR码: 2
[INFO] [1774514228.803062530] [Ground]: 识别到QR码: 10
[INFO] [1774514228.806113199] [Ground]: 识别到QR码: 23
[INFO] [1774514228.899166728] [Ground]: 识别到QR码: 19
[INFO] [1774514228.900378123] [Ground]: 识别到QR码: 2
[INFO] [1774514229.040296619] [Ground]: MCU2 send back: Gdone*
[INFO] [1774514229.070967481] [Ground]: 识别到QR码: 10
[INFO] [1774514229.071969506] [Ground]: 识别到QR码: 23
[INFO] [1774514229.073041502] [Ground]: 识别到QR码: 2
[INFO] [1774514229.106203043] [Ground]: 识别到QR码: 10
[INFO] [1774514229.107736786] [Ground]: 识别到QR码: 19
[INFO] [1774514229.109526572] [Ground]: 识别到QR码: 2
[INFO] [1774514229.114422999] [Ground]: 识别到QR码: 23
[INFO] [1774514229.201765087] [Ground]: 识别到QR码: 10
[INFO] [1774514229.238913734] [Ground]: 识别到QR码: 23
[INFO] [1774514229.240511638] [Ground]: 识别到QR码: 10
[INFO] [1774514229.244553274] [Ground]: 识别到QR码: 2
[INFO] [1774514229.270162965] [Ground]: 识别到QR码: 23
[INFO] [1774514229.272533988] [Ground]: 识别到QR码: 2
[INFO] [1774514229.371988886] [Ground]: 识别到QR码: 10
[INFO] [1774514229.374495304] [Ground]: 识别到QR码: 23
[INFO] [1774514229.376467721] [Ground]: 识别到QR码: 2
[INFO] [1774514229.408569276] [Ground]: 识别到QR码: 10
[INFO] [1774514229.413170769] [Ground]: 识别到QR码: 2
[INFO] [1774514229.417246429] [Ground]: 识别到QR码: 23
[INFO] [1774514229.503863152] [Ground]: 识别到QR码: 2
[INFO] [1774514229.505319357] [Ground]: 识别到QR码: 23
[INFO] [1774514229.543904836] [Ground]: 识别到QR码: 23
[INFO] [1774514229.545382705] [Ground]: 识别到QR码: 2
[INFO] [1774514229.546696792] [Ground]: 识别到QR码: 10
[INFO] [1774514229.678239398] [Ground]: 识别到QR码: 23
[INFO] [1774514229.679771097] [Ground]: 识别到QR码: 10
[INFO] [1774514229.710334246] [Ground]: 识别到QR码: 19
[INFO] [1774514229.712059705] [Ground]: 识别到QR码: 23
[INFO] [1774514229.713413417] [Ground]: 识别到QR码: 2
[INFO] [1774514229.738932121] [Ground]: 识别到QR码: 10
[INFO] [1774514229.747061191] [Ground]: 识别到QR码: 23
[INFO] [1774514229.840081120] [Ground]: 识别到QR码: 10
[INFO] [1774514229.882054732] [Ground]: 识别到QR码: 10
[INFO] [1774514229.884746350] [Ground]: 识别到QR码: 2
[INFO] [1774514229.896488786] [Ground]: 识别到QR码: 23
[INFO] [1774514229.904916016] [Ground]: 识别到QR码: 23
[INFO] [1774514229.906279350] [Ground]: 识别到QR码: 2
[INFO] [1774514230.042094022] [Ground]: 识别到QR码: 10
[INFO] [1774514230.044099022] [Ground]: 识别到QR码: 23
[INFO] [1774514230.046569166] [Ground]: 识别到QR码: 2
[INFO] [1774514230.061646597] [Ground]: MCU2 send back: Gdone*
[INFO] [1774514230.212032579] [Ground]: 识别到QR码: 19
[INFO] [1774514230.213534200] [Ground]: 识别到QR码: 23
[INFO] [1774514230.215398336] [Ground]: 识别到QR码: 2
[INFO] [1774514230.247964795] [Ground]: 识别到QR码: 19
[INFO] [1774514230.249705040] [Ground]: 识别到QR码: 10
[INFO] [1774514230.251172941] [Ground]: 识别到QR码: 2
[INFO] [1774514230.258408488] [Ground]: 识别到QR码: 23
[INFO] [1774514230.273529552] [Ground]: 识别到QR码: 23
[INFO] [1774514230.276712383] [Ground]: 识别到QR码: 2
[INFO] [1774514230.374040030] [Ground]: 识别到QR码: 19
[INFO] [1774514230.411581054] [Ground]: 识别到QR码: 23
[INFO] [1774514230.413798222] [Ground]: 识别到QR码: 19
[INFO] [1774514230.415494507] [Ground]: 识别到QR码: 2
[INFO] [1774514230.441932420] [Ground]: 识别到QR码: 19
[INFO] [1774514230.445674594] [Ground]: 识别到QR码: 23
[INFO] [1774514230.449441069] [Ground]: 识别到QR码: 2
[INFO] [1774514230.580300468] [Ground]: 识别到QR码: 10
[INFO] [1774514230.582528879] [Ground]: 识别到QR码: 19
[INFO] [1774514230.610817857] [Ground]: 识别到QR码: 23
[INFO] [1774514230.620117128] [Ground]: G+19502+00277+10987 发送成功 → 飞行站已调用：G+19502+00277+10987服务
[INFO] [1774514230.621446456] [Ground]: 识别到QR码: 19
[INFO] [1774514230.642417133] [Ground]: MCU2 send back: +19502+00277+10987
[INFO] [1774514230.708578141] [Ground]: 识别到QR码: 10
[INFO] [1774514230.747546522] [Ground]: 识别到QR码: 19
[INFO] [1774514230.754319984] [Ground]: 识别到QR码: 23
[INFO] [1774514230.759975320] [Ground]: 识别到QR码: 2
[INFO] [1774514230.847268446] [Ground]: 识别到QR码: 10
[INFO] [1774514230.882378256] [Ground]: 识别到QR码: 10
[INFO] [1774514230.883779521] [Ground]: 识别到QR码: 2
[INFO] [1774514230.885046040] [Ground]: 识别到QR码: 23
[INFO] [1774514230.921253054] [Ground]: 识别到QR码: 23
[INFO] [1774514230.923424640] [Ground]: 识别到QR码: 10
[INFO] [1774514230.924518681] [Ground]: 识别到QR码: 19
[INFO] [1774514230.931480041] [Ground]: 识别到QR码: 2
[INFO] [1774514231.022823027] [Ground]: MCU2 send back: Gdoing*
[INFO] [1774514231.090468959] [Ground]: 识别到QR码: 23
[INFO] [1774514231.095444847] [Ground]: 识别到QR码: 10
[INFO] [1774514231.096912136] [Ground]: 识别到QR码: 2
[INFO] [1774514231.121582306] [Ground]: 识别到QR码: 19
[INFO] [1774514231.123341701] [Ground]: 识别到QR码: 10
[INFO] [1774514231.124560936] [Ground]: 识别到QR码: 2
[INFO] [1774514231.125927180] [Ground]: 识别到QR码: 23
[INFO] [1774514231.146253022] [Ground]: 识别到QR码: 23
[INFO] [1774514231.152661293] [Ground]: 识别到QR码: 2
[INFO] [1774514231.280822952] [Ground]: 识别到QR码: 2
[INFO] [1774514231.320622743] [Ground]: 识别到QR码: 19
[INFO] [1774514231.322097599] [Ground]: 识别到QR码: 2
[INFO] [1774514231.325947026] [Ground]: 识别到QR码: 23
[INFO] [1774514231.327915467] [Ground]: 识别到QR码: 10
[INFO] [1774514231.444074251] [Ground]: MCU2 send back: Gdone*
[INFO] [1774514231.450769630] [Ground]: 识别到QR码: 10
[INFO] [1774514231.453419222] [Ground]: 识别到QR码: 23
[INFO] [1774514231.455230209] [Ground]: 识别到QR码: 2
[INFO] [1774514231.549315974] [Ground]: 识别到QR码: 10
[INFO] [1774514231.923246773] [Ground]: 识别到QR码: 19
[INFO] [1774514232.095197113] [Ground]: 识别到QR码: 19
[INFO] [1774514232.103349300] [Ground]: MCU2 send back: Gdone*
[INFO] [1774514232.128035209] [Ground]: 识别到QR码: 19
[INFO] [1774514232.423116772] [Ground]: 识别到QR码: 19
[INFO] [1774514232.450432914] [Ground]: G+19173-01558+10878 发送成功 → 飞行站已调用：G+19173-01558+10878服务
[INFO] [1774514232.478909585] [Ground]: MCU2 send back: +19173-01558+10878
[INFO] [1774514232.803844038] [Ground]: 识别到QR码: 19
[INFO] [1774514232.863962318] [Ground]: MCU2 send back: Gdoing*
[INFO] [1774514233.002715081] [Ground]: 识别到QR码: 19
[INFO] [1774514233.124414554] [Ground]: MCU2 send back: Gdone*
[INFO] [1774514233.125454703] [Ground]: 识别到QR码: 19
[INFO] [1774514233.169928913] [Ground]: 识别到QR码: 19
[INFO] [1774514233.285344558] [Ground]: MCU2 send back: Gdone*
[INFO] [1774514233.299570413] [Ground]: 识别到QR码: 2
[INFO] [1774514233.336114989] [Ground]: 识别到QR码: 10
[INFO] [1774514233.337481827] [Ground]: 识别到QR码: 19
[INFO] [1774514233.499236920] [Ground]: 识别到QR码: 10
[INFO] [1774514233.500263100] [Ground]: 识别到QR码: 2
[INFO] [1774514233.532379941] [Ground]: 识别到QR码: 10
[INFO] [1774514233.533530180] [Ground]: 识别到QR码: 2
[INFO] [1774514233.564855153] [Ground]: 识别到QR码: 19
[INFO] [1774514233.567021646] [Ground]: 识别到QR码: 23
[INFO] [1774514233.601046506] [Ground]: 识别到QR码: 2
[INFO] [1774514233.652301805] [Ground]: G+19156-03456+10816 发送成功 → 飞行站已调用：G+19156-03456+10816服务
[INFO] [1774514233.679958953] [Ground]: MCU2 send back: +19156-03456+10816
[INFO] [1774514233.801883145] [Ground]: 识别到QR码: 23
[INFO] [1774514233.803896050] [Ground]: 识别到QR码: 2
[INFO] [1774514233.836257871] [Ground]: 识别到QR码: 2
[INFO] [1774514233.838191343] [Ground]: 识别到QR码: 23
[INFO] [1774514233.872450161] [Ground]: 识别到QR码: 10
[INFO] [1774514233.873735714] [Ground]: 识别到QR码: 2
[INFO] [1774514234.005430359] [Ground]: 识别到QR码: 10
[INFO] [1774514234.008681350] [Ground]: 识别到QR码: 2
[INFO] [1774514234.037051158] [Ground]: 识别到QR码: 23
[INFO] [1774514234.039292102] [Ground]: 识别到QR码: 19
[INFO] [1774514234.042672524] [Ground]: 识别到QR码: 2
[INFO] [1774514234.045637162] [Ground]: 识别到QR码: 10
[INFO] [1774514234.077262224] [Ground]: MCU2 send back: Gdone*
[INFO] [1774514234.133028821] [Ground]: 识别到QR码: 19
[INFO] [1774514234.135191814] [Ground]: 识别到QR码: 10
[INFO] [1774514234.137270611] [Ground]: 识别到QR码: 23
[INFO] [1774514234.140563550] [Ground]: 识别到QR码: 2
[INFO] [1774514234.148854953] [Ground]: MCU2 send back: Gdone*
[INFO] [1774514234.164312937] [Ground]: 识别到QR码: 23
[INFO] [1774514234.232411411] [Ground]: 识别到QR码: 10
[INFO] [1774514234.276650514] [Ground]: 识别到QR码: 2
[INFO] [1774514234.277572657] [Ground]: 识别到QR码: 23
[INFO] [1774514234.279064977] [Ground]: 识别到QR码: 10
[INFO] [1774514234.281046893] [Ground]: 识别到QR码: 19
[INFO] [1774514234.300600959] [Ground]: 识别到QR码: 2
[INFO] [1774514234.304845730] [Ground]: 识别到QR码: 23
[INFO] [1774514234.403910657] [Ground]: 识别到QR码: 19
[INFO] [1774514234.440732430] [Ground]: 识别到QR码: 19
[INFO] [1774514234.443849194] [Ground]: 识别到QR码: 23
[INFO] [1774514234.447563853] [Ground]: 识别到QR码: 2
[INFO] [1774514234.452220333] [Ground]: 识别到QR码: 10
[INFO] [1774514234.470249071] [Ground]: 识别到QR码: 2
[INFO] [1774514234.607720577] [Ground]: 识别到QR码: 2
[INFO] [1774514234.637660943] [Ground]: 识别到QR码: 2
[INFO] [1774514234.640180330] [Ground]: 识别到QR码: 23
[INFO] [1774514234.676584022] [Ground]: 识别到QR码: 10
[INFO] [1774514234.678062062] [Ground]: 识别到QR码: 19
[INFO] [1774514234.679631821] [Ground]: 识别到QR码: 2
[INFO] [1774514234.681290323] [Ground]: 识别到QR码: 23
[INFO] [1774514234.769543772] [Ground]: G+18999-05516+10838 发送成功 → 飞行站已调用：G+18999-05516+10838服务
[INFO] [1774514234.795093723] [Ground]: MCU2 send back: +18999-05516+10838
[INFO] [1774514234.811958709] [Ground]: 识别到QR码: 10
[INFO] [1774514234.813102723] [Ground]: 识别到QR码: 2
[INFO] [1774514234.816207045] [Ground]: 识别到QR码: 23
[INFO] [1774514234.839109030] [Ground]: 识别到QR码: 23
[INFO] [1774514234.974878109] [Ground]: 识别到QR码: 10
[INFO] [1774514234.978070591] [Ground]: 识别到QR码: 19
[INFO] [1774514234.979417121] [Ground]: 识别到QR码: 23
[INFO] [1774514234.982760496] [Ground]: 识别到QR码: 2
[INFO] [1774514235.005268322] [Ground]: 识别到QR码: 23
[INFO] [1774514235.104708380] [Ground]: 识别到QR码: 10
[INFO] [1774514235.145663796] [Ground]: 识别到QR码: 23
[INFO] [1774514235.168675345] [Ground]: MCU2 send back: Gdone*
[INFO] [1774514235.188998954] [Ground]: MCU2 send back: Gdone*
[INFO] [1774514235.243803743] [Ground]: 识别到QR码: 23
[INFO] [1774514235.380718319] [Ground]: 识别到QR码: 2
[INFO] [1774514235.509402420] [Ground]: 识别到QR码: 23
[INFO] [1774514235.660238650] [Ground]: 识别到QR码: 19
[INFO] [1774514235.738848594] [Ground]: 识别到QR码: 23
[INFO] [1774514235.740646245] [Ground]: 识别到QR码: 2
[INFO] [1774514235.920004779] [Ground]: 识别到QR码: 24
[INFO] [1774514235.922983552] [Ground]: 识别到QR码: 10
[INFO] [1774514235.927086332] [Ground]: 识别到QR码: 23
[INFO] [1774514235.933682766] [Ground]: 识别到QR码: 2
[INFO] [1774514235.948636996] [Ground]: 识别到QR码: 10
[INFO] [1774514235.952093847] [Ground]: 识别到QR码: 24
[INFO] [1774514235.954517312] [Ground]: 识别到QR码: 23
[INFO] [1774514235.957182406] [Ground]: 识别到QR码: 2
[INFO] [1774514235.988450723] [Ground]: 识别到QR码: 23
[INFO] [1774514235.989613287] [Ground]: 识别到QR码: 2
[INFO] [1774514236.091338399] [Ground]: 识别到QR码: 10
[INFO] [1774514236.095589139] [Ground]: 识别到QR码: 24
[INFO] [1774514236.125121393] [Ground]: 识别到QR码: 2
[INFO] [1774514236.127866725] [Ground]: 识别到QR码: 23
[INFO] [1774514236.131508046] [Ground]: 识别到QR码: 19
[INFO] [1774514236.151031197] [Ground]: 识别到QR码: 24
[INFO] [1774514236.152040693] [Ground]: 识别到QR码: 10
[INFO] [1774514236.187943298] [Ground]: MCU2 send back: Gdone*
[INFO] [1774514236.249609806] [Ground]: 识别到QR码: 10
[INFO] [1774514236.250874865] [Ground]: 识别到QR码: 24
[INFO] [1774514236.286520376] [Ground]: 识别到QR码: 23
[INFO] [1774514236.290167157] [Ground]: 识别到QR码: 24
[INFO] [1774514236.292670725] [Ground]: 识别到QR码: 10
[INFO] [1774514236.293946144] [Ground]: 识别到QR码: 2
[INFO] [1774514236.325737929] [Ground]: 识别到QR码: 23
[INFO] [1774514236.328485454] [Ground]: 识别到QR码: 10
[INFO] [1774514236.331087496] [Ground]: 识别到QR码: 2
[INFO] [1774514236.408738218] [Ground]: G+16779-05912+11022 发送成功 → 飞行站已调用：G+16779-05912+11022服务
[INFO] [1774514236.434453142] [Ground]: MCU2 send back: +16779-05912+11022
[INFO] [1774514236.724858979] [Ground]: 识别到QR码: 23
[INFO] [1774514236.727741683] [Ground]: 识别到QR码: 2
[INFO] [1774514236.829715146] [Ground]: MCU2 send back: Gdoing*
[INFO] [1774514236.894175660] [Ground]: 识别到QR码: 2
[INFO] [1774514236.896989481] [Ground]: 识别到QR码: 23
[INFO] [1774514236.899818792] [Ground]: 识别到QR码: 24
[INFO] [1774514236.903104304] [Ground]: 识别到QR码: 10
[INFO] [1774514236.930800125] [Ground]: 识别到QR码: 2
[INFO] [1774514236.933119330] [Ground]: 识别到QR码: 24
[INFO] [1774514237.060742228] [Ground]: 识别到QR码: 23
[INFO] [1774514237.062611812] [Ground]: 识别到QR码: 24
[INFO] [1774514237.065282025] [Ground]: 识别到QR码: 10
[INFO] [1774514237.071037537] [Ground]: 识别到QR码: 2
[INFO] [1774514237.090158699] [Ground]: 识别到QR码: 2
[INFO] [1774514237.209621065] [Ground]: MCU2 send back: Gdone*
[INFO] [1774514237.249020680] [Ground]: MCU2 send back: Gdone*
[INFO] [1774514237.253522935] [Ground]: 识别到QR码: 2
[INFO] [1774514237.538863638] [Ground]: G+15027-06188+11178 发送成功 → 飞行站已调用：G+15027-06188+11178服务
[INFO] [1774514237.564644406] [Ground]: MCU2 send back: +15027-06188+11178
[INFO] [1774514237.774819612] [Ground]: 识别到QR码: 10
[INFO] [1774514237.955231196] [Ground]: MCU2 send back: Gdone*
[INFO] [1774514238.008456900] [Ground]: 识别到QR码: 24
[INFO] [1774514238.010595984] [Ground]: 识别到QR码: 19
[INFO] [1774514238.014336874] [Ground]: 识别到QR码: 23
[INFO] [1774514238.017016475] [Ground]: 识别到QR码: 2
[INFO] [1774514238.023493630] [Ground]: 识别到QR码: 10
[INFO] [1774514238.099368784] [Ground]: 识别到QR码: 10
[INFO] [1774514238.102345900] [Ground]: 识别到QR码: 24
[INFO] [1774514238.141603891] [Ground]: 识别到QR码: 24
[INFO] [1774514238.143554993] [Ground]: 识别到QR码: 10
[INFO] [1774514238.145431590] [Ground]: 识别到QR码: 19
[INFO] [1774514238.149077770] [Ground]: 识别到QR码: 2
[INFO] [1774514238.231576877] [Ground]: MCU2 send back: Gdone*
[INFO] [1774514238.302528105] [Ground]: 识别到QR码: 10
[INFO] [1774514238.304702717] [Ground]: 识别到QR码: 23
[INFO] [1774514238.306784281] [Ground]: 识别到QR码: 2
[INFO] [1774514238.331824075] [Ground]: 识别到QR码: 24
[INFO] [1774514238.337000218] [Ground]: 识别到QR码: 10
[INFO] [1774514238.412991588] [Ground]: G+13285-06292+11282 发送成功 → 飞行站已调用：G+13285-06292+11282服务
[INFO] [1774514238.438723383] [Ground]: MCU2 send back: +13285-06292+11282
[INFO] [1774514238.831798727] [Ground]: MCU2 send back: Gdone*
[INFO] [1774514238.871076509] [Ground]: 识别到QR码: 2
[INFO] [1774514239.083909528] [Ground]: G+12041-06421+11343 发送成功 → 飞行站已调用：G+12041-06421+11343服务
[INFO] [1774514239.109756728] [Ground]: MCU2 send back: +12041-06421+11343
[INFO] [1774514239.249937695] [Ground]: 识别到QR码: 10
[INFO] [1774514239.336956208] [Ground]: 识别到QR码: 2
[INFO] [1774514239.339221075] [Ground]: 识别到QR码: 23
[INFO] [1774514239.491645686] [Ground]: MCU2 send back: Gdone*
[INFO] [1774514239.512866449] [Ground]: 识别到QR码: 10
[INFO] [1774514239.514349845] [Ground]: 识别到QR码: 24
[INFO] [1774514239.517358668] [Ground]: 识别到QR码: 23
[INFO] [1774514239.521742772] [Ground]: 识别到QR码: 2
[INFO] [1774514239.533941513] [Ground]: G+11070-06634+11474 发送成功 → 飞行站已调用：G+11070-06634+11474服务
[INFO] [1774514239.560551507] [Ground]: MCU2 send back: +11070-06634+11474
[INFO] [1774514239.871433106] [Ground]: G+10208-06770+11499 发送成功 → 飞行站已调用：G+10208-06770+11499服务
[INFO] [1774514239.897647225] [Ground]: MCU2 send back: +10208-06770+11499
[INFO] [1774514239.952180850] [Ground]: MCU2 send back: Gdoing*
[INFO] [1774514240.116488353] [Ground]: G+09562-06861+11520 发送成功 → 飞行站已调用：G+09562-06861+11520服务
[INFO] [1774514240.141731779] [Ground]: MCU2 send back: +09562-06861+11520
[INFO] [1774514240.372476866] [Ground]: MCU2 send back: Gdone*
[INFO] [1774514240.925619194] [Ground]: 识别到QR码: 10
[INFO] [1774514240.993404385] [Ground]: G+07199-07064+11691 发送成功 → 飞行站已调用：G+07199-07064+11691服务
[INFO] [1774514241.019704945] [Ground]: MCU2 send back: +07199-07064+11691
[INFO] [1774514241.413191970] [Ground]: MCU2 send back: Gdoing*
[INFO] [1774514241.517087932] [Ground]: G+06538-07056+11789 发送成功 → 飞行站已调用：G+06538-07056+11789服务
[INFO] [1774514241.543596182] [Ground]: MCU2 send back: +06538-07056+11789
[INFO] [1774514241.692111214] [Ground]: G+06133-07058+11782 发送成功 → 飞行站已调用：G+06133-07058+11782服务
[INFO] [1774514241.719714762] [Ground]: MCU2 send back: +06133-07058+11782
[INFO] [1774514241.834190257] [Ground]: MCU2 send back: Gdoing*
[INFO] [1774514241.912412456] [Ground]: G+05523-07119+11828 发送成功 → 飞行站已调用：G+05523-07119+11828服务
[INFO] [1774514241.936805819] [Ground]: MCU2 send back: +05523-07119+11828
[INFO] [1774514242.258068073] [Ground]: MCU2 send back: Gdone*
[INFO] [1774514242.316886277] [Ground]: MCU2 send back: Gdone*
[INFO] [1774514243.336956734] [Ground]: MCU2 send back: Gdone*
[INFO] [1774514243.483021175] [Ground]: G+04452-07567+10679 发送成功 → 飞行站已调用：G+04452-07567+10679服务
[INFO] [1774514243.510304852] [Ground]: MCU2 send back: +04452-07567+10679
[INFO] [1774514243.898556650] [Ground]: MCU2 send back: Gdone*
[INFO] [1774514244.316918981] [Ground]: G+04273-07642+10143 发送成功 → 飞行站已调用：G+04273-07642+10143服务
[INFO] [1774514244.343380489] [Ground]: MCU2 send back: +04273-07642+10143
[INFO] [1774514244.357074162] [Ground]: MCU2 send back: Gdone*
[INFO] [1774514244.737671573] [Ground]: MCU2 send back: Gdone*
[INFO] [1774514245.101775069] [Ground]: G+04118-07816+09653 发送成功 → 飞行站已调用：G+04118-07816+09653服务
[INFO] [1774514245.131175924] [Ground]: MCU2 send back: +04118-07816+09653
[INFO] [1774514245.379124722] [Ground]: MCU2 send back: Gdone*
[INFO] [1774514245.518484085] [Ground]: MCU2 send back: Gdone*
[INFO] [1774514246.399109208] [Ground]: MCU2 send back: Gdone*
[INFO] [1774514246.946846150] [Ground]: G+03775-08344+11455 发送成功 → 飞行站已调用：G+03775-08344+11455服务
[INFO] [1774514246.975897100] [Ground]: MCU2 send back: +03775-08344+11455
[INFO] [1774514247.359985934] [Ground]: MCU2 send back: Gdone*
[INFO] [1774514247.419649461] [Ground]: MCU2 send back: Gdone*
[INFO] [1774514247.655600077] [Ground]: G+03905-08326+12126 发送成功 → 飞行站已调用：G+03905-08326+12126服务
[INFO] [1774514247.683121189] [Ground]: MCU2 send back: +03905-08326+12126
[INFO] [1774514248.082125837] [Ground]: MCU2 send back: Gdone*
[INFO] [1774514248.433822178] [Ground]: G+04135-08584+13085 发送成功 → 飞行站已调用：G+04135-08584+13085服务
[INFO] [1774514248.442639107] [Ground]: MCU2 send back: +04135-08584+13085Gdone*
[INFO] [1774514248.843034444] [Ground]: MCU2 send back: Gdone*
[INFO] [1774514249.463925616] [Ground]: MCU2 send back: Gdone*
[INFO] [1774514250.483933954] [Ground]: MCU2 send back: Gdone*
[INFO] [1774514251.505126712] [Ground]: MCU2 send back: Gdone*
[INFO] [1774514251.999507079] [Ground]: G+04099-08817+14654 发送成功 → 飞行站已调用：G+04099-08817+14654服务
[INFO] [1774514252.027209774] [Ground]: MCU2 send back: +04099-08817+14654
[INFO] [1774514252.406156850] [Ground]: MCU2 send back: Gdone*
[INFO] [1774514252.528224786] [Ground]: MCU2 send back: Gdone*
[INFO] [1774514253.548599220] [Ground]: MCU2 send back: Gdone*
[INFO] [1774514254.569941982] [Ground]: MCU2 send back: Gdone*
[INFO] [1774514254.888507919] [Ground]: G+04182-09039+13713 发送成功 → 飞行站已调用：G+04182-09039+13713服务
[INFO] [1774514254.916898611] [Ground]: MCU2 send back: +04182-09039+13713
[INFO] [1774514255.309705094] [Ground]: MCU2 send back: Gdone*
[INFO] [1774514255.394904185] [Ground]: G+04265-09083+13542 发送成功 → 飞行站已调用：G+04265-09083+13542服务
[INFO] [1774514255.421804051] [Ground]: MCU2 send back: +04265-09083+13542
[INFO] [1774514255.592954525] [Ground]: MCU2 send back: Gdone*
[INFO] [1774514255.594120365] [Ground]: G+04237-09102+13414 发送成功 → 飞行站已调用：G+04237-09102+13414服务
[INFO] [1774514255.621658772] [Ground]: MCU2 send back: +04237-09102+13414
[INFO] [1774514255.776051412] [Ground]: G+04245-09142+13309 发送成功 → 飞行站已调用：G+04245-09142+13309服务
[INFO] [1774514255.804631161] [Ground]: MCU2 send back: +04245-09142+13309
[INFO] [1774514255.809557368] [Ground]: MCU2 send back: Gdone*
[INFO] [1774514255.970804562] [Ground]: G+04312-09146+13058 发送成功 → 飞行站已调用：G+04312-09146+13058服务
[INFO] [1774514255.997609618] [Ground]: MCU2 send back: +04312-09146+13058
[INFO] [1774514256.144929145] [Ground]: G+04351-09190+12996 发送成功 → 飞行站已调用：G+04351-09190+12996服务
[INFO] [1774514256.173040853] [Ground]: MCU2 send back: +04351-09190+12996
[INFO] [1774514256.323301832] [Ground]: G+04326-09222+12844 发送成功 → 飞行站已调用：G+04326-09222+12844服务
[INFO] [1774514256.350547250] [Ground]: MCU2 send back: +04326-09222+12844
[INFO] [1774514256.391017808] [Ground]: MCU2 send back: Gdone*
[INFO] [1774514256.489840359] [Ground]: G+04328-09251+12691 发送成功 → 飞行站已调用：G+04328-09251+12691服务
[INFO] [1774514256.517396789] [Ground]: MCU2 send back: +04328-09251+12691
[INFO] [1774514256.616104562] [Ground]: MCU2 send back: Gdone*
[INFO] [1774514256.654921802] [Ground]: G+04356-09239+12521 发送成功 → 飞行站已调用：G+04356-09239+12521服务
[INFO] [1774514256.682183118] [Ground]: MCU2 send back: +04356-09239+12521
[INFO] [1774514256.844705767] [Ground]: G+04369-09294+12349 发送成功 → 飞行站已调用：G+04369-09294+12349服务
[INFO] [1774514256.871523986] [Ground]: MCU2 send back: +04369-09294+12349
[INFO] [1774514256.912868216] [Ground]: MCU2 send back: Gdone*
[INFO] [1774514257.010682167] [Ground]: G+04353-09309+12255 发送成功 → 飞行站已调用：G+04353-09309+12255服务
[INFO] [1774514257.038368966] [Ground]: MCU2 send back: +04353-09309+12255
[INFO] [1774514257.181959152] [Ground]: G+04343-09327+12132 发送成功 → 飞行站已调用：G+04343-09327+12132服务
[INFO] [1774514257.207581491] [Ground]: MCU2 send back: +04343-09327+12132
[INFO] [1774514257.362419796] [Ground]: G+04335-09353+11913 发送成功 → 飞行站已调用：G+04335-09353+11913服务
[INFO] [1774514257.392572314] [Ground]: MCU2 send back: +04335-09353+11913
[INFO] [1774514257.436598238] [Ground]: MCU2 send back: Gdone*
[INFO] [1774514257.549420174] [Ground]: G+04324-09359+11767 发送成功 → 飞行站已调用：G+04324-09359+11767服务
[INFO] [1774514257.574969662] [Ground]: MCU2 send back: +04324-09359+11767
[INFO] [1774514257.632488393] [Ground]: MCU2 send back: Gdone*
[INFO] [1774514257.720439733] [Ground]: G+04334-09364+11599 发送成功 → 飞行站已调用：G+04334-09364+11599服务
[INFO] [1774514257.750509694] [Ground]: MCU2 send back: +04334-09364+11599
[INFO] [1774514257.896478609] [Ground]: G+04373-09413+11459 发送成功 → 飞行站已调用：G+04373-09413+11459服务
[INFO] [1774514257.923480681] [Ground]: MCU2 send back: +04373-09413+11459
[INFO] [1774514257.953954342] [Ground]: MCU2 send back: Gdone*
[INFO] [1774514258.078559661] [Ground]: G+04381-09476+11269 发送成功 → 飞行站已调用：G+04381-09476+11269服务
[INFO] [1774514258.106976179] [Ground]: MCU2 send back: +04381-09476+11269
[INFO] [1774514258.263201858] [Ground]: G+04408-09500+11079 发送成功 → 飞行站已调用：G+04408-09500+11079服务
[INFO] [1774514258.292279444] [Ground]: MCU2 send back: +04408-09500+11079
[INFO] [1774514258.439391563] [Ground]: G+04430-09563+10982 发送成功 → 飞行站已调用：G+04430-09563+10982服务
[INFO] [1774514258.463805591] [Ground]: MCU2 send back: +04430-09563+10982
[INFO] [1774514258.493425604] [Ground]: MCU2 send back: Gdone*
[INFO] [1774514258.628321197] [Ground]: G+04460-09606+10799 发送成功 → 飞行站已调用：G+04460-09606+10799服务
[INFO] [1774514258.654077029] [Ground]: MCU2 send back: +04460-09606+10799Gdone*
[INFO] [1774514258.812646185] [Ground]: G+04474-09656+10673 发送成功 → 飞行站已调用：G+04474-09656+10673服务
[INFO] [1774514258.840549340] [Ground]: MCU2 send back: +04474-09656+10673
[INFO] [1774514258.990451895] [Ground]: G+04509-09666+10523 发送成功 → 飞行站已调用：G+04509-09666+10523服务
[INFO] [1774514259.021010629] [Ground]: MCU2 send back: +04509-09666+10523
[INFO] [1774514259.055577634] [Ground]: MCU2 send back: Gdone*
[INFO] [1774514259.171729569] [Ground]: G+04522-09724+10279 发送成功 → 飞行站已调用：G+04522-09724+10279服务
[INFO] [1774514259.199457915] [Ground]: MCU2 send back: +04522-09724+10279
[INFO] [1774514259.348842647] [Ground]: G+04522-09756+10104 发送成功 → 飞行站已调用：G+04522-09756+10104服务
[INFO] [1774514259.373570364] [Ground]: MCU2 send back: +04522-09756+10104
[INFO] [1774514259.539056585] [Ground]: G+04516-09823+09904 发送成功 → 飞行站已调用：G+04516-09823+09904服务
[INFO] [1774514259.568366550] [Ground]: MCU2 send back: +04516-09823+09904
[INFO] [1774514259.598642538] [Ground]: MCU2 send back: Gdone*
[INFO] [1774514259.676720225] [Ground]: MCU2 send back: Gdone*
[INFO] [1774514259.726627381] [Ground]: G+04492-09834+09733 发送成功 → 飞行站已调用：G+04492-09834+09733服务
[INFO] [1774514259.753794604] [Ground]: MCU2 send back: +04492-09834+09733
[INFO] [1774514259.900120859] [Ground]: G+04506-09927+09611 发送成功 → 飞行站已调用：G+04506-09927+09611服务
[INFO] [1774514259.928060279] [Ground]: MCU2 send back: +04506-09927+09611
[INFO] [1774514260.072707297] [Ground]: G+04493-09992+09428 发送成功 → 飞行站已调用：G+04493-09992+09428服务
[INFO] [1774514260.100096528] [Ground]: MCU2 send back: +04493-09992+09428
[INFO] [1774514260.136350581] [Ground]: MCU2 send back: Gdone*
[INFO] [1774514260.252548105] [Ground]: G+04446-10052+09277 发送成功 → 飞行站已调用：G+04446-10052+09277服务
[INFO] [1774514260.277250712] [Ground]: MCU2 send back: +04446-10052+09277
[INFO] [1774514260.422413772] [Ground]: G+04458-10101+09083 发送成功 → 飞行站已调用：G+04458-10101+09083服务
[INFO] [1774514260.450537923] [Ground]: MCU2 send back: +04458-10101+09083
[INFO] [1774514260.590565671] [Ground]: G+04436-10140+08904 发送成功 → 飞行站已调用：G+04436-10140+08904服务
[INFO] [1774514260.616517007] [Ground]: MCU2 send back: +04436-10140+08904
[INFO] [1774514260.657278010] [Ground]: MCU2 send back: Gdone*
[INFO] [1774514260.698761102] [Ground]: MCU2 send back: Gdone*
[INFO] [1774514260.771567640] [Ground]: G+04451-10189+08767 发送成功 → 飞行站已调用：G+04451-10189+08767服务
[INFO] [1774514260.802498299] [Ground]: MCU2 send back: +04451-10189+08767
[INFO] [1774514260.997226392] [Ground]: G+04458-10272+08571 发送成功 → 飞行站已调用：G+04458-10272+08571服务
[INFO] [1774514261.020831705] [Ground]: MCU2 send back: +04458-10272+08571
[INFO] [1774514261.177574120] [Ground]: MCU2 send back: Gdone*
[INFO] [1774514261.202842169] [Ground]: G+04472-10318+08392 发送成功 → 飞行站已调用：G+04472-10318+08392服务
[INFO] [1774514261.231092982] [Ground]: MCU2 send back: +04472-10318+08392
[INFO] [1774514261.397557734] [Ground]: G+04462-10350+08176 发送成功 → 飞行站已调用：G+04462-10350+08176服务
[INFO] [1774514261.422897324] [Ground]: MCU2 send back: +04462-10350+08176
[INFO] [1774514261.586819247] [Ground]: G+04416-10342+07970 发送成功 → 飞行站已调用：G+04416-10342+07970服务
[INFO] [1774514261.626641920] [Ground]: MCU2 send back: +04416-10342+07970
[INFO] [1774514261.634726744] [Ground]: MCU2 send back: Gdone*
[INFO] [1774514261.719103439] [Ground]: MCU2 send back: Gdone*
[INFO] [1774514261.792226387] [Ground]: G+04427-10317+07728 发送成功 → 飞行站已调用：G+04427-10317+07728服务
[INFO] [1774514261.818037850] [Ground]: MCU2 send back: +04427-10317+07728
[INFO] [1774514261.976798671] [Ground]: G+04367-10350+07605 发送成功 → 飞行站已调用：G+04367-10350+07605服务
[INFO] [1774514262.002664552] [Ground]: MCU2 send back: +04367-10350+07605
[INFO] [1774514262.165262651] [Ground]: G+04331-10367+07373 发送成功 → 飞行站已调用：G+04331-10367+07373服务
[INFO] [1774514262.193115719] [Ground]: MCU2 send back: +04331-10367+07373
[INFO] [1774514262.199410842] [Ground]: MCU2 send back: Gdone*
[INFO] [1774514262.354499508] [Ground]: G+04318-10387+07150 发送成功 → 飞行站已调用：G+04318-10387+07150服务
[INFO] [1774514262.376466937] [Ground]: MCU2 send back: +04318-10387+07150
[INFO] [1774514262.555544159] [Ground]: G+04316-10466+06983 发送成功 → 飞行站已调用：G+04316-10466+06983服务
[INFO] [1774514262.579498274] [Ground]: MCU2 send back: +04316-10466+06983
[INFO] [1774514262.736062711] [Ground]: G+04343-10541+06891 发送成功 → 飞行站已调用：G+04343-10541+06891服务
[INFO] [1774514262.747432559] [Ground]: MCU2 send back: Gdone*
[INFO] [1774514262.759959163] [Ground]: MCU2 send back: +04343-10541+06891Gdone*
[INFO] [1774514262.917496103] [Ground]: G+04391-10573+06651 发送成功 → 飞行站已调用：G+04391-10573+06651服务
[INFO] [1774514262.946225767] [Ground]: MCU2 send back: +04391-10573+06651
[INFO] [1774514263.110466535] [Ground]: G+04362-10614+06478 发送成功 → 飞行站已调用：G+04362-10614+06478服务
[INFO] [1774514263.136239597] [Ground]: MCU2 send back: +04362-10614+06478
[INFO] [1774514263.293411892] [Ground]: G+04334-10660+06270 发送成功 → 飞行站已调用：G+04334-10660+06270服务
[INFO] [1774514263.323549978] [Ground]: MCU2 send back: +04334-10660+06270
[INFO] [1774514263.341436260] [Ground]: MCU2 send back: Gdone*
[INFO] [1774514263.473610345] [Ground]: G+04344-10700+06059 发送成功 → 飞行站已调用：G+04344-10700+06059服务
[INFO] [1774514263.496544996] [Ground]: MCU2 send back: +04344-10700+06059
[INFO] [1774514263.645042585] [Ground]: G+04334-10718+05900 发送成功 → 飞行站已调用：G+04334-10718+05900服务
[INFO] [1774514263.670843393] [Ground]: MCU2 send back: +04334-10718+05900
[INFO] [1774514263.764444210] [Ground]: MCU2 send back: Gdone*
[INFO] [1774514263.825931615] [Ground]: G+04327-10720+05708 发送成功 → 飞行站已调用：G+04327-10720+05708服务
[INFO] [1774514263.853784299] [Ground]: MCU2 send back: +04327-10720+05708
[INFO] [1774514263.886826387] [Ground]: MCU2 send back: Gdone*
[INFO] [1774514264.782094395] [Ground]: MCU2 send back: Gdone*
[INFO] [1774514264.811452003] [Ground]: land 发送成功 → 飞行站已调用：land服务
[INFO] [1774514264.832587249] [Ground]: MCU2 send back: Landok
