[INFO] [1775393495.707703535] [navNode]: paths: [
  {"x": 0.00, "y": 0.00, "z": 0.70, "label": "TakeOff", "qrcode": "", "label2": ""       , "qrcode2": "" },
  {"x":-0.25, "y": 0.75, "z": 0.80, "label": "A6"     , "qrcode": "", "label2": ""       , "qrcode2": "" },
  {"x":-0.25, "y": 0.75, "z": 1.20, "label": "A3"     , "qrcode": "", "label2": ""       , "qrcode2": "" },
  {"x":-0.25, "y": 1.25, "z": 1.20, "label": "A2"     , "qrcode": "", "label2": ""       , "qrcode2": "" },
  {"x":-0.25, "y": 1.25, "z": 0.80, "label": "A5"     , "qrcode": "", "label2": ""       , "qrcode2": "" },
  {"x":-0.25, "y": 1.75, "z": 0.80, "label": "A4"     , "qrcode": "", "label2": ""       , "qrcode2": "" },
  {"x":-0.25, "y": 1.75, "z": 1.20, "label": "A1"     , "qrcode": "", "label2": ""       , "qrcode2": "" },
  {"x":-0.25, "y": 2.00, "z": 0.70, "label": "UpSide1", "qrcode": "", "label2": ""       , "qrcode2": "" },
  {"x": 0.75, "y": 2.00, "z": 0.70, "label": "LandPos", "qrcode": "", "label2": ""       , "qrcode2": "" }
]

[INFO] [1775393495.715512604] [navNode]: 上位机导航节点启动成功
[INFO] [1775393523.809230910] [navNode]: MCU2 send back: Takeoffok
[INFO] [1775393532.068418855] [navNode]: MCU2 send back: Landok
[INFO] [1775393537.403845859] [navNode]: MCU2 send back: Takeoffok
[INFO] [1775393537.845183014] [navNode]: MCU2 send back: Takeoffok
[INFO] [1775393542.886078747] [navNode]: MCU2 send back: Takeoffok
[INFO] [1775393551.264665327] [navNode]: MCU2 send back: Takeoffok
[INFO] [1775393667.246265085] [navNode]: MCU2 send back: Takeoffok
[INFO] [1775393675.607009744] [navNode]: MCU2 send back: +02895+01118+06180
[INFO] [1775393675.685520234] [navNode]: MCU2 send back: Gdoing*
[INFO] [1775393675.806260074] [navNode]: MCU2 send back: Gdoing*
[INFO] [1775393675.926938591] [navNode]: MCU2 send back: Gdoing*
[INFO] [1775393676.046329820] [navNode]: MCU2 send back: Gdoing*
[INFO] [1775393676.167459419] [navNode]: MCU2 send back: Gdoing*
[INFO] [1775393676.286808082] [navNode]: MCU2 send back: Gdoing*
[INFO] [1775393676.408147352] [navNode]: MCU2 send back: Gdoing*
[INFO] [1775393676.527191207] [navNode]: MCU2 send back: Gdoing*
[INFO] [1775393676.648150814] [navNode]: MCU2 send back: Gdoing*
[INFO] [1775393676.767416083] [navNode]: MCU2 send back: Gdoing*
[INFO] [1775393676.901054517] [navNode]: MCU2 send back: Gdoing*
[INFO] [1775393677.010903696] [navNode]: MCU2 send back: Gdoing*
[INFO] [1775393677.153308470] [navNode]: MCU2 send back: Gdoing*
[INFO] [1775393677.282311544] [navNode]: MCU2 send back: Gdoing*
[INFO] [1775393677.369854203] [navNode]: MCU2 send back: Gdoing*
[INFO] [1775393677.489153128] [navNode]: MCU2 send back: Gdoing*
[INFO] [1775393677.624785351] [navNode]: MCU2 send back: Gdoing*
[INFO] [1775393677.734015579] [navNode]: MCU2 send back: Gdoing*
[INFO] [1775393677.849183923] [navNode]: MCU2 send back: Gdoing*
[INFO] [1775393677.969614510] [navNode]: MCU2 send back: Gdoing*
[INFO] [1775393678.105648110] [navNode]: MCU2 send back: Gdoing*
[INFO] [1775393678.172655311] [navNode]: MCU2 send back: +05558+01893+05561
[INFO] [1775393678.242079786] [navNode]: MCU2 send back: Gdoing*
[INFO] [1775393678.329815265] [navNode]: MCU2 send back: Gdoing*
[INFO] [1775393678.450653240] [navNode]: MCU2 send back: Gdoing*
[INFO] [1775393678.586325556] [navNode]: MCU2 send back: Gdoing*
[INFO] [1775393678.724609513] [navNode]: MCU2 send back: Gdoing*
[INFO] [1775393678.810178998] [navNode]: MCU2 send back: Gdoing*
[INFO] [1775393678.933599768] [navNode]: MCU2 send back: Gdoing*
[INFO] [1775393679.066128196] [navNode]: MCU2 send back: Gdone*
[INFO] [1775393679.066449370] [navNode]: mcu:已到目标点-[none]
[INFO] [1775393679.411197112] [navNode]: MCU2 send back: Gdone*
[INFO] [1775393679.411545774] [navNode]: mcu:已到目标点-[none]
[INFO] [1775393680.432774759] [navNode]: MCU2 send back: Gdone*
[INFO] [1775393680.433098424] [navNode]: mcu:已到目标点-[none]
[INFO] [1775393681.310398509] [navNode]: MCU2 send back: +06399+04601+05448
[INFO] [1775393681.394181782] [navNode]: MCU2 send back: Gdoing*
[INFO] [1775393681.512857300] [navNode]: MCU2 send back: Gdoing*
[INFO] [1775393681.633388037] [navNode]: MCU2 send back: Gdoing*
[INFO] [1775393681.754055107] [navNode]: MCU2 send back: Gdoing*
[INFO] [1775393681.873738730] [navNode]: MCU2 send back: Gdoing*
[INFO] [1775393681.994391804] [navNode]: MCU2 send back: Gdoing*
[INFO] [1775393682.115035624] [navNode]: MCU2 send back: Gdoing*
[INFO] [1775393682.235532105] [navNode]: MCU2 send back: Gdoing*
[INFO] [1775393682.354420607] [navNode]: MCU2 send back: Gdone*
[INFO] [1775393682.354826332] [navNode]: mcu:已到目标点-[none]
[INFO] [1775393682.475398569] [navNode]: MCU2 send back: Gdone*
[INFO] [1775393682.476071807] [navNode]: mcu:已到目标点-[none]
[INFO] [1775393683.495995431] [navNode]: MCU2 send back: Gdone*
[INFO] [1775393683.496312382] [navNode]: mcu:已到目标点-[none]
[INFO] [1775393683.619780050] [navNode]: MCU2 send back: +06804+03187+05351
[INFO] [1775393683.717570394] [navNode]: MCU2 send back: Gdoing*
[INFO] [1775393683.835786480] [navNode]: MCU2 send back: Gdoing*
[INFO] [1775393683.956629153] [navNode]: MCU2 send back: Gdoing*
[INFO] [1775393684.076639027] [navNode]: MCU2 send back: Gdoing*
[INFO] [1775393684.197657027] [navNode]: MCU2 send back: Gdoing*
[INFO] [1775393684.317059155] [navNode]: MCU2 send back: Gdoing*
[INFO] [1775393684.437664217] [navNode]: MCU2 send back: Gdoing*
[INFO] [1775393684.557399465] [navNode]: MCU2 send back: Gdoing*
[INFO] [1775393684.677399049] [navNode]: MCU2 send back: Gdoing*
[INFO] [1775393684.799191295] [navNode]: MCU2 send back: Gdoing*
[INFO] [1775393684.917949132] [navNode]: MCU2 send back: Gdoing*
[INFO] [1775393685.038329796] [navNode]: MCU2 send back: Gdoing*
[INFO] [1775393685.158534361] [navNode]: MCU2 send back: Gdoing*
[INFO] [1775393685.278612172] [navNode]: MCU2 send back: Gdoing*
[INFO] [1775393685.398440252] [navNode]: MCU2 send back: Gdoing*
[INFO] [1775393685.519653851] [navNode]: MCU2 send back: Gdone*
[INFO] [1775393685.520160079] [navNode]: mcu:已到目标点-[none]
[INFO] [1775393685.538708277] [navNode]: MCU2 send back: Gdone*
[INFO] [1775393685.539062465] [navNode]: mcu:已到目标点-[none]
[INFO] [1775393686.096853050] [navNode]: MCU2 send back: +05049+03814+05262
[INFO] [1775393686.178672687] [navNode]: MCU2 send back: Gdoing*
[INFO] [1775393686.300484384] [navNode]: MCU2 send back: Gdoing*
[INFO] [1775393686.419742266] [navNode]: MCU2 send back: Gdoing*
[INFO] [1775393686.540340642] [navNode]: MCU2 send back: Gdoing*
[INFO] [1775393686.661027895] [navNode]: MCU2 send back: Gdoing*
[INFO] [1775393686.779867792] [navNode]: MCU2 send back: Gdoing*
[INFO] [1775393686.900038563] [navNode]: MCU2 send back: Gdoing*
[INFO] [1775393687.019789780] [navNode]: MCU2 send back: Gdoing*
[INFO] [1775393687.140651823] [navNode]: MCU2 send back: Gdoing*
[INFO] [1775393687.261224408] [navNode]: MCU2 send back: Gdone*
[INFO] [1775393687.261654532] [navNode]: mcu:已到目标点-[none]
[INFO] [1775393687.584855952] [navNode]: MCU2 send back: Gdone*
[INFO] [1775393687.586106257] [navNode]: mcu:已到目标点-[none]
[INFO] [1775393688.601785069] [navNode]: MCU2 send back: Gdone*
[INFO] [1775393688.603370225] [navNode]: mcu:已到目标点-[none]
[INFO] [1775393688.944719806] [navNode]: MCU2 send back: +04851+03882+06480
[INFO] [1775393689.041517084] [navNode]: MCU2 send back: Gdoing*
[INFO] [1775393689.162454022] [navNode]: MCU2 send back: Gdoing*
[INFO] [1775393689.281992279] [navNode]: MCU2 send back: Gdoing*
[INFO] [1775393689.402114560] [navNode]: MCU2 send back: Gdoing*
[INFO] [1775393689.522956545] [navNode]: MCU2 send back: Gdoing*
[INFO] [1775393689.622645267] [navNode]: MCU2 send back: Gdone*
[INFO] [1775393689.623095598] [navNode]: mcu:已到目标点-[none]
[INFO] [1775393689.643016838] [navNode]: MCU2 send back: Gdone*
[INFO] [1775393689.645254908] [navNode]: mcu:已到目标点-[none]
[INFO] [1775393690.643549651] [navNode]: MCU2 send back: Gdone*
[INFO] [1775393690.643883563] [navNode]: mcu:已到目标点-[none]
[INFO] [1775393691.637724691] [navNode]: MCU2 send back: +04719+03931+04809
[INFO] [1775393691.726127906] [navNode]: MCU2 send back: Gdoing*
[INFO] [1775393691.844960233] [navNode]: MCU2 send back: Gdoing*
[INFO] [1775393691.966232696] [navNode]: MCU2 send back: Gdoing*
[INFO] [1775393692.086258400] [navNode]: MCU2 send back: Gdoing*
[INFO] [1775393692.206066129] [navNode]: MCU2 send back: Gdone*
[INFO] [1775393692.206517347] [navNode]: mcu:已到目标点-[none]
[INFO] [1775393692.686218349] [navNode]: MCU2 send back: Gdone*
[INFO] [1775393692.686847519] [navNode]: mcu:已到目标点-[none]
[INFO] [1775393693.706512315] [navNode]: MCU2 send back: Gdone*
[INFO] [1775393693.707890661] [navNode]: mcu:已到目标点-[none]
[INFO] [1775393693.945784877] [navNode]: MCU2 send back: +04548+03873+05995
[INFO] [1775393694.028003255] [navNode]: MCU2 send back: Gdoing*
[INFO] [1775393694.148974134] [navNode]: MCU2 send back: Gdoing*
[INFO] [1775393694.268095818] [navNode]: MCU2 send back: Gdoing*
[INFO] [1775393694.388921488] [navNode]: MCU2 send back: Gdoing*
[INFO] [1775393694.508624957] [navNode]: MCU2 send back: Gdone*
[INFO] [1775393694.509273980] [navNode]: mcu:已到目标点-[none]
[INFO] [1775393694.728986199] [navNode]: MCU2 send back: Gdone*
[INFO] [1775393694.729353367] [navNode]: mcu:已到目标点-[none]
[INFO] [1775393695.322640899] [navNode]: MCU2 send back: +04465+03749+06928
[INFO] [1775393695.409170091] [navNode]: MCU2 send back: Gdoing*
[INFO] [1775393695.531037827] [navNode]: MCU2 send back: Gdoing*
[INFO] [1775393695.650721449] [navNode]: MCU2 send back: Gdoing*
[INFO] [1775393695.769973257] [navNode]: MCU2 send back: Gdone*
[INFO] [1775393695.770398720] [navNode]: mcu:已到目标点-[none]
[INFO] [1775393696.370235775] [navNode]: MCU2 send back: +04411+03651+05054
[INFO] [1775393696.450741368] [navNode]: MCU2 send back: Gdoing*
[INFO] [1775393696.571546992] [navNode]: MCU2 send back: Gdoing*
[INFO] [1775393696.690795971] [navNode]: MCU2 send back: Gdoing*
[INFO] [1775393696.811407403] [navNode]: MCU2 send back: Gdoing*
[INFO] [1775393696.931347639] [navNode]: MCU2 send back: Gdoing*
[INFO] [1775393697.050999262] [navNode]: MCU2 send back: Gdone*
[INFO] [1775393697.051405320] [navNode]: mcu:已到目标点-[none]
[INFO] [1775393697.787496584] [navNode]: MCU2 send back: +02311+03624+05381
[INFO] [1775393697.873771330] [navNode]: MCU2 send back: Gdoing*
[INFO] [1775393697.992853081] [navNode]: MCU2 send back: Gdoing*
[INFO] [1775393698.112674178] [navNode]: MCU2 send back: Gdoing*
[INFO] [1775393698.233399405] [navNode]: MCU2 send back: Gdoing*
[INFO] [1775393698.354108371] [navNode]: MCU2 send back: Gdoing*
[INFO] [1775393698.473208249] [navNode]: MCU2 send back: Gdoing*
[INFO] [1775393698.593494283] [navNode]: MCU2 send back: Gdoing*
[INFO] [1775393698.713440228] [navNode]: MCU2 send back: Gdoing*
[INFO] [1775393698.833012741] [navNode]: MCU2 send back: Gdoing*
[INFO] [1775393698.952898085] [navNode]: MCU2 send back: Gdone*
[INFO] [1775393698.953729781] [navNode]: mcu:已到目标点-[none]
[INFO] [1775393699.833283475] [navNode]: MCU2 send back: Gdone*
[INFO] [1775393699.833599479] [navNode]: mcu:已到目标点-[none]
[INFO] [1775393700.855385109] [navNode]: MCU2 send back: Gdone*
[INFO] [1775393700.855757586] [navNode]: mcu:已到目标点-[none]
[INFO] [1775393700.883917703] [navNode]: MCU2 send back: +02217+03554+05152
[INFO] [1775393700.975286441] [navNode]: MCU2 send back: Gdone*
[INFO] [1775393700.975620744] [navNode]: mcu:已到目标点-[none]
[INFO] [1775393701.877022153] [navNode]: MCU2 send back: Gdone*
[INFO] [1775393701.877391119] [navNode]: mcu:已到目标点-[none]
[INFO] [1775393702.897315212] [navNode]: MCU2 send back: Gdone*
[INFO] [1775393702.897677243] [navNode]: mcu:已到目标点-[none]
[INFO] [1775393703.918169886] [navNode]: MCU2 send back: Gdone*
[INFO] [1775393703.918520591] [navNode]: mcu:已到目标点-[none]
[INFO] [1775393704.362101581] [navNode]: MCU2 send back: Landok
