[INFO] [1775394640.403965913] [navNode]: paths: [
  {"x": 0.00, "y": 0.00, "z": 0.00, "label": "TakeOff", "qrcode": "", "label2": ""       , "qrcode2": "" },
  {"x": 0.00, "y": 0.00, "z": 0.10, "label": "A6"     , "qrcode": "", "label2": ""       , "qrcode2": "" },
  {"x": 0.00, "y": 0.00, "z": 0.20, "label": "A3"     , "qrcode": "", "label2": ""       , "qrcode2": "" },
  {"x":-0.25, "y": 1.25, "z": 1.20, "label": "A2"     , "qrcode": "", "label2": ""       , "qrcode2": "" },
  {"x":-0.25, "y": 1.25, "z": 0.80, "label": "A5"     , "qrcode": "", "label2": ""       , "qrcode2": "" },
  {"x":-0.25, "y": 1.75, "z": 0.80, "label": "A4"     , "qrcode": "", "label2": ""       , "qrcode2": "" },
  {"x":-0.25, "y": 1.75, "z": 1.20, "label": "A1"     , "qrcode": "", "label2": ""       , "qrcode2": "" },
  {"x":-0.25, "y": 2.00, "z": 0.70, "label": "UpSide1", "qrcode": "", "label2": ""       , "qrcode2": "" },
  {"x": 0.75, "y": 2.00, "z": 0.70, "label": "LandPos", "qrcode": "", "label2": ""       , "qrcode2": "" }
]

[INFO] [1775394640.417814317] [navNode]: 上位机导航节点启动成功
[INFO] [1775394646.592823335] [navNode]: 收到来自UI的请求：scan_all
[WARN] [1775394646.593417018] [navNode]: 任务开始执行scan_all
[INFO] [1775394646.694466624] [navNode]: 状态1：Takeoff--[TakeOff]
[INFO] [1775394646.707993811] [navNode]: takeoff 发送成功 → 飞行站已调用：takeoff服务
[INFO] [1775394646.730113027] [navNode]: MCU2 send back: Takeoffok
[INFO] [1775394646.794557048] [navNode]: 状态2：Takeoff_wait--[TakeOff]
[INFO] [1775394646.795504639] [navNode]: 已到目标点
目标位置:TakeOff:(0.0, 0.0, 0.0)-[TakeOff]-[MCU:False]-[POS:True]
当前位置:(-0.0021372174378484488, -0.0009770117467269301, -0.0020180565770715475)

[INFO] [1775394646.894303999] [navNode]: 状态3：SetAim--[TakeOff]
[INFO] [1775394646.903365690] [navNode]: G+00000+00000+00000 发送成功 → 飞行站已调用：G+00000+00000+00000服务
[INFO] [1775394646.932595078] [navNode]: MCU2 send back: +00000+00000+00000
[INFO] [1775394646.994138466] [navNode]: 状态4：WaitAim--[TakeOff]
[INFO] [1775394646.995590716] [navNode]: 已到目标点
目标位置:TakeOff:(0.0, 0.0, 0.0)-[TakeOff]-[MCU:False]-[POS:True]
当前位置:(-0.0022448040544986725, -0.0010420778999105096, -0.0021863074507564306)

[INFO] [1775394647.093987689] [navNode]: 状态5：ArriveAim--[TakeOff]
[INFO] [1775394647.194202256] [navNode]: 状态3：SetAim--[TakeOff]
[INFO] [1775394647.204397264] [navNode]: G+00000+00000+01000 发送成功 → 飞行站已调用：G+00000+00000+01000服务
[INFO] [1775394647.230170847] [navNode]: MCU2 send back: +00000+00000+01000
[INFO] [1775394647.294118991] [navNode]: 状态4：WaitAim--[A6]
[INFO] [1775394647.294692813] [navNode]: 未到目标点
目标位置:(0.0, 0.0, 0.1)-[A6]-[MCU:False]-[POS:False]
当前位置:(-0.002640149090439081, -0.0005632041720673442, -0.001805129460990429)
[INFO] [1775394647.394112951] [navNode]: 状态4：WaitAim--[A6]
[INFO] [1775394647.395369180] [navNode]: 未到目标点
目标位置:(0.0, 0.0, 0.1)-[A6]-[MCU:False]-[POS:False]
当前位置:(-0.002933143638074398, -0.0007018295582383871, -0.002040676772594452)
[INFO] [1775394647.494130097] [navNode]: 状态4：WaitAim--[A6]
[INFO] [1775394647.494580578] [navNode]: 未到目标点
目标位置:(0.0, 0.0, 0.1)-[A6]-[MCU:False]-[POS:False]
当前位置:(-0.0032894278410822153, 0.0002707153034862131, -0.0014062675181776285)
[INFO] [1775394647.594392786] [navNode]: 状态4：WaitAim--[A6]
[INFO] [1775394647.595016878] [navNode]: 未到目标点
目标位置:(0.0, 0.0, 0.1)-[A6]-[MCU:False]-[POS:False]
当前位置:(-0.002532938029617071, -0.0011997155379503965, -0.0021582539193332195)
[INFO] [1775394647.694272899] [navNode]: 状态4：WaitAim--[A6]
[INFO] [1775394647.694869279] [navNode]: 未到目标点
目标位置:(0.0, 0.0, 0.1)-[A6]-[MCU:False]-[POS:False]
当前位置:(-0.0037497826851904392, 0.00047572256880812347, -0.0015132715925574303)
[INFO] [1775394647.794443408] [navNode]: 状态4：WaitAim--[A6]
[INFO] [1775394647.795103303] [navNode]: 未到目标点
目标位置:(0.0, 0.0, 0.1)-[A6]-[MCU:False]-[POS:False]
当前位置:(-0.002843234920874238, -0.0006150255794636905, -0.0018597266171127558)
[INFO] [1775394647.894094876] [navNode]: 状态4：WaitAim--[A6]
[INFO] [1775394647.894729123] [navNode]: 未到目标点
目标位置:(0.0, 0.0, 0.1)-[A6]-[MCU:False]-[POS:False]
当前位置:(-0.0023794560693204403, -0.000868766219355166, -0.0020730136893689632)
[INFO] [1775394647.994561684] [navNode]: 状态4：WaitAim--[A6]
[INFO] [1775394647.995116925] [navNode]: 未到目标点
目标位置:(0.0, 0.0, 0.1)-[A6]-[MCU:False]-[POS:False]
当前位置:(-0.0029551670886576176, -6.011092409607954e-05, -0.001624056720174849)
[INFO] [1775394648.094311030] [navNode]: 状态4：WaitAim--[A6]
[INFO] [1775394648.095802017] [navNode]: 未到目标点
目标位置:(0.0, 0.0, 0.1)-[A6]-[MCU:False]-[POS:False]
当前位置:(-0.0026844062376767397, -0.0009128485107794404, -0.0019034158904105425)
[INFO] [1775394648.194711721] [navNode]: 状态4：WaitAim--[A6]
[INFO] [1775394648.195172254] [navNode]: 未到目标点
目标位置:(0.0, 0.0, 0.1)-[A6]-[MCU:False]-[POS:False]
当前位置:(-0.002540388610213995, -0.001392024103552103, -0.0022081262432038784)
[INFO] [1775394648.294257820] [navNode]: 状态4：WaitAim--[A6]
[INFO] [1775394648.294644259] [navNode]: 未到目标点
目标位置:(0.0, 0.0, 0.1)-[A6]-[MCU:False]-[POS:False]
当前位置:(-0.00251736119389534, -0.0006240319344215095, -0.0017692912369966507)
[INFO] [1775394648.394375768] [navNode]: 状态4：WaitAim--[A6]
[INFO] [1775394648.394941013] [navNode]: 未到目标点
目标位置:(0.0, 0.0, 0.1)-[A6]-[MCU:False]-[POS:False]
当前位置:(-0.002219563350081444, -0.0009057224960997701, -0.0020728649105876684)
[INFO] [1775394648.493966988] [navNode]: 状态4：WaitAim--[A6]
[INFO] [1775394648.494413492] [navNode]: 未到目标点
目标位置:(0.0, 0.0, 0.1)-[A6]-[MCU:False]-[POS:False]
当前位置:(-0.002567766234278679, -0.00013182849215809256, -0.0015964907361194491)
[INFO] [1775394648.594409351] [navNode]: 状态4：WaitAim--[A6]
[INFO] [1775394648.595103942] [navNode]: 未到目标点
目标位置:(0.0, 0.0, 0.1)-[A6]-[MCU:False]-[POS:False]
当前位置:(-0.0023559583351016045, -0.0002464743156451732, -0.0015375082148239017)
[INFO] [1775394648.693999970] [navNode]: 状态4：WaitAim--[A6]
[INFO] [1775394648.694440854] [navNode]: 未到目标点
目标位置:(0.0, 0.0, 0.1)-[A6]-[MCU:False]-[POS:False]
当前位置:(-0.0022579727228730917, -0.0001990103191928938, -0.001616408582776785)
[INFO] [1775394648.794398538] [navNode]: 状态4：WaitAim--[A6]
[INFO] [1775394648.794945608] [navNode]: 未到目标点
目标位置:(0.0, 0.0, 0.1)-[A6]-[MCU:False]-[POS:False]
当前位置:(-0.0026162113063037395, -0.00015487318160012364, -0.0016501903301104903)
[INFO] [1775394648.894068613] [navNode]: 状态4：WaitAim--[A6]
[INFO] [1775394648.894510291] [navNode]: 未到目标点
目标位置:(0.0, 0.0, 0.1)-[A6]-[MCU:False]-[POS:False]
当前位置:(-0.002442404394969344, -0.00040261916001327336, -0.0017387877451255918)
[INFO] [1775394648.994299503] [navNode]: 状态4：WaitAim--[A6]
[INFO] [1775394648.994790568] [navNode]: 未到目标点
目标位置:(0.0, 0.0, 0.1)-[A6]-[MCU:False]-[POS:False]
当前位置:(-0.002783498726785183, -0.00026090035680681467, -0.00177031010389328)
[INFO] [1775394649.094020514] [navNode]: 状态4：WaitAim--[A6]
[INFO] [1775394649.094490352] [navNode]: 未到目标点
目标位置:(0.0, 0.0, 0.1)-[A6]-[MCU:False]-[POS:False]
当前位置:(-0.002738380804657936, -0.000399109092541039, -0.0018510010559111834)
[INFO] [1775394649.194322539] [navNode]: 状态4：WaitAim--[A6]
[INFO] [1775394649.194815354] [navNode]: 未到目标点
目标位置:(0.0, 0.0, 0.1)-[A6]-[MCU:False]-[POS:False]
当前位置:(-0.0032210503704845905, -0.0005549690686166286, -0.001992221921682358)
[INFO] [1775394649.294001249] [navNode]: 状态4：WaitAim--[A6]
[INFO] [1775394649.294531750] [navNode]: 未到目标点
目标位置:(0.0, 0.0, 0.1)-[A6]-[MCU:False]-[POS:False]
当前位置:(-0.0031937139574438334, -0.0004890449927188456, -0.001730634132400155)
[INFO] [1775394649.394261358] [navNode]: 状态4：WaitAim--[A6]
[INFO] [1775394649.395570408] [navNode]: 未到目标点
目标位置:(0.0, 0.0, 0.1)-[A6]-[MCU:False]-[POS:False]
当前位置:(-0.003109432989731431, -0.00038958402001298964, -0.0018661048961803317)
[INFO] [1775394649.494434461] [navNode]: 状态4：WaitAim--[A6]
[INFO] [1775394649.496666491] [navNode]: 未到目标点
目标位置:(0.0, 0.0, 0.1)-[A6]-[MCU:False]-[POS:False]
当前位置:(-0.0030618407763540745, -0.00047283523599617183, -0.002033303724601865)
[INFO] [1775394649.594534912] [navNode]: 状态4：WaitAim--[A6]
[INFO] [1775394649.595053531] [navNode]: 未到目标点
目标位置:(0.0, 0.0, 0.1)-[A6]-[MCU:False]-[POS:False]
当前位置:(-0.0033379285596311092, -0.00031676149228587747, -0.0018609645776450634)
[INFO] [1775394649.694547632] [navNode]: 状态4：WaitAim--[A6]
[INFO] [1775394649.695048407] [navNode]: 未到目标点
目标位置:(0.0, 0.0, 0.1)-[A6]-[MCU:False]-[POS:False]
当前位置:(-0.0032115995418280363, -0.0012848189799115062, -0.0022698247339576483)
[INFO] [1775394649.794613358] [navNode]: 状态4：WaitAim--[A6]
[INFO] [1775394649.795718542] [navNode]: 未到目标点
目标位置:(0.0, 0.0, 0.1)-[A6]-[MCU:False]-[POS:False]
当前位置:(-0.0032052118331193924, -0.0009072868851944804, -0.0021939456928521395)
[INFO] [1775394649.825464721] [navNode]: MCU2 send back: Gdoing*
[INFO] [1775394649.894307778] [navNode]: 状态4：WaitAim--[A6]
[INFO] [1775394649.894899225] [navNode]: 未到目标点
目标位置:(0.0, 0.0, 0.1)-[A6]-[MCU:False]-[POS:False]
当前位置:(-0.0032017556950449944, -0.001080320798791945, -0.0024499499704688787)
[INFO] [1775394649.945857223] [navNode]: MCU2 send back: Gdoing*
[INFO] [1775394649.994356587] [navNode]: 状态4：WaitAim--[A6]
[INFO] [1775394649.995392532] [navNode]: 未到目标点
目标位置:(0.0, 0.0, 0.1)-[A6]-[MCU:False]-[POS:False]
当前位置:(-0.0027046804316341877, -0.0014300007605925202, -0.002564445836469531)
[INFO] [1775394650.067304421] [navNode]: MCU2 send back: Gdoing*
[INFO] [1775394650.094201477] [navNode]: 状态4：WaitAim--[A6]
[INFO] [1775394650.094712684] [navNode]: 未到目标点
目标位置:(0.0, 0.0, 0.1)-[A6]-[MCU:False]-[POS:False]
当前位置:(-0.0027237499598413706, -0.0008352566510438919, -0.0019787352066487074)
[INFO] [1775394650.185884313] [navNode]: MCU2 send back: Gdoing*
[INFO] [1775394650.194046948] [navNode]: 状态4：WaitAim--[A6]
[INFO] [1775394650.194525332] [navNode]: 未到目标点
目标位置:(0.0, 0.0, 0.1)-[A6]-[MCU:False]-[POS:False]
当前位置:(-0.0023876859340816736, -0.0010639835381880403, -0.0020473997574299574)
[INFO] [1775394650.294872049] [navNode]: 状态4：WaitAim--[A6]
[INFO] [1775394650.295662961] [navNode]: 未到目标点
目标位置:(0.0, 0.0, 0.1)-[A6]-[MCU:False]-[POS:False]
当前位置:(-0.003119636559858918, -0.0002784782263915986, -0.0017574048833921552)
[INFO] [1775394650.305698630] [navNode]: MCU2 send back: Gdoing*
[INFO] [1775394650.394347290] [navNode]: 状态4：WaitAim--[A6]
[INFO] [1775394650.394861389] [navNode]: 未到目标点
目标位置:(0.0, 0.0, 0.1)-[A6]-[MCU:False]-[POS:False]
当前位置:(-0.0032876983750611544, -0.0005729569238610566, -0.002042283769696951)
[INFO] [1775394650.425459302] [navNode]: MCU2 send back: Gdoing*
[INFO] [1775394650.494471395] [navNode]: 状态4：WaitAim--[A6]
[INFO] [1775394650.494978620] [navNode]: 未到目标点
目标位置:(0.0, 0.0, 0.1)-[A6]-[MCU:False]-[POS:False]
当前位置:(-0.003385143121704459, 4.462815559236333e-05, -0.001529407687485218)
[INFO] [1775394650.546198510] [navNode]: MCU2 send back: Gdoing*
[INFO] [1775394650.594426563] [navNode]: 状态4：WaitAim--[A6]
[INFO] [1775394650.595118315] [navNode]: 未到目标点
目标位置:(0.0, 0.0, 0.1)-[A6]-[MCU:False]-[POS:False]
当前位置:(-0.003457770450040698, 7.876862218836322e-05, -0.0015685387188568711)
[INFO] [1775394650.667382025] [navNode]: MCU2 send back: Gdoing*
[INFO] [1775394650.694846608] [navNode]: 状态4：WaitAim--[A6]
[INFO] [1775394650.695670688] [navNode]: 未到目标点
目标位置:(0.0, 0.0, 0.1)-[A6]-[MCU:False]-[POS:False]
当前位置:(-0.0033657746389508247, -0.00042726946412585676, -0.0016321147559210658)
[INFO] [1775394650.786185739] [navNode]: MCU2 send back: Gdoing*
[INFO] [1775394650.794894286] [navNode]: 状态4：WaitAim--[A6]
[INFO] [1775394650.795476428] [navNode]: 未到目标点
目标位置:(0.0, 0.0, 0.1)-[A6]-[MCU:False]-[POS:False]
当前位置:(-0.003147234208881855, -0.00020427306299097836, -0.0017978857504203916)
[INFO] [1775394650.895984055] [navNode]: 状态4：WaitAim--[A6]
[INFO] [1775394650.896643728] [navNode]: 未到目标点
目标位置:(0.0, 0.0, 0.1)-[A6]-[MCU:False]-[POS:False]
当前位置:(-0.003323283279314637, -5.213557597016916e-05, -0.0017012662719935179)
[INFO] [1775394650.906443181] [navNode]: MCU2 send back: Gdoing*
[INFO] [1775394650.994762842] [navNode]: 状态4：WaitAim--[A6]
[INFO] [1775394650.995337302] [navNode]: 未到目标点
目标位置:(0.0, 0.0, 0.1)-[A6]-[MCU:False]-[POS:False]
当前位置:(-0.002984978025779128, -0.0007211949559859931, -0.001969819888472557)
[INFO] [1775394651.028942771] [navNode]: MCU2 send back: Gdoing*
[INFO] [1775394651.094482857] [navNode]: 状态4：WaitAim--[A6]
[INFO] [1775394651.095078906] [navNode]: 未到目标点
目标位置:(0.0, 0.0, 0.1)-[A6]-[MCU:False]-[POS:False]
当前位置:(-0.0026976827066391706, -0.001249624416232109, -0.002283544046804309)
[INFO] [1775394651.148098630] [navNode]: MCU2 send back: Gdoing*
[INFO] [1775394651.194895790] [navNode]: 状态4：WaitAim--[A6]
[INFO] [1775394651.195371751] [navNode]: 未到目标点
目标位置:(0.0, 0.0, 0.1)-[A6]-[MCU:False]-[POS:False]
当前位置:(-0.003047434613108635, -0.0003175323363393545, -0.0017858833307400346)
[INFO] [1775394651.267888020] [navNode]: MCU2 send back: Gdoing*
[INFO] [1775394651.295430950] [navNode]: 状态4：WaitAim--[A6]
[INFO] [1775394651.295936162] [navNode]: 未到目标点
目标位置:(0.0, 0.0, 0.1)-[A6]-[MCU:False]-[POS:False]
当前位置:(-0.0030257785692811012, -0.0003610925341490656, -0.001695118029601872)
[INFO] [1775394651.387989511] [navNode]: MCU2 send back: Gdoing*
[INFO] [1775394651.394310597] [navNode]: 状态4：WaitAim--[A6]
[INFO] [1775394651.394966395] [navNode]: 未到目标点
目标位置:(0.0, 0.0, 0.1)-[A6]-[MCU:False]-[POS:False]
当前位置:(-0.0030120513401925564, -0.0006042449967935681, -0.0019002915360033512)
[INFO] [1775394651.494472443] [navNode]: 状态4：WaitAim--[A6]
[INFO] [1775394651.495108263] [navNode]: 未到目标点
目标位置:(0.0, 0.0, 0.1)-[A6]-[MCU:False]-[POS:False]
当前位置:(-0.002794909290969372, -0.001083380775526166, -0.002096364041790366)
[INFO] [1775394651.508557168] [navNode]: MCU2 send back: Gdoing*
[INFO] [1775394651.594925546] [navNode]: 状态4：WaitAim--[A6]
[INFO] [1775394651.595730591] [navNode]: 未到目标点
目标位置:(0.0, 0.0, 0.1)-[A6]-[MCU:False]-[POS:False]
当前位置:(-0.0031061202753335238, -0.0009224212844856083, -0.002009002957493067)
[INFO] [1775394651.629963999] [navNode]: MCU2 send back: Gdoing*
[INFO] [1775394651.695182974] [navNode]: 状态4：WaitAim--[A6]
[INFO] [1775394651.696194060] [navNode]: 未到目标点
目标位置:(0.0, 0.0, 0.1)-[A6]-[MCU:False]-[POS:False]
当前位置:(-0.0023682042956352234, -0.0011041846591979265, -0.00212256726808846)
[INFO] [1775394651.748722929] [navNode]: MCU2 send back: Gdoing*
[INFO] [1775394651.806161325] [navNode]: 状态4：WaitAim--[A6]
[INFO] [1775394651.807707555] [navNode]: 未到目标点
目标位置:(0.0, 0.0, 0.1)-[A6]-[MCU:False]-[POS:False]
当前位置:(-0.002975247800350189, -0.000569684780202806, -0.00217489548958838)
[INFO] [1775394651.869784721] [navNode]: MCU2 send back: Gdoing*
[INFO] [1775394651.894827142] [navNode]: 状态4：WaitAim--[A6]
[INFO] [1775394651.895760442] [navNode]: 未到目标点
目标位置:(0.0, 0.0, 0.1)-[A6]-[MCU:False]-[POS:False]
当前位置:(-0.0030786797869950533, 0.00013128184946253896, -0.0013438983587548137)
[INFO] [1775394651.990129697] [navNode]: MCU2 send back: Gdoing*
[INFO] [1775394651.995317491] [navNode]: 状态4：WaitAim--[A6]
[INFO] [1775394651.996390480] [navNode]: 未到目标点
目标位置:(0.0, 0.0, 0.1)-[A6]-[MCU:False]-[POS:False]
当前位置:(-0.002654382726177573, -0.0009692218154668808, -0.002042517764493823)
[INFO] [1775394652.094846386] [navNode]: 状态4：WaitAim--[A6]
[INFO] [1775394652.095966424] [navNode]: 未到目标点
目标位置:(0.0, 0.0, 0.1)-[A6]-[MCU:False]-[POS:False]
当前位置:(-0.003815330332145095, 1.4042780094314367e-05, -0.0015028489287942648)
[INFO] [1775394652.113510931] [navNode]: MCU2 send back: Gdoing*
[INFO] [1775394652.195093200] [navNode]: 状态4：WaitAim--[A6]
[INFO] [1775394652.195849064] [navNode]: 未到目标点
目标位置:(0.0, 0.0, 0.1)-[A6]-[MCU:False]-[POS:False]
当前位置:(-0.0027444122824817896, -0.0013750274665653706, -0.002163936384022236)
[INFO] [1775394652.229400079] [navNode]: MCU2 send back: Gdoing*
[INFO] [1775394652.294974658] [navNode]: 状态4：WaitAim--[A6]
[INFO] [1775394652.295697019] [navNode]: 未到目标点
目标位置:(0.0, 0.0, 0.1)-[A6]-[MCU:False]-[POS:False]
当前位置:(-0.0034944156650453806, -2.8453137929318473e-05, -0.0016576525522395968)
[INFO] [1775394652.351012282] [navNode]: MCU2 send back: Gdoing*
[INFO] [1775394652.394387193] [navNode]: 状态4：WaitAim--[A6]
[INFO] [1775394652.395019185] [navNode]: 未到目标点
目标位置:(0.0, 0.0, 0.1)-[A6]-[MCU:False]-[POS:False]
当前位置:(-0.0027240763884037733, -0.0005349546554498374, -0.0018298348877578974)
[INFO] [1775394652.469498027] [navNode]: MCU2 send back: Gdoing*
[INFO] [1775394652.494894749] [navNode]: 状态4：WaitAim--[A6]
[INFO] [1775394652.495981691] [navNode]: 未到目标点
目标位置:(0.0, 0.0, 0.1)-[A6]-[MCU:False]-[POS:False]
当前位置:(-0.0023608915507793427, -0.0014298668829724193, -0.0022985206451267004)
[INFO] [1775394652.590571449] [navNode]: MCU2 send back: Gdoing*
[INFO] [1775394652.594874085] [navNode]: 状态4：WaitAim--[A6]
[INFO] [1775394652.595489184] [navNode]: 未到目标点
目标位置:(0.0, 0.0, 0.1)-[A6]-[MCU:False]-[POS:False]
当前位置:(-0.002649777103215456, -2.288288487761747e-05, -0.0014899256639182568)
[INFO] [1775394652.695731639] [navNode]: 状态4：WaitAim--[A6]
[INFO] [1775394652.696805850] [navNode]: 未到目标点
目标位置:(0.0, 0.0, 0.1)-[A6]-[MCU:False]-[POS:False]
当前位置:(-0.0024908804334700108, -0.0009595375158824027, -0.002165626734495163)
[INFO] [1775394652.710388777] [navNode]: MCU2 send back: Gdoing*
[INFO] [1775394652.795638887] [navNode]: 状态4：WaitAim--[A6]
[INFO] [1775394652.796519361] [navNode]: 未到目标点
目标位置:(0.0, 0.0, 0.1)-[A6]-[MCU:False]-[POS:False]
当前位置:(-0.0031015833374112844, -0.00044728448847308755, -0.0016430096002295613)
[INFO] [1775394652.830059157] [navNode]: MCU2 send back: Gdoing*
[INFO] [1775394652.895535065] [navNode]: 状态4：WaitAim--[A6]
[INFO] [1775394652.896851640] [navNode]: 未到目标点
目标位置:(0.0, 0.0, 0.1)-[A6]-[MCU:False]-[POS:False]
当前位置:(-0.0030675942543894053, -0.00036433787317946553, -0.0016296457033604383)
[INFO] [1775394652.952297210] [navNode]: MCU2 send back: Gdoing*
[INFO] [1775394652.995123793] [navNode]: 状态4：WaitAim--[A6]
[INFO] [1775394652.996081933] [navNode]: 未到目标点
目标位置:(0.0, 0.0, 0.1)-[A6]-[MCU:False]-[POS:False]
当前位置:(-0.002817343920469284, -0.00016336872067768127, -0.001521240221336484)
[INFO] [1775394653.071073502] [navNode]: MCU2 send back: Gdoing*
[INFO] [1775394653.094520198] [navNode]: 状态4：WaitAim--[A6]
[INFO] [1775394653.095489138] [navNode]: 未到目标点
目标位置:(0.0, 0.0, 0.1)-[A6]-[MCU:False]-[POS:False]
当前位置:(-0.0025376821868121624, -0.0002047589368885383, -0.0014667273499071598)
[INFO] [1775394653.191384206] [navNode]: MCU2 send back: Gdoing*
[INFO] [1775394653.195241254] [navNode]: 状态4：WaitAim--[A6]
[INFO] [1775394653.196556464] [navNode]: 未到目标点
目标位置:(0.0, 0.0, 0.1)-[A6]-[MCU:False]-[POS:False]
当前位置:(-0.0019732762593775988, -0.0006677326746284962, -0.0017081511905416846)
[INFO] [1775394653.294739170] [navNode]: 状态4：WaitAim--[A6]
[INFO] [1775394653.295535858] [navNode]: 未到目标点
目标位置:(0.0, 0.0, 0.1)-[A6]-[MCU:False]-[POS:False]
当前位置:(-0.001707620918750763, -0.0003049943770747632, -0.0013458158355206251)
[INFO] [1775394653.311112660] [navNode]: MCU2 send back: Gdoing*
[INFO] [1775394653.394315716] [navNode]: 状态4：WaitAim--[A6]
[INFO] [1775394653.395488435] [navNode]: 未到目标点
目标位置:(0.0, 0.0, 0.1)-[A6]-[MCU:False]-[POS:False]
当前位置:(-0.0024263004306703806, -0.00041011543362401426, -0.0017231719102710485)
[INFO] [1775394653.432919202] [navNode]: MCU2 send back: Gdoing*
[INFO] [1775394653.494658217] [navNode]: 状态4：WaitAim--[A6]
[INFO] [1775394653.495321198] [navNode]: 未到目标点
目标位置:(0.0, 0.0, 0.1)-[A6]-[MCU:False]-[POS:False]
当前位置:(-0.0027070974465459585, -0.00015572161646559834, -0.0014283143682405353)
[INFO] [1775394653.551452647] [navNode]: MCU2 send back: Gdoing*
[INFO] [1775394653.595293869] [navNode]: 状态4：WaitAim--[A6]
[INFO] [1775394653.595951045] [navNode]: 未到目标点
目标位置:(0.0, 0.0, 0.1)-[A6]-[MCU:False]-[POS:False]
当前位置:(-0.0024923975579440594, -0.0003639327478595078, -0.0015373521018773317)
[INFO] [1775394653.674105553] [navNode]: MCU2 send back: Gdoing*
[INFO] [1775394653.695097303] [navNode]: 状态4：WaitAim--[A6]
[INFO] [1775394653.695803932] [navNode]: 未到目标点
目标位置:(0.0, 0.0, 0.1)-[A6]-[MCU:False]-[POS:False]
当前位置:(-0.00224023568443954, -0.0009287309949286282, -0.0020035249181091785)
[INFO] [1775394653.791776375] [navNode]: MCU2 send back: Gdoing*
[INFO] [1775394653.794157075] [navNode]: 状态4：WaitAim--[A6]
[INFO] [1775394653.794766702] [navNode]: 未到目标点
目标位置:(0.0, 0.0, 0.1)-[A6]-[MCU:False]-[POS:False]
当前位置:(-0.0028157110791653395, 4.469752457225695e-05, -0.0012782569974660873)
[INFO] [1775394653.894278009] [navNode]: 状态4：WaitAim--[A6]
[INFO] [1775394653.895005310] [navNode]: 未到目标点
目标位置:(0.0, 0.0, 0.1)-[A6]-[MCU:False]-[POS:False]
当前位置:(-0.002468869322910905, -0.0004510237486101687, -0.0015599698526784778)
[INFO] [1775394653.912801272] [navNode]: MCU2 send back: Gdoing*
[INFO] [1775394653.994476460] [navNode]: 状态4：WaitAim--[A6]
[INFO] [1775394653.995027067] [navNode]: 未到目标点
目标位置:(0.0, 0.0, 0.1)-[A6]-[MCU:False]-[POS:False]
当前位置:(-0.002859665546566248, 0.0001359976304229349, -0.00122735311742872)
[INFO] [1775394654.033972508] [navNode]: MCU2 send back: Gdoing*
[INFO] [1775394654.094408666] [navNode]: 状态4：WaitAim--[A6]
[INFO] [1775394654.095064244] [navNode]: 未到目标点
目标位置:(0.0, 0.0, 0.1)-[A6]-[MCU:False]-[POS:False]
当前位置:(-0.0030948917847126722, 0.0002741363423410803, -0.0012043671449646354)
[INFO] [1775394654.153577269] [navNode]: MCU2 send back: Gdoing*
[INFO] [1775394654.194574866] [navNode]: 状态4：WaitAim--[A6]
[INFO] [1775394654.195158312] [navNode]: 未到目标点
目标位置:(0.0, 0.0, 0.1)-[A6]-[MCU:False]-[POS:False]
当前位置:(-0.0027061488945037127, -0.0005372355808503926, -0.0018826236482709646)
[INFO] [1775394654.273454018] [navNode]: MCU2 send back: Gdoing*
[INFO] [1775394654.294277695] [navNode]: 状态4：WaitAim--[A6]
[INFO] [1775394654.294793600] [navNode]: 未到目标点
目标位置:(0.0, 0.0, 0.1)-[A6]-[MCU:False]-[POS:False]
当前位置:(-0.0027181163895875216, -0.0011516176164150238, -0.002405648585408926)
[INFO] [1775394654.393153711] [navNode]: MCU2 send back: Gdoing*
[INFO] [1775394654.394329906] [navNode]: 状态4：WaitAim--[A6]
[INFO] [1775394654.394798158] [navNode]: 未到目标点
目标位置:(0.0, 0.0, 0.1)-[A6]-[MCU:False]-[POS:False]
当前位置:(-0.003652013372629881, -0.0005770110874436796, -0.0020522575359791517)
[INFO] [1775394654.494658007] [navNode]: 状态4：WaitAim--[A6]
[INFO] [1775394654.495277502] [navNode]: 未到目标点
目标位置:(0.0, 0.0, 0.1)-[A6]-[MCU:False]-[POS:False]
当前位置:(-0.005104228854179382, -0.0011542955180630088, -0.0031464865896850824)
[INFO] [1775394654.514307783] [navNode]: MCU2 send back: Gdoing*
[INFO] [1775394654.594356843] [navNode]: 状态4：WaitAim--[A6]
[INFO] [1775394654.595026511] [navNode]: 未到目标点
目标位置:(0.0, 0.0, 0.1)-[A6]-[MCU:False]-[POS:False]
当前位置:(-0.004553229082375765, -0.0026916521601378918, -0.003419148735702038)
[INFO] [1775394654.633950039] [navNode]: MCU2 send back: Gdoing*
[INFO] [1775394654.694362850] [navNode]: 状态4：WaitAim--[A6]
[INFO] [1775394654.695122954] [navNode]: 未到目标点
目标位置:(0.0, 0.0, 0.1)-[A6]-[MCU:False]-[POS:False]
当前位置:(-0.005258134566247463, -0.0018887167098000646, -0.003089032368734479)
[INFO] [1775394654.753722937] [navNode]: MCU2 send back: Gdoing*
[INFO] [1775394654.794883198] [navNode]: 状态4：WaitAim--[A6]
[INFO] [1775394654.795710799] [navNode]: 未到目标点
目标位置:(0.0, 0.0, 0.1)-[A6]-[MCU:False]-[POS:False]
当前位置:(-0.005863109603524208, -0.001983572030439973, -0.003786300541833043)
[INFO] [1775394654.873774896] [navNode]: MCU2 send back: Gdoing*
[INFO] [1775394654.894274712] [navNode]: 状态4：WaitAim--[A6]
[INFO] [1775394654.894856114] [navNode]: 未到目标点
目标位置:(0.0, 0.0, 0.1)-[A6]-[MCU:False]-[POS:False]
当前位置:(-0.005362740717828274, -0.00284425332210958, -0.003192254574969411)
[INFO] [1775394654.995861419] [navNode]: 状态4：WaitAim--[A6]
[INFO] [1775394654.996347923] [navNode]: 未到目标点
目标位置:(0.0, 0.0, 0.1)-[A6]-[MCU:False]-[POS:False]
当前位置:(-0.0048207868821918964, -0.0014414293691515923, -0.002586693735793233)
[INFO] [1775394654.997581054] [navNode]: MCU2 send back: Gdoing*
[INFO] [1775394655.094382543] [navNode]: 状态4：WaitAim--[A6]
[INFO] [1775394655.094913794] [navNode]: 未到目标点
目标位置:(0.0, 0.0, 0.1)-[A6]-[MCU:False]-[POS:False]
当前位置:(-0.0050302548334002495, -0.002175646834075451, -0.0018536117859184742)
[INFO] [1775394655.114904843] [navNode]: MCU2 send back: Gdoing*
[INFO] [1775394655.194831493] [navNode]: 状态4：WaitAim--[A6]
[INFO] [1775394655.195428035] [navNode]: 未到目标点
目标位置:(0.0, 0.0, 0.1)-[A6]-[MCU:False]-[POS:False]
当前位置:(-0.006690938491374254, -0.005090753082185984, -0.004264780320227146)
[INFO] [1775394655.234694061] [navNode]: MCU2 send back: Gdoing*
[INFO] [1775394655.294334713] [navNode]: 状态4：WaitAim--[A6]
[INFO] [1775394655.295242488] [navNode]: 未到目标点
目标位置:(0.0, 0.0, 0.1)-[A6]-[MCU:False]-[POS:False]
当前位置:(-0.007612063083797693, -0.004966782871633768, -0.004269565921276808)
[INFO] [1775394655.355075375] [navNode]: MCU2 send back: Gdoing*
[INFO] [1775394655.394304216] [navNode]: 状态4：WaitAim--[A6]
[INFO] [1775394655.394996937] [navNode]: 未到目标点
目标位置:(0.0, 0.0, 0.1)-[A6]-[MCU:False]-[POS:False]
当前位置:(-0.010570633225142956, -0.007250788621604443, -0.005191097967326641)
[INFO] [1775394655.474789930] [navNode]: MCU2 send back: Gdoing*
[INFO] [1775394655.494869955] [navNode]: 状态4：WaitAim--[A6]
[INFO] [1775394655.496007451] [navNode]: 未到目标点
目标位置:(0.0, 0.0, 0.1)-[A6]-[MCU:False]-[POS:False]
当前位置:(-0.013318097218871117, -0.010296856984496117, -0.006060016807168722)
[INFO] [1775394655.594393577] [navNode]: 状态4：WaitAim--[A6]
[INFO] [1775394655.594950434] [navNode]: 未到目标点
目标位置:(0.0, 0.0, 0.1)-[A6]-[MCU:False]-[POS:False]
当前位置:(-0.013935593888163567, -0.010047039948403835, -0.00658987183123827)
[INFO] [1775394655.596875891] [navNode]: MCU2 send back: Gdoing*
[INFO] [1775394655.694069223] [navNode]: 状态4：WaitAim--[A6]
[INFO] [1775394655.694544326] [navNode]: 未到目标点
目标位置:(0.0, 0.0, 0.1)-[A6]-[MCU:False]-[POS:False]
当前位置:(-0.011885891668498516, -0.011101917363703251, -0.005631869193166494)
[INFO] [1775394655.716020083] [navNode]: MCU2 send back: Gdoing*
[INFO] [1775394655.794145280] [navNode]: 状态4：WaitAim--[A6]
[INFO] [1775394655.794916017] [navNode]: 未到目标点
目标位置:(0.0, 0.0, 0.1)-[A6]-[MCU:False]-[POS:False]
当前位置:(-0.01215219497680664, -0.011623565107584, -0.005155865103006363)
[INFO] [1775394655.835691298] [navNode]: MCU2 send back: Gdoing*
[INFO] [1775394655.894291347] [navNode]: 状态4：WaitAim--[A6]
[INFO] [1775394655.895191007] [navNode]: 未到目标点
目标位置:(0.0, 0.0, 0.1)-[A6]-[MCU:False]-[POS:False]
当前位置:(-0.011842519044876099, -0.010789958760142326, -0.00487206457182765)
[INFO] [1775394655.956104803] [navNode]: MCU2 send back: Gdoing*
[INFO] [1775394655.994430233] [navNode]: 状态4：WaitAim--[A6]
[INFO] [1775394655.995452472] [navNode]: 未到目标点
目标位置:(0.0, 0.0, 0.1)-[A6]-[MCU:False]-[POS:False]
当前位置:(-0.011051650159060955, -0.010614336468279362, -0.005050315987318754)
[INFO] [1775394656.076698303] [navNode]: MCU2 send back: Gdoing*
[INFO] [1775394656.094622218] [navNode]: 状态4：WaitAim--[A6]
[INFO] [1775394656.095227202] [navNode]: 未到目标点
目标位置:(0.0, 0.0, 0.1)-[A6]-[MCU:False]-[POS:False]
当前位置:(-0.010588581673800945, -0.010409064590930939, -0.0002509484766051173)
[INFO] [1775394656.194601329] [navNode]: 状态4：WaitAim--[A6]
[INFO] [1775394656.195329214] [navNode]: 未到目标点
目标位置:(0.0, 0.0, 0.1)-[A6]-[MCU:False]-[POS:False]
当前位置:(-0.008894894272089005, -0.00905002374202013, 0.0013409137027338147)
[INFO] [1775394656.197755206] [navNode]: MCU2 send back: Gdoing*
[INFO] [1775394656.294415464] [navNode]: 状态4：WaitAim--[A6]
[INFO] [1775394656.295319876] [navNode]: 未到目标点
目标位置:(0.0, 0.0, 0.1)-[A6]-[MCU:False]-[POS:False]
当前位置:(-0.007828370667994022, -0.008243500255048275, 0.0016236340161412954)
[INFO] [1775394656.394740288] [navNode]: 状态4：WaitAim--[A6]
[INFO] [1775394656.395502622] [navNode]: 未到目标点
目标位置:(0.0, 0.0, 0.1)-[A6]-[MCU:False]-[POS:False]
当前位置:(-0.007607854437083006, -0.00957312062382698, 0.0022970708087086678)
[INFO] [1775394656.494349987] [navNode]: 状态4：WaitAim--[A6]
[INFO] [1775394656.495023346] [navNode]: 未到目标点
目标位置:(0.0, 0.0, 0.1)-[A6]-[MCU:False]-[POS:False]
当前位置:(-0.009015402756631374, -0.010179192759096622, 0.002089881803840399)
[INFO] [1775394656.594121338] [navNode]: 状态4：WaitAim--[A6]
[INFO] [1775394656.594594277] [navNode]: 未到目标点
目标位置:(0.0, 0.0, 0.1)-[A6]-[MCU:False]-[POS:False]
当前位置:(-0.011839237064123154, -0.00915155466645956, 0.004511530511081219)
[INFO] [1775394656.694244085] [navNode]: 状态4：WaitAim--[A6]
[INFO] [1775394656.694648084] [navNode]: 未到目标点
目标位置:(0.0, 0.0, 0.1)-[A6]-[MCU:False]-[POS:False]
当前位置:(-0.014146227389574051, -0.010949854739010334, 0.0048797777853906155)
[INFO] [1775394656.794301714] [navNode]: 状态4：WaitAim--[A6]
[INFO] [1775394656.794904687] [navNode]: 未到目标点
目标位置:(0.0, 0.0, 0.1)-[A6]-[MCU:False]-[POS:False]
当前位置:(-0.016378674656152725, -0.015172675251960754, 0.005040718242526054)
[INFO] [1775394656.894071546] [navNode]: 状态4：WaitAim--[A6]
[INFO] [1775394656.894451080] [navNode]: 未到目标点
目标位置:(0.0, 0.0, 0.1)-[A6]-[MCU:False]-[POS:False]
当前位置:(-0.018976422026753426, -0.01948993280529976, 0.007221332285553217)
[INFO] [1775394656.994648132] [navNode]: 状态4：WaitAim--[A6]
[INFO] [1775394656.995459033] [navNode]: 未到目标点
目标位置:(0.0, 0.0, 0.1)-[A6]-[MCU:False]-[POS:False]
当前位置:(-0.02084660716354847, -0.02209596522152424, 0.011600272729992867)
[INFO] [1775394657.094525847] [navNode]: 状态4：WaitAim--[A6]
[INFO] [1775394657.095506569] [navNode]: 未到目标点
目标位置:(0.0, 0.0, 0.1)-[A6]-[MCU:False]-[POS:False]
当前位置:(-0.022688619792461395, -0.026036513969302177, 0.017902454361319542)
[INFO] [1775394657.194569342] [navNode]: 状态4：WaitAim--[A6]
[INFO] [1775394657.195109455] [navNode]: 未到目标点
目标位置:(0.0, 0.0, 0.1)-[A6]-[MCU:False]-[POS:False]
当前位置:(-0.02354704961180687, -0.02734198421239853, 0.02477041631937027)
[INFO] [1775394657.294353692] [navNode]: 状态4：WaitAim--[A6]
[INFO] [1775394657.294808965] [navNode]: 未到目标点
目标位置:(0.0, 0.0, 0.1)-[A6]-[MCU:False]-[POS:False]
当前位置:(-0.021604813635349274, -0.027069898322224617, 0.03295684978365898)
[INFO] [1775394657.394172604] [navNode]: 状态4：WaitAim--[A6]
[INFO] [1775394657.394605500] [navNode]: 未到目标点
目标位置:(0.0, 0.0, 0.1)-[A6]-[MCU:False]-[POS:False]
当前位置:(-0.0220717191696167, -0.027944475412368774, 0.04188638553023338)
[INFO] [1775394657.494189428] [navNode]: 状态4：WaitAim--[A6]
[INFO] [1775394657.494713188] [navNode]: 已到目标点
目标位置:A6:(0.0, 0.0, 0.1)-[A6]-[MCU:False]-[POS:True]
当前位置:(-0.021589502692222595, -0.028282178565859795, 0.050791677087545395)

[INFO] [1775394657.594233171] [navNode]: 状态5：ArriveAim--[A6]
[INFO] [1775394657.695060581] [navNode]: 状态6：Delay--[A6]
[INFO] [1775394657.793919109] [navNode]: 状态6：Delay--[A6]
[INFO] [1775394657.894441522] [navNode]: 状态6：Delay--[A6]
[INFO] [1775394657.994525042] [navNode]: 状态6：Delay--[A6]
[INFO] [1775394658.094445390] [navNode]: 状态6：Delay--[A6]
[INFO] [1775394658.194711224] [navNode]: 状态6：Delay--[A6]
[INFO] [1775394658.294245420] [navNode]: 状态6：Delay--[A6]
[INFO] [1775394658.394159626] [navNode]: 状态6：Delay--[A6]
[INFO] [1775394658.493953243] [navNode]: 状态6：Delay--[A6]
[INFO] [1775394658.594269269] [navNode]: 状态6：Delay--[A6]
[INFO] [1775394658.694324113] [navNode]: 状态6：Delay--[A6]
[INFO] [1775394658.794173638] [navNode]: 状态6：Delay--[A6]
[INFO] [1775394658.894368184] [navNode]: 状态6：Delay--[A6]
[INFO] [1775394658.994024933] [navNode]: 状态6：Delay--[A6]
[INFO] [1775394659.093983240] [navNode]: 状态6：Delay--[A6]
[INFO] [1775394659.194240915] [navNode]: 状态6：Delay--[A6]
[INFO] [1775394659.294236760] [navNode]: 状态6：Delay--[A6]
[INFO] [1775394659.394499326] [navNode]: 状态6：Delay--[A6]
[INFO] [1775394659.494250831] [navNode]: 状态6：Delay--[A6]
[INFO] [1775394659.594219785] [navNode]: 状态6：Delay--[A6]
[INFO] [1775394659.694177778] [navNode]: 状态6：Delay--[A6]
[INFO] [1775394659.696695962] [navNode]: 延时结束,QR识别结果:前，后
[INFO] [1775394659.794044698] [navNode]: 状态6：Delay--[A6]
[INFO] [1775394659.893975116] [navNode]: 状态3：SetAim--[A6]
[INFO] [1775394659.910077429] [navNode]: G+00000+00000+02000 发送成功 → 飞行站已调用：G+00000+00000+02000服务
[INFO] [1775394659.994325889] [navNode]: 状态4：WaitAim--[A3]
[INFO] [1775394659.995438923] [navNode]: 未到目标点
目标位置:(0.0, 0.0, 0.2)-[A3]-[MCU:False]-[POS:False]
当前位置:(-0.021359378471970558, -0.022391535341739655, 0.13709837198257446)
[INFO] [1775394660.094249897] [navNode]: 状态4：WaitAim--[A3]
[INFO] [1775394660.094960816] [navNode]: 未到目标点
目标位置:(0.0, 0.0, 0.2)-[A3]-[MCU:False]-[POS:False]
当前位置:(-0.02111559733748436, -0.022203531116247177, 0.1366247683763504)
[INFO] [1775394660.194362085] [navNode]: 状态4：WaitAim--[A3]
[INFO] [1775394660.195015264] [navNode]: 未到目标点
目标位置:(0.0, 0.0, 0.2)-[A3]-[MCU:False]-[POS:False]
当前位置:(-0.020914480090141296, -0.023015674203634262, 0.13605032861232758)
[INFO] [1775394660.294476810] [navNode]: 状态4：WaitAim--[A3]
[INFO] [1775394660.295968369] [navNode]: 未到目标点
目标位置:(0.0, 0.0, 0.2)-[A3]-[MCU:False]-[POS:False]
当前位置:(-0.020992465317249298, -0.022083064541220665, 0.13568542897701263)
[INFO] [1775394660.394640455] [navNode]: 状态4：WaitAim--[A3]
[INFO] [1775394660.395289876] [navNode]: 未到目标点
目标位置:(0.0, 0.0, 0.2)-[A3]-[MCU:False]-[POS:False]
当前位置:(-0.02215205319225788, -0.02317516691982746, 0.1358167976140976)
[INFO] [1775394660.494375850] [navNode]: 状态4：WaitAim--[A3]
[INFO] [1775394660.494930135] [navNode]: 未到目标点
目标位置:(0.0, 0.0, 0.2)-[A3]-[MCU:False]-[POS:False]
当前位置:(-0.022928649559617043, -0.023723646998405457, 0.13641870021820068)
[INFO] [1775394660.594358542] [navNode]: 状态4：WaitAim--[A3]
[INFO] [1775394660.594939514] [navNode]: 未到目标点
目标位置:(0.0, 0.0, 0.2)-[A3]-[MCU:False]-[POS:False]
当前位置:(-0.02297932840883732, -0.02303195931017399, 0.13616304099559784)
[INFO] [1775394660.695413974] [navNode]: 状态4：WaitAim--[A3]
[INFO] [1775394660.696115223] [navNode]: 未到目标点
目标位置:(0.0, 0.0, 0.2)-[A3]-[MCU:False]-[POS:False]
当前位置:(-0.0231088288128376, -0.022321553900837898, 0.13459931313991547)
[INFO] [1775394660.794387063] [navNode]: 状态4：WaitAim--[A3]
[INFO] [1775394660.794946752] [navNode]: 未到目标点
目标位置:(0.0, 0.0, 0.2)-[A3]-[MCU:False]-[POS:False]
当前位置:(-0.022088471800088882, -0.023190805688500404, 0.1343354731798172)
[INFO] [1775394660.894524683] [navNode]: 状态4：WaitAim--[A3]
[INFO] [1775394660.894994479] [navNode]: 未到目标点
目标位置:(0.0, 0.0, 0.2)-[A3]-[MCU:False]-[POS:False]
当前位置:(-0.02256920002400875, -0.024644166231155396, 0.13432256877422333)
[INFO] [1775394660.995014308] [navNode]: 状态4：WaitAim--[A3]
[INFO] [1775394660.996020153] [navNode]: 未到目标点
目标位置:(0.0, 0.0, 0.2)-[A3]-[MCU:False]-[POS:False]
当前位置:(-0.02281726524233818, -0.025616474449634552, 0.13271251320838928)
[INFO] [1775394661.094130816] [navNode]: 状态4：WaitAim--[A3]
[INFO] [1775394661.094579295] [navNode]: 未到目标点
目标位置:(0.0, 0.0, 0.2)-[A3]-[MCU:False]-[POS:False]
当前位置:(-0.022653521969914436, -0.02654595673084259, 0.13165755569934845)
[INFO] [1775394661.194123305] [navNode]: 状态4：WaitAim--[A3]
[INFO] [1775394661.194552130] [navNode]: 未到目标点
目标位置:(0.0, 0.0, 0.2)-[A3]-[MCU:False]-[POS:False]
当前位置:(-0.023067191243171692, -0.027862342074513435, 0.13125921785831451)
[INFO] [1775394661.293969208] [navNode]: 状态4：WaitAim--[A3]
[INFO] [1775394661.294426234] [navNode]: 未到目标点
目标位置:(0.0, 0.0, 0.2)-[A3]-[MCU:False]-[POS:False]
当前位置:(-0.023456303402781487, -0.027600444853305817, 0.12979836761951447)
[INFO] [1775394661.394210250] [navNode]: 状态4：WaitAim--[A3]
[INFO] [1775394661.394605892] [navNode]: 未到目标点
目标位置:(0.0, 0.0, 0.2)-[A3]-[MCU:False]-[POS:False]
当前位置:(-0.024002883583307266, -0.02943388931453228, 0.1280854493379593)
[INFO] [1775394661.493977931] [navNode]: 状态4：WaitAim--[A3]
[INFO] [1775394661.494375619] [navNode]: 未到目标点
目标位置:(0.0, 0.0, 0.2)-[A3]-[MCU:False]-[POS:False]
当前位置:(-0.024400558322668076, -0.029644373804330826, 0.12778756022453308)
[INFO] [1775394661.594400589] [navNode]: 状态4：WaitAim--[A3]
[INFO] [1775394661.594874012] [navNode]: 未到目标点
目标位置:(0.0, 0.0, 0.2)-[A3]-[MCU:False]-[POS:False]
当前位置:(-0.024478793144226074, -0.02924335189163685, 0.12918607890605927)
[INFO] [1775394661.693920145] [navNode]: 状态4：WaitAim--[A3]
[INFO] [1775394661.694413900] [navNode]: 未到目标点
目标位置:(0.0, 0.0, 0.2)-[A3]-[MCU:False]-[POS:False]
当前位置:(-0.023904141038656235, -0.02766268141567707, 0.12927144765853882)
[INFO] [1775394661.794073691] [navNode]: 状态4：WaitAim--[A3]
[INFO] [1775394661.794534946] [navNode]: 未到目标点
目标位置:(0.0, 0.0, 0.2)-[A3]-[MCU:False]-[POS:False]
当前位置:(-0.02386932633817196, -0.029250625520944595, 0.12856389582157135)
[INFO] [1775394661.894082133] [navNode]: 状态4：WaitAim--[A3]
[INFO] [1775394661.894528476] [navNode]: 未到目标点
目标位置:(0.0, 0.0, 0.2)-[A3]-[MCU:False]-[POS:False]
当前位置:(-0.02432764135301113, -0.031183261424303055, 0.12633827328681946)
[INFO] [1775394661.994133437] [navNode]: 状态4：WaitAim--[A3]
[INFO] [1775394661.994735797] [navNode]: 未到目标点
目标位置:(0.0, 0.0, 0.2)-[A3]-[MCU:False]-[POS:False]
当前位置:(-0.02482408843934536, -0.029172608628869057, 0.12509167194366455)
[INFO] [1775394662.094548346] [navNode]: 状态4：WaitAim--[A3]
[INFO] [1775394662.095133396] [navNode]: 未到目标点
目标位置:(0.0, 0.0, 0.2)-[A3]-[MCU:False]-[POS:False]
当前位置:(-0.025117726996541023, -0.030584704130887985, 0.12139617651700974)
[INFO] [1775394662.195473865] [navNode]: 状态4：WaitAim--[A3]
[INFO] [1775394662.196226696] [navNode]: 未到目标点
目标位置:(0.0, 0.0, 0.2)-[A3]-[MCU:False]-[POS:False]
当前位置:(-0.025397758930921555, -0.029611848294734955, 0.1190868616104126)
[INFO] [1775394662.295173639] [navNode]: 状态4：WaitAim--[A3]
[INFO] [1775394662.295899179] [navNode]: 未到目标点
目标位置:(0.0, 0.0, 0.2)-[A3]-[MCU:False]-[POS:False]
当前位置:(-0.025706373155117035, -0.02992269955575466, 0.11618629097938538)
[INFO] [1775394662.395620095] [navNode]: 状态4：WaitAim--[A3]
[INFO] [1775394662.396337643] [navNode]: 未到目标点
目标位置:(0.0, 0.0, 0.2)-[A3]-[MCU:False]-[POS:False]
当前位置:(-0.02765280194580555, -0.03136887773871422, 0.11142293363809586)
[INFO] [1775394662.495431619] [navNode]: 状态4：WaitAim--[A3]
[INFO] [1775394662.496156414] [navNode]: 未到目标点
目标位置:(0.0, 0.0, 0.2)-[A3]-[MCU:False]-[POS:False]
当前位置:(-0.02761016972362995, -0.02692113071680069, 0.1051696315407753)
[INFO] [1775394662.595934332] [navNode]: 状态4：WaitAim--[A3]
[INFO] [1775394662.596644677] [navNode]: 未到目标点
目标位置:(0.0, 0.0, 0.2)-[A3]-[MCU:False]-[POS:False]
当前位置:(-0.02539663575589657, -0.023057276383042336, 0.09637971967458725)
[INFO] [1775394662.694863210] [navNode]: 状态4：WaitAim--[A3]
[INFO] [1775394662.695571235] [navNode]: 未到目标点
目标位置:(0.0, 0.0, 0.2)-[A3]-[MCU:False]-[POS:False]
当前位置:(-0.026235515251755714, -0.022448377683758736, 0.08559849113225937)
[INFO] [1775394662.794401933] [navNode]: 状态4：WaitAim--[A3]
[INFO] [1775394662.795158102] [navNode]: 未到目标点
目标位置:(0.0, 0.0, 0.2)-[A3]-[MCU:False]-[POS:False]
当前位置:(-0.029510602355003357, -0.021014027297496796, 0.07516027241945267)
[INFO] [1775394662.894877549] [navNode]: 状态4：WaitAim--[A3]
[INFO] [1775394662.895596063] [navNode]: 未到目标点
目标位置:(0.0, 0.0, 0.2)-[A3]-[MCU:False]-[POS:False]
当前位置:(-0.03204178065061569, -0.020301971584558487, 0.0647774338722229)
[INFO] [1775394662.994976245] [navNode]: 状态4：WaitAim--[A3]
[INFO] [1775394662.995617414] [navNode]: 未到目标点
目标位置:(0.0, 0.0, 0.2)-[A3]-[MCU:False]-[POS:False]
当前位置:(-0.0316450260579586, -0.019669249653816223, 0.056326016783714294)
[INFO] [1775394663.096622297] [navNode]: 状态4：WaitAim--[A3]
[INFO] [1775394663.097207105] [navNode]: 未到目标点
目标位置:(0.0, 0.0, 0.2)-[A3]-[MCU:False]-[POS:False]
当前位置:(-0.03009374998509884, -0.01984354667365551, 0.04807201400399208)
[INFO] [1775394663.194589726] [navNode]: 状态4：WaitAim--[A3]
[INFO] [1775394663.195513277] [navNode]: 未到目标点
目标位置:(0.0, 0.0, 0.2)-[A3]-[MCU:False]-[POS:False]
当前位置:(-0.03045911155641079, -0.02051505632698536, 0.04077784717082977)
[INFO] [1775394663.294999448] [navNode]: 状态4：WaitAim--[A3]
[INFO] [1775394663.295664495] [navNode]: 未到目标点
目标位置:(0.0, 0.0, 0.2)-[A3]-[MCU:False]-[POS:False]
当前位置:(-0.03215043619275093, -0.023501278832554817, 0.03511789068579674)
[INFO] [1775394663.394634413] [navNode]: 状态4：WaitAim--[A3]
[INFO] [1775394663.395153442] [navNode]: 未到目标点
目标位置:(0.0, 0.0, 0.2)-[A3]-[MCU:False]-[POS:False]
当前位置:(-0.033318910747766495, -0.024005448445677757, 0.03171786293387413)
[INFO] [1775394663.494565012] [navNode]: 状态4：WaitAim--[A3]
[INFO] [1775394663.495151786] [navNode]: 未到目标点
目标位置:(0.0, 0.0, 0.2)-[A3]-[MCU:False]-[POS:False]
当前位置:(-0.029997533187270164, -0.02450784109532833, 0.028440821915864944)
[INFO] [1775394663.594343207] [navNode]: 状态4：WaitAim--[A3]
[INFO] [1775394663.595043967] [navNode]: 未到目标点
目标位置:(0.0, 0.0, 0.2)-[A3]-[MCU:False]-[POS:False]
当前位置:(-0.027614392340183258, -0.02488093450665474, 0.025345738977193832)
[INFO] [1775394663.694509099] [navNode]: 状态4：WaitAim--[A3]
[INFO] [1775394663.695102177] [navNode]: 未到目标点
目标位置:(0.0, 0.0, 0.2)-[A3]-[MCU:False]-[POS:False]
当前位置:(-0.02626330591738224, -0.02306545525789261, 0.02110511064529419)
[INFO] [1775394663.795157037] [navNode]: 状态4：WaitAim--[A3]
[INFO] [1775394663.795950752] [navNode]: 未到目标点
目标位置:(0.0, 0.0, 0.2)-[A3]-[MCU:False]-[POS:False]
当前位置:(-0.02415797859430313, -0.023086998611688614, 0.01496264711022377)
[INFO] [1775394663.895123100] [navNode]: 状态4：WaitAim--[A3]
[INFO] [1775394663.895690329] [navNode]: 未到目标点
目标位置:(0.0, 0.0, 0.2)-[A3]-[MCU:False]-[POS:False]
当前位置:(-0.02304042875766754, -0.022136371582746506, 0.00969038624316454)
[INFO] [1775394663.994866227] [navNode]: 状态4：WaitAim--[A3]
[INFO] [1775394663.995437758] [navNode]: 未到目标点
目标位置:(0.0, 0.0, 0.2)-[A3]-[MCU:False]-[POS:False]
当前位置:(-0.02086099609732628, -0.02004767768085003, 0.005087984260171652)
[INFO] [1775394664.094774970] [navNode]: 状态4：WaitAim--[A3]
[INFO] [1775394664.095587765] [navNode]: 未到目标点
目标位置:(0.0, 0.0, 0.2)-[A3]-[MCU:False]-[POS:False]
当前位置:(-0.020316436886787415, -0.018909145146608353, 0.002990632550790906)
[INFO] [1775394664.194873444] [navNode]: 状态4：WaitAim--[A3]
[INFO] [1775394664.195600121] [navNode]: 未到目标点
目标位置:(0.0, 0.0, 0.2)-[A3]-[MCU:False]-[POS:False]
当前位置:(-0.02323717437684536, -0.021820714697241783, 0.0008996032411232591)
[INFO] [1775394664.294128235] [navNode]: 状态4：WaitAim--[A3]
[INFO] [1775394664.294595820] [navNode]: 未到目标点
目标位置:(0.0, 0.0, 0.2)-[A3]-[MCU:False]-[POS:False]
当前位置:(-0.025465404614806175, -0.019531700760126114, -0.00015079612785484642)
[INFO] [1775394664.394420372] [navNode]: 状态4：WaitAim--[A3]
[INFO] [1775394664.394939245] [navNode]: 未到目标点
目标位置:(0.0, 0.0, 0.2)-[A3]-[MCU:False]-[POS:False]
当前位置:(-0.02777017466723919, -0.019133461639285088, -0.0022381336893886328)
[INFO] [1775394664.494753766] [navNode]: 状态4：WaitAim--[A3]
[INFO] [1775394664.495214763] [navNode]: 未到目标点
目标位置:(0.0, 0.0, 0.2)-[A3]-[MCU:False]-[POS:False]
当前位置:(-0.026324179023504257, -0.01625801809132099, -0.0021936295088380575)
[INFO] [1775394664.594323940] [navNode]: 状态4：WaitAim--[A3]
[INFO] [1775394664.594877280] [navNode]: 未到目标点
目标位置:(0.0, 0.0, 0.2)-[A3]-[MCU:False]-[POS:False]
当前位置:(-0.023982945829629898, -0.011543230153620243, -0.001975999679416418)
[INFO] [1775394664.693957980] [navNode]: 状态4：WaitAim--[A3]
[INFO] [1775394664.694408359] [navNode]: 未到目标点
目标位置:(0.0, 0.0, 0.2)-[A3]-[MCU:False]-[POS:False]
当前位置:(-0.025553980842232704, -0.009617702104151249, -0.003288302570581436)
[INFO] [1775394664.794274103] [navNode]: 状态4：WaitAim--[A3]
[INFO] [1775394664.794840931] [navNode]: 未到目标点
目标位置:(0.0, 0.0, 0.2)-[A3]-[MCU:False]-[POS:False]
当前位置:(-0.027478868141770363, -0.010936880484223366, -0.004783750977367163)
[INFO] [1775394664.894823902] [navNode]: 状态4：WaitAim--[A3]
[INFO] [1775394664.895631605] [navNode]: 未到目标点
目标位置:(0.0, 0.0, 0.2)-[A3]-[MCU:False]-[POS:False]
当前位置:(-0.0267785731703043, -0.01093360222876072, -0.005307798273861408)
[INFO] [1775394664.994435622] [navNode]: 状态4：WaitAim--[A3]
[INFO] [1775394664.995002311] [navNode]: 未到目标点
目标位置:(0.0, 0.0, 0.2)-[A3]-[MCU:False]-[POS:False]
当前位置:(-0.026029417291283607, -0.01020850334316492, -0.004414958413690329)
[INFO] [1775394665.094215468] [navNode]: 状态4：WaitAim--[A3]
[INFO] [1775394665.095522350] [navNode]: 未到目标点
目标位置:(0.0, 0.0, 0.2)-[A3]-[MCU:False]-[POS:False]
当前位置:(-0.026010025292634964, -0.008727867156267166, -0.003611020976677537)
[INFO] [1775394665.193962549] [navNode]: 状态4：WaitAim--[A3]
[INFO] [1775394665.194483032] [navNode]: 未到目标点
目标位置:(0.0, 0.0, 0.2)-[A3]-[MCU:False]-[POS:False]
当前位置:(-0.025797417387366295, -0.009147782810032368, -0.003508081892505288)
[INFO] [1775394665.294361666] [navNode]: 状态4：WaitAim--[A3]
[INFO] [1775394665.294877141] [navNode]: 未到目标点
目标位置:(0.0, 0.0, 0.2)-[A3]-[MCU:False]-[POS:False]
当前位置:(-0.026211636140942574, -0.009171370416879654, -0.004087482113391161)
[INFO] [1775394665.394126788] [navNode]: 状态4：WaitAim--[A3]
[INFO] [1775394665.394551121] [navNode]: 未到目标点
目标位置:(0.0, 0.0, 0.2)-[A3]-[MCU:False]-[POS:False]
当前位置:(-0.02652077190577984, -0.009156925603747368, -0.004834857769310474)
[INFO] [1775394665.494463383] [navNode]: 状态4：WaitAim--[A3]
[INFO] [1775394665.494920000] [navNode]: 未到目标点
目标位置:(0.0, 0.0, 0.2)-[A3]-[MCU:False]-[POS:False]
当前位置:(-0.026374576613307, -0.00872971024364233, -0.003914129454642534)
[INFO] [1775394665.594250650] [navNode]: 状态4：WaitAim--[A3]
[INFO] [1775394665.594759242] [navNode]: 未到目标点
目标位置:(0.0, 0.0, 0.2)-[A3]-[MCU:False]-[POS:False]
当前位置:(-0.026635874062776566, -0.009526331909000874, -0.0037276942748576403)
[INFO] [1775394665.694249523] [navNode]: 状态4：WaitAim--[A3]
[INFO] [1775394665.694791431] [navNode]: 未到目标点
目标位置:(0.0, 0.0, 0.2)-[A3]-[MCU:False]-[POS:False]
当前位置:(-0.026632534340023994, -0.009055964648723602, -0.004276178777217865)
[INFO] [1775394665.794003537] [navNode]: 状态4：WaitAim--[A3]
[INFO] [1775394665.794479979] [navNode]: 未到目标点
目标位置:(0.0, 0.0, 0.2)-[A3]-[MCU:False]-[POS:False]
当前位置:(-0.027295943349599838, -0.009423228912055492, -0.0042691887356340885)
[INFO] [1775394665.895231962] [navNode]: 状态4：WaitAim--[A3]
[INFO] [1775394665.895640115] [navNode]: 未到目标点
目标位置:(0.0, 0.0, 0.2)-[A3]-[MCU:False]-[POS:False]
当前位置:(-0.02689119055867195, -0.009524885565042496, -0.004711428191512823)
[INFO] [1775394665.994882233] [navNode]: 状态4：WaitAim--[A3]
[INFO] [1775394665.995578055] [navNode]: 未到目标点
目标位置:(0.0, 0.0, 0.2)-[A3]-[MCU:False]-[POS:False]
当前位置:(-0.02657974325120449, -0.00933945644646883, -0.00490962527692318)
[INFO] [1775394666.094556744] [navNode]: 状态4：WaitAim--[A3]
[INFO] [1775394666.095026636] [navNode]: 未到目标点
目标位置:(0.0, 0.0, 0.2)-[A3]-[MCU:False]-[POS:False]
当前位置:(-0.027361780405044556, -0.009402909316122532, -0.004086527973413467)
[INFO] [1775394666.194083486] [navNode]: 状态4：WaitAim--[A3]
[INFO] [1775394666.195699179] [navNode]: 未到目标点
目标位置:(0.0, 0.0, 0.2)-[A3]-[MCU:False]-[POS:False]
当前位置:(-0.026948966085910797, -0.009158369153738022, -0.0046567958779633045)
[INFO] [1775394666.294200097] [navNode]: 状态4：WaitAim--[A3]
[INFO] [1775394666.294709503] [navNode]: 未到目标点
目标位置:(0.0, 0.0, 0.2)-[A3]-[MCU:False]-[POS:False]
当前位置:(-0.026775529608130455, -0.008944658562541008, -0.003964574076235294)
[INFO] [1775394666.394478257] [navNode]: 状态4：WaitAim--[A3]
[INFO] [1775394666.395102345] [navNode]: 未到目标点
目标位置:(0.0, 0.0, 0.2)-[A3]-[MCU:False]-[POS:False]
当前位置:(-0.026825537905097008, -0.009309194050729275, -0.004693488124758005)
[INFO] [1775394666.494301603] [navNode]: 状态4：WaitAim--[A3]
[INFO] [1775394666.494785338] [navNode]: 未到目标点
目标位置:(0.0, 0.0, 0.2)-[A3]-[MCU:False]-[POS:False]
当前位置:(-0.02695063129067421, -0.009517027996480465, -0.005460863001644611)
[INFO] [1775394666.593997505] [navNode]: 状态4：WaitAim--[A3]
[INFO] [1775394666.594393772] [navNode]: 未到目标点
目标位置:(0.0, 0.0, 0.2)-[A3]-[MCU:False]-[POS:False]
当前位置:(-0.027204111218452454, -0.009369420818984509, -0.004650045186281204)
[INFO] [1775394666.694341559] [navNode]: 状态4：WaitAim--[A3]
[INFO] [1775394666.694850085] [navNode]: 未到目标点
目标位置:(0.0, 0.0, 0.2)-[A3]-[MCU:False]-[POS:False]
当前位置:(-0.027228666469454765, -0.009302745573222637, -0.003947173710912466)
[INFO] [1775394666.794223185] [navNode]: 状态4：WaitAim--[A3]
[INFO] [1775394666.794657792] [navNode]: 未到目标点
目标位置:(0.0, 0.0, 0.2)-[A3]-[MCU:False]-[POS:False]
当前位置:(-0.02762334607541561, -0.009451115503907204, -0.004780093673616648)
[INFO] [1775394666.894172053] [navNode]: 状态4：WaitAim--[A3]
[INFO] [1775394666.894639044] [navNode]: 未到目标点
目标位置:(0.0, 0.0, 0.2)-[A3]-[MCU:False]-[POS:False]
当前位置:(-0.027588490396738052, -0.009474496357142925, -0.0042261769995093346)
[INFO] [1775394666.994274150] [navNode]: 状态4：WaitAim--[A3]
[INFO] [1775394666.995811854] [navNode]: 未到目标点
目标位置:(0.0, 0.0, 0.2)-[A3]-[MCU:False]-[POS:False]
当前位置:(-0.027563145384192467, -0.00918753445148468, -0.0036105650942772627)
[INFO] [1775394667.094258949] [navNode]: 状态4：WaitAim--[A3]
[INFO] [1775394667.095041567] [navNode]: 未到目标点
目标位置:(0.0, 0.0, 0.2)-[A3]-[MCU:False]-[POS:False]
当前位置:(-0.027287084609270096, -0.009498429484665394, -0.004152585286647081)
[INFO] [1775394667.194262165] [navNode]: 状态4：WaitAim--[A3]
[INFO] [1775394667.194703434] [navNode]: 未到目标点
目标位置:(0.0, 0.0, 0.2)-[A3]-[MCU:False]-[POS:False]
当前位置:(-0.02685060352087021, -0.009683724492788315, -0.004122746642678976)
[INFO] [1775394667.294360052] [navNode]: 状态4：WaitAim--[A3]
[INFO] [1775394667.294833981] [navNode]: 未到目标点
目标位置:(0.0, 0.0, 0.2)-[A3]-[MCU:False]-[POS:False]
当前位置:(-0.02721591666340828, -0.009326543658971786, -0.004380896221846342)
[INFO] [1775394667.394214171] [navNode]: 状态4：WaitAim--[A3]
[INFO] [1775394667.394631236] [navNode]: 未到目标点
目标位置:(0.0, 0.0, 0.2)-[A3]-[MCU:False]-[POS:False]
当前位置:(-0.027546720579266548, -0.00949263945221901, -0.004082422703504562)
[INFO] [1775394667.494363753] [navNode]: 状态4：WaitAim--[A3]
[INFO] [1775394667.494823481] [navNode]: 未到目标点
目标位置:(0.0, 0.0, 0.2)-[A3]-[MCU:False]-[POS:False]
当前位置:(-0.027526266872882843, -0.009598763659596443, -0.004039655905216932)
[INFO] [1775394667.594505480] [navNode]: 状态4：WaitAim--[A3]
[INFO] [1775394667.595325957] [navNode]: 未到目标点
目标位置:(0.0, 0.0, 0.2)-[A3]-[MCU:False]-[POS:False]
当前位置:(-0.02756473235785961, -0.009792540222406387, -0.004957724828273058)
[INFO] [1775394667.694463435] [navNode]: 状态4：WaitAim--[A3]
[INFO] [1775394667.694918107] [navNode]: 未到目标点
目标位置:(0.0, 0.0, 0.2)-[A3]-[MCU:False]-[POS:False]
当前位置:(-0.027760881930589676, -0.0096706198528409, -0.004224467556923628)
[INFO] [1775394667.794200271] [navNode]: 状态4：WaitAim--[A3]
[INFO] [1775394667.794620223] [navNode]: 未到目标点
目标位置:(0.0, 0.0, 0.2)-[A3]-[MCU:False]-[POS:False]
当前位置:(-0.026905056089162827, -0.009434065781533718, -0.003914094064384699)
[INFO] [1775394667.894341299] [navNode]: 状态4：WaitAim--[A3]
[INFO] [1775394667.894858874] [navNode]: 未到目标点
目标位置:(0.0, 0.0, 0.2)-[A3]-[MCU:False]-[POS:False]
当前位置:(-0.02753327041864395, -0.009740393608808517, -0.004069802351295948)
[INFO] [1775394667.994643349] [navNode]: 状态4：WaitAim--[A3]
[INFO] [1775394667.995276167] [navNode]: 未到目标点
目标位置:(0.0, 0.0, 0.2)-[A3]-[MCU:False]-[POS:False]
当前位置:(-0.027477402240037918, -0.009678744710981846, -0.004075978882610798)
[INFO] [1775394668.094426691] [navNode]: 状态4：WaitAim--[A3]
[INFO] [1775394668.094899514] [navNode]: 未到目标点
目标位置:(0.0, 0.0, 0.2)-[A3]-[MCU:False]-[POS:False]
当前位置:(-0.02706286497414112, -0.009967120364308357, -0.004478865303099155)
[INFO] [1775394668.194803425] [navNode]: 状态4：WaitAim--[A3]
[INFO] [1775394668.196112509] [navNode]: 未到目标点
目标位置:(0.0, 0.0, 0.2)-[A3]-[MCU:False]-[POS:False]
当前位置:(-0.027067387476563454, -0.009432133287191391, -0.004277419298887253)
[INFO] [1775394668.294476333] [navNode]: 状态4：WaitAim--[A3]
[INFO] [1775394668.295024786] [navNode]: 未到目标点
目标位置:(0.0, 0.0, 0.2)-[A3]-[MCU:False]-[POS:False]
当前位置:(-0.027821023017168045, -0.009994308464229107, -0.004544051364064217)
[INFO] [1775394668.394580114] [navNode]: 状态4：WaitAim--[A3]
[INFO] [1775394668.395207952] [navNode]: 未到目标点
目标位置:(0.0, 0.0, 0.2)-[A3]-[MCU:False]-[POS:False]
当前位置:(-0.027331439778208733, -0.00934718456119299, -0.0038266831543296576)
[INFO] [1775394668.494599159] [navNode]: 状态4：WaitAim--[A3]
[INFO] [1775394668.495209085] [navNode]: 未到目标点
目标位置:(0.0, 0.0, 0.2)-[A3]-[MCU:False]-[POS:False]
当前位置:(-0.026675168424844742, -0.009133082814514637, -0.00423060217872262)
[INFO] [1775394668.593996248] [navNode]: 状态4：WaitAim--[A3]
[INFO] [1775394668.594447976] [navNode]: 未到目标点
目标位置:(0.0, 0.0, 0.2)-[A3]-[MCU:False]-[POS:False]
当前位置:(-0.02618085779249668, -0.008286146447062492, -0.0037203694228082895)
[INFO] [1775394668.693931338] [navNode]: 状态4：WaitAim--[A3]
[INFO] [1775394668.694385033] [navNode]: 未到目标点
目标位置:(0.0, 0.0, 0.2)-[A3]-[MCU:False]-[POS:False]
当前位置:(-0.026556335389614105, -0.008043523877859116, -0.003564427373930812)
[INFO] [1775394668.794481614] [navNode]: 状态4：WaitAim--[A3]
[INFO] [1775394668.795472373] [navNode]: 未到目标点
目标位置:(0.0, 0.0, 0.2)-[A3]-[MCU:False]-[POS:False]
当前位置:(-0.027173388749361038, -0.008681976236402988, -0.0038373118732124567)
[INFO] [1775394668.894287763] [navNode]: 状态4：WaitAim--[A3]
[INFO] [1775394668.895003532] [navNode]: 未到目标点
目标位置:(0.0, 0.0, 0.2)-[A3]-[MCU:False]-[POS:False]
当前位置:(-0.026651687920093536, -0.008414198644459248, -0.004015662241727114)
[INFO] [1775394668.994325755] [navNode]: 状态4：WaitAim--[A3]
[INFO] [1775394668.994795657] [navNode]: 未到目标点
目标位置:(0.0, 0.0, 0.2)-[A3]-[MCU:False]-[POS:False]
当前位置:(-0.026172809302806854, -0.007960489951074123, -0.004014817997813225)
[INFO] [1775394669.094499198] [navNode]: 状态4：WaitAim--[A3]
[INFO] [1775394669.095007936] [navNode]: 未到目标点
目标位置:(0.0, 0.0, 0.2)-[A3]-[MCU:False]-[POS:False]
当前位置:(-0.02611204795539379, -0.007820961065590382, -0.0034815510734915733)
[INFO] [1775394669.194187286] [navNode]: 状态4：WaitAim--[A3]
[INFO] [1775394669.194929148] [navNode]: 未到目标点
目标位置:(0.0, 0.0, 0.2)-[A3]-[MCU:False]-[POS:False]
当前位置:(-0.02622723951935768, -0.007992804050445557, -0.0037189568392932415)
[INFO] [1775394669.294263484] [navNode]: 状态4：WaitAim--[A3]
[INFO] [1775394669.294984170] [navNode]: 未到目标点
目标位置:(0.0, 0.0, 0.2)-[A3]-[MCU:False]-[POS:False]
当前位置:(-0.02657487988471985, -0.007840842008590698, -0.0031765815801918507)
[INFO] [1775394669.394293193] [navNode]: 状态4：WaitAim--[A3]
[INFO] [1775394669.394779127] [navNode]: 未到目标点
目标位置:(0.0, 0.0, 0.2)-[A3]-[MCU:False]-[POS:False]
当前位置:(-0.02631269209086895, -0.007869799621403217, -0.003137208754196763)
[INFO] [1775394669.494358987] [navNode]: 状态4：WaitAim--[A3]
[INFO] [1775394669.494795781] [navNode]: 未到目标点
目标位置:(0.0, 0.0, 0.2)-[A3]-[MCU:False]-[POS:False]
当前位置:(-0.02675732411444187, -0.007831397466361523, -0.003389419987797737)
[INFO] [1775394669.594513696] [navNode]: 状态4：WaitAim--[A3]
[INFO] [1775394669.594996092] [navNode]: 未到目标点
目标位置:(0.0, 0.0, 0.2)-[A3]-[MCU:False]-[POS:False]
当前位置:(-0.026672925800085068, -0.00818859227001667, -0.003897689515724778)
[INFO] [1775394669.694473409] [navNode]: 状态4：WaitAim--[A3]
[INFO] [1775394669.696548018] [navNode]: 未到目标点
目标位置:(0.0, 0.0, 0.2)-[A3]-[MCU:False]-[POS:False]
当前位置:(-0.026949666440486908, -0.008280458860099316, -0.004439448472112417)
[INFO] [1775394669.794366788] [navNode]: 状态4：WaitAim--[A3]
[INFO] [1775394669.794847576] [navNode]: 未到目标点
目标位置:(0.0, 0.0, 0.2)-[A3]-[MCU:False]-[POS:False]
当前位置:(-0.02676805853843689, -0.00798608735203743, -0.003762050298973918)
[INFO] [1775394669.894074852] [navNode]: 状态4：WaitAim--[A3]
[INFO] [1775394669.894557160] [navNode]: 未到目标点
目标位置:(0.0, 0.0, 0.2)-[A3]-[MCU:False]-[POS:False]
当前位置:(-0.027323901653289795, -0.008295748382806778, -0.0032199767883867025)
[INFO] [1775394669.995405484] [navNode]: 状态4：WaitAim--[A3]
[INFO] [1775394669.996180409] [navNode]: 未到目标点
目标位置:(0.0, 0.0, 0.2)-[A3]-[MCU:False]-[POS:False]
当前位置:(-0.026710208505392075, -0.00790630467236042, -0.0031080548651516438)
[INFO] [1775394670.094308120] [navNode]: 状态4：WaitAim--[A3]
[INFO] [1775394670.094792542] [navNode]: 未到目标点
目标位置:(0.0, 0.0, 0.2)-[A3]-[MCU:False]-[POS:False]
当前位置:(-0.027830537408590317, -0.008137895725667477, -0.003263693768531084)
[INFO] [1775394670.194237344] [navNode]: 状态4：WaitAim--[A3]
[INFO] [1775394670.194906535] [navNode]: 未到目标点
目标位置:(0.0, 0.0, 0.2)-[A3]-[MCU:False]-[POS:False]
当前位置:(-0.02751000039279461, -0.008001781068742275, -0.0033379406668245792)
[INFO] [1775394670.294010098] [navNode]: 状态4：WaitAim--[A3]
[INFO] [1775394670.294730024] [navNode]: 未到目标点
目标位置:(0.0, 0.0, 0.2)-[A3]-[MCU:False]-[POS:False]
当前位置:(-0.026916462928056717, -0.008518660441040993, -0.0038799247704446316)
[INFO] [1775394670.394304571] [navNode]: 状态4：WaitAim--[A3]
[INFO] [1775394670.394802607] [navNode]: 未到目标点
目标位置:(0.0, 0.0, 0.2)-[A3]-[MCU:False]-[POS:False]
当前位置:(-0.027370421215891838, -0.008238033391535282, -0.0044066039845347404)
[INFO] [1775394670.494392361] [navNode]: 状态4：WaitAim--[A3]
[INFO] [1775394670.494908577] [navNode]: 未到目标点
目标位置:(0.0, 0.0, 0.2)-[A3]-[MCU:False]-[POS:False]
当前位置:(-0.0281117781996727, -0.008300745859742165, -0.0033774354960769415)
[INFO] [1775394670.594070224] [navNode]: 状态4：WaitAim--[A3]
[INFO] [1775394670.594556596] [navNode]: 未到目标点
目标位置:(0.0, 0.0, 0.2)-[A3]-[MCU:False]-[POS:False]
当前位置:(-0.02799186296761036, -0.007843771018087864, -0.0032197178807109594)
[INFO] [1775394670.694208356] [navNode]: 状态4：WaitAim--[A3]
[INFO] [1775394670.694773376] [navNode]: 未到目标点
目标位置:(0.0, 0.0, 0.2)-[A3]-[MCU:False]-[POS:False]
当前位置:(-0.02834860421717167, -0.008286001160740852, -0.0035883975215256214)
[INFO] [1775394670.794143287] [navNode]: 状态4：WaitAim--[A3]
[INFO] [1775394670.794647004] [navNode]: 未到目标点
目标位置:(0.0, 0.0, 0.2)-[A3]-[MCU:False]-[POS:False]
当前位置:(-0.027709942311048508, -0.007936863228678703, -0.0037104887887835503)
[INFO] [1775394670.894312453] [navNode]: 状态4：WaitAim--[A3]
[INFO] [1775394670.894767063] [navNode]: 未到目标点
目标位置:(0.0, 0.0, 0.2)-[A3]-[MCU:False]-[POS:False]
当前位置:(-0.02754920907318592, -0.007680078037083149, -0.0032131564803421497)
[INFO] [1775394670.995571152] [navNode]: 状态4：WaitAim--[A3]
[INFO] [1775394670.996289902] [navNode]: 未到目标点
目标位置:(0.0, 0.0, 0.2)-[A3]-[MCU:False]-[POS:False]
当前位置:(-0.02741614542901516, -0.00720085296779871, -0.0035732609685510397)
[INFO] [1775394671.094781462] [navNode]: 状态4：WaitAim--[A3]
[INFO] [1775394671.095439330] [navNode]: 未到目标点
目标位置:(0.0, 0.0, 0.2)-[A3]-[MCU:False]-[POS:False]
当前位置:(-0.027618054300546646, -0.006645541172474623, -0.0034424590412527323)
[INFO] [1775394671.194554165] [navNode]: 状态4：WaitAim--[A3]
[INFO] [1775394671.195250797] [navNode]: 未到目标点
目标位置:(0.0, 0.0, 0.2)-[A3]-[MCU:False]-[POS:False]
当前位置:(-0.02789710834622383, -0.007837658748030663, -0.00383460964076221)
[INFO] [1775394671.295196978] [navNode]: 状态4：WaitAim--[A3]
[INFO] [1775394671.295777530] [navNode]: 未到目标点
目标位置:(0.0, 0.0, 0.2)-[A3]-[MCU:False]-[POS:False]
当前位置:(-0.02791467495262623, -0.00820443406701088, -0.003642199793830514)
[INFO] [1775394671.394206622] [navNode]: 状态4：WaitAim--[A3]
[INFO] [1775394671.395042336] [navNode]: 未到目标点
目标位置:(0.0, 0.0, 0.2)-[A3]-[MCU:False]-[POS:False]
当前位置:(-0.027999212965369225, -0.008212731219828129, -0.0036560813896358013)
[INFO] [1775394671.494610837] [navNode]: 状态4：WaitAim--[A3]
[INFO] [1775394671.495248342] [navNode]: 未到目标点
目标位置:(0.0, 0.0, 0.2)-[A3]-[MCU:False]-[POS:False]
当前位置:(-0.027568325400352478, -0.008129366673529148, -0.004130281042307615)
[INFO] [1775394671.594380619] [navNode]: 状态4：WaitAim--[A3]
[INFO] [1775394671.594991635] [navNode]: 未到目标点
目标位置:(0.0, 0.0, 0.2)-[A3]-[MCU:False]-[POS:False]
当前位置:(-0.02752292901277542, -0.007903330959379673, -0.003427731804549694)
[INFO] [1775394671.694401410] [navNode]: 状态4：WaitAim--[A3]
[INFO] [1775394671.695027212] [navNode]: 未到目标点
目标位置:(0.0, 0.0, 0.2)-[A3]-[MCU:False]-[POS:False]
当前位置:(-0.028145641088485718, -0.008139986544847488, -0.0031397505663335323)
[INFO] [1775394671.794731854] [navNode]: 状态4：WaitAim--[A3]
[INFO] [1775394671.795287488] [navNode]: 未到目标点
目标位置:(0.0, 0.0, 0.2)-[A3]-[MCU:False]-[POS:False]
当前位置:(-0.028384776785969734, -0.008264594711363316, -0.0035854631569236517)
[INFO] [1775394671.894590604] [navNode]: 状态4：WaitAim--[A3]
[INFO] [1775394671.895603017] [navNode]: 未到目标点
目标位置:(0.0, 0.0, 0.2)-[A3]-[MCU:False]-[POS:False]
当前位置:(-0.028664816170930862, -0.008632125332951546, -0.004234065767377615)
[INFO] [1775394671.994276307] [navNode]: 状态4：WaitAim--[A3]
[INFO] [1775394671.995332525] [navNode]: 未到目标点
目标位置:(0.0, 0.0, 0.2)-[A3]-[MCU:False]-[POS:False]
当前位置:(-0.028565799817442894, -0.008881982415914536, -0.003760958556085825)
[INFO] [1775394672.094566626] [navNode]: 状态4：WaitAim--[A3]
[INFO] [1775394672.095166565] [navNode]: 未到目标点
目标位置:(0.0, 0.0, 0.2)-[A3]-[MCU:False]-[POS:False]
当前位置:(-0.028927607461810112, -0.009576987475156784, -0.003857553703710437)
[INFO] [1775394672.194289291] [navNode]: 状态4：WaitAim--[A3]
[INFO] [1775394672.195070275] [navNode]: 未到目标点
目标位置:(0.0, 0.0, 0.2)-[A3]-[MCU:False]-[POS:False]
当前位置:(-0.029111653566360474, -0.009439051151275635, -0.004068756941705942)
[INFO] [1775394672.294244498] [navNode]: 状态4：WaitAim--[A3]
[INFO] [1775394672.295022308] [navNode]: 未到目标点
目标位置:(0.0, 0.0, 0.2)-[A3]-[MCU:False]-[POS:False]
当前位置:(-0.029016349464654922, -0.008765357546508312, -0.003863691817969084)
[INFO] [1775394672.394232345] [navNode]: 状态4：WaitAim--[A3]
[INFO] [1775394672.394640664] [navNode]: 未到目标点
目标位置:(0.0, 0.0, 0.2)-[A3]-[MCU:False]-[POS:False]
当前位置:(-0.028853515163064003, -0.008889267221093178, -0.003829888766631484)
[INFO] [1775394672.494307191] [navNode]: 状态4：WaitAim--[A3]
[INFO] [1775394672.494772968] [navNode]: 未到目标点
目标位置:(0.0, 0.0, 0.2)-[A3]-[MCU:False]-[POS:False]
当前位置:(-0.028572220355272293, -0.009143014438450336, -0.003877989947795868)
[INFO] [1775394672.594083629] [navNode]: 状态4：WaitAim--[A3]
[INFO] [1775394672.594498800] [navNode]: 未到目标点
目标位置:(0.0, 0.0, 0.2)-[A3]-[MCU:False]-[POS:False]
当前位置:(-0.028900792822241783, -0.008813596330583096, -0.003373986342921853)
[INFO] [1775394672.694255156] [navNode]: 状态4：WaitAim--[A3]
[INFO] [1775394672.695429018] [navNode]: 未到目标点
目标位置:(0.0, 0.0, 0.2)-[A3]-[MCU:False]-[POS:False]
当前位置:(-0.02845817431807518, -0.00858189258724451, -0.003945658449083567)
[INFO] [1775394672.795343339] [navNode]: 状态4：WaitAim--[A3]
[INFO] [1775394672.795841176] [navNode]: 未到目标点
目标位置:(0.0, 0.0, 0.2)-[A3]-[MCU:False]-[POS:False]
当前位置:(-0.02886635810136795, -0.008910246193408966, -0.003599744290113449)
[INFO] [1775394672.894295774] [navNode]: 状态4：WaitAim--[A3]
[INFO] [1775394672.894794288] [navNode]: 未到目标点
目标位置:(0.0, 0.0, 0.2)-[A3]-[MCU:False]-[POS:False]
当前位置:(-0.029161224141716957, -0.008704706095159054, -0.00424857996404171)
[INFO] [1775394672.994251031] [navNode]: 状态4：WaitAim--[A3]
[INFO] [1775394672.995346001] [navNode]: 未到目标点
目标位置:(0.0, 0.0, 0.2)-[A3]-[MCU:False]-[POS:False]
当前位置:(-0.029328377917408943, -0.00895280297845602, -0.004677548538893461)
[INFO] [1775394673.094226391] [navNode]: 状态4：WaitAim--[A3]
[INFO] [1775394673.094727056] [navNode]: 未到目标点
目标位置:(0.0, 0.0, 0.2)-[A3]-[MCU:False]-[POS:False]
当前位置:(-0.02934122458100319, -0.008919896557927132, -0.0040901764295995235)
[INFO] [1775394673.193988226] [navNode]: 状态4：WaitAim--[A3]
[INFO] [1775394673.194356227] [navNode]: 未到目标点
目标位置:(0.0, 0.0, 0.2)-[A3]-[MCU:False]-[POS:False]
当前位置:(-0.028410470113158226, -0.009077902883291245, -0.0037800415884703398)
[INFO] [1775394673.294045954] [navNode]: 状态4：WaitAim--[A3]
[INFO] [1775394673.294447445] [navNode]: 未到目标点
目标位置:(0.0, 0.0, 0.2)-[A3]-[MCU:False]-[POS:False]
当前位置:(-0.02846636064350605, -0.00868150219321251, -0.004342995118349791)
[INFO] [1775394673.394805521] [navNode]: 状态4：WaitAim--[A3]
[INFO] [1775394673.395408901] [navNode]: 未到目标点
目标位置:(0.0, 0.0, 0.2)-[A3]-[MCU:False]-[POS:False]
当前位置:(-0.02820178121328354, -0.009005590341985226, -0.00410971324890852)
[INFO] [1775394673.494565207] [navNode]: 状态4：WaitAim--[A3]
[INFO] [1775394673.495366631] [navNode]: 未到目标点
目标位置:(0.0, 0.0, 0.2)-[A3]-[MCU:False]-[POS:False]
当前位置:(-0.02848687767982483, -0.008188433013856411, -0.003087795339524746)
[INFO] [1775394673.595483942] [navNode]: 状态4：WaitAim--[A3]
[INFO] [1775394673.596466463] [navNode]: 未到目标点
目标位置:(0.0, 0.0, 0.2)-[A3]-[MCU:False]-[POS:False]
当前位置:(-0.028257664293050766, -0.008030211552977562, -0.0036727741826325655)
[INFO] [1775394673.694299745] [navNode]: 状态4：WaitAim--[A3]
[INFO] [1775394673.694948361] [navNode]: 未到目标点
目标位置:(0.0, 0.0, 0.2)-[A3]-[MCU:False]-[POS:False]
当前位置:(-0.02805979922413826, -0.008634883910417557, -0.004004292655736208)
[INFO] [1775394673.794423688] [navNode]: 状态4：WaitAim--[A3]
[INFO] [1775394673.794994772] [navNode]: 未到目标点
目标位置:(0.0, 0.0, 0.2)-[A3]-[MCU:False]-[POS:False]
当前位置:(-0.02867261879146099, -0.008973335847258568, -0.004506225232034922)
[INFO] [1775394673.894612492] [navNode]: 状态4：WaitAim--[A3]
[INFO] [1775394673.895332550] [navNode]: 未到目标点
目标位置:(0.0, 0.0, 0.2)-[A3]-[MCU:False]-[POS:False]
当前位置:(-0.02793964557349682, -0.007695137523114681, -0.00264942878857255)
[INFO] [1775394673.994317417] [navNode]: 状态4：WaitAim--[A3]
[INFO] [1775394673.994926868] [navNode]: 未到目标点
目标位置:(0.0, 0.0, 0.2)-[A3]-[MCU:False]-[POS:False]
当前位置:(-0.028104344382882118, -0.00813747476786375, -0.0034600819926708937)
[INFO] [1775394674.095216642] [navNode]: 状态4：WaitAim--[A3]
[INFO] [1775394674.095719769] [navNode]: 未到目标点
目标位置:(0.0, 0.0, 0.2)-[A3]-[MCU:False]-[POS:False]
当前位置:(-0.0282420814037323, -0.008336424827575684, -0.004010795149952173)
[INFO] [1775394674.194437280] [navNode]: 状态4：WaitAim--[A3]
[INFO] [1775394674.194924573] [navNode]: 未到目标点
目标位置:(0.0, 0.0, 0.2)-[A3]-[MCU:False]-[POS:False]
当前位置:(-0.028557388111948967, -0.008320435881614685, -0.003645774908363819)
[INFO] [1775394674.298420037] [navNode]: 状态4：WaitAim--[A3]
[INFO] [1775394674.298947119] [navNode]: 未到目标点
目标位置:(0.0, 0.0, 0.2)-[A3]-[MCU:False]-[POS:False]
当前位置:(-0.028598899021744728, -0.0078048803843557835, -0.0037142031360417604)
[INFO] [1775394674.400019560] [navNode]: 状态4：WaitAim--[A3]
[INFO] [1775394674.405446050] [navNode]: 未到目标点
目标位置:(0.0, 0.0, 0.2)-[A3]-[MCU:False]-[POS:False]
当前位置:(-0.028555504977703094, -0.007918951101601124, -0.003415962914004922)
[INFO] [1775394674.497476587] [navNode]: 状态4：WaitAim--[A3]
[INFO] [1775394674.498121891] [navNode]: 未到目标点
目标位置:(0.0, 0.0, 0.2)-[A3]-[MCU:False]-[POS:False]
当前位置:(-0.028644289821386337, -0.008636766113340855, -0.0035070395097136497)
[INFO] [1775394674.594232865] [navNode]: 状态4：WaitAim--[A3]
[INFO] [1775394674.594905948] [navNode]: 未到目标点
目标位置:(0.0, 0.0, 0.2)-[A3]-[MCU:False]-[POS:False]
当前位置:(-0.028066476806998253, -0.008762071840465069, -0.004448620602488518)
[INFO] [1775394674.696819557] [navNode]: 状态4：WaitAim--[A3]
[INFO] [1775394674.697363077] [na