[INFO] [1773472724.211870752] [Ground]: ros2 node launch success:Ground!
[INFO] [1773472832.145307130] [Ground]: takeoff 发送成功 → 飞行站已调用：takeoff服务
[INFO] [1773472833.040953289] [Ground]: takeoff 发送成功 → 飞行站已调用：takeoff服务
[INFO] [1773472840.578355748] [Ground]: 识别到QR码: 小铲子
[INFO] [1773472840.647772567] [Ground]: 识别到QR码: 小铲子
[INFO] [1773472840.654096173] [Ground]: 识别到QR码: 小铲子
[INFO] [1773472840.685050188] [Ground]: 识别到QR码: 小铲子
[INFO] [1773472840.728836387] [Ground]: 识别到QR码: 小铲子
[INFO] [1773472840.751076929] [Ground]: 识别到QR码: 小铲子
[INFO] [1773472840.812724351] [Ground]: 识别到QR码: 小铲子
[INFO] [1773472840.847130682] [Ground]: 识别到QR码: 小铲子
[INFO] [1773472840.879357967] [Ground]: 识别到QR码: 小铲子
[INFO] [1773472840.951639366] [Ground]: 识别到QR码: 小铲子
[INFO] [1773472840.977408580] [Ground]: 识别到QR码: 小铲子
[INFO] [1773472841.048852728] [Ground]: 识别到QR码: 小铲子
[INFO] [1773472841.077046564] [Ground]: 识别到QR码: 小铲子
[INFO] [1773472841.243180651] [Ground]: 识别到QR码: 小铲子
[INFO] [1773472841.297157678] [Ground]: 识别到QR码: 小铲子
[INFO] [1773472841.393527081] [Ground]: 识别到QR码: 小铲子
[INFO] [1773472841.412262022] [Ground]: 识别到QR码: 小铲子
[INFO] [1773472841.561144421] [Ground]: 识别到QR码: 小铲子
[INFO] [1773472841.680638654] [Ground]: 识别到QR码: 小铲子
[INFO] [1773472841.692308264] [Ground]: 识别到QR码: 小铲子
[INFO] [1773472841.736427796] [Ground]: 识别到QR码: 小铲子
[INFO] [1773472841.754229941] [Ground]: 识别到QR码: 葵花种子
[INFO] [1773472841.784725885] [Ground]: 识别到QR码: 小铲子
[INFO] [1773472841.819400573] [Ground]: 识别到QR码: 小铲子
[INFO] [1773472841.820945606] [Ground]: 识别到QR码: 葵花种子
[INFO] [1773472841.853537959] [Ground]: 识别到QR码: 小铲子
[INFO] [1773472841.854487580] [Ground]: 识别到QR码: 葵花种子
[INFO] [1773472841.886078320] [Ground]: 识别到QR码: 小铲子
[INFO] [1773472841.919450936] [Ground]: 识别到QR码: 小铲子
[INFO] [1773472841.986995943] [Ground]: 识别到QR码: 葵花种子
[INFO] [1773472842.020588699] [Ground]: 识别到QR码: 小铲子
[INFO] [1773472842.022291666] [Ground]: 识别到QR码: 葵花种子
[INFO] [1773472842.053755298] [Ground]: 识别到QR码: 小铲子
[INFO] [1773472842.084524123] [Ground]: 识别到QR码: 小铲子
[INFO] [1773472842.085488895] [Ground]: 识别到QR码: 葵花种子
[INFO] [1773472842.117779118] [Ground]: 识别到QR码: 小铲子
[INFO] [1773472842.119913367] [Ground]: 识别到QR码: 葵花种子
[INFO] [1773472842.186398298] [Ground]: 识别到QR码: 小铲子
[INFO] [1773472842.189367002] [Ground]: 识别到QR码: 小铲子
[INFO] [1773472842.190221078] [Ground]: 识别到QR码: 葵花种子
[INFO] [1773472842.221073244] [Ground]: 识别到QR码: 葵花种子
[INFO] [1773472842.258634340] [Ground]: 识别到QR码: 葵花种子
[INFO] [1773472842.259646060] [Ground]: 识别到QR码: 小铲子
[INFO] [1773472842.287284126] [Ground]: 识别到QR码: 葵花种子
[INFO] [1773472842.321365474] [Ground]: 识别到QR码: 小铲子
[INFO] [1773472842.356328640] [Ground]: 识别到QR码: 小铲子
[INFO] [1773472842.357681832] [Ground]: 识别到QR码: 葵花种子
[INFO] [1773472842.387715362] [Ground]: 识别到QR码: 小铲子
[INFO] [1773472842.424014488] [Ground]: 识别到QR码: 小铲子
[INFO] [1773472842.424867509] [Ground]: 识别到QR码: 葵花种子
[INFO] [1773472842.454079991] [Ground]: 识别到QR码: 小铲子
[INFO] [1773472842.490172564] [Ground]: 识别到QR码: 小铲子
[INFO] [1773472842.491556630] [Ground]: 识别到QR码: 葵花种子
[INFO] [1773472842.521567792] [Ground]: 识别到QR码: 小铲子
[INFO] [1773472842.587412258] [Ground]: 识别到QR码: 小铲子
[INFO] [1773472842.622417681] [Ground]: 识别到QR码: 小铲子
[INFO] [1773472842.690509676] [Ground]: 识别到QR码: 葵花种子
[INFO] [1773472842.702813416] [Ground]: 识别到QR码: 小铲子
[INFO] [1773472842.706438765] [Ground]: 识别到QR码: 小铲子
[INFO] [1773472842.724214901] [Ground]: 识别到QR码: 小铲子
[INFO] [1773472842.725763368] [Ground]: 识别到QR码: 葵花种子
[INFO] [1773472842.768606938] [Ground]: 识别到QR码: 葵花种子
[INFO] [1773472842.789678728] [Ground]: 识别到QR码: 葵花种子
[INFO] [1773472842.790721305] [Ground]: 识别到QR码: 小铲子
[INFO] [1773472842.827187771] [Ground]: 识别到QR码: 小铲子
[INFO] [1773472842.873898782] [Ground]: 识别到QR码: 小铲子
[INFO] [1773472842.926234626] [Ground]: 识别到QR码: 葵花种子
[INFO] [1773472842.958531483] [Ground]: 识别到QR码: 小铲子
[INFO] [1773472842.960919748] [Ground]: 识别到QR码: 葵花种子
[INFO] [1773472842.992240951] [Ground]: 识别到QR码: 小铲子
[INFO] [1773472843.026514134] [Ground]: 识别到QR码: 小铲子
[INFO] [1773472843.058208414] [Ground]: 识别到QR码: 小铲子
[INFO] [1773472843.062655344] [Ground]: 识别到QR码: 葵花种子
[INFO] [1773472843.093711793] [Ground]: 识别到QR码: 葵花种子
[INFO] [1773472843.094664151] [Ground]: 识别到QR码: 小铲子
[INFO] [1773472843.134443711] [Ground]: 识别到QR码: 小铲子
[INFO] [1773472843.158660979] [Ground]: 识别到QR码: 葵花种子
[INFO] [1773472843.160137533] [Ground]: 识别到QR码: 小铲子
[INFO] [1773472843.216547305] [Ground]: 识别到QR码: 小铲子
[INFO] [1773472843.267879159] [Ground]: 识别到QR码: 小铲子
[INFO] [1773472843.303963672] [Ground]: 识别到QR码: 葵花种子
[INFO] [1773472843.305541028] [Ground]: 识别到QR码: 小铲子
[INFO] [1773472843.341532242] [Ground]: 识别到QR码: 葵花种子
[INFO] [1773472843.367942854] [Ground]: 识别到QR码: 小铲子
[INFO] [1773472843.402229950] [Ground]: 识别到QR码: 小铲子
[INFO] [1773472843.448359207] [Ground]: 识别到QR码: 葵花种子
[INFO] [1773472843.452191109] [Ground]: 识别到QR码: 小铲子
[INFO] [1773472843.474721696] [Ground]: 识别到QR码: 葵花种子
[INFO] [1773472843.506380419] [Ground]: 识别到QR码: 葵花种子
[INFO] [1773472843.541262781] [Ground]: 识别到QR码: 葵花种子
[INFO] [1773472843.574756166] [Ground]: 识别到QR码: 小铲子
[INFO] [1773472843.575959054] [Ground]: 识别到QR码: 葵花种子
[INFO] [1773472843.608630853] [Ground]: 识别到QR码: 小铲子
[INFO] [1773472843.647078174] [Ground]: 识别到QR码: 小铲子
[INFO] [1773472843.739869639] [Ground]: 识别到QR码: 小铲子
[INFO] [1773472843.744048885] [Ground]: 识别到QR码: 小铲子
[INFO] [1773472843.745755780] [Ground]: 识别到QR码: 小铲子
[INFO] [1773472843.777288668] [Ground]: 识别到QR码: 小铲子
[INFO] [1773472843.778277865] [Ground]: 识别到QR码: 葵花种子
[INFO] [1773472843.813285799] [Ground]: 识别到QR码: 小铲子
[INFO] [1773472843.853063744] [Ground]: 识别到QR码: 小铲子
[INFO] [1773472843.879748056] [Ground]: 识别到QR码: 小铲子
[INFO] [1773472843.916145144] [Ground]: 识别到QR码: 小铲子
[INFO] [1773472843.917064506] [Ground]: 识别到QR码: 葵花种子
[INFO] [1773472843.950024003] [Ground]: 识别到QR码: 小铲子
[INFO] [1773472843.982859753] [Ground]: 识别到QR码: 葵花种子
[INFO] [1773472844.058020711] [Ground]: 识别到QR码: 小铲子
[INFO] [1773472844.078623977] [Ground]: 识别到QR码: 小铲子
[INFO] [1773472844.080320967] [Ground]: 识别到QR码: 葵花种子
[INFO] [1773472844.114790175] [Ground]: 识别到QR码: 小铲子
[INFO] [1773472844.116021180] [Ground]: 识别到QR码: 葵花种子
[INFO] [1773472844.149692799] [Ground]: 识别到QR码: 小铲子
[INFO] [1773472844.235189343] [Ground]: 识别到QR码: 小铲子
[INFO] [1773472844.251493131] [Ground]: 识别到QR码: 葵花种子
[INFO] [1773472844.252620287] [Ground]: 识别到QR码: 小铲子
[INFO] [1773472844.293110255] [Ground]: 识别到QR码: 小铲子
[INFO] [1773472844.317983216] [Ground]: 识别到QR码: 小铲子
[INFO] [1773472844.362857848] [Ground]: 识别到QR码: 小铲子
[INFO] [1773472844.364138974] [Ground]: 识别到QR码: 葵花种子
[INFO] [1773472844.411996488] [Ground]: 识别到QR码: 小铲子
[INFO] [1773472844.413820962] [Ground]: 识别到QR码: 葵花种子
[INFO] [1773472844.442832377] [Ground]: 识别到QR码: 小铲子
[INFO] [1773472844.476417107] [Ground]: 识别到QR码: 葵花种子
[INFO] [1773472844.509062240] [Ground]: 识别到QR码: 小铲子
[INFO] [1773472844.585548855] [Ground]: 识别到QR码: 小铲子
[INFO] [1773472844.592880438] [Ground]: 识别到QR码: 葵花种子
[INFO] [1773472844.698311850] [Ground]: 识别到QR码: 葵花种子
[INFO] [1773472844.724813054] [Ground]: 识别到QR码: 小铲子
[INFO] [1773472844.737939444] [Ground]: 识别到QR码: 葵花种子
[INFO] [1773472844.748900932] [Ground]: 识别到QR码: 小铲子
[INFO] [1773472844.819057627] [Ground]: 识别到QR码: 葵花种子
[INFO] [1773472844.831151950] [Ground]: 识别到QR码: 小铲子
[INFO] [1773472844.846644322] [Ground]: 识别到QR码: 葵花种子
[INFO] [1773472844.895220824] [Ground]: 识别到QR码: 葵花种子
[INFO] [1773472844.896997188] [Ground]: 识别到QR码: 小铲子
[INFO] [1773472844.913917138] [Ground]: 识别到QR码: 小铲子
[INFO] [1773472844.915148991] [Ground]: 识别到QR码: 葵花种子
[INFO] [1773472844.956976888] [Ground]: 识别到QR码: 小铲子
[INFO] [1773472844.981018072] [Ground]: 识别到QR码: 小铲子
[INFO] [1773472845.013413431] [Ground]: 识别到QR码: 小铲子
[INFO] [1773472845.052876446] [Ground]: 识别到QR码: 小铲子
[INFO] [1773472845.083820117] [Ground]: 识别到QR码: 葵花种子
[INFO] [1773472845.085785575] [Ground]: 识别到QR码: 小铲子
[INFO] [1773472845.146825654] [Ground]: 识别到QR码: 葵花种子
[INFO] [1773472845.176128112] [Ground]: 识别到QR码: 小铲子
[INFO] [1773472845.232168576] [Ground]: 识别到QR码: 小铲子
[INFO] [1773472845.264125524] [Ground]: 识别到QR码: 小铲子
[INFO] [1773472845.275639061] [Ground]: 识别到QR码: 小铲子
[INFO] [1773472845.342643430] [Ground]: 识别到QR码: 葵花种子
[INFO] [1773472845.344830758] [Ground]: 识别到QR码: 小铲子
[INFO] [1773472845.382314283] [Ground]: 识别到QR码: 葵花种子
[INFO] [1773472845.384274018] [Ground]: 识别到QR码: 小铲子
[INFO] [1773472845.430589163] [Ground]: 识别到QR码: 小铲子
[INFO] [1773472845.451728449] [Ground]: 识别到QR码: 小铲子
[INFO] [1773472845.452946215] [Ground]: 识别到QR码: 葵花种子
[INFO] [1773472845.554055396] [Ground]: 识别到QR码: 小铲子
[INFO] [1773472845.585460125] [Ground]: 识别到QR码: 小铲子
[INFO] [1773472845.656207701] [Ground]: 识别到QR码: 小铲子
[INFO] [1773472845.719021584] [Ground]: 识别到QR码: 小铲子
[INFO] [1773472845.772373423] [Ground]: 识别到QR码: 小铲子
[INFO] [1773472845.788271843] [Ground]: 识别到QR码: 小铲子
[INFO] [1773472845.789453985] [Ground]: 识别到QR码: 葵花种子
[INFO] [1773472845.856776782] [Ground]: 识别到QR码: 小铲子
[INFO] [1773472845.898069308] [Ground]: 识别到QR码: 葵花种子
[INFO] [1773472845.922282479] [Ground]: 识别到QR码: 葵花种子
[INFO] [1773472845.923754101] [Ground]: 识别到QR码: 小铲子
[INFO] [1773472845.957598077] [Ground]: 识别到QR码: 葵花种子
[INFO] [1773472845.991019873] [Ground]: 识别到QR码: 葵花种子
[INFO] [1773472846.024931787] [Ground]: 识别到QR码: 葵花种子
[INFO] [1773472846.026510961] [Ground]: 识别到QR码: 小铲子
[INFO] [1773472846.060736900] [Ground]: 识别到QR码: 葵花种子
[INFO] [1773472846.062205112] [Ground]: 识别到QR码: 小铲子
[INFO] [1773472846.125819696] [Ground]: 识别到QR码: 小铲子
[INFO] [1773472846.158099901] [Ground]: 识别到QR码: 小铲子
[INFO] [1773472846.189726824] [Ground]: 识别到QR码: 小铲子
[INFO] [1773472846.191309054] [Ground]: 识别到QR码: 葵花种子
[INFO] [1773472846.224304951] [Ground]: 识别到QR码: 小铲子
[INFO] [1773472846.225636905] [Ground]: 识别到QR码: 葵花种子
[INFO] [1773472846.262556716] [Ground]: 识别到QR码: 小铲子
[INFO] [1773472846.303456628] [Ground]: 识别到QR码: 小铲子
[INFO] [1773472846.361179887] [Ground]: 识别到QR码: 小铲子
[INFO] [1773472846.393451192] [Ground]: 识别到QR码: 小铲子
[INFO] [1773472846.426744282] [Ground]: 识别到QR码: 小铲子
[INFO] [1773472846.497247686] [Ground]: 识别到QR码: 小铲子
[INFO] [1773472846.549029270] [Ground]: 识别到QR码: 葵花种子
[INFO] [1773472846.550115078] [Ground]: 识别到QR码: 小铲子
[INFO] [1773472846.573453158] [Ground]: 识别到QR码: 葵花种子
[INFO] [1773472846.628126199] [Ground]: 识别到QR码: 小铲子
[INFO] [1773472846.724404748] [Ground]: 识别到QR码: 葵花种子
[INFO] [1773472846.787585916] [Ground]: 识别到QR码: 小铲子
[INFO] [1773472846.795985633] [Ground]: 识别到QR码: 葵花种子
[INFO] [1773472846.882840639] [Ground]: 识别到QR码: 小铲子
[INFO] [1773472846.883773604] [Ground]: 识别到QR码: 葵花种子
[INFO] [1773472846.917436195] [Ground]: 识别到QR码: 葵花种子
[INFO] [1773472846.945484782] [Ground]: 识别到QR码: 小铲子
[INFO] [1773472847.084203656] [Ground]: 识别到QR码: 小铲子
[INFO] [1773472847.153746523] [Ground]: 识别到QR码: 小铲子
[INFO] [1773472847.154977372] [Ground]: 识别到QR码: 葵花种子
[INFO] [1773472847.254603875] [Ground]: 识别到QR码: 小铲子
[INFO] [1773472847.256095935] [Ground]: 识别到QR码: 葵花种子
[INFO] [1773472847.312045253] [Ground]: 识别到QR码: 小铲子
[INFO] [1773472847.313610769] [Ground]: 识别到QR码: 葵花种子
[INFO] [1773472847.449032766] [Ground]: 识别到QR码: 小铲子
[INFO] [1773472847.450633811] [Ground]: 识别到QR码: 葵花种子
[INFO] [1773472847.488512701] [Ground]: 识别到QR码: 葵花种子
[INFO] [1773472847.520157954] [Ground]: 识别到QR码: 葵花种子
[INFO] [1773472847.521086503] [Ground]: 识别到QR码: 小铲子
[INFO] [1773472847.659981693] [Ground]: 识别到QR码: 小铲子
[INFO] [1773472847.689878797] [Ground]: 识别到QR码: 葵花种子
[INFO] [1773472847.722201463] [Ground]: 识别到QR码: 小铲子
[INFO] [1773472847.754767510] [Ground]: 识别到QR码: 小铲子
[INFO] [1773472847.756224235] [Ground]: 识别到QR码: 葵花种子
[INFO] [1773472847.800554995] [Ground]: 识别到QR码: 小铲子
[INFO] [1773472847.881608047] [Ground]: 识别到QR码: 小铲子
[INFO] [1773472848.000042009] [Ground]: 识别到QR码: 小铲子
[INFO] [1773472848.152503666] [Ground]: 识别到QR码: 葵花种子
[INFO] [1773472848.154942504] [Ground]: 识别到QR码: 小铲子
[INFO] [1773472848.193277040] [Ground]: 识别到QR码: 小铲子
[INFO] [1773472848.224777672] [Ground]: 识别到QR码: 葵花种子
[INFO] [1773472848.260432453] [Ground]: 识别到QR码: 小铲子
[INFO] [1773472848.333564424] [Ground]: 识别到QR码: 小铲子
[INFO] [1773472848.338254369] [Ground]: 识别到QR码: 葵花种子
[INFO] [1773472848.401388455] [Ground]: 识别到QR码: 小铲子
[INFO] [1773472848.421887744] [Ground]: 识别到QR码: 葵花种子
[INFO] [1773472848.459279850] [Ground]: 识别到QR码: 小铲子
[INFO] [1773472848.534079843] [Ground]: 识别到QR码: 小铲子
[INFO] [1773472848.535778642] [Ground]: 识别到QR码: 葵花种子
[INFO] [1773472848.564512358] [Ground]: 识别到QR码: 葵花种子
[INFO] [1773472848.628079883] [Ground]: 识别到QR码: 小铲子
[INFO] [1773472848.658500103] [Ground]: 识别到QR码: 葵花种子
[INFO] [1773472848.695070065] [Ground]: 识别到QR码: 葵花种子
[INFO] [1773472848.723519591] [Ground]: 识别到QR码: 葵花种子
[INFO] [1773472848.760860336] [Ground]: 识别到QR码: 小铲子
[INFO] [1773472848.762243931] [Ground]: 识别到QR码: 葵花种子
[INFO] [1773472848.800398118] [Ground]: 识别到QR码: 小铲子
[INFO] [1773472848.801746140] [Ground]: 识别到QR码: 葵花种子
[INFO] [1773472848.862469712] [Ground]: 识别到QR码: 葵花种子
[INFO] [1773472848.904305923] [Ground]: 识别到QR码: 葵花种子
[INFO] [1773472848.925372411] [Ground]: 识别到QR码: 小铲子
[INFO] [1773472848.926736032] [Ground]: 识别到QR码: 葵花种子
[INFO] [1773472848.971137963] [Ground]: 识别到QR码: 葵花种子
[INFO] [1773472848.973408898] [Ground]: 识别到QR码: 小铲子
[INFO] [1773472848.996682922] [Ground]: 识别到QR码: 小铲子
[INFO] [1773472849.045944079] [Ground]: 识别到QR码: 小铲子
[INFO] [1773472849.067419670] [Ground]: 识别到QR码: 葵花种子
[INFO] [1773472849.068980399] [Ground]: 识别到QR码: 小铲子
[INFO] [1773472849.134222020] [Ground]: 识别到QR码: 小铲子
[INFO] [1773472849.135252520] [Ground]: 识别到QR码: 葵花种子
[INFO] [1773472849.163751980] [Ground]: 识别到QR码: 葵花种子
[INFO] [1773472849.165206144] [Ground]: 识别到QR码: 小铲子
[INFO] [1773472849.192832547] [Ground]: 识别到QR码: 小铲子
[INFO] [1773472849.193992328] [Ground]: 识别到QR码: 葵花种子
[INFO] [1773472849.251204812] [Ground]: 识别到QR码: 小铲子
[INFO] [1773472849.271658095] [Ground]: 识别到QR码: 葵花种子
[INFO] [1773472849.273961445] [Ground]: 识别到QR码: 小铲子
[INFO] [1773472849.303744887] [Ground]: 识别到QR码: 小铲子
[INFO] [1773472849.332801660] [Ground]: 识别到QR码: 小铲子
[INFO] [1773472849.439530393] [Ground]: 识别到QR码: 小铲子
[INFO] [1773472849.443863257] [Ground]: 识别到QR码: 葵花种子
[INFO] [1773472849.445713149] [Ground]: 识别到QR码: 小铲子
[INFO] [1773472849.469583800] [Ground]: 识别到QR码: 小铲子
[INFO] [1773472849.477520869] [Ground]: 识别到QR码: 葵花种子
[INFO] [1773472849.529923730] [Ground]: 识别到QR码: 小铲子
[INFO] [1773472849.531405824] [Ground]: 识别到QR码: 葵花种子
[INFO] [1773472849.568407756] [Ground]: 识别到QR码: 小铲子
[INFO] [1773472849.570588283] [Ground]: 识别到QR码: 葵花种子
[INFO] [1773472849.602057066] [Ground]: 识别到QR码: 小铲子
[INFO] [1773472849.630233565] [Ground]: 识别到QR码: 葵花种子
[INFO] [1773472849.631475829] [Ground]: 识别到QR码: 小铲子
[INFO] [1773472849.700768605] [Ground]: 识别到QR码: 小铲子
[INFO] [1773472849.702164813] [Ground]: 识别到QR码: 葵花种子
[INFO] [1773472849.734842586] [Ground]: 识别到QR码: 小铲子
[INFO] [1773472849.767250546] [Ground]: 识别到QR码: 小铲子
[INFO] [1773472849.768546254] [Ground]: 识别到QR码: 葵花种子
[INFO] [1773472849.797495435] [Ground]: 识别到QR码: 小铲子
[INFO] [1773472849.857141770] [Ground]: 识别到QR码: 葵花种子
[INFO] [1773472849.858712634] [Ground]: 识别到QR码: 小铲子
[INFO] [1773472849.871557425] [Ground]: 识别到QR码: 葵花种子
[INFO] [1773472849.874074071] [Ground]: 识别到QR码: 小铲子
[INFO] [1773472849.924123306] [Ground]: 识别到QR码: 小铲子
[INFO] [1773472849.935754593] [Ground]: 识别到QR码: 小铲子
[INFO] [1773472849.967035339] [Ground]: 识别到QR码: 葵花种子
[INFO] [1773472849.968450343] [Ground]: 识别到QR码: 小铲子
[INFO] [1773472850.036939445] [Ground]: 识别到QR码: 小铲子
[INFO] [1773472850.042047513] [Ground]: 识别到QR码: 葵花种子
[INFO] [1773472850.072006936] [Ground]: 识别到QR码: 小铲子
[INFO] [1773472850.105190395] [Ground]: 识别到QR码: 葵花种子
[INFO] [1773472850.106921409] [Ground]: 识别到QR码: 小铲子
[INFO] [1773472850.133379607] [Ground]: 识别到QR码: 葵花种子
[INFO] [1773472850.175225012] [Ground]: 识别到QR码: 小铲子
[INFO] [1773472850.176763825] [Ground]: 识别到QR码: 葵花种子
[INFO] [1773472850.206273723] [Ground]: 识别到QR码: 小铲子
[INFO] [1773472850.208201587] [Ground]: 识别到QR码: 葵花种子
[INFO] [1773472850.235950981] [Ground]: 识别到QR码: 葵花种子
[INFO] [1773472850.236949127] [Ground]: 识别到QR码: 小铲子
[INFO] [1773472850.272728920] [Ground]: 识别到QR码: 小铲子
[INFO] [1773472850.275357433] [Ground]: 识别到QR码: 葵花种子
[INFO] [1773472850.301782299] [Ground]: 识别到QR码: 小铲子
[INFO] [1773472850.302865704] [Ground]: 识别到QR码: 葵花种子
[INFO] [1773472850.339187816] [Ground]: 识别到QR码: 小铲子
[INFO] [1773472850.356350951] [Ground]: 识别到QR码: 葵花种子
[INFO] [1773472850.390167638] [Ground]: 识别到QR码: 小铲子
[INFO] [1773472850.392408536] [Ground]: 识别到QR码: 葵花种子
[INFO] [1773472850.401584093] [Ground]: 识别到QR码: 小铲子
[INFO] [1773472850.406404249] [Ground]: 识别到QR码: 葵花种子
[INFO] [1773472850.440688405] [Ground]: 识别到QR码: 小铲子
[INFO] [1773472850.468208929] [Ground]: 识别到QR码: 小铲子
[INFO] [1773472850.470333290] [Ground]: 识别到QR码: 葵花种子
[INFO] [1773472850.510235214] [Ground]: 识别到QR码: 小铲子
[INFO] [1773472850.511733315] [Ground]: 识别到QR码: 葵花种子
[INFO] [1773472850.541356414] [Ground]: 识别到QR码: 小铲子
[INFO] [1773472850.543636816] [Ground]: 识别到QR码: 葵花种子
[INFO] [1773472850.569827483] [Ground]: 识别到QR码: 葵花种子
[INFO] [1773472850.571109183] [Ground]: 识别到QR码: 小铲子
[INFO] [1773472850.610701738] [Ground]: 识别到QR码: 小铲子
[INFO] [1773472850.611976809] [Ground]: 识别到QR码: 葵花种子
[INFO] [1773472850.640537760] [Ground]: 识别到QR码: 葵花种子
[INFO] [1773472850.641890261] [Ground]: 识别到QR码: 小铲子
[INFO] [1773472850.674409404] [Ground]: 识别到QR码: 葵花种子
[INFO] [1773472850.681246945] [Ground]: 识别到QR码: 小铲子
[INFO] [1773472850.705311885] [Ground]: 识别到QR码: 小铲子
[INFO] [1773472850.706902765] [Ground]: 识别到QR码: 葵花种子
[INFO] [1773472850.736755860] [Ground]: 识别到QR码: 葵花种子
[INFO] [1773472850.790087098] [Ground]: 识别到QR码: 小铲子
[INFO] [1773472850.794908440] [Ground]: 识别到QR码: 葵花种子
[INFO] [1773472850.807204845] [Ground]: 识别到QR码: 葵花种子
[INFO] [1773472850.808614153] [Ground]: 识别到QR码: 小铲子
[INFO] [1773472850.850735020] [Ground]: 识别到QR码: 小铲子
[INFO] [1773472850.852674401] [Ground]: 识别到QR码: 葵花种子
[INFO] [1773472850.899423660] [Ground]: 识别到QR码: 小铲子
[INFO] [1773472850.910953728] [Ground]: 识别到QR码: 小铲子
[INFO] [1773472850.972358130] [Ground]: 识别到QR码: 小铲子
[INFO] [1773472850.980163152] [Ground]: 识别到QR码: 小铲子
[INFO] [1773472851.010404240] [Ground]: 识别到QR码: 小铲子
[INFO] [1773472851.013422285] [Ground]: 识别到QR码: 葵花种子
[INFO] [1773472851.042110738] [Ground]: 识别到QR码: 小铲子
[INFO] [1773472851.043547378] [Ground]: 识别到QR码: 葵花种子
[INFO] [1773472851.090302004] [Ground]: 识别到QR码: 小铲子
[INFO] [1773472851.092205674] [Ground]: 识别到QR码: 葵花种子
[INFO] [1773472851.116142857] [Ground]: 识别到QR码: 小铲子
[INFO] [1773472851.117537033] [Ground]: 识别到QR码: 葵花种子
[INFO] [1773472851.146618377] [Ground]: 识别到QR码: 小铲子
[INFO] [1773472851.148003087] [Ground]: 识别到QR码: 葵花种子
[INFO] [1773472851.176129331] [Ground]: 识别到QR码: 小铲子
[INFO] [1773472851.177962443] [Ground]: 识别到QR码: 葵花种子
[INFO] [1773472851.221450285] [Ground]: 识别到QR码: 小铲子
[INFO] [1773472851.225767747] [Ground]: 识别到QR码: 葵花种子
[INFO] [1773472851.242771222] [Ground]: 识别到QR码: 小铲子
[INFO] [1773472851.244557297] [Ground]: 识别到QR码: 葵花种子
[INFO] [1773472851.281805394] [Ground]: 识别到QR码: 小铲子
[INFO] [1773472851.283134792] [Ground]: 识别到QR码: 葵花种子
[INFO] [1773472851.311478928] [Ground]: 识别到QR码: 葵花种子
[INFO] [1773472851.312890484] [Ground]: 识别到QR码: 小铲子
[INFO] [1773472851.342628290] [Ground]: 识别到QR码: 葵花种子
[INFO] [1773472851.344122440] [Ground]: 识别到QR码: 小铲子
[INFO] [1773472851.382294928] [Ground]: 识别到QR码: 小铲子
[INFO] [1773472851.383395608] [Ground]: 识别到QR码: 葵花种子
[INFO] [1773472851.411112496] [Ground]: 识别到QR码: 葵花种子
[INFO] [1773472851.412366877] [Ground]: 识别到QR码: 小铲子
[INFO] [1773472851.494041216] [Ground]: 识别到QR码: 小铲子
[INFO] [1773472851.500710991] [Ground]: 识别到QR码: 小铲子
[INFO] [1773472851.504213822] [Ground]: 识别到QR码: 葵花种子
[INFO] [1773472851.525584188] [Ground]: 识别到QR码: 小铲子
[INFO] [1773472851.532238147] [Ground]: 识别到QR码: 葵花种子
[INFO] [1773472851.548190582] [Ground]: 识别到QR码: 小铲子
[INFO] [1773472851.597590440] [Ground]: 识别到QR码: 小铲子
[INFO] [1773472851.606401527] [Ground]: 识别到QR码: 葵花种子
[INFO] [1773472851.622064789] [Ground]: 识别到QR码: 小铲子
[INFO] [1773472851.624502459] [Ground]: 识别到QR码: 葵花种子
[INFO] [1773472851.649825388] [Ground]: 识别到QR码: 葵花种子
[INFO] [1773472851.680431894] [Ground]: 识别到QR码: 葵花种子
[INFO] [1773472851.681822616] [Ground]: 识别到QR码: 小铲子
[INFO] [1773472851.716373579] [Ground]: 识别到QR码: 葵花种子
[INFO] [1773472851.718217089] [Ground]: 识别到QR码: 小铲子
[INFO] [1773472851.746164010] [Ground]: 识别到QR码: 葵花种子
[INFO] [1773472851.747731280] [Ground]: 识别到QR码: 小铲子
[INFO] [1773472851.781968926] [Ground]: 识别到QR码: 葵花种子
[INFO] [1773472851.783309614] [Ground]: 识别到QR码: 小铲子
[INFO] [1773472851.813407687] [Ground]: 识别到QR码: 葵花种子
[INFO] [1773472851.851131509] [Ground]: 识别到QR码: 葵花种子
[INFO] [1773472851.893549900] [Ground]: 识别到QR码: 葵花种子
[INFO] [1773472851.917022510] [Ground]: 识别到QR码: 葵花种子
[INFO] [1773472851.967427838] [Ground]: 识别到QR码: 葵花种子
[INFO] [1773472851.982756517] [Ground]: 识别到QR码: 葵花种子
[INFO] [1773472852.012905857] [Ground]: 识别到QR码: 葵花种子
[INFO] [1773472852.056665155] [Ground]: 识别到QR码: 葵花种子
[INFO] [1773472852.085424934] [Ground]: 识别到QR码: 葵花种子
[INFO] [1773472852.118064295] [Ground]: 识别到QR码: 葵花种子
[INFO] [1773472852.157416178] [Ground]: 识别到QR码: 葵花种子
[INFO] [1773472852.187211869] [Ground]: 识别到QR码: 葵花种子
[INFO] [1773472852.250647880] [Ground]: 识别到QR码: 葵花种子
[INFO] [1773472852.280652087] [Ground]: 识别到QR码: 葵花种子
[INFO] [1773472852.322617259] [Ground]: 识别到QR码: 葵花种子
[INFO] [1773472852.353734655] [Ground]: 识别到QR码: 葵花种子
[INFO] [1773472852.402102375] [Ground]: 识别到QR码: 葵花种子
[INFO] [1773472852.434545717] [Ground]: 识别到QR码: 葵花种子
[INFO] [1773472852.505877170] [Ground]: 识别到QR码: 葵花种子
[INFO] [1773472852.523479090] [Ground]: 识别到QR码: 葵花种子
[INFO] [1773472852.553888062] [Ground]: 识别到QR码: 葵花种子
[INFO] [1773472852.587766888] [Ground]: 识别到QR码: 葵花种子
[INFO] [1773472852.615809176] [Ground]: 识别到QR码: 葵花种子
[INFO] [1773472852.663348220] [Ground]: 识别到QR码: 葵花种子
[INFO] [1773472852.716018318] [Ground]: 识别到QR码: 葵花种子
[INFO] [1773472852.758287178] [Ground]: 识别到QR码: 葵花种子
[INFO] [1773472852.791599929] [Ground]: 识别到QR码: 葵花种子
[INFO] [1773472852.855427294] [Ground]: 识别到QR码: 葵花种子
[INFO] [1773472852.886701126] [Ground]: 识别到QR码: 葵花种子
[INFO] [1773472852.943020449] [Ground]: 识别到QR码: 葵花种子
[INFO] [1773472852.955372471] [Ground]: 识别到QR码: 葵花种子
[INFO] [1773472852.989914026] [Ground]: 识别到QR码: 葵花种子
[INFO] [1773472853.021878940] [Ground]: 识别到QR码: 葵花种子
[INFO] [1773472853.067360705] [Ground]: 识别到QR码: 葵花种子
[INFO] [1773472853.094792108] [Ground]: 识别到QR码: 葵花种子
[INFO] [1773472853.122972175] [Ground]: 识别到QR码: 葵花种子
[INFO] [1773472853.151971859] [Ground]: 识别到QR码: 葵花种子
[INFO] [1773472853.199585580] [Ground]: 识别到QR码: 葵花种子
[INFO] [1773472853.238015501] [Ground]: 识别到QR码: 葵花种子
[INFO] [1773472853.268636724] [Ground]: 识别到QR码: 葵花种子
[INFO] [1773472853.290891755] [Ground]: 识别到QR码: 葵花种子
[INFO] [1773472853.332124918] [Ground]: 识别到QR码: 葵花种子
[INFO] [1773472853.363698233] [Ground]: 识别到QR码: 葵花种子
[INFO] [1773472853.390257677] [Ground]: 识别到QR码: 葵花种子
[INFO] [1773472853.442516990] [Ground]: 识别到QR码: 葵花种子
[INFO] [1773472853.459466759] [Ground]: 识别到QR码: 葵花种子
[INFO] [1773472853.492516673] [Ground]: 识别到QR码: 葵花种子
[INFO] [1773472853.528239684] [Ground]: 识别到QR码: 葵花种子
[INFO] [1773472853.557014958] [Ground]: 识别到QR码: 葵花种子
[INFO] [1773472853.589639055] [Ground]: 识别到QR码: 葵花种子
[INFO] [1773472853.630509322] [Ground]: 识别到QR码: 葵花种子
[INFO] [1773472853.656814315] [Ground]: 识别到QR码: 葵花种子
[INFO] [1773472853.702407468] [Ground]: 识别到QR码: 葵花种子
[INFO] [1773472853.733927535] [Ground]: 识别到QR码: 葵花种子
[INFO] [1773472853.760410786] [Ground]: 识别到QR码: 葵花种子
[INFO] [1773472853.791668847] [Ground]: 识别到QR码: 葵花种子
[INFO] [1773472853.825642412] [Ground]: 识别到QR码: 葵花种子
[INFO] [1773472853.865484398] [Ground]: 识别到QR码: 葵花种子
[INFO] [1773472853.904905567] [Ground]: 识别到QR码: 葵花种子
[INFO] [1773472853.950195430] [Ground]: 识别到QR码: 葵花种子
[INFO] [1773472853.964505232] [Ground]: 识别到QR码: 葵花种子
[INFO] [1773472853.994249478] [Ground]: 识别到QR码: 葵花种子
[INFO] [1773472854.029434008] [Ground]: 识别到QR码: 葵花种子
[INFO] [1773472854.068578829] [Ground]: 识别到QR码: 葵花种子
[INFO] [1773472854.193405711] [Ground]: 识别到QR码: 葵花种子
[INFO] [1773472854.232465167] [Ground]: 识别到QR码: 葵花种子
[INFO] [1773472854.261923741] [Ground]: 识别到QR码: 葵花种子
[INFO] [1773472854.302082595] [Ground]: 识别到QR码: 葵花种子
[INFO] [1773472854.331240409] [Ground]: 识别到QR码: 葵花种子
[INFO] [1773472854.361543913] [Ground]: 识别到QR码: 葵花种子
[INFO] [1773472854.431682872] [Ground]: 识别到QR码: 葵花种子
[INFO] [1773472854.469365805] [Ground]: 识别到QR码: 葵花种子
[INFO] [1773472854.483839360] [Ground]: 识别到QR码: 葵花种子
[INFO] [1773472854.496245991] [Ground]: 识别到QR码: 葵花种子
[INFO] [1773472854.530176919] [Ground]: 识别到QR码: 葵花种子
[INFO] [1773472854.566043851] [Ground]: 识别到QR码: 葵花种子
[INFO] [1773472854.603837618] [Ground]: 识别到QR码: 葵花种子
[INFO] [1773472854.639357248] [Ground]: 识别到QR码: 葵花种子
[INFO] [1773472854.665173529] [Ground]: 识别到QR码: 葵花种子
[INFO] [1773472858.676098725] [Ground]: 识别到QR码: 葵花种子
[INFO] [1773472858.823073487] [Ground]: 识别到QR码: 葵花种子
[INFO] [1773472858.927666732] [Ground]: 识别到QR码: 葵花种子
[INFO] [1773472858.959619520] [Ground]: 识别到QR码: 葵花种子
[INFO] [1773472859.028328270] [Ground]: 识别到QR码: 葵花种子
[INFO] [1773472859.062709137] [Ground]: 识别到QR码: 葵花种子
[INFO] [1773472859.093674010] [Ground]: 识别到QR码: 葵花种子
[INFO] [1773472859.143203478] [Ground]: 识别到QR码: 葵花种子
[INFO] [1773472859.161382384] [Ground]: 识别到QR码: 葵花种子
[INFO] [1773472859.229530748] [Ground]: 识别到QR码: 葵花种子
[INFO] [1773472859.263919090] [Ground]: 识别到QR码: 葵花种子
[INFO] [1773472859.300588373] [Ground]: 识别到QR码: 葵花种子
[INFO] [1773472859.333671571] [Ground]: 识别到QR码: 葵花种子
[INFO] [1773472859.359749405] [Ground]: 识别到QR码: 葵花种子
[INFO] [1773472859.397161824] [Ground]: 识别到QR码: 葵花种子
[INFO] [1773472859.424554425] [Ground]: 识别到QR码: 葵花种子
[INFO] [1773472859.482126656] [Ground]: 识别到QR码: 葵花种子
[INFO] [1773472859.516599932] [Ground]: 识别到QR码: 葵花种子
[INFO] [1773472859.530372854] [Ground]: 识别到QR码: 葵花种子
[INFO] [1773472859.574499433] [Ground]: 识别到QR码: 葵花种子
[INFO] [1773472859.598111960] [Ground]: 识别到QR码: 葵花种子
[INFO] [1773472859.655644499] [Ground]: 识别到QR码: 葵花种子
[INFO] [1773472859.684736034] [Ground]: 识别到QR码: 葵花种子
[INFO] [1773472859.697600373] [Ground]: 识别到QR码: 葵花种子
[INFO] [1773472859.732361105] [Ground]: 识别到QR码: 葵花种子
[INFO] [1773472859.770771758] [Ground]: 识别到QR码: 葵花种子
[INFO] [1773472859.800100673] [Ground]: 识别到QR码: 葵花种子
[INFO] [1773472859.831048382] [Ground]: 识别到QR码: 葵花种子
[INFO] [1773472859.866767036] [Ground]: 识别到QR码: 葵花种子
[INFO] [1773472859.900026443] [Ground]: 识别到QR码: 葵花种子
[INFO] [1773472859.930336424] [Ground]: 识别到QR码: 葵花种子
[INFO] [1773472859.965085353] [Ground]: 识别到QR码: 葵花种子
[INFO] [1773472860.006134612] [Ground]: 识别到QR码: 葵花种子
[INFO] [1773472860.071067437] [Ground]: 识别到QR码: 葵花种子
[INFO] [1773472860.107955912] [Ground]: 识别到QR码: 葵花种子
[INFO] [1773472860.145265570] [Ground]: 识别到QR码: 葵花种子
[INFO] [1773472860.197443588] [Ground]: 识别到QR码: 葵花种子
[INFO] [1773472860.241701596] [Ground]: 识别到QR码: 葵花种子
[INFO] [1773472860.269363702] [Ground]: 识别到QR码: 葵花种子
[INFO] [1773472860.533260903] [Ground]: 识别到QR码: 小铲子
[INFO] [1773472860.640058301] [Ground]: 识别到QR码: 小铲子
[INFO] [1773472860.676893489] [Ground]: 识别到QR码: 小铲子
[INFO] [1773472860.705940638] [Ground]: 识别到QR码: 小铲子
[INFO] [1773472860.770719373] [Ground]: 识别到QR码: 小铲子
[INFO] [1773472860.801855009] [Ground]: 识别到QR码: 小铲子
[INFO] [1773472860.843410324] [Ground]: 识别到QR码: 小铲子
[INFO] [1773472860.872677640] [Ground]: 识别到QR码: 小铲子
[INFO] [1773472860.901565186] [Ground]: 识别到QR码: 小铲子
[INFO] [1773472860.944507204] [Ground]: 识别到QR码: 小铲子
[INFO] [1773472860.967485240] [Ground]: 识别到QR码: 小铲子
[INFO] [1773472861.014090070] [Ground]: 识别到QR码: 小铲子
[INFO] [1773472861.037299836] [Ground]: 识别到QR码: 小铲子
[INFO] [1773472861.072644405] [Ground]: 识别到QR码: 小铲子
[INFO] [1773472861.110601571] [Ground]: 识别到QR码: 小铲子
[INFO] [1773472861.137384536] [Ground]: 识别到QR码: 小铲子
[INFO] [1773472861.176392319] [Ground]: 识别到QR码: 小铲子
[INFO] [1773472861.313171022] [Ground]: 识别到QR码: 小铲子
[INFO] [1773472861.341221679] [Ground]: 识别到QR码: 小铲子
[INFO] [1773472861.443483446] [Ground]: 识别到QR码: 小铲子
[INFO] [1773472861.471851551] [Ground]: 识别到QR码: 小铲子
[INFO] [1773472861.511729928] [Ground]: 识别到QR码: 小铲子
[INFO] [1773472861.579922529] [Ground]: 识别到QR码: 小铲子
[INFO] [1773472861.621895754] [Ground]: 识别到QR码: 小铲子
[INFO] [1773472861.643259544] [Ground]: 识别到QR码: 小铲子
[INFO] [1773472861.741698069] [Ground]: 识别到QR码: 小铲子
[INFO] [1773472861.790499195] [Ground]: 识别到QR码: 小铲子
[INFO] [1773472861.827432037] [Ground]: 识别到QR码: 小铲子
[INFO] [1773472861.846373530] [Ground]: 识别到QR码: 小铲子
[INFO] [1773472861.893196202] [Ground]: 识别到QR码: 小铲子
[INFO] [1773472861.917406433] [Ground]: 识别到QR码: 小铲子
[INFO] [1773472861.947155131] [Ground]: 识别到QR码: 小铲子
[INFO] [1773472861.981718207] [Ground]: 识别到QR码: 小铲子
[INFO] [1773472862.007724281] [Ground]: 识别到QR码: 小铲子
[INFO] [1773472862.085966896] [Ground]: 识别到QR码: 小铲子
[INFO] [1773472862.107807905] [Ground]: 识别到QR码: 小铲子
[INFO] [1773472862.152928844] [Ground]: 识别到QR码: 小铲子
[INFO] [1773472862.357814471] [Ground]: 识别到QR码: 小铲子
[INFO] [1773472862.381059050] [Ground]: 识别到QR码: 小铲子
[INFO] [1773472862.415486411] [Ground]: 识别到QR码: 小铲子
[INFO] [1773472862.518006872] [Ground]: 识别到QR码: 小铲子
[INFO] [1773472862.580364674] [Ground]: 识别到QR码: 小铲子
[INFO] [1773472862.686446933] [Ground]: 识别到QR码: 小铲子
[INFO] [1773472862.735733475] [Ground]: 识别到QR码: 小铲子
[INFO] [1773472862.789174773] [Ground]: 识别到QR码: 小铲子
[INFO] [1773472862.855175688] [Ground]: 识别到QR码: 小铲子
[INFO] [1773472862.882545741] [Ground]: 识别到QR码: 小铲子
[INFO] [1773472862.918489068] [Ground]: 识别到QR码: 小铲子
[INFO] [1773472862.949028266] [Ground]: 识别到QR码: 小铲子
[INFO] [1773472862.990963486] [Ground]: 识别到QR码: 小铲子
[INFO] [1773472863.017728016] [Ground]: 识别到QR码: 小铲子
[INFO] [1773472863.053799437] [Ground]: 识别到QR码: 小铲子
[INFO] [1773472863.086542361] [Ground]: 识别到QR码: 小铲子
[INFO] [1773472863.117968753] [Ground]: 识别到QR码: 小铲子
[INFO] [1773472863.156793918] [Ground]: 识别到QR码: 小铲子
[INFO] [1773472863.186240627] [Ground]: 识别到QR码: 小铲子
[INFO] [1773472863.220732471] [Ground]: 识别到QR码: 小铲子
[INFO] [1773472863.256624609] [Ground]: 识别到QR码: 小铲子
[INFO] [1773472863.286196167] [Ground]: 识别到QR码: 小铲子
[INFO] [1773472863.317650077] [Ground]: 识别到QR码: 小铲子
[INFO] [1773472863.360191899] [Ground]: 识别到QR码: 小铲子
[INFO] [1773472863.382861944] [Ground]: 识别到QR码: 小铲子
[INFO] [1773472863.426675942] [Ground]: 识别到QR码: 小铲子
[INFO] [1773472863.535602545] [Ground]: 识别到QR码: 小铲子
[INFO] [1773472863.563435157] [Ground]: 识别到QR码: 小铲子
[INFO] [1773472863.592116002] [Ground]: 识别到QR码: 小铲子
[INFO] [1773472863.625138464] [Ground]: 识别到QR码: 小铲子
[INFO] [1773472863.669617425] [Ground]: 识别到QR码: 小铲子
[INFO] [1773472863.692722144] [Ground]: 识别到QR码: 小铲子
[INFO] [1773472863.794689871] [Ground]: 识别到QR码: 小铲子
[INFO] [1773472863.829247093] [Ground]: 识别到QR码: 小铲子
[INFO] [1773472863.871606500] [Ground]: 识别到QR码: 小铲子
[INFO] [1773472863.887050501] [Ground]: 识别到QR码: 小铲子
[INFO] [1773472863.928506445] [Ground]: 识别到QR码: 小铲子
[INFO] [1773472863.964577962] [Ground]: 识别到QR码: 小铲子
[INFO] [1773472864.038856283] [Ground]: 识别到QR码: 小铲子
[INFO] [1773472864.061941674] [Ground]: 识别到QR码: 小铲子
[INFO] [1773472864.088571753] [Ground]: 识别到QR码: 小铲子
[INFO] [1773472864.148772787] [Ground]: 识别到QR码: 小铲子
[INFO] [1773472864.185060949] [Ground]: 识别到QR码: 小铲子
[INFO] [1773472864.202377524] [Ground]: 识别到QR码: 小铲子
[INFO] [1773472864.237810477] [Ground]: 识别到QR码: 小铲子
[INFO] [1773472864.258721844] [Ground]: 识别到QR码: 小铲子
[INFO] [1773472864.313745529] [Ground]: 识别到QR码: 小铲子
[INFO] [1773472864.338465305] [Ground]: 识别到QR码: 小铲子
[INFO] [1773472864.369567515] [Ground]: 识别到QR码: 小铲子
[INFO] [1773472864.475072845] [Ground]: 识别到QR码: 小铲子
[INFO] [1773472864.528475196] [Ground]: 识别到QR码: 小铲子
[INFO] [1773472864.661105279] [Ground]: 识别到QR码: 小铲子
[INFO] [1773472864.714433103] [Ground]: 识别到QR码: 小铲子
[INFO] [1773472864.731433567] [Ground]: 识别到QR码: 小铲子
[INFO] [1773472864.774124939] [Ground]: 识别到QR码: 小铲子
[INFO] [1773472864.809199787] [Ground]: 识别到QR码: 小铲子
[INFO] [1773472864.844637238] [Ground]: 识别到QR码: 小铲子
[INFO] [1773472864.862944585] [Ground]: 识别到QR码: 小铲子
[INFO] [1773472864.937581498] [Ground]: 识别到QR码: 小铲子
[INFO] [1773472864.967749291] [Ground]: 识别到QR码: 小铲子
[INFO] [1773472865.016641329] [Ground]: 识别到QR码: 小铲子
[INFO] [1773472865.031052881] [Ground]: 识别到QR码: 小铲子
[INFO] [1773472865.072816390] [Ground]: 识别到QR码: 小铲子
[INFO] [1773472865.098607950] [Ground]: 识别到QR码: 小铲子
[INFO] [1773472865.143006345] [Ground]: 识别到QR码: 小铲子
[INFO] [1773472865.163666617] [Ground]: 识别到QR码: 小铲子
[INFO] [1773472865.220925738] [Ground]: 识别到QR码: 小铲子
[INFO] [1773472865.238381766] [Ground]: 识别到QR码: 小铲子
[INFO] [1773472865.266665833] [Ground]: 识别到QR码: 小铲子
[INFO] [1773472865.307406702] [Ground]: 识别到QR码: 小铲子
[INFO] [1773472865.331998736] [Ground]: 识别到QR码: 小铲子
[INFO] [1773472865.368164308] [Ground]: 识别到QR码: 小铲子
[INFO] [1773472865.413258519] [Ground]: 识别到QR码: 小铲子
[INFO] [1773472865.432360834] [Ground]: 识别到QR码: 小铲子
[INFO] [1773472865.473629873] [Ground]: 识别到QR码: 小铲子
[INFO] [1773472865.533799879] [Ground]: 识别到QR码: 小铲子
[INFO] [1773472865.581058068] [Ground]: 识别到QR码: 小铲子
[INFO] [1773472865.605991519] [Ground]: 识别到QR码: 小铲子
[INFO] [1773472865.634789891] [Ground]: 识别到QR码: 小铲子
[INFO] [1773472865.674135072] [Ground]: 识别到QR码: 小铲子
[INFO] [1773472865.717860819] [Ground]: 识别到QR码: 小铲子
[INFO] [1773472865.736975895] [Ground]: 识别到QR码: 小铲子
[INFO] [1773472865.787150992] [Ground]: 识别到QR码: 小铲子
[INFO] [1773472865.803497958] [Ground]: 识别到QR码: 小铲子
[INFO] [1773472865.867814467] [Ground]: 识别到QR码: 小铲子
[INFO] [1773472865.873497539] [Ground]: 识别到QR码: 小铲子
[INFO] [1773472865.906211017] [Ground]: 识别到QR码: 小铲子
[INFO] [1773472865.939867413] [Ground]: 识别到QR码: 小铲子
[INFO] [1773472865.973148247] [Ground]: 识别到QR码: 小铲子
[INFO] [1773472866.010450883] [Ground]: 识别到QR码: 小铲子
[INFO] [1773472866.036678860] [Ground]: 识别到QR码: 小铲子
[INFO] [1773472866.070572458] [Ground]: 识别到QR码: 小铲子
[INFO] [1773472866.108369712] [Ground]: 识别到QR码: 小铲子
[INFO] [1773472866.137486036] [Ground]: 识别到QR码: 小铲子
[INFO] [1773472866.180987988] [Ground]: 识别到QR码: 小铲子
[INFO] [1773472866.209711068] [Ground]: 识别到QR码: 小铲子
[INFO] [1773472866.241254894] [Ground]: 识别到QR码: 小铲子
[INFO] [1773472866.281275051] [Ground]: 识别到QR码: 小铲子
[INFO] [1773472866.326648231] [Ground]: 识别到QR码: 小铲子
[INFO] [1773472866.347676127] [Ground]: 识别到QR码: 小铲子
[INFO] [1773472866.377395841] [Ground]: 识别到QR码: 小铲子
[INFO] [1773472866.407831087] [Ground]: 识别到QR码: 小铲子
[INFO] [1773472866.458445508] [Ground]: 识别到QR码: 小铲子
[INFO] [1773472866.473213482] [Ground]: 识别到QR码: 小铲子
[INFO] [1773472866.515743590] [Ground]: 识别到QR码: 小铲子
[INFO] [1773472866.539652925] [Ground]: 识别到QR码: 小铲子
[INFO] [1773472866.583409493] [Ground]: 识别到QR码: 小铲子
[INFO] [1773472866.615938920] [Ground]: 识别到QR码: 小铲子
[INFO] [1773472866.640188506] [Ground]: 识别到QR码: 小铲子
[INFO] [1773472866.677511212] [Ground]: 识别到QR码: 小铲子
[INFO] [1773472866.711803126] [Ground]: 识别到QR码: 小铲子
[INFO] [1773472866.744808437] [Ground]: 识别到QR码: 小铲子
[INFO] [1773472866.780958704] [Ground]: 识别到QR码: 小铲子
[INFO] [1773472866.829018168] [Ground]: 识别到QR码: 小铲子
[INFO] [1773472866.845942207] [Ground]: 识别到QR码: 小铲子
[INFO] [1773472866.887598188] [Ground]: 识别到QR码: 小铲子
[INFO] [1773472866.908731644] [Ground]: 识别到QR码: 小铲子
[INFO] [1773472866.946774907] [Ground]: 识别到QR码: 小铲子
[INFO] [1773472866.976264928] [Ground]: 识别到QR码: 小铲子
[INFO] [1773472867.012011557] [Ground]: 识别到QR码: 小铲子
[INFO] [1773472867.058456127] [Ground]: 识别到QR码: 小铲子
[INFO] [1773472867.074971065] [Ground]: 识别到QR码: 小铲子
[INFO] [1773472867.116863173] [Ground]: 识别到QR码: 小铲子
[INFO] [1773472867.148398673] [Ground]: 识别到QR码: 小铲子
[INFO] [1773472867.178167777] [Ground]: 识别到QR码: 小铲子
[INFO] [1773472867.220427916] [Ground]: 识别到QR码: 小铲子
[INFO] [1773472867.276701388] [Ground]: 识别到QR码: 小铲子
[INFO] [1773472867.296507097] [Ground]: 识别到QR码: 小铲子
[INFO] [1773472867.328004461] [Ground]: 识别到QR码: 小铲子
[INFO] [1773472867.353355399] [Ground]: 识别到QR码: 小铲子
[INFO] [1773472867.384014930] [Ground]: 识别到QR码: 小铲子
[INFO] [1773472867.419490803] [Ground]: 识别到QR码: 小铲子
[INFO] [1773472867.453010203] [Ground]: 识别到QR码: 小铲子
[INFO] [1773472867.486546835] [Ground]: 识别到QR码: 小铲子
[INFO] [1773472867.517241795] [Ground]: 识别到QR码: 小铲子
[INFO] [1773472867.556223415] [Ground]: 识别到QR码: 小铲子
[INFO] [1773472867.590262007] [Ground]: 识别到QR码: 小铲子
[INFO] [1773472867.614614289] [Ground]: 识别到QR码: 小铲子
[INFO] [1773472867.654720788] [Ground]: 识别到QR码: 小铲子
[INFO] [1773472867.725626469] [Ground]: 识别到QR码: 小铲子
[INFO] [1773472867.752448083] [Ground]: 识别到QR码: 小铲子
[INFO] [1773472867.783795689] [Ground]: 识别到QR码: 小铲子
[INFO] [1773472867.835788348] [Ground]: 识别到QR码: 小铲子
[INFO] [1773472867.866358980] [Ground]: 识别到QR码: 小铲子
[INFO] [1773472867.887602823] [Ground]: 识别到QR码: 小铲子
[INFO] [1773472867.919409304] [Ground]: 识别到QR码: 小铲子
[INFO] [1773472867.965522474] [Ground]: 识别到QR码: 小铲子
[INFO] [1773472867.990445849] [Ground]: 识别到QR码: 小铲子
[INFO] [1773472868.020676147] [Ground]: 识别到QR码: 小铲子
[INFO] [1773472868.057386516] [Ground]: 识别到QR码: 小铲子
[INFO] [1773472868.088292872] [Ground]: 识别到QR码: 小铲子
[INFO] [1773472868.120986008] [Ground]: 识别到QR码: 小铲子
[INFO] [1773472868.156198962] [Ground]: 识别到QR码: 小铲子
[INFO] [1773472868.187288194] [Ground]: 识别到QR码: 小铲子
[INFO] [1773472868.220209988] [Ground]: 识别到QR码: 小铲子
[INFO] [1773472868.277978289] [Ground]: 识别到QR码: 小铲子
[INFO] [1773472868.291543582] [Ground]: 识别到QR码: 小铲子
[INFO] [1773472868.327422752] [Ground]: 识别到QR码: 小铲子
[INFO] [1773472868.376137462] [Ground]: 识别到QR码: 小铲子
[INFO] [1773472868.388327602] [Ground]: 识别到QR码: 小铲子
[INFO] [1773472868.423744387] [Ground]: 识别到QR码: 小铲子
[INFO] [1773472868.456640024] [Ground]: 识别到QR码: 小铲子
[INFO] [1773472868.501119778] [Ground]: 识别到QR码: 小铲子
[INFO] [1773472868.523715144] [Ground]: 识别到QR码: 小铲子
[INFO] [1773472868.560687068] [Ground]: 识别到QR码: 小铲子
[INFO] [1773472868.595217795] [Ground]: 识别到QR码: 小铲子
[INFO] [1773472868.625630632] [Ground]: 识别到QR码: 小铲子
[INFO] [1773472868.662490152] [Ground]: 识别到QR码: 小铲子
[INFO] [1773472868.697638561] [Ground]: 识别到QR码: 小铲子
[INFO] [1773472868.727180076] [Ground]: 识别到QR码: 小铲子
[INFO] [1773472868.824765034] [Ground]: 识别到QR码: 小铲子
[INFO] [1773472868.828300137] [Ground]: 识别到QR码: 小铲子
[INFO] [1773472868.829878891] [Ground]: 识别到QR码: 小铲子
[INFO] [1773472868.886413519] [Ground]: 识别到QR码: 小铲子
[INFO] [1773472868.891560225] [Ground]: 识别到QR码: 小铲子
[INFO] [1773472868.942168836] [Ground]: 识别到QR码: 小铲子
[INFO] [1773472868.961450147] [Ground]: 识别到QR码: 小铲子
[INFO] [1773472868.991628812] [Ground]: 识别到QR码: 小铲子
[INFO] [1773472869.029818380] [Ground]: 识别到QR码: 小铲子
[INFO] [1773472869.032048548] [Ground]: 识别到QR码: 葵花种子
[INFO] [1773472869.058843831] [Ground]: 识别到QR码: 小铲子
[INFO] [1773472869.060083959] [Ground]: 识别到QR码: 葵花种子
[INFO] [1773472869.114579078] [Ground]: 识别到QR码: 小铲子
[INFO] [1773472869.115461160] [Ground]: 识别到QR码: 葵花种子
[INFO] [1773472869.143624551] [Ground]: 识别到QR码: 小铲子
[INFO] [1773472869.171869410] [Ground]: 识别到QR码: 葵花种子
[INFO] [1773472869.173557346] [Ground]: 识别到QR码: 小铲子
[INFO] [1773472869.201685645] [Ground]: 识别到QR码: 葵花种子
[INFO] [1773472869.203569131] [Ground]: 识别到QR码: 小铲子
[INFO] [1773472869.242276686] [Ground]: 识别到QR码: 小铲子
[INFO] [1773472869.245569059] [Ground]: 识别到QR码: 葵花种子
[INFO] [1773472869.269201040] [Ground]: 识别到QR码: 小铲子
[INFO] [1773472869.271989506] [Ground]: 识别到QR码: 葵花种子
[INFO] [1773472869.315229949] [Ground]: 识别到QR码: 葵花种子
[INFO] [1773472869.317244607] [Ground]: 识别到QR码: 小铲子
[INFO] [1773472869.342168279] [Ground]: 识别到QR码: 葵花种子
[INFO] [1773472869.346288848] [Ground]: 识别到QR码: 小铲子
[INFO] [1773472869.369031442] [Ground]: 识别到QR码: 小铲子
[INFO] [1773472869.402992557] [Ground]: 识别到QR码: 小铲子
[INFO] [1773472869.404883181] [Ground]: 识别到QR码: 葵花种子
[INFO] [1773472869.475502460] [Ground]: 识别到QR码: 葵花种子
[INFO] [1773472869.478565007] [Ground]: 识别到QR码: 小铲子
[INFO] [1773472869.502721791] [Ground]: 识别到QR码: 葵花种子
[INFO] [1773472869.504005511] [Ground]: 识别到QR码: 小铲子
[INFO] [1773472869.535091550] [Ground]: 识别到QR码: 小铲子
[INFO] [1773472869.539057153] [Ground]: 识别到QR码: 葵花种子
[INFO] [1773472869.564519827] [Ground]: 识别到QR码: 小铲子
[INFO] [1773472869.599462039] [Ground]: 识别到QR码: 小铲子
[INFO] [1773472869.601003947] [Ground]: 识别到QR码: 葵花种子
[INFO] [1773472869.631123962] [Ground]: 识别到QR码: 小铲子
[INFO] [1773472869.664458142] [Ground]: 识别到QR码: 小铲子
[INFO] [1773472869.665834555] [Ground]: 识别到QR码: 葵花种子
[INFO] [1773472869.706830816] [Ground]: 识别到QR码: 小铲子
[INFO] [1773472869.708546052] [Ground]: 识别到QR码: 葵花种子
[INFO] [1773472869.734245546] [Ground]: 识别到QR码: 小铲子
[INFO] [1773472869.767664774] [Ground]: 识别到QR码: 葵花种子
[INFO] [1773472869.769504780] [Ground]: 识别到QR码: 小铲子
[INFO] [1773472869.816182790] [Ground]: 识别到QR码: 葵花种子
[INFO] [1773472869.838447813] [Ground]: 识别到QR码: 小铲子
[INFO] [1773472869.839676024] [Ground]: 识别到QR码: 葵花种子
[INFO] [1773472869.871044915] [Ground]: 识别到QR码: 小铲子
[INFO] [1773472869.901233722] [Ground]: 识别到QR码: 小铲子
[INFO] [1773472869.903081490] [Ground]: 识别到QR码: 葵花种子
[INFO] [1773472870.038361618] [Ground]: 识别到QR码: 葵花种子
[INFO] [1773472870.043540480] [Ground]: 识别到QR码: 小铲子
[INFO] [1773472870.104682260] [Ground]: 识别到QR码: 葵花种子
[INFO] [1773472870.137725524] [Ground]: 识别到QR码: 小铲子
[INFO] [1773472870.139047506] [Ground]: 识别到QR码: 葵花种子
[INFO] [1773472870.168201083] [Ground]: 识别到QR码: 葵花种子
[INFO] [1773472870.169308971] [Ground]: 识别到QR码: 小铲子
[INFO] [1773472870.200838463] [Ground]: 识别到QR码: 小铲子
[INFO] [1773472870.202044769] [Ground]: 识别到QR码: 葵花种子
[INFO] [1773472870.241064453] [Ground]: 识别到QR码: 小铲子
[INFO] [1773472870.265395129] [Ground]: 识别到QR码: 葵花种子
[INFO] [1773472870.266692619] [Ground]: 识别到QR码: 小铲子
[INFO] [1773472870.313184548] [Ground]: 识别到QR码: 小铲子
[INFO] [1773472870.316406786] [Ground]: 识别到QR码: 葵花种子
[INFO] [1773472870.346857782] [Ground]: 识别到QR码: 葵花种子
[INFO] [1773472870.369352874] [Ground]: 识别到QR码: 小铲子
[INFO] [1773472870.370806015] [Ground]: 识别到QR码: 葵花种子
[INFO] [1773472870.533714734] [Ground]: 识别到QR码: 小铲子
[INFO] [1773472870.610727927] [Ground]: 识别到QR码: 葵花种子
[INFO] [1773472870.612132546] [Ground]: 识别到QR码: 小铲子
[INFO] [1773472870.674662979] [Ground]: 识别到QR码: 小铲子
[INFO] [1773472870.675991360] [Ground]: 识别到QR码: 葵花种子
[INFO] [1773472870.752568454] [Ground]: 识别到QR码: 葵花种子
[INFO] [1773472870.841033367] [Ground]: 识别到QR码: 小铲子
[INFO] [1773472870.876155832] [Ground]: 识别到QR码: 小铲子
[INFO] [1773472870.877612775] [Ground]: 识别到QR码: 葵花种子
[INFO] [1773472870.909170736] [Ground]: 识别到QR码: 小铲子
[INFO] [1773472870.910711848] [Ground]: 识别到QR码: 葵花种子
[INFO] [1773472870.941559966] [Ground]: 识别到QR码: 小铲子
[INFO] [1773472870.982080858] [Ground]: 识别到QR码: 葵花种子
[INFO] [1773472871.010813539] [Ground]: 识别到QR码: 小铲子
[INFO] [1773472871.012311244] [Ground]: 识别到QR码: 葵花种子
[INFO] [1773472871.038850601] [Ground]: 识别到QR码: 小铲子
[INFO] [1773472871.140959618] [Ground]: 识别到QR码: 小铲子
[INFO] [1773472871.209300137] [Ground]: 识别到QR码: 小铲子
[INFO] [1773472871.210986162] [Ground]: 识别到QR码: 葵花种子
[INFO] [1773472871.309724885] [Ground]: 识别到QR码: 小铲子
[INFO] [1773472871.311657820] [Ground]: 识别到QR码: 葵花种子
[INFO] [1773472871.347057284] [Ground]: 识别到QR码: 小铲子
[INFO] [1773472871.348534830] [Ground]: 识别到QR码: 葵花种子
[INFO] [1773472871.383093417] [Ground]: 识别到QR码: 小铲子
[INFO] [1773472871.384570518] [Ground]: 识别到QR码: 葵花种子
[INFO] [1773472871.476102228] [Ground]: 识别到QR码: 葵花种子
[INFO] [1773472871.477372952] [Ground]: 识别到QR码: 小铲子
[INFO] [1773472871.514885465] [Ground]: 识别到QR码: 小铲子
[INFO] [1773472871.548593049] [Ground]: 识别到QR码: 葵花种子
[INFO] [1773472871.579957696] [Ground]: 识别到QR码: 小铲子
[INFO] [1773472871.581431568] [Ground]: 识别到QR码: 葵花种子
[INFO] [1773472871.645348381] [Ground]: 识别到QR码: 葵花种子
[INFO] [1773472871.687004042] [Ground]: 识别到QR码: 葵花种子
[INFO] [1773472871.715924481] [Ground]: 识别到QR码: 小铲子
[INFO] [1773472871.717576194] [Ground]: 识别到QR码: 葵花种子
[INFO] [1773472871.751047174] [Ground]: 识别到QR码: 小铲子
[INFO] [1773472871.753902116] [Ground]: 识别到QR码: 葵花种子
[INFO] [1773472871.786687766] [Ground]: 识别到QR码: 小铲子
[INFO] [1773472871.814298352] [Ground]: 识别到QR码: 小铲子
[INFO] [1773472872.051263029] [Ground]: 识别到QR码: 小铲子
[INFO] [1773472872.623705458] [Ground]: 识别到QR码: 小铲子
[INFO] [1773472873.121896351] [Ground]: 识别到QR码: 葵花种子
[INFO] [1773472873.665764166] [Ground]: 识别到QR码: 小铲子
