[INFO] [1775400448.938493754] [navNode]: paths: [
  {"x": 0.00, "y": 0.00, "z": 0.70, "label": "TakeOff", "qrcode": "", "label2": ""       , "qrcode2": "" },
  {"x":-0.25, "y": 0.75, "z": 0.80, "label": "A6"     , "qrcode": "", "label2": ""       , "qrcode2": "" },
  {"x":-0.25, "y": 0.75, "z": 1.20, "label": "A3"     , "qrcode": "", "label2": ""       , "qrcode2": "" },
  {"x":-0.25, "y": 1.25, "z": 1.20, "label": "A2"     , "qrcode": "", "label2": ""       , "qrcode2": "" },
  {"x":-0.25, "y": 1.25, "z": 0.80, "label": "A5"     , "qrcode": "", "label2": ""       , "qrcode2": "" },
  {"x":-0.25, "y": 1.75, "z": 0.80, "label": "A4"     , "qrcode": "", "label2": ""       , "qrcode2": "" },
  {"x":-0.25, "y": 1.75, "z": 1.20, "label": "A1"     , "qrcode": "", "label2": ""       , "qrcode2": "" },
  {"x":-0.25, "y": 2.00, "z": 0.70, "label": "UpSide1", "qrcode": "", "label2": ""       , "qrcode2": "" },
  {"x": 0.00, "y": 2.00, "z": 0.70, "label": "LandPos", "qrcode": "", "label2": ""       , "qrcode2": "" }
]

[INFO] [1775400448.946980118] [navNode]: 上位机导航节点启动成功
[INFO] [1775400453.079474360] [navNode]: 收到来自UI的请求：scan_all
[WARN] [1775400453.080025816] [navNode]: 任务开始执行scan_all
[INFO] [1775400453.180961440] [navNode]: 状态1：Takeoff--[TakeOff]
[ERROR] [1775400453.433226565] [navNode]: 发送 takeoff 失败: ROS2 服务 [ControlService] 未启动或超时
[INFO] [1775400453.437295246] [navNode]: 状态2：Takeoff_wait--[TakeOff]
[INFO] [1775400453.438450285] [navNode]: 未到目标点
目标位置：(0.00, 0.00, 0.70)
当前位置：(0.00, 0.00, 0.00)
[INFO] [1775400453.480858533] [navNode]: 状态2：Takeoff_wait--[TakeOff]
[INFO] [1775400453.481229926] [navNode]: 未到目标点
目标位置：(0.00, 0.00, 0.70)
当前位置：(0.00, 0.00, 0.00)
[INFO] [1775400453.580681658] [navNode]: 状态2：Takeoff_wait--[TakeOff]
[INFO] [1775400453.581053562] [navNode]: 未到目标点
目标位置：(0.00, 0.00, 0.70)
当前位置：(0.00, 0.00, 0.00)
[INFO] [1775400453.680973696] [navNode]: 状态2：Takeoff_wait--[TakeOff]
[INFO] [1775400453.681389740] [navNode]: 未到目标点
目标位置：(0.00, 0.00, 0.70)
当前位置：(0.00, 0.00, 0.00)
[INFO] [1775400453.780957947] [navNode]: 状态2：Takeoff_wait--[TakeOff]
[INFO] [1775400453.781338603] [navNode]: 未到目标点
目标位置：(0.00, 0.00, 0.70)
当前位置：(0.00, 0.00, 0.00)
[INFO] [1775400453.880830765] [navNode]: 状态2：Takeoff_wait--[TakeOff]
[INFO] [1775400453.881225915] [navNode]: 未到目标点
目标位置：(0.00, 0.00, 0.70)
当前位置：(0.00, 0.00, 0.00)
[INFO] [1775400453.983187293] [navNode]: 状态2：Takeoff_wait--[TakeOff]
[INFO] [1775400453.984185269] [navNode]: 未到目标点
目标位置：(0.00, 0.00, 0.70)
当前位置：(0.00, 0.00, 0.00)
[INFO] [1775400454.082510266] [navNode]: 状态2：Takeoff_wait--[TakeOff]
[INFO] [1775400454.083224303] [navNode]: 未到目标点
目标位置：(0.00, 0.00, 0.70)
当前位置：(0.00, 0.00, 0.00)
[INFO] [1775400454.181039562] [navNode]: 状态2：Takeoff_wait--[TakeOff]
[INFO] [1775400454.181412221] [navNode]: 未到目标点
目标位置：(0.00, 0.00, 0.70)
当前位置：(0.00, 0.00, 0.00)
[INFO] [1775400454.280891338] [navNode]: 状态2：Takeoff_wait--[TakeOff]
[INFO] [1775400454.281269814] [navNode]: 未到目标点
目标位置：(0.00, 0.00, 0.70)
当前位置：(0.00, 0.00, 0.00)
[INFO] [1775400454.381162402] [navNode]: 状态2：Takeoff_wait--[TakeOff]
[INFO] [1775400454.381527193] [navNode]: 未到目标点
目标位置：(0.00, 0.00, 0.70)
当前位置：(0.00, 0.00, 0.00)
[INFO] [1775400454.481573246] [navNode]: 状态2：Takeoff_wait--[TakeOff]
[INFO] [1775400454.481944245] [navNode]: 未到目标点
目标位置：(0.00, 0.00, 0.70)
当前位置：(0.00, 0.00, 0.00)
[INFO] [1775400454.581128464] [navNode]: 状态2：Takeoff_wait--[TakeOff]
[INFO] [1775400454.581497464] [navNode]: 未到目标点
目标位置：(0.00, 0.00, 0.70)
当前位置：(0.00, 0.00, 0.00)
[INFO] [1775400454.680837402] [navNode]: 状态2：Takeoff_wait--[TakeOff]
[INFO] [1775400454.681241517] [navNode]: 未到目标点
目标位置：(0.00, 0.00, 0.70)
当前位置：(0.00, 0.00, 0.00)
[INFO] [1775400454.780849971] [navNode]: 状态2：Takeoff_wait--[TakeOff]
[INFO] [1775400454.781208559] [navNode]: 未到目标点
目标位置：(0.00, 0.00, 0.70)
当前位置：(0.00, 0.00, 0.00)
[INFO] [1775400454.880913928] [navNode]: 状态2：Takeoff_wait--[TakeOff]
[INFO] [1775400454.881294513] [navNode]: 未到目标点
目标位置：(0.00, 0.00, 0.70)
当前位置：(0.00, 0.00, 0.00)
[INFO] [1775400454.980886107] [navNode]: 状态2：Takeoff_wait--[TakeOff]
[INFO] [1775400454.981283237] [navNode]: 未到目标点
目标位置：(0.00, 0.00, 0.70)
当前位置：(0.00, 0.00, 0.00)
[INFO] [1775400455.081398944] [navNode]: 状态2：Takeoff_wait--[TakeOff]
[INFO] [1775400455.081793092] [navNode]: 未到目标点
目标位置：(0.00, 0.00, 0.70)
当前位置：(0.00, 0.00, 0.00)
[INFO] [1775400455.180744941] [navNode]: 状态2：Takeoff_wait--[TakeOff]
[INFO] [1775400455.181097220] [navNode]: 未到目标点
目标位置：(0.00, 0.00, 0.70)
当前位置：(0.00, 0.00, 0.00)
[INFO] [1775400455.280855908] [navNode]: 状态2：Takeoff_wait--[TakeOff]
[INFO] [1775400455.281223424] [navNode]: 未到目标点
目标位置：(0.00, 0.00, 0.70)
当前位置：(0.00, 0.00, 0.00)
[INFO] [1775400455.380938280] [navNode]: 状态2：Takeoff_wait--[TakeOff]
[INFO] [1775400455.381319739] [navNode]: 未到目标点
目标位置：(0.00, 0.00, 0.70)
当前位置：(0.00, 0.00, 0.00)
[INFO] [1775400455.483496150] [navNode]: 状态2：Takeoff_wait--[TakeOff]
[INFO] [1775400455.483858601] [navNode]: 未到目标点
目标位置：(0.00, 0.00, 0.70)
当前位置：(0.00, 0.00, 0.00)
[INFO] [1775400455.580842494] [navNode]: 状态2：Takeoff_wait--[TakeOff]
[INFO] [1775400455.581243624] [navNode]: 未到目标点
目标位置：(0.00, 0.00, 0.70)
当前位置：(0.00, 0.00, 0.00)
[INFO] [1775400455.680866108] [navNode]: 状态2：Takeoff_wait--[TakeOff]
[INFO] [1775400455.681215027] [navNode]: 未到目标点
目标位置：(0.00, 0.00, 0.70)
当前位置：(0.00, 0.00, 0.00)
[INFO] [1775400455.780906149] [navNode]: 状态2：Takeoff_wait--[TakeOff]
[INFO] [1775400455.781281706] [navNode]: 未到目标点
目标位置：(0.00, 0.00, 0.70)
当前位置：(0.00, 0.00, 0.00)
[INFO] [1775400455.880898985] [navNode]: 状态2：Takeoff_wait--[TakeOff]
[INFO] [1775400455.881272178] [navNode]: 未到目标点
目标位置：(0.00, 0.00, 0.70)
当前位置：(0.00, 0.00, 0.00)
[INFO] [1775400455.980861415] [navNode]: 状态2：Takeoff_wait--[TakeOff]
[INFO] [1775400455.981262012] [navNode]: 未到目标点
目标位置：(0.00, 0.00, 0.70)
当前位置：(0.00, 0.00, 0.00)
[INFO] [1775400456.080715024] [navNode]: 状态2：Takeoff_wait--[TakeOff]
[INFO] [1775400456.081069038] [navNode]: 未到目标点
目标位置：(0.00, 0.00, 0.70)
当前位置：(0.00, 0.00, 0.00)
[INFO] [1775400456.180958837] [navNode]: 状态2：Takeoff_wait--[TakeOff]
[INFO] [1775400456.181347693] [navNode]: 未到目标点
目标位置：(0.00, 0.00, 0.70)
当前位置：(0.00, 0.00, 0.00)
[INFO] [1775400456.281615768] [navNode]: 状态2：Takeoff_wait--[TakeOff]
[INFO] [1775400456.281991296] [navNode]: 未到目标点
目标位置：(0.00, 0.00, 0.70)
当前位置：(0.00, 0.00, 0.00)
[INFO] [1775400456.381311895] [navNode]: 状态2：Takeoff_wait--[TakeOff]
[INFO] [1775400456.381704372] [navNode]: 未到目标点
目标位置：(0.00, 0.00, 0.70)
当前位置：(0.00, 0.00, 0.00)
[INFO] [1775400456.480986437] [navNode]: 状态2：Takeoff_wait--[TakeOff]
[INFO] [1775400456.481353184] [navNode]: 未到目标点
目标位置：(0.00, 0.00, 0.70)
当前位置：(0.00, 0.00, 0.00)
[INFO] [1775400456.580877833] [navNode]: 状态2：Takeoff_wait--[TakeOff]
[INFO] [1775400456.581240563] [navNode]: 未到目标点
目标位置：(0.00, 0.00, 0.70)
当前位置：(0.00, 0.00, 0.00)
[INFO] [1775400456.681040679] [navNode]: 状态2：Takeoff_wait--[TakeOff]
[INFO] [1775400456.681405370] [navNode]: 未到目标点
目标位置：(0.00, 0.00, 0.70)
当前位置：(0.00, 0.00, 0.00)
[INFO] [1775400456.780956935] [navNode]: 状态2：Takeoff_wait--[TakeOff]
[INFO] [1775400456.781315790] [navNode]: 未到目标点
目标位置：(0.00, 0.00, 0.70)
当前位置：(0.00, 0.00, 0.00)
[INFO] [1775400456.884016873] [navNode]: 状态2：Takeoff_wait--[TakeOff]
[INFO] [1775400456.885275301] [navNode]: 未到目标点
目标位置：(0.00, 0.00, 0.70)
当前位置：(0.00, 0.00, 0.00)
[INFO] [1775400456.983053578] [navNode]: 状态2：Takeoff_wait--[TakeOff]
[INFO] [1775400456.984128143] [navNode]: 未到目标点
目标位置：(0.00, 0.00, 0.70)
当前位置：(0.00, 0.00, 0.00)
[INFO] [1775400457.080813442] [navNode]: 状态2：Takeoff_wait--[TakeOff]
[INFO] [1775400457.081187079] [navNode]: 未到目标点
目标位置：(0.00, 0.00, 0.70)
当前位置：(0.00, 0.00, 0.00)
[INFO] [1775400457.180832323] [navNode]: 状态2：Takeoff_wait--[TakeOff]
[INFO] [1775400457.181212269] [navNode]: 未到目标点
目标位置：(0.00, 0.00, 0.70)
当前位置：(0.00, 0.00, 0.00)
[INFO] [1775400457.280737787] [navNode]: 状态2：Takeoff_wait--[TakeOff]
[INFO] [1775400457.281109505] [navNode]: 未到目标点
目标位置：(0.00, 0.00, 0.70)
当前位置：(0.00, 0.00, 0.00)
[INFO] [1775400457.380870826] [navNode]: 状态2：Takeoff_wait--[TakeOff]
[INFO] [1775400457.381247230] [navNode]: 未到目标点
目标位置：(0.00, 0.00, 0.70)
当前位置：(0.00, 0.00, 0.00)
[INFO] [1775400457.483485455] [navNode]: 状态2：Takeoff_wait--[TakeOff]
[INFO] [1775400457.484615416] [navNode]: 未到目标点
目标位置：(0.00, 0.00, 0.70)
当前位置：(0.00, 0.00, 0.00)
[INFO] [1775400457.580758803] [navNode]: 状态2：Takeoff_wait--[TakeOff]
[INFO] [1775400457.581140887] [navNode]: 未到目标点
目标位置：(0.00, 0.00, 0.70)
当前位置：(0.00, 0.00, 0.00)
[INFO] [1775400457.681350233] [navNode]: 状态2：Takeoff_wait--[TakeOff]
[INFO] [1775400457.681753412] [navNode]: 未到目标点
目标位置：(0.00, 0.00, 0.70)
当前位置：(0.00, 0.00, 0.00)
[INFO] [1775400457.780790263] [navNode]: 状态2：Takeoff_wait--[TakeOff]
[INFO] [1775400457.781160009] [navNode]: 未到目标点
目标位置：(0.00, 0.00, 0.70)
当前位置：(0.00, 0.00, 0.00)
[INFO] [1775400457.880980175] [navNode]: 状态2：Takeoff_wait--[TakeOff]
[INFO] [1775400457.881363894] [navNode]: 未到目标点
目标位置：(0.00, 0.00, 0.70)
当前位置：(0.00, 0.00, 0.00)
[INFO] [1775400457.980796074] [navNode]: 状态2：Takeoff_wait--[TakeOff]
[INFO] [1775400457.981185615] [navNode]: 未到目标点
目标位置：(0.00, 0.00, 0.70)
当前位置：(0.00, 0.00, 0.00)
[INFO] [1775400458.080738461] [navNode]: 状态2：Takeoff_wait--[TakeOff]
[INFO] [1775400458.081123100] [navNode]: 未到目标点
目标位置：(0.00, 0.00, 0.70)
当前位置：(0.00, 0.00, 0.00)
[INFO] [1775400458.180887090] [navNode]: 状态2：Takeoff_wait--[TakeOff]
[INFO] [1775400458.181278515] [navNode]: 未到目标点
目标位置：(0.00, 0.00, 0.70)
当前位置：(0.00, 0.00, 0.00)
[INFO] [1775400458.282592357] [navNode]: 状态2：Takeoff_wait--[TakeOff]
[INFO] [1775400458.282983226] [navNode]: 未到目标点
目标位置：(0.00, 0.00, 0.70)
当前位置：(0.00, 0.00, 0.00)
[INFO] [1775400458.380984880] [navNode]: 状态2：Takeoff_wait--[TakeOff]
[INFO] [1775400458.381356316] [navNode]: 未到目标点
目标位置：(0.00, 0.00, 0.70)
当前位置：(0.00, 0.00, 0.00)
[INFO] [1775400458.481303103] [navNode]: 状态2：Takeoff_wait--[TakeOff]
[INFO] [1775400458.481684947] [navNode]: 未到目标点
目标位置：(0.00, 0.00, 0.70)
当前位置：(0.00, 0.00, 0.00)
[INFO] [1775400458.580949833] [navNode]: 状态2：Takeoff_wait--[TakeOff]
[INFO] [1775400458.581330916] [navNode]: 未到目标点
目标位置：(0.00, 0.00, 0.70)
当前位置：(0.00, 0.00, 0.00)
[INFO] [1775400458.681024803] [navNode]: 状态2：Takeoff_wait--[TakeOff]
[INFO] [1775400458.681419498] [navNode]: 未到目标点
目标位置：(0.00, 0.00, 0.70)
当前位置：(0.00, 0.00, 0.00)
[INFO] [1775400458.780827151] [navNode]: 状态2：Takeoff_wait--[TakeOff]
[INFO] [1775400458.781239149] [navNode]: 未到目标点
目标位置：(0.00, 0.00, 0.70)
当前位置：(0.00, 0.00, 0.00)
[INFO] [1775400458.881036088] [navNode]: 状态2：Takeoff_wait--[TakeOff]
[INFO] [1775400458.881434708] [navNode]: 未到目标点
目标位置：(0.00, 0.00, 0.70)
当前位置：(0.00, 0.00, 0.00)
[INFO] [1775400458.980953954] [navNode]: 状态2：Takeoff_wait--[TakeOff]
[INFO] [1775400458.981321524] [navNode]: 未到目标点
目标位置：(0.00, 0.00, 0.70)
当前位置：(0.00, 0.00, 0.00)
[INFO] [1775400459.080809085] [navNode]: 状态2：Takeoff_wait--[TakeOff]
[INFO] [1775400459.081187248] [navNode]: 未到目标点
目标位置：(0.00, 0.00, 0.70)
当前位置：(0.00, 0.00, 0.00)
[INFO] [1775400459.181048243] [navNode]: 状态2：Takeoff_wait--[TakeOff]
[INFO] [1775400459.181439223] [navNode]: 未到目标点
目标位置：(0.00, 0.00, 0.70)
当前位置：(0.00, 0.00, 0.00)
[INFO] [1775400459.280987816] [navNode]: 状态2：Takeoff_wait--[TakeOff]
[INFO] [1775400459.281376878] [navNode]: 未到目标点
目标位置：(0.00, 0.00, 0.70)
当前位置：(0.00, 0.00, 0.00)
[INFO] [1775400459.380999468] [navNode]: 状态2：Takeoff_wait--[TakeOff]
[INFO] [1775400459.381435300] [navNode]: 未到目标点
目标位置：(0.00, 0.00, 0.70)
当前位置：(0.00, 0.00, 0.00)
[INFO] [1775400459.480792758] [navNode]: 状态2：Takeoff_wait--[TakeOff]
[INFO] [1775400459.481144710] [navNode]: 未到目标点
目标位置：(0.00, 0.00, 0.70)
当前位置：(0.00, 0.00, 0.00)
[INFO] [1775400459.581045657] [navNode]: 状态2：Takeoff_wait--[TakeOff]
[INFO] [1775400459.581419849] [navNode]: 未到目标点
目标位置：(0.00, 0.00, 0.70)
当前位置：(0.00, 0.00, 0.00)
[INFO] [1775400459.680890568] [navNode]: 状态2：Takeoff_wait--[TakeOff]
[INFO] [1775400459.681303360] [navNode]: 未到目标点
目标位置：(0.00, 0.00, 0.70)
当前位置：(0.00, 0.00, 0.00)
[INFO] [1775400459.780970916] [navNode]: 状态2：Takeoff_wait--[TakeOff]
[INFO] [1775400459.781346188] [navNode]: 未到目标点
目标位置：(0.00, 0.00, 0.70)
当前位置：(0.00, 0.00, 0.00)
[INFO] [1775400459.881530161] [navNode]: 状态2：Takeoff_wait--[TakeOff]
[INFO] [1775400459.881900029] [navNode]: 未到目标点
目标位置：(0.00, 0.00, 0.70)
当前位置：(0.00, 0.00, 0.00)
[INFO] [1775400459.980715664] [navNode]: 状态2：Takeoff_wait--[TakeOff]
[INFO] [1775400459.981099057] [navNode]: 未到目标点
目标位置：(0.00, 0.00, 0.70)
当前位置：(0.00, 0.00, 0.00)
[INFO] [1775400460.081947880] [navNode]: 状态2：Takeoff_wait--[TakeOff]
[INFO] [1775400460.082368598] [navNode]: 未到目标点
目标位置：(0.00, 0.00, 0.70)
当前位置：(0.00, 0.00, 0.00)
[INFO] [1775400460.181014332] [navNode]: 状态2：Takeoff_wait--[TakeOff]
[INFO] [1775400460.181411961] [navNode]: 未到目标点
目标位置：(0.00, 0.00, 0.70)
当前位置：(0.00, 0.00, 0.00)
[INFO] [1775400460.280745132] [navNode]: 状态2：Takeoff_wait--[TakeOff]
[INFO] [1775400460.281152022] [navNode]: 未到目标点
目标位置：(0.00, 0.00, 0.70)
当前位置：(0.00, 0.00, 0.00)
[INFO] [1775400460.380837225] [navNode]: 状态2：Takeoff_wait--[TakeOff]
[INFO] [1775400460.381230426] [navNode]: 未到目标点
目标位置：(0.00, 0.00, 0.70)
当前位置：(0.00, 0.00, 0.00)
[INFO] [1775400460.480605687] [navNode]: 状态2：Takeoff_wait--[TakeOff]
[INFO] [1775400460.481002667] [navNode]: 未到目标点
目标位置：(0.00, 0.00, 0.70)
当前位置：(0.00, 0.00, 0.00)
[INFO] [1775400460.580971554] [navNode]: 状态2：Takeoff_wait--[TakeOff]
[INFO] [1775400460.581487126] [navNode]: 未到目标点
目标位置：(0.00, 0.00, 0.70)
当前位置：(0.00, 0.00, 0.00)
[INFO] [1775400460.680568442] [navNode]: 状态2：Takeoff_wait--[TakeOff]
[INFO] [1775400460.680997516] [navNode]: 未到目标点
目标位置：(0.00, 0.00, 0.70)
当前位置：(0.00, 0.00, 0.00)
[INFO] [1775400460.780976592] [navNode]: 状态2：Takeoff_wait--[TakeOff]
[INFO] [1775400460.781360596] [navNode]: 未到目标点
目标位置：(0.00, 0.00, 0.70)
当前位置：(0.00, 0.00, 0.00)
[INFO] [1775400460.880739367] [navNode]: 状态2：Takeoff_wait--[TakeOff]
[INFO] [1775400460.881102937] [navNode]: 未到目标点
目标位置：(0.00, 0.00, 0.70)
当前位置：(0.00, 0.00, 0.00)
[INFO] [1775400460.980687477] [navNode]: 状态2：Takeoff_wait--[TakeOff]
[INFO] [1775400460.981037937] [navNode]: 未到目标点
目标位置：(0.00, 0.00, 0.70)
当前位置：(0.00, 0.00, 0.00)
[INFO] [1775400461.081381575] [navNode]: 状态2：Takeoff_wait--[TakeOff]
[INFO] [1775400461.081746731] [navNode]: 未到目标点
目标位置：(0.00, 0.00, 0.70)
当前位置：(0.00, 0.00, 0.00)
[INFO] [1775400461.180979753] [navNode]: 状态2：Takeoff_wait--[TakeOff]
[INFO] [1775400461.181377970] [navNode]: 未到目标点
目标位置：(0.00, 0.00, 0.70)
当前位置：(0.00, 0.00, 0.00)
[INFO] [1775400461.280697204] [navNode]: 状态2：Takeoff_wait--[TakeOff]
[INFO] [1775400461.281064430] [navNode]: 未到目标点
目标位置：(0.00, 0.00, 0.70)
当前位置：(0.00, 0.00, 0.00)
[INFO] [1775400461.380786758] [navNode]: 状态2：Takeoff_wait--[TakeOff]
[INFO] [1775400461.381160807] [navNode]: 未到目标点
目标位置：(0.00, 0.00, 0.70)
当前位置：(0.00, 0.00, 0.00)
[INFO] [1775400461.480821792] [navNode]: 状态2：Takeoff_wait--[TakeOff]
[INFO] [1775400461.481178753] [navNode]: 未到目标点
目标位置：(0.00, 0.00, 0.70)
当前位置：(0.00, 0.00, 0.00)
[INFO] [1775400461.581120614] [navNode]: 状态2：Takeoff_wait--[TakeOff]
[INFO] [1775400461.581490860] [navNode]: 未到目标点
目标位置：(0.00, 0.00, 0.70)
当前位置：(0.00, 0.00, 0.00)
[INFO] [1775400461.680973495] [navNode]: 状态2：Takeoff_wait--[TakeOff]
[INFO] [1775400461.681405484] [navNode]: 未到目标点
目标位置：(0.00, 0.00, 0.70)
当前位置：(0.00, 0.00, 0.00)
[INFO] [1775400461.780711841] [navNode]: 状态2：Takeoff_wait--[TakeOff]
[INFO] [1775400461.781092400] [navNode]: 未到目标点
目标位置：(0.00, 0.00, 0.70)
当前位置：(0.00, 0.00, 0.00)
[INFO] [1775400461.880805152] [navNode]: 状态2：Takeoff_wait--[TakeOff]
[INFO] [1775400461.881180168] [navNode]: 未到目标点
目标位置：(0.00, 0.00, 0.70)
当前位置：(0.00, 0.00, 0.00)
[INFO] [1775400461.980538445] [navNode]: 状态2：Takeoff_wait--[TakeOff]
[INFO] [1775400461.980913944] [navNode]: 未到目标点
目标位置：(0.00, 0.00, 0.70)
当前位置：(0.00, 0.00, 0.00)
[INFO] [1775400462.080657517] [navNode]: 状态2：Takeoff_wait--[TakeOff]
[INFO] [1775400462.081010751] [navNode]: 未到目标点
目标位置：(0.00, 0.00, 0.70)
当前位置：(0.00, 0.00, 0.00)
[INFO] [1775400462.180632295] [navNode]: 状态2：Takeoff_wait--[TakeOff]
[INFO] [1775400462.181154824] [navNode]: 未到目标点
目标位置：(0.00, 0.00, 0.70)
当前位置：(0.00, 0.00, 0.00)
[INFO] [1775400462.280936814] [navNode]: 状态2：Takeoff_wait--[TakeOff]
[INFO] [1775400462.281397546] [navNode]: 未到目标点
目标位置：(0.00, 0.00, 0.70)
当前位置：(0.00, 0.00, 0.00)
[INFO] [1775400462.381670311] [navNode]: 状态2：Takeoff_wait--[TakeOff]
[INFO] [1775400462.382146387] [navNode]: 未到目标点
目标位置：(0.00, 0.00, 0.70)
当前位置：(0.00, 0.00, 0.00)
[INFO] [1775400462.482341347] [navNode]: 状态2：Takeoff_wait--[TakeOff]
[INFO] [1775400462.482853349] [navNode]: 未到目标点
目标位置：(0.00, 0.00, 0.70)
当前位置：(0.00, 0.00, 0.00)
[INFO] [1775400462.581891023] [navNode]: 状态2：Takeoff_wait--[TakeOff]
[INFO] [1775400462.582358429] [navNode]: 未到目标点
目标位置：(0.00, 0.00, 0.70)
当前位置：(0.00, 0.00, 0.00)
[INFO] [1775400462.680902869] [navNode]: 状态2：Takeoff_wait--[TakeOff]
[INFO] [1775400462.681373112] [navNode]: 未到目标点
目标位置：(0.00, 0.00, 0.70)
当前位置：(0.00, 0.00, 0.00)
[INFO] [1775400462.780923923] [navNode]: 状态2：Takeoff_wait--[TakeOff]
[INFO] [1775400462.781364646] [navNode]: 未到目标点
目标位置：(0.00, 0.00, 0.70)
当前位置：(0.00, 0.00, 0.00)
[INFO] [1775400462.881514397] [navNode]: 状态2：Takeoff_wait--[TakeOff]
[INFO] [1775400462.882073575] [navNode]: 未到目标点
目标位置：(0.00, 0.00, 0.70)
当前位置：(0.00, 0.00, 0.00)
[INFO] [1775400462.980902289] [navNode]: 状态2：Takeoff_wait--[TakeOff]
[INFO] [1775400462.981373951] [navNode]: 未到目标点
目标位置：(0.00, 0.00, 0.70)
当前位置：(0.00, 0.00, 0.00)
[INFO] [1775400463.081390045] [navNode]: 状态2：Takeoff_wait--[TakeOff]
[INFO] [1775400463.082202452] [navNode]: 未到目标点
目标位置：(0.00, 0.00, 0.70)
当前位置：(0.00, 0.00, 0.00)
[INFO] [1775400463.181049656] [navNode]: 状态2：Takeoff_wait--[TakeOff]
[INFO] [1775400463.181523917] [navNode]: 未到目标点
目标位置：(0.00, 0.00, 0.70)
当前位置：(0.00, 0.00, 0.00)
[INFO] [1775400463.281113428] [navNode]: 状态2：Takeoff_wait--[TakeOff]
[INFO] [1775400463.281641227] [navNode]: 未到目标点
目标位置：(0.00, 0.00, 0.70)
当前位置：(0.00, 0.00, 0.00)
[INFO] [1775400463.382004098] [navNode]: 状态2：Takeoff_wait--[TakeOff]
[INFO] [1775400463.382594325] [navNode]: 未到目标点
目标位置：(0.00, 0.00, 0.70)
当前位置：(0.00, 0.00, 0.00)
[INFO] [1775400463.481059305] [navNode]: 状态2：Takeoff_wait--[TakeOff]
[INFO] [1775400463.481545094] [navNode]: 未到目标点
目标位置：(0.00, 0.00, 0.70)
当前位置：(0.00, 0.00, 0.00)
[INFO] [1775400463.580960424] [navNode]: 状态2：Takeoff_wait--[TakeOff]
[INFO] [1775400463.581394211] [navNode]: 未到目标点
目标位置：(0.00, 0.00, 0.70)
当前位置：(0.00, 0.00, 0.00)
[INFO] [1775400463.681185844] [navNode]: 状态2：Takeoff_wait--[TakeOff]
[INFO] [1775400463.681574675] [navNode]: 未到目标点
目标位置：(0.00, 0.00, 0.70)
当前位置：(0.00, 0.00, 0.00)
[INFO] [1775400463.781419224] [navNode]: 状态2：Takeoff_wait--[TakeOff]
[INFO] [1775400463.781769256] [navNode]: 未到目标点
目标位置：(0.00, 0.00, 0.70)
当前位置：(0.00, 0.00, 0.00)
[INFO] [1775400463.880881827] [navNode]: 状态2：Takeoff_wait--[TakeOff]
[INFO] [1775400463.881236475] [navNode]: 未到目标点
目标位置：(0.00, 0.00, 0.70)
当前位置：(0.00, 0.00, 0.00)
[INFO] [1775400463.981369102] [navNode]: 状态2：Takeoff_wait--[TakeOff]
[INFO] [1775400463.981797145] [navNode]: 未到目标点
目标位置：(0.00, 0.00, 0.70)
当前位置：(0.00, 0.00, 0.00)
[INFO] [1775400464.081354294] [navNode]: 状态2：Takeoff_wait--[TakeOff]
[INFO] [1775400464.081847296] [navNode]: 未到目标点
目标位置：(0.00, 0.00, 0.70)
当前位置：(0.00, 0.00, 0.00)
[INFO] [1775400464.181047813] [navNode]: 状态2：Takeoff_wait--[TakeOff]
[INFO] [1775400464.181561623] [navNode]: 未到目标点
目标位置：(0.00, 0.00, 0.70)
当前位置：(0.00, 0.00, 0.00)
[INFO] [1775400464.281157452] [navNode]: 状态2：Takeoff_wait--[TakeOff]
[INFO] [1775400464.281573146] [navNode]: 未到目标点
目标位置：(0.00, 0.00, 0.70)
当前位置：(0.00, 0.00, 0.00)
[INFO] [1775400464.381705723] [navNode]: 状态2：Takeoff_wait--[TakeOff]
[INFO] [1775400464.382326441] [navNode]: 未到目标点
目标位置：(0.00, 0.00, 0.70)
当前位置：(0.00, 0.00, 0.00)
[INFO] [1775400464.481163617] [navNode]: 状态2：Takeoff_wait--[TakeOff]
[INFO] [1775400464.481614667] [navNode]: 未到目标点
目标位置：(0.00, 0.00, 0.70)
当前位置：(0.00, 0.00, 0.00)
[INFO] [1775400464.581303319] [navNode]: 状态2：Takeoff_wait--[TakeOff]
[INFO] [1775400464.581761656] [navNode]: 未到目标点
目标位置：(0.00, 0.00, 0.70)
当前位置：(0.00, 0.00, 0.00)
[INFO] [1775400464.681382905] [navNode]: 状态2：Takeoff_wait--[TakeOff]
[INFO] [1775400464.681909163] [navNode]: 未到目标点
目标位置：(0.00, 0.00, 0.70)
当前位置：(0.00, 0.00, 0.00)
[INFO] [1775400464.780959398] [navNode]: 状态2：Takeoff_wait--[TakeOff]
[INFO] [1775400464.781458525] [navNode]: 未到目标点
目标位置：(0.00, 0.00, 0.70)
当前位置：(0.00, 0.00, 0.00)
[INFO] [1775400464.881750732] [navNode]: 状态2：Takeoff_wait--[TakeOff]
[INFO] [1775400464.882211772] [navNode]: 未到目标点
目标位置：(0.00, 0.00, 0.70)
当前位置：(0.00, 0.00, 0.00)
[INFO] [1775400464.983419686] [navNode]: 状态2：Takeoff_wait--[TakeOff]
[INFO] [1775400464.984282406] [navNode]: 未到目标点
目标位置：(0.00, 0.00, 0.70)
当前位置：(0.00, 0.00, 0.00)
[INFO] [1775400465.081203328] [navNode]: 状态2：Takeoff_wait--[TakeOff]
[INFO] [1775400465.081617653] [navNode]: 未到目标点
目标位置：(0.00, 0.00, 0.70)
当前位置：(0.00, 0.00, 0.00)
[INFO] [1775400465.181464482] [navNode]: 状态2：Takeoff_wait--[TakeOff]
[INFO] [1775400465.181789408] [navNode]: 未到目标点
目标位置：(0.00, 0.00, 0.70)
当前位置：(0.00, 0.00, 0.00)
[INFO] [1775400465.281524532] [navNode]: 状态2：Takeoff_wait--[TakeOff]
[INFO] [1775400465.282010918] [navNode]: 未到目标点
目标位置：(0.00, 0.00, 0.70)
当前位置：(0.00, 0.00, 0.00)
[INFO] [1775400465.380947959] [navNode]: 状态2：Takeoff_wait--[TakeOff]
[INFO] [1775400465.381370372] [navNode]: 未到目标点
目标位置：(0.00, 0.00, 0.70)
当前位置：(0.00, 0.00, 0.00)
[INFO] [1775400465.482014871] [navNode]: 状态2：Takeoff_wait--[TakeOff]
[INFO] [1775400465.482419863] [navNode]: 未到目标点
目标位置：(0.00, 0.00, 0.70)
当前位置：(0.00, 0.00, 0.00)
[INFO] [1775400465.583759258] [navNode]: 状态2：Takeoff_wait--[TakeOff]
[INFO] [1775400465.584553702] [navNode]: 未到目标点
目标位置：(0.00, 0.00, 0.70)
当前位置：(0.00, 0.00, 0.00)
[INFO] [1775400465.680946781] [navNode]: 状态2：Takeoff_wait--[TakeOff]
[INFO] [1775400465.681367731] [navNode]: 未到目标点
目标位置：(0.00, 0.00, 0.70)
当前位置：(0.00, 0.00, 0.00)
[INFO] [1775400465.782016702] [navNode]: 状态2：Takeoff_wait--[TakeOff]
[INFO] [1775400465.782944786] [navNode]: 未到目标点
目标位置：(0.00, 0.00, 0.70)
当前位置：(0.00, 0.00, 0.00)
[INFO] [1775400465.881492470] [navNode]: 状态2：Takeoff_wait--[TakeOff]
[INFO] [1775400465.881856686] [navNode]: 未到目标点
目标位置：(0.00, 0.00, 0.70)
当前位置：(0.00, 0.00, 0.00)
[INFO] [1775400465.980936882] [navNode]: 状态2：Takeoff_wait--[TakeOff]
[INFO] [1775400465.981306849] [navNode]: 未到目标点
目标位置：(0.00, 0.00, 0.70)
当前位置：(0.00, 0.00, 0.00)
[INFO] [1775400466.081541396] [navNode]: 状态2：Takeoff_wait--[TakeOff]
[INFO] [1775400466.081894862] [navNode]: 未到目标点
目标位置：(0.00, 0.00, 0.70)
当前位置：(0.00, 0.00, 0.00)
[INFO] [1775400466.180796702] [navNode]: 状态2：Takeoff_wait--[TakeOff]
[INFO] [1775400466.181145479] [navNode]: 未到目标点
目标位置：(0.00, 0.00, 0.70)
当前位置：(0.00, 0.00, 0.00)
[INFO] [1775400466.281179563] [navNode]: 状态2：Takeoff_wait--[TakeOff]
[INFO] [1775400466.281585615] [navNode]: 未到目标点
目标位置：(0.00, 0.00, 0.70)
当前位置：(0.00, 0.00, 0.00)
[INFO] [1775400466.380887413] [navNode]: 状态2：Takeoff_wait--[TakeOff]
[INFO] [1775400466.381270957] [navNode]: 未到目标点
目标位置：(0.00, 0.00, 0.70)
当前位置：(0.00, 0.00, 0.00)
[INFO] [1775400466.480823570] [navNode]: 状态2：Takeoff_wait--[TakeOff]
[INFO] [1775400466.481216714] [navNode]: 未到目标点
目标位置：(0.00, 0.00, 0.70)
当前位置：(0.00, 0.00, 0.00)
[INFO] [1775400466.580970090] [navNode]: 状态2：Takeoff_wait--[TakeOff]
[INFO] [1775400466.581335265] [navNode]: 未到目标点
目标位置：(0.00, 0.00, 0.70)
当前位置：(0.00, 0.00, 0.00)
[INFO] [1775400466.681172253] [navNode]: 状态2：Takeoff_wait--[TakeOff]
[INFO] [1775400466.681515469] [navNode]: 未到目标点
目标位置：(0.00, 0.00, 0.70)
当前位置：(0.00, 0.00, 0.00)
[INFO] [1775400466.783179678] [navNode]: 状态2：Takeoff_wait--[TakeOff]
[INFO] [1775400466.784215877] [navNode]: 未到目标点
目标位置：(0.00, 0.00, 0.70)
当前位置：(0.00, 0.00, 0.00)
[INFO] [1775400466.880929467] [navNode]: 状态2：Takeoff_wait--[TakeOff]
[INFO] [1775400466.881267854] [navNode]: 未到目标点
目标位置：(0.00, 0.00, 0.70)
当前位置：(0.00, 0.00, 0.00)
[INFO] [1775400466.980915967] [navNode]: 状态2：Takeoff_wait--[TakeOff]
[INFO] [1775400466.981335425] [navNode]: 未到目标点
目标位置：(0.00, 0.00, 0.70)
当前位置：(0.00, 0.00, 0.00)
[INFO] [1775400467.081046605] [navNode]: 状态2：Takeoff_wait--[TakeOff]
[INFO] [1775400467.081454815] [navNode]: 未到目标点
目标位置：(0.00, 0.00, 0.70)
当前位置：(0.00, 0.00, 0.00)
[INFO] [1775400467.182324530] [navNode]: 状态2：Takeoff_wait--[TakeOff]
[INFO] [1775400467.183258430] [navNode]: 未到目标点
目标位置：(0.00, 0.00, 0.70)
当前位置：(0.00, 0.00, 0.00)
[INFO] [1775400467.280907960] [navNode]: 状态2：Takeoff_wait--[TakeOff]
[INFO] [1775400467.281232183] [navNode]: 未到目标点
目标位置：(0.00, 0.00, 0.70)
当前位置：(0.00, 0.00, 0.00)
[INFO] [1775400467.380957355] [navNode]: 状态2：Takeoff_wait--[TakeOff]
[INFO] [1775400467.381425574] [navNode]: 未到目标点
目标位置：(0.00, 0.00, 0.70)
当前位置：(0.00, 0.00, 0.00)
[INFO] [1775400467.480986056] [navNode]: 状态2：Takeoff_wait--[TakeOff]
[INFO] [1775400467.481311894] [navNode]: 未到目标点
目标位置：(0.00, 0.00, 0.70)
当前位置：(0.00, 0.00, 0.00)
[INFO] [1775400467.580697784] [navNode]: 状态2：Takeoff_wait--[TakeOff]
[INFO] [1775400467.581093086] [navNode]: 未到目标点
目标位置：(0.00, 0.00, 0.70)
当前位置：(0.00, 0.00, 0.00)
[INFO] [1775400467.680930504] [navNode]: 状态2：Takeoff_wait--[TakeOff]
[INFO] [1775400467.681295692] [navNode]: 未到目标点
目标位置：(0.00, 0.00, 0.70)
当前位置：(0.00, 0.00, 0.00)
[INFO] [1775400467.781485904] [navNode]: 状态2：Takeoff_wait--[TakeOff]
[INFO] [1775400467.781889013] [navNode]: 未到目标点
目标位置：(0.00, 0.00, 0.70)
当前位置：(0.00, 0.00, 0.00)
[INFO] [1775400467.881892930] [navNode]: 状态2：Takeoff_wait--[TakeOff]
[INFO] [1775400467.883371578] [navNode]: 未到目标点
目标位置：(0.00, 0.00, 0.70)
当前位置：(0.00, 0.00, 0.00)
[INFO] [1775400467.980786617] [navNode]: 状态2：Takeoff_wait--[TakeOff]
[INFO] [1775400467.981123533] [navNode]: 未到目标点
目标位置：(0.00, 0.00, 0.70)
当前位置：(0.00, 0.00, 0.00)
[INFO] [1775400468.083137827] [navNode]: 状态2：Takeoff_wait--[TakeOff]
[INFO] [1775400468.083553934] [navNode]: 未到目标点
目标位置：(0.00, 0.00, 0.70)
当前位置：(0.00, 0.00, 0.00)
[INFO] [1775400468.181115027] [navNode]: 状态2：Takeoff_wait--[TakeOff]
[INFO] [1775400468.181546245] [navNode]: 未到目标点
目标位置：(0.00, 0.00, 0.70)
当前位置：(0.00, 0.00, 0.00)
[INFO] [1775400468.280810923] [navNode]: 状态2：Takeoff_wait--[TakeOff]
[INFO] [1775400468.281225373] [navNode]: 未到目标点
目标位置：(0.00, 0.00, 0.70)
当前位置：(0.00, 0.00, 0.00)
[INFO] [1775400468.381617213] [navNode]: 状态2：Takeoff_wait--[TakeOff]
[INFO] [1775400468.382106232] [navNode]: 未到目标点
目标位置：(0.00, 0.00, 0.70)
当前位置：(0.00, 0.00, 0.00)
[INFO] [1775400468.481499167] [navNode]: 状态2：Takeoff_wait--[TakeOff]
[INFO] [1775400468.482068079] [navNode]: 未到目标点
目标位置：(0.00, 0.00, 0.70)
当前位置：(0.00, 0.00, 0.00)
[INFO] [1775400468.583286570] [navNode]: 状态2：Takeoff_wait--[TakeOff]
[INFO] [1775400468.584339281] [navNode]: 未到目标点
目标位置：(0.00, 0.00, 0.70)
当前位置：(0.00, 0.00, 0.00)
[INFO] [1775400468.681768150] [navNode]: 状态2：Takeoff_wait--[TakeOff]
[INFO] [1775400468.682381440] [navNode]: 未到目标点
目标位置：(0.00, 0.00, 0.70)
当前位置：(0.00, 0.00, 0.00)
[INFO] [1775400468.780771867] [navNode]: 状态2：Takeoff_wait--[TakeOff]
[INFO] [1775400468.781199331] [navNode]: 未到目标点
目标位置：(0.00, 0.00, 0.70)
当前位置：(0.00, 0.00, 0.00)
[INFO] [1775400468.881116724] [navNode]: 状态2：Takeoff_wait--[TakeOff]
[INFO] [1775400468.881594456] [navNode]: 未到目标点
目标位置：(0.00, 0.00, 0.70)
当前位置：(0.00, 0.00, 0.00)
[INFO] [1775400468.983623759] [navNode]: 状态2：Takeoff_wait--[TakeOff]
[INFO] [1775400468.984173483] [navNode]: 未到目标点
目标位置：(0.00, 0.00, 0.70)
当前位置：(0.00, 0.00, 0.00)
[INFO] [1775400469.080933122] [navNode]: 状态2：Takeoff_wait--[TakeOff]
[INFO] [1775400469.081456062] [navNode]: 未到目标点
目标位置：(0.00, 0.00, 0.70)
当前位置：(0.00, 0.00, 0.00)
[INFO] [1775400469.181135301] [navNode]: 状态2：Takeoff_wait--[TakeOff]
[INFO] [1775400469.181614861] [navNode]: 未到目标点
目标位置：(0.00, 0.00, 0.70)
当前位置：(0.00, 0.00, 0.00)
[INFO] [1775400469.281245463] [navNode]: 状态2：Takeoff_wait--[TakeOff]
[INFO] [1775400469.281712297] [navNode]: 未到目标点
目标位置：(0.00, 0.00, 0.70)
当前位置：(0.00, 0.00, 0.00)
[INFO] [1775400469.381406476] [navNode]: 状态2：Takeoff_wait--[TakeOff]
[INFO] [1775400469.381927689] [navNode]: 未到目标点
目标位置：(0.00, 0.00, 0.70)
当前位置：(0.00, 0.00, 0.00)
[INFO] [1775400469.481231516] [navNode]: 状态2：Takeoff_wait--[TakeOff]
[INFO] [1775400469.481662961] [navNode]: 未到目标点
目标位置：(0.00, 0.00, 0.70)
当前位置：(0.00, 0.00, 0.00)
[INFO] [1775400469.580995281] [navNode]: 状态2：Takeoff_wait--[TakeOff]
[INFO] [1775400469.581408443] [navNode]: 未到目标点
目标位置：(0.00, 0.00, 0.70)
当前位置：(0.00, 0.00, 0.00)
[INFO] [1775400469.680951496] [navNode]: 状态2：Takeoff_wait--[TakeOff]
[INFO] [1775400469.681410075] [navNode]: 未到目标点
目标位置：(0.00, 0.00, 0.70)
当前位置：(0.00, 0.00, 0.00)
[INFO] [1775400469.781105279] [navNode]: 状态2：Takeoff_wait--[TakeOff]
[INFO] [1775400469.781905693] [navNode]: 未到目标点
目标位置：(0.00, 0.00, 0.70)
当前位置：(0.00, 0.00, 0.00)
[INFO] [1775400469.880778074] [navNode]: 状态2：Takeoff_wait--[TakeOff]
[INFO] [1775400469.881261587] [navNode]: 未到目标点
目标位置：(0.00, 0.00, 0.70)
当前位置：(0.00, 0.00, 0.00)
[INFO] [1775400469.981336812] [navNode]: 状态2：Takeoff_wait--[TakeOff]
[INFO] [1775400469.981761964] [navNode]: 未到目标点
目标位置：(0.00, 0.00, 0.70)
当前位置：(0.00, 0.00, 0.00)
[INFO] [1775400470.080607009] [navNode]: 状态2：Takeoff_wait--[TakeOff]
[INFO] [1775400470.081008914] [navNode]: 未到目标点
目标位置：(0.00, 0.00, 0.70)
当前位置：(0.00, 0.00, 0.00)
[INFO] [1775400470.180999868] [navNode]: 状态2：Takeoff_wait--[TakeOff]
[INFO] [1775400470.181437032] [navNode]: 未到目标点
目标位置：(0.00, 0.00, 0.70)
当前位置：(0.00, 0.00, 0.00)
[INFO] [1775400470.280585081] [navNode]: 状态2：Takeoff_wait--[TakeOff]
[INFO] [1775400470.281139873] [navNode]: 未到目标点
目标位置：(0.00, 0.00, 0.70)
当前位置：(0.00, 0.00, 0.00)
[INFO] [1775400470.380614691] [navNode]: 状态2：Takeoff_wait--[TakeOff]
[INFO] [1775400470.381571776] [navNode]: 未到目标点
目标位置：(0.00, 0.00, 0.70)
当前位置：(0.00, 0.00, 0.00)
[INFO] [1775400470.480816112] [navNode]: 状态2：Takeoff_wait--[TakeOff]
[INFO] [1775400470.481197150] [navNode]: 未到目标点
目标位置：(0.00, 0.00, 0.70)
当前位置：(0.00, 0.00, 0.00)
[INFO] [1775400470.580673568] [navNode]: 状态2：Takeoff_wait--[TakeOff]
[INFO] [1775400470.581361929] [navNode]: 未到目标点
目标位置：(0.00, 0.00, 0.70)
当前位置：(0.00, 0.00, 0.00)
[INFO] [1775400470.681019100] [navNode]: 状态2：Takeoff_wait--[TakeOff]
[INFO] [1775400470.681399462] [navNode]: 未到目标点
目标位置：(0.00, 0.00, 0.70)
当前位置：(0.00, 0.00, 0.00)
[INFO] [1775400470.780633197] [navNode]: 状态2：Takeoff_wait--[TakeOff]
[INFO] [1775400470.781068599] [navNode]: 未到目标点
目标位置：(0.00, 0.00, 0.70)
当前位置：(0.00, 0.00, 0.00)
[INFO] [1775400470.880996701] [navNode]: 状态2：Takeoff_wait--[TakeOff]
[INFO] [1775400470.881378210] [navNode]: 未到目标点
目标位置：(0.00, 0.00, 0.70)
当前位置：(0.00, 0.00, 0.00)
[INFO] [1775400470.981281009] [navNode]: 状态2：Takeoff_wait--[TakeOff]
[INFO] [1775400470.981921000] [navNode]: 未到目标点
目标位置：(0.00, 0.00, 0.70)
当前位置：(0.00, 0.00, 0.00)
[INFO] [1775400471.080737416] [navNode]: 状态2：Takeoff_wait--[TakeOff]
[INFO] [1775400471.081162442] [navNode]: 未到目标点
目标位置：(0.00, 0.00, 0.70)
当前位置：(0.00, 0.00, 0.00)
