[INFO] [1773479177.416836527] [Ground]: ros2 node launch success:Ground!
[INFO] [1773479212.449398695] [Ground]: takeoff 发送成功 → 飞行站已调用：takeoff服务
[INFO] [1773479220.730566307] [Ground]: 识别到QR码: 智能花盆
[INFO] [1773479220.791446496] [Ground]: 识别到QR码: 智能花盆
[INFO] [1773479221.128237546] [Ground]: 识别到QR码: 智能花盆
[INFO] [1773479221.230302158] [Ground]: 识别到QR码: 智能花盆
[INFO] [1773479223.503357062] [Ground]: 识别到QR码: 智能花盆
[INFO] [1773479223.920504669] [Ground]: 识别到QR码: 智能花盆
[INFO] [1773479223.948155534] [Ground]: 识别到QR码: 智能花盆
[INFO] [1773479223.982943527] [Ground]: 识别到QR码: 智能花盆
[INFO] [1773479224.478383063] [Ground]: 识别到QR码: 智能花盆
[INFO] [1773479224.610389176] [Ground]: 识别到QR码: 智能花盆
[INFO] [1773479224.817674502] [Ground]: 识别到QR码: 智能花盆
[INFO] [1773479225.615990563] [Ground]: 识别到QR码: 智能花盆
[INFO] [1773479226.393621822] [Ground]: 识别到QR码: 智能花盆
[INFO] [1773479226.727901422] [Ground]: 识别到QR码: 智能花盆
[INFO] [1773479227.003056866] [Ground]: 识别到QR码: 智能花盆
[INFO] [1773479227.333415014] [Ground]: 识别到QR码: 智能花盆
[INFO] [1773479228.231983264] [Ground]: 识别到QR码: 智能花盆
[INFO] [1773479229.242908183] [Ground]: 识别到QR码: 智能花盆
[INFO] [1773479229.442383942] [Ground]: 识别到QR码: 智能花盆
[INFO] [1773479230.016351761] [Ground]: 识别到QR码: 智能花盆
[INFO] [1773479230.089705990] [Ground]: 识别到QR码: 智能花盆
[INFO] [1773479230.159158988] [Ground]: 识别到QR码: 太阳花种子
[INFO] [1773479230.183395911] [Ground]: 识别到QR码: 智能花盆
[INFO] [1773479230.223028069] [Ground]: 识别到QR码: 太阳花种子
[INFO] [1773479230.285037297] [Ground]: 识别到QR码: 太阳花种子
[INFO] [1773479230.319197041] [Ground]: 识别到QR码: 太阳花种子
[INFO] [1773479230.367234032] [Ground]: 识别到QR码: 太阳花种子
[INFO] [1773479230.375617343] [Ground]: 识别到QR码: 葵花种子
[INFO] [1773479230.383002711] [Ground]: 识别到QR码: 葵花种子
[INFO] [1773479230.422598508] [Ground]: 识别到QR码: 太阳花种子
[INFO] [1773479230.423383410] [Ground]: 识别到QR码: 葵花种子
[INFO] [1773479230.454826773] [Ground]: 识别到QR码: 太阳花种子
[INFO] [1773479230.455811837] [Ground]: 识别到QR码: 葵花种子
[INFO] [1773479230.483852268] [Ground]: 识别到QR码: 太阳花种子
[INFO] [1773479230.484856090] [Ground]: 识别到QR码: 葵花种子
[INFO] [1773479230.523652367] [Ground]: 识别到QR码: 太阳花种子
[INFO] [1773479230.524404021] [Ground]: 识别到QR码: 葵花种子
[INFO] [1773479230.585982539] [Ground]: 识别到QR码: 太阳花种子
[INFO] [1773479230.589720336] [Ground]: 识别到QR码: 葵花种子
[INFO] [1773479230.620622242] [Ground]: 识别到QR码: 太阳花种子
[INFO] [1773479230.622310831] [Ground]: 识别到QR码: 葵花种子
[INFO] [1773479230.665076481] [Ground]: 识别到QR码: 太阳花种子
[INFO] [1773479230.672644381] [Ground]: 识别到QR码: 葵花种子
[INFO] [1773479230.802432697] [Ground]: 识别到QR码: 太阳花种子
[INFO] [1773479230.804214477] [Ground]: 识别到QR码: 葵花种子
[INFO] [1773479230.853356633] [Ground]: 识别到QR码: 太阳花种子
[INFO] [1773479230.854693692] [Ground]: 识别到QR码: 葵花种子
[INFO] [1773479230.887947242] [Ground]: 识别到QR码: 葵花种子
[INFO] [1773479230.921582795] [Ground]: 识别到QR码: 太阳花种子
[INFO] [1773479230.923023307] [Ground]: 识别到QR码: 葵花种子
[INFO] [1773479230.969708461] [Ground]: 识别到QR码: 葵花种子
[INFO] [1773479231.054858050] [Ground]: 识别到QR码: 葵花种子
[INFO] [1773479231.092006997] [Ground]: 识别到QR码: 葵花种子
[INFO] [1773479231.127642392] [Ground]: 识别到QR码: 太阳花种子
[INFO] [1773479231.128833555] [Ground]: 识别到QR码: 葵花种子
[INFO] [1773479231.220763911] [Ground]: 识别到QR码: 太阳花种子
[INFO] [1773479231.221728530] [Ground]: 识别到QR码: 葵花种子
[INFO] [1773479231.358266033] [Ground]: 识别到QR码: 太阳花种子
[INFO] [1773479231.359341850] [Ground]: 识别到QR码: 葵花种子
[INFO] [1773479231.498752714] [Ground]: 识别到QR码: 太阳花种子
[INFO] [1773479231.500219829] [Ground]: 识别到QR码: 葵花种子
[INFO] [1773479231.531869459] [Ground]: 识别到QR码: 葵花种子
[INFO] [1773479231.561107368] [Ground]: 识别到QR码: 太阳花种子
[INFO] [1773479231.561946112] [Ground]: 识别到QR码: 葵花种子
[INFO] [1773479231.663508615] [Ground]: 识别到QR码: 太阳花种子
[INFO] [1773479231.693517888] [Ground]: 识别到QR码: 太阳花种子
[INFO] [1773479231.694390921] [Ground]: 识别到QR码: 葵花种子
[INFO] [1773479231.726030967] [Ground]: 识别到QR码: 太阳花种子
[INFO] [1773479231.727115288] [Ground]: 识别到QR码: 葵花种子
[INFO] [1773479231.805083363] [Ground]: 识别到QR码: 太阳花种子
[INFO] [1773479231.827840497] [Ground]: 识别到QR码: 太阳花种子
[INFO] [1773479231.828658342] [Ground]: 识别到QR码: 葵花种子
[INFO] [1773479231.858665270] [Ground]: 识别到QR码: 太阳花种子
[INFO] [1773479231.859714337] [Ground]: 识别到QR码: 葵花种子
[INFO] [1773479231.962213532] [Ground]: 识别到QR码: 太阳花种子
[INFO] [1773479231.963535322] [Ground]: 识别到QR码: 葵花种子
[INFO] [1773479231.996106654] [Ground]: 识别到QR码: 葵花种子
[INFO] [1773479232.033312951] [Ground]: 识别到QR码: 葵花种子
[INFO] [1773479232.066170279] [Ground]: 识别到QR码: 太阳花种子
[INFO] [1773479232.068173141] [Ground]: 识别到QR码: 葵花种子
[INFO] [1773479232.109124413] [Ground]: 识别到QR码: 太阳花种子
[INFO] [1773479232.110532837] [Ground]: 识别到QR码: 葵花种子
[INFO] [1773479232.127090085] [Ground]: 识别到QR码: 太阳花种子
[INFO] [1773479232.138373021] [Ground]: 识别到QR码: 葵花种子
[INFO] [1773479232.164299406] [Ground]: 识别到QR码: 葵花种子
[INFO] [1773479232.227375232] [Ground]: 识别到QR码: 葵花种子
[INFO] [1773479232.238985200] [Ground]: 识别到QR码: 太阳花种子
[INFO] [1773479232.263640333] [Ground]: 识别到QR码: 太阳花种子
[INFO] [1773479232.265178718] [Ground]: 识别到QR码: 葵花种子
[INFO] [1773479232.293946261] [Ground]: 识别到QR码: 太阳花种子
[INFO] [1773479232.296103073] [Ground]: 识别到QR码: 葵花种子
[INFO] [1773479232.336010594] [Ground]: 识别到QR码: 葵花种子
[INFO] [1773479232.411654667] [Ground]: 识别到QR码: 太阳花种子
[INFO] [1773479232.412902128] [Ground]: 识别到QR码: 葵花种子
[INFO] [1773479232.430967943] [Ground]: 识别到QR码: 太阳花种子
[INFO] [1773479232.432860388] [Ground]: 识别到QR码: 葵花种子
[INFO] [1773479232.461224097] [Ground]: 识别到QR码: 太阳花种子
[INFO] [1773479232.463683087] [Ground]: 识别到QR码: 葵花种子
[INFO] [1773479232.529722592] [Ground]: 识别到QR码: 太阳花种子
[INFO] [1773479232.531319393] [Ground]: 识别到QR码: 葵花种子
[INFO] [1773479232.561997882] [Ground]: 识别到QR码: 太阳花种子
[INFO] [1773479232.563627751] [Ground]: 识别到QR码: 葵花种子
[INFO] [1773479232.604867896] [Ground]: 识别到QR码: 太阳花种子
[INFO] [1773479232.626016977] [Ground]: 识别到QR码: 葵花种子
[INFO] [1773479232.637727559] [Ground]: 识别到QR码: 太阳花种子
[INFO] [1773479232.639665999] [Ground]: 识别到QR码: 葵花种子
[INFO] [1773479232.666782481] [Ground]: 识别到QR码: 太阳花种子
[INFO] [1773479232.669118628] [Ground]: 识别到QR码: 葵花种子
[INFO] [1773479232.721186775] [Ground]: 识别到QR码: 太阳花种子
[INFO] [1773479232.725048568] [Ground]: 识别到QR码: 葵花种子
[INFO] [1773479232.736691990] [Ground]: 识别到QR码: 太阳花种子
[INFO] [1773479232.773391443] [Ground]: 识别到QR码: 太阳花种子
[INFO] [1773479232.774754902] [Ground]: 识别到QR码: 葵花种子
[INFO] [1773479232.798593347] [Ground]: 识别到QR码: 太阳花种子
[INFO] [1773479232.800617028] [Ground]: 识别到QR码: 葵花种子
[INFO] [1773479232.834975374] [Ground]: 识别到QR码: 太阳花种子
[INFO] [1773479232.879150651] [Ground]: 识别到QR码: 太阳花种子
[INFO] [1773479232.898716748] [Ground]: 识别到QR码: 太阳花种子
[INFO] [1773479232.901847993] [Ground]: 识别到QR码: 葵花种子
[INFO] [1773479232.936568305] [Ground]: 识别到QR码: 葵花种子
[INFO] [1773479232.966916412] [Ground]: 识别到QR码: 太阳花种子
[INFO] [1773479232.968467894] [Ground]: 识别到QR码: 葵花种子
[INFO] [1773479233.008925257] [Ground]: 识别到QR码: 太阳花种子
[INFO] [1773479233.010563406] [Ground]: 识别到QR码: 葵花种子
[INFO] [1773479233.033350953] [Ground]: 识别到QR码: 太阳花种子
[INFO] [1773479233.034685955] [Ground]: 识别到QR码: 葵花种子
[INFO] [1773479233.068417169] [Ground]: 识别到QR码: 太阳花种子
[INFO] [1773479233.103107569] [Ground]: 识别到QR码: 太阳花种子
[INFO] [1773479233.105057567] [Ground]: 识别到QR码: 葵花种子
[INFO] [1773479233.142159421] [Ground]: 识别到QR码: 太阳花种子
[INFO] [1773479233.144701603] [Ground]: 识别到QR码: 葵花种子
[INFO] [1773479233.185929039] [Ground]: 识别到QR码: 太阳花种子
[INFO] [1773479233.202930931] [Ground]: 识别到QR码: 太阳花种子
[INFO] [1773479233.240132336] [Ground]: 识别到QR码: 太阳花种子
[INFO] [1773479233.273009783] [Ground]: 识别到QR码: 太阳花种子
[INFO] [1773479233.274362888] [Ground]: 识别到QR码: 葵花种子
[INFO] [1773479233.336445882] [Ground]: 识别到QR码: 太阳花种子
[INFO] [1773479233.338088823] [Ground]: 识别到QR码: 葵花种子
[INFO] [1773479233.374259576] [Ground]: 识别到QR码: 智能花盆
[INFO] [1773479233.375074344] [Ground]: 识别到QR码: 太阳花种子
[INFO] [1773479233.375870947] [Ground]: 识别到QR码: 葵花种子
[INFO] [1773479233.400610986] [Ground]: 识别到QR码: 太阳花种子
[INFO] [1773479233.402822407] [Ground]: 识别到QR码: 葵花种子
[INFO] [1773479233.498832596] [Ground]: 识别到QR码: 葵花种子
[INFO] [1773479233.543772144] [Ground]: 识别到QR码: 太阳花种子
[INFO] [1773479233.545218416] [Ground]: 识别到QR码: 葵花种子
[INFO] [1773479233.604540489] [Ground]: 识别到QR码: 太阳花种子
[INFO] [1773479233.606346702] [Ground]: 识别到QR码: 葵花种子
[INFO] [1773479233.670773657] [Ground]: 识别到QR码: 太阳花种子
[INFO] [1773479233.671404585] [Ground]: 识别到QR码: 葵花种子
[INFO] [1773479233.707227575] [Ground]: 识别到QR码: 太阳花种子
[INFO] [1773479233.737899530] [Ground]: 识别到QR码: 太阳花种子
[INFO] [1773479233.739388050] [Ground]: 识别到QR码: 葵花种子
[INFO] [1773479233.769413677] [Ground]: 识别到QR码: 太阳花种子
[INFO] [1773479233.815264790] [Ground]: 识别到QR码: 太阳花种子
[INFO] [1773479233.816723283] [Ground]: 识别到QR码: 葵花种子
[INFO] [1773479233.837286725] [Ground]: 识别到QR码: 太阳花种子
[INFO] [1773479233.838686162] [Ground]: 识别到QR码: 葵花种子
[INFO] [1773479233.905684704] [Ground]: 识别到QR码: 葵花种子
[INFO] [1773479233.940354826] [Ground]: 识别到QR码: 太阳花种子
[INFO] [1773479233.942441203] [Ground]: 识别到QR码: 葵花种子
[INFO] [1773479233.976374903] [Ground]: 识别到QR码: 太阳花种子
[INFO] [1773479233.977588296] [Ground]: 识别到QR码: 葵花种子
[INFO] [1773479234.002712624] [Ground]: 识别到QR码: 葵花种子
[INFO] [1773479234.054833646] [Ground]: 识别到QR码: 太阳花种子
[INFO] [1773479234.057857052] [Ground]: 识别到QR码: 葵花种子
[INFO] [1773479234.074499572] [Ground]: 识别到QR码: 太阳花种子
[INFO] [1773479234.076337876] [Ground]: 识别到QR码: 葵花种子
[INFO] [1773479234.103021770] [Ground]: 识别到QR码: 太阳花种子
[INFO] [1773479234.104174348] [Ground]: 识别到QR码: 葵花种子
[INFO] [1773479234.144630193] [Ground]: 识别到QR码: 太阳花种子
[INFO] [1773479234.190036916] [Ground]: 识别到QR码: 葵花种子
[INFO] [1773479234.218747118] [Ground]: 识别到QR码: 太阳花种子
[INFO] [1773479234.244349668] [Ground]: 识别到QR码: 太阳花种子
[INFO] [1773479234.248719973] [Ground]: 识别到QR码: 葵花种子
[INFO] [1773479234.344080157] [Ground]: 识别到QR码: 太阳花种子
[INFO] [1773479234.345508623] [Ground]: 识别到QR码: 葵花种子
[INFO] [1773479234.488966051] [Ground]: 识别到QR码: 太阳花种子
[INFO] [1773479234.490957966] [Ground]: 识别到QR码: 葵花种子
[INFO] [1773479234.533842059] [Ground]: 识别到QR码: 太阳花种子
[INFO] [1773479234.534696984] [Ground]: 识别到QR码: 葵花种子
[INFO] [1773479234.549249514] [Ground]: 识别到QR码: 太阳花种子
[INFO] [1773479234.555306722] [Ground]: 识别到QR码: 葵花种子
[INFO] [1773479234.586773867] [Ground]: 识别到QR码: 太阳花种子
[INFO] [1773479234.598635307] [Ground]: 识别到QR码: 葵花种子
[INFO] [1773479234.609975680] [Ground]: 识别到QR码: 太阳花种子
[INFO] [1773479234.611645106] [Ground]: 识别到QR码: 葵花种子
[INFO] [1773479234.683473081] [Ground]: 识别到QR码: 太阳花种子
[INFO] [1773479234.695849840] [Ground]: 识别到QR码: 葵花种子
[INFO] [1773479234.707328973] [Ground]: 识别到QR码: 太阳花种子
[INFO] [1773479234.752554715] [Ground]: 识别到QR码: 智能花盆
[INFO] [1773479234.754395465] [Ground]: 识别到QR码: 太阳花种子
[INFO] [1773479234.762702100] [Ground]: 识别到QR码: 葵花种子
[INFO] [1773479234.776163654] [Ground]: 识别到QR码: 葵花种子
[INFO] [1773479234.827286378] [Ground]: 识别到QR码: 太阳花种子
[INFO] [1773479234.832928176] [Ground]: 识别到QR码: 葵花种子
[INFO] [1773479234.888417335] [Ground]: 识别到QR码: 太阳花种子
[INFO] [1773479234.889852460] [Ground]: 识别到QR码: 葵花种子
[INFO] [1773479234.921210542] [Ground]: 识别到QR码: 太阳花种子
[INFO] [1773479234.948676360] [Ground]: 识别到QR码: 葵花种子
[INFO] [1773479234.976878099] [Ground]: 识别到QR码: 太阳花种子
[INFO] [1773479234.978261858] [Ground]: 识别到QR码: 葵花种子
[INFO] [1773479235.046511657] [Ground]: 识别到QR码: 太阳花种子
[INFO] [1773479235.048024312] [Ground]: 识别到QR码: 葵花种子
[INFO] [1773479235.087968053] [Ground]: 识别到QR码: 太阳花种子
[INFO] [1773479235.113256419] [Ground]: 识别到QR码: 葵花种子
[INFO] [1773479235.148155741] [Ground]: 识别到QR码: 太阳花种子
[INFO] [1773479235.150177587] [Ground]: 识别到QR码: 葵花种子
[INFO] [1773479235.185385905] [Ground]: 识别到QR码: 太阳花种子
[INFO] [1773479235.186642253] [Ground]: 识别到QR码: 葵花种子
[INFO] [1773479235.216168214] [Ground]: 识别到QR码: 太阳花种子
[INFO] [1773479235.265349057] [Ground]: 识别到QR码: 太阳花种子
[INFO] [1773479235.354932309] [Ground]: 识别到QR码: 太阳花种子
[INFO] [1773479235.356784012] [Ground]: 识别到QR码: 葵花种子
[INFO] [1773479235.394664868] [Ground]: 识别到QR码: 太阳花种子
[INFO] [1773479235.403017169] [Ground]: 识别到QR码: 葵花种子
[INFO] [1773479235.449143899] [Ground]: 识别到QR码: 太阳花种子
[INFO] [1773479235.450124623] [Ground]: 识别到QR码: 葵花种子
[INFO] [1773479235.485763326] [Ground]: 识别到QR码: 太阳花种子
[INFO] [1773479235.487075065] [Ground]: 识别到QR码: 葵花种子
[INFO] [1773479235.523453809] [Ground]: 识别到QR码: 太阳花种子
[INFO] [1773479235.525320612] [Ground]: 识别到QR码: 葵花种子
[INFO] [1773479235.549700537] [Ground]: 识别到QR码: 太阳花种子
[INFO] [1773479235.551571387] [Ground]: 识别到QR码: 葵花种子
[INFO] [1773479235.627977696] [Ground]: 识别到QR码: 太阳花种子
[INFO] [1773479235.629447377] [Ground]: 识别到QR码: 葵花种子
[INFO] [1773479235.654927200] [Ground]: 识别到QR码: 太阳花种子
[INFO] [1773479235.657516828] [Ground]: 识别到QR码: 葵花种子
[INFO] [1773479235.698390103] [Ground]: 识别到QR码: 太阳花种子
[INFO] [1773479235.706579403] [Ground]: 识别到QR码: 葵花种子
[INFO] [1773479235.726998508] [Ground]: 识别到QR码: 太阳花种子
[INFO] [1773479235.807135389] [Ground]: 识别到QR码: 太阳花种子
[INFO] [1773479235.808413684] [Ground]: 识别到QR码: 葵花种子
[INFO] [1773479235.821591471] [Ground]: 识别到QR码: 太阳花种子
[INFO] [1773479235.823292043] [Ground]: 识别到QR码: 葵花种子
[INFO] [1773479235.857881511] [Ground]: 识别到QR码: 太阳花种子
[INFO] [1773479235.859058568] [Ground]: 识别到QR码: 葵花种子
[INFO] [1773479235.898292543] [Ground]: 识别到QR码: 太阳花种子
[INFO] [1773479235.901675875] [Ground]: 识别到QR码: 葵花种子
[INFO] [1773479235.922037515] [Ground]: 识别到QR码: 智能花盆
[INFO] [1773479235.923008383] [Ground]: 识别到QR码: 太阳花种子
[INFO] [1773479235.923928829] [Ground]: 识别到QR码: 葵花种子
[INFO] [1773479235.989047177] [Ground]: 识别到QR码: 太阳花种子
[INFO] [1773479236.022541890] [Ground]: 识别到QR码: 太阳花种子
[INFO] [1773479236.023601679] [Ground]: 识别到QR码: 葵花种子
[INFO] [1773479236.053904443] [Ground]: 识别到QR码: 智能花盆
[INFO] [1773479236.055253027] [Ground]: 识别到QR码: 太阳花种子
[INFO] [1773479236.056222891] [Ground]: 识别到QR码: 葵花种子
[INFO] [1773479236.126137086] [Ground]: 识别到QR码: 智能花盆
[INFO] [1773479236.127096899] [Ground]: 识别到QR码: 太阳花种子
[INFO] [1773479236.152363205] [Ground]: 识别到QR码: 太阳花种子
[INFO] [1773479236.153427507] [Ground]: 识别到QR码: 葵花种子
[INFO] [1773479236.207181912] [Ground]: 识别到QR码: 智能花盆
[INFO] [1773479236.216130602] [Ground]: 识别到QR码: 太阳花种子
[INFO] [1773479236.217024107] [Ground]: 识别到QR码: 葵花种子
[INFO] [1773479236.240101786] [Ground]: 识别到QR码: 太阳花种子
[INFO] [1773479236.260212222] [Ground]: 识别到QR码: 智能花盆
[INFO] [1773479236.261711097] [Ground]: 识别到QR码: 太阳花种子
[INFO] [1773479236.262620271] [Ground]: 识别到QR码: 葵花种子
[INFO] [1773479236.295053816] [Ground]: 识别到QR码: 智能花盆
[INFO] [1773479236.296169046] [Ground]: 识别到QR码: 太阳花种子
[INFO] [1773479236.299427052] [Ground]: 识别到QR码: 葵花种子
[INFO] [1773479236.326950632] [Ground]: 识别到QR码: 太阳花种子
[INFO] [1773479236.329032913] [Ground]: 识别到QR码: 葵花种子
[INFO] [1773479236.354541223] [Ground]: 识别到QR码: 太阳花种子
[INFO] [1773479236.356768343] [Ground]: 识别到QR码: 葵花种子
[INFO] [1773479236.389128144] [Ground]: 识别到QR码: 太阳花种子
[INFO] [1773479236.390338738] [Ground]: 识别到QR码: 葵花种子
[INFO] [1773479236.424782484] [Ground]: 识别到QR码: 智能花盆
[INFO] [1773479236.425615268] [Ground]: 识别到QR码: 太阳花种子
[INFO] [1773479236.426675945] [Ground]: 识别到QR码: 葵花种子
[INFO] [1773479236.462090573] [Ground]: 识别到QR码: 智能花盆
[INFO] [1773479236.463000864] [Ground]: 识别到QR码: 太阳花种子
[INFO] [1773479236.489369975] [Ground]: 识别到QR码: 太阳花种子
[INFO] [1773479236.490186136] [Ground]: 识别到QR码: 葵花种子
[INFO] [1773479236.523505474] [Ground]: 识别到QR码: 智能花盆
[INFO] [1773479236.524941430] [Ground]: 识别到QR码: 太阳花种子
[INFO] [1773479236.525869526] [Ground]: 识别到QR码: 葵花种子
[INFO] [1773479236.559285164] [Ground]: 识别到QR码: 太阳花种子
[INFO] [1773479236.560375851] [Ground]: 识别到QR码: 葵花种子
[INFO] [1773479236.592497351] [Ground]: 识别到QR码: 太阳花种子
[INFO] [1773479236.631466691] [Ground]: 识别到QR码: 太阳花种子
[INFO] [1773479236.633287691] [Ground]: 识别到QR码: 葵花种子
[INFO] [1773479236.659069747] [Ground]: 识别到QR码: 智能花盆
[INFO] [1773479236.660082098] [Ground]: 识别到QR码: 太阳花种子
[INFO] [1773479236.695175757] [Ground]: 识别到QR码: 智能花盆
[INFO] [1773479236.696003741] [Ground]: 识别到QR码: 太阳花种子
[INFO] [1773479236.698040657] [Ground]: 识别到QR码: 葵花种子
[INFO] [1773479236.752383767] [Ground]: 识别到QR码: 智能花盆
[INFO] [1773479236.754505833] [Ground]: 识别到QR码: 太阳花种子
[INFO] [1773479236.760562313] [Ground]: 识别到QR码: 太阳花种子
[INFO] [1773479236.821659524] [Ground]: 识别到QR码: 智能花盆
[INFO] [1773479236.823546125] [Ground]: 识别到QR码: 太阳花种子
[INFO] [1773479236.827981510] [Ground]: 识别到QR码: 葵花种子
[INFO] [1773479236.833128419] [Ground]: 识别到QR码: 太阳花种子
[INFO] [1773479236.834394509] [Ground]: 识别到QR码: 葵花种子
[INFO] [1773479236.874770819] [Ground]: 识别到QR码: 太阳花种子
[INFO] [1773479236.900072834] [Ground]: 识别到QR码: 智能花盆
[INFO] [1773479236.924829471] [Ground]: 识别到QR码: 智能花盆
[INFO] [1773479236.926742006] [Ground]: 识别到QR码: 太阳花种子
[INFO] [1773479236.927741025] [Ground]: 识别到QR码: 葵花种子
[INFO] [1773479236.961008429] [Ground]: 识别到QR码: 智能花盆
[INFO] [1773479236.961875721] [Ground]: 识别到QR码: 太阳花种子
[INFO] [1773479236.962994521] [Ground]: 识别到QR码: 葵花种子
[INFO] [1773479236.993580668] [Ground]: 识别到QR码: 太阳花种子
[INFO] [1773479236.994518265] [Ground]: 识别到QR码: 葵花种子
[INFO] [1773479237.031063045] [Ground]: 识别到QR码: 智能花盆
[INFO] [1773479237.034134131] [Ground]: 识别到QR码: 太阳花种子
[INFO] [1773479237.061482353] [Ground]: 识别到QR码: 智能花盆
[INFO] [1773479237.062712343] [Ground]: 识别到QR码: 太阳花种子
[INFO] [1773479237.063542174] [Ground]: 识别到QR码: 葵花种子
[INFO] [1773479237.103259997] [Ground]: 识别到QR码: 太阳花种子
[INFO] [1773479237.105661769] [Ground]: 识别到QR码: 葵花种子
[INFO] [1773479237.128946398] [Ground]: 识别到QR码: 太阳花种子
[INFO] [1773479237.129882337] [Ground]: 识别到QR码: 葵花种子
[INFO] [1773479237.164117851] [Ground]: 识别到QR码: 太阳花种子
[INFO] [1773479237.173978542] [Ground]: 识别到QR码: 葵花种子
[INFO] [1773479237.195069899] [Ground]: 识别到QR码: 太阳花种子
[INFO] [1773479237.234098629] [Ground]: 识别到QR码: 太阳花种子
[INFO] [1773479237.234890018] [Ground]: 识别到QR码: 葵花种子
[INFO] [1773479237.264106848] [Ground]: 识别到QR码: 太阳花种子
[INFO] [1773479237.266339665] [Ground]: 识别到QR码: 葵花种子
[INFO] [1773479237.299925389] [Ground]: 识别到QR码: 太阳花种子
[INFO] [1773479237.301310202] [Ground]: 识别到QR码: 葵花种子
[INFO] [1773479237.346207033] [Ground]: 识别到QR码: 太阳花种子
[INFO] [1773479237.347393221] [Ground]: 识别到QR码: 葵花种子
[INFO] [1773479237.374517186] [Ground]: 识别到QR码: 太阳花种子
[INFO] [1773479237.381215993] [Ground]: 识别到QR码: 葵花种子
[INFO] [1773479237.410292250] [Ground]: 识别到QR码: 太阳花种子
[INFO] [1773479237.412692428] [Ground]: 识别到QR码: 葵花种子
[INFO] [1773479237.439502759] [Ground]: 识别到QR码: 太阳花种子
[INFO] [1773479237.440960235] [Ground]: 识别到QR码: 葵花种子
[INFO] [1773479237.476116289] [Ground]: 识别到QR码: 太阳花种子
[INFO] [1773479237.477169945] [Ground]: 识别到QR码: 葵花种子
[INFO] [1773479237.503454664] [Ground]: 识别到QR码: 太阳花种子
[INFO] [1773479237.505354296] [Ground]: 识别到QR码: 葵花种子
[INFO] [1773479237.543041225] [Ground]: 识别到QR码: 太阳花种子
[INFO] [1773479237.543935477] [Ground]: 识别到QR码: 葵花种子
[INFO] [1773479237.571863204] [Ground]: 识别到QR码: 太阳花种子
[INFO] [1773479237.573202516] [Ground]: 识别到QR码: 葵花种子
[INFO] [1773479237.609118874] [Ground]: 识别到QR码: 太阳花种子
[INFO] [1773479237.610609809] [Ground]: 识别到QR码: 葵花种子
[INFO] [1773479237.635981884] [Ground]: 识别到QR码: 太阳花种子
[INFO] [1773479237.637567368] [Ground]: 识别到QR码: 葵花种子
[INFO] [1773479237.675275709] [Ground]: 识别到QR码: 太阳花种子
[INFO] [1773479237.676916316] [Ground]: 识别到QR码: 葵花种子
[INFO] [1773479237.700591040] [Ground]: 识别到QR码: 太阳花种子
[INFO] [1773479237.703000325] [Ground]: 识别到QR码: 葵花种子
[INFO] [1773479237.751530463] [Ground]: 识别到QR码: 太阳花种子
[INFO] [1773479237.755298157] [Ground]: 识别到QR码: 葵花种子
[INFO] [1773479237.779559635] [Ground]: 识别到QR码: 太阳花种子
[INFO] [1773479237.783587472] [Ground]: 识别到QR码: 葵花种子
[INFO] [1773479237.801539645] [Ground]: 识别到QR码: 太阳花种子
[INFO] [1773479237.803311737] [Ground]: 识别到QR码: 葵花种子
[INFO] [1773479237.848514136] [Ground]: 识别到QR码: 太阳花种子
[INFO] [1773479237.850276851] [Ground]: 识别到QR码: 葵花种子
[INFO] [1773479237.867960826] [Ground]: 识别到QR码: 太阳花种子
[INFO] [1773479237.869077442] [Ground]: 识别到QR码: 葵花种子
[INFO] [1773479237.903898508] [Ground]: 识别到QR码: 太阳花种子
[INFO] [1773479237.904837567] [Ground]: 识别到QR码: 葵花种子
[INFO] [1773479237.934738988] [Ground]: 识别到QR码: 太阳花种子
[INFO] [1773479237.936360425] [Ground]: 识别到QR码: 葵花种子
[INFO] [1773479237.967956248] [Ground]: 识别到QR码: 太阳花种子
[INFO] [1773479237.969511393] [Ground]: 识别到QR码: 葵花种子
[INFO] [1773479238.004799452] [Ground]: 识别到QR码: 太阳花种子
[INFO] [1773479238.006742731] [Ground]: 识别到QR码: 葵花种子
[INFO] [1773479238.034574359] [Ground]: 识别到QR码: 太阳花种子
[INFO] [1773479238.037169815] [Ground]: 识别到QR码: 葵花种子
[INFO] [1773479238.069712321] [Ground]: 识别到QR码: 太阳花种子
[INFO] [1773479238.074304673] [Ground]: 识别到QR码: 葵花种子
[INFO] [1773479238.106759219] [Ground]: 识别到QR码: 太阳花种子
[INFO] [1773479238.108132617] [Ground]: 识别到QR码: 葵花种子
[INFO] [1773479238.150671320] [Ground]: 识别到QR码: 太阳花种子
[INFO] [1773479238.153084495] [Ground]: 识别到QR码: 葵花种子
[INFO] [1773479238.164702330] [Ground]: 识别到QR码: 太阳花种子
[INFO] [1773479238.166453049] [Ground]: 识别到QR码: 葵花种子
[INFO] [1773479238.201373125] [Ground]: 识别到QR码: 太阳花种子
[INFO] [1773479238.203313235] [Ground]: 识别到QR码: 葵花种子
[INFO] [1773479238.263378960] [Ground]: 识别到QR码: 太阳花种子
[INFO] [1773479238.264956398] [Ground]: 识别到QR码: 葵花种子
[INFO] [1773479238.286877261] [Ground]: 识别到QR码: 太阳花种子
[INFO] [1773479238.294204319] [Ground]: 识别到QR码: 葵花种子
[INFO] [1773479238.302163375] [Ground]: 识别到QR码: 太阳花种子
[INFO] [1773479238.303519304] [Ground]: 识别到QR码: 葵花种子
[INFO] [1773479238.337672874] [Ground]: 识别到QR码: 太阳花种子
[INFO] [1773479238.338627673] [Ground]: 识别到QR码: 葵花种子
[INFO] [1773479238.375108639] [Ground]: 识别到QR码: 太阳花种子
[INFO] [1773479238.376271012] [Ground]: 识别到QR码: 葵花种子
[INFO] [1773479238.402399836] [Ground]: 识别到QR码: 太阳花种子
[INFO] [1773479238.406332718] [Ground]: 识别到QR码: 葵花种子
[INFO] [1773479238.444570359] [Ground]: 识别到QR码: 太阳花种子
[INFO] [1773479238.445688921] [Ground]: 识别到QR码: 葵花种子
[INFO] [1773479238.471540875] [Ground]: 识别到QR码: 太阳花种子
[INFO] [1773479238.472572012] [Ground]: 识别到QR码: 葵花种子
[INFO] [1773479238.503749767] [Ground]: 识别到QR码: 太阳花种子
[INFO] [1773479238.505527722] [Ground]: 识别到QR码: 葵花种子
[INFO] [1773479238.546850607] [Ground]: 识别到QR码: 太阳花种子
[INFO] [1773479238.549156937] [Ground]: 识别到QR码: 葵花种子
[INFO] [1773479238.572808355] [Ground]: 识别到QR码: 太阳花种子
[INFO] [1773479238.574441994] [Ground]: 识别到QR码: 葵花种子
[INFO] [1773479238.607818641] [Ground]: 识别到QR码: 太阳花种子
[INFO] [1773479238.608614205] [Ground]: 识别到QR码: 葵花种子
[INFO] [1773479238.639098858] [Ground]: 识别到QR码: 太阳花种子
[INFO] [1773479238.639959265] [Ground]: 识别到QR码: 葵花种子
[INFO] [1773479238.672875271] [Ground]: 识别到QR码: 太阳花种子
[INFO] [1773479238.673777207] [Ground]: 识别到QR码: 葵花种子
[INFO] [1773479238.706897298] [Ground]: 识别到QR码: 太阳花种子
[INFO] [1773479238.708442775] [Ground]: 识别到QR码: 葵花种子
[INFO] [1773479238.743825549] [Ground]: 识别到QR码: 太阳花种子
[INFO] [1773479238.744974232] [Ground]: 识别到QR码: 葵花种子
[INFO] [1773479238.775658032] [Ground]: 识别到QR码: 太阳花种子
[INFO] [1773479238.777762496] [Ground]: 识别到QR码: 葵花种子
[INFO] [1773479238.816063962] [Ground]: 识别到QR码: 太阳花种子
[INFO] [1773479238.817365879] [Ground]: 识别到QR码: 葵花种子
[INFO] [1773479238.842958736] [Ground]: 识别到QR码: 太阳花种子
[INFO] [1773479238.844111305] [Ground]: 识别到QR码: 葵花种子
[INFO] [1773479238.871333579] [Ground]: 识别到QR码: 太阳花种子
[INFO] [1773479238.872827973] [Ground]: 识别到QR码: 葵花种子
[INFO] [1773479238.919156259] [Ground]: 识别到QR码: 太阳花种子
[INFO] [1773479238.937009292] [Ground]: 识别到QR码: 太阳花种子
[INFO] [1773479238.937951407] [Ground]: 识别到QR码: 葵花种子
[INFO] [1773479238.974712751] [Ground]: 识别到QR码: 太阳花种子
[INFO] [1773479238.981801121] [Ground]: 识别到QR码: 葵花种子
[INFO] [1773479239.006868756] [Ground]: 识别到QR码: 太阳花种子
[INFO] [1773479239.007980928] [Ground]: 识别到QR码: 葵花种子
[INFO] [1773479239.044613972] [Ground]: 识别到QR码: 太阳花种子
[INFO] [1773479239.046029353] [Ground]: 识别到QR码: 葵花种子
[INFO] [1773479239.075426590] [Ground]: 识别到QR码: 太阳花种子
[INFO] [1773479239.076247172] [Ground]: 识别到QR码: 葵花种子
[INFO] [1773479239.106388944] [Ground]: 识别到QR码: 太阳花种子
[INFO] [1773479239.107498048] [Ground]: 识别到QR码: 葵花种子
[INFO] [1773479239.144901391] [Ground]: 识别到QR码: 太阳花种子
[INFO] [1773479239.146068721] [Ground]: 识别到QR码: 葵花种子
[INFO] [1773479239.173367081] [Ground]: 识别到QR码: 太阳花种子
[INFO] [1773479239.174438629] [Ground]: 识别到QR码: 葵花种子
[INFO] [1773479239.214913294] [Ground]: 识别到QR码: 太阳花种子
[INFO] [1773479239.217036939] [Ground]: 识别到QR码: 葵花种子
[INFO] [1773479239.241406990] [Ground]: 识别到QR码: 太阳花种子
[INFO] [1773479239.243694188] [Ground]: 识别到QR码: 葵花种子
[INFO] [1773479239.308494606] [Ground]: 识别到QR码: 太阳花种子
[INFO] [1773479239.313450237] [Ground]: 识别到QR码: 葵花种子
[INFO] [1773479239.314983930] [Ground]: 识别到QR码: 太阳花种子
[INFO] [1773479239.315720684] [Ground]: 识别到QR码: 葵花种子
[INFO] [1773479239.340067436] [Ground]: 识别到QR码: 太阳花种子
[INFO] [1773479239.341482527] [Ground]: 识别到QR码: 葵花种子
[INFO] [1773479239.382156208] [Ground]: 识别到QR码: 太阳花种子
[INFO] [1773479239.383253127] [Ground]: 识别到QR码: 葵花种子
[INFO] [1773479239.407980259] [Ground]: 识别到QR码: 太阳花种子
[INFO] [1773479239.408875593] [Ground]: 识别到QR码: 葵花种子
[INFO] [1773479239.448229159] [Ground]: 识别到QR码: 太阳花种子
[INFO] [1773479239.480980599] [Ground]: 识别到QR码: 太阳花种子
[INFO] [1773479239.482427806] [Ground]: 识别到QR码: 葵花种子
[INFO] [1773479239.508100534] [Ground]: 识别到QR码: 太阳花种子
[INFO] [1773479239.509465425] [Ground]: 识别到QR码: 葵花种子
[INFO] [1773479239.550076190] [Ground]: 识别到QR码: 太阳花种子
[INFO] [1773479239.551202056] [Ground]: 识别到QR码: 葵花种子
[INFO] [1773479239.576311644] [Ground]: 识别到QR码: 太阳花种子
[INFO] [1773479239.577121448] [Ground]: 识别到QR码: 葵花种子
[INFO] [1773479239.610403121] [Ground]: 识别到QR码: 太阳花种子
[INFO] [1773479239.611658218] [Ground]: 识别到QR码: 葵花种子
[INFO] [1773479239.657490397] [Ground]: 识别到QR码: 太阳花种子
[INFO] [1773479239.676638485] [Ground]: 识别到QR码: 太阳花种子
[INFO] [1773479239.677739321] [Ground]: 识别到QR码: 葵花种子
[INFO] [1773479239.716696949] [Ground]: 识别到QR码: 葵花种子
[INFO] [1773479239.786299175] [Ground]: 识别到QR码: 葵花种子
[INFO] [1773479239.820809674] [Ground]: 识别到QR码: 葵花种子
[INFO] [1773479239.841243249] [Ground]: 识别到QR码: 葵花种子
[INFO] [1773479239.882317890] [Ground]: 识别到QR码: 葵花种子
[INFO] [1773479239.913579494] [Ground]: 识别到QR码: 葵花种子
[INFO] [1773479239.946894007] [Ground]: 识别到QR码: 葵花种子
[INFO] [1773479240.048154744] [Ground]: 识别到QR码: 葵花种子
[INFO] [1773479240.117003652] [Ground]: 识别到QR码: 葵花种子
[INFO] [1773479240.143545542] [Ground]: 识别到QR码: 葵花种子
[INFO] [1773479240.221037775] [Ground]: 识别到QR码: 葵花种子
[INFO] [1773479240.253533732] [Ground]: 识别到QR码: 葵花种子
[INFO] [1773479240.281213495] [Ground]: 识别到QR码: 葵花种子
[INFO] [1773479240.332226570] [Ground]: 识别到QR码: 葵花种子
[INFO] [1773479240.385109588] [Ground]: 识别到QR码: 葵花种子
[INFO] [1773479240.423103261] [Ground]: 识别到QR码: 葵花种子
[INFO] [1773479240.450323786] [Ground]: 识别到QR码: 葵花种子
[INFO] [1773479240.521543420] [Ground]: 识别到QR码: 葵花种子
[INFO] [1773479240.553708361] [Ground]: 识别到QR码: 葵花种子
[INFO] [1773479240.590761903] [Ground]: 识别到QR码: 葵花种子
[INFO] [1773479240.719524403] [Ground]: 识别到QR码: 葵花种子
[INFO] [1773479240.749436270] [Ground]: 识别到QR码: 葵花种子
[INFO] [1773479240.787186626] [Ground]: 识别到QR码: 葵花种子
[INFO] [1773479240.831864959] [Ground]: 识别到QR码: 葵花种子
[INFO] [1773479240.865356888] [Ground]: 识别到QR码: 葵花种子
[INFO] [1773479240.915450702] [Ground]: 识别到QR码: 葵花种子
[INFO] [1773479240.917119714] [Ground]: 识别到QR码: 葵花种子
[INFO] [1773479240.962917352] [Ground]: 识别到QR码: 葵花种子
[INFO] [1773479240.985463925] [Ground]: 识别到QR码: 葵花种子
[INFO] [1773479241.021483545] [Ground]: 识别到QR码: 葵花种子
[INFO] [1773479241.054069092] [Ground]: 识别到QR码: 葵花种子
[INFO] [1773479241.089905554] [Ground]: 识别到QR码: 葵花种子
[INFO] [1773479241.120641746] [Ground]: 识别到QR码: 葵花种子
[INFO] [1773479241.155183003] [Ground]: 识别到QR码: 葵花种子
[INFO] [1773479241.196437482] [Ground]: 识别到QR码: 葵花种子
[INFO] [1773479241.225742210] [Ground]: 识别到QR码: 葵花种子
[INFO] [1773479241.253589620] [Ground]: 识别到QR码: 葵花种子
[INFO] [1773479241.315134446] [Ground]: 识别到QR码: 葵花种子
[INFO] [1773479241.336565291] [Ground]: 识别到QR码: 葵花种子
[INFO] [1773479241.365298901] [Ground]: 识别到QR码: 葵花种子
[INFO] [1773479241.398182787] [Ground]: 识别到QR码: 葵花种子
[INFO] [1773479241.431082802] [Ground]: 识别到QR码: 葵花种子
[INFO] [1773479241.462718907] [Ground]: 识别到QR码: 葵花种子
[INFO] [1773479241.502880571] [Ground]: 识别到QR码: 葵花种子
[INFO] [1773479241.528531539] [Ground]: 识别到QR码: 葵花种子
[INFO] [1773479241.567847696] [Ground]: 识别到QR码: 葵花种子
[INFO] [1773479241.594182304] [Ground]: 识别到QR码: 葵花种子
[INFO] [1773479241.634915280] [Ground]: 识别到QR码: 葵花种子
[INFO] [1773479241.662024433] [Ground]: 识别到QR码: 葵花种子
[INFO] [1773479241.703838605] [Ground]: 识别到QR码: 葵花种子
[INFO] [1773479241.733003084] [Ground]: 识别到QR码: 葵花种子
[INFO] [1773479241.773104780] [Ground]: 识别到QR码: 葵花种子
[INFO] [1773479241.793557506] [Ground]: 识别到QR码: 葵花种子
[INFO] [1773479241.843421127] [Ground]: 识别到QR码: 葵花种子
[INFO] [1773479241.876656220] [Ground]: 识别到QR码: 葵花种子
[INFO] [1773479241.895011381] [Ground]: 识别到QR码: 葵花种子
[INFO] [1773479241.930043156] [Ground]: 识别到QR码: 葵花种子
[INFO] [1773479241.963934615] [Ground]: 识别到QR码: 葵花种子
[INFO] [1773479241.995931343] [Ground]: 识别到QR码: 葵花种子
[INFO] [1773479242.023738845] [Ground]: 识别到QR码: 葵花种子
[INFO] [1773479242.067529082] [Ground]: 识别到QR码: 葵花种子
[INFO] [1773479242.093895963] [Ground]: 识别到QR码: 葵花种子
[INFO] [1773479242.128868800] [Ground]: 识别到QR码: 葵花种子
[INFO] [1773479242.166572586] [Ground]: 识别到QR码: 葵花种子
[INFO] [1773479242.193284547] [Ground]: 识别到QR码: 葵花种子
[INFO] [1773479242.233535305] [Ground]: 识别到QR码: 葵花种子
[INFO] [1773479242.258580352] [Ground]: 识别到QR码: 葵花种子
[INFO] [1773479242.302065459] [Ground]: 识别到QR码: 葵花种子
[INFO] [1773479242.333609871] [Ground]: 识别到QR码: 葵花种子
[INFO] [1773479242.380769448] [Ground]: 识别到QR码: 葵花种子
[INFO] [1773479242.396773866] [Ground]: 识别到QR码: 葵花种子
[INFO] [1773479242.456071644] [Ground]: 识别到QR码: 葵花种子
[INFO] [1773479242.463835167] [Ground]: 识别到QR码: 葵花种子
[INFO] [1773479242.499382588] [Ground]: 识别到QR码: 葵花种子
[INFO] [1773479242.531166231] [Ground]: 识别到QR码: 葵花种子
[INFO] [1773479242.564193538] [Ground]: 识别到QR码: 葵花种子
[INFO] [1773479242.601904889] [Ground]: 识别到QR码: 葵花种子
[INFO] [1773479242.630280461] [Ground]: 识别到QR码: 葵花种子
[INFO] [1773479242.668829680] [Ground]: 识别到QR码: 葵花种子
[INFO] [1773479242.699157519] [Ground]: 识别到QR码: 葵花种子
[INFO] [1773479242.732895423] [Ground]: 识别到QR码: 葵花种子
[INFO] [1773479242.775591144] [Ground]: 识别到QR码: 葵花种子
[INFO] [1773479242.798278628] [Ground]: 识别到QR码: 葵花种子
[INFO] [1773479242.838953836] [Ground]: 识别到QR码: 葵花种子
[INFO] [1773479242.876398083] [Ground]: 识别到QR码: 葵花种子
[INFO] [1773479242.898825238] [Ground]: 识别到QR码: 葵花种子
[INFO] [1773479242.942088549] [Ground]: 识别到QR码: 葵花种子
[INFO] [1773479242.967685455] [Ground]: 识别到QR码: 葵花种子
[INFO] [1773479243.007088714] [Ground]: 识别到QR码: 葵花种子
[INFO] [1773479243.032497290] [Ground]: 识别到QR码: 葵花种子
[INFO] [1773479243.069570712] [Ground]: 识别到QR码: 葵花种子
[INFO] [1773479243.102333626] [Ground]: 识别到QR码: 葵花种子
[INFO] [1773479243.135779727] [Ground]: 识别到QR码: 葵花种子
[INFO] [1773479243.171657708] [Ground]: 识别到QR码: 葵花种子
[INFO] [1773479243.202510701] [Ground]: 识别到QR码: 葵花种子
[INFO] [1773479243.244448542] [Ground]: 识别到QR码: 葵花种子
[INFO] [1773479243.275673231] [Ground]: 识别到QR码: 葵花种子
[INFO] [1773479243.302933761] [Ground]: 识别到QR码: 葵花种子
[INFO] [1773479243.338608663] [Ground]: 识别到QR码: 葵花种子
[INFO] [1773479243.383523307] [Ground]: 识别到QR码: 葵花种子
[INFO] [1773479243.408668081] [Ground]: 识别到QR码: 葵花种子
[INFO] [1773479243.441651764] [Ground]: 识别到QR码: 葵花种子
[INFO] [1773479243.474869023] [Ground]: 识别到QR码: 葵花种子
[INFO] [1773479243.502551528] [Ground]: 识别到QR码: 葵花种子
[INFO] [1773479243.537713059] [Ground]: 识别到QR码: 葵花种子
[INFO] [1773479243.570178506] [Ground]: 识别到QR码: 葵花种子
[INFO] [1773479243.606480946] [Ground]: 识别到QR码: 葵花种子
[INFO] [1773479243.641767412] [Ground]: 识别到QR码: 葵花种子
[INFO] [1773479243.682204358] [Ground]: 识别到QR码: 葵花种子
[INFO] [1773479243.709415567] [Ground]: 识别到QR码: 葵花种子
[INFO] [1773479243.738698608] [Ground]: 识别到QR码: 葵花种子
[INFO] [1773479243.772986449] [Ground]: 识别到QR码: 葵花种子
[INFO] [1773479243.838289088] [Ground]: 识别到QR码: 葵花种子
[INFO] [1773479243.874795890] [Ground]: 识别到QR码: 葵花种子
[INFO] [1773479243.910841682] [Ground]: 识别到QR码: 葵花种子
[INFO] [1773479243.938890439] [Ground]: 识别到QR码: 葵花种子
[INFO] [1773479243.979017899] [Ground]: 识别到QR码: 葵花种子
[INFO] [1773479244.004358931] [Ground]: 识别到QR码: 葵花种子
[INFO] [1773479244.048355166] [Ground]: 识别到QR码: 葵花种子
[INFO] [1773479244.071806171] [Ground]: 识别到QR码: 葵花种子
[INFO] [1773479244.104309441] [Ground]: 识别到QR码: 葵花种子
[INFO] [1773479244.144433754] [Ground]: 识别到QR码: 葵花种子
[INFO] [1773479244.172919394] [Ground]: 识别到QR码: 葵花种子
[INFO] [1773479244.214069215] [Ground]: 识别到QR码: 葵花种子
[INFO] [1773479244.240680969] [Ground]: 识别到QR码: 葵花种子
[INFO] [1773479244.273555805] [Ground]: 识别到QR码: 葵花种子
[INFO] [1773479244.315872814] [Ground]: 识别到QR码: 葵花种子
[INFO] [1773479244.339981150] [Ground]: 识别到QR码: 葵花种子
[INFO] [1773479244.386449232] [Ground]: 识别到QR码: 葵花种子
[INFO] [1773479244.436692594] [Ground]: 识别到QR码: 葵花种子
[INFO] [1773479244.440832349] [Ground]: 识别到QR码: 葵花种子
[INFO] [1773479244.505341720] [Ground]: 识别到QR码: 葵花种子
[INFO] [1773479244.510534877] [Ground]: 识别到QR码: 葵花种子
[INFO] [1773479244.555099421] [Ground]: 识别到QR码: 葵花种子
[INFO] [1773479244.575762611] [Ground]: 识别到QR码: 葵花种子
[INFO] [1773479244.614890934] [Ground]: 识别到QR码: 葵花种子
[INFO] [1773479244.654778937] [Ground]: 识别到QR码: 葵花种子
[INFO] [1773479244.678103143] [Ground]: 识别到QR码: 葵花种子
[INFO] [1773479244.714081197] [Ground]: 识别到QR码: 葵花种子
[INFO] [1773479244.750304181] [Ground]: 识别到QR码: 葵花种子
[INFO] [1773479244.778853357] [Ground]: 识别到QR码: 葵花种子
[INFO] [1773479244.818227939] [Ground]: 识别到QR码: 葵花种子
[INFO] [1773479244.843410231] [Ground]: 识别到QR码: 葵花种子
[INFO] [1773479244.881734402] [Ground]: 识别到QR码: 葵花种子
[INFO] [1773479244.936885262] [Ground]: 识别到QR码: 葵花种子
[INFO] [1773479244.956266377] [Ground]: 识别到QR码: 葵花种子
[INFO] [1773479245.017424763] [Ground]: 识别到QR码: 葵花种子
[INFO] [1773479245.047232187] [Ground]: 识别到QR码: 葵花种子
[INFO] [1773479245.087592931] [Ground]: 识别到QR码: 葵花种子
[INFO] [1773479245.118888046] [Ground]: 识别到QR码: 葵花种子
[INFO] [1773479245.148943748] [Ground]: 识别到QR码: 葵花种子
[INFO] [1773479245.183027260] [Ground]: 识别到QR码: 葵花种子
[INFO] [1773479245.215787373] [Ground]: 识别到QR码: 葵花种子
[INFO] [1773479245.251629427] [Ground]: 识别到QR码: 葵花种子
[INFO] [1773479245.291848342] [Ground]: 识别到QR码: 葵花种子
[INFO] [1773479245.322206152] [Ground]: 识别到QR码: 葵花种子
[INFO] [1773479245.357313480] [Ground]: 识别到QR码: 葵花种子
[INFO] [1773479245.394700176] [Ground]: 识别到QR码: 葵花种子
[INFO] [1773479245.433168037] [Ground]: 识别到QR码: 葵花种子
[INFO] [1773479245.466998633] [Ground]: 识别到QR码: 葵花种子
[INFO] [1773479245.485672188] [Ground]: 识别到QR码: 葵花种子
[INFO] [1773479245.525907537] [Ground]: 识别到QR码: 葵花种子
[INFO] [1773479245.548651266] [Ground]: 识别到QR码: 葵花种子
[INFO] [1773479245.590224027] [Ground]: 识别到QR码: 葵花种子
[INFO] [1773479245.633280335] [Ground]: 识别到QR码: 葵花种子
[INFO] [1773479245.650812296] [Ground]: 识别到QR码: 葵花种子
[INFO] [1773479245.688128474] [Ground]: 识别到QR码: 葵花种子
[INFO] [1773479245.716094376] [Ground]: 识别到QR码: 葵花种子
[INFO] [1773479245.757816005] [Ground]: 识别到QR码: 葵花种子
[INFO] [1773479245.804969277] [Ground]: 识别到QR码: 葵花种子
[INFO] [1773479245.816285079] [Ground]: 识别到QR码: 葵花种子
[INFO] [1773479245.865678613] [Ground]: 识别到QR码: 葵花种子
[INFO] [1773479245.888823203] [Ground]: 识别到QR码: 葵花种子
[INFO] [1773479245.922141920] [Ground]: 识别到QR码: 葵花种子
[INFO] [1773479246.897847843] [Ground]: 识别到QR码: 太阳花种子
[INFO] [1773479247.236109621] [Ground]: 识别到QR码: 太阳花种子
[INFO] [1773479247.482777715] [Ground]: 识别到QR码: 太阳花种子
[INFO] [1773479247.515598001] [Ground]: 识别到QR码: 太阳花种子
[INFO] [1773479248.587602318] [Ground]: 识别到QR码: 太阳花种子
[INFO] [1773479248.610338094] [Ground]: 识别到QR码: 太阳花种子
[INFO] [1773479248.635112380] [Ground]: 识别到QR码: 太阳花种子
[INFO] [1773479248.686819258] [Ground]: 识别到QR码: 太阳花种子
[INFO] [1773479248.707935490] [Ground]: 识别到QR码: 太阳花种子
[INFO] [1773479248.735294924] [Ground]: 识别到QR码: 太阳花种子
[INFO] [1773479248.778843449] [Ground]: 识别到QR码: 太阳花种子
[INFO] [1773479248.802365641] [Ground]: 识别到QR码: 太阳花种子
[INFO] [1773479248.837459655] [Ground]: 识别到QR码: 太阳花种子
[INFO] [1773479248.880232225] [Ground]: 识别到QR码: 太阳花种子
[INFO] [1773479248.904029101] [Ground]: 识别到QR码: 太阳花种子
[INFO] [1773479248.939356606] [Ground]: 识别到QR码: 太阳花种子
[INFO] [1773479248.978880679] [Ground]: 识别到QR码: 太阳花种子
[INFO] [1773479249.004677557] [Ground]: 识别到QR码: 太阳花种子
[INFO] [1773479249.049215073] [Ground]: 识别到QR码: 太阳花种子
[INFO] [1773479249.079106156] [Ground]: 识别到QR码: 太阳花种子
[INFO] [1773479249.127579982] [Ground]: 识别到QR码: 太阳花种子
[INFO] [1773479249.145923573] [Ground]: 识别到QR码: 太阳花种子
[INFO] [1773479249.173780545] [Ground]: 识别到QR码: 太阳花种子
[INFO] [1773479249.209280874] [Ground]: 识别到QR码: 太阳花种子
[INFO] [1773479249.249945242] [Ground]: 识别到QR码: 太阳花种子
[INFO] [1773479249.290674160] [Ground]: 识别到QR码: 太阳花种子
[INFO] [1773479249.314981950] [Ground]: 识别到QR码: 太阳花种子
[INFO] [1773479249.347552141] [Ground]: 识别到QR码: 太阳花种子
[INFO] [1773479249.388628912] [Ground]: 识别到QR码: 太阳花种子
[INFO] [1773479249.407899744] [Ground]: 识别到QR码: 太阳花种子
[INFO] [1773479249.467360056] [Ground]: 识别到QR码: 太阳花种子
[INFO] [1773479249.488412710] [Ground]: 识别到QR码: 太阳花种子
[INFO] [1773479249.515792712] [Ground]: 识别到QR码: 太阳花种子
[INFO] [1773479249.554703188] [Ground]: 识别到QR码: 太阳花种子
[INFO] [1773479249.580983206] [Ground]: 识别到QR码: 太阳花种子
[INFO] [1773479249.610921487] [Ground]: 识别到QR码: 太阳花种子
[INFO] [1773479249.646287335] [Ground]: 识别到QR码: 太阳花种子
[INFO] [1773479249.679717518] [Ground]: 识别到QR码: 太阳花种子
[INFO] [1773479249.717714506] [Ground]: 识别到QR码: 太阳花种子
[INFO] [1773479249.744058296] [Ground]: 识别到QR码: 太阳花种子
[INFO] [1773479249.780354323] [Ground]: 识别到QR码: 太阳花种子
[INFO] [1773479249.825033698] [Ground]: 识别到QR码: 太阳花种子
[INFO] [1773479249.842186096] [Ground]: 识别到QR码: 太阳花种子
[INFO] [1773479249.899749285] [Ground]: 识别到QR码: 太阳花种子
[INFO] [1773479249.920132477] [Ground]: 识别到QR码: 太阳花种子
[INFO] [1773479249.943192862] [Ground]: 识别到QR码: 太阳花种子
[INFO] [1773479249.988744256] [Ground]: 识别到QR码: 太阳花种子
[INFO] [1773479250.014925353] [Ground]: 识别到QR码: 太阳花种子
[INFO] [1773479250.060101673] [Ground]: 识别到QR码: 太阳花种子
[INFO] [1773479250.079795053] [Ground]: 识别到QR码: 太阳花种子
[INFO] [1773479250.115265217] [Ground]: 识别到QR码: 太阳花种子
[INFO] [1773479250.148545068] [Ground]: 识别到QR码: 太阳花种子
[INFO] [1773479250.194590740] [Ground]: 识别到QR码: 太阳花种子
[INFO] [1773479250.213492058] [Ground]: 识别到QR码: 太阳花种子
[INFO] [1773479250.272063743] [Ground]: 识别到QR码: 太阳花种子
[INFO] [1773479250.285053215] [Ground]: 识别到QR码: 太阳花种子
[INFO] [1773479250.316739029] [Ground]: 识别到QR码: 太阳花种子
[INFO] [1773479250.350482514] [Ground]: 识别到QR码: 太阳花种子
[INFO] [1773479250.383760057] [Ground]: 识别到QR码: 太阳花种子
[INFO] [1773479250.420775118] [Ground]: 识别到QR码: 太阳花种子
[INFO] [1773479250.449701845] [Ground]: 识别到QR码: 太阳花种子
[INFO] [1773479250.499262564] [Ground]: 识别到QR码: 太阳花种子
[INFO] [1773479250.523211186] [Ground]: 识别到QR码: 太阳花种子
[INFO] [1773479250.566807910] [Ground]: 识别到QR码: 太阳花种子
[INFO] [1773479250.598767045] [Ground]: 识别到QR码: 太阳花种子
[INFO] [1773479250.622312415] [Ground]: 识别到QR码: 太阳花种子
[INFO] [1773479250.654354775] [Ground]: 识别到QR码: 太阳花种子
[INFO] [1773479250.692304322] [Ground]: 识别到QR码: 太阳花种子
[INFO] [1773479250.721951219] [Ground]: 识别到QR码: 太阳花种子
[INFO] [1773479250.758118593] [Ground]: 识别到QR码: 太阳花种子
[INFO] [1773479250.783730557] [Ground]: 识别到QR码: 太阳花种子
[INFO] [1773479250.819316752] [Ground]: 识别到QR码: 太阳花种子
[INFO] [1773479250.855302324] [Ground]: 识别到QR码: 太阳花种子
[INFO] [1773479250.884704958] [Ground]: 识别到QR码: 太阳花种子
[INFO] [1773479250.921651469] [Ground]: 识别到QR码: 太阳花种子
[INFO] [1773479250.955702855] [Ground]: 识别到QR码: 太阳花种子
[INFO] [1773479250.987265817] [Ground]: 识别到QR码: 太阳花种子
[INFO] [1773479251.023005330] [Ground]: 识别到QR码: 太阳花种子
[INFO] [1773479251.068044189] [Ground]: 识别到QR码: 太阳花种子
[INFO] [1773479251.104973773] [Ground]: 识别到QR码: 太阳花种子
[INFO] [1773479251.126341964] [Ground]: 识别到QR码: 太阳花种子
[INFO] [1773479251.154485688] [Ground]: 识别到QR码: 太阳花种子
[INFO] [1773479251.195590436] [Ground]: 识别到QR码: 太阳花种子
[INFO] [1773479251.219359519] [Ground]: 识别到QR码: 太阳花种子
[INFO] [1773479251.259114908] [Ground]: 识别到QR码: 太阳花种子
[INFO] [1773479251.288246522] [Ground]: 识别到QR码: 太阳花种子
[INFO] [1773479251.366130928] [Ground]: 识别到QR码: 太阳花种子
[INFO] [1773479251.390639188] [Ground]: 识别到QR码: 太阳花种子
[INFO] [1773479251.424850911] [Ground]: 识别到QR码: 太阳花种子
[INFO] [1773479251.456635128] [Ground]: 识别到QR码: 太阳花种子
[INFO] [1773479251.493257191] [Ground]: 识别到QR码: 太阳花种子
[INFO] [1773479251.535844372] [Ground]: 识别到QR码: 太阳花种子
[INFO] [1773479251.575723312] [Ground]: 识别到QR码: 太阳花种子
[INFO] [1773479251.596611962] [Ground]: 识别到QR码: 太阳花种子
[INFO] [1773479251.629474538] [Ground]: 识别到QR码: 太阳花种子
[INFO] [1773479251.672818026] [Ground]: 识别到QR码: 太阳花种子
[INFO] [1773479251.696459971] [Ground]: 识别到QR码: 太阳花种子
[INFO] [1773479251.726206117] [Ground]: 识别到QR码: 太阳花种子
[INFO] [1773479251.762558294] [Ground]: 识别到QR码: 太阳花种子
[INFO] [1773479251.798250424] [Ground]: 识别到QR码: 太阳花种子
[INFO] [1773479251.834341538] [Ground]: 识别到QR码: 太阳花种子
[INFO] [1773479251.876033561] [Ground]: 识别到QR码: 太阳花种子
[INFO] [1773479251.894343302] [Ground]: 识别到QR码: 太阳花种子
[INFO] [1773479251.967980280] [Ground]: 识别到QR码: 太阳花种子
[INFO] [1773479251.991401913] [Ground]: 识别到QR码: 太阳花种子
[INFO] [1773479252.327105476] [Ground]: 识别到QR码: 智能花盆
[INFO] [1773479252.479191578] [Ground]: 识别到QR码: 智能花盆
[INFO] [1773479252.506915226] [Ground]: 识别到QR码: 智能花盆
[INFO] [1773479252.617287563] [Ground]: 识别到QR码: 智能花盆
[INFO] [1773479252.638865252] [Ground]: 识别到QR码: 智能花盆
[INFO] [1773479252.662528079] [Ground]: 识别到QR码: 智能花盆
[INFO] [1773479252.765447748] [Ground]: 识别到QR码: 智能花盆
[INFO] [1773479252.808512877] [Ground]: 识别到QR码: 智能花盆
[INFO] [1773479252.870063229] [Ground]: 识别到QR码: 智能花盆
[INFO] [1773479252.902240236] [Ground]: 识别到QR码: 智能花盆
[INFO] [1773479252.971533567] [Ground]: 识别到QR码: 智能花盆
[INFO] [1773479253.008797594] [Ground]: 识别到QR码: 智能花盆
[INFO] [1773479253.035784077] [Ground]: 识别到QR码: 智能花盆
[INFO] [1773479253.071288389] [Ground]: 识别到QR码: 智能花盆
[INFO] [1773479253.103378899] [Ground]: 识别到QR码: 智能花盆
[INFO] [1773479253.136992591] [Ground]: 识别到QR码: 智能花盆
[INFO] [1773479253.173234071] [Ground]: 识别到QR码: 智能花盆
[INFO] [1773479253.210852613] [Ground]: 识别到QR码: 智能花盆
[INFO] [1773479253.239788876] [Ground]: 识别到QR码: 智能花盆
[INFO] [1773479253.282598252] [Ground]: 识别到QR码: 智能花盆
[INFO] [1773479253.344251642] [Ground]: 识别到QR码: 智能花盆
[INFO] [1773479253.380054821] [Ground]: 识别到QR码: 智能花盆
[INFO] [1773479253.411046497] [Ground]: 识别到QR码: 智能花盆
[INFO] [1773479253.435465089] [Ground]: 识别到QR码: 智能花盆
[INFO] [1773479253.475369692] [Ground]: 识别到QR码: 智能花盆
[INFO] [1773479253.508934934] [Ground]: 识别到QR码: 智能花盆
[INFO] [1773479253.538113976] [Ground]: 识别到QR码: 智能花盆
[INFO] [1773479253.573537001] [Ground]: 识别到QR码: 智能花盆
[INFO] [1773479253.611658194] [Ground]: 识别到QR码: 智能花盆
[INFO] [1773479253.655022035] [Ground]: 识别到QR码: 智能花盆
[INFO] [1773479253.673097413] [Ground]: 识别到QR码: 智能花盆
[INFO] [1773479253.715963454] [Ground]: 识别到QR码: 智能花盆
[INFO] [1773479253.787083768] [Ground]: 识别到QR码: 智能花盆
[INFO] [1773479253.850217362] [Ground]: 识别到QR码: 智能花盆
[INFO] [1773479253.871796459] [Ground]: 识别到QR码: 智能花盆
[INFO] [1773479253.905942214] [Ground]: 识别到QR码: 智能花盆
[INFO] [1773479253.942451973] [Ground]: 识别到QR码: 智能花盆
[INFO] [1773479253.972373844] [Ground]: 识别到QR码: 智能花盆
[INFO] [1773479254.009139065] [Ground]: 识别到QR码: 智能花盆
[INFO] [1773479254.041939388] [Ground]: 识别到QR码: 智能花盆
[INFO] [1773479254.072659120] [Ground]: 识别到QR码: 智能花盆
[INFO] [1773479254.127327710] [Ground]: 识别到QR码: 智能花盆
[INFO] [1773479254.157543015] [Ground]: 识别到QR码: 智能花盆
[INFO] [1773479254.181539861] [Ground]: 识别到QR码: 智能花盆
[INFO] [1773479254.215284422] [Ground]: 识别到QR码: 智能花盆
[INFO] [1773479254.247541833] [Ground]: 识别到QR码: 智能花盆
[INFO] [1773479254.284294621] [Ground]: 识别到QR码: 智能花盆
[INFO] [1773479254.310091866] [Ground]: 识别到QR码: 智能花盆
[INFO] [1773479254.348814533] [Ground]: 识别到QR码: 智能花盆
[INFO] [1773479254.376889233] [Ground]: 识别到QR码: 智能花盆
[INFO] [1773479254.413357669] [Ground]: 识别到QR码: 智能花盆
[INFO] [1773479254.446950794] [Ground]: 识别到QR码: 智能花盆
[INFO] [1773479254.511625459] [Ground]: 识别到QR码: 智能花盆
[INFO] [1773479254.549320046] [Ground]: 识别到QR码: 智能花盆
[INFO] [1773479254.587071763] [Ground]: 识别到QR码: 智能花盆
[INFO] [1773479254.631419959] [Ground]: 识别到QR码: 智能花盆
[INFO] [1773479254.672465065] [Ground]: 识别到QR码: 智能花盆
[INFO] [1773479254.677734291] [Ground]: 识别到QR码: 智能花盆
[INFO] [1773479254.724024731] [Ground]: 识别到QR码: 智能花盆
[INFO] [1773479254.784479569] [Ground]: 识别到QR码: 智能花盆
[INFO] [1773479254.813006613] [Ground]: 识别到QR码: 智能花盆
[INFO] [1773479254.844329387] [Ground]: 识别到QR码: 智能花盆
[INFO] [1773479254.884165122] [Ground]: 识别到QR码: 智能花盆
[INFO] [1773479254.915769779] [Ground]: 识别到QR码: 智能花盆
[INFO] [1773479254.949723686] [Ground]: 识别到QR码: 智能花盆
[INFO] [1773479254.994013980] [Ground]: 识别到QR码: 智能花盆
[INFO] [1773479255.021856958] [Ground]: 识别到QR码: 智能花盆
[INFO] [1773479255.055104475] [Ground]: 识别到QR码: 智能花盆
[INFO] [1773479255.083795795] [Ground]: 识别到QR码: 智能花盆
[INFO] [1773479255.157410919] [Ground]: 识别到QR码: 智能花盆
[INFO] [1773479255.182429726] [Ground]: 识别到QR码: 智能花盆
[INFO] [1773479255.222643115] [Ground]: 识别到QR码: 智能花盆
[INFO] [1773479255.266795056] [Ground]: 识别到QR码: 智能花盆
[INFO] [1773479255.290206137] [Ground]: 识别到QR码: 智能花盆
[INFO] [1773479255.322412485] [Ground]: 识别到QR码: 智能花盆
[INFO] [1773479255.357153928] [Ground]: 识别到QR码: 智能花盆
[INFO] [1773479255.392048316] [Ground]: 识别到QR码: 智能花盆
[INFO] [1773479255.419188188] [Ground]: 识别到QR码: 智能花盆
[INFO] [1773479255.455412711] [Ground]: 识别到QR码: 智能花盆
[INFO] [1773479255.494889611] [Ground]: 识别到QR码: 智能花盆
[INFO] [1773479255.533736504] [Ground]: 识别到QR码: 智能花盆
[INFO] [1773479255.589192044] [Ground]: 识别到QR码: 智能花盆
[INFO] [1773479255.721665681] [Ground]: 识别到QR码: 智能花盆
[INFO] [1773479255.773982808] [Ground]: 识别到QR码: 智能花盆
[INFO] [1773479255.787431583] [Ground]: 识别到QR码: 智能花盆
[INFO] [1773479255.827705550] [Ground]: 识别到QR码: 智能花盆
[INFO] [1773479255.851067838] [Ground]: 识别到QR码: 智能花盆
[INFO] [1773479255.889387739] [Ground]: 识别到QR码: 智能花盆
[INFO] [1773479255.928417401] [Ground]: 识别到QR码: 智能花盆
[INFO] [1773479255.957071177] [Ground]: 识别到QR码: 智能花盆
[INFO] [1773479255.995114728] [Ground]: 识别到QR码: 智能花盆
[INFO] [1773479256.020500083] [Ground]: 识别到QR码: 智能花盆
[INFO] [1773479256.087338460] [Ground]: 识别到QR码: 智能花盆
[INFO] [1773479256.125297979] [Ground]: 识别到QR码: 智能花盆
[INFO] [1773479256.179743559] [Ground]: 识别到QR码: 智能花盆
[INFO] [1773479256.188797523] [Ground]: 识别到QR码: 智能花盆
[INFO] [1773479256.222187267] [Ground]: 识别到QR码: 智能花盆
[INFO] [1773479256.267853285] [Ground]: 识别到QR码: 智能花盆
[INFO] [1773479256.290522736] [Ground]: 识别到QR码: 智能花盆
[INFO] [1773479256.325079600] [Ground]: 识别到QR码: 智能花盆
[INFO] [1773479256.356772430] [Ground]: 识别到QR码: 智能花盆
[INFO] [1773479256.431149000] [Ground]: 识别到QR码: 智能花盆
[INFO] [1773479256.458803004] [Ground]: 识别到QR码: 智能花盆
[INFO] [1773479256.488701563] [Ground]: 识别到QR码: 智能花盆
[INFO] [1773479256.542161077] [Ground]: 识别到QR码: 智能花盆
[INFO] [1773479256.592703159] [Ground]: 识别到QR码: 智能花盆
[INFO] [1773479256.628779800] [Ground]: 识别到QR码: 智能花盆
[INFO] [1773479256.657147786] [Ground]: 识别到QR码: 智能花盆
[INFO] [1773479256.697251451] [Ground]: 识别到QR码: 智能花盆
[INFO] [1773479256.782801566] [Ground]: 识别到QR码: 智能花盆
[INFO] [1773479256.807608122] [Ground]: 识别到QR码: 智能花盆
[INFO] [1773479256.836187969] [Ground]: 识别到QR码: 智能花盆
[INFO] [1773479256.861954837] [Ground]: 识别到QR码: 智能花盆
[INFO] [1773479256.902142559] [Ground]: 识别到QR码: 智能花盆
[INFO] [1773479256.930807096] [Ground]: 识别到QR码: 智能花盆
[INFO] [1773479256.962747380] [Ground]: 识别到QR码: 智能花盆
[INFO] [1773479256.996203991] [Ground]: 识别到QR码: 智能花盆
[INFO] [1773479257.049058155] [Ground]: 识别到QR码: 智能花盆
[INFO] [1773479257.067913744] [Ground]: 识别到QR码: 智能花盆
[INFO] [1773479257.098017023] [Ground]: 识别到QR码: 智能花盆
[INFO] [1773479257.138560991] [Ground]: 识别到QR码: 智能花盆
[INFO] [1773479257.211194009] [Ground]: 识别到QR码: 智能花盆
[INFO] [1773479257.229116129] [Ground]: 识别到QR码: 智能花盆
[INFO] [1773479257.267385754] [Ground]: 识别到QR码: 智能花盆
[INFO] [1773479257.301748521] [Ground]: 识别到QR码: 智能花盆
[INFO] [1773479257.331997462] [Ground]: 识别到QR码: 智能花盆
[INFO] [1773479257.369762148] [Ground]: 识别到QR码: 智能花盆
[INFO] [1773479257.417364755] [Ground]: 识别到QR码: 智能花盆
[INFO] [1773479257.438183374] [Ground]: 识别到QR码: 智能花盆
[INFO] [1773479257.475090237] [Ground]: 识别到QR码: 智能花盆
[INFO] [1773479257.500080699] [Ground]: 识别到QR码: 智能花盆
[INFO] [1773479257.549536657] [Ground]: 识别到QR码: 智能花盆
[INFO] [1773479257.581012908] [Ground]: 识别到QR码: 智能花盆
[INFO] [1773479257.605903193] [Ground]: 识别到QR码: 智能花盆
[INFO] [1773479257.675798203] [Ground]: 识别到QR码: 智能花盆
[INFO] [1773479257.712902847] [Ground]: 识别到QR码: 智能花盆
[INFO] [1773479257.736715082] [Ground]: 识别到QR码: 智能花盆
[INFO] [1773479257.769154361] [Ground]: 识别到QR码: 智能花盆
[INFO] [1773479257.803511420] [Ground]: 识别到QR码: 智能花盆
[INFO] [1773479257.836065957] [Ground]: 识别到QR码: 智能花盆
[INFO] [1773479257.938686378] [Ground]: 识别到QR码: 智能花盆
[INFO] [1773479257.971233216] [Ground]: 识别到QR码: 智能花盆
[INFO] [1773479258.033548276] [Ground]: 识别到QR码: 智能花盆
[INFO] [1773479258.069786855] [Ground]: 识别到QR码: 智能花盆
[INFO] [1773479258.143738564] [Ground]: 识别到QR码: 智能花盆
[INFO] [1773479258.170043754] [Ground]: 识别到QR码: 智能花盆
[INFO] [1773479258.242491255] [Ground]: 识别到QR码: 智能花盆
[INFO] [1773479258.343879568] [Ground]: 识别到QR码: 智能花盆
[INFO] [1773479258.374681035] [Ground]: 识别到QR码: 智能花盆
[INFO] [1773479258.493342680] [Ground]: 识别到QR码: 智能花盆
[INFO] [1773479258.542892558] [Ground]: 识别到QR码: 智能花盆
[INFO] [1773479258.606025461] [Ground]: 识别到QR码: 智能花盆
[INFO] [1773479258.638364776] [Ground]: 识别到QR码: 智能花盆
[INFO] [1773479258.692888711] [Ground]: 识别到QR码: 智能花盆
[INFO] [1773479258.724190762] [Ground]: 识别到QR码: 智能花盆
[INFO] [1773479258.749476945] [Ground]: 识别到QR码: 智能花盆
[INFO] [1773479258.775960418] [Ground]: 识别到QR码: 智能花盆
[INFO] [1773479258.808230234] [Ground]: 识别到QR码: 智能花盆
[INFO] [1773479258.844247640] [Ground]: 识别到QR码: 智能花盆
[INFO] [1773479258.878483229] [Ground]: 识别到QR码: 智能花盆
[INFO] [1773479258.916264151] [Ground]: 识别到QR码: 智能花盆
[INFO] [1773479258.942811707] [Ground]: 识别到QR码: 智能花盆
[INFO] [1773479258.976335143] [Ground]: 识别到QR码: 智能花盆
[INFO] [1773479259.085378962] [Ground]: 识别到QR码: 智能花盆
[INFO] [1773479259.115469760] [Ground]: 识别到QR码: 智能花盆
[INFO] [1773479259.147412907] [Ground]: 识别到QR码: 智能花盆
[INFO] [1773479259.181932432] [Ground]: 识别到QR码: 智能花盆
[INFO] [1773479259.214415015] [Ground]: 识别到QR码: 智能花盆
[INFO] [1773479259.246430187] [Ground]: 识别到QR码: 智能花盆
[INFO] [1773479259.289529242] [Ground]: 识别到QR码: 智能花盆
[INFO] [1773479259.313009287] [Ground]: 识别到QR码: 智能花盆
[INFO] [1773479259.357176612] [Ground]: 识别到QR码: 智能花盆
[INFO] [1773479259.768939292] [Ground]: 识别到QR码: 智能花盆
[INFO] [1773479259.770183153] [Ground]: 识别到QR码: 葵花种子
[INFO] [1773479259.818340630] [Ground]: 识别到QR码: 太阳花种子
[INFO] [1773479259.825596421] [Ground]: 识别到QR码: 葵花种子
[INFO] [1773479259.866961057] [Ground]: 识别到QR码: 太阳花种子
[INFO] [1773479259.868380158] [Ground]: 识别到QR码: 葵花种子
[INFO] [1773479259.889746979] [Ground]: 识别到QR码: 智能花盆
[INFO] [1773479259.891122151] [Ground]: 识别到QR码: 太阳花种子
[INFO] [1773479259.891957089] [Ground]: 识别到QR码: 葵花种子
[INFO] [1773479259.920987442] [Ground]: 识别到QR码: 太阳花种子
[INFO] [1773479259.924058111] [Ground]: 识别到QR码: 葵花种子
[INFO] [1773479260.000863609] [Ground]: 识别到QR码: 太阳花种子
[INFO] [1773479260.005913900] [Ground]: 识别到QR码: 葵花种子
[INFO] [1773479260.017993764] [Ground]: 识别到QR码: 太阳花种子
[INFO] [1773479260.020695178] [Ground]: 识别到QR码: 葵花种子
[INFO] [1773479260.058120106] [Ground]: 识别到QR码: 太阳花种子
[INFO] [1773479260.059435245] [Ground]: 识别到QR码: 葵花种子
[INFO] [1773479260.156561985] [Ground]: 识别到QR码: 太阳花种子
[INFO] [1773479260.158197500] [Ground]: 识别到QR码: 葵花种子
[INFO] [1773479260.188170371] [Ground]: 识别到QR码: 太阳花种子
[INFO] [1773479260.189786642] [Ground]: 识别到QR码: 葵花种子
[INFO] [1773479260.320356787] [Ground]: 识别到QR码: 太阳花种子
[INFO] [1773479260.340513387] [Ground]: 识别到QR码: 智能花盆
[INFO] [1773479260.342506118] [Ground]: 识别到QR码: 太阳花种子
[INFO] [1773479260.399735196] [Ground]: 识别到QR码: 太阳花种子
[INFO] [1773479260.521686449] [Ground]: 识别到QR码: 太阳花种子
[INFO] [1773479260.523451908] [Ground]: 识别到QR码: 葵花种子
[INFO] [1773479260.565149676] [Ground]: 识别到QR码: 太阳花种子
[INFO] [1773479260.568584414] [Ground]: 识别到QR码: 葵花种子
[INFO] [1773479260.592042181] [Ground]: 识别到QR码: 智能花盆
[INFO] [1773479260.594118933] [Ground]: 识别到QR码: 太阳花种子
[INFO] [1773479260.595476002] [Ground]: 识别到QR码: 葵花种子
[INFO] [1773479260.694101644] [Ground]: 识别到QR码: 太阳花种子
[INFO] [1773479260.695309621] [Ground]: 识别到QR码: 葵花种子
[INFO] [1773479260.729986702] [Ground]: 识别到QR码: 智能花盆
[INFO] [1773479260.731830687] [Ground]: 识别到QR码: 太阳花种子
[INFO] [1773479260.733779211] [Ground]: 识别到QR码: 葵花种子
[INFO] [1773479260.760496234] [Ground]: 识别到QR码: 太阳花种子
[INFO] [1773479260.827295850] [Ground]: 识别到QR码: 太阳花种子
[INFO] [1773479260.828972654] [Ground]: 识别到QR码: 葵花种子
[INFO] [1773479260.857007622] [Ground]: 识别到QR码: 智能花盆
[INFO] [1773479260.858056006] [Ground]: 识别到QR码: 太阳花种子
[INFO] [1773479260.929144789] [Ground]: 识别到QR码: 太阳花种子
[INFO] [1773479260.932886811] [Ground]: 识别到QR码: 葵花种子
[INFO] [1773479260.995446413] [Ground]: 识别到QR码: 葵花种子
[INFO] [1773479261.024582564] [Ground]: 识别到QR码: 太阳花种子
[INFO] [1773479261.026421708] [Ground]: 识别到QR码: 葵花种子
[INFO] [1773479261.094857704] [Ground]: 识别到QR码: 葵花种子
[INFO] [1773479261.125424142] [Ground]: 识别到QR码: 太阳花种子
[INFO] [1773479261.126636896] [Ground]: 识别到QR码: 葵花种子
[INFO] [1773479261.195897957] [Ground]: 识别到QR码: 太阳花种子
[INFO] [1773479261.230707202] [Ground]: 识别到QR码: 太阳花种子
[INFO] [1773479261.267163321] [Ground]: 识别到QR码: 太阳花种子
[INFO] [1773479261.346800257] [Ground]: 识别到QR码: 太阳花种子
[INFO] [1773479261.349103280] [Ground]: 识别到QR码: 太阳花种子
[INFO] [1773479261.364308612] [Ground]: 识别到QR码: 太阳花种子
[INFO] [1773479261.365563178] [Ground]: 识别到QR码: 葵花种子
[INFO] [1773479261.434151643] [Ground]: 识别到QR码: 太阳花种子
[INFO] [1773479261.462932024] [Ground]: 识别到QR码: 太阳花种子
[INFO] [1773479261.500273361] [Ground]: 识别到QR码: 太阳花种子
[INFO] [1773479261.529577802] [Ground]: 识别到QR码: 葵花种子
[INFO] [1773479261.565341554] [Ground]: 识别到QR码: 太阳花种子
[INFO] [1773479261.566282823] [Ground]: 识别到QR码: 葵花种子
[INFO] [1773479261.599679044] [Ground]: 识别到QR码: 太阳花种子
[INFO] [1773479261.630678998] [Ground]: 识别到QR码: 葵花种子
[INFO] [1773479261.668239779] [Ground]: 识别到QR码: 太阳花种子
[INFO] [1773479261.670703940] [Ground]: 识别到QR码: 葵花种子
[INFO] [1773479261.701580688] [Ground]: 识别到QR码: 太阳花种子
[INFO] [1773479261.703116142] [Ground]: 识别到QR码: 葵花种子
[INFO] [1773479261.732037395] [Ground]: 识别到QR码: 太阳花种子
[INFO] [1773479261.734630384] [Ground]: 识别到QR码: 葵花种子
[INFO] [1773479261.775022288] [Ground]: 识别到QR码: 葵花种子
[INFO] [1773479261.817062683] [Ground]: 识别到QR码: 太阳花种子
[INFO] [1773479261.819590756] [Ground]: 识别到QR码: 葵花种子
[INFO] [1773479261.838570900] [Ground]: 识别到QR码: 葵花种子
[INFO] [1773479261.866029719] [Ground]: 识别到QR码: 葵花种子
[INFO] [1773479261.905720732] [Ground]: 识别到QR码: 葵花种子
[INFO] [1773479261.971935412] [Ground]: 识别到QR码: 葵花种子
[INFO] [1773479262.001953620] [Ground]: 识别到QR码: 葵花种子
[INFO] [1773479262.103118532] [Ground]: 识别到QR码: 太阳花种子
[INFO] [1773479262.272619733] [Ground]: 识别到QR码: 葵花种子
[INFO] [1773479262.331445912] [Ground]: 识别到QR码: 太阳花种子
[INFO] [1773479262.332734541] [Ground]: 识别到QR码: 葵花种子
[INFO] [1773479262.358880431] [Ground]: 识别到QR码: 太阳花种子
[INFO] [1773479262.405930361] [Ground]: 识别到QR码: 葵花种子
[INFO] [1773479262.443753376] [Ground]: 识别到QR码: 太阳花种子
[INFO] [1773479262.470243041] [Ground]: 识别到QR码: 太阳花种子
[INFO] [1773479262.472812337] [Ground]: 识别到QR码: 葵花种子
[INFO] [1773479262.540893129] [Ground]: 识别到QR码: 太阳花种子
[INFO] [1773479262.542141921] [Ground]: 识别到QR码: 葵花种子
[INFO] [1773479262.572164603] [Ground]: 识别到QR码: 太阳花种子
[INFO] [1773479262.574572780] [Ground]: 识别到QR码: 葵花种子
[INFO] [1773479262.616162836] [Ground]: 识别到QR码: 太阳花种子
[INFO] [1773479262.617921275] [Ground]: 识别到QR码: 葵花种子
[INFO] [1773479262.638850502] [Ground]: 识别到QR码: 太阳花种子
[INFO] [1773479262.639614212] [Ground]: 识别到QR码: 葵花种子
[INFO] [1773479262.670462848] [Ground]: 识别到QR码: 太阳花种子
[INFO] [1773479262.672342552] [Ground]: 识别到QR码: 葵花种子
[INFO] [1773479262.739754482] [Ground]: 识别到QR码: 太阳花种子
[INFO] [1773479262.741028025] [Ground]: 识别到QR码: 葵花种子
[INFO] [1773479262.770119136] [Ground]: 识别到QR码: 太阳花种子
[INFO] [1773479262.770807412] [Ground]: 识别到QR码: 葵花种子
[INFO] [1773479262.812083431] [Ground]: 识别到QR码: 太阳花种子
[INFO] [1773479262.812755782] [Ground]: 识别到QR码: 葵花种子
[INFO] [1773479262.873334629] [Ground]: 识别到QR码: 太阳花种子
[INFO] [1773479262.875446655] [Ground]: 识别到QR码: 太阳花种子
[INFO] [1773479262.876719672] [Ground]: 识别到QR码: 葵花种子
[INFO] [1773479262.902928619] [Ground]: 识别到QR码: 葵花种子
[INFO] [1773479262.945407445] [Ground]: 识别到QR码: 太阳花种子
[INFO] [1773479263.361531378] [Ground]: 识别到QR码: 葵花种子
[INFO] [1773479263.388377759] [Ground]: 识别到QR码: 葵花种子
[INFO] [1773479263.577616545] [Ground]: 识别到QR码: 太阳花种子
