[INFO] [1775390722.749831015] [navNode]: paths: [
  {"x": 0.00, "y": 0.00, "z": 0.70, "label": "TakeOff", "qrcode": "", "label2": ""       , "qrcode2": "" },
  {"x":-0.25, "y": 0.75, "z": 0.80, "label": "A6"     , "qrcode": "", "label2": ""       , "qrcode2": "" },
  {"x":-0.25, "y": 0.75, "z": 1.20, "label": "A3"     , "qrcode": "", "label2": ""       , "qrcode2": "" },
  {"x":-0.25, "y": 1.25, "z": 1.20, "label": "A2"     , "qrcode": "", "label2": ""       , "qrcode2": "" },
  {"x":-0.25, "y": 1.25, "z": 0.80, "label": "A5"     , "qrcode": "", "label2": ""       , "qrcode2": "" },
  {"x":-0.25, "y": 1.75, "z": 0.80, "label": "A4"     , "qrcode": "", "label2": ""       , "qrcode2": "" },
  {"x":-0.25, "y": 1.75, "z": 1.20, "label": "A1"     , "qrcode": "", "label2": ""       , "qrcode2": "" },
  {"x":-0.25, "y": 2.00, "z": 0.70, "label": "UpSide1", "qrcode": "", "label2": ""       , "qrcode2": "" },
  {"x": 0.75, "y": 2.00, "z": 0.70, "label": "LandPos", "qrcode": "", "label2": ""       , "qrcode2": "" }
]

[INFO] [1775390722.769606288] [navNode]: 上位机导航节点启动成功
[WARN] [1775390722.770137124] [navNode]: 任务开始执行
[INFO] [1775390722.871298759] [navNode]: 状态1：Takeoff--[TakeOff]
[ERROR] [1775390723.122412874] [navNode]: 发送 takeoff 失败: ROS2 服务 [ControlService] 未启动或超时
[INFO] [1775390723.123922112] [navNode]: 状态2：Takeoff_wait--[TakeOff]
[INFO] [1775390723.124300958] [navNode]: 未到目标点
目标位置:(0.0, 0.0, 0.7)-[TakeOff]-[MCU:False]-[POS:False]
当前位置:(0.0, 0.0, 0.0)
[INFO] [1775390723.170983048] [navNode]: 状态2：Takeoff_wait--[TakeOff]
[INFO] [1775390723.171389193] [navNode]: 未到目标点
目标位置:(0.0, 0.0, 0.7)-[TakeOff]-[MCU:False]-[POS:False]
当前位置:(0.0, 0.0, 0.0)
[INFO] [1775390723.271217588] [navNode]: 状态2：Takeoff_wait--[TakeOff]
[INFO] [1775390723.271667629] [navNode]: 未到目标点
目标位置:(0.0, 0.0, 0.7)-[TakeOff]-[MCU:False]-[POS:False]
当前位置:(0.0, 0.0, 0.0)
[INFO] [1775390723.370975186] [navNode]: 状态2：Takeoff_wait--[TakeOff]
[INFO] [1775390723.371398668] [navNode]: 未到目标点
目标位置:(0.0, 0.0, 0.7)-[TakeOff]-[MCU:False]-[POS:False]
当前位置:(0.0, 0.0, 0.0)
[INFO] [1775390723.471556983] [navNode]: 状态2：Takeoff_wait--[TakeOff]
[INFO] [1775390723.472057218] [navNode]: 未到目标点
目标位置:(0.0, 0.0, 0.7)-[TakeOff]-[MCU:False]-[POS:False]
当前位置:(0.0, 0.0, 0.0)
[INFO] [1775390723.571125006] [navNode]: 状态2：Takeoff_wait--[TakeOff]
[INFO] [1775390723.571505989] [navNode]: 未到目标点
目标位置:(0.0, 0.0, 0.7)-[TakeOff]-[MCU:False]-[POS:False]
当前位置:(0.0, 0.0, 0.0)
[INFO] [1775390723.670923695] [navNode]: 状态2：Takeoff_wait--[TakeOff]
[INFO] [1775390723.671277945] [navNode]: 未到目标点
目标位置:(0.0, 0.0, 0.7)-[TakeOff]-[MCU:False]-[POS:False]
当前位置:(0.0, 0.0, 0.0)
[INFO] [1775390723.772955711] [navNode]: 状态2：Takeoff_wait--[TakeOff]
[INFO] [1775390723.773347460] [navNode]: 未到目标点
目标位置:(0.0, 0.0, 0.7)-[TakeOff]-[MCU:False]-[POS:False]
当前位置:(0.0, 0.0, 0.0)
[INFO] [1775390723.870943815] [navNode]: 状态2：Takeoff_wait--[TakeOff]
[INFO] [1775390723.871340121] [navNode]: 未到目标点
目标位置:(0.0, 0.0, 0.7)-[TakeOff]-[MCU:False]-[POS:False]
当前位置:(0.0, 0.0, 0.0)
[INFO] [1775390723.971893231] [navNode]: 状态2：Takeoff_wait--[TakeOff]
[INFO] [1775390723.972306574] [navNode]: 未到目标点
目标位置:(0.0, 0.0, 0.7)-[TakeOff]-[MCU:False]-[POS:False]
当前位置:(0.0, 0.0, 0.0)
[INFO] [1775390724.070940743] [navNode]: 状态2：Takeoff_wait--[TakeOff]
[INFO] [1775390724.071385919] [navNode]: 未到目标点
目标位置:(0.0, 0.0, 0.7)-[TakeOff]-[MCU:False]-[POS:False]
当前位置:(0.0, 0.0, 0.0)
[INFO] [1775390724.171081226] [navNode]: 状态2：Takeoff_wait--[TakeOff]
[INFO] [1775390724.171528629] [navNode]: 未到目标点
目标位置:(0.0, 0.0, 0.7)-[TakeOff]-[MCU:False]-[POS:False]
当前位置:(0.0, 0.0, 0.0)
[INFO] [1775390724.271344140] [navNode]: 状态2：Takeoff_wait--[TakeOff]
[INFO] [1775390724.271943485] [navNode]: 未到目标点
目标位置:(0.0, 0.0, 0.7)-[TakeOff]-[MCU:False]-[POS:False]
当前位置:(0.0, 0.0, 0.0)
[INFO] [1775390724.371110362] [navNode]: 状态2：Takeoff_wait--[TakeOff]
[INFO] [1775390724.371557361] [navNode]: 未到目标点
目标位置:(0.0, 0.0, 0.7)-[TakeOff]-[MCU:False]-[POS:False]
当前位置:(0.0, 0.0, 0.0)
[INFO] [1775390724.471210229] [navNode]: 状态2：Takeoff_wait--[TakeOff]
[INFO] [1775390724.471687781] [navNode]: 未到目标点
目标位置:(0.0, 0.0, 0.7)-[TakeOff]-[MCU:False]-[POS:False]
当前位置:(0.0, 0.0, 0.0)
[INFO] [1775390724.571891018] [navNode]: 状态2：Takeoff_wait--[TakeOff]
[INFO] [1775390724.572388287] [navNode]: 未到目标点
目标位置:(0.0, 0.0, 0.7)-[TakeOff]-[MCU:False]-[POS:False]
当前位置:(0.0, 0.0, 0.0)
[INFO] [1775390724.671032762] [navNode]: 状态2：Takeoff_wait--[TakeOff]
[INFO] [1775390724.671498853] [navNode]: 未到目标点
目标位置:(0.0, 0.0, 0.7)-[TakeOff]-[MCU:False]-[POS:False]
当前位置:(0.0, 0.0, 0.0)
[INFO] [1775390724.771100430] [navNode]: 状态2：Takeoff_wait--[TakeOff]
[INFO] [1775390724.771784542] [navNode]: 未到目标点
目标位置:(0.0, 0.0, 0.7)-[TakeOff]-[MCU:False]-[POS:False]
当前位置:(0.0, 0.0, 0.0)
[INFO] [1775390724.871113177] [navNode]: 状态2：Takeoff_wait--[TakeOff]
[INFO] [1775390724.871768319] [navNode]: 未到目标点
目标位置:(0.0, 0.0, 0.7)-[TakeOff]-[MCU:False]-[POS:False]
当前位置:(0.0, 0.0, 0.0)
[INFO] [1775390724.971322054] [navNode]: 状态2：Takeoff_wait--[TakeOff]
[INFO] [1775390724.971892812] [navNode]: 未到目标点
目标位置:(0.0, 0.0, 0.7)-[TakeOff]-[MCU:False]-[POS:False]
当前位置:(0.0, 0.0, 0.0)
[INFO] [1775390725.070871504] [navNode]: 状态2：Takeoff_wait--[TakeOff]
[INFO] [1775390725.071349304] [navNode]: 未到目标点
目标位置:(0.0, 0.0, 0.7)-[TakeOff]-[MCU:False]-[POS:False]
当前位置:(0.0, 0.0, 0.0)
[INFO] [1775390725.171136375] [navNode]: 状态2：Takeoff_wait--[TakeOff]
[INFO] [1775390725.171676966] [navNode]: 未到目标点
目标位置:(0.0, 0.0, 0.7)-[TakeOff]-[MCU:False]-[POS:False]
当前位置:(0.0, 0.0, 0.0)
[INFO] [1775390725.271546201] [navNode]: 状态2：Takeoff_wait--[TakeOff]
[INFO] [1775390725.272185957] [navNode]: 未到目标点
目标位置:(0.0, 0.0, 0.7)-[TakeOff]-[MCU:False]-[POS:False]
当前位置:(0.0, 0.0, 0.0)
[INFO] [1775390725.371521832] [navNode]: 状态2：Takeoff_wait--[TakeOff]
[INFO] [1775390725.372009846] [navNode]: 未到目标点
目标位置:(0.0, 0.0, 0.7)-[TakeOff]-[MCU:False]-[POS:False]
当前位置:(0.0, 0.0, 0.0)
[INFO] [1775390725.472293374] [navNode]: 状态2：Takeoff_wait--[TakeOff]
[INFO] [1775390725.472883209] [navNode]: 未到目标点
目标位置:(0.0, 0.0, 0.7)-[TakeOff]-[MCU:False]-[POS:False]
当前位置:(0.0, 0.0, 0.0)
[INFO] [1775390725.571106568] [navNode]: 状态2：Takeoff_wait--[TakeOff]
[INFO] [1775390725.571723781] [navNode]: 未到目标点
目标位置:(0.0, 0.0, 0.7)-[TakeOff]-[MCU:False]-[POS:False]
当前位置:(0.0, 0.0, 0.0)
[INFO] [1775390725.671120884] [navNode]: 状态2：Takeoff_wait--[TakeOff]
[INFO] [1775390725.671653343] [navNode]: 未到目标点
目标位置:(0.0, 0.0, 0.7)-[TakeOff]-[MCU:False]-[POS:False]
当前位置:(0.0, 0.0, 0.0)
[INFO] [1775390725.771159830] [navNode]: 状态2：Takeoff_wait--[TakeOff]
[INFO] [1775390725.771632951] [navNode]: 未到目标点
目标位置:(0.0, 0.0, 0.7)-[TakeOff]-[MCU:False]-[POS:False]
当前位置:(0.0, 0.0, 0.0)
[INFO] [1775390725.871287209] [navNode]: 状态2：Takeoff_wait--[TakeOff]
[INFO] [1775390725.871895467] [navNode]: 未到目标点
目标位置:(0.0, 0.0, 0.7)-[TakeOff]-[MCU:False]-[POS:False]
当前位置:(0.0, 0.0, 0.0)
[INFO] [1775390725.971873681] [navNode]: 状态2：Takeoff_wait--[TakeOff]
[INFO] [1775390725.972577576] [navNode]: 未到目标点
目标位置:(0.0, 0.0, 0.7)-[TakeOff]-[MCU:False]-[POS:False]
当前位置:(0.0, 0.0, 0.0)
[INFO] [1775390726.071429123] [navNode]: 状态2：Takeoff_wait--[TakeOff]
[INFO] [1775390726.072109687] [navNode]: 未到目标点
目标位置:(0.0, 0.0, 0.7)-[TakeOff]-[MCU:False]-[POS:False]
当前位置:(0.0, 0.0, 0.0)
[INFO] [1775390726.171114702] [navNode]: 状态2：Takeoff_wait--[TakeOff]
[INFO] [1775390726.171762626] [navNode]: 未到目标点
目标位置:(0.0, 0.0, 0.7)-[TakeOff]-[MCU:False]-[POS:False]
当前位置:(0.0, 0.0, 0.0)
[INFO] [1775390726.271474320] [navNode]: 状态2：Takeoff_wait--[TakeOff]
[INFO] [1775390726.272038887] [navNode]: 未到目标点
目标位置:(0.0, 0.0, 0.7)-[TakeOff]-[MCU:False]-[POS:False]
当前位置:(0.0, 0.0, 0.0)
[INFO] [1775390726.370998597] [navNode]: 状态2：Takeoff_wait--[TakeOff]
[INFO] [1775390726.371584116] [navNode]: 未到目标点
目标位置:(0.0, 0.0, 0.7)-[TakeOff]-[MCU:False]-[POS:False]
当前位置:(0.0, 0.0, 0.0)
[INFO] [1775390726.471293796] [navNode]: 状态2：Takeoff_wait--[TakeOff]
[INFO] [1775390726.471792902] [navNode]: 未到目标点
目标位置:(0.0, 0.0, 0.7)-[TakeOff]-[MCU:False]-[POS:False]
当前位置:(0.0, 0.0, 0.0)
[INFO] [1775390726.571144420] [navNode]: 状态2：Takeoff_wait--[TakeOff]
[INFO] [1775390726.571746432] [navNode]: 未到目标点
目标位置:(0.0, 0.0, 0.7)-[TakeOff]-[MCU:False]-[POS:False]
当前位置:(0.0, 0.0, 0.0)
[INFO] [1775390726.671174433] [navNode]: 状态2：Takeoff_wait--[TakeOff]
[INFO] [1775390726.672003746] [navNode]: 未到目标点
目标位置:(0.0, 0.0, 0.7)-[TakeOff]-[MCU:False]-[POS:False]
当前位置:(0.0, 0.0, 0.0)
[INFO] [1775390726.771736133] [navNode]: 状态2：Takeoff_wait--[TakeOff]
[INFO] [1775390726.772263239] [navNode]: 未到目标点
目标位置:(0.0, 0.0, 0.7)-[TakeOff]-[MCU:False]-[POS:False]
当前位置:(0.0, 0.0, 0.0)
[INFO] [1775390726.871171144] [navNode]: 状态2：Takeoff_wait--[TakeOff]
[INFO] [1775390726.871727962] [navNode]: 未到目标点
目标位置:(0.0, 0.0, 0.7)-[TakeOff]-[MCU:False]-[POS:False]
当前位置:(0.0, 0.0, 0.0)
[INFO] [1775390726.971394270] [navNode]: 状态2：Takeoff_wait--[TakeOff]
[INFO] [1775390726.971961277] [navNode]: 未到目标点
目标位置:(0.0, 0.0, 0.7)-[TakeOff]-[MCU:False]-[POS:False]
当前位置:(0.0, 0.0, 0.0)
[INFO] [1775390727.071122064] [navNode]: 状态2：Takeoff_wait--[TakeOff]
[INFO] [1775390727.071853989] [navNode]: 未到目标点
目标位置:(0.0, 0.0, 0.7)-[TakeOff]-[MCU:False]-[POS:False]
当前位置:(0.0, 0.0, 0.0)
[INFO] [1775390727.171253379] [navNode]: 状态2：Takeoff_wait--[TakeOff]
[INFO] [1775390727.171742374] [navNode]: 未到目标点
目标位置:(0.0, 0.0, 0.7)-[TakeOff]-[MCU:False]-[POS:False]
当前位置:(0.0, 0.0, 0.0)
[INFO] [1775390727.270930535] [navNode]: 状态2：Takeoff_wait--[TakeOff]
[INFO] [1775390727.271461610] [navNode]: 未到目标点
目标位置:(0.0, 0.0, 0.7)-[TakeOff]-[MCU:False]-[POS:False]
当前位置:(0.0, 0.0, 0.0)
[INFO] [1775390727.371410843] [navNode]: 状态2：Takeoff_wait--[TakeOff]
[INFO] [1775390727.372199785] [navNode]: 未到目标点
目标位置:(0.0, 0.0, 0.7)-[TakeOff]-[MCU:False]-[POS:False]
当前位置:(0.0, 0.0, 0.0)
[INFO] [1775390727.471023760] [navNode]: 状态2：Takeoff_wait--[TakeOff]
[INFO] [1775390727.471515015] [navNode]: 未到目标点
目标位置:(0.0, 0.0, 0.7)-[TakeOff]-[MCU:False]-[POS:False]
当前位置:(0.0, 0.0, 0.0)
[INFO] [1775390727.571450534] [navNode]: 状态2：Takeoff_wait--[TakeOff]
[INFO] [1775390727.572057295] [navNode]: 未到目标点
目标位置:(0.0, 0.0, 0.7)-[TakeOff]-[MCU:False]-[POS:False]
当前位置:(0.0, 0.0, 0.0)
[INFO] [1775390727.670998663] [navNode]: 状态2：Takeoff_wait--[TakeOff]
[INFO] [1775390727.671493660] [navNode]: 未到目标点
目标位置:(0.0, 0.0, 0.7)-[TakeOff]-[MCU:False]-[POS:False]
当前位置:(0.0, 0.0, 0.0)
[INFO] [1775390727.771005814] [navNode]: 状态2：Takeoff_wait--[TakeOff]
[INFO] [1775390727.771557023] [navNode]: 未到目标点
目标位置:(0.0, 0.0, 0.7)-[TakeOff]-[MCU:False]-[POS:False]
当前位置:(0.0, 0.0, 0.0)
[INFO] [1775390727.871198345] [navNode]: 状态2：Takeoff_wait--[TakeOff]
[INFO] [1775390727.871797375] [navNode]: 未到目标点
目标位置:(0.0, 0.0, 0.7)-[TakeOff]-[MCU:False]-[POS:False]
当前位置:(0.0, 0.0, 0.0)
[INFO] [1775390727.971335094] [navNode]: 状态2：Takeoff_wait--[TakeOff]
[INFO] [1775390727.971886244] [navNode]: 未到目标点
目标位置:(0.0, 0.0, 0.7)-[TakeOff]-[MCU:False]-[POS:False]
当前位置:(0.0, 0.0, 0.0)
[INFO] [1775390728.071052746] [navNode]: 状态2：Takeoff_wait--[TakeOff]
[INFO] [1775390728.071780998] [navNode]: 未到目标点
目标位置:(0.0, 0.0, 0.7)-[TakeOff]-[MCU:False]-[POS:False]
当前位置:(0.0, 0.0, 0.0)
[INFO] [1775390728.171088017] [navNode]: 状态2：Takeoff_wait--[TakeOff]
[INFO] [1775390728.171619996] [navNode]: 未到目标点
目标位置:(0.0, 0.0, 0.7)-[TakeOff]-[MCU:False]-[POS:False]
当前位置:(0.0, 0.0, 0.0)
[INFO] [1775390728.271178307] [navNode]: 状态2：Takeoff_wait--[TakeOff]
[INFO] [1775390728.271757578] [navNode]: 未到目标点
目标位置:(0.0, 0.0, 0.7)-[TakeOff]-[MCU:False]-[POS:False]
当前位置:(0.0, 0.0, 0.0)
[INFO] [1775390728.371032208] [navNode]: 状态2：Takeoff_wait--[TakeOff]
[INFO] [1775390728.371584954] [navNode]: 未到目标点
目标位置:(0.0, 0.0, 0.7)-[TakeOff]-[MCU:False]-[POS:False]
当前位置:(0.0, 0.0, 0.0)
[INFO] [1775390728.471229374] [navNode]: 状态2：Takeoff_wait--[TakeOff]
[INFO] [1775390728.471733353] [navNode]: 未到目标点
目标位置:(0.0, 0.0, 0.7)-[TakeOff]-[MCU:False]-[POS:False]
当前位置:(0.0, 0.0, 0.0)
[INFO] [1775390728.571053617] [navNode]: 状态2：Takeoff_wait--[TakeOff]
[INFO] [1775390728.571631727] [navNode]: 未到目标点
目标位置:(0.0, 0.0, 0.7)-[TakeOff]-[MCU:False]-[POS:False]
当前位置:(0.0, 0.0, 0.0)
[INFO] [1775390728.671023325] [navNode]: 状态2：Takeoff_wait--[TakeOff]
[INFO] [1775390728.671520032] [navNode]: 未到目标点
目标位置:(0.0, 0.0, 0.7)-[TakeOff]-[MCU:False]-[POS:False]
当前位置:(0.0, 0.0, 0.0)
[INFO] [1775390728.771243306] [navNode]: 状态2：Takeoff_wait--[TakeOff]
[INFO] [1775390728.771796393] [navNode]: 未到目标点
目标位置:(0.0, 0.0, 0.7)-[TakeOff]-[MCU:False]-[POS:False]
当前位置:(0.0, 0.0, 0.0)
[INFO] [1775390728.871250630] [navNode]: 状态2：Takeoff_wait--[TakeOff]
[INFO] [1775390728.871768420] [navNode]: 未到目标点
目标位置:(0.0, 0.0, 0.7)-[TakeOff]-[MCU:False]-[POS:False]
当前位置:(0.0, 0.0, 0.0)
[INFO] [1775390728.971217030] [navNode]: 状态2：Takeoff_wait--[TakeOff]
[INFO] [1775390728.971835525] [navNode]: 未到目标点
目标位置:(0.0, 0.0, 0.7)-[TakeOff]-[MCU:False]-[POS:False]
当前位置:(0.0, 0.0, 0.0)
[INFO] [1775390729.071279137] [navNode]: 状态2：Takeoff_wait--[TakeOff]
[INFO] [1775390729.071859894] [navNode]: 未到目标点
目标位置:(0.0, 0.0, 0.7)-[TakeOff]-[MCU:False]-[POS:False]
当前位置:(0.0, 0.0, 0.0)
[INFO] [1775390729.170941225] [navNode]: 状态2：Takeoff_wait--[TakeOff]
[INFO] [1775390729.171554054] [navNode]: 未到目标点
目标位置:(0.0, 0.0, 0.7)-[TakeOff]-[MCU:False]-[POS:False]
当前位置:(0.0, 0.0, 0.0)
[INFO] [1775390729.272052786] [navNode]: 状态2：Takeoff_wait--[TakeOff]
[INFO] [1775390729.272588972] [navNode]: 未到目标点
目标位置:(0.0, 0.0, 0.7)-[TakeOff]-[MCU:False]-[POS:False]
当前位置:(0.0, 0.0, 0.0)
[INFO] [1775390729.370952577] [navNode]: 状态2：Takeoff_wait--[TakeOff]
[INFO] [1775390729.371454116] [navNode]: 未到目标点
目标位置:(0.0, 0.0, 0.7)-[TakeOff]-[MCU:False]-[POS:False]
当前位置:(0.0, 0.0, 0.0)
[INFO] [1775390729.471799345] [navNode]: 状态2：Takeoff_wait--[TakeOff]
[INFO] [1775390729.472383892] [navNode]: 未到目标点
目标位置:(0.0, 0.0, 0.7)-[TakeOff]-[MCU:False]-[POS:False]
当前位置:(0.0, 0.0, 0.0)
[INFO] [1775390729.571193735] [navNode]: 状态2：Takeoff_wait--[TakeOff]
[INFO] [1775390729.572046237] [navNode]: 未到目标点
目标位置:(0.0, 0.0, 0.7)-[TakeOff]-[MCU:False]-[POS:False]
当前位置:(0.0, 0.0, 0.0)
[INFO] [1775390729.671379293] [navNode]: 状态2：Takeoff_wait--[TakeOff]
[INFO] [1775390729.671962641] [navNode]: 未到目标点
目标位置:(0.0, 0.0, 0.7)-[TakeOff]-[MCU:False]-[POS:False]
当前位置:(0.0, 0.0, 0.0)
[INFO] [1775390729.771222395] [navNode]: 状态2：Takeoff_wait--[TakeOff]
[INFO] [1775390729.772036003] [navNode]: 未到目标点
目标位置:(0.0, 0.0, 0.7)-[TakeOff]-[MCU:False]-[POS:False]
当前位置:(0.0, 0.0, 0.0)
[INFO] [1775390729.871315742] [navNode]: 状态2：Takeoff_wait--[TakeOff]
[INFO] [1775390729.871849031] [navNode]: 未到目标点
目标位置:(0.0, 0.0, 0.7)-[TakeOff]-[MCU:False]-[POS:False]
当前位置:(0.0, 0.0, 0.0)
[INFO] [1775390729.971093873] [navNode]: 状态2：Takeoff_wait--[TakeOff]
[INFO] [1775390729.971631802] [navNode]: 未到目标点
目标位置:(0.0, 0.0, 0.7)-[TakeOff]-[MCU:False]-[POS:False]
当前位置:(0.0, 0.0, 0.0)
[INFO] [1775390730.071302485] [navNode]: 状态2：Takeoff_wait--[TakeOff]
[INFO] [1775390730.071884594] [navNode]: 未到目标点
目标位置:(0.0, 0.0, 0.7)-[TakeOff]-[MCU:False]-[POS:False]
当前位置:(0.0, 0.0, 0.0)
[INFO] [1775390730.171707723] [navNode]: 状态2：Takeoff_wait--[TakeOff]
[INFO] [1775390730.172228014] [navNode]: 未到目标点
目标位置:(0.0, 0.0, 0.7)-[TakeOff]-[MCU:False]-[POS:False]
当前位置:(0.0, 0.0, 0.0)
[INFO] [1775390730.271207144] [navNode]: 状态2：Takeoff_wait--[TakeOff]
[INFO] [1775390730.271674571] [navNode]: 未到目标点
目标位置:(0.0, 0.0, 0.7)-[TakeOff]-[MCU:False]-[POS:False]
当前位置:(0.0, 0.0, 0.0)
[INFO] [1775390730.371678838] [navNode]: 状态2：Takeoff_wait--[TakeOff]
[INFO] [1775390730.372254747] [navNode]: 未到目标点
目标位置:(0.0, 0.0, 0.7)-[TakeOff]-[MCU:False]-[POS:False]
当前位置:(0.0, 0.0, 0.0)
[INFO] [1775390730.471499729] [navNode]: 状态2：Takeoff_wait--[TakeOff]
[INFO] [1775390730.471965059] [navNode]: 未到目标点
目标位置:(0.0, 0.0, 0.7)-[TakeOff]-[MCU:False]-[POS:False]
当前位置:(0.0, 0.0, 0.0)
[INFO] [1775390730.572884773] [navNode]: 状态2：Takeoff_wait--[TakeOff]
[INFO] [1775390730.573706623] [navNode]: 未到目标点
目标位置:(0.0, 0.0, 0.7)-[TakeOff]-[MCU:False]-[POS:False]
当前位置:(0.0, 0.0, 0.0)
