[INFO] [1775391148.931721187] [navNode]: paths: [
  {"x": 0.00, "y": 0.00, "z": 0.70, "label": "TakeOff", "qrcode": "", "label2": ""       , "qrcode2": "" },
  {"x":-0.25, "y": 0.75, "z": 0.80, "label": "A6"     , "qrcode": "", "label2": ""       , "qrcode2": "" },
  {"x":-0.25, "y": 0.75, "z": 1.20, "label": "A3"     , "qrcode": "", "label2": ""       , "qrcode2": "" },
  {"x":-0.25, "y": 1.25, "z": 1.20, "label": "A2"     , "qrcode": "", "label2": ""       , "qrcode2": "" },
  {"x":-0.25, "y": 1.25, "z": 0.80, "label": "A5"     , "qrcode": "", "label2": ""       , "qrcode2": "" },
  {"x":-0.25, "y": 1.75, "z": 0.80, "label": "A4"     , "qrcode": "", "label2": ""       , "qrcode2": "" },
  {"x":-0.25, "y": 1.75, "z": 1.20, "label": "A1"     , "qrcode": "", "label2": ""       , "qrcode2": "" },
  {"x":-0.25, "y": 2.00, "z": 0.70, "label": "UpSide1", "qrcode": "", "label2": ""       , "qrcode2": "" },
  {"x": 0.75, "y": 2.00, "z": 0.70, "label": "LandPos", "qrcode": "", "label2": ""       , "qrcode2": "" }
]

[INFO] [1775391148.935263066] [navNode]: 上位机导航节点启动成功
[INFO] [1775391154.937819771] [navNode]: 收到来自UI的请求：scan_all
[WARN] [1775391154.938612601] [navNode]: 任务开始执行scan_all
[INFO] [1775391155.038894295] [navNode]: 状态1：Takeoff--[TakeOff]
[INFO] [1775391155.050518818] [navNode]: takeoff 发送成功 → 飞行站已调用：takeoff服务
[INFO] [1775391155.138841071] [navNode]: 状态2：Takeoff_wait--[TakeOff]
[INFO] [1775391155.139185255] [navNode]: 未到目标点
目标位置:(0.0, 0.0, 0.7)-[TakeOff]-[MCU:False]-[POS:False]
当前位置:(-0.0006635829340666533, 8.360761421499774e-05, -0.0005170102813281119)
[INFO] [1775391155.238834472] [navNode]: 状态2：Takeoff_wait--[TakeOff]
[INFO] [1775391155.239196644] [navNode]: 未到目标点
目标位置:(0.0, 0.0, 0.7)-[TakeOff]-[MCU:False]-[POS:False]
当前位置:(-0.0008960822015069425, 0.0002832809113897383, -7.432451093336567e-05)
[INFO] [1775391155.339022011] [navNode]: 状态2：Takeoff_wait--[TakeOff]
[INFO] [1775391155.339496767] [navNode]: 未到目标点
目标位置:(0.0, 0.0, 0.7)-[TakeOff]-[MCU:False]-[POS:False]
当前位置:(-0.0008450369350612164, 0.000365330750355497, 0.000191921106306836)
[INFO] [1775391155.438703191] [navNode]: 状态2：Takeoff_wait--[TakeOff]
[INFO] [1775391155.439081268] [navNode]: 未到目标点
目标位置:(0.0, 0.0, 0.7)-[TakeOff]-[MCU:False]-[POS:False]
当前位置:(-0.000679577118717134, 0.00016783956380095333, -0.00015377128147520125)
[INFO] [1775391155.538917517] [navNode]: 状态2：Takeoff_wait--[TakeOff]
[INFO] [1775391155.539294859] [navNode]: 未到目标点
目标位置:(0.0, 0.0, 0.7)-[TakeOff]-[MCU:False]-[POS:False]
当前位置:(-0.0006614613230340183, 0.00015929593064356595, -7.684044976485893e-05)
[INFO] [1775391155.638977270] [navNode]: 状态2：Takeoff_wait--[TakeOff]
[INFO] [1775391155.639469766] [navNode]: 未到目标点
目标位置:(0.0, 0.0, 0.7)-[TakeOff]-[MCU:False]-[POS:False]
当前位置:(-0.000483421579701826, -1.2676833648583852e-05, -0.0003775151271838695)
[INFO] [1775391155.739018296] [navNode]: 状态2：Takeoff_wait--[TakeOff]
[INFO] [1775391155.739517709] [navNode]: 未到目标点
目标位置:(0.0, 0.0, 0.7)-[TakeOff]-[MCU:False]-[POS:False]
当前位置:(-0.0008403436513617635, 0.0002789391437545419, -0.00012623996008187532)
[INFO] [1775391155.839051257] [navNode]: 状态2：Takeoff_wait--[TakeOff]
[INFO] [1775391155.839509909] [navNode]: 未到目标点
目标位置:(0.0, 0.0, 0.7)-[TakeOff]-[MCU:False]-[POS:False]
当前位置:(-0.0008576958207413554, 0.00022476403682958335, -0.00010802195174619555)
[INFO] [1775391155.939064365] [navNode]: 状态2：Takeoff_wait--[TakeOff]
[INFO] [1775391155.939500416] [navNode]: 未到目标点
目标位置:(0.0, 0.0, 0.7)-[TakeOff]-[MCU:False]-[POS:False]
当前位置:(-0.0008811743464320898, 0.00015340812387876213, -0.0005486479494720697)
[INFO] [1775391156.039308800] [navNode]: 状态2：Takeoff_wait--[TakeOff]
[INFO] [1775391156.039845070] [navNode]: 未到目标点
目标位置:(0.0, 0.0, 0.7)-[TakeOff]-[MCU:False]-[POS:False]
当前位置:(-0.0009049048530869186, 0.0003028320788871497, -0.0003750482574105263)
[INFO] [1775391156.139130898] [navNode]: 状态2：Takeoff_wait--[TakeOff]
[INFO] [1775391156.139975562] [navNode]: 未到目标点
目标位置:(0.0, 0.0, 0.7)-[TakeOff]-[MCU:False]-[POS:False]
当前位置:(-0.0006710138986818492, 0.00010953632590826601, 4.6460667363135144e-05)
[INFO] [1775391156.238978239] [navNode]: 状态2：Takeoff_wait--[TakeOff]
[INFO] [1775391156.239426486] [navNode]: 未到目标点
目标位置:(0.0, 0.0, 0.7)-[TakeOff]-[MCU:False]-[POS:False]
当前位置:(-0.0005822918028570712, 9.600065823178738e-06, -0.0004355928977020085)
[INFO] [1775391156.339259526] [navNode]: 状态2：Takeoff_wait--[TakeOff]
[INFO] [1775391156.339726766] [navNode]: 未到目标点
目标位置:(0.0, 0.0, 0.7)-[TakeOff]-[MCU:False]-[POS:False]
当前位置:(-0.0009633505251258612, 0.0003286059945821762, -0.00017576983373146504)
[INFO] [1775391156.439111306] [navNode]: 状态2：Takeoff_wait--[TakeOff]
[INFO] [1775391156.439615108] [navNode]: 未到目标点
目标位置:(0.0, 0.0, 0.7)-[TakeOff]-[MCU:False]-[POS:False]
当前位置:(-0.001009688014164567, 0.0002876254147849977, -0.0005865767016075552)
[INFO] [1775391156.539015610] [navNode]: 状态2：Takeoff_wait--[TakeOff]
[INFO] [1775391156.539518700] [navNode]: 未到目标点
目标位置:(0.0, 0.0, 0.7)-[TakeOff]-[MCU:False]-[POS:False]
当前位置:(-0.0008638383005745709, 0.00025183765683323145, -0.00012580012844409794)
[INFO] [1775391156.639413104] [navNode]: 状态2：Takeoff_wait--[TakeOff]
[INFO] [1775391156.640169060] [navNode]: 未到目标点
目标位置:(0.0, 0.0, 0.7)-[TakeOff]-[MCU:False]-[POS:False]
当前位置:(-0.0007467318209819496, 0.00017830442811828107, -2.58534200838767e-05)
[INFO] [1775391156.738795916] [navNode]: 状态2：Takeoff_wait--[TakeOff]
[INFO] [1775391156.739265101] [navNode]: 未到目标点
目标位置:(0.0, 0.0, 0.7)-[TakeOff]-[MCU:False]-[POS:False]
当前位置:(-0.000866925809532404, 0.00017671758541837335, -0.0005885900463908911)
[INFO] [1775391156.839098865] [navNode]: 状态2：Takeoff_wait--[TakeOff]
[INFO] [1775391156.839606685] [navNode]: 未到目标点
目标位置:(0.0, 0.0, 0.7)-[TakeOff]-[MCU:False]-[POS:False]
当前位置:(-0.0006508207297883928, 7.956977788126096e-05, -0.00039274251321330667)
[INFO] [1775391156.939149686] [navNode]: 状态2：Takeoff_wait--[TakeOff]
[INFO] [1775391156.939647965] [navNode]: 未到目标点
目标位置:(0.0, 0.0, 0.7)-[TakeOff]-[MCU:False]-[POS:False]
当前位置:(-0.0006179343326948583, 0.00013560678053181618, 0.00010116730845766142)
[INFO] [1775391157.039772486] [navNode]: 状态2：Takeoff_wait--[TakeOff]
[INFO] [1775391157.040290511] [navNode]: 未到目标点
目标位置:(0.0, 0.0, 0.7)-[TakeOff]-[MCU:False]-[POS:False]
当前位置:(-0.0007239263504743576, 0.00017660623416304588, -0.00010085581743624061)
[INFO] [1775391157.139232448] [navNode]: 状态2：Takeoff_wait--[TakeOff]
[INFO] [1775391157.139701340] [navNode]: 未到目标点
目标位置:(0.0, 0.0, 0.7)-[TakeOff]-[MCU:False]-[POS:False]
当前位置:(-0.0008452812326140702, 0.0002532096696086228, -9.13066032808274e-05)
[INFO] [1775391157.239063037] [navNode]: 状态2：Takeoff_wait--[TakeOff]
[INFO] [1775391157.239505441] [navNode]: 未到目标点
目标位置:(0.0, 0.0, 0.7)-[TakeOff]-[MCU:False]-[POS:False]
当前位置:(-0.0007603267440572381, 0.0001728880451992154, -0.00021185014338698238)
[INFO] [1775391157.338886979] [navNode]: 状态2：Takeoff_wait--[TakeOff]
[INFO] [1775391157.339376067] [navNode]: 未到目标点
目标位置:(0.0, 0.0, 0.7)-[TakeOff]-[MCU:False]-[POS:False]
当前位置:(-0.0007820441969670355, 0.00018592484411783516, -0.00018108981021214277)
[INFO] [1775391157.439204476] [navNode]: 状态2：Takeoff_wait--[TakeOff]
[INFO] [1775391157.439676450] [navNode]: 未到目标点
目标位置:(0.0, 0.0, 0.7)-[TakeOff]-[MCU:False]-[POS:False]
当前位置:(-0.0007374139386229217, 6.859923450974748e-05, -0.0004870354605372995)
[INFO] [1775391157.539867596] [navNode]: 状态2：Takeoff_wait--[TakeOff]
[INFO] [1775391157.540552862] [navNode]: 未到目标点
目标位置:(0.0, 0.0, 0.7)-[TakeOff]-[MCU:False]-[POS:False]
当前位置:(-0.0007079290808178484, 0.0002111169305862859, -0.00015687194536440074)
[INFO] [1775391157.639400535] [navNode]: 状态2：Takeoff_wait--[TakeOff]
[INFO] [1775391157.639949034] [navNode]: 未到目标点
目标位置:(0.0, 0.0, 0.7)-[TakeOff]-[MCU:False]-[POS:False]
当前位置:(-0.0006156987510621548, 9.110685641644523e-05, -0.0005636621499434114)
[INFO] [1775391157.739422073] [navNode]: 状态2：Takeoff_wait--[TakeOff]
[INFO] [1775391157.739947842] [navNode]: 未到目标点
目标位置:(0.0, 0.0, 0.7)-[TakeOff]-[MCU:False]-[POS:False]
当前位置:(-0.000707199505995959, 0.00018325442215427756, -6.542388291563839e-05)
[INFO] [1775391157.840143598] [navNode]: 状态2：Takeoff_wait--[TakeOff]
[INFO] [1775391157.840624327] [navNode]: 未到目标点
目标位置:(0.0, 0.0, 0.7)-[TakeOff]-[MCU:False]-[POS:False]
当前位置:(-0.0006957279983907938, 0.00013247992319520563, -3.516721335472539e-05)
[INFO] [1775391157.939001473] [navNode]: 状态2：Takeoff_wait--[TakeOff]
[INFO] [1775391157.939444318] [navNode]: 未到目标点
目标位置:(0.0, 0.0, 0.7)-[TakeOff]-[MCU:False]-[POS:False]
当前位置:(-0.0009398218826390803, 0.00028196838684380054, -0.00016810405941214412)
[INFO] [1775391158.039154213] [navNode]: 状态2：Takeoff_wait--[TakeOff]
[INFO] [1775391158.039638184] [navNode]: 未到目标点
目标位置:(0.0, 0.0, 0.7)-[TakeOff]-[MCU:False]-[POS:False]
当前位置:(-0.0008288290118798614, 0.00020590098574757576, -6.337953527690843e-05)
[INFO] [1775391158.138883408] [navNode]: 状态2：Takeoff_wait--[TakeOff]
[INFO] [1775391158.139371283] [navNode]: 未到目标点
目标位置:(0.0, 0.0, 0.7)-[TakeOff]-[MCU:False]-[POS:False]
当前位置:(-0.0008416729397140443, 0.00024203085922636092, -0.00018880477000493556)
[INFO] [1775391158.238949397] [navNode]: 状态2：Takeoff_wait--[TakeOff]
[INFO] [1775391158.239499794] [navNode]: 未到目标点
目标位置:(0.0, 0.0, 0.7)-[TakeOff]-[MCU:False]-[POS:False]
当前位置:(-0.000687254942022264, 0.0001901227660709992, -0.00010716870019678026)
[INFO] [1775391158.339017450] [navNode]: 状态2：Takeoff_wait--[TakeOff]
[INFO] [1775391158.339512784] [navNode]: 未到目标点
目标位置:(0.0, 0.0, 0.7)-[TakeOff]-[MCU:False]-[POS:False]
当前位置:(-0.0007032630383037031, 0.0001394861756125465, -0.00017003975517582148)
[INFO] [1775391158.439055419] [navNode]: 状态2：Takeoff_wait--[TakeOff]
[INFO] [1775391158.439624703] [navNode]: 未到目标点
目标位置:(0.0, 0.0, 0.7)-[TakeOff]-[MCU:False]-[POS:False]
当前位置:(-0.0007336635608226061, 0.00018161155458074063, -0.00015558402810711414)
[INFO] [1775391158.539228362] [navNode]: 状态2：Takeoff_wait--[TakeOff]
[INFO] [1775391158.539827280] [navNode]: 未到目标点
目标位置:(0.0, 0.0, 0.7)-[TakeOff]-[MCU:False]-[POS:False]
当前位置:(-0.0006856019608676434, 0.00013998850772622973, -5.3989489970263094e-05)
[INFO] [1775391158.639171386] [navNode]: 状态2：Takeoff_wait--[TakeOff]
[INFO] [1775391158.639677108] [navNode]: 未到目标点
目标位置:(0.0, 0.0, 0.7)-[TakeOff]-[MCU:False]-[POS:False]
当前位置:(-0.0006345405126921833, 0.0003295225906185806, 4.639417056750972e-06)
[INFO] [1775391158.738913265] [navNode]: 状态2：Takeoff_wait--[TakeOff]
[INFO] [1775391158.739487927] [navNode]: 未到目标点
目标位置:(0.0, 0.0, 0.7)-[TakeOff]-[MCU:False]-[POS:False]
当前位置:(-0.0007380948518402874, 0.00022633136541116983, -9.350835171062499e-05)
[INFO] [1775391158.839307217] [navNode]: 状态2：Takeoff_wait--[TakeOff]
[INFO] [1775391158.839995233] [navNode]: 未到目标点
目标位置:(0.0, 0.0, 0.7)-[TakeOff]-[MCU:False]-[POS:False]
当前位置:(-0.000780412636231631, 0.00022985725081525743, -0.00015645785606466234)
[INFO] [1775391158.939304956] [navNode]: 状态2：Takeoff_wait--[TakeOff]
[INFO] [1775391158.939843006] [navNode]: 未到目标点
目标位置:(0.0, 0.0, 0.7)-[TakeOff]-[MCU:False]-[POS:False]
当前位置:(-0.0008317500469274819, 0.00021777296205982566, -0.0002446782309561968)
[INFO] [1775391159.038961757] [navNode]: 状态2：Takeoff_wait--[TakeOff]
[INFO] [1775391159.039474127] [navNode]: 未到目标点
目标位置:(0.0, 0.0, 0.7)-[TakeOff]-[MCU:False]-[POS:False]
当前位置:(-0.0007039353949949145, 0.00019051707931794226, -0.00010771395318442956)
