[INFO] [1773477169.507732259] [Ground]: ros2 node launch success:Ground!
[INFO] [1773477213.430965360] [Ground]: takeoff 发送成功 → 飞行站已调用：takeoff服务
[INFO] [1773477221.505857352] [Ground]: 识别到QR码: 小铲子
[INFO] [1773477221.787992243] [Ground]: 识别到QR码: 葵花种子
[INFO] [1773477222.100670594] [Ground]: 识别到QR码: 小铲子
[INFO] [1773477222.135697444] [Ground]: 识别到QR码: 小铲子
[INFO] [1773477222.235938436] [Ground]: 识别到QR码: 小铲子
[INFO] [1773477222.382858160] [Ground]: 识别到QR码: 小铲子
[INFO] [1773477222.508808338] [Ground]: 识别到QR码: 葵花种子
[INFO] [1773477222.521755868] [Ground]: 识别到QR码: 小铲子
[INFO] [1773477222.540946316] [Ground]: 识别到QR码: 小铲子
[INFO] [1773477222.543094353] [Ground]: 识别到QR码: 葵花种子
[INFO] [1773477222.571024731] [Ground]: 识别到QR码: 小铲子
[INFO] [1773477222.572672907] [Ground]: 识别到QR码: 葵花种子
[INFO] [1773477222.706962114] [Ground]: 识别到QR码: 小铲子
[INFO] [1773477223.113975432] [Ground]: 识别到QR码: 小铲子
[INFO] [1773477223.508617313] [Ground]: 识别到QR码: 小铲子
[INFO] [1773477223.622686316] [Ground]: 识别到QR码: 葵花种子
[INFO] [1773477223.698774308] [Ground]: 识别到QR码: 小铲子
[INFO] [1773477223.738175866] [Ground]: 识别到QR码: 葵花种子
[INFO] [1773477223.740202617] [Ground]: 识别到QR码: 小铲子
[INFO] [1773477224.116462875] [Ground]: 识别到QR码: 小铲子
[INFO] [1773477224.117611189] [Ground]: 识别到QR码: 葵花种子
[INFO] [1773477224.461919622] [Ground]: 识别到QR码: 小铲子
[INFO] [1773477224.478084159] [Ground]: 识别到QR码: 葵花种子
[INFO] [1773477224.584055896] [Ground]: 识别到QR码: 葵花种子
[INFO] [1773477224.754745110] [Ground]: 识别到QR码: 葵花种子
[INFO] [1773477224.755636455] [Ground]: 识别到QR码: 小铲子
[INFO] [1773477224.839650067] [Ground]: 识别到QR码: 葵花种子
[INFO] [1773477225.354839273] [Ground]: 识别到QR码: 小铲子
[INFO] [1773477225.404518763] [Ground]: 识别到QR码: 小铲子
[INFO] [1773477225.594889621] [Ground]: 识别到QR码: 小铲子
[INFO] [1773477225.595922301] [Ground]: 识别到QR码: 葵花种子
[INFO] [1773477225.734106873] [Ground]: 识别到QR码: 葵花种子
[INFO] [1773477225.735717868] [Ground]: 识别到QR码: 小铲子
[INFO] [1773477225.862256449] [Ground]: 识别到QR码: 小铲子
[INFO] [1773477225.867133689] [Ground]: 识别到QR码: 葵花种子
[INFO] [1773477225.903609212] [Ground]: 识别到QR码: 小铲子
[INFO] [1773477226.037753238] [Ground]: 识别到QR码: 小铲子
[INFO] [1773477226.174022193] [Ground]: 识别到QR码: 小铲子
[INFO] [1773477226.176752654] [Ground]: 识别到QR码: 葵花种子
[INFO] [1773477226.196465656] [Ground]: 识别到QR码: 葵花种子
[INFO] [1773477226.331876291] [Ground]: 识别到QR码: 小铲子
[INFO] [1773477226.469973419] [Ground]: 识别到QR码: 小铲子
[INFO] [1773477226.471009314] [Ground]: 识别到QR码: 葵花种子
[INFO] [1773477226.564858203] [Ground]: 识别到QR码: 小铲子
[INFO] [1773477226.646421738] [Ground]: 识别到QR码: 小铲子
[INFO] [1773477226.838882734] [Ground]: 识别到QR码: 太阳花种子
[INFO] [1773477226.865868374] [Ground]: 识别到QR码: 小铲子
[INFO] [1773477226.997623952] [Ground]: 识别到QR码: 小铲子
[INFO] [1773477226.999794055] [Ground]: 识别到QR码: 小铲子
[INFO] [1773477227.002643063] [Ground]: 识别到QR码: 葵花种子
[INFO] [1773477227.069755513] [Ground]: 识别到QR码: 葵花种子
[INFO] [1773477227.070816017] [Ground]: 识别到QR码: 小铲子
[INFO] [1773477227.147538838] [Ground]: 识别到QR码: 小铲子
[INFO] [1773477227.149413737] [Ground]: 识别到QR码: 葵花种子
[INFO] [1773477227.150883448] [Ground]: 识别到QR码: 小铲子
[INFO] [1773477227.236579847] [Ground]: 识别到QR码: 小铲子
[INFO] [1773477227.238636223] [Ground]: 识别到QR码: 葵花种子
[INFO] [1773477227.274608822] [Ground]: 识别到QR码: 小铲子
[INFO] [1773477227.275923885] [Ground]: 识别到QR码: 葵花种子
[INFO] [1773477227.344048630] [Ground]: 识别到QR码: 葵花种子
[INFO] [1773477227.372382553] [Ground]: 识别到QR码: 葵花种子
[INFO] [1773477227.483497537] [Ground]: 识别到QR码: 小铲子
[INFO] [1773477227.485427849] [Ground]: 识别到QR码: 葵花种子
[INFO] [1773477227.508828761] [Ground]: 识别到QR码: 小铲子
[INFO] [1773477227.513707033] [Ground]: 识别到QR码: 葵花种子
[INFO] [1773477227.617797673] [Ground]: 识别到QR码: 太阳花种子
[INFO] [1773477227.620074229] [Ground]: 识别到QR码: 小铲子
[INFO] [1773477227.621796621] [Ground]: 识别到QR码: 葵花种子
[INFO] [1773477227.712006477] [Ground]: 识别到QR码: 小铲子
[INFO] [1773477227.727982624] [Ground]: 识别到QR码: 葵花种子
[INFO] [1773477227.747029316] [Ground]: 识别到QR码: 小铲子
[INFO] [1773477227.749791798] [Ground]: 识别到QR码: 葵花种子
[INFO] [1773477227.772129528] [Ground]: 识别到QR码: 太阳花种子
[INFO] [1773477227.839528764] [Ground]: 识别到QR码: 太阳花种子
[INFO] [1773477227.866837114] [Ground]: 识别到QR码: 太阳花种子
[INFO] [1773477227.874696889] [Ground]: 识别到QR码: 小铲子
[INFO] [1773477227.875696078] [Ground]: 识别到QR码: 葵花种子
[INFO] [1773477227.941263062] [Ground]: 识别到QR码: 葵花种子
[INFO] [1773477227.976383521] [Ground]: 识别到QR码: 小铲子
[INFO] [1773477228.063917199] [Ground]: 识别到QR码: 小铲子
[INFO] [1773477228.078710069] [Ground]: 识别到QR码: 葵花种子
[INFO] [1773477228.112828597] [Ground]: 识别到QR码: 小铲子
[INFO] [1773477228.113895451] [Ground]: 识别到QR码: 小铲子
[INFO] [1773477228.179453330] [Ground]: 识别到QR码: 葵花种子
[INFO] [1773477228.182585260] [Ground]: 识别到QR码: 小铲子
[INFO] [1773477228.221922080] [Ground]: 识别到QR码: 小铲子
[INFO] [1773477228.301117739] [Ground]: 识别到QR码: 葵花种子
[INFO] [1773477228.328515754] [Ground]: 识别到QR码: 葵花种子
[INFO] [1773477228.329966722] [Ground]: 识别到QR码: 小铲子
[INFO] [1773477228.341462941] [Ground]: 识别到QR码: 小铲子
[INFO] [1773477228.344922336] [Ground]: 识别到QR码: 葵花种子
[INFO] [1773477228.376756984] [Ground]: 识别到QR码: 小铲子
[INFO] [1773477228.378550638] [Ground]: 识别到QR码: 葵花种子
[INFO] [1773477228.414143676] [Ground]: 识别到QR码: 葵花种子
[INFO] [1773477228.415765218] [Ground]: 识别到QR码: 小铲子
[INFO] [1773477228.443692573] [Ground]: 识别到QR码: 葵花种子
[INFO] [1773477228.533381367] [Ground]: 识别到QR码: 小铲子
[INFO] [1773477228.560527298] [Ground]: 识别到QR码: 葵花种子
[INFO] [1773477228.698858202] [Ground]: 识别到QR码: 小铲子
[INFO] [1773477228.701324034] [Ground]: 识别到QR码: 葵花种子
[INFO] [1773477228.703014731] [Ground]: 识别到QR码: 小铲子
[INFO] [1773477228.704915781] [Ground]: 识别到QR码: 小铲子
[INFO] [1773477228.816452471] [Ground]: 识别到QR码: 小铲子
[INFO] [1773477228.937165930] [Ground]: 识别到QR码: 葵花种子
[INFO] [1773477228.941096003] [Ground]: 识别到QR码: 小铲子
[INFO] [1773477228.949082137] [Ground]: 识别到QR码: 小铲子
[INFO] [1773477228.950797736] [Ground]: 识别到QR码: 葵花种子
[INFO] [1773477228.978610448] [Ground]: 识别到QR码: 小铲子
[INFO] [1773477229.017376796] [Ground]: 识别到QR码: 小铲子
[INFO] [1773477229.112009757] [Ground]: 识别到QR码: 小铲子
[INFO] [1773477229.190737264] [Ground]: 识别到QR码: 小铲子
[INFO] [1773477229.290637774] [Ground]: 识别到QR码: 小铲子
[INFO] [1773477229.295302416] [Ground]: 识别到QR码: 葵花种子
[INFO] [1773477229.296813623] [Ground]: 识别到QR码: 小铲子
[INFO] [1773477229.315701162] [Ground]: 识别到QR码: 小铲子
[INFO] [1773477229.323280767] [Ground]: 识别到QR码: 葵花种子
[INFO] [1773477229.404061674] [Ground]: 识别到QR码: 葵花种子
[INFO] [1773477229.439406480] [Ground]: 识别到QR码: 小铲子
[INFO] [1773477229.442391178] [Ground]: 识别到QR码: 葵花种子
[INFO] [1773477229.446969186] [Ground]: 识别到QR码: 小铲子
[INFO] [1773477229.451619445] [Ground]: 识别到QR码: 小铲子
[INFO] [1773477229.453728259] [Ground]: 识别到QR码: 葵花种子
[INFO] [1773477229.479808978] [Ground]: 识别到QR码: 葵花种子
[INFO] [1773477229.481275699] [Ground]: 识别到QR码: 小铲子
[INFO] [1773477229.533569447] [Ground]: 识别到QR码: 葵花种子
[INFO] [1773477229.535238289] [Ground]: 识别到QR码: 小铲子
[INFO] [1773477229.566833114] [Ground]: 识别到QR码: 葵花种子
[INFO] [1773477229.570747196] [Ground]: 识别到QR码: 小铲子
[INFO] [1773477229.649315852] [Ground]: 识别到QR码: 小铲子
[INFO] [1773477229.674256438] [Ground]: 识别到QR码: 葵花种子
[INFO] [1773477229.711780506] [Ground]: 识别到QR码: 小铲子
[INFO] [1773477229.715662840] [Ground]: 识别到QR码: 葵花种子
[INFO] [1773477229.716637593] [Ground]: 识别到QR码: 小铲子
[INFO] [1773477229.717877858] [Ground]: 识别到QR码: 葵花种子
[INFO] [1773477229.719707372] [Ground]: 识别到QR码: 小铲子
[INFO] [1773477229.728707940] [Ground]: 识别到QR码: 小铲子
[INFO] [1773477229.786184579] [Ground]: 识别到QR码: 小铲子
[INFO] [1773477229.787280440] [Ground]: 识别到QR码: 葵花种子
[INFO] [1773477229.851389527] [Ground]: 识别到QR码: 小铲子
[INFO] [1773477229.855272834] [Ground]: 识别到QR码: 葵花种子
[INFO] [1773477229.879547495] [Ground]: 识别到QR码: 小铲子
[INFO] [1773477229.882153585] [Ground]: 识别到QR码: 葵花种子
[INFO] [1773477229.900661542] [Ground]: 识别到QR码: 小铲子
[INFO] [1773477229.917707256] [Ground]: 识别到QR码: 葵花种子
[INFO] [1773477229.919636705] [Ground]: 识别到QR码: 小铲子
[INFO] [1773477229.923346879] [Ground]: 识别到QR码: 葵花种子
[INFO] [1773477229.966635531] [Ground]: 识别到QR码: 小铲子
[INFO] [1773477229.968998051] [Ground]: 识别到QR码: 葵花种子
[INFO] [1773477229.987420869] [Ground]: 识别到QR码: 小铲子
[INFO] [1773477229.988619413] [Ground]: 识别到QR码: 葵花种子
[INFO] [1773477230.031201138] [Ground]: 识别到QR码: 小铲子
[INFO] [1773477230.113314356] [Ground]: 识别到QR码: 小铲子
[INFO] [1773477230.144480070] [Ground]: 识别到QR码: 小铲子
[INFO] [1773477230.149587625] [Ground]: 识别到QR码: 葵花种子
[INFO] [1773477230.153328819] [Ground]: 识别到QR码: 小铲子
[INFO] [1773477230.192923219] [Ground]: 识别到QR码: 小铲子
[INFO] [1773477230.250392670] [Ground]: 识别到QR码: 小铲子
[INFO] [1773477230.251499946] [Ground]: 识别到QR码: 葵花种子
[INFO] [1773477230.314979304] [Ground]: 识别到QR码: 小铲子
[INFO] [1773477230.321659268] [Ground]: 识别到QR码: 葵花种子
[INFO] [1773477230.328132339] [Ground]: 识别到QR码: 小铲子
[INFO] [1773477230.331185433] [Ground]: 识别到QR码: 葵花种子
[INFO] [1773477230.332943299] [Ground]: 识别到QR码: 小铲子
[INFO] [1773477230.335841593] [Ground]: 识别到QR码: 葵花种子
[INFO] [1773477230.353895715] [Ground]: 识别到QR码: 葵花种子
[INFO] [1773477230.355877129] [Ground]: 识别到QR码: 小铲子
[INFO] [1773477230.394654323] [Ground]: 识别到QR码: 葵花种子
[INFO] [1773477230.395697919] [Ground]: 识别到QR码: 小铲子
[INFO] [1773477230.423769175] [Ground]: 识别到QR码: 葵花种子
[INFO] [1773477230.425287540] [Ground]: 识别到QR码: 小铲子
[INFO] [1773477230.480627565] [Ground]: 识别到QR码: 葵花种子
[INFO] [1773477230.523880478] [Ground]: 识别到QR码: 小铲子
[INFO] [1773477230.568028206] [Ground]: 识别到QR码: 葵花种子
[INFO] [1773477230.572046344] [Ground]: 识别到QR码: 小铲子
[INFO] [1773477230.573244644] [Ground]: 识别到QR码: 小铲子
[INFO] [1773477230.574254597] [Ground]: 识别到QR码: 葵花种子
[INFO] [1773477230.575390942] [Ground]: 识别到QR码: 小铲子
[INFO] [1773477230.622871228] [Ground]: 识别到QR码: 小铲子
[INFO] [1773477230.634315933] [Ground]: 识别到QR码: 小铲子
[INFO] [1773477230.734943850] [Ground]: 识别到QR码: 小铲子
[INFO] [1773477230.736994579] [Ground]: 识别到QR码: 葵花种子
[INFO] [1773477230.738892215] [Ground]: 识别到QR码: 小铲子
[INFO] [1773477230.741312022] [Ground]: 识别到QR码: 葵花种子
[INFO] [1773477230.742706505] [Ground]: 识别到QR码: 葵花种子
[INFO] [1773477230.747504832] [Ground]: 识别到QR码: 小铲子
[INFO] [1773477230.756068542] [Ground]: 识别到QR码: 小铲子
[INFO] [1773477230.757778048] [Ground]: 识别到QR码: 葵花种子
[INFO] [1773477230.796009753] [Ground]: 识别到QR码: 小铲子
[INFO] [1773477230.797701293] [Ground]: 识别到QR码: 葵花种子
[INFO] [1773477230.828356999] [Ground]: 识别到QR码: 小铲子
[INFO] [1773477230.829610002] [Ground]: 识别到QR码: 葵花种子
[INFO] [1773477230.910171614] [Ground]: 识别到QR码: 葵花种子
[INFO] [1773477230.946347235] [Ground]: 识别到QR码: 小铲子
[INFO] [1773477230.951314083] [Ground]: 识别到QR码: 葵花种子
[INFO] [1773477230.952261997] [Ground]: 识别到QR码: 小铲子
[INFO] [1773477230.953288131] [Ground]: 识别到QR码: 小铲子
[INFO] [1773477230.954489731] [Ground]: 识别到QR码: 葵花种子
[INFO] [1773477230.995307185] [Ground]: 识别到QR码: 葵花种子
[INFO] [1773477230.997129249] [Ground]: 识别到QR码: 小铲子
[INFO] [1773477231.093973563] [Ground]: 识别到QR码: 小铲子
[INFO] [1773477231.096338720] [Ground]: 识别到QR码: 葵花种子
[INFO] [1773477231.097932165] [Ground]: 识别到QR码: 葵花种子
[INFO] [1773477231.099864704] [Ground]: 识别到QR码: 小铲子
[INFO] [1773477231.108726433] [Ground]: 识别到QR码: 葵花种子
[INFO] [1773477231.138725582] [Ground]: 识别到QR码: 葵花种子
[INFO] [1773477231.144482300] [Ground]: 识别到QR码: 小铲子
[INFO] [1773477231.165988737] [Ground]: 识别到QR码: 葵花种子
[INFO] [1773477231.167909767] [Ground]: 识别到QR码: 小铲子
[INFO] [1773477231.196877390] [Ground]: 识别到QR码: 小铲子
[INFO] [1773477231.201697727] [Ground]: 识别到QR码: 葵花种子
[INFO] [1773477231.304409211] [Ground]: 识别到QR码: 葵花种子
[INFO] [1773477231.340992036] [Ground]: 识别到QR码: 葵花种子
[INFO] [1773477231.367274290] [Ground]: 识别到QR码: 葵花种子
[INFO] [1773477231.497389669] [Ground]: 识别到QR码: 葵花种子
[INFO] [1773477231.621414938] [Ground]: 识别到QR码: 葵花种子
[INFO] [1773477231.717984888] [Ground]: 识别到QR码: 葵花种子
[INFO] [1773477231.735565612] [Ground]: 识别到QR码: 葵花种子
[INFO] [1773477231.933516347] [Ground]: 识别到QR码: 葵花种子
[INFO] [1773477232.068994904] [Ground]: 识别到QR码: 葵花种子
[INFO] [1773477232.303299770] [Ground]: 识别到QR码: 葵花种子
[INFO] [1773477232.445469176] [Ground]: 识别到QR码: 葵花种子
[INFO] [1773477232.473381505] [Ground]: 识别到QR码: 葵花种子
[INFO] [1773477232.571103835] [Ground]: 识别到QR码: 葵花种子
[INFO] [1773477232.605546882] [Ground]: 识别到QR码: 葵花种子
[INFO] [1773477232.649071821] [Ground]: 识别到QR码: 葵花种子
[INFO] [1773477232.788518162] [Ground]: 识别到QR码: 葵花种子
[INFO] [1773477232.804921518] [Ground]: 识别到QR码: 葵花种子
[INFO] [1773477232.920393201] [Ground]: 识别到QR码: 葵花种子
[INFO] [1773477232.986038284] [Ground]: 识别到QR码: 葵花种子
[INFO] [1773477233.015205907] [Ground]: 识别到QR码: 葵花种子
[INFO] [1773477233.052013566] [Ground]: 识别到QR码: 葵花种子
[INFO] [1773477233.161372911] [Ground]: 识别到QR码: 葵花种子
[INFO] [1773477233.217588387] [Ground]: 识别到QR码: 葵花种子
[INFO] [1773477233.272741607] [Ground]: 识别到QR码: 葵花种子
[INFO] [1773477233.294298863] [Ground]: 识别到QR码: 葵花种子
[INFO] [1773477233.337091623] [Ground]: 识别到QR码: 葵花种子
[INFO] [1773477233.417172761] [Ground]: 识别到QR码: 葵花种子
[INFO] [1773477233.547331955] [Ground]: 识别到QR码: 葵花种子
[INFO] [1773477237.441291900] [Ground]: 识别到QR码: 太阳花种子
[INFO] [1773477237.540129829] [Ground]: 识别到QR码: 太阳花种子
[INFO] [1773477237.630791473] [Ground]: 识别到QR码: 太阳花种子
[INFO] [1773477237.652657775] [Ground]: 识别到QR码: 太阳花种子
[INFO] [1773477237.729752987] [Ground]: 识别到QR码: 太阳花种子
[INFO] [1773477237.856504971] [Ground]: 识别到QR码: 太阳花种子
[INFO] [1773477237.877834442] [Ground]: 识别到QR码: 太阳花种子
[INFO] [1773477238.052149467] [Ground]: 识别到QR码: 太阳花种子
[INFO] [1773477238.074076747] [Ground]: 识别到QR码: 太阳花种子
[INFO] [1773477238.106109813] [Ground]: 识别到QR码: 太阳花种子
[INFO] [1773477238.157320527] [Ground]: 识别到QR码: 太阳花种子
[INFO] [1773477238.260659272] [Ground]: 识别到QR码: 太阳花种子
[INFO] [1773477238.324061983] [Ground]: 识别到QR码: 太阳花种子
[INFO] [1773477238.326976973] [Ground]: 识别到QR码: 太阳花种子
[INFO] [1773477238.345453085] [Ground]: 识别到QR码: 太阳花种子
[INFO] [1773477238.393385282] [Ground]: 识别到QR码: 太阳花种子
[INFO] [1773477238.468396536] [Ground]: 识别到QR码: 太阳花种子
[INFO] [1773477238.471228790] [Ground]: 识别到QR码: 太阳花种子
[INFO] [1773477238.479217065] [Ground]: 识别到QR码: 太阳花种子
[INFO] [1773477238.507125073] [Ground]: 识别到QR码: 太阳花种子
[INFO] [1773477238.544843760] [Ground]: 识别到QR码: 太阳花种子
[INFO] [1773477238.581121082] [Ground]: 识别到QR码: 太阳花种子
[INFO] [1773477238.659597629] [Ground]: 识别到QR码: 太阳花种子
[INFO] [1773477238.662314148] [Ground]: 识别到QR码: 太阳花种子
[INFO] [1773477238.721037429] [Ground]: 识别到QR码: 太阳花种子
[INFO] [1773477238.722997114] [Ground]: 识别到QR码: 太阳花种子
[INFO] [1773477238.774428129] [Ground]: 识别到QR码: 太阳花种子
[INFO] [1773477238.900099476] [Ground]: 识别到QR码: 太阳花种子
[INFO] [1773477238.905505812] [Ground]: 识别到QR码: 太阳花种子
[INFO] [1773477238.907039901] [Ground]: 识别到QR码: 太阳花种子
[INFO] [1773477238.915652616] [Ground]: 识别到QR码: 太阳花种子
[INFO] [1773477238.944918835] [Ground]: 识别到QR码: 太阳花种子
[INFO] [1773477238.987193986] [Ground]: 识别到QR码: 太阳花种子
[INFO] [1773477239.098743521] [Ground]: 识别到QR码: 太阳花种子
[INFO] [1773477239.100314198] [Ground]: 识别到QR码: 太阳花种子
[INFO] [1773477239.119231479] [Ground]: 识别到QR码: 太阳花种子
[INFO] [1773477239.143820137] [Ground]: 识别到QR码: 太阳花种子
[INFO] [1773477239.203494126] [Ground]: 识别到QR码: 太阳花种子
[INFO] [1773477239.223287542] [Ground]: 识别到QR码: 太阳花种子
[INFO] [1773477239.267215867] [Ground]: 识别到QR码: 太阳花种子
[INFO] [1773477241.737077300] [Ground]: 识别到QR码: 太阳花种子
[INFO] [1773477241.795422803] [Ground]: 识别到QR码: 太阳花种子
[INFO] [1773477241.825898608] [Ground]: 识别到QR码: 太阳花种子
[INFO] [1773477241.834210861] [Ground]: 识别到QR码: 太阳花种子
[INFO] [1773477241.937327807] [Ground]: 识别到QR码: 太阳花种子
[INFO] [1773477241.938420591] [Ground]: 识别到QR码: 太阳花种子
[INFO] [1773477241.939560342] [Ground]: 识别到QR码: 太阳花种子
[INFO] [1773477242.033463827] [Ground]: 识别到QR码: 太阳花种子
[INFO] [1773477242.121360816] [Ground]: 识别到QR码: 太阳花种子
[INFO] [1773477242.123185502] [Ground]: 识别到QR码: 太阳花种子
[INFO] [1773477242.133911792] [Ground]: 识别到QR码: 小铲子
[INFO] [1773477242.202527800] [Ground]: 识别到QR码: 太阳花种子
[INFO] [1773477242.238707076] [Ground]: 识别到QR码: 太阳花种子
[INFO] [1773477242.240191634] [Ground]: 识别到QR码: 小铲子
[INFO] [1773477242.373800904] [Ground]: 识别到QR码: 太阳花种子
[INFO] [1773477242.377458865] [Ground]: 识别到QR码: 小铲子
[INFO] [1773477242.385318126] [Ground]: 识别到QR码: 太阳花种子
[INFO] [1773477242.407228397] [Ground]: 识别到QR码: 太阳花种子
[INFO] [1773477242.410562905] [Ground]: 识别到QR码: 小铲子
[INFO] [1773477242.412656114] [Ground]: 识别到QR码: 太阳花种子
[INFO] [1773477242.413785494] [Ground]: 识别到QR码: 小铲子
[INFO] [1773477242.469845814] [Ground]: 识别到QR码: 太阳花种子
[INFO] [1773477242.524853230] [Ground]: 识别到QR码: 小铲子
[INFO] [1773477242.559380007] [Ground]: 识别到QR码: 太阳花种子
[INFO] [1773477242.581599457] [Ground]: 识别到QR码: 小铲子
[INFO] [1773477242.584290819] [Ground]: 识别到QR码: 小铲子
[INFO] [1773477242.587159079] [Ground]: 识别到QR码: 太阳花种子
[INFO] [1773477242.588161002] [Ground]: 识别到QR码: 小铲子
[INFO] [1773477242.589291488] [Ground]: 识别到QR码: 太阳花种子
[INFO] [1773477242.590040868] [Ground]: 识别到QR码: 小铲子
[INFO] [1773477242.624346940] [Ground]: 识别到QR码: 太阳花种子
[INFO] [1773477242.626499240] [Ground]: 识别到QR码: 小铲子
[INFO] [1773477242.686282546] [Ground]: 识别到QR码: 小铲子
[INFO] [1773477242.688438530] [Ground]: 识别到QR码: 太阳花种子
[INFO] [1773477242.756629880] [Ground]: 识别到QR码: 太阳花种子
[INFO] [1773477242.759660012] [Ground]: 识别到QR码: 小铲子
[INFO] [1773477242.760953311] [Ground]: 识别到QR码: 太阳花种子
[INFO] [1773477242.808507685] [Ground]: 识别到QR码: 太阳花种子
[INFO] [1773477242.823144521] [Ground]: 识别到QR码: 小铲子
[INFO] [1773477242.825934329] [Ground]: 识别到QR码: 太阳花种子
[INFO] [1773477242.860039727] [Ground]: 识别到QR码: 太阳花种子
[INFO] [1773477242.881816483] [Ground]: 识别到QR码: 小铲子
[INFO] [1773477242.950649018] [Ground]: 识别到QR码: 太阳花种子
[INFO] [1773477242.974595766] [Ground]: 识别到QR码: 太阳花种子
[INFO] [1773477243.009198159] [Ground]: 识别到QR码: 小铲子
[INFO] [1773477243.099888836] [Ground]: 识别到QR码: 太阳花种子
[INFO] [1773477243.156338726] [Ground]: 识别到QR码: 小铲子
[INFO] [1773477243.158351780] [Ground]: 识别到QR码: 太阳花种子
[INFO] [1773477243.275176631] [Ground]: 识别到QR码: 太阳花种子
[INFO] [1773477243.417412035] [Ground]: 识别到QR码: 太阳花种子
[INFO] [1773477243.438754592] [Ground]: 识别到QR码: 小铲子
[INFO] [1773477243.457224774] [Ground]: 识别到QR码: 小铲子
[INFO] [1773477243.492676620] [Ground]: 识别到QR码: 太阳花种子
[INFO] [1773477243.539776256] [Ground]: 识别到QR码: 太阳花种子
[INFO] [1773477243.605164594] [Ground]: 识别到QR码: 太阳花种子
[INFO] [1773477243.608935400] [Ground]: 识别到QR码: 小铲子
[INFO] [1773477243.612283110] [Ground]: 识别到QR码: 太阳花种子
[INFO] [1773477243.648551394] [Ground]: 识别到QR码: 太阳花种子
[INFO] [1773477243.685236390] [Ground]: 识别到QR码: 太阳花种子
[INFO] [1773477243.687061022] [Ground]: 识别到QR码: 小铲子
[INFO] [1773477243.719562863] [Ground]: 识别到QR码: 小铲子
[INFO] [1773477243.721263485] [Ground]: 识别到QR码: 太阳花种子
[INFO] [1773477243.751028128] [Ground]: 识别到QR码: 太阳花种子
[INFO] [1773477243.754946992] [Ground]: 识别到QR码: 小铲子
[INFO] [1773477243.777126798] [Ground]: 识别到QR码: 小铲子
[INFO] [1773477243.821190569] [Ground]: 识别到QR码: 太阳花种子
[INFO] [1773477243.847826787] [Ground]: 识别到QR码: 太阳花种子
[INFO] [1773477243.849502079] [Ground]: 识别到QR码: 小铲子
[INFO] [1773477244.023602827] [Ground]: 识别到QR码: 太阳花种子
[INFO] [1773477244.024806478] [Ground]: 识别到QR码: 小铲子
[INFO] [1773477244.025750625] [Ground]: 识别到QR码: 小铲子
[INFO] [1773477244.026590302] [Ground]: 识别到QR码: 小铲子
[INFO] [1773477244.038675333] [Ground]: 识别到QR码: 太阳花种子
[INFO] [1773477244.042174809] [Ground]: 识别到QR码: 小铲子
[INFO] [1773477244.043862035] [Ground]: 识别到QR码: 葵花种子
[INFO] [1773477244.047937799] [Ground]: 识别到QR码: 太阳花种子
[INFO] [1773477244.048767917] [Ground]: 识别到QR码: 葵花种子
[INFO] [1773477244.085691067] [Ground]: 识别到QR码: 太阳花种子
[INFO] [1773477244.087092213] [Ground]: 识别到QR码: 葵花种子
[INFO] [1773477244.091216373] [Ground]: 识别到QR码: 小铲子
[INFO] [1773477244.203147269] [Ground]: 识别到QR码: 太阳花种子
[INFO] [1773477244.204596645] [Ground]: 识别到QR码: 小铲子
[INFO] [1773477244.207333200] [Ground]: 识别到QR码: 太阳花种子
[INFO] [1773477244.209757758] [Ground]: 识别到QR码: 太阳花种子
[INFO] [1773477244.217866589] [Ground]: 识别到QR码: 太阳花种子
[INFO] [1773477244.221595610] [Ground]: 识别到QR码: 葵花种子
[INFO] [1773477244.255104391] [Ground]: 识别到QR码: 小铲子
[INFO] [1773477244.256247587] [Ground]: 识别到QR码: 葵花种子
[INFO] [1773477244.356190225] [Ground]: 识别到QR码: 太阳花种子
[INFO] [1773477244.386769411] [Ground]: 识别到QR码: 太阳花种子
[INFO] [1773477244.388729336] [Ground]: 识别到QR码: 小铲子
[INFO] [1773477244.389758187] [Ground]: 识别到QR码: 葵花种子
[INFO] [1773477244.514313539] [Ground]: 识别到QR码: 太阳花种子
[INFO] [1773477244.568245074] [Ground]: 识别到QR码: 小铲子
[INFO] [1773477244.569199116] [Ground]: 识别到QR码: 太阳花种子
[INFO] [1773477244.570154895] [Ground]: 识别到QR码: 葵花种子
[INFO] [1773477244.571173086] [Ground]: 识别到QR码: 小铲子
[INFO] [1773477244.572856944] [Ground]: 识别到QR码: 太阳花种子
[INFO] [1773477244.574178514] [Ground]: 识别到QR码: 小铲子
[INFO] [1773477244.580363793] [Ground]: 识别到QR码: 葵花种子
[INFO] [1773477244.588998455] [Ground]: 识别到QR码: 葵花种子
[INFO] [1773477244.591433135] [Ground]: 识别到QR码: 太阳花种子
[INFO] [1773477244.592930004] [Ground]: 识别到QR码: 小铲子
[INFO] [1773477244.593971423] [Ground]: 识别到QR码: 太阳花种子
[INFO] [1773477244.627214102] [Ground]: 识别到QR码: 太阳花种子
[INFO] [1773477244.628591961] [Ground]: 识别到QR码: 葵花种子
[INFO] [1773477244.632657792] [Ground]: 识别到QR码: 小铲子
[INFO] [1773477244.650189255] [Ground]: 识别到QR码: 葵花种子
[INFO] [1773477244.757790578] [Ground]: 识别到QR码: 太阳花种子
[INFO] [1773477244.788351708] [Ground]: 识别到QR码: 葵花种子
[INFO] [1773477244.789989180] [Ground]: 识别到QR码: 小铲子
[INFO] [1773477244.860879002] [Ground]: 识别到QR码: 小铲子
[INFO] [1773477244.878910588] [Ground]: 识别到QR码: 葵花种子
[INFO] [1773477244.983273113] [Ground]: 识别到QR码: 小铲子
[INFO] [1773477245.025268310] [Ground]: 识别到QR码: 小铲子
[INFO] [1773477245.030672481] [Ground]: 识别到QR码: 葵花种子
[INFO] [1773477245.126423122] [Ground]: 识别到QR码: 葵花种子
[INFO] [1773477245.127318992] [Ground]: 识别到QR码: 小铲子
[INFO] [1773477245.158426073] [Ground]: 识别到QR码: 小铲子
[INFO] [1773477245.161986826] [Ground]: 识别到QR码: 葵花种子
[INFO] [1773477245.282941343] [Ground]: 识别到QR码: 葵花种子
[INFO] [1773477245.285916050] [Ground]: 识别到QR码: 太阳花种子
[INFO] [1773477245.287508120] [Ground]: 识别到QR码: 小铲子
[INFO] [1773477245.288705353] [Ground]: 识别到QR码: 葵花种子
[INFO] [1773477245.293482486] [Ground]: 识别到QR码: 小铲子
[INFO] [1773477245.363259886] [Ground]: 识别到QR码: 太阳花种子
[INFO] [1773477245.365893906] [Ground]: 识别到QR码: 小铲子
[INFO] [1773477245.395825914] [Ground]: 识别到QR码: 太阳花种子
[INFO] [1773477245.397661098] [Ground]: 识别到QR码: 小铲子
[INFO] [1773477245.398814004] [Ground]: 识别到QR码: 葵花种子
[INFO] [1773477245.425032208] [Ground]: 识别到QR码: 葵花种子
[INFO] [1773477245.427016040] [Ground]: 识别到QR码: 小铲子
[INFO] [1773477245.497878213] [Ground]: 识别到QR码: 太阳花种子
[INFO] [1773477245.601960310] [Ground]: 识别到QR码: 小铲子
[INFO] [1773477245.662274764] [Ground]: 识别到QR码: 小铲子
[INFO] [1773477245.663552490] [Ground]: 识别到QR码: 葵花种子
[INFO] [1773477245.779449534] [Ground]: 识别到QR码: 太阳花种子
[INFO] [1773477245.784519999] [Ground]: 识别到QR码: 小铲子
[INFO] [1773477245.785733798] [Ground]: 识别到QR码: 葵花种子
[INFO] [1773477245.790080865] [Ground]: 识别到QR码: 太阳花种子
[INFO] [1773477245.791169113] [Ground]: 识别到QR码: 小铲子
[INFO] [1773477245.803786143] [Ground]: 识别到QR码: 葵花种子
[INFO] [1773477245.812926866] [Ground]: 识别到QR码: 太阳花种子
[INFO] [1773477245.819270232] [Ground]: 识别到QR码: 小铲子
[INFO] [1773477245.863840077] [Ground]: 识别到QR码: 小铲子
[INFO] [1773477245.864696854] [Ground]: 识别到QR码: 葵花种子
[INFO] [1773477246.015762015] [Ground]: 识别到QR码: 葵花种子
[INFO] [1773477246.017766352] [Ground]: 识别到QR码: 小铲子
[INFO] [1773477246.019403232] [Ground]: 识别到QR码: 葵花种子
[INFO] [1773477246.037795878] [Ground]: 识别到QR码: 葵花种子
[INFO] [1773477246.040389627] [Ground]: 识别到QR码: 小铲子
[INFO] [1773477246.132388729] [Ground]: 识别到QR码: 太阳花种子
[INFO] [1773477246.140418677] [Ground]: 识别到QR码: 小铲子
[INFO] [1773477246.143609254] [Ground]: 识别到QR码: 葵花种子
[INFO] [1773477246.145569899] [Ground]: 识别到QR码: 小铲子
[INFO] [1773477246.149932936] [Ground]: 识别到QR码: 太阳花种子
[INFO] [1773477246.152671688] [Ground]: 识别到QR码: 葵花种子
[INFO] [1773477246.204832616] [Ground]: 识别到QR码: 太阳花种子
[INFO] [1773477246.234875256] [Ground]: 识别到QR码: 小铲子
[INFO] [1773477246.314145950] [Ground]: 识别到QR码: 小铲子
[INFO] [1773477246.315713892] [Ground]: 识别到QR码: 葵花种子
[INFO] [1773477246.319421468] [Ground]: 识别到QR码: 太阳花种子
[INFO] [1773477246.428140190] [Ground]: 识别到QR码: 小铲子
[INFO] [1773477246.440701670] [Ground]: 识别到QR码: 葵花种子
[INFO] [1773477246.481548525] [Ground]: 识别到QR码: 小铲子
[INFO] [1773477246.484506665] [Ground]: 识别到QR码: 葵花种子
[INFO] [1773477246.639474756] [Ground]: 识别到QR码: 小铲子
[INFO] [1773477246.670574189] [Ground]: 识别到QR码: 小铲子
[INFO] [1773477246.710653892] [Ground]: 识别到QR码: 小铲子
[INFO] [1773477246.728620154] [Ground]: 识别到QR码: 葵花种子
[INFO] [1773477246.740303574] [Ground]: 识别到QR码: 小铲子
[INFO] [1773477246.969177420] [Ground]: 识别到QR码: 葵花种子
[INFO] [1773477247.287552714] [Ground]: 识别到QR码: 小铲子
[INFO] [1773477247.583784010] [Ground]: 识别到QR码: 小铲子
[INFO] [1773477247.618836918] [Ground]: 识别到QR码: 葵花种子
[INFO] [1773477247.687306194] [Ground]: 识别到QR码: 葵花种子
[INFO] [1773477247.710080220] [Ground]: 识别到QR码: 小铲子
[INFO] [1773477247.740379479] [Ground]: 识别到QR码: 小铲子
[INFO] [1773477247.855276910] [Ground]: 识别到QR码: 小铲子
[INFO] [1773477247.978106095] [Ground]: 识别到QR码: 小铲子
[INFO] [1773477248.012297882] [Ground]: 识别到QR码: 小铲子
[INFO] [1773477248.049240553] [Ground]: 识别到QR码: 葵花种子
[INFO] [1773477248.050147932] [Ground]: 识别到QR码: 小铲子
[INFO] [1773477248.189223004] [Ground]: 识别到QR码: 葵花种子
[INFO] [1773477248.229367109] [Ground]: 识别到QR码: 小铲子
[INFO] [1773477248.245840735] [Ground]: 识别到QR码: 葵花种子
[INFO] [1773477248.343362149] [Ground]: 识别到QR码: 葵花种子
[INFO] [1773477248.420760486] [Ground]: 识别到QR码: 小铲子
[INFO] [1773477248.421847711] [Ground]: 识别到QR码: 葵花种子
[INFO] [1773477248.535982827] [Ground]: 识别到QR码: 小铲子
[INFO] [1773477248.540298965] [Ground]: 识别到QR码: 小铲子
[INFO] [1773477248.863801894] [Ground]: 识别到QR码: 葵花种子
[INFO] [1773477248.919600028] [Ground]: 识别到QR码: 小铲子
[INFO] [1773477249.034979508] [Ground]: 识别到QR码: 葵花种子
[INFO] [1773477249.064542427] [Ground]: 识别到QR码: 葵花种子
[INFO] [1773477249.187010849] [Ground]: 识别到QR码: 小铲子
[INFO] [1773477249.577266211] [Ground]: 识别到QR码: 小铲子
[INFO] [1773477249.654708757] [Ground]: 识别到QR码: 小铲子
[IN