[INFO] [1773478384.244125969] [Ground]: ros2 node launch success:Ground!
[INFO] [1773478445.945610452] [Ground]: takeoff 发送成功 → 飞行站已调用：takeoff服务
[INFO] [1773478454.215899025] [Ground]: 识别到QR码: 小铲子
[INFO] [1773478454.256633452] [Ground]: 识别到QR码: 小铲子
[INFO] [1773478454.348395348] [Ground]: 识别到QR码: 小铲子
[INFO] [1773478454.417881234] [Ground]: 识别到QR码: 小铲子
[INFO] [1773478454.544035460] [Ground]: 识别到QR码: 小铲子
[INFO] [1773478454.613565506] [Ground]: 识别到QR码: 小铲子
[INFO] [1773478454.643543963] [Ground]: 识别到QR码: 小铲子
[INFO] [1773478454.686907660] [Ground]: 识别到QR码: 小铲子
[INFO] [1773478454.716266326] [Ground]: 识别到QR码: 小铲子
[INFO] [1773478454.758124011] [Ground]: 识别到QR码: 小铲子
[INFO] [1773478457.299380525] [Ground]: 识别到QR码: 小铲子
[INFO] [1773478458.381864889] [Ground]: 识别到QR码: 小铲子
[INFO] [1773478458.394791572] [Ground]: 识别到QR码: 葵花种子
[INFO] [1773478458.602839400] [Ground]: 识别到QR码: 小铲子
[INFO] [1773478458.676187926] [Ground]: 识别到QR码: 小铲子
[INFO] [1773478458.742660580] [Ground]: 识别到QR码: 小铲子
[INFO] [1773478458.743997637] [Ground]: 识别到QR码: 葵花种子
[INFO] [1773478458.815223575] [Ground]: 识别到QR码: 小铲子
[INFO] [1773478458.816711888] [Ground]: 识别到QR码: 葵花种子
[INFO] [1773478458.841659086] [Ground]: 识别到QR码: 葵花种子
[INFO] [1773478458.894351703] [Ground]: 识别到QR码: 小铲子
[INFO] [1773478458.942471853] [Ground]: 识别到QR码: 葵花种子
[INFO] [1773478458.998384811] [Ground]: 识别到QR码: 小铲子
[INFO] [1773478459.000246977] [Ground]: 识别到QR码: 葵花种子
[INFO] [1773478459.008582157] [Ground]: 识别到QR码: 小铲子
[INFO] [1773478459.156607829] [Ground]: 识别到QR码: 小铲子
[INFO] [1773478459.184421235] [Ground]: 识别到QR码: 小铲子
[INFO] [1773478459.190149369] [Ground]: 识别到QR码: 葵花种子
[INFO] [1773478459.248156617] [Ground]: 识别到QR码: 葵花种子
[INFO] [1773478459.249274035] [Ground]: 识别到QR码: 小铲子
[INFO] [1773478459.275104492] [Ground]: 识别到QR码: 小铲子
[INFO] [1773478459.276297037] [Ground]: 识别到QR码: 葵花种子
[INFO] [1773478459.317944747] [Ground]: 识别到QR码: 小铲子
[INFO] [1773478459.346907649] [Ground]: 识别到QR码: 小铲子
[INFO] [1773478459.348372110] [Ground]: 识别到QR码: 葵花种子
[INFO] [1773478459.380503130] [Ground]: 识别到QR码: 小铲子
[INFO] [1773478459.411534973] [Ground]: 识别到QR码: 小铲子
[INFO] [1773478459.449558642] [Ground]: 识别到QR码: 小铲子
[INFO] [1773478459.451048688] [Ground]: 识别到QR码: 葵花种子
[INFO] [1773478459.479769608] [Ground]: 识别到QR码: 小铲子
[INFO] [1773478459.481527028] [Ground]: 识别到QR码: 葵花种子
[INFO] [1773478459.515227268] [Ground]: 识别到QR码: 葵花种子
[INFO] [1773478459.543906974] [Ground]: 识别到QR码: 小铲子
[INFO] [1773478459.615392007] [Ground]: 识别到QR码: 小铲子
[INFO] [1773478459.649216532] [Ground]: 识别到QR码: 小铲子
[INFO] [1773478459.651068187] [Ground]: 识别到QR码: 葵花种子
[INFO] [1773478459.684523169] [Ground]: 识别到QR码: 小铲子
[INFO] [1773478459.685509356] [Ground]: 识别到QR码: 葵花种子
[INFO] [1773478459.713389055] [Ground]: 识别到QR码: 小铲子
[INFO] [1773478459.718159390] [Ground]: 识别到QR码: 葵花种子
[INFO] [1773478459.748881389] [Ground]: 识别到QR码: 小铲子
[INFO] [1773478459.781848756] [Ground]: 识别到QR码: 小铲子
[INFO] [1773478459.879551077] [Ground]: 识别到QR码: 小铲子
[INFO] [1773478459.982032380] [Ground]: 识别到QR码: 小铲子
[INFO] [1773478460.031969907] [Ground]: 识别到QR码: 葵花种子
[INFO] [1773478460.033296451] [Ground]: 识别到QR码: 小铲子
[INFO] [1773478460.048410960] [Ground]: 识别到QR码: 小铲子
[INFO] [1773478460.250943955] [Ground]: 识别到QR码: 小铲子
[INFO] [1773478460.288781357] [Ground]: 识别到QR码: 小铲子
[INFO] [1773478460.435289707] [Ground]: 识别到QR码: 葵花种子
[INFO] [1773478460.464571433] [Ground]: 识别到QR码: 葵花种子
[INFO] [1773478460.583405713] [Ground]: 识别到QR码: 小铲子
[INFO] [1773478460.626425163] [Ground]: 识别到QR码: 小铲子
[INFO] [1773478460.790565443] [Ground]: 识别到QR码: 小铲子
[INFO] [1773478460.922465598] [Ground]: 识别到QR码: 小铲子
[INFO] [1773478460.968009012] [Ground]: 识别到QR码: 小铲子
[INFO] [1773478461.158275939] [Ground]: 识别到QR码: 小铲子
[INFO] [1773478461.435378009] [Ground]: 识别到QR码: 小铲子
[INFO] [1773478461.497187507] [Ground]: 识别到QR码: 小铲子
[INFO] [1773478461.572164716] [Ground]: 识别到QR码: 小铲子
[INFO] [1773478461.624741044] [Ground]: 识别到QR码: 小铲子
[INFO] [1773478461.625478694] [Ground]: 识别到QR码: 葵花种子
[INFO] [1773478461.663192238] [Ground]: 识别到QR码: 小铲子
[INFO] [1773478461.691127997] [Ground]: 识别到QR码: 小铲子
[INFO] [1773478461.692076352] [Ground]: 识别到QR码: 葵花种子
[INFO] [1773478461.735543008] [Ground]: 识别到QR码: 小铲子
[INFO] [1773478461.736383654] [Ground]: 识别到QR码: 葵花种子
[INFO] [1773478461.827204671] [Ground]: 识别到QR码: 小铲子
[INFO] [1773478461.862064119] [Ground]: 识别到QR码: 葵花种子
[INFO] [1773478461.864066386] [Ground]: 识别到QR码: 小铲子
[INFO] [1773478461.898942867] [Ground]: 识别到QR码: 小铲子
[INFO] [1773478461.900273317] [Ground]: 识别到QR码: 葵花种子
[INFO] [1773478461.999515893] [Ground]: 识别到QR码: 小铲子
[INFO] [1773478462.069596898] [Ground]: 识别到QR码: 小铲子
[INFO] [1773478462.071583379] [Ground]: 识别到QR码: 葵花种子
[INFO] [1773478462.097703282] [Ground]: 识别到QR码: 小铲子
[INFO] [1773478462.098570998] [Ground]: 识别到QR码: 葵花种子
[INFO] [1773478462.157935386] [Ground]: 识别到QR码: 小铲子
[INFO] [1773478462.161249321] [Ground]: 识别到QR码: 葵花种子
[INFO] [1773478462.166402091] [Ground]: 识别到QR码: 小铲子
[INFO] [1773478462.169885487] [Ground]: 识别到QR码: 葵花种子
[INFO] [1773478462.202262369] [Ground]: 识别到QR码: 小铲子
[INFO] [1773478462.204246261] [Ground]: 识别到QR码: 葵花种子
[INFO] [1773478462.231433806] [Ground]: 识别到QR码: 小铲子
[INFO] [1773478462.266602612] [Ground]: 识别到QR码: 小铲子
[INFO] [1773478462.268283178] [Ground]: 识别到QR码: 葵花种子
[INFO] [1773478462.297388624] [Ground]: 识别到QR码: 小铲子
[INFO] [1773478462.299687125] [Ground]: 识别到QR码: 葵花种子
[INFO] [1773478462.338255196] [Ground]: 识别到QR码: 小铲子
[INFO] [1773478462.340016471] [Ground]: 识别到QR码: 葵花种子
[INFO] [1773478462.367066779] [Ground]: 识别到QR码: 小铲子
[INFO] [1773478462.368739257] [Ground]: 识别到QR码: 葵花种子
[INFO] [1773478462.400240624] [Ground]: 识别到QR码: 小铲子
[INFO] [1773478462.402672125] [Ground]: 识别到QR码: 葵花种子
[INFO] [1773478462.435069876] [Ground]: 识别到QR码: 小铲子
[INFO] [1773478462.436472468] [Ground]: 识别到QR码: 葵花种子
[INFO] [1773478462.506578653] [Ground]: 识别到QR码: 小铲子
[INFO] [1773478462.510641116] [Ground]: 识别到QR码: 葵花种子
[INFO] [1773478462.522368160] [Ground]: 识别到QR码: 小铲子
[INFO] [1773478462.524338742] [Ground]: 识别到QR码: 葵花种子
[INFO] [1773478462.536175800] [Ground]: 识别到QR码: 小铲子
[INFO] [1773478462.537642277] [Ground]: 识别到QR码: 葵花种子
[INFO] [1773478462.565061094] [Ground]: 识别到QR码: 小铲子
[INFO] [1773478462.610142261] [Ground]: 识别到QR码: 小铲子
[INFO] [1773478462.611497422] [Ground]: 识别到QR码: 葵花种子
[INFO] [1773478462.640823837] [Ground]: 识别到QR码: 小铲子
[INFO] [1773478462.641966932] [Ground]: 识别到QR码: 葵花种子
[INFO] [1773478462.703961498] [Ground]: 识别到QR码: 葵花种子
[INFO] [1773478462.705115219] [Ground]: 识别到QR码: 小铲子
[INFO] [1773478462.734092130] [Ground]: 识别到QR码: 小铲子
[INFO] [1773478462.804828584] [Ground]: 识别到QR码: 小铲子
[INFO] [1773478462.940134103] [Ground]: 识别到QR码: 小铲子
[INFO] [1773478462.969674856] [Ground]: 识别到QR码: 小铲子
[INFO] [1773478462.970943493] [Ground]: 识别到QR码: 葵花种子
[INFO] [1773478463.044096584] [Ground]: 识别到QR码: 小铲子
[INFO] [1773478463.045773864] [Ground]: 识别到QR码: 葵花种子
[INFO] [1773478463.078793205] [Ground]: 识别到QR码: 葵花种子
[INFO] [1773478463.081232517] [Ground]: 识别到QR码: 小铲子
[INFO] [1773478463.106940035] [Ground]: 识别到QR码: 小铲子
[INFO] [1773478463.108222584] [Ground]: 识别到QR码: 葵花种子
[INFO] [1773478463.140939866] [Ground]: 识别到QR码: 小铲子
[INFO] [1773478463.143032275] [Ground]: 识别到QR码: 葵花种子
[INFO] [1773478463.171567080] [Ground]: 识别到QR码: 小铲子
[INFO] [1773478463.175743218] [Ground]: 识别到QR码: 葵花种子
[INFO] [1773478463.209763739] [Ground]: 识别到QR码: 小铲子
[INFO] [1773478463.211070624] [Ground]: 识别到QR码: 葵花种子
[INFO] [1773478463.239997802] [Ground]: 识别到QR码: 小铲子
[INFO] [1773478463.241406048] [Ground]: 识别到QR码: 葵花种子
[INFO] [1773478463.310228744] [Ground]: 识别到QR码: 小铲子
[INFO] [1773478463.311864105] [Ground]: 识别到QR码: 葵花种子
[INFO] [1773478463.339473393] [Ground]: 识别到QR码: 小铲子
[INFO] [1773478463.340834596] [Ground]: 识别到QR码: 葵花种子
[INFO] [1773478463.378633623] [Ground]: 识别到QR码: 小铲子
[INFO] [1773478463.380758939] [Ground]: 识别到QR码: 葵花种子
[INFO] [1773478463.407786079] [Ground]: 识别到QR码: 小铲子
[INFO] [1773478463.442791563] [Ground]: 识别到QR码: 小铲子
[INFO] [1773478463.445608802] [Ground]: 识别到QR码: 葵花种子
[INFO] [1773478463.480206245] [Ground]: 识别到QR码: 小铲子
[INFO] [1773478463.481561950] [Ground]: 识别到QR码: 葵花种子
[INFO] [1773478463.509866308] [Ground]: 识别到QR码: 小铲子
[INFO] [1773478463.511785533] [Ground]: 识别到QR码: 葵花种子
[INFO] [1773478463.547528002] [Ground]: 识别到QR码: 小铲子
[INFO] [1773478463.550223852] [Ground]: 识别到QR码: 葵花种子
[INFO] [1773478463.575304757] [Ground]: 识别到QR码: 小铲子
[INFO] [1773478463.577113906] [Ground]: 识别到QR码: 葵花种子
[INFO] [1773478463.608888228] [Ground]: 识别到QR码: 小铲子
[INFO] [1773478463.617146230] [Ground]: 识别到QR码: 葵花种子
[INFO] [1773478463.652783734] [Ground]: 识别到QR码: 小铲子
[INFO] [1773478463.674359719] [Ground]: 识别到QR码: 小铲子
[INFO] [1773478463.676444865] [Ground]: 识别到QR码: 葵花种子
[INFO] [1773478463.712114651] [Ground]: 识别到QR码: 小铲子
[INFO] [1773478463.713543018] [Ground]: 识别到QR码: 葵花种子
[INFO] [1773478463.741966500] [Ground]: 识别到QR码: 小铲子
[INFO] [1773478463.743484383] [Ground]: 识别到QR码: 葵花种子
[INFO] [1773478463.776361539] [Ground]: 识别到QR码: 小铲子
[INFO] [1773478463.811145043] [Ground]: 识别到QR码: 小铲子
[INFO] [1773478463.844740096] [Ground]: 识别到QR码: 小铲子
[INFO] [1773478463.850399817] [Ground]: 识别到QR码: 葵花种子
[INFO] [1773478463.880529778] [Ground]: 识别到QR码: 小铲子
[INFO] [1773478463.882597301] [Ground]: 识别到QR码: 葵花种子
[INFO] [1773478463.909384103] [Ground]: 识别到QR码: 小铲子
[INFO] [1773478463.982423663] [Ground]: 识别到QR码: 小铲子
[INFO] [1773478464.021323020] [Ground]: 识别到QR码: 小铲子
[INFO] [1773478464.047764821] [Ground]: 识别到QR码: 小铲子
[INFO] [1773478464.149443420] [Ground]: 识别到QR码: 小铲子
[INFO] [1773478464.176303443] [Ground]: 识别到QR码: 小铲子
[INFO] [1773478464.212520594] [Ground]: 识别到QR码: 小铲子
[INFO] [1773478464.249032213] [Ground]: 识别到QR码: 葵花种子
[INFO] [1773478464.250754739] [Ground]: 识别到QR码: 小铲子
[INFO] [1773478464.350308982] [Ground]: 识别到QR码: 小铲子
[INFO] [1773478464.376707911] [Ground]: 识别到QR码: 小铲子
[INFO] [1773478464.415847542] [Ground]: 识别到QR码: 小铲子
[INFO] [1773478464.447259284] [Ground]: 识别到QR码: 小铲子
[INFO] [1773478464.448339915] [Ground]: 识别到QR码: 葵花种子
[INFO] [1773478464.483346572] [Ground]: 识别到QR码: 小铲子
[INFO] [1773478464.582085626] [Ground]: 识别到QR码: 小铲子
[INFO] [1773478464.638466138] [Ground]: 识别到QR码: 小铲子
[INFO] [1773478464.649927637] [Ground]: 识别到QR码: 小铲子
[INFO] [1773478464.687334147] [Ground]: 识别到QR码: 小铲子
[INFO] [1773478464.713685193] [Ground]: 识别到QR码: 小铲子
[INFO] [1773478464.754981036] [Ground]: 识别到QR码: 小铲子
[INFO] [1773478464.854656157] [Ground]: 识别到QR码: 小铲子
[INFO] [1773478464.884254826] [Ground]: 识别到QR码: 葵花种子
[INFO] [1773478464.886005738] [Ground]: 识别到QR码: 小铲子
[INFO] [1773478464.936117322] [Ground]: 识别到QR码: 小铲子
[INFO] [1773478464.967446400] [Ground]: 识别到QR码: 小铲子
[INFO] [1773478464.968949660] [Ground]: 识别到QR码: 葵花种子
[INFO] [1773478464.996471345] [Ground]: 识别到QR码: 小铲子
[INFO] [1773478465.029717307] [Ground]: 识别到QR码: 小铲子
[INFO] [1773478465.031538875] [Ground]: 识别到QR码: 葵花种子
[INFO] [1773478465.085003730] [Ground]: 识别到QR码: 小铲子
[INFO] [1773478465.092330672] [Ground]: 识别到QR码: 小铲子
[INFO] [1773478465.095901117] [Ground]: 识别到QR码: 葵花种子
[INFO] [1773478465.126527826] [Ground]: 识别到QR码: 小铲子
[INFO] [1773478465.139056406] [Ground]: 识别到QR码: 葵花种子
[INFO] [1773478465.151930951] [Ground]: 识别到QR码: 小铲子
[INFO] [1773478465.156014334] [Ground]: 识别到QR码: 葵花种子
[INFO] [1773478465.201339921] [Ground]: 识别到QR码: 小铲子
[INFO] [1773478465.202791454] [Ground]: 识别到QR码: 葵花种子
[INFO] [1773478465.236696262] [Ground]: 识别到QR码: 小铲子
[INFO] [1773478465.264168995] [Ground]: 识别到QR码: 小铲子
[INFO] [1773478465.292403282] [Ground]: 识别到QR码: 小铲子
[INFO] [1773478465.322897048] [Ground]: 识别到QR码: 小铲子
[INFO] [1773478465.324194568] [Ground]: 识别到QR码: 葵花种子
[INFO] [1773478465.358218879] [Ground]: 识别到QR码: 小铲子
[INFO] [1773478465.388207233] [Ground]: 识别到QR码: 小铲子
[INFO] [1773478465.390956254] [Ground]: 识别到QR码: 葵花种子
[INFO] [1773478465.419227597] [Ground]: 识别到QR码: 小铲子
[INFO] [1773478465.421728101] [Ground]: 识别到QR码: 葵花种子
[INFO] [1773478465.461068415] [Ground]: 识别到QR码: 葵花种子
[INFO] [1773478465.462195987] [Ground]: 识别到QR码: 小铲子
[INFO] [1773478465.492369178] [Ground]: 识别到QR码: 小铲子
[INFO] [1773478465.493739104] [Ground]: 识别到QR码: 葵花种子
[INFO] [1773478465.526805685] [Ground]: 识别到QR码: 小铲子
[INFO] [1773478465.528254661] [Ground]: 识别到QR码: 葵花种子
[INFO] [1773478465.558464235] [Ground]: 识别到QR码: 小铲子
[INFO] [1773478465.561169506] [Ground]: 识别到QR码: 葵花种子
[INFO] [1773478465.590766006] [Ground]: 识别到QR码: 小铲子
[INFO] [1773478465.592731315] [Ground]: 识别到QR码: 葵花种子
[INFO] [1773478465.652306160] [Ground]: 识别到QR码: 小铲子
[INFO] [1773478465.659531015] [Ground]: 识别到QR码: 葵花种子
[INFO] [1773478465.660501109] [Ground]: 识别到QR码: 小铲子
[INFO] [1773478465.661995102] [Ground]: 识别到QR码: 葵花种子
[INFO] [1773478465.701799354] [Ground]: 识别到QR码: 小铲子
[INFO] [1773478465.702991270] [Ground]: 识别到QR码: 葵花种子
[INFO] [1773478465.720670983] [Ground]: 识别到QR码: 小铲子
[INFO] [1773478465.723279198] [Ground]: 识别到QR码: 葵花种子
[INFO] [1773478465.757662301] [Ground]: 识别到QR码: 小铲子
[INFO] [1773478465.758913756] [Ground]: 识别到QR码: 葵花种子
[INFO] [1773478465.790890896] [Ground]: 识别到QR码: 小铲子
[INFO] [1773478465.792241513] [Ground]: 识别到QR码: 葵花种子
[INFO] [1773478465.822576388] [Ground]: 识别到QR码: 小铲子
[INFO] [1773478465.823754331] [Ground]: 识别到QR码: 葵花种子
[INFO] [1773478465.860092264] [Ground]: 识别到QR码: 小铲子
[INFO] [1773478465.861564819] [Ground]: 识别到QR码: 葵花种子
[INFO] [1773478465.890442483] [Ground]: 识别到QR码: 小铲子
[INFO] [1773478465.892099620] [Ground]: 识别到QR码: 葵花种子
[INFO] [1773478465.922719761] [Ground]: 识别到QR码: 小铲子
[INFO] [1773478465.924079947] [Ground]: 识别到QR码: 葵花种子
[INFO] [1773478465.964510079] [Ground]: 识别到QR码: 小铲子
[INFO] [1773478465.965729715] [Ground]: 识别到QR码: 葵花种子
[INFO] [1773478465.993735573] [Ground]: 识别到QR码: 小铲子
[INFO] [1773478465.996297443] [Ground]: 识别到QR码: 葵花种子
[INFO] [1773478466.025136774] [Ground]: 识别到QR码: 小铲子
[INFO] [1773478466.026431872] [Ground]: 识别到QR码: 葵花种子
[INFO] [1773478466.061938585] [Ground]: 识别到QR码: 小铲子
[INFO] [1773478466.064383985] [Ground]: 识别到QR码: 葵花种子
[INFO] [1773478466.100197807] [Ground]: 识别到QR码: 小铲子
[INFO] [1773478466.128133887] [Ground]: 识别到QR码: 小铲子
[INFO] [1773478466.129259691] [Ground]: 识别到QR码: 葵花种子
[INFO] [1773478466.158955104] [Ground]: 识别到QR码: 小铲子
[INFO] [1773478466.160099848] [Ground]: 识别到QR码: 葵花种子
[INFO] [1773478466.194582934] [Ground]: 识别到QR码: 小铲子
[INFO] [1773478466.195532461] [Ground]: 识别到QR码: 葵花种子
[INFO] [1773478466.229675941] [Ground]: 识别到QR码: 小铲子
[INFO] [1773478466.231325587] [Ground]: 识别到QR码: 葵花种子
[INFO] [1773478466.276788892] [Ground]: 识别到QR码: 小铲子
[INFO] [1773478466.278879382] [Ground]: 识别到QR码: 葵花种子
[INFO] [1773478466.295617330] [Ground]: 识别到QR码: 小铲子
[INFO] [1773478466.297111427] [Ground]: 识别到QR码: 葵花种子
[INFO] [1773478466.326756338] [Ground]: 识别到QR码: 小铲子
[INFO] [1773478466.361274819] [Ground]: 识别到QR码: 小铲子
[INFO] [1773478466.362449327] [Ground]: 识别到QR码: 葵花种子
[INFO] [1773478466.398717456] [Ground]: 识别到QR码: 小铲子
[INFO] [1773478466.400183366] [Ground]: 识别到QR码: 葵花种子
[INFO] [1773478466.425895764] [Ground]: 识别到QR码: 小铲子
[INFO] [1773478466.426998281] [Ground]: 识别到QR码: 葵花种子
[INFO] [1773478466.527250188] [Ground]: 识别到QR码: 小铲子
[INFO] [1773478466.529048067] [Ground]: 识别到QR码: 葵花种子
[INFO] [1773478466.534677063] [Ground]: 识别到QR码: 小铲子
[INFO] [1773478466.536476255] [Ground]: 识别到QR码: 葵花种子
[INFO] [1773478466.539920528] [Ground]: 识别到QR码: 小铲子
[INFO] [1773478466.549096184] [Ground]: 识别到QR码: 葵花种子
[INFO] [1773478466.570276883] [Ground]: 识别到QR码: 小铲子
[INFO] [1773478466.639095733] [Ground]: 识别到QR码: 小铲子
[INFO] [1773478466.667441248] [Ground]: 识别到QR码: 小铲子
[INFO] [1773478466.668543071] [Ground]: 识别到QR码: 葵花种子
[INFO] [1773478466.697892654] [Ground]: 识别到QR码: 小铲子
[INFO] [1773478466.699082142] [Ground]: 识别到QR码: 葵花种子
[INFO] [1773478466.731177430] [Ground]: 识别到QR码: 小铲子
[INFO] [1773478466.733106722] [Ground]: 识别到QR码: 葵花种子
[INFO] [1773478466.763115823] [Ground]: 识别到QR码: 葵花种子
[INFO] [1773478466.764735110] [Ground]: 识别到QR码: 小铲子
[INFO] [1773478466.795321562] [Ground]: 识别到QR码: 小铲子
[INFO] [1773478466.797295531] [Ground]: 识别到QR码: 葵花种子
[INFO] [1773478466.832370481] [Ground]: 识别到QR码: 小铲子
[INFO] [1773478466.863853166] [Ground]: 识别到QR码: 小铲子
[INFO] [1773478466.871909302] [Ground]: 识别到QR码: 葵花种子
[INFO] [1773478466.906961562] [Ground]: 识别到QR码: 小铲子
[INFO] [1773478466.908069318] [Ground]: 识别到QR码: 葵花种子
[INFO] [1773478466.937047278] [Ground]: 识别到QR码: 小铲子
[INFO] [1773478466.963603061] [Ground]: 识别到QR码: 葵花种子
[INFO] [1773478466.966406876] [Ground]: 识别到QR码: 小铲子
[INFO] [1773478466.999713020] [Ground]: 识别到QR码: 葵花种子
[INFO] [1773478467.000727271] [Ground]: 识别到QR码: 小铲子
[INFO] [1773478467.030391305] [Ground]: 识别到QR码: 小铲子
[INFO] [1773478467.068752954] [Ground]: 识别到QR码: 葵花种子
[INFO] [1773478467.070071910] [Ground]: 识别到QR码: 小铲子
[INFO] [1773478467.128552981] [Ground]: 识别到QR码: 小铲子
[INFO] [1773478467.134324646] [Ground]: 识别到QR码: 葵花种子
[INFO] [1773478467.135716176] [Ground]: 识别到QR码: 小铲子
[INFO] [1773478467.137283306] [Ground]: 识别到QR码: 葵花种子
[INFO] [1773478467.194522762] [Ground]: 识别到QR码: 小铲子
[INFO] [1773478467.196348614] [Ground]: 识别到QR码: 葵花种子
[INFO] [1773478467.204584237] [Ground]: 识别到QR码: 小铲子
[INFO] [1773478467.205940325] [Ground]: 识别到QR码: 葵花种子
[INFO] [1773478467.240136764] [Ground]: 识别到QR码: 葵花种子
[INFO] [1773478467.241106537] [Ground]: 识别到QR码: 小铲子
[INFO] [1773478467.270270171] [Ground]: 识别到QR码: 小铲子
[INFO] [1773478467.271425139] [Ground]: 识别到QR码: 葵花种子
[INFO] [1773478467.339153983] [Ground]: 识别到QR码: 小铲子
[INFO] [1773478467.340640130] [Ground]: 识别到QR码: 葵花种子
[INFO] [1773478467.369146292] [Ground]: 识别到QR码: 小铲子
[INFO] [1773478467.370996235] [Ground]: 识别到QR码: 葵花种子
[INFO] [1773478467.398287367] [Ground]: 识别到QR码: 小铲子
[INFO] [1773478467.399271392] [Ground]: 识别到QR码: 葵花种子
[INFO] [1773478467.439525986] [Ground]: 识别到QR码: 小铲子
[INFO] [1773478467.440609681] [Ground]: 识别到QR码: 葵花种子
[INFO] [1773478467.472743566] [Ground]: 识别到QR码: 小铲子
[INFO] [1773478467.474283803] [Ground]: 识别到QR码: 葵花种子
[INFO] [1773478467.504530441] [Ground]: 识别到QR码: 小铲子
[INFO] [1773478467.506105694] [Ground]: 识别到QR码: 葵花种子
[INFO] [1773478467.537609115] [Ground]: 识别到QR码: 小铲子
[INFO] [1773478467.539342436] [Ground]: 识别到QR码: 葵花种子
[INFO] [1773478467.566214037] [Ground]: 识别到QR码: 葵花种子
[INFO] [1773478467.605027103] [Ground]: 识别到QR码: 葵花种子
[INFO] [1773478467.638324804] [Ground]: 识别到QR码: 葵花种子
[INFO] [1773478467.704376540] [Ground]: 识别到QR码: 葵花种子
[INFO] [1773478467.706090275] [Ground]: 识别到QR码: 葵花种子
[INFO] [1773478467.735015502] [Ground]: 识别到QR码: 葵花种子
[INFO] [1773478467.772117893] [Ground]: 识别到QR码: 葵花种子
[INFO] [1773478467.804902735] [Ground]: 识别到QR码: 葵花种子
[INFO] [1773478467.847675616] [Ground]: 识别到QR码: 葵花种子
[INFO] [1773478467.875249149] [Ground]: 识别到QR码: 葵花种子
[INFO] [1773478467.905897930] [Ground]: 识别到QR码: 葵花种子
[INFO] [1773478467.942543340] [Ground]: 识别到QR码: 葵花种子
[INFO] [1773478467.972499812] [Ground]: 识别到QR码: 葵花种子
[INFO] [1773478468.008532765] [Ground]: 识别到QR码: 葵花种子
[INFO] [1773478468.038596103] [Ground]: 识别到QR码: 葵花种子
[INFO] [1773478468.073065513] [Ground]: 识别到QR码: 葵花种子
[INFO] [1773478468.119464890] [Ground]: 识别到QR码: 葵花种子
[INFO] [1773478468.143553292] [Ground]: 识别到QR码: 葵花种子
[INFO] [1773478468.672415896] [Ground]: 识别到QR码: 葵花种子
[INFO] [1773478468.727245243] [Ground]: 识别到QR码: 葵花种子
[INFO] [1773478468.737847074] [Ground]: 识别到QR码: 葵花种子
[INFO] [1773478468.812039763] [Ground]: 识别到QR码: 葵花种子
[INFO] [1773478468.912995271] [Ground]: 识别到QR码: 葵花种子
[INFO] [1773478468.942920427] [Ground]: 识别到QR码: 葵花种子
[INFO] [1773478468.980273895] [Ground]: 识别到QR码: 葵花种子
[INFO] [1773478469.075394127] [Ground]: 识别到QR码: 葵花种子
[INFO] [1773478469.110543206] [Ground]: 识别到QR码: 葵花种子
[INFO] [1773478469.160122200] [Ground]: 识别到QR码: 葵花种子
[INFO] [1773478469.178595388] [Ground]: 识别到QR码: 葵花种子
[INFO] [1773478469.217323257] [Ground]: 识别到QR码: 葵花种子
[INFO] [1773478469.244950333] [Ground]: 识别到QR码: 葵花种子
[INFO] [1773478469.308434090] [Ground]: 识别到QR码: 葵花种子
[INFO] [1773478469.315174442] [Ground]: 识别到QR码: 葵花种子
[INFO] [1773478469.345257861] [Ground]: 识别到QR码: 葵花种子
[INFO] [1773478469.386392994] [Ground]: 识别到QR码: 葵花种子
[INFO] [1773478469.412838957] [Ground]: 识别到QR码: 葵花种子
[INFO] [1773478469.449343814] [Ground]: 识别到QR码: 葵花种子
[INFO] [1773478469.484740758] [Ground]: 识别到QR码: 葵花种子
[INFO] [1773478469.514162043] [Ground]: 识别到QR码: 葵花种子
[INFO] [1773478469.543618833] [Ground]: 识别到QR码: 葵花种子
[INFO] [1773478469.586778373] [Ground]: 识别到QR码: 葵花种子
[INFO] [1773478469.678878518] [Ground]: 识别到QR码: 葵花种子
[INFO] [1773478469.713309126] [Ground]: 识别到QR码: 葵花种子
[INFO] [1773478469.750340538] [Ground]: 识别到QR码: 葵花种子
[INFO] [1773478469.820840934] [Ground]: 识别到QR码: 葵花种子
[INFO] [1773478469.846718057] [Ground]: 识别到QR码: 葵花种子
[INFO] [1773478469.905699631] [Ground]: 识别到QR码: 葵花种子
[INFO] [1773478470.002096151] [Ground]: 识别到QR码: 葵花种子
[INFO] [1773478470.017811867] [Ground]: 识别到QR码: 葵花种子
[INFO] [1773478470.084429502] [Ground]: 识别到QR码: 葵花种子
[INFO] [1773478470.115261506] [Ground]: 识别到QR码: 葵花种子
[INFO] [1773478470.200753292] [Ground]: 识别到QR码: 葵花种子
[INFO] [1773478470.224380481] [Ground]: 识别到QR码: 葵花种子
[INFO] [1773478470.255675611] [Ground]: 识别到QR码: 葵花种子
[INFO] [1773478470.287293211] [Ground]: 识别到QR码: 葵花种子
[INFO] [1773478470.359836006] [Ground]: 识别到QR码: 葵花种子
[INFO] [1773478470.384134230] [Ground]: 识别到QR码: 葵花种子
[INFO] [1773478470.451894123] [Ground]: 识别到QR码: 葵花种子
[INFO] [1773478470.488080169] [Ground]: 识别到QR码: 葵花种子
[INFO] [1773478470.520338886] [Ground]: 识别到QR码: 葵花种子
[INFO] [1773478470.651505904] [Ground]: 识别到QR码: 葵花种子
[INFO] [1773478470.793671994] [Ground]: 识别到QR码: 葵花种子
[INFO] [1773478470.856054345] [Ground]: 识别到QR码: 葵花种子
[INFO] [1773478470.927072027] [Ground]: 识别到QR码: 葵花种子
[INFO] [1773478470.959329300] [Ground]: 识别到QR码: 葵花种子
[INFO] [1773478471.005156010] [Ground]: 识别到QR码: 葵花种子
[INFO] [1773478471.032003918] [Ground]: 识别到QR码: 葵花种子
[INFO] [1773478471.104055395] [Ground]: 识别到QR码: 葵花种子
[INFO] [1773478471.111039097] [Ground]: 识别到QR码: 葵花种子
[INFO] [1773478471.147710061] [Ground]: 识别到QR码: 葵花种子
[INFO] [1773478471.170119360] [Ground]: 识别到QR码: 葵花种子
[INFO] [1773478471.222504828] [Ground]: 识别到QR码: 葵花种子
[INFO] [1773478471.227102215] [Ground]: 识别到QR码: 葵花种子
[INFO] [1773478471.292762039] [Ground]: 识别到QR码: 葵花种子
[INFO] [1773478471.294525266] [Ground]: 识别到QR码: 葵花种子
[INFO] [1773478471.334036587] [Ground]: 识别到QR码: 葵花种子
[INFO] [1773478471.362284742] [Ground]: 识别到QR码: 葵花种子
[INFO] [1773478471.398282391] [Ground]: 识别到QR码: 葵花种子
[INFO] [1773478471.423861614] [Ground]: 识别到QR码: 葵花种子
[INFO] [1773478471.468110455] [Ground]: 识别到QR码: 葵花种子
[INFO] [1773478471.494620770] [Ground]: 识别到QR码: 葵花种子
[INFO] [1773478471.525662672] [Ground]: 识别到QR码: 葵花种子
[INFO] [1773478471.564841334] [Ground]: 识别到QR码: 葵花种子
[INFO] [1773478471.803196033] [Ground]: 识别到QR码: 葵花种子
[INFO] [1773478471.876829609] [Ground]: 识别到QR码: 葵花种子
[INFO] [1773478471.903375681] [Ground]: 识别到QR码: 葵花种子
[INFO] [1773478471.947454322] [Ground]: 识别到QR码: 葵花种子
[INFO] [1773478471.974259789] [Ground]: 识别到QR码: 葵花种子
[INFO] [1773478472.010053266] [Ground]: 识别到QR码: 葵花种子
[INFO] [1773478472.037217015] [Ground]: 识别到QR码: 葵花种子
[INFO] [1773478472.068774434] [Ground]: 识别到QR码: 葵花种子
[INFO] [1773478472.168378602] [Ground]: 识别到QR码: 葵花种子
[INFO] [1773478472.210979192] [Ground]: 识别到QR码: 葵花种子
[INFO] [1773478472.266622327] [Ground]: 识别到QR码: 葵花种子
[INFO] [1773478472.300189744] [Ground]: 识别到QR码: 葵花种子
[INFO] [1773478472.407279646] [Ground]: 识别到QR码: 葵花种子
[INFO] [1773478472.431318876] [Ground]: 识别到QR码: 葵花种子
[INFO] [1773478472.465989661] [Ground]: 识别到QR码: 葵花种子
[INFO] [1773478472.608350484] [Ground]: 识别到QR码: 葵花种子
[INFO] [1773478472.631757150] [Ground]: 识别到QR码: 葵花种子
[INFO] [1773478472.676909255] [Ground]: 识别到QR码: 葵花种子
[INFO] [1773478472.756029363] [Ground]: 识别到QR码: 葵花种子
[INFO] [1773478472.821217547] [Ground]: 识别到QR码: 葵花种子
[INFO] [1773478472.840931587] [Ground]: 识别到QR码: 葵花种子
[INFO] [1773478472.871413480] [Ground]: 识别到QR码: 葵花种子
[INFO] [1773478472.902252869] [Ground]: 识别到QR码: 葵花种子
[INFO] [1773478472.939814255] [Ground]: 识别到QR码: 葵花种子
[INFO] [1773478472.969344061] [Ground]: 识别到QR码: 葵花种子
[INFO] [1773478473.039341110] [Ground]: 识别到QR码: 葵花种子
[INFO] [1773478473.069690092] [Ground]: 识别到QR码: 葵花种子
[INFO] [1773478473.104927186] [Ground]: 识别到QR码: 葵花种子
[INFO] [1773478473.138054464] [Ground]: 识别到QR码: 葵花种子
[INFO] [1773478473.169200867] [Ground]: 识别到QR码: 葵花种子
[INFO] [1773478473.211377119] [Ground]: 识别到QR码: 葵花种子
[INFO] [1773478473.236904601] [Ground]: 识别到QR码: 葵花种子
[INFO] [1773478473.284675616] [Ground]: 识别到QR码: 葵花种子
[INFO] [1773478473.334842351] [Ground]: 识别到QR码: 葵花种子
[INFO] [1773478473.377896819] [Ground]: 识别到QR码: 葵花种子
[INFO] [1773478473.406426751] [Ground]: 识别到QR码: 葵花种子
[INFO] [1773478473.479965968] [Ground]: 识别到QR码: 葵花种子
[INFO] [1773478473.550102614] [Ground]: 识别到QR码: 葵花种子
[INFO] [1773478474.646548183] [Ground]: 识别到QR码: 太阳花种子
[INFO] [1773478474.676725763] [Ground]: 识别到QR码: 太阳花种子
[INFO] [1773478474.779972504] [Ground]: 识别到QR码: 太阳花种子
[INFO] [1773478474.818974900] [Ground]: 识别到QR码: 太阳花种子
[INFO] [1773478474.854515247] [Ground]: 识别到QR码: 太阳花种子
[INFO] [1773478474.922332023] [Ground]: 识别到QR码: 太阳花种子
[INFO] [1773478474.944447151] [Ground]: 识别到QR码: 太阳花种子
[INFO] [1773478474.987526121] [Ground]: 识别到QR码: 太阳花种子
[INFO] [1773478475.091973369] [Ground]: 识别到QR码: 太阳花种子
[INFO] [1773478475.100821955] [Ground]: 识别到QR码: 太阳花种子
[INFO] [1773478475.117378247] [Ground]: 识别到QR码: 太阳花种子
[INFO] [1773478475.180639857] [Ground]: 识别到QR码: 太阳花种子
[INFO] [1773478475.229506158] [Ground]: 识别到QR码: 太阳花种子
[INFO] [1773478475.281728521] [Ground]: 识别到QR码: 太阳花种子
[INFO] [1773478475.358384625] [Ground]: 识别到QR码: 太阳花种子
[INFO] [1773478475.383439507] [Ground]: 识别到QR码: 太阳花种子
[INFO] [1773478475.449714769] [Ground]: 识别到QR码: 太阳花种子
[INFO] [1773478475.490208644] [Ground]: 识别到QR码: 太阳花种子
[INFO] [1773478475.528592494] [Ground]: 识别到QR码: 太阳花种子
[INFO] [1773478475.550506735] [Ground]: 识别到QR码: 太阳花种子
[INFO] [1773478475.590742496] [Ground]: 识别到QR码: 太阳花种子
[INFO] [1773478475.632150773] [Ground]: 识别到QR码: 太阳花种子
[INFO] [1773478476.491936213] [Ground]: 识别到QR码: 太阳花种子
[INFO] [1773478476.532004487] [Ground]: 识别到QR码: 太阳花种子
[INFO] [1773478476.569132644] [Ground]: 识别到QR码: 太阳花种子
[INFO] [1773478476.597047999] [Ground]: 识别到QR码: 太阳花种子
[INFO] [1773478476.634189146] [Ground]: 识别到QR码: 太阳花种子
[INFO] [1773478476.658232014] [Ground]: 识别到QR码: 太阳花种子
[INFO] [1773478476.729147523] [Ground]: 识别到QR码: 太阳花种子
[INFO] [1773478476.761339164] [Ground]: 识别到QR码: 太阳花种子
[INFO] [1773478476.828466995] [Ground]: 识别到QR码: 太阳花种子
[INFO] [1773478476.863313611] [Ground]: 识别到QR码: 太阳花种子
[INFO] [1773478476.926486850] [Ground]: 识别到QR码: 太阳花种子
[INFO] [1773478476.966382205] [Ground]: 识别到QR码: 太阳花种子
[INFO] [1773478477.044488853] [Ground]: 识别到QR码: 太阳花种子
[INFO] [1773478477.068370367] [Ground]: 识别到QR码: 太阳花种子
[INFO] [1773478477.105052257] [Ground]: 识别到QR码: 太阳花种子
[INFO] [1773478477.128190915] [Ground]: 识别到QR码: 太阳花种子
[INFO] [1773478477.168352375] [Ground]: 识别到QR码: 太阳花种子
[INFO] [1773478477.246839310] [Ground]: 识别到QR码: 太阳花种子
[INFO] [1773478477.269621244] [Ground]: 识别到QR码: 太阳花种子
[INFO] [1773478477.296146246] [Ground]: 识别到QR码: 太阳花种子
[INFO] [1773478477.338395544] [Ground]: 识别到QR码: 太阳花种子
[INFO] [1773478477.363552381] [Ground]: 识别到QR码: 太阳花种子
[INFO] [1773478477.416427210] [Ground]: 识别到QR码: 太阳花种子
[INFO] [1773478477.429172077] [Ground]: 识别到QR码: 太阳花种子
[INFO] [1773478477.463553367] [Ground]: 识别到QR码: 太阳花种子
[INFO] [1773478477.506057789] [Ground]: 识别到QR码: 太阳花种子
[INFO] [1773478477.529547112] [Ground]: 识别到QR码: 太阳花种子
[INFO] [1773478477.567829121] [Ground]: 识别到QR码: 太阳花种子
[INFO] [1773478477.603814242] [Ground]: 识别到QR码: 太阳花种子
[INFO] [1773478477.630679173] [Ground]: 识别到QR码: 太阳花种子
[INFO] [1773478477.674049981] [Ground]: 识别到QR码: 太阳花种子
[INFO] [1773478477.700749322] [Ground]: 识别到QR码: 太阳花种子
[INFO] [1773478477.733013774] [Ground]: 识别到QR码: 太阳花种子
[INFO] [1773478477.768877776] [Ground]: 识别到QR码: 太阳花种子
[INFO] [1773478477.798954242] [Ground]: 识别到QR码: 太阳花种子
[INFO] [1773478477.841404244] [Ground]: 识别到QR码: 太阳花种子
[INFO] [1773478477.873349569] [Ground]: 识别到QR码: 太阳花种子
[INFO] [1773478477.900692164] [Ground]: 识别到QR码: 太阳花种子
[INFO] [1773478477.938469109] [Ground]: 识别到QR码: 太阳花种子
[INFO] [1773478477.967198675] [Ground]: 识别到QR码: 太阳花种子
[INFO] [1773478478.003996835] [Ground]: 识别到QR码: 太阳花种子
[INFO] [1773478478.041661605] [Ground]: 识别到QR码: 太阳花种子
[INFO] [1773478478.073057322] [Ground]: 识别到QR码: 太阳花种子
[INFO] [1773478478.106460924] [Ground]: 识别到QR码: 太阳花种子
[INFO] [1773478478.134180550] [Ground]: 识别到QR码: 太阳花种子
[INFO] [1773478478.168517195] [Ground]: 识别到QR码: 太阳花种子
[INFO] [1773478478.212160226] [Ground]: 识别到QR码: 太阳花种子
[INFO] [1773478478.248380759] [Ground]: 识别到QR码: 太阳花种子
[INFO] [1773478478.272458421] [Ground]: 识别到QR码: 太阳花种子
[INFO] [1773478478.309363311] [Ground]: 识别到QR码: 太阳花种子
[INFO] [1773478478.346519425] [Ground]: 识别到QR码: 太阳花种子
[INFO] [1773478478.384382648] [Ground]: 识别到QR码: 太阳花种子
[INFO] [1773478478.404268923] [Ground]: 识别到QR码: 太阳花种子
[INFO] [1773478478.463440029] [Ground]: 识别到QR码: 太阳花种子
[INFO] [1773478478.469715187] [Ground]: 识别到QR码: 太阳花种子
[INFO] [1773478478.512079930] [Ground]: 识别到QR码: 太阳花种子
[INFO] [1773478478.538551843] [Ground]: 识别到QR码: 太阳花种子
[INFO] [1773478478.572163074] [Ground]: 识别到QR码: 太阳花种子
[INFO] [1773478478.623325070] [Ground]: 识别到QR码: 太阳花种子
[INFO] [1773478478.652654447] [Ground]: 识别到QR码: 太阳花种子
[INFO] [1773478478.672112263] [Ground]: 识别到QR码: 太阳花种子
[INFO] [1773478478.716885920] [Ground]: 识别到QR码: 太阳花种子
[INFO] [1773478478.740577578] [Ground]: 识别到QR码: 太阳花种子
[INFO] [1773478478.787421841] [Ground]: 识别到QR码: 太阳花种子
[INFO] [1773478478.808845176] [Ground]: 识别到QR码: 太阳花种子
[INFO] [1773478478.842278027] [Ground]: 识别到QR码: 太阳花种子
[INFO] [1773478478.880081542] [Ground]: 识别到QR码: 太阳花种子
[INFO] [1773478478.911815318] [Ground]: 识别到QR码: 太阳花种子
[INFO] [1773478478.964752400] [Ground]: 识别到QR码: 太阳花种子
[INFO] [1773478478.977504943] [Ground]: 识别到QR码: 太阳花种子
[INFO] [1773478479.014720170] [Ground]: 识别到QR码: 太阳花种子
[INFO] [1773478479.076609804] [Ground]: 识别到QR码: 太阳花种子
[INFO] [1773478479.111296452] [Ground]: 识别到QR码: 太阳花种子
[INFO] [1773478479.149408931] [Ground]: 识别到QR码: 太阳花种子
[INFO] [1773478479.177866867] [Ground]: 识别到QR码: 太阳花种子
[INFO] [1773478479.214411310] [Ground]: 识别到QR码: 太阳花种子
[INFO] [1773478479.246316325] [Ground]: 识别到QR码: 太阳花种子
[INFO] [1773478479.278970187] [Ground]: 识别到QR码: 太阳花种子
[INFO] [1773478479.327064882] [Ground]: 识别到QR码: 太阳花种子
[INFO] [1773478479.350715687] [Ground]: 识别到QR码: 太阳花种子
[INFO] [1773478479.379899232] [Ground]: 识别到QR码: 太阳花种子
[INFO] [1773478479.425038951] [Ground]: 识别到QR码: 太阳花种子
[INFO] [1773478479.444988787] [Ground]: 识别到QR码: 太阳花种子
[INFO] [1773478479.511688133] [Ground]: 识别到QR码: 太阳花种子
[INFO] [1773478479.550117017] [Ground]: 识别到QR码: 太阳花种子
[INFO] [1773478479.919377938] [Ground]: 识别到QR码: 小铲子
[INFO] [1773478480.185569755] [Ground]: 识别到QR码: 小铲子
[INFO] [1773478480.218207033] [Ground]: 识别到QR码: 小铲子
[INFO] [1773478480.288773831] [Ground]: 识别到QR码: 小铲子
[INFO] [1773478480.358189935] [Ground]: 识别到QR码: 小铲子
[INFO] [1773478480.428010379] [Ground]: 识别到QR码: 小铲子
[INFO] [1773478480.449878302] [Ground]: 识别到QR码: 小铲子
[INFO] [1773478480.522937312] [Ground]: 识别到QR码: 小铲子
[INFO] [1773478480.525988166] [Ground]: 识别到QR码: 小铲子
[INFO] [1773478480.550890398] [Ground]: 识别到QR码: 小铲子
[INFO] [1773478480.608380008] [Ground]: 识别到QR码: 小铲子
[INFO] [1773478480.653196219] [Ground]: 识别到QR码: 小铲子
[INFO] [1773478480.701891028] [Ground]: 识别到QR码: 小铲子
[INFO] [1773478480.753782602] [Ground]: 识别到QR码: 小铲子
[INFO] [1773478480.836714249] [Ground]: 识别到QR码: 小铲子
[INFO] [1773478480.858808874] [Ground]: 识别到QR码: 小铲子
[INFO] [1773478480.908110801] [Ground]: 识别到QR码: 小铲子
[INFO] [1773478480.963110529] [Ground]: 识别到QR码: 小铲子
[INFO] [1773478480.988555532] [Ground]: 识别到QR码: 小铲子
[INFO] [1773478481.027570509] [Ground]: 识别到QR码: 小铲子
[INFO] [1773478481.059629768] [Ground]: 识别到QR码: 小铲子
[INFO] [1773478481.086862073] [Ground]: 识别到QR码: 小铲子
[INFO] [1773478481.127813106] [Ground]: 识别到QR码: 小铲子
[INFO] [1773478481.164704970] [Ground]: 识别到QR码: 小铲子
[INFO] [1773478481.220839782] [Ground]: 识别到QR码: 小铲子
[INFO] [1773478481.226075931] [Ground]: 识别到QR码: 小铲子
[INFO] [1773478481.259777364] [Ground]: 识别到QR码: 小铲子
[INFO] [1773478481.293414371] [Ground]: 识别到QR码: 小铲子
[INFO] [1773478481.325043160] [Ground]: 识别到QR码: 小铲子
[INFO] [1773478481.357709186] [Ground]: 识别到QR码: 小铲子
[INFO] [1773478481.394677531] [Ground]: 识别到QR码: 小铲子
[INFO] [1773478481.425551639] [Ground]: 识别到QR码: 小铲子
[INFO] [1773478481.467281655] [Ground]: 识别到QR码: 小铲子
[INFO] [1773478481.531266699] [Ground]: 识别到QR码: 小铲子
[INFO] [1773478481.559159213] [Ground]: 识别到QR码: 小铲子
[INFO] [1773478481.659259745] [Ground]: 识别到QR码: 小铲子
[INFO] [1773478481.700444815] [Ground]: 识别到QR码: 小铲子
[INFO] [1773478481.807643064] [Ground]: 识别到QR码: 小铲子
[INFO] [1773478481.827308138] [Ground]: 识别到QR码: 小铲子
[INFO] [1773478481.932170662] [Ground]: 识别到QR码: 小铲子
[INFO] [1773478481.968031022] [Ground]: 识别到QR码: 小铲子
[INFO] [1773478482.096839020] [Ground]: 识别到QR码: 小铲子
[INFO] [1773478482.170472055] [Ground]: 识别到QR码: 小铲子
[INFO] [1773478482.197909481] [Ground]: 识别到QR码: 小铲子
[INFO] [1773478482.238694169] [Ground]: 识别到QR码: 小铲子
[INFO] [1773478482.263588635] [Ground]: 识别到QR码: 小铲子
[INFO] [1773478482.304075262] [Ground]: 识别到QR码: 小铲子
[INFO] [1773478482.338509280] [Ground]: 识别到QR码: 小铲子
[INFO] [1773478482.368576538] [Ground]: 识别到QR码: 小铲子
[INFO] [1773478482.407292921] [Ground]: 识别到QR码: 小铲子
[INFO] [1773478482.499304232] [Ground]: 识别到QR码: 小铲子
[INFO] [1773478482.540627816] [Ground]: 识别到QR码: 小铲子
[INFO] [1773478482.572786129] [Ground]: 识别到QR码: 小铲子
[INFO] [1773478482.649341993] [Ground]: 识别到QR码: 小铲子
[INFO] [1773478482.670267504] [Ground]: 识别到QR码: 小铲子
[INFO] [1773478482.704823859] [Ground]: 识别到QR码: 小铲子
[INFO] [1773478482.731680716] [Ground]: 识别到QR码: 小铲子
[INFO] [1773478482.776607231] [Ground]: 识别到QR码: 小铲子
[INFO] [1773478482.798776061] [Ground]: 识别到QR码: 小铲子
[INFO] [1773478482.833816490] [Ground]: 识别到QR码: 小铲子
[INFO] [1773478482.868661240] [Ground]: 识别到QR码: 小铲子
[INFO] [1773478482.902767126] [Ground]: 识别到QR码: 小铲子
[INFO] [1773478482.934100473] [Ground]: 识别到QR码: 小铲子
[INFO] [1773478483.003269536] [Ground]: 识别到QR码: 小铲子
[INFO] [1773478483.005603456] [Ground]: 识别到QR码: 小铲子
[INFO] [1773478483.035846447] [Ground]: 识别到QR码: 小铲子
[INFO] [1773478483.073939562] [Ground]: 识别到QR码: 小铲子
[INFO] [1773478483.124511318] [Ground]: 识别到QR码: 小铲子
[INFO] [1773478483.135222037] [Ground]: 识别到QR码: 小铲子
[INFO] [1773478483.178422609] [Ground]: 识别到QR码: 小铲子
[INFO] [1773478483.241091838] [Ground]: 识别到QR码: 小铲子
[INFO] [1773478483.280457631] [Ground]: 识别到QR码: 小铲子
[INFO] [1773478483.302179307] [Ground]: 识别到QR码: 小铲子
[INFO] [1773478483.403344957] [Ground]: 识别到QR码: 小铲子
[INFO] [1773478483.439471606] [Ground]: 识别到QR码: 小铲子
[INFO] [1773478483.506222969] [Ground]: 识别到QR码: 小铲子
[INFO] [1773478483.540973798] [Ground]: 识别到QR码: 小铲子
[INFO] [1773478483.575081683] [Ground]: 识别到QR码: 小铲子
[INFO] [1773478483.607807475] [Ground]: 识别到QR码: 小铲子
[INFO] [1773478483.652653907] [Ground]: 识别到QR码: 小铲子
[INFO] [1773478483.679482789] [Ground]: 识别到QR码: 小铲子
[INFO] [1773478483.817582892] [Ground]: 识别到QR码: 小铲子
[INFO] [1773478483.850238748] [Ground]: 识别到QR码: 小铲子
[INFO] [1773478483.874806309] [Ground]: 识别到QR码: 小铲子
[INFO] [1773478483.905909831] [Ground]: 识别到QR码: 小铲子
[INFO] [1773478483.947850204] [Ground]: 识别到QR码: 小铲子
[INFO] [1773478483.984517329] [Ground]: 识别到QR码: 小铲子
[INFO] [1773478484.052371338] [Ground]: 识别到QR码: 小铲子
[INFO] [1773478484.118095738] [Ground]: 识别到QR码: 小铲子
[INFO] [1773478484.143772144] [Ground]: 识别到QR码: 小铲子
[INFO] [1773478484.186261291] [Ground]: 识别到QR码: 小铲子
[INFO] [1773478484.213813944] [Ground]: 识别到QR码: 小铲子
[INFO] [1773478484.247003144] [Ground]: 识别到QR码: 小铲子
[INFO] [1773478484.291844873] [Ground]: 识别到QR码: 小铲子
[INFO] [1773478484.321193943] [Ground]: 识别到QR码: 小铲子
[INFO] [1773478484.348381774] [Ground]: 识别到QR码: 小铲子
[INFO] [1773478484.414482272] [Ground]: 识别到QR码: 小铲子
[INFO] [1773478484.448002743] [Ground]: 识别到QR码: 小铲子
[INFO] [1773478484.497698164] [Ground]: 识别到QR码: 小铲子
[INFO] [1773478484.531507034] [Ground]: 识别到QR码: 小铲子
[INFO] [1773478484.551377045] [Ground]: 识别到QR码: 小铲子
[INFO] [1773478484.595482229] [Ground]: 识别到QR码: 小铲子
[INFO] [1773478484.612131662] [Ground]: 识别到QR码: 小铲子
[INFO] [1773478484.655086851] [Ground]: 识别到QR码: 小铲子
[INFO] [1773478484.679681277] [Ground]: 识别到QR码: 小铲子
[INFO] [1773478484.717509732] [Ground]: 识别到QR码: 小铲子
[INFO] [1773478484.753003355] [Ground]: 识别到QR码: 小铲子
[INFO] [1773478484.779228577] [Ground]: 识别到QR码: 小铲子
[INFO] [1773478484.814995396] [Ground]: 识别到QR码: 小铲子
[INFO] [1773478484.851610829] [Ground]: 识别到QR码: 小铲子
[INFO] [1773478484.880128574] [Ground]: 识别到QR码: 小铲子
[INFO] [1773478484.926198618] [Ground]: 识别到QR码: 小铲子
[INFO] [1773478484.947543989] [Ground]: 识别到QR码: 小铲子
[INFO] [1773478484.992497130] [Ground]: 识别到QR码: 小铲子
[INFO] [1773478485.021414849] [Ground]: 识别到QR码: 小铲子
[INFO] [1773478485.050435549] [Ground]: 识别到QR码: 小铲子
[INFO] [1773478485.120516569] [Ground]: 识别到QR码: 小铲子
[INFO] [1773478485.125658290] [Ground]: 识别到QR码: 小铲子
[INFO] [1773478485.154839835] [Ground]: 识别到QR码: 小铲子
[INFO] [1773478485.186684918] [Ground]: 识别到QR码: 小铲子
[INFO] [1773478485.217584836] [Ground]: 识别到QR码: 小铲子
[INFO] [1773478485.267195027] [Ground]: 识别到QR码: 小铲子
[INFO] [1773478485.318619434] [Ground]: 识别到QR码: 小铲子
[INFO] [1773478485.386332625] [Ground]: 识别到QR码: 小铲子
[INFO] [1773478485.429302432] [Ground]: 识别到QR码: 小铲子
[INFO] [1773478485.452433604] [Ground]: 识别到QR码: 小铲子
[INFO] [1773478485.490137408] [Ground]: 识别到QR码: 小铲子
[INFO] [1773478485.528651696] [Ground]: 识别到QR码: 小铲子
[INFO] [1773478485.552577604] [Ground]: 识别到QR码: 小铲子
[INFO] [1773478485.629016782] [Ground]: 识别到QR码: 小铲子
[INFO] [1773478485.691413239] [Ground]: 识别到QR码: 小铲子
[INFO] [1773478485.769772218] [Ground]: 识别到QR码: 小铲子
[INFO] [1773478485.827674805] [Ground]: 识别到QR码: 小铲子
[INFO] [1773478486.034933855] [Ground]: 识别到QR码: 小铲子
[INFO] [1773478486.067118175] [Ground]: 识别到QR码: 小铲子
[INFO] [1773478486.141264076] [Ground]: 识别到QR码: 小铲子
[INFO] [1773478486.194023907] [Ground]: 识别到QR码: 小铲子
[INFO] [1773478486.470602776] [Ground]: 识别到QR码: 小铲子
[INFO] [1773478486.540331236] [Ground]: 识别到QR码: 小铲子
[INFO] [1773478486.594596511] [Ground]: 识别到QR码: 小铲子
[INFO] [1773478486.642298599] [Ground]: 识别到QR码: 小铲子
[INFO] [1773478486.764213606] [Ground]: 识别到QR码: 小铲子
[INFO] [1773478486.802658851] [Ground]: 识别到QR码: 小铲子
[INFO] [1773478486.828689269] [Ground]: 识别到QR码: 小铲子
[INFO] [1773478486.898305554] [Ground]: 识别到QR码: 小铲子
[INFO] [1773478486.934064048] [Ground]: 识别到QR码: 小铲子
[INFO] [1773478486.968143623] [Ground]: 识别到QR码: 小铲子
[INFO] [1773478486.997282096] [Ground]: 识别到QR码: 小铲子
[INFO] [1773478487.070278979] [Ground]: 识别到QR码: 小铲子
[INFO] [1773478487.154084754] [Ground]: 识别到QR码: 小铲子
[INFO] [1773478487.170103568] [Ground]: 识别到QR码: 小铲子
[INFO] [1773478487.199633376] [Ground]: 识别到QR码: 小铲子
[INFO] [1773478487.241919830] [Ground]: 识别到QR码: 小铲子
[INFO] [1773478487.268955415] [Ground]: 识别到QR码: 小铲子
[INFO] [1773478487.379285866] [Ground]: 识别到QR码: 小铲子
[INFO] [1773478487.400935751] [Ground]: 识别到QR码: 小铲子
[INFO] [1773478487.436348267] [Ground]: 识别到QR码: 小铲子
[INFO] [1773478487.535364208] [Ground]: 识别到QR码: 小铲子
[INFO] [1773478487.577298307] [Ground]: 识别到QR码: 小铲子
[INFO] [1773478487.637890867] [Ground]: 识别到QR码: 小铲子
[INFO] [1773478487.756346317] [Ground]: 识别到QR码: 小铲子
[INFO] [1773478487.781620409] [Ground]: 识别到QR码: 小铲子
[INFO] [1773478487.846295432] [Ground]: 识别到QR码: 小铲子
[INFO] [1773478487.911183581] [Ground]: 识别到QR码: 小铲子
[INFO] [1773478488.048153543] [Ground]: 识别到QR码: 小铲子
[INFO] [1773478488.049950789] [Ground]: 识别到QR码: 葵花种子
[INFO] [1773478488.093438752] [Ground]: 识别到QR码: 小铲子
[INFO] [1773478488.101926196] [Ground]: 识别到QR码: 葵花种子
[INFO] [1773478488.116550259] [Ground]: 识别到QR码: 小铲子
[INFO] [1773478488.142868331] [Ground]: 识别到QR码: 小铲子
[INFO] [1773478488.147509358] [Ground]: 识别到QR码: 葵花种子
[INFO] [1773478488.208465363] [Ground]: 识别到QR码: 葵花种子
[INFO] [1773478488.210065613] [Ground]: 识别到QR码: 小铲子
[INFO] [1773478488.243760546] [Ground]: 识别到QR码: 小铲子
[INFO] [1773478488.245596729] [Ground]: 识别到QR码: 葵花种子
[INFO] [1773478488.279374222] [Ground]: 识别到QR码: 小铲子
[INFO] [1773478488.280861749] [Ground]: 识别到QR码: 葵花种子
[INFO] [1773478488.351890648] [Ground]: 识别到QR码: 小铲子
[INFO] [1773478488.353414709] [Ground]: 识别到QR码: 葵花种子
[INFO] [1773478488.410665525] [Ground]: 识别到QR码: 小铲子
[INFO] [1773478488.412292254] [Ground]: 识别到QR码: 葵花种子
[INFO] [1773478488.478266740] [Ground]: 识别到QR码: 小铲子
[INFO] [1773478488.479605958] [Ground]: 识别到QR码: 葵花种子
[INFO] [1773478488.545651855] [Ground]: 识别到QR码: 小铲子
[INFO] [1773478488.547459787] [Ground]: 识别到QR码: 葵花种子
[INFO] [1773478488.574552346] [Ground]: 识别到QR码: 小铲子
[INFO] [1773478488.576777264] [Ground]: 识别到QR码: 葵花种子
[INFO] [1773478488.635306679] [Ground]: 识别到QR码: 葵花种子
[INFO] [1773478488.638426953] [Ground]: 识别到QR码: 小铲子
[INFO] [1773478488.689000026] [Ground]: 识别到QR码: 小铲子
[INFO] [1773478488.691758857] [Ground]: 识别到QR码: 葵花种子
[INFO] [1773478488.712276980] [Ground]: 识别到QR码: 小铲子
[INFO] [1773478488.714180044] [Ground]: 识别到QR码: 葵花种子
[INFO] [1773478488.745039342] [Ground]: 识别到QR码: 小铲子
[INFO] [1773478488.747475131] [Ground]: 识别到QR码: 葵花种子
[INFO] [1773478488.789625971] [Ground]: 识别到QR码: 小铲子
[INFO] [1773478488.791460579] [Ground]: 识别到QR码: 葵花种子
[INFO] [1773478488.845108713] [Ground]: 识别到QR码: 葵花种子
[INFO] [1773478488.895780881] [Ground]: 识别到QR码: 小铲子
[INFO] [1773478488.898140300] [Ground]: 识别到QR码: 葵花种子
[INFO] [1773478488.917489992] [Ground]: 识别到QR码: 小铲子
[INFO] [1773478488.919945375] [Ground]: 识别到QR码: 葵花种子
[INFO] [1773478488.956035427] [Ground]: 识别到QR码: 小铲子
[INFO] [1773478488.957521745] [Ground]: 识别到QR码: 葵花种子
[INFO] [1773478488.982747629] [Ground]: 识别到QR码: 小铲子
[INFO] [1773478489.014022501] [Ground]: 识别到QR码: 小铲子
[INFO] [1773478489.050681222] [Ground]: 识别到QR码: 小铲子
[INFO] [1773478489.053007265] [Ground]: 识别到QR码: 葵花种子
[INFO] [1773478489.079653436] [Ground]: 识别到QR码: 小铲子
[INFO] [1773478489.081458418] [Ground]: 识别到QR码: 葵花种子
[INFO] [1773478489.139099097] [Ground]: 识别到QR码: 小铲子
[INFO] [1773478489.140767273] [Ground]: 识别到QR码: 葵花种子
[INFO] [1773478489.152200494] [Ground]: 识别到QR码: 小铲子
[INFO] [1773478489.154143397] [Ground]: 识别到QR码: 葵花种子
[INFO] [1773478489.213517216] [Ground]: 识别到QR码: 小铲子
[INFO] [1773478489.215456062] [Ground]: 识别到QR码: 葵花种子
[INFO] [1773478489.222381131] [Ground]: 识别到QR码: 小铲子
[INFO] [1773478489.282815311] [Ground]: 识别到QR码: 小铲子
[INFO] [1773478489.284579419] [Ground]: 识别到QR码: 葵花种子
[INFO] [1773478489.356500801] [Ground]: 识别到QR码: 小铲子
[INFO] [1773478489.358854719] [Ground]: 识别到QR码: 葵花种子
[INFO] [1773478489.384374225] [Ground]: 识别到QR码: 小铲子
[INFO] [1773478489.416101035] [Ground]: 识别到QR码: 小铲子
[INFO] [1773478489.418642702] [Ground]: 识别到QR码: 葵花种子
[INFO] [1773478489.455037116] [Ground]: 识别到QR码: 小铲子
[INFO] [1773478489.456951044] [Ground]: 识别到QR码: 葵花种子
[INFO] [1773478489.484356704] [Ground]: 识别到QR码: 小铲子
[INFO] [1773478489.486762975] [Ground]: 识别到QR码: 葵花种子
[INFO] [1773478489.524348276] [Ground]: 识别到QR码: 小铲子
[INFO] [1773478489.525845732] [Ground]: 识别到QR码: 葵花种子
[INFO] [1773478489.554666116] [Ground]: 识别到QR码: 小铲子
[INFO] [1773478489.556208974] [Ground]: 识别到QR码: 葵花种子
[INFO] [1773478489.583744762] [Ground]: 识别到QR码: 小铲子
[INFO] [1773478489.586403868] [Ground]: 识别到QR码: 葵花种子
[INFO] [1773478489.624138721] [Ground]: 识别到QR码: 小铲子
[INFO] [1773478489.625821040] [Ground]: 识别到QR码: 葵花种子
[INFO] [1773478489.655112653] [Ground]: 识别到QR码: 小铲子
[INFO] [1773478489.656875767] [Ground]: 识别到QR码: 葵花种子
[INFO] [1773478489.688726963] [Ground]: 识别到QR码: 小铲子
[INFO] [1773478489.690761719] [Ground]: 识别到QR码: 葵花种子
[INFO] [1773478489.736802434] [Ground]: 识别到QR码: 小铲子
[INFO] [1773478489.745247258] [Ground]: 识别到QR码: 葵花种子
[INFO] [1773478489.752911759] [Ground]: 识别到QR码: 小铲子
[INFO] [1773478489.755368016] [Ground]: 识别到QR码: 葵花种子
[INFO] [1773478489.784457527] [Ground]: 识别到QR码: 葵花种子
[INFO] [1773478489.822736249] [Ground]: 识别到QR码: 小铲子
[INFO] [1773478489.824292823] [Ground]: 识别到QR码: 葵花种子
[INFO] [1773478489.854777301] [Ground]: 识别到QR码: 小铲子
[INFO] [1773478489.859154280] [Ground]: 识别到QR码: 葵花种子
[INFO] [1773478489.887694396] [Ground]: 识别到QR码: 小铲子
[INFO] [1773478489.889542414] [Ground]: 识别到QR码: 葵花种子
[INFO] [1773478489.920723256] [Ground]: 识别到QR码: 小铲子
[INFO] [1773478489.923086087] [Ground]: 识别到QR码: 葵花种子
[INFO] [1773478489.958153893] [Ground]: 识别到QR码: 小铲子
[INFO] [1773478489.995234385] [Ground]: 识别到QR码: 葵花种子
[INFO] [1773478489.998727234] [Ground]: 识别到QR码: 小铲子
[INFO] [1773478490.022458011] [Ground]: 识别到QR码: 葵花种子
[INFO] [1773478490.057903655] [Ground]: 识别到QR码: 小铲子
[INFO] [1773478490.089204563] [Ground]: 识别到QR码: 小铲子
[INFO] [1773478490.090934855] [Ground]: 识别到QR码: 葵花种子
[INFO] [1773478490.130330395] [Ground]: 识别到QR码: 小铲子
[INFO] [1773478490.159895593] [Ground]: 识别到QR码: 葵花种子
[INFO] [1773478490.193233060] [Ground]: 识别到QR码: 小铲子
[INFO] [1773478490.195250962] [Ground]: 识别到QR码: 葵花种子
[INFO] [1773478490.288305220] [Ground]: 识别到QR码: 小铲子
[INFO] [1773478490.290033953] [Ground]: 识别到QR码: 葵花种子
[INFO] [1773478490.359119007] [Ground]: 识别到QR码: 小铲子
[INFO] [1773478490.360658227] [Ground]: 识别到QR码: 葵花种子
[INFO] [1773478490.387461098] [Ground]: 识别到QR码: 葵花种子
[INFO] [1773478490.389011445] [Ground]: 识别到QR码: 小铲子
[INFO] [1773478490.460015126] [Ground]: 识别到QR码: 葵花种子
[INFO] [1773478490.462222258] [Ground]: 识别到QR码: 小铲子
[INFO] [1773478490.525902658] [Ground]: 识别到QR码: 小铲子
[INFO] [1773478490.527975223] [Ground]: 识别到QR码: 葵花种子
[INFO] [1773478490.555270878] [Ground]: 识别到QR码: 小铲子
[INFO] [1773478490.591577883] [Ground]: 识别到QR码: 小铲子
[INFO] [1773478490.593392109] [Ground]: 识别到QR码: 葵花种子
[INFO] [1773478490.623264762] [Ground]: 识别到QR码: 小铲子
[INFO] [1773478490.625101125] [Ground]: 识别到QR码: 葵花种子
[INFO] [1773478490.673405705] [Ground]: 识别到QR码: 小铲子
[INFO] [1773478490.677738847] [Ground]: 识别到QR码: 葵花种子
[INFO] [1773478490.693810238] [Ground]: 识别到QR码: 小铲子
[INFO] [1773478490.759151097] [Ground]: 识别到QR码: 小铲子
[INFO] [1773478490.760495264] [Ground]: 识别到QR码: 葵花种子
[INFO] [1773478490.828161968] [Ground]: 识别到QR码: 葵花种子
[INFO] [1773478490.829695334] [Ground]: 识别到QR码: 小铲子
[INFO] [1773478490.900892323] [Ground]: 识别到QR码: 小铲子
[INFO] [1773478490.902989548] [Ground]: 识别到QR码: 葵花种子
[INFO] [1773478490.991310377] [Ground]: 识别到QR码: 小铲子
[INFO] [1773478490.993042078] [Ground]: 识别到QR码: 葵花种子
[INFO] [1773478491.044346783] [Ground]: 识别到QR码: 小铲子
[INFO] [1773478491.045655859] [Ground]: 识别到QR码: 葵花种子
[INFO] [1773478491.168879400] [Ground]: 识别到QR码: 葵花种子
[INFO] [1773478491.186962163] [Ground]: 识别到QR码: 小铲子
[INFO] [1773478491.198055035] [Ground]: 识别到QR码: 小铲子
[INFO] [1773478491.199341996] [Ground]: 识别到QR码: 葵花种子
[INFO] [1773478491.330602457] [Ground]: 识别到QR码: 小铲子
[INFO] [1773478491.333378323] [Ground]: 识别到QR码: 葵花种子
[INFO] [1773478491.365497845] [Ground]: 识别到QR码: 小铲子
[INFO] [1773478491.367185940] [Ground]: 识别到QR码: 葵花种子
[INFO] [1773478491.402011798] [Ground]: 识别到QR码: 小铲子
[INFO] [1773478491.404870227] [Ground]: 识别到QR码: 葵花种子
[INFO] [1773478491.466539092] [Ground]: 识别到QR码: 小铲子
[INFO] [1773478491.495284900] [Ground]: 识别到QR码: 小铲子
[INFO] [1773478491.498119704] [Ground]: 识别到QR码: 葵花种子
[INFO] [1773478491.664132916] [Ground]: 识别到QR码: 葵花种子
[INFO] [1773478491.665729923] [Ground]: 识别到QR码: 小铲子
[INFO] [1773478491.702911669] [Ground]: 识别到QR码: 葵花种子
[INFO] [1773478491.772779252] [Ground]: 识别到QR码: 小铲子
[INFO] [1773478491.779986152] [Ground]: 识别到QR码: 葵花种子
[INFO] [1773478491.798866503] [Ground]: 识别到QR码: 葵花种子
[INFO] [1773478491.832671527] [Ground]: 识别到QR码: 葵花种子
[INFO] [1773478491.880345339] [Ground]: 识别到QR码: 葵花种子
[INFO] [1773478491.934986625] [Ground]: 识别到QR码: 小铲子
[INFO] [1773478491.936714218] [Ground]: 识别到QR码: 葵花种子
[INFO] [1773478491.976160721] [Ground]: 识别到QR码: 小铲子
[INFO] [1773478491.979667659] [Ground]: 识别到QR码: 葵花种子
[INFO] [1773478492.001476604] [Ground]: 识别到QR码: 葵花种子
[INFO] [1773478492.142766550] [Ground]: 识别到QR码: 小铲子
[INFO] [1773478492.144616384] [Ground]: 识别到QR码: 葵花种子
[INFO] [1773478492.210542296] [Ground]: 识别到QR码: 小铲子
[INFO] [1773478492.241087942] [Ground]: 识别到QR码: 小铲子
[INFO] [1773478492.280268608] [Ground]: 识别到QR码: 小铲子
