[INFO] [1774515593.234801451] [Ground]: ros2 node launch success:Ground!
[INFO] [1774515608.083271854] [Ground]: takeoff 发送成功 → 飞行站已调用：takeoff服务
[INFO] [1774515608.105033887] [Ground]: MCU2 send back: Takeoffok
[INFO] [1774515616.170936713] [Ground]: MCU2 send back: Gdone*
[INFO] [1774515617.191781305] [Ground]: MCU2 send back: Gdone*
[INFO] [1774515618.212969251] [Ground]: MCU2 send back: Gdone*
[INFO] [1774515618.410094768] [Ground]: G+01984+00117+09540 发送成功 → 飞行站已调用：G+01984+00117+09540服务
[INFO] [1774515618.438779336] [Ground]: MCU2 send back: +01984+00117+09540
[INFO] [1774515618.834090621] [Ground]: MCU2 send back: Gdoing*
[INFO] [1774515618.857590280] [Ground]: G+02201+00119+09515 发送成功 → 飞行站已调用：G+02201+00119+09515服务
[INFO] [1774515618.883367115] [Ground]: MCU2 send back: +02201+00119+09515
[INFO] [1774515619.237099951] [Ground]: MCU2 send back: Gdone*
[INFO] [1774515619.255332852] [Ground]: MCU2 send back: Gdone*
[INFO] [1774515619.824118574] [Ground]: G+04371+00148+09258 发送成功 → 飞行站已调用：G+04371+00148+09258服务
[INFO] [1774515619.852247853] [Ground]: MCU2 send back: +04371+00148+09258
[INFO] [1774515620.239028988] [Ground]: MCU2 send back: Gdoing*
[INFO] [1774515620.657033495] [Ground]: MCU2 send back: Gdone*
[INFO] [1774515620.862748811] [Ground]: G+06053+00155+09103 发送成功 → 飞行站已调用：G+06053+00155+09103服务
[INFO] [1774515620.886543536] [Ground]: MCU2 send back: +06053+00155+09103
[INFO] [1774515621.277325557] [Ground]: MCU2 send back: Gdone*
[INFO] [1774515621.282149841] [Ground]: MCU2 send back: Gdone*
[INFO] [1774515621.515501731] [Ground]: G+07197+00145+09089 发送成功 → 飞行站已调用：G+07197+00145+09089服务
[INFO] [1774515621.541128948] [Ground]: MCU2 send back: +07197+00145+09089
[INFO] [1774515621.936830694] [Ground]: MCU2 send back: Gdone*
[INFO] [1774515622.159185787] [Ground]: G+08657+00098+09002 发送成功 → 飞行站已调用：G+08657+00098+09002服务
[INFO] [1774515622.186516388] [Ground]: MCU2 send back: +08657+00098+09002
[INFO] [1774515622.578454425] [Ground]: MCU2 send back: Gdone*
[INFO] [1774515622.609665343] [Ground]: G+09575+00008+08990 发送成功 → 飞行站已调用：G+09575+00008+08990服务
[INFO] [1774515622.639881949] [Ground]: MCU2 send back: +09575+00008+08990
[INFO] [1774515623.018244572] [Ground]: MCU2 send back: Gdone*
[INFO] [1774515623.320473220] [Ground]: MCU2 send back: Gdone*
[INFO] [1774515624.221379930] [Ground]: G+12189-00300+08998 发送成功 → 飞行站已调用：G+12189-00300+08998服务
[INFO] [1774515624.249228156] [Ground]: MCU2 send back: +12189-00300+08998
[INFO] [1774515624.656489180] [Ground]: MCU2 send back: Gdoing*
[INFO] [1774515624.755285561] [Ground]: G+12478-00324+08942 发送成功 → 飞行站已调用：G+12478-00324+08942服务
[INFO] [1774515624.781385573] [Ground]: MCU2 send back: +12478-00324+08942
[INFO] [1774515625.062325503] [Ground]: MCU2 send back: Gdone*
[INFO] [1774515625.389549528] [Ground]: MCU2 send back: Gdone*
[INFO] [1774515625.745845289] [Ground]: G+14880-00381+08880 发送成功 → 飞行站已调用：G+14880-00381+08880服务
[INFO] [1774515625.800524495] [Ground]: MCU2 send back: +14880-00381+08880
[INFO] [1774515626.143633916] [Ground]: 识别到QR码: 10
[INFO] [1774515626.163397574] [Ground]: MCU2 send back: Gdone*
[INFO] [1774515626.422255262] [Ground]: MCU2 send back: Gdone*
[INFO] [1774515626.568126912] [Ground]: G+16052-00507+08933 发送成功 → 飞行站已调用：G+16052-00507+08933服务
[INFO] [1774515626.623444688] [Ground]: MCU2 send back: +16052-00507+08933
[INFO] [1774515626.982981615] [Ground]: MCU2 send back: Gdone*
[INFO] [1774515627.047161741] [Ground]: 识别到QR码: 10
[INFO] [1774515627.048593626] [Ground]: 识别到QR码: 19
[INFO] [1774515627.049731053] [Ground]: 识别到QR码: 2
[INFO] [1774515627.440091378] [Ground]: MCU2 send back: Gdone*
[INFO] [1774515627.508781807] [Ground]: 识别到QR码: 10
[INFO] [1774515627.511529431] [Ground]: 识别到QR码: 2
[INFO] [1774515627.717772405] [Ground]: 识别到QR码: 2
[INFO] [1774515628.125432767] [Ground]: 识别到QR码: 10
[INFO] [1774515628.127634192] [Ground]: 识别到QR码: 19
[INFO] [1774515628.266252214] [Ground]: 识别到QR码: 10
[INFO] [1774515628.267481028] [Ground]: 识别到QR码: 19
[INFO] [1774515628.332987103] [Ground]: 识别到QR码: 2
[INFO] [1774515628.450731071] [Ground]: MCU2 send back: Gdone*
[INFO] [1774515628.463451231] [Ground]: 识别到QR码: 19
[INFO] [1774515628.465079584] [Ground]: 识别到QR码: 2
[INFO] [1774515628.659030622] [Ground]: 识别到QR码: 10
[INFO] [1774515628.702336298] [Ground]: 识别到QR码: 2
[INFO] [1774515628.758657019] [Ground]: G+18245-01014+08874 发送成功 → 飞行站已调用：G+18245-01014+08874服务
[INFO] [1774515628.782976380] [Ground]: MCU2 send back: +18245-01014+08874
[INFO] [1774515628.859188056] [Ground]: 识别到QR码: 10
[INFO] [1774515628.861323555] [Ground]: 识别到QR码: 19
[INFO] [1774515628.863020993] [Ground]: 识别到QR码: 2
[INFO] [1774515628.896029901] [Ground]: 识别到QR码: 2
[INFO] [1774515629.167075382] [Ground]: MCU2 send back: Gdoing*
[INFO] [1774515629.192202427] [Ground]: 识别到QR码: 19
[INFO] [1774515629.227429895] [Ground]: 识别到QR码: 23
[INFO] [1774515629.230786454] [Ground]: 识别到QR码: 2
[INFO] [1774515629.445969945] [Ground]: MCU2 send back: Gdone*
[INFO] [1774515629.585926924] [Ground]: MCU2 send back: Gdone*
[INFO] [1774515630.035519473] [Ground]: 识别到QR码: 2
[INFO] [1774515630.037433134] [Ground]: 识别到QR码: 23
[INFO] [1774515630.229787389] [Ground]: 识别到QR码: 2
[INFO] [1774515630.275815767] [Ground]: 识别到QR码: 23
[INFO] [1774515630.277943248] [Ground]: 识别到QR码: 10
[INFO] [1774515630.280298902] [Ground]: 识别到QR码: 19
[INFO] [1774515630.466267773] [Ground]: MCU2 send back: Gdone*
[INFO] [1774515630.635057356] [Ground]: 识别到QR码: 10
[INFO] [1774515630.911214508] [Ground]: 识别到QR码: 23
[INFO] [1774515630.912628031] [Ground]: 识别到QR码: 2
[INFO] [1774515630.914762556] [Ground]: 识别到QR码: 19
[INFO] [1774515631.149597922] [Ground]: 识别到QR码: 19
[INFO] [1774515631.151001974] [Ground]: 识别到QR码: 10
[INFO] [1774515631.152738253] [Ground]: 识别到QR码: 23
[INFO] [1774515631.176263437] [Ground]: 识别到QR码: 10
[INFO] [1774515631.377435133] [Ground]: 识别到QR码: 10
[INFO] [1774515631.380398550] [Ground]: 识别到QR码: 23
[INFO] [1774515631.381505678] [Ground]: 识别到QR码: 2
[INFO] [1774515631.487922690] [Ground]: MCU2 send back: Gdone*
[INFO] [1774515631.540092518] [Ground]: 识别到QR码: 10
[INFO] [1774515631.541492564] [Ground]: 识别到QR码: 2
[INFO] [1774515631.581931401] [Ground]: 识别到QR码: 10
[INFO] [1774515631.583309044] [Ground]: 识别到QR码: 2
[INFO] [1774515631.585017472] [Ground]: 识别到QR码: 23
[INFO] [1774515631.852865668] [Ground]: 识别到QR码: 2
[INFO] [1774515631.883578402] [Ground]: 识别到QR码: 23
[INFO] [1774515631.885505943] [Ground]: 识别到QR码: 2
[INFO] [1774515632.115249218] [Ground]: 识别到QR码: 23
[INFO] [1774515632.116679808] [Ground]: 识别到QR码: 19
[INFO] [1774515632.118701038] [Ground]: 识别到QR码: 2
[INFO] [1774515632.121698432] [Ground]: 识别到QR码: 10
[INFO] [1774515632.508215374] [Ground]: MCU2 send back: Gdone*
[INFO] [1774515632.519017852] [Ground]: 识别到QR码: 2
[INFO] [1774515632.724365055] [Ground]: 识别到QR码: 10
[INFO] [1774515632.955317647] [Ground]: 识别到QR码: 2
[INFO] [1774515632.958083842] [Ground]: 识别到QR码: 19
[INFO] [1774515632.962429742] [Ground]: 识别到QR码: 10
[INFO] [1774515632.984676001] [Ground]: 识别到QR码: 10
[INFO] [1774515633.199127533] [Ground]: 识别到QR码: 10
[INFO] [1774515633.235064275] [Ground]: 识别到QR码: 2
[INFO] [1774515633.236853473] [Ground]: 识别到QR码: 10
[INFO] [1774515633.238616072] [Ground]: 识别到QR码: 23
[INFO] [1774515633.530617331] [Ground]: MCU2 send back: Gdone*
[INFO] [1774515633.621756279] [Ground]: 识别到QR码: 23
[INFO] [1774515633.622999775] [Ground]: 识别到QR码: 19
[INFO] [1774515633.625469610] [Ground]: 识别到QR码: 10
[INFO] [1774515633.627992050] [Ground]: 识别到QR码: 2
[INFO] [1774515633.656322692] [Ground]: 识别到QR码: 23
[INFO] [1774515633.660839598] [Ground]: 识别到QR码: 2
[INFO] [1774515633.828695119] [Ground]: 识别到QR码: 10
[INFO] [1774515633.830505304] [Ground]: 识别到QR码: 23
[INFO] [1774515633.858236943] [Ground]: 识别到QR码: 23
[INFO] [1774515633.860105358] [Ground]: 识别到QR码: 2
[INFO] [1774515634.097201681] [Ground]: 识别到QR码: 23
[INFO] [1774515634.100341947] [Ground]: 识别到QR码: 2
[INFO] [1774515634.103747977] [Ground]: 识别到QR码: 10
[INFO] [1774515634.295027664] [Ground]: 识别到QR码: 23
[INFO] [1774515634.296679748] [Ground]: 识别到QR码: 2
[INFO] [1774515634.338108614] [Ground]: 识别到QR码: 23
[INFO] [1774515634.342045333] [Ground]: 识别到QR码: 10
[INFO] [1774515634.344267037] [Ground]: 识别到QR码: 2
[INFO] [1774515634.499722170] [Ground]: 识别到QR码: 2
[INFO] [1774515634.536283420] [Ground]: 识别到QR码: 19
[INFO] [1774515634.537728431] [Ground]: 识别到QR码: 2
[INFO] [1774515634.540249808] [Ground]: 识别到QR码: 23
[INFO] [1774515634.549716168] [Ground]: MCU2 send back: Gdone*
[INFO] [1774515634.728899183] [Ground]: 识别到QR码: 23
[INFO] [1774515634.730870791] [Ground]: 识别到QR码: 10
[INFO] [1774515634.732596812] [Ground]: 识别到QR码: 2
[INFO] [1774515634.766692751] [Ground]: 识别到QR码: 23
[INFO] [1774515634.768338835] [Ground]: 识别到QR码: 19
[INFO] [1774515634.770119613] [Ground]: 识别到QR码: 2
[INFO] [1774515634.772816389] [Ground]: 识别到QR码: 10
[INFO] [1774515634.967113954] [Ground]: 识别到QR码: 23
[INFO] [1774515634.968564063] [Ground]: 识别到QR码: 2
[INFO] [1774515634.970685448] [Ground]: 识别到QR码: 19
[INFO] [1774515635.168441994] [Ground]: 识别到QR码: 10
[INFO] [1774515635.169785102] [Ground]: 识别到QR码: 2
[INFO] [1774515635.397820349] [Ground]: 识别到QR码: 23
[INFO] [1774515635.398757399] [Ground]: 识别到QR码: 2
[INFO] [1774515635.491564151] [Ground]: G+17976+00504+09077 发送成功 → 飞行站已调用：G+17976+00504+09077服务
[INFO] [1774515635.520438238] [Ground]: MCU2 send back: +17976+00504+09077
[INFO] [1774515635.637158147] [Ground]: 识别到QR码: 23
[INFO] [1774515635.639258345] [Ground]: 识别到QR码: 10
[INFO] [1774515635.642140963] [Ground]: 识别到QR码: 2
[INFO] [1774515635.810132525] [Ground]: 识别到QR码: 10
[INFO] [1774515635.812029955] [Ground]: 识别到QR码: 23
[INFO] [1774515635.816123922] [Ground]: 识别到QR码: 2
[INFO] [1774515635.911062882] [Ground]: MCU2 send back: Gdoing*
[INFO] [1774515635.979486275] [Ground]: 识别到QR码: 2
[INFO] [1774515636.138501861] [Ground]: 识别到QR码: 10
[INFO] [1774515636.142573123] [Ground]: 识别到QR码: 2
[INFO] [1774515636.250307490] [Ground]: G+17872+00754+09232 发送成功 → 飞行站已调用：G+17872+00754+09232服务
[INFO] [1774515636.278040087] [Ground]: MCU2 send back: +17872+00754+09232
[INFO] [1774515636.311304429] [Ground]: 识别到QR码: 19
[INFO] [1774515636.313424030] [Ground]: 识别到QR码: 10
[INFO] [1774515636.315981040] [Ground]: 识别到QR码: 2
[INFO] [1774515636.317700488] [Ground]: 识别到QR码: 23
[INFO] [1774515636.331601470] [Ground]: MCU2 send back: Gdoing*
[INFO] [1774515636.474265914] [Ground]: 识别到QR码: 10
[INFO] [1774515636.477017923] [Ground]: 识别到QR码: 19
[INFO] [1774515636.478651038] [Ground]: 识别到QR码: 2
[INFO] [1774515636.592375414] [Ground]: MCU2 send back: Gdone*
[INFO] [1774515636.679978227] [Ground]: 识别到QR码: 10
[INFO] [1774515636.682240241] [Ground]: 识别到QR码: 19
[INFO] [1774515636.683402899] [Ground]: 识别到QR码: 2
[INFO] [1774515636.752483854] [Ground]: MCU2 send back: Gdone*
[INFO] [1774515637.082055707] [Ground]: 识别到QR码: 2
[INFO] [1774515637.211326321] [Ground]: 识别到QR码: 2
[INFO] [1774515637.389470402] [Ground]: 识别到QR码: 2
[INFO] [1774515637.517979401] [Ground]: 识别到QR码: 10
[INFO] [1774515637.612714874] [Ground]: MCU2 send back: Gdone*
[INFO] [1774515637.671000545] [Ground]: G+17346+02610+09351 发送成功 → 飞行站已调用：G+17346+02610+09351服务
[INFO] [1774515637.688297637] [Ground]: 识别到QR码: 2
[INFO] [1774515637.700186560] [Ground]: MCU2 send back: +17346+02610+09351
[INFO] [1774515637.828318490] [Ground]: 识别到QR码: 10
[INFO] [1774515637.830142408] [Ground]: 识别到QR码: 2
[INFO] [1774515637.857472943] [Ground]: 识别到QR码: 2
[INFO] [1774515637.925145623] [Ground]: 识别到QR码: 10
[INFO] [1774515637.926700450] [Ground]: 识别到QR码: 2
[INFO] [1774515638.054962209] [Ground]: 识别到QR码: 19
[INFO] [1774515638.095882471] [Ground]: MCU2 send back: Gdoing*
[INFO] [1774515638.226594902] [Ground]: 识别到QR码: 19
[INFO] [1774515638.228056092] [Ground]: 识别到QR码: 10
[INFO] [1774515638.265506093] [Ground]: 识别到QR码: 10
[INFO] [1774515638.268228625] [Ground]: 识别到QR码: 19
[INFO] [1774515638.393408809] [Ground]: 识别到QR码: 19
[INFO] [1774515638.395516549] [Ground]: 识别到QR码: 10
[INFO] [1774515638.425419380] [Ground]: 识别到QR码: 19
[INFO] [1774515638.514470601] [Ground]: MCU2 send back: Gdone*
[INFO] [1774515638.525988244] [Ground]: G+17131+03550+09540 发送成功 → 飞行站已调用：G+17131+03550+09540服务
[INFO] [1774515638.528258601] [Ground]: 识别到QR码: 19
[INFO] [1774515638.552727114] [Ground]: MCU2 send back: +17131+03550+09540
[INFO] [1774515638.567008408] [Ground]: 识别到QR码: 19
[INFO] [1774515638.664006689] [Ground]: 识别到QR码: 23
[INFO] [1774515638.854636457] [Ground]: 识别到QR码: 19
[INFO] [1774515638.936907985] [Ground]: MCU2 send back: Gdone*
[INFO] [1774515639.059319346] [Ground]: 识别到QR码: 19
[INFO] [1774515639.230279719] [Ground]: 识别到QR码: 19
[INFO] [1774515639.428571184] [Ground]: 识别到QR码: 19
[INFO] [1774515639.532044060] [Ground]: 识别到QR码: 19
[INFO] [1774515639.654859594] [Ground]: MCU2 send back: Gdone*
[INFO] [1774515639.865319511] [Ground]: 识别到QR码: 19
[INFO] [1774515640.000842696] [Ground]: 识别到QR码: 19
[INFO] [1774515640.033073939] [Ground]: 识别到QR码: 23
[INFO] [1774515640.066594006] [Ground]: 识别到QR码: 23
[INFO] [1774515640.269020888] [Ground]: 识别到QR码: 23
[INFO] [1774515640.317062073] [Ground]: G+16880+01485+09761 发送成功 → 飞行站已调用：G+16880+01485+09761服务
[INFO] [1774515640.342463788] [Ground]: MCU2 send back: +16880+01485+09761
[INFO] [1774515640.669991546] [Ground]: 识别到QR码: 23
[INFO] [1774515640.704665335] [Ground]: 识别到QR码: 19
[INFO] [1774515640.738707605] [Ground]: MCU2 send back: Gdoing*
[INFO] [1774515640.807766939] [Ground]: 识别到QR码: 23
[INFO] [1774515640.836834712] [Ground]: 识别到QR码: 23
[INFO] [1774515641.156987869] [Ground]: MCU2 send back: Gdone*
[INFO] [1774515641.221835302] [Ground]: G+16952+00815+09924 发送成功 → 飞行站已调用：G+16952+00815+09924服务
[INFO] [1774515641.240107459] [Ground]: 识别到QR码: 19
[INFO] [1774515641.241470059] [Ground]: 识别到QR码: 23
[INFO] [1774515641.249044269] [Ground]: MCU2 send back: +16952+00815+09924
[INFO] [1774515641.637367100] [Ground]: MCU2 send back: Gdone*
[INFO] [1774515641.698352690] [Ground]: MCU2 send back: Gdone*
[INFO] [1774515642.029134514] [Ground]: 识别到QR码: 23
[INFO] [1774515642.089873175] [Ground]: G+16966-01174+10122 发送成功 → 飞行站已调用：G+16966-01174+10122服务
[INFO] [1774515642.114928520] [Ground]: MCU2 send back: +16966-01174+10122
[INFO] [1774515642.223032190] [Ground]: 识别到QR码: 2
[INFO] [1774515642.225090649] [Ground]: 识别到QR码: 23
[INFO] [1774515642.228108531] [Ground]: 识别到QR码: 10
[INFO] [1774515642.257855094] [Ground]: 识别到QR码: 23
[INFO] [1774515642.423808519] [Ground]: 识别到QR码: 10
[INFO] [1774515642.454826243] [Ground]: 识别到QR码: 23
[INFO] [1774515642.456687839] [Ground]: 识别到QR码: 2
[INFO] [1774515642.457468753] [Ground]: 识别到QR码: 19
[INFO] [1774515642.458236136] [Ground]: 识别到QR码: 10
[INFO] [1774515642.498093830] [Ground]: MCU2 send back: Gdone*
[INFO] [1774515642.549326352] [Ground]: 识别到QR码: 10
[INFO] [1774515642.714161921] [Ground]: 识别到QR码: 2
[INFO] [1774515642.721824359] [Ground]: MCU2 send back: Gdone*
[INFO] [1774515642.919463774] [Ground]: 识别到QR码: 2
[INFO] [1774515642.960442700] [Ground]: 识别到QR码: 23
[INFO] [1774515643.188542673] [Ground]: 识别到QR码: 23
[INFO] [1774515643.190515168] [Ground]: 识别到QR码: 19
[INFO] [1774515643.192055112] [Ground]: 识别到QR码: 2
[INFO] [1774515643.258534244] [Ground]: G+16836-03413+10559 发送成功 → 飞行站已调用：G+16836-03413+10559服务
[INFO] [1774515643.285241219] [Ground]: MCU2 send back: +16836-03413+10559
[INFO] [1774515643.355995437] [Ground]: 识别到QR码: 2
[INFO] [1774515643.357751757] [Ground]: 识别到QR码: 10
[INFO] [1774515643.392552098] [Ground]: 识别到QR码: 19
[INFO] [1774515643.395645453] [Ground]: 识别到QR码: 23
[INFO] [1774515643.397254642] [Ground]: 识别到QR码: 2
[INFO] [1774515643.679365876] [Ground]: MCU2 send back: Gdone*
[INFO] [1774515643.739429211] [Ground]: MCU2 send back: Gdone*
[INFO] [1774515644.057268058] [Ground]: 识别到QR码: 2
[INFO] [1774515644.096208570] [Ground]: 识别到QR码: 2
[INFO] [1774515644.292113998] [Ground]: 识别到QR码: 10
[INFO] [1774515644.329561172] [Ground]: 识别到QR码: 2
[INFO] [1774515644.375872930] [Ground]: 识别到QR码: 23
[INFO] [1774515644.531960452] [Ground]: 识别到QR码: 10
[INFO] [1774515644.534723474] [Ground]: 识别到QR码: 2
[INFO] [1774515644.540015410] [Ground]: 识别到QR码: 24
[INFO] [1774515644.548204699] [Ground]: 识别到QR码: 19
[INFO] [1774515644.550300684] [Ground]: 识别到QR码: 23
[INFO] [1774515644.578149238] [Ground]: G+16568-05888+10956 发送成功 → 飞行站已调用：G+16568-05888+10956服务
[INFO] [1774515644.600639224] [Ground]: MCU2 send back: +16568-05888+10956
[INFO] [1774515644.709116755] [Ground]: 识别到QR码: 19
[INFO] [1774515644.774208271] [Ground]: 识别到QR码: 23
[INFO] [1774515644.776392580] [Ground]: 识别到QR码: 2
[INFO] [1774515644.896544322] [Ground]: 识别到QR码: 10
[INFO] [1774515644.900218791] [Ground]: 识别到QR码: 24
[INFO] [1774515644.947396242] [Ground]: 识别到QR码: 23
[INFO] [1774515644.980822525] [Ground]: MCU2 send back: Gdoing*
[INFO] [1774515645.404432375] [Ground]: MCU2 send back: Gdone*
[INFO] [1774515645.781606442] [Ground]: MCU2 send back: Gdone*
[INFO] [1774515645.803389866] [Ground]: 识别到QR码: 24
[INFO] [1774515645.837711135] [Ground]: 识别到QR码: 24
[INFO] [1774515645.839429548] [Ground]: 识别到QR码: 10
[INFO] [1774515645.841786751] [Ground]: 识别到QR码: 23
[INFO] [1774515645.844307414] [Ground]: 识别到QR码: 2
[INFO] [1774515646.007582489] [Ground]: 识别到QR码: 24
[INFO] [1774515646.009637651] [Ground]: 识别到QR码: 10
[INFO] [1774515646.011171824] [Ground]: 识别到QR码: 2
[INFO] [1774515646.015213373] [Ground]: 识别到QR码: 23
[INFO] [1774515646.218147322] [Ground]: 识别到QR码: 2
[INFO] [1774515646.219726352] [Ground]: 识别到QR码: 24
[INFO] [1774515646.417213813] [Ground]: 识别到QR码: 10
[INFO] [1774515646.418495480] [Ground]: 识别到QR码: 2
[INFO] [1774515646.577694080] [Ground]: 识别到QR码: 23
[INFO] [1774515646.578940686] [Ground]: 识别到QR码: 2
[INFO] [1774515646.728810810] [Ground]: 识别到QR码: 24
[INFO] [1774515646.755127383] [Ground]: 识别到QR码: 24
[INFO] [1774515646.757291492] [Ground]: 识别到QR码: 10
[INFO] [1774515646.758760705] [Ground]: 识别到QR码: 23
[INFO] [1774515646.759792342] [Ground]: 识别到QR码: 2
[INFO] [1774515646.802018580] [Ground]: MCU2 send back: Gdone*
[INFO] [1774515646.976700576] [Ground]: 识别到QR码: 24
[INFO] [1774515647.214363802] [Ground]: 识别到QR码: 23
[INFO] [1774515647.216138123] [Ground]: 识别到QR码: 2
[INFO] [1774515647.349315027] [Ground]: 识别到QR码: 24
[INFO] [1774515647.351215520] [Ground]: 识别到QR码: 10
[INFO] [1774515647.352485215] [Ground]: 识别到QR码: 2
[INFO] [1774515647.355802337] [Ground]: 识别到QR码: 23
[INFO] [1774515647.381933074] [Ground]: 识别到QR码: 24
[INFO] [1774515647.384219907] [Ground]: 识别到QR码: 19
[INFO] [1774515647.387574801] [Ground]: 识别到QR码: 23
[INFO] [1774515647.394279269] [Ground]: 识别到QR码: 2
[INFO] [1774515647.519139920] [Ground]: 识别到QR码: 10
[INFO] [1774515647.520775277] [Ground]: 识别到QR码: 19
[INFO] [1774515647.523049734] [Ground]: 识别到QR码: 24
[INFO] [1774515647.526498037] [Ground]: 识别到QR码: 2
[INFO] [1774515647.531499365] [Ground]: 识别到QR码: 23
[INFO] [1774515647.683984139] [Ground]: 识别到QR码: 24
[INFO] [1774515647.825549700] [Ground]: MCU2 send back: Gdone*
[INFO] [1774515647.901297020] [Ground]: 识别到QR码: 24
[INFO] [1774515647.903277299] [Ground]: 识别到QR码: 2
[INFO] [1774515647.904749563] [Ground]: 识别到QR码: 23
[INFO] [1774515647.944870075] [Ground]: 识别到QR码: 24
[INFO] [1774515648.223517425] [Ground]: 识别到QR码: 10
[INFO] [1774515648.225047477] [Ground]: 识别到QR码: 19
[INFO] [1774515648.231740013] [Ground]: 识别到QR码: 2
[INFO] [1774515648.234088715] [Ground]: 识别到QR码: 23
[INFO] [1774515648.559729829] [Ground]: 识别到QR码: 2
[INFO] [1774515648.561184855] [Ground]: 识别到QR码: 23
[INFO] [1774515648.596738187] [Ground]: 识别到QR码: 23
[INFO] [1774515648.598082943] [Ground]: 识别到QR码: 10
[INFO] [1774515648.599465458] [Ground]: 识别到QR码: 2
[INFO] [1774515648.728491752] [Ground]: 识别到QR码: 10
[INFO] [1774515648.730141471] [Ground]: 识别到QR码: 24
[INFO] [1774515648.766646562] [Ground]: 识别到QR码: 24
[INFO] [1774515648.769434490] [Ground]: 识别到QR码: 2
[INFO] [1774515648.772036638] [Ground]: 识别到QR码: 23
[INFO] [1774515648.844452472] [Ground]: MCU2 send back: Gdone*
[INFO] [1774515648.936862285] [Ground]: 识别到QR码: 23
[INFO] [1774515648.984091712] [Ground]: 识别到QR码: 2
[INFO] [1774515649.101795031] [Ground]: 识别到QR码: 24
[INFO] [1774515649.103568447] [Ground]: 识别到QR码: 10
[INFO] [1774515649.105659197] [Ground]: 识别到QR码: 2
[INFO] [1774515649.108468988] [Ground]: 识别到QR码: 23
[INFO] [1774515649.269868581] [Ground]: 识别到QR码: 23
[INFO] [1774515649.271442533] [Ground]: 识别到QR码: 24
[INFO] [1774515649.272650326] [Ground]: 识别到QR码: 10
[INFO] [1774515649.274232699] [Ground]: 识别到QR码: 2
[INFO] [1774515649.456946802] [Ground]: 识别到QR码: 23
[INFO] [1774515649.504776498] [Ground]: 识别到QR码: 2
[INFO] [1774515649.507511203] [Ground]: 识别到QR码: 24
[INFO] [1774515649.640057778] [Ground]: 识别到QR码: 2
[INFO] [1774515649.699127773] [Ground]: 识别到QR码: 23
[INFO] [1774515649.808520851] [Ground]: 识别到QR码: 2
[INFO] [1774515649.809868335] [Ground]: 识别到QR码: 10
[INFO] [1774515649.842277967] [Ground]: 识别到QR码: 23
[INFO] [1774515649.843140262] [Ground]: 识别到QR码: 2
[INFO] [1774515649.865213970] [Ground]: MCU2 send back: Gdone*
[INFO] [1774515649.992653497] [Ground]: 识别到QR码: 23
[INFO] [1774515650.024548213] [Ground]: 识别到QR码: 23
[INFO] [1774515650.026120407] [Ground]: 识别到QR码: 10
[INFO] [1774515650.178807033] [Ground]: 识别到QR码: 2
[INFO] [1774515650.180453890] [Ground]: 识别到QR码: 23
[INFO] [1774515650.311530805] [Ground]: 识别到QR码: 10
[INFO] [1774515650.314856296] [Ground]: 识别到QR码: 19
[INFO] [1774515650.319849964] [Ground]: 识别到QR码: 2
[INFO] [1774515650.327128510] [Ground]: 识别到QR码: 24
[INFO] [1774515650.519537106] [Ground]: 识别到QR码: 19
[INFO] [1774515650.522058583] [Ground]: 识别到QR码: 24
[INFO] [1774515650.675778175] [Ground]: 识别到QR码: 2
[INFO] [1774515650.678126217] [Ground]: 识别到QR码: 10
[INFO] [1774515650.885492093] [Ground]: MCU2 send back: Gdone*
[INFO] [1774515651.041874179] [Ground]: 识别到QR码: 23
[INFO] [1774515651.043348881] [Ground]: 识别到QR码: 24
[INFO] [1774515651.044987158] [Ground]: 识别到QR码: 10
[INFO] [1774515651.046270915] [Ground]: 识别到QR码: 19
[INFO] [1774515651.050359645] [Ground]: 识别到QR码: 2
[INFO] [1774515651.182346832] [Ground]: 识别到QR码: 24
[INFO] [1774515651.185720501] [Ground]: 识别到QR码: 10
[INFO] [1774515651.220600121] [Ground]: 识别到QR码: 24
[INFO] [1774515651.221975188] [Ground]: 识别到QR码: 2
[INFO] [1774515651.378299928] [Ground]: 识别到QR码: 24
[INFO] [1774515651.380911504] [Ground]: 识别到QR码: 2
[INFO] [1774515651.385306133] [Ground]: 识别到QR码: 23
[INFO] [1774515651.578870507] [Ground]: 识别到QR码: 19
[INFO] [1774515651.580454282] [Ground]: 识别到QR码: 2
[INFO] [1774515651.581748110] [Ground]: 识别到QR码: 24
[INFO] [1774515651.583327304] [Ground]: 识别到QR码: 23
[INFO] [1774515651.792256246] [Ground]: 识别到QR码: 10
[INFO] [1774515651.794883148] [Ground]: 识别到QR码: 24
[INFO] [1774515651.905906786] [Ground]: MCU2 send back: Gdone*
[INFO] [1774515652.024106358] [Ground]: 识别到QR码: 10
[INFO] [1774515652.065103587] [Ground]: 识别到QR码: 10
[INFO] [1774515652.066074867] [Ground]: 识别到QR码: 2
[INFO] [1774515652.069781317] [Ground]: 识别到QR码: 23
[INFO] [1774515652.226282991] [Ground]: 识别到QR码: 23
[INFO] [1774515652.228452753] [Ground]: 识别到QR码: 24
[INFO] [1774515652.229848822] [Ground]: 识别到QR码: 2
[INFO] [1774515652.261575847] [Ground]: 识别到QR码: 23
[INFO] [1774515652.263419067] [Ground]: 识别到QR码: 19
[INFO] [1774515652.383379118] [Ground]: 识别到QR码: 10
[INFO] [1774515652.417815582] [Ground]: 识别到QR码: 19
[INFO] [1774515652.419203756] [Ground]: 识别到QR码: 10
[INFO] [1774515652.422368188] [Ground]: 识别到QR码: 2
[INFO] [1774515652.425655839] [Ground]: 识别到QR码: 23
[INFO] [1774515652.427358911] [Ground]: 识别到QR码: 24
[INFO] [1774515652.578475075] [Ground]: G+14551-06105+11083 发送成功 → 飞行站已调用：G+14551-06105+11083服务
[INFO] [1774515652.587642196] [Ground]: 识别到QR码: 2
[INFO] [1774515652.591564466] [Ground]: 识别到QR码: 23
[INFO] [1774515652.594493951] [Ground]: 识别到QR码: 19
[INFO] [1774515652.606324337] [Ground]: MCU2 send back: +14551-06105+11083
[INFO] [1774515652.937621600] [Ground]: 识别到QR码: 10
[INFO] [1774515652.987789534] [Ground]: MCU2 send back: Gdoing*
[INFO] [1774515653.407953795] [Ground]: MCU2 send back: Gdone*
[INFO] [1774515653.526554489] [Ground]: G+13046-06204+11123 发送成功 → 飞行站已调用：G+13046-06204+11123服务
[INFO] [1774515653.550856339] [Ground]: MCU2 send back: +13046-06204+11123
[INFO] [1774515653.949799469] [Ground]: MCU2 send back: Gdone*
[INFO] [1774515653.952456255] [Ground]: MCU2 send back: Gdone*
[INFO] [1774515654.235823061] [Ground]: G+11730-06286+11296 发送成功 → 飞行站已调用：G+11730-06286+11296服务
[INFO] [1774515654.262055561] [Ground]: MCU2 send back: +11730-06286+11296
[INFO] [1774515654.649499876] [Ground]: MCU2 send back: Gdone*
[INFO] [1774515654.883223736] [Ground]: G+10397-06463+11379 发送成功 → 飞行站已调用：G+10397-06463+11379服务
[INFO] [1774515654.910034390] [Ground]: MCU2 send back: +10397-06463+11379
[INFO] [1774515655.064646194] [Ground]: 识别到QR码: 24
[INFO] [1774515655.290237459] [Ground]: MCU2 send back: Gdone*
[INFO] [1774515655.990309949] [Ground]: MCU2 send back: Gdone*
[INFO] [1774515657.014595573] [Ground]: MCU2 send back: Gdone*
[INFO] [1774515658.031569755] [Ground]: MCU2 send back: Gdone*
[INFO] [1774515658.828212439] [Ground]: land 发送成功 → 飞行站已调用：land服务
[INFO] [1774515658.850471171] [Ground]: MCU2 send back: Landok
