[INFO] [1775396011.588272115] [navNode]: paths: [
  {"x": 0.00, "y": 0.00, "z": 0.70, "label": "TakeOff", "qrcode": "", "label2": ""       , "qrcode2": "" },
  {"x":-0.25, "y": 0.75, "z": 0.80, "label": "A6"     , "qrcode": "", "label2": ""       , "qrcode2": "" },
  {"x":-0.25, "y": 0.75, "z": 1.20, "label": "A3"     , "qrcode": "", "label2": ""       , "qrcode2": "" },
  {"x":-0.25, "y": 1.25, "z": 1.20, "label": "A2"     , "qrcode": "", "label2": ""       , "qrcode2": "" },
  {"x":-0.25, "y": 1.25, "z": 0.80, "label": "A5"     , "qrcode": "", "label2": ""       , "qrcode2": "" },
  {"x":-0.25, "y": 1.75, "z": 0.80, "label": "A4"     , "qrcode": "", "label2": ""       , "qrcode2": "" },
  {"x":-0.25, "y": 1.75, "z": 1.20, "label": "A1"     , "qrcode": "", "label2": ""       , "qrcode2": "" },
  {"x":-0.25, "y": 2.00, "z": 0.70, "label": "UpSide1", "qrcode": "", "label2": ""       , "qrcode2": "" },
  {"x": 0.75, "y": 2.00, "z": 0.70, "label": "LandPos", "qrcode": "", "label2": ""       , "qrcode2": "" }
]

[INFO] [1775396011.599964859] [navNode]: 上位机导航节点启动成功
[INFO] [1775396013.668059107] [navNode]: 收到来自UI的请求：scan_all
[WARN] [1775396013.668837858] [navNode]: 任务开始执行scan_all
[INFO] [1775396013.769656721] [navNode]: 状态1：Takeoff--[TakeOff]
[ERROR] [1775396014.020633008] [navNode]: 发送 takeoff 失败: ROS2 服务 [ControlService] 未启动或超时
[INFO] [1775396014.021894548] [navNode]: 状态2：Takeoff_wait--[TakeOff]
[INFO] [1775396014.022263910] [navNode]: 未到目标点
目标位置:(0.0, 0.0, 0.7)-[TakeOff]-[MCU:False]-[POS:False]
当前位置:(0.0, 0.0, 0.0)
[INFO] [1775396014.069306263] [navNode]: 状态2：Takeoff_wait--[TakeOff]
[INFO] [1775396014.069759355] [navNode]: 未到目标点
目标位置:(0.0, 0.0, 0.7)-[TakeOff]-[MCU:False]-[POS:False]
当前位置:(0.0, 0.0, 0.0)
[INFO] [1775396014.169460824] [navNode]: 状态2：Takeoff_wait--[TakeOff]
[INFO] [1775396014.169813682] [navNode]: 未到目标点
目标位置:(0.0, 0.0, 0.7)-[TakeOff]-[MCU:False]-[POS:False]
当前位置:(0.0, 0.0, 0.0)
[INFO] [1775396014.269485938] [navNode]: 状态2：Takeoff_wait--[TakeOff]
[INFO] [1775396014.269833209] [navNode]: 未到目标点
目标位置:(0.0, 0.0, 0.7)-[TakeOff]-[MCU:False]-[POS:False]
当前位置:(0.0, 0.0, 0.0)
[INFO] [1775396014.369497641] [navNode]: 状态2：Takeoff_wait--[TakeOff]
[INFO] [1775396014.369907405] [navNode]: 未到目标点
目标位置:(0.0, 0.0, 0.7)-[TakeOff]-[MCU:False]-[POS:False]
当前位置:(0.0, 0.0, 0.0)
[INFO] [1775396014.471494211] [navNode]: 状态2：Takeoff_wait--[TakeOff]
[INFO] [1775396014.472513164] [navNode]: 未到目标点
目标位置:(0.0, 0.0, 0.7)-[TakeOff]-[MCU:False]-[POS:False]
当前位置:(0.0, 0.0, 0.0)
[INFO] [1775396014.569384643] [navNode]: 状态2：Takeoff_wait--[TakeOff]
[INFO] [1775396014.569759449] [navNode]: 未到目标点
目标位置:(0.0, 0.0, 0.7)-[TakeOff]-[MCU:False]-[POS:False]
当前位置:(0.0, 0.0, 0.0)
[INFO] [1775396014.669265949] [navNode]: 状态2：Takeoff_wait--[TakeOff]
[INFO] [1775396014.669649013] [navNode]: 未到目标点
目标位置:(0.0, 0.0, 0.7)-[TakeOff]-[MCU:False]-[POS:False]
当前位置:(0.0, 0.0, 0.0)
[INFO] [1775396014.769790102] [navNode]: 状态2：Takeoff_wait--[TakeOff]
[INFO] [1775396014.770326894] [navNode]: 未到目标点
目标位置:(0.0, 0.0, 0.7)-[TakeOff]-[MCU:False]-[POS:False]
当前位置:(0.0, 0.0, 0.0)
[INFO] [1775396014.869531207] [navNode]: 状态2：Takeoff_wait--[TakeOff]
[INFO] [1775396014.870086146] [navNode]: 未到目标点
目标位置:(0.0, 0.0, 0.7)-[TakeOff]-[MCU:False]-[POS:False]
当前位置:(0.0, 0.0, 0.0)
[INFO] [1775396014.969483240] [navNode]: 状态2：Takeoff_wait--[TakeOff]
[INFO] [1775396014.970003088] [navNode]: 未到目标点
目标位置:(0.0, 0.0, 0.7)-[TakeOff]-[MCU:False]-[POS:False]
当前位置:(0.0, 0.0, 0.0)
[INFO] [1775396015.069504113] [navNode]: 状态2：Takeoff_wait--[TakeOff]
[INFO] [1775396015.069988948] [navNode]: 未到目标点
目标位置:(0.0, 0.0, 0.7)-[TakeOff]-[MCU:False]-[POS:False]
当前位置:(0.0, 0.0, 0.0)
[INFO] [1775396015.169353627] [navNode]: 状态2：Takeoff_wait--[TakeOff]
[INFO] [1775396015.169771523] [navNode]: 未到目标点
目标位置:(0.0, 0.0, 0.7)-[TakeOff]-[MCU:False]-[POS:False]
当前位置:(0.0, 0.0, 0.0)
[INFO] [1775396015.269464295] [navNode]: 状态2：Takeoff_wait--[TakeOff]
[INFO] [1775396015.269860234] [navNode]: 未到目标点
目标位置:(0.0, 0.0, 0.7)-[TakeOff]-[MCU:False]-[POS:False]
当前位置:(0.0, 0.0, 0.0)
[INFO] [1775396015.369109533] [navNode]: 状态2：Takeoff_wait--[TakeOff]
[INFO] [1775396015.369567027] [navNode]: 未到目标点
目标位置:(0.0, 0.0, 0.7)-[TakeOff]-[MCU:False]-[POS:False]
当前位置:(0.0, 0.0, 0.0)
[INFO] [1775396015.469311941] [navNode]: 状态2：Takeoff_wait--[TakeOff]
[INFO] [1775396015.469744846] [navNode]: 未到目标点
目标位置:(0.0, 0.0, 0.7)-[TakeOff]-[MCU:False]-[POS:False]
当前位置:(0.0, 0.0, 0.0)
[INFO] [1775396015.569173233] [navNode]: 状态2：Takeoff_wait--[TakeOff]
[INFO] [1775396015.569601357] [navNode]: 未到目标点
目标位置:(0.0, 0.0, 0.7)-[TakeOff]-[MCU:False]-[POS:False]
当前位置:(0.0, 0.0, 0.0)
[INFO] [1775396015.669400983] [navNode]: 状态2：Takeoff_wait--[TakeOff]
[INFO] [1775396015.669820272] [navNode]: 未到目标点
目标位置:(0.0, 0.0, 0.7)-[TakeOff]-[MCU:False]-[POS:False]
当前位置:(0.0, 0.0, 0.0)
[INFO] [1775396015.769463954] [navNode]: 状态2：Takeoff_wait--[TakeOff]
[INFO] [1775396015.769905101] [navNode]: 未到目标点
目标位置:(0.0, 0.0, 0.7)-[TakeOff]-[MCU:False]-[POS:False]
当前位置:(0.0, 0.0, 0.0)
[INFO] [1775396015.869329902] [navNode]: 状态2：Takeoff_wait--[TakeOff]
[INFO] [1775396015.869905349] [navNode]: 未到目标点
目标位置:(0.0, 0.0, 0.7)-[TakeOff]-[MCU:False]-[POS:False]
当前位置:(0.0, 0.0, 0.0)
[INFO] [1775396015.969398364] [navNode]: 状态2：Takeoff_wait--[TakeOff]
[INFO] [1775396015.969846097] [navNode]: 未到目标点
目标位置:(0.0, 0.0, 0.7)-[TakeOff]-[MCU:False]-[POS:False]
当前位置:(0.0, 0.0, 0.0)
[INFO] [1775396016.069637210] [navNode]: 状态2：Takeoff_wait--[TakeOff]
[INFO] [1775396016.070089197] [navNode]: 未到目标点
目标位置:(0.0, 0.0, 0.7)-[TakeOff]-[MCU:False]-[POS:False]
当前位置:(0.0, 0.0, 0.0)
[INFO] [1775396016.169733865] [navNode]: 状态2：Takeoff_wait--[TakeOff]
[INFO] [1775396016.170149211] [navNode]: 未到目标点
目标位置:(0.0, 0.0, 0.7)-[TakeOff]-[MCU:False]-[POS:False]
当前位置:(0.0, 0.0, 0.0)
[INFO] [1775396016.269505041] [navNode]: 状态2：Takeoff_wait--[TakeOff]
[INFO] [1775396016.269955310] [navNode]: 未到目标点
目标位置:(0.0, 0.0, 0.7)-[TakeOff]-[MCU:False]-[POS:False]
当前位置:(0.0, 0.0, 0.0)
[INFO] [1775396016.369897839] [navNode]: 状态2：Takeoff_wait--[TakeOff]
[INFO] [1775396016.370410214] [navNode]: 未到目标点
目标位置:(0.0, 0.0, 0.7)-[TakeOff]-[MCU:False]-[POS:False]
当前位置:(0.0, 0.0, 0.0)
[INFO] [1775396016.469721615] [navNode]: 状态2：Takeoff_wait--[TakeOff]
[INFO] [1775396016.470222966] [navNode]: 未到目标点
目标位置:(0.0, 0.0, 0.7)-[TakeOff]-[MCU:False]-[POS:False]
当前位置:(0.0, 0.0, 0.0)
[INFO] [1775396016.487818365] [navNode]: 收到来自UI的请求：shutdown-navNode
[WARN] [1775396016.488464437] [navNode]: navNodeshutdown-navNode
