[INFO] [1775399595.252592934] [navNode]: paths: [
  {"x": 0.00, "y": 0.00, "z": 0.70, "label": "TakeOff", "qrcode": "", "label2": ""       , "qrcode2": "" },
  {"x":-0.25, "y": 0.75, "z": 0.80, "label": "A6"     , "qrcode": "", "label2": ""       , "qrcode2": "" },
  {"x":-0.25, "y": 0.75, "z": 1.20, "label": "A3"     , "qrcode": "", "label2": ""       , "qrcode2": "" },
  {"x":-0.25, "y": 1.25, "z": 1.20, "label": "A2"     , "qrcode": "", "label2": ""       , "qrcode2": "" },
  {"x":-0.25, "y": 1.25, "z": 0.80, "label": "A5"     , "qrcode": "", "label2": ""       , "qrcode2": "" },
  {"x":-0.25, "y": 1.75, "z": 0.80, "label": "A4"     , "qrcode": "", "label2": ""       , "qrcode2": "" },
  {"x":-0.25, "y": 1.75, "z": 1.20, "label": "A1"     , "qrcode": "", "label2": ""       , "qrcode2": "" },
  {"x":-0.25, "y": 2.00, "z": 0.70, "label": "UpSide1", "qrcode": "", "label2": ""       , "qrcode2": "" },
  {"x": 0.00, "y": 2.00, "z": 0.70, "label": "LandPos", "qrcode": "", "label2": ""       , "qrcode2": "" }
]

[INFO] [1775399595.267709699] [navNode]: 上位机导航节点启动成功
[INFO] [1775399600.623134747] [navNode]: 收到来自UI的请求：scan_all
[WARN] [1775399600.623791621] [navNode]: 任务开始执行scan_all
[INFO] [1775399600.724295034] [navNode]: 状态1：Takeoff--[TakeOff]
[ERROR] [1775399600.975338749] [navNode]: 发送 takeoff 失败: ROS2 服务 [ControlService] 未启动或超时
[INFO] [1775399600.976606773] [navNode]: 状态2：Takeoff_wait--[TakeOff]
[INFO] [1775399600.977002080] [navNode]: 未到目标点
目标位置：(0.00, 0.00, 0.70)-[TakeOff][]
当前位置：(0.00, 0.00, 0.00)-到达?:[MCU:False]-[POS:False]
[INFO] [1775399601.025082330] [navNode]: 状态2：Takeoff_wait--[TakeOff]
[INFO] [1775399601.025531206] [navNode]: 未到目标点
目标位置：(0.00, 0.00, 0.70)-[TakeOff][]
当前位置：(0.00, 0.00, 0.00)-到达?:[MCU:False]-[POS:False]
[INFO] [1775399601.124554672] [navNode]: 状态2：Takeoff_wait--[TakeOff]
[INFO] [1775399601.125526927] [navNode]: 未到目标点
目标位置：(0.00, 0.00, 0.70)-[TakeOff][]
当前位置：(0.00, 0.00, 0.00)-到达?:[MCU:False]-[POS:False]
[INFO] [1775399601.224734956] [navNode]: 状态2：Takeoff_wait--[TakeOff]
[INFO] [1775399601.225118169] [navNode]: 未到目标点
目标位置：(0.00, 0.00, 0.70)-[TakeOff][]
当前位置：(0.00, 0.00, 0.00)-到达?:[MCU:False]-[POS:False]
[INFO] [1775399601.326607435] [navNode]: 状态2：Takeoff_wait--[TakeOff]
[INFO] [1775399601.328716750] [navNode]: 未到目标点
目标位置：(0.00, 0.00, 0.70)-[TakeOff][]
当前位置：(0.00, 0.00, 0.00)-到达?:[MCU:False]-[POS:False]
[INFO] [1775399601.424719759] [navNode]: 状态2：Takeoff_wait--[TakeOff]
[INFO] [1775399601.425086456] [navNode]: 未到目标点
目标位置：(0.00, 0.00, 0.70)-[TakeOff][]
当前位置：(0.00, 0.00, 0.00)-到达?:[MCU:False]-[POS:False]
[INFO] [1775399601.524609792] [navNode]: 状态2：Takeoff_wait--[TakeOff]
[INFO] [1775399601.525018741] [navNode]: 未到目标点
目标位置：(0.00, 0.00, 0.70)-[TakeOff][]
当前位置：(0.00, 0.00, 0.00)-到达?:[MCU:False]-[POS:False]
[INFO] [1775399601.624668317] [navNode]: 状态2：Takeoff_wait--[TakeOff]
[INFO] [1775399601.625054750] [navNode]: 未到目标点
目标位置：(0.00, 0.00, 0.70)-[TakeOff][]
当前位置：(0.00, 0.00, 0.00)-到达?:[MCU:False]-[POS:False]
[INFO] [1775399601.724562656] [navNode]: 状态2：Takeoff_wait--[TakeOff]
[INFO] [1775399601.725013255] [navNode]: 未到目标点
目标位置：(0.00, 0.00, 0.70)-[TakeOff][]
当前位置：(0.00, 0.00, 0.00)-到达?:[MCU:False]-[POS:False]
[INFO] [1775399601.824750496] [navNode]: 状态2：Takeoff_wait--[TakeOff]
[INFO] [1775399601.825131505] [navNode]: 未到目标点
目标位置：(0.00, 0.00, 0.70)-[TakeOff][]
当前位置：(0.00, 0.00, 0.00)-到达?:[MCU:False]-[POS:False]
[INFO] [1775399601.925251588] [navNode]: 状态2：Takeoff_wait--[TakeOff]
[INFO] [1775399601.925667014] [navNode]: 未到目标点
目标位置：(0.00, 0.00, 0.70)-[TakeOff][]
当前位置：(0.00, 0.00, 0.00)-到达?:[MCU:False]-[POS:False]
[INFO] [1775399602.024607328] [navNode]: 状态2：Takeoff_wait--[TakeOff]
[INFO] [1775399602.024994637] [navNode]: 未到目标点
目标位置：(0.00, 0.00, 0.70)-[TakeOff][]
当前位置：(0.00, 0.00, 0.00)-到达?:[MCU:False]-[POS:False]
[INFO] [1775399602.124442376] [navNode]: 状态2：Takeoff_wait--[TakeOff]
[INFO] [1775399602.124820367] [navNode]: 未到目标点
目标位置：(0.00, 0.00, 0.70)-[TakeOff][]
当前位置：(0.00, 0.00, 0.00)-到达?:[MCU:False]-[POS:False]
[INFO] [1775399602.226349308] [navNode]: 状态2：Takeoff_wait--[TakeOff]
[INFO] [1775399602.226850409] [navNode]: 未到目标点
目标位置：(0.00, 0.00, 0.70)-[TakeOff][]
当前位置：(0.00, 0.00, 0.00)-到达?:[MCU:False]-[POS:False]
[INFO] [1775399602.324521040] [navNode]: 状态2：Takeoff_wait--[TakeOff]
[INFO] [1775399602.324879165] [navNode]: 未到目标点
目标位置：(0.00, 0.00, 0.70)-[TakeOff][]
当前位置：(0.00, 0.00, 0.00)-到达?:[MCU:False]-[POS:False]
[INFO] [1775399602.424479265] [navNode]: 状态2：Takeoff_wait--[TakeOff]
[INFO] [1775399602.424867878] [navNode]: 未到目标点
目标位置：(0.00, 0.00, 0.70)-[TakeOff][]
当前位置：(0.00, 0.00, 0.00)-到达?:[MCU:False]-[POS:False]
[INFO] [1775399602.524642882] [navNode]: 状态2：Takeoff_wait--[TakeOff]
[INFO] [1775399602.525049036] [navNode]: 未到目标点
目标位置：(0.00, 0.00, 0.70)-[TakeOff][]
当前位置：(0.00, 0.00, 0.00)-到达?:[MCU:False]-[POS:False]
[INFO] [1775399602.624365692] [navNode]: 状态2：Takeoff_wait--[TakeOff]
[INFO] [1775399602.624730561] [navNode]: 未到目标点
目标位置：(0.00, 0.00, 0.70)-[TakeOff][]
当前位置：(0.00, 0.00, 0.00)-到达?:[MCU:False]-[POS:False]
[INFO] [1775399602.724735439] [navNode]: 状态2：Takeoff_wait--[TakeOff]
[INFO] [1775399602.725103307] [navNode]: 未到目标点
目标位置：(0.00, 0.00, 0.70)-[TakeOff][]
当前位置：(0.00, 0.00, 0.00)-到达?:[MCU:False]-[POS:False]
[INFO] [1775399602.825005057] [navNode]: 状态2：Takeoff_wait--[TakeOff]
[INFO] [1775399602.825385216] [navNode]: 未到目标点
目标位置：(0.00, 0.00, 0.70)-[TakeOff][]
当前位置：(0.00, 0.00, 0.00)-到达?:[MCU:False]-[POS:False]
[INFO] [1775399602.924501825] [navNode]: 状态2：Takeoff_wait--[TakeOff]
[INFO] [1775399602.924875976] [navNode]: 未到目标点
目标位置：(0.00, 0.00, 0.70)-[TakeOff][]
当前位置：(0.00, 0.00, 0.00)-到达?:[MCU:False]-[POS:False]
[INFO] [1775399603.024778666] [navNode]: 状态2：Takeoff_wait--[TakeOff]
[INFO] [1775399603.025155135] [navNode]: 未到目标点
目标位置：(0.00, 0.00, 0.70)-[TakeOff][]
当前位置：(0.00, 0.00, 0.00)-到达?:[MCU:False]-[POS:False]
[INFO] [1775399603.124511144] [navNode]: 状态2：Takeoff_wait--[TakeOff]
[INFO] [1775399603.124912565] [navNode]: 未到目标点
目标位置：(0.00, 0.00, 0.70)-[TakeOff][]
当前位置：(0.00, 0.00, 0.00)-到达?:[MCU:False]-[POS:False]
[INFO] [1775399603.224667077] [navNode]: 状态2：Takeoff_wait--[TakeOff]
[INFO] [1775399603.225062937] [navNode]: 未到目标点
目标位置：(0.00, 0.00, 0.70)-[TakeOff][]
当前位置：(0.00, 0.00, 0.00)-到达?:[MCU:False]-[POS:False]
[INFO] [1775399603.324662030] [navNode]: 状态2：Takeoff_wait--[TakeOff]
[INFO] [1775399603.325015765] [navNode]: 未到目标点
目标位置：(0.00, 0.00, 0.70)-[TakeOff][]
当前位置：(0.00, 0.00, 0.00)-到达?:[MCU:False]-[POS:False]
[INFO] [1775399603.424526374] [navNode]: 状态2：Takeoff_wait--[TakeOff]
[INFO] [1775399603.424893896] [navNode]: 未到目标点
目标位置：(0.00, 0.00, 0.70)-[TakeOff][]
当前位置：(0.00, 0.00, 0.00)-到达?:[MCU:False]-[POS:False]
[INFO] [1775399603.524496401] [navNode]: 状态2：Takeoff_wait--[TakeOff]
[INFO] [1775399603.524872779] [navNode]: 未到目标点
目标位置：(0.00, 0.00, 0.70)-[TakeOff][]
当前位置：(0.00, 0.00, 0.00)-到达?:[MCU:False]-[POS:False]
[INFO] [1775399603.624350808] [navNode]: 状态2：Takeoff_wait--[TakeOff]
[INFO] [1775399603.624796688] [navNode]: 未到目标点
目标位置：(0.00, 0.00, 0.70)-[TakeOff][]
当前位置：(0.00, 0.00, 0.00)-到达?:[MCU:False]-[POS:False]
[INFO] [1775399603.724615389] [navNode]: 状态2：Takeoff_wait--[TakeOff]
[INFO] [1775399603.724988276] [navNode]: 未到目标点
目标位置：(0.00, 0.00, 0.70)-[TakeOff][]
当前位置：(0.00, 0.00, 0.00)-到达?:[MCU:False]-[POS:False]
[INFO] [1775399603.824582979] [navNode]: 状态2：Takeoff_wait--[TakeOff]
[INFO] [1775399603.824944633] [navNode]: 未到目标点
目标位置：(0.00, 0.00, 0.70)-[TakeOff][]
当前位置：(0.00, 0.00, 0.00)-到达?:[MCU:False]-[POS:False]
[INFO] [1775399603.924669129] [navNode]: 状态2：Takeoff_wait--[TakeOff]
[INFO] [1775399603.925062317] [navNode]: 未到目标点
目标位置：(0.00, 0.00, 0.70)-[TakeOff][]
当前位置：(0.00, 0.00, 0.00)-到达?:[MCU:False]-[POS:False]
[INFO] [1775399604.024727065] [navNode]: 状态2：Takeoff_wait--[TakeOff]
[INFO] [1775399604.025075887] [navNode]: 未到目标点
目标位置：(0.00, 0.00, 0.70)-[TakeOff][]
当前位置：(0.00, 0.00, 0.00)-到达?:[MCU:False]-[POS:False]
[INFO] [1775399604.124561008] [navNode]: 状态2：Takeoff_wait--[TakeOff]
[INFO] [1775399604.124944608] [navNode]: 未到目标点
目标位置：(0.00, 0.00, 0.70)-[TakeOff][]
当前位置：(0.00, 0.00, 0.00)-到达?:[MCU:False]-[POS:False]
[INFO] [1775399604.224603175] [navNode]: 状态2：Takeoff_wait--[TakeOff]
[INFO] [1775399604.224987662] [navNode]: 未到目标点
目标位置：(0.00, 0.00, 0.70)-[TakeOff][]
当前位置：(0.00, 0.00, 0.00)-到达?:[MCU:False]-[POS:False]
[INFO] [1775399604.324620937] [navNode]: 状态2：Takeoff_wait--[TakeOff]
[INFO] [1775399604.324987433] [navNode]: 未到目标点
目标位置：(0.00, 0.00, 0.70)-[TakeOff][]
当前位置：(0.00, 0.00, 0.00)-到达?:[MCU:False]-[POS:False]
[INFO] [1775399604.424751874] [navNode]: 状态2：Takeoff_wait--[TakeOff]
[INFO] [1775399604.425121927] [navNode]: 未到目标点
目标位置：(0.00, 0.00, 0.70)-[TakeOff][]
当前位置：(0.00, 0.00, 0.00)-到达?:[MCU:False]-[POS:False]
[INFO] [1775399604.525837196] [navNode]: 状态2：Takeoff_wait--[TakeOff]
[INFO] [1775399604.526322521] [navNode]: 未到目标点
目标位置：(0.00, 0.00, 0.70)-[TakeOff][]
当前位置：(0.00, 0.00, 0.00)-到达?:[MCU:False]-[POS:False]
[INFO] [1775399604.625024352] [navNode]: 状态2：Takeoff_wait--[TakeOff]
[INFO] [1775399604.625393517] [navNode]: 未到目标点
目标位置：(0.00, 0.00, 0.70)-[TakeOff][]
当前位置：(0.00, 0.00, 0.00)-到达?:[MCU:False]-[POS:False]
[INFO] [1775399604.724679016] [navNode]: 状态2：Takeoff_wait--[TakeOff]
[INFO] [1775399604.725047946] [navNode]: 未到目标点
目标位置：(0.00, 0.00, 0.70)-[TakeOff][]
当前位置：(0.00, 0.00, 0.00)-到达?:[MCU:False]-[POS:False]
[INFO] [1775399604.827461986] [navNode]: 状态2：Takeoff_wait--[TakeOff]
[INFO] [1775399604.828586632] [navNode]: 未到目标点
目标位置：(0.00, 0.00, 0.70)-[TakeOff][]
当前位置：(0.00, 0.00, 0.00)-到达?:[MCU:False]-[POS:False]
[INFO] [1775399604.924546454] [navNode]: 状态2：Takeoff_wait--[TakeOff]
[INFO] [1775399604.924901741] [navNode]: 未到目标点
目标位置：(0.00, 0.00, 0.70)-[TakeOff][]
当前位置：(0.00, 0.00, 0.00)-到达?:[MCU:False]-[POS:False]
[INFO] [1775399605.025220995] [navNode]: 状态2：Takeoff_wait--[TakeOff]
[INFO] [1775399605.025637696] [navNode]: 未到目标点
目标位置：(0.00, 0.00, 0.70)-[TakeOff][]
当前位置：(0.00, 0.00, 0.00)-到达?:[MCU:False]-[POS:False]
[INFO] [1775399605.124519865] [navNode]: 状态2：Takeoff_wait--[TakeOff]
[INFO] [1775399605.124875815] [navNode]: 未到目标点
目标位置：(0.00, 0.00, 0.70)-[TakeOff][]
当前位置：(0.00, 0.00, 0.00)-到达?:[MCU:False]-[POS:False]
[INFO] [1775399605.224917539] [navNode]: 状态2：Takeoff_wait--[TakeOff]
[INFO] [1775399605.225313718] [navNode]: 未到目标点
目标位置：(0.00, 0.00, 0.70)-[TakeOff][]
当前位置：(0.00, 0.00, 0.00)-到达?:[MCU:False]-[POS:False]
[INFO] [1775399605.324583121] [navNode]: 状态2：Takeoff_wait--[TakeOff]
[INFO] [1775399605.324971753] [navNode]: 未到目标点
目标位置：(0.00, 0.00, 0.70)-[TakeOff][]
当前位置：(0.00, 0.00, 0.00)-到达?:[MCU:False]-[POS:False]
[INFO] [1775399605.425086336] [navNode]: 状态2：Takeoff_wait--[TakeOff]
[INFO] [1775399605.425446434] [navNode]: 未到目标点
目标位置：(0.00, 0.00, 0.70)-[TakeOff][]
当前位置：(0.00, 0.00, 0.00)-到达?:[MCU:False]-[POS:False]
[INFO] [1775399605.524605018] [navNode]: 状态2：Takeoff_wait--[TakeOff]
[INFO] [1775399605.524963689] [navNode]: 未到目标点
目标位置：(0.00, 0.00, 0.70)-[TakeOff][]
当前位置：(0.00, 0.00, 0.00)-到达?:[MCU:False]-[POS:False]
[INFO] [1775399605.624508703] [navNode]: 状态2：Takeoff_wait--[TakeOff]
[INFO] [1775399605.624883979] [navNode]: 未到目标点
目标位置：(0.00, 0.00, 0.70)-[TakeOff][]
当前位置：(0.00, 0.00, 0.00)-到达?:[MCU:False]-[POS:False]
[INFO] [1775399605.726116905] [navNode]: 状态2：Takeoff_wait--[TakeOff]
[INFO] [1775399605.726555095] [navNode]: 未到目标点
目标位置：(0.00, 0.00, 0.70)-[TakeOff][]
当前位置：(0.00, 0.00, 0.00)-到达?:[MCU:False]-[POS:False]
[INFO] [1775399605.824657963] [navNode]: 状态2：Takeoff_wait--[TakeOff]
[INFO] [1775399605.825063074] [navNode]: 未到目标点
目标位置：(0.00, 0.00, 0.70)-[TakeOff][]
当前位置：(0.00, 0.00, 0.00)-到达?:[MCU:False]-[POS:False]
[INFO] [1775399605.924745751] [navNode]: 状态2：Takeoff_wait--[TakeOff]
[INFO] [1775399605.925113524] [navNode]: 未到目标点
目标位置：(0.00, 0.00, 0.70)-[TakeOff][]
当前位置：(0.00, 0.00, 0.00)-到达?:[MCU:False]-[POS:False]
[INFO] [1775399606.024757645] [navNode]: 状态2：Takeoff_wait--[TakeOff]
[INFO] [1775399606.025195589] [navNode]: 未到目标点
目标位置：(0.00, 0.00, 0.70)-[TakeOff][]
当前位置：(0.00, 0.00, 0.00)-到达?:[MCU:False]-[POS:False]
[INFO] [1775399606.124858618] [navNode]: 状态2：Takeoff_wait--[TakeOff]
[INFO] [1775399606.125241120] [navNode]: 未到目标点
目标位置：(0.00, 0.00, 0.70)-[TakeOff][]
当前位置：(0.00, 0.00, 0.00)-到达?:[MCU:False]-[POS:False]
[INFO] [1775399606.224579588] [navNode]: 状态2：Takeoff_wait--[TakeOff]
[INFO] [1775399606.224942248] [navNode]: 未到目标点
目标位置：(0.00, 0.00, 0.70)-[TakeOff][]
当前位置：(0.00, 0.00, 0.00)-到达?:[MCU:False]-[POS:False]
[INFO] [1775399606.324759373] [navNode]: 状态2：Takeoff_wait--[TakeOff]
[INFO] [1775399606.325167842] [navNode]: 未到目标点
目标位置：(0.00, 0.00, 0.70)-[TakeOff][]
当前位置：(0.00, 0.00, 0.00)-到达?:[MCU:False]-[POS:False]
[INFO] [1775399606.426260464] [navNode]: 状态2：Takeoff_wait--[TakeOff]
[INFO] [1775399606.426636522] [navNode]: 未到目标点
目标位置：(0.00, 0.00, 0.70)-[TakeOff][]
当前位置：(0.00, 0.00, 0.00)-到达?:[MCU:False]-[POS:False]
[INFO] [1775399606.524592226] [navNode]: 状态2：Takeoff_wait--[TakeOff]
[INFO] [1775399606.524970434] [navNode]: 未到目标点
目标位置：(0.00, 0.00, 0.70)-[TakeOff][]
当前位置：(0.00, 0.00, 0.00)-到达?:[MCU:False]-[POS:False]
[INFO] [1775399606.625612569] [navNode]: 状态2：Takeoff_wait--[TakeOff]
[INFO] [1775399606.625982105] [navNode]: 未到目标点
目标位置：(0.00, 0.00, 0.70)-[TakeOff][]
当前位置：(0.00, 0.00, 0.00)-到达?:[MCU:False]-[POS:False]
[INFO] [1775399606.724538033] [navNode]: 状态2：Takeoff_wait--[TakeOff]
[INFO] [1775399606.724911068] [navNode]: 未到目标点
目标位置：(0.00, 0.00, 0.70)-[TakeOff][]
当前位置：(0.00, 0.00, 0.00)-到达?:[MCU:False]-[POS:False]
[INFO] [1775399606.824817218] [navNode]: 状态2：Takeoff_wait--[TakeOff]
[INFO] [1775399606.825210256] [navNode]: 未到目标点
目标位置：(0.00, 0.00, 0.70)-[TakeOff][]
当前位置：(0.00, 0.00, 0.00)-到达?:[MCU:False]-[POS:False]
[INFO] [1775399606.924770778] [navNode]: 状态2：Takeoff_wait--[TakeOff]
[INFO] [1775399606.925137795] [navNode]: 未到目标点
目标位置：(0.00, 0.00, 0.70)-[TakeOff][]
当前位置：(0.00, 0.00, 0.00)-到达?:[MCU:False]-[POS:False]
[INFO] [1775399607.024664812] [navNode]: 状态2：Takeoff_wait--[TakeOff]
[INFO] [1775399607.025157255] [navNode]: 未到目标点
目标位置：(0.00, 0.00, 0.70)-[TakeOff][]
当前位置：(0.00, 0.00, 0.00)-到达?:[MCU:False]-[POS:False]
[INFO] [1775399607.124486501] [navNode]: 状态2：Takeoff_wait--[TakeOff]
[INFO] [1775399607.124864123] [navNode]: 未到目标点
目标位置：(0.00, 0.00, 0.70)-[TakeOff][]
当前位置：(0.00, 0.00, 0.00)-到达?:[MCU:False]-[POS:False]
[INFO] [1775399607.224688026] [navNode]: 状态2：Takeoff_wait--[TakeOff]
[INFO] [1775399607.225148064] [navNode]: 未到目标点
目标位置：(0.00, 0.00, 0.70)-[TakeOff][]
当前位置：(0.00, 0.00, 0.00)-到达?:[MCU:False]-[POS:False]
[INFO] [1775399607.326898323] [navNode]: 状态2：Takeoff_wait--[TakeOff]
[INFO] [1775399607.327643387] [navNode]: 未到目标点
目标位置：(0.00, 0.00, 0.70)-[TakeOff][]
当前位置：(0.00, 0.00, 0.00)-到达?:[MCU:False]-[POS:False]
[INFO] [1775399607.424600476] [navNode]: 状态2：Takeoff_wait--[TakeOff]
[INFO] [1775399607.424980244] [navNode]: 未到目标点
目标位置：(0.00, 0.00, 0.70)-[TakeOff][]
当前位置：(0.00, 0.00, 0.00)-到达?:[MCU:False]-[POS:False]
[INFO] [1775399607.524614338] [navNode]: 状态2：Takeoff_wait--[TakeOff]
[INFO] [1775399607.524997239] [navNode]: 未到目标点
目标位置：(0.00, 0.00, 0.70)-[TakeOff][]
当前位置：(0.00, 0.00, 0.00)-到达?:[MCU:False]-[POS:False]
[INFO] [1775399607.626144832] [navNode]: 状态2：Takeoff_wait--[TakeOff]
[INFO] [1775399607.627039351] [navNode]: 未到目标点
目标位置：(0.00, 0.00, 0.70)-[TakeOff][]
当前位置：(0.00, 0.00, 0.00)-到达?:[MCU:False]-[POS:False]
[INFO] [1775399607.724243770] [navNode]: 状态2：Takeoff_wait--[TakeOff]
[INFO] [1775399607.724638987] [navNode]: 未到目标点
目标位置：(0.00, 0.00, 0.70)-[TakeOff][]
当前位置：(0.00, 0.00, 0.00)-到达?:[MCU:False]-[POS:False]
[INFO] [1775399607.824668437] [navNode]: 状态2：Takeoff_wait--[TakeOff]
[INFO] [1775399607.825077991] [navNode]: 未到目标点
目标位置：(0.00, 0.00, 0.70)-[TakeOff][]
当前位置：(0.00, 0.00, 0.00)-到达?:[MCU:False]-[POS:False]
[INFO] [1775399607.924358436] [navNode]: 状态2：Takeoff_wait--[TakeOff]
[INFO] [1775399607.924748439] [navNode]: 未到目标点
目标位置：(0.00, 0.00, 0.70)-[TakeOff][]
当前位置：(0.00, 0.00, 0.00)-到达?:[MCU:False]-[POS:False]
[INFO] [1775399608.024818842] [navNode]: 状态2：Takeoff_wait--[TakeOff]
[INFO] [1775399608.025316597] [navNode]: 未到目标点
目标位置：(0.00, 0.00, 0.70)-[TakeOff][]
当前位置：(0.00, 0.00, 0.00)-到达?:[MCU:False]-[POS:False]
[INFO] [1775399608.124488315] [navNode]: 状态2：Takeoff_wait--[TakeOff]
[INFO] [1775399608.124916653] [navNode]: 未到目标点
目标位置：(0.00, 0.00, 0.70)-[TakeOff][]
当前位置：(0.00, 0.00, 0.00)-到达?:[MCU:False]-[POS:False]
[INFO] [1775399608.224490018] [navNode]: 状态2：Takeoff_wait--[TakeOff]
[INFO] [1775399608.224951691] [navNode]: 未到目标点
目标位置：(0.00, 0.00, 0.70)-[TakeOff][]
当前位置：(0.00, 0.00, 0.00)-到达?:[MCU:False]-[POS:False]
[INFO] [1775399608.324443787] [navNode]: 状态2：Takeoff_wait--[TakeOff]
[INFO] [1775399608.324890394] [navNode]: 未到目标点
目标位置：(0.00, 0.00, 0.70)-[TakeOff][]
当前位置：(0.00, 0.00, 0.00)-到达?:[MCU:False]-[POS:False]
[INFO] [1775399608.424441106] [navNode]: 状态2：Takeoff_wait--[TakeOff]
[INFO] [1775399608.424984154] [navNode]: 未到目标点
目标位置：(0.00, 0.00, 0.70)-[TakeOff][]
当前位置：(0.00, 0.00, 0.00)-到达?:[MCU:False]-[POS:False]
[INFO] [1775399608.524575722] [navNode]: 状态2：Takeoff_wait--[TakeOff]
[INFO] [1775399608.525021056] [navNode]: 未到目标点
目标位置：(0.00, 0.00, 0.70)-[TakeOff][]
当前位置：(0.00, 0.00, 0.00)-到达?:[MCU:False]-[POS:False]
[INFO] [1775399608.624592013] [navNode]: 状态2：Takeoff_wait--[TakeOff]
[INFO] [1775399608.625054490] [navNode]: 未到目标点
目标位置：(0.00, 0.00, 0.70)-[TakeOff][]
当前位置：(0.00, 0.00, 0.00)-到达?:[MCU:False]-[POS:False]
[INFO] [1775399608.724835425] [navNode]: 状态2：Takeoff_wait--[TakeOff]
[INFO] [1775399608.725378470] [navNode]: 未到目标点
目标位置：(0.00, 0.00, 0.70)-[TakeOff][]
当前位置：(0.00, 0.00, 0.00)-到达?:[MCU:False]-[POS:False]
[INFO] [1775399608.824990074] [navNode]: 状态2：Takeoff_wait--[TakeOff]
[INFO] [1775399608.825589485] [navNode]: 未到目标点
目标位置：(0.00, 0.00, 0.70)-[TakeOff][]
当前位置：(0.00, 0.00, 0.00)-到达?:[MCU:False]-[POS:False]
[INFO] [1775399608.925042499] [navNode]: 状态2：Takeoff_wait--[TakeOff]
[INFO] [1775399608.925618008] [navNode]: 未到目标点
目标位置：(0.00, 0.00, 0.70)-[TakeOff][]
当前位置：(0.00, 0.00, 0.00)-到达?:[MCU:False]-[POS:False]
[INFO] [1775399609.024876884] [navNode]: 状态2：Takeoff_wait--[TakeOff]
[INFO] [1775399609.025386138] [navNode]: 未到目标点
目标位置：(0.00, 0.00, 0.70)-[TakeOff][]
当前位置：(0.00, 0.00, 0.00)-到达?:[MCU:False]-[POS:False]
[INFO] [1775399609.125415901] [navNode]: 状态2：Takeoff_wait--[TakeOff]
[INFO] [1775399609.125991800] [navNode]: 未到目标点
目标位置：(0.00, 0.00, 0.70)-[TakeOff][]
当前位置：(0.00, 0.00, 0.00)-到达?:[MCU:False]-[POS:False]
[INFO] [1775399609.224612803] [navNode]: 状态2：Takeoff_wait--[TakeOff]
[INFO] [1775399609.225110499] [navNode]: 未到目标点
目标位置：(0.00, 0.00, 0.70)-[TakeOff][]
当前位置：(0.00, 0.00, 0.00)-到达?:[MCU:False]-[POS:False]
[INFO] [1775399609.324731752] [navNode]: 状态2：Takeoff_wait--[TakeOff]
[INFO] [1775399609.325253985] [navNode]: 未到目标点
目标位置：(0.00, 0.00, 0.70)-[TakeOff][]
当前位置：(0.00, 0.00, 0.00)-到达?:[MCU:False]-[POS:False]
[INFO] [1775399609.424604540] [navNode]: 状态2：Takeoff_wait--[TakeOff]
[INFO] [1775399609.425029280] [navNode]: 未到目标点
目标位置：(0.00, 0.00, 0.70)-[TakeOff][]
当前位置：(0.00, 0.00, 0.00)-到达?:[MCU:False]-[POS:False]
[INFO] [1775399609.524746976] [navNode]: 状态2：Takeoff_wait--[TakeOff]
[INFO] [1775399609.525264223] [navNode]: 未到目标点
目标位置：(0.00, 0.00, 0.70)-[TakeOff][]
当前位置：(0.00, 0.00, 0.00)-到达?:[MCU:False]-[POS:False]
[INFO] [1775399609.624629375] [navNode]: 状态2：Takeoff_wait--[TakeOff]
[INFO] [1775399609.625060622] [navNode]: 未到目标点
目标位置：(0.00, 0.00, 0.70)-[TakeOff][]
当前位置：(0.00, 0.00, 0.00)-到达?:[MCU:False]-[POS:False]
[INFO] [1775399609.724457020] [navNode]: 状态2：Takeoff_wait--[TakeOff]
[INFO] [1775399609.724907506] [navNode]: 未到目标点
目标位置：(0.00, 0.00, 0.70)-[TakeOff][]
当前位置：(0.00, 0.00, 0.00)-到达?:[MCU:False]-[POS:False]
[INFO] [1775399609.824973698] [navNode]: 状态2：Takeoff_wait--[TakeOff]
[INFO] [1775399609.825398840] [navNode]: 未到目标点
目标位置：(0.00, 0.00, 0.70)-[TakeOff][]
当前位置：(0.00, 0.00, 0.00)-到达?:[MCU:False]-[POS:False]
[INFO] [1775399609.924712834] [navNode]: 状态2：Takeoff_wait--[TakeOff]
[INFO] [1775399609.925231630] [navNode]: 未到目标点
目标位置：(0.00, 0.00, 0.70)-[TakeOff][]
当前位置：(0.00, 0.00, 0.00)-到达?:[MCU:False]-[POS:False]
[INFO] [1775399610.024733781] [navNode]: 状态2：Takeoff_wait--[TakeOff]
[INFO] [1775399610.025165486] [navNode]: 未到目标点
目标位置：(0.00, 0.00, 0.70)-[TakeOff][]
当前位置：(0.00, 0.00, 0.00)-到达?:[MCU:False]-[POS:False]
[INFO] [1775399610.124593838] [navNode]: 状态2：Takeoff_wait--[TakeOff]
[INFO] [1775399610.125028169] [navNode]: 未到目标点
目标位置：(0.00, 0.00, 0.70)-[TakeOff][]
当前位置：(0.00, 0.00, 0.00)-到达?:[MCU:False]-[POS:False]
[INFO] [1775399610.224785004] [navNode]: 状态2：Takeoff_wait--[TakeOff]
[INFO] [1775399610.225161493] [navNode]: 未到目标点
目标位置：(0.00, 0.00, 0.70)-[TakeOff][]
当前位置：(0.00, 0.00, 0.00)-到达?:[MCU:False]-[POS:False]
[INFO] [1775399610.324632462] [navNode]: 状态2：Takeoff_wait--[TakeOff]
[INFO] [1775399610.325097787] [navNode]: 未到目标点
目标位置：(0.00, 0.00, 0.70)-[TakeOff][]
当前位置：(0.00, 0.00, 0.00)-到达?:[MCU:False]-[POS:False]
[INFO] [1775399610.424499492] [navNode]: 状态2：Takeoff_wait--[TakeOff]
[INFO] [1775399610.424918183] [navNode]: 未到目标点
目标位置：(0.00, 0.00, 0.70)-[TakeOff][]
当前位置：(0.00, 0.00, 0.00)-到达?:[MCU:False]-[POS:False]
[INFO] [1775399610.524640228] [navNode]: 状态2：Takeoff_wait--[TakeOff]
[INFO] [1775399610.525204483] [navNode]: 未到目标点
目标位置：(0.00, 0.00, 0.70)-[TakeOff][]
当前位置：(0.00, 0.00, 0.00)-到达?:[MCU:False]-[POS:False]
[INFO] [1775399610.624573118] [navNode]: 状态2：Takeoff_wait--[TakeOff]
[INFO] [1775399610.625038171] [navNode]: 未到目标点
目标位置：(0.00, 0.00, 0.70)-[TakeOff][]
当前位置：(0.00, 0.00, 0.00)-到达?:[MCU:False]-[POS:False]
[INFO] [1775399610.724327003] [navNode]: 状态2：Takeoff_wait--[TakeOff]
[INFO] [1775399610.724771532] [navNode]: 未到目标点
目标位置：(0.00, 0.00, 0.70)-[TakeOff][]
当前位置：(0.00, 0.00, 0.00)-到达?:[MCU:False]-[POS:False]
[INFO] [1775399610.778445016] [navNode]: 收到来自UI的请求：shutdown-navNode
[WARN] [1775399610.778854605] [navNode]: navNodeshutdown-navNode
