1774529373.1182799 [INFO] [launch]: All log files can be found below /home/focal/Desktop/2024_GroundStation/run_log/2026-03-26-05-49-33-113088-ubuntu-12566
1774529373.1189015 [INFO] [launch]: Default logging verbosity is set to INFO
1774529373.2112725 [INFO] [logical-1]: process started with pid [12571]
1774529373.5402343 [logical-1] Traceback (most recent call last):
1774529373.5405152 [logical-1]   File "/home/focal/Desktop/2024_GroundStation/install/GroundStation/lib/GroundStation/logical", line 11, in <module>
1774529373.5406327 [logical-1]     load_entry_point('GroundStation', 'console_scripts', 'logical')()
1774529373.5406919 [logical-1]   File "/usr/lib/python3/dist-packages/pkg_resources/__init__.py", line 490, in load_entry_point
1774529373.5407357 [logical-1]     return get_distribution(dist).load_entry_point(group, name)
1774529373.5407755 [logical-1]   File "/usr/lib/python3/dist-packages/pkg_resources/__init__.py", line 2854, in load_entry_point
1774529373.5408199 [logical-1]     return ep.load()
1774529373.5408597 [logical-1]   File "/usr/lib/python3/dist-packages/pkg_resources/__init__.py", line 2445, in load
1774529373.5409005 [logical-1]     return self.resolve()
1774529373.5409405 [logical-1]   File "/usr/lib/python3/dist-packages/pkg_resources/__init__.py", line 2451, in resolve
1774529373.5409799 [logical-1]     module = __import__(self.module_name, fromlist=['__name__'], level=0)
1774529373.5410197 [logical-1]   File "/home/focal/Desktop/2024_GroundStation/build/GroundStation/GroundStation/logical.py", line 11, in <module>
1774529373.5410559 [logical-1]     from GroundStation.myUI import *
1774529373.5410924 [logical-1]   File "/home/focal/Desktop/2024_GroundStation/build/GroundStation/GroundStation/myUI/__init__.py", line 3, in <module>
1774529373.5411284 [logical-1]     from .Ui_show import Ui_Dialog
1774529373.5411670 [logical-1] ImportError: cannot import name 'Ui_Dialog' from 'GroundStation.myUI.Ui_show' (/home/focal/Desktop/2024_GroundStation/build/GroundStation/GroundStation/myUI/Ui_show.py)
1774529373.5790193 [ERROR] [logical-1]: process has died [pid 12571, exit code 1, cmd '/home/focal/Desktop/2024_GroundStation/install/GroundStation/lib/GroundStation/logical --ros-args'].
