1775393231.8376648 [INFO] [launch]: All log files can be found below /home/focal/Desktop/2024_GroundStation/run_log/2026-04-05-05-47-11-833845-ubuntu-27836
1775393231.8380339 [INFO] [launch]: Default logging verbosity is set to INFO
1775393231.9202759 [INFO] [myMain-1]: process started with pid [27838]
1775393231.9204590 [INFO] [navNode-2]: process started with pid [27840]
1775393232.2221675 [navNode-2] [INFO] [1775393232.221888447] [navNode]: paths: [
1775393232.2226751 [navNode-2]   {"x": 0.00, "y": 0.00, "z": 0.70, "label": "TakeOff", "qrcode": "", "label2": ""       , "qrcode2": "" },
1775393232.2229140 [navNode-2]   {"x":-0.25, "y": 0.75, "z": 0.80, "label": "A6"     , "qrcode": "", "label2": ""       , "qrcode2": "" },
1775393232.2230968 [navNode-2]   {"x":-0.25, "y": 0.75, "z": 1.20, "label": "A3"     , "qrcode": "", "label2": ""       , "qrcode2": "" },
1775393232.2232716 [navNode-2]   {"x":-0.25, "y": 1.25, "z": 1.20, "label": "A2"     , "qrcode": "", "label2": ""       , "qrcode2": "" },
1775393232.2234449 [navNode-2]   {"x":-0.25, "y": 1.25, "z": 0.80, "label": "A5"     , "qrcode": "", "label2": ""       , "qrcode2": "" },
1775393232.2236598 [navNode-2]   {"x":-0.25, "y": 1.75, "z": 0.80, "label": "A4"     , "qrcode": "", "label2": ""       , "qrcode2": "" },
1775393232.2238600 [navNode-2]   {"x":-0.25, "y": 1.75, "z": 1.20, "label": "A1"     , "qrcode": "", "label2": ""       , "qrcode2": "" },
1775393232.2240665 [navNode-2]   {"x":-0.25, "y": 2.00, "z": 0.70, "label": "UpSide1", "qrcode": "", "label2": ""       , "qrcode2": "" },
1775393232.2242699 [navNode-2]   {"x": 0.75, "y": 2.00, "z": 0.70, "label": "LandPos", "qrcode": "", "label2": ""       , "qrcode2": "" }
1775393232.2244723 [navNode-2] ]
1775393232.2246988 [navNode-2] 
1775393232.2366879 [navNode-2] [INFO] [1775393232.236452586] [navNode]: 上位机导航节点启动成功
1775393232.7692158 [myMain-1] [INFO] [1775393232.768874111] [Ground]: ros2 node launch success:Ground!
1775393239.2121849 [navNode-2] [INFO] [1775393239.211682219] [navNode]: 收到来自UI的请求：scan_all
1775393239.2130294 [navNode-2] [WARN] [1775393239.212763318] [navNode]: 任务开始执行scan_all
1775393239.2134576 [myMain-1] [INFO] [1775393239.213313174] [Ground]: 发送 scan_all 成功
1775393239.2154467 [myMain-1] [INFO] [1775393239.215169524] [Ground]: scan_all 响应成功 → 回复：scan_all
1775393239.3134513 [navNode-2] [INFO] [1775393239.312968901] [navNode]: 状态1：Takeoff--[TakeOff]
1775393239.3250799 [navNode-2] [INFO] [1775393239.324622086] [navNode]: takeoff 发送成功 → 飞行站已调用：takeoff服务
1775393239.4131441 [navNode-2] [INFO] [1775393239.412830657] [navNode]: 状态2：Takeoff_wait--[TakeOff]
1775393239.4137111 [navNode-2] [INFO] [1775393239.413266034] [navNode]: 未到目标点
1775393239.4138100 [navNode-2] 目标位置:(0.0, 0.0, 0.7)-[TakeOff]-[MCU:False]-[POS:False]
1775393239.4138553 [navNode-2] 当前位置:(-0.0045877983793616295, -0.10673154145479202, -0.02420976758003235)
1775393239.5134838 [navNode-2] [INFO] [1775393239.513148848] [navNode]: 状态2：Takeoff_wait--[TakeOff]
1775393239.5140643 [navNode-2] [INFO] [1775393239.513936869] [navNode]: 未到目标点
1775393239.5141902 [navNode-2] 目标位置:(0.0, 0.0, 0.7)-[TakeOff]-[MCU:False]-[POS:False]
1775393239.5142534 [navNode-2] 当前位置:(-0.002729708096012473, -0.10641701519489288, -0.023142585530877113)
1775393239.6139979 [navNode-2] [INFO] [1775393239.613662612] [navNode]: 状态2：Takeoff_wait--[TakeOff]
1775393239.6149225 [navNode-2] [INFO] [1775393239.614044692] [navNode]: 未到目标点
1775393239.6151907 [navNode-2] 目标位置:(0.0, 0.0, 0.7)-[TakeOff]-[MCU:False]-[POS:False]
1775393239.6152797 [navNode-2] 当前位置:(-0.003644046373665333, -0.10753133893013, -0.022717220708727837)
1775393239.7135079 [navNode-2] [INFO] [1775393239.712964790] [navNode]: 状态2：Takeoff_wait--[TakeOff]
1775393239.7142053 [navNode-2] [INFO] [1775393239.713706494] [navNode]: 未到目标点
1775393239.7143354 [navNode-2] 目标位置:(0.0, 0.0, 0.7)-[TakeOff]-[MCU:False]-[POS:False]
1775393239.7144215 [navNode-2] 当前位置:(-0.0035826293751597404, -0.10635066777467728, -0.02300957404077053)
1775393239.8139966 [navNode-2] [INFO] [1775393239.813282879] [navNode]: 状态2：Takeoff_wait--[TakeOff]
1775393239.8146207 [navNode-2] [INFO] [1775393239.813770039] [navNode]: 未到目标点
1775393239.8148181 [navNode-2] 目标位置:(0.0, 0.0, 0.7)-[TakeOff]-[MCU:False]-[POS:False]
1775393239.8148797 [navNode-2] 当前位置:(-0.004309545271098614, -0.10630904138088226, -0.023196259513497353)
1775393239.9130263 [navNode-2] [INFO] [1775393239.912632002] [navNode]: 状态2：Takeoff_wait--[TakeOff]
1775393239.9135323 [navNode-2] [INFO] [1775393239.913086124] [navNode]: 未到目标点
1775393239.9136484 [navNode-2] 目标位置:(0.0, 0.0, 0.7)-[TakeOff]-[MCU:False]-[POS:False]
1775393239.9137268 [navNode-2] 当前位置:(-0.0037582002114504576, -0.10635152459144592, -0.023520421236753464)
1775393240.0133767 [navNode-2] [INFO] [1775393240.013077795] [navNode]: 状态2：Takeoff_wait--[TakeOff]
1775393240.0137966 [navNode-2] [INFO] [1775393240.013458823] [navNode]: 未到目标点
1775393240.0138967 [navNode-2] 目标位置:(0.0, 0.0, 0.7)-[TakeOff]-[MCU:False]-[POS:False]
1775393240.0139570 [navNode-2] 当前位置:(-0.0038480462972074747, -0.10545582324266434, -0.022867776453495026)
1775393240.1129234 [navNode-2] [INFO] [1775393240.112582977] [navNode]: 状态2：Takeoff_wait--[TakeOff]
1775393240.1134117 [navNode-2] [INFO] [1775393240.113027199] [navNode]: 未到目标点
1775393240.1135244 [navNode-2] 目标位置:(0.0, 0.0, 0.7)-[TakeOff]-[MCU:False]-[POS:False]
1775393240.1135876 [navNode-2] 当前位置:(-0.0047675310634076595, -0.1047828420996666, -0.022655842825770378)
1775393240.2135286 [navNode-2] [INFO] [1775393240.212811243] [navNode]: 状态2：Takeoff_wait--[TakeOff]
1775393240.2137437 [navNode-2] [INFO] [1775393240.213232999] [navNode]: 未到目标点
1775393240.2138119 [navNode-2] 目标位置:(0.0, 0.0, 0.7)-[TakeOff]-[MCU:False]-[POS:False]
1775393240.2138557 [navNode-2] 当前位置:(-0.003917403519153595, -0.10607197135686874, -0.019898375496268272)
1775393240.3130531 [navNode-2] [INFO] [1775393240.312730067] [navNode]: 状态2：Takeoff_wait--[TakeOff]
1775393240.3134813 [navNode-2] [INFO] [1775393240.313133226] [navNode]: 未到目标点
1775393240.3135951 [navNode-2] 目标位置:(0.0, 0.0, 0.7)-[TakeOff]-[MCU:False]-[POS:False]
1775393240.3136449 [navNode-2] 当前位置:(-0.0039544845931231976, -0.10595587641000748, -0.021247871220111847)
1775393240.4135940 [navNode-2] [INFO] [1775393240.412743358] [navNode]: 状态2：Takeoff_wait--[TakeOff]
1775393240.4138305 [navNode-2] [INFO] [1775393240.413252322] [navNode]: 未到目标点
1775393240.4138875 [navNode-2] 目标位置:(0.0, 0.0, 0.7)-[TakeOff]-[MCU:False]-[POS:False]
1775393240.4139314 [navNode-2] 当前位置:(-0.0024805034045130014, -0.10574758052825928, -0.02029303088784218)
1775393240.5131350 [navNode-2] [INFO] [1775393240.512811316] [navNode]: 状态2：Takeoff_wait--[TakeOff]
1775393240.5135796 [navNode-2] [INFO] [1775393240.513330981] [navNode]: 未到目标点
1775393240.5136905 [navNode-2] 目标位置:(0.0, 0.0, 0.7)-[TakeOff]-[MCU:False]-[POS:False]
1775393240.5137572 [navNode-2] 当前位置:(-0.004023756366223097, -0.1053643524646759, -0.022604001685976982)
1775393240.6136122 [navNode-2] [INFO] [1775393240.612828449] [navNode]: 状态2：Takeoff_wait--[TakeOff]
1775393240.6138341 [navNode-2] [INFO] [1775393240.613270722] [navNode]: 未到目标点
1775393240.6139243 [navNode-2] 目标位置:(0.0, 0.0, 0.7)-[TakeOff]-[MCU:False]-[POS:False]
1775393240.6139696 [navNode-2] 当前位置:(-0.004744827747344971, -0.1050962433218956, -0.023349221795797348)
1775393240.7135530 [navNode-2] [INFO] [1775393240.713100505] [navNode]: 状态2：Takeoff_wait--[TakeOff]
1775393240.7141280 [navNode-2] [INFO] [1775393240.713643521] [navNode]: 未到目标点
1775393240.7142646 [navNode-2] 目标位置:(0.0, 0.0, 0.7)-[TakeOff]-[MCU:False]-[POS:False]
1775393240.7143350 [navNode-2] 当前位置:(-0.004027447663247585, -0.10543408244848251, -0.02420787140727043)
1775393240.8141301 [navNode-2] [INFO] [1775393240.813820186] [navNode]: 状态2：Takeoff_wait--[TakeOff]
1775393240.8145566 [navNode-2] [INFO] [1775393240.814313505] [navNode]: 未到目标点
1775393240.8146391 [navNode-2] 目标位置:(0.0, 0.0, 0.7)-[TakeOff]-[MCU:False]-[POS:False]
1775393240.8147073 [navNode-2] 当前位置:(-0.003384575480595231, -0.10487757623195648, -0.02313809283077717)
1775393240.9131494 [navNode-2] [INFO] [1775393240.912851590] [navNode]: 状态2：Takeoff_wait--[TakeOff]
1775393240.9135497 [navNode-2] [INFO] [1775393240.913322578] [navNode]: 未到目标点
1775393240.9136319 [navNode-2] 目标位置:(0.0, 0.0, 0.7)-[TakeOff]-[MCU:False]-[POS:False]
1775393240.9136832 [navNode-2] 当前位置:(-0.00259509589523077, -0.10460695624351501, -0.023360908031463623)
1775393241.0134122 [navNode-2] [INFO] [1775393241.013066519] [navNode]: 状态2：Takeoff_wait--[TakeOff]
1775393241.0138733 [navNode-2] [INFO] [1775393241.013580895] [navNode]: 未到目标点
1775393241.0139661 [navNode-2] 目标位置:(0.0, 0.0, 0.7)-[TakeOff]-[MCU:False]-[POS:False]
1775393241.0140169 [navNode-2] 当前位置:(-0.003936612047255039, -0.10532601177692413, -0.023458493873476982)
1775393241.0716846 [WARNING] [launch]: user interrupted with ctrl-c (SIGINT)
1775393241.0956349 [myMain-1] Traceback (most recent call last):
1775393241.0963004 [myMain-1]   File "/home/focal/Desktop/2024_GroundStation/build/GroundStation/GroundStation/myMain.py", line 90, in update_pos
1775393241.0971112 [myMain-1]     def update_pos(self, info, x,y,z,confidence):
1775393241.0971982 [myMain-1] KeyboardInterrupt
1775393241.1385221 [INFO] [navNode-2]: process has finished cleanly [pid 27840]
1775393246.0750914 [ERROR] [myMain-1]: process[myMain-1] failed to terminate '5' seconds after receiving 'SIGINT', escalating to 'SIGTERM'
1775393246.0755458 [INFO] [myMain-1]: sending signal 'SIGTERM' to process[myMain-1]
1775393246.0940216 [ERROR] [myMain-1]: process has died [pid 27838, exit code -15, cmd '/home/focal/Desktop/2024_GroundStation/install/GroundStation/lib/GroundStation/myMain --ros-args'].
