1773671117.6667113 [INFO] [launch]: All log files can be found below /home/focal/Desktop/2024_GroundStation/run_log/2026-03-16-07-25-17-661965-ubuntu-6859
1773671117.6671057 [INFO] [launch]: Default logging verbosity is set to INFO
1773671117.7640507 [INFO] [logical-1]: process started with pid [6864]
1773671118.5884173 [logical-1] [INFO] [1773671118.587865226] [Ground]: ros2 node launch success:Ground!
1773671121.0742936 [logical-1] [INFO] [1773671121.073867529] [Ground]: takeoff 发送成功 → 飞行站已调用：takeoff服务
1773671121.2651384 [logical-1] [INFO] [1773671121.264811055] [Ground]: takeoff 发送成功 → 飞行站已调用：takeoff服务
1773671121.4387398 [logical-1] [INFO] [1773671121.438335677] [Ground]: takeoff 发送成功 → 飞行站已调用：takeoff服务
1773671121.5891416 [logical-1] [INFO] [1773671121.588805241] [Ground]: takeoff 发送成功 → 飞行站已调用：takeoff服务
1773671122.1694896 [logical-1] [INFO] [1773671122.169066478] [Ground]: land 发送成功 → 飞行站已调用：land服务
1773671122.3147960 [logical-1] [INFO] [1773671122.314410511] [Ground]: land 发送成功 → 飞行站已调用：land服务
1773671122.4999197 [logical-1] [INFO] [1773671122.499562956] [Ground]: land 发送成功 → 飞行站已调用：land服务
1773671122.6652002 [logical-1] [INFO] [1773671122.664831826] [Ground]: land 发送成功 → 飞行站已调用：land服务
1773671122.8194094 [logical-1] [INFO] [1773671122.819110520] [Ground]: land 发送成功 → 飞行站已调用：land服务
1773671123.0039392 [logical-1] [INFO] [1773671123.003643371] [Ground]: land 发送成功 → 飞行站已调用：land服务
1773671123.2084353 [logical-1] [INFO] [1773671123.208187505] [Ground]: land 发送成功 → 飞行站已调用：land服务
1773671126.5354931 [logical-1] [INFO] [1773671126.535143877] [Ground]: takeoff 发送成功 → 飞行站已调用：takeoff服务
1773671126.7169096 [logical-1] [INFO] [1773671126.716444375] [Ground]: takeoff 发送成功 → 飞行站已调用：takeoff服务
1773671126.8712761 [logical-1] [INFO] [1773671126.870937870] [Ground]: takeoff 发送成功 → 飞行站已调用：takeoff服务
1773671235.0886219 [WARNING] [launch]: user interrupted with ctrl-c (SIGINT)
1773671236.0263264 [WARNING] [launch]: user interrupted with ctrl-c (SIGINT) again, ignoring...
1773671238.9419458 [logical-1] Traceback (most recent call last):
1773671238.9421735 [logical-1]   File "/home/focal/Desktop/2024_GroundStation/build/GroundStation/GroundStation/logical.py", line 105, in closeEvent
1773671238.9422472 [logical-1]     
1773671238.9422803 [logical-1] KeyboardInterrupt
1773671239.0662479 [INFO] [logical-1]: process has finished cleanly [pid 6864]
