[0.197s] [34mcolcon[0m [1;30mDEBUG[0m [32mCommand line arguments: ['/usr/bin/colcon', 'build', '--symlink-install'][0m
[0.197s] [34mcolcon[0m [1;30mDEBUG[0m [32mParsed command line arguments: Namespace(allow_overriding=[], ament_cmake_args=None, base_paths=['.'], build_base='build', catkin_cmake_args=None, catkin_skip_building_tests=False, cmake_args=None, cmake_clean_cache=False, cmake_clean_first=False, cmake_force_configure=False, cmake_target=None, cmake_target_skip_unavailable=False, continue_on_error=False, event_handlers=None, executor='parallel', ignore_user_meta=False, install_base='install', log_base=None, log_level=None, main=<bound method BuildVerb.main of <colcon_core.verb.build.BuildVerb object at 0x7f08b0496d30>>, merge_install=False, metas=['./colcon.meta'], mixin=None, mixin_files=None, mixin_verb=('build',), packages_above=None, packages_above_and_dependencies=None, packages_above_depth=None, packages_end=None, packages_ignore=None, packages_ignore_regex=None, packages_select=None, packages_select_build_failed=False, packages_select_by_dep=None, packages_select_regex=None, packages_select_test_failures=False, packages_skip=None, packages_skip_build_finished=False, packages_skip_by_dep=None, packages_skip_regex=None, packages_skip_test_passed=False, packages_skip_up_to=None, packages_start=None, packages_up_to=None, packages_up_to_regex=None, parallel_workers=4, paths=None, symlink_install=True, test_result_base=None, verb_extension=<colcon_core.verb.build.BuildVerb object at 0x7f08b0496d30>, verb_name='build', verb_parser=<colcon_mixin.mixin.mixin_argument.MixinArgumentDecorator object at 0x7f08b0488d30>)[0m
[0.323s] [34mcolcon.colcon_core.package_discovery[0m [1;30mLevel 1[0m discover_packages(colcon_meta) check parameters
[0.323s] [34mcolcon.colcon_core.package_discovery[0m [1;30mLevel 1[0m discover_packages(recursive) check parameters
[0.323s] [34mcolcon.colcon_core.package_discovery[0m [1;30mLevel 1[0m discover_packages(ignore) check parameters
[0.323s] [34mcolcon.colcon_core.package_discovery[0m [1;30mLevel 1[0m discover_packages(path) check parameters
[0.323s] [34mcolcon.colcon_core.package_discovery[0m [1;30mLevel 1[0m discover_packages(colcon_meta) discover
[0.323s] [34mcolcon.colcon_core.package_discovery[0m [1;30mLevel 1[0m discover_packages(recursive) discover
[0.323s] [34mcolcon.colcon_core.package_discovery[0m [1;30mINFO[0m Crawling recursively for packages in '/home/focal/Desktop/2024_GroundStation'
[0.324s] [34mcolcon.colcon_core.package_identification[0m [1;30mLevel 1[0m _identify(.) by extensions ['ignore', 'ignore_ament_install']
[0.324s] [34mcolcon.colcon_core.package_identification[0m [1;30mLevel 1[0m _identify(.) by extension 'ignore'
[0.324s] [34mcolcon.colcon_core.package_identification[0m [1;30mLevel 1[0m _identify(.) by extension 'ignore_ament_install'
[0.324s] [34mcolcon.colcon_core.package_identification[0m [1;30mLevel 1[0m _identify(.) by extensions ['colcon_pkg']
[0.324s] [34mcolcon.colcon_core.package_identification[0m [1;30mLevel 1[0m _identify(.) by extension 'colcon_pkg'
[0.324s] [34mcolcon.colcon_core.package_identification[0m [1;30mLevel 1[0m _identify(.) by extensions ['colcon_meta']
[0.324s] [34mcolcon.colcon_core.package_identification[0m [1;30mLevel 1[0m _identify(.) by extension 'colcon_meta'
[0.324s] [34mcolcon.colcon_core.package_identification[0m [1;30mLevel 1[0m _identify(.) by extensions ['ros']
[0.324s] [34mcolcon.colcon_core.package_identification[0m [1;30mLevel 1[0m _identify(.) by extension 'ros'
[0.334s] [34mcolcon.colcon_core.package_identification[0m [1;30mLevel 1[0m _identify(.) by extensions ['cmake', 'python']
[0.334s] [34mcolcon.colcon_core.package_identification[0m [1;30mLevel 1[0m _identify(.) by extension 'cmake'
[0.334s] [34mcolcon.colcon_core.package_identification[0m [1;30mLevel 1[0m _identify(.) by extension 'python'
[0.334s] [34mcolcon.colcon_core.package_identification[0m [1;30mLevel 1[0m _identify(.) by extensions ['python_setup_py']
[0.334s] [34mcolcon.colcon_core.package_identification[0m [1;30mLevel 1[0m _identify(.) by extension 'python_setup_py'
[0.334s] [34mcolcon.colcon_core.package_identification[0m [1;30mLevel 1[0m _identify(build) by extensions ['ignore', 'ignore_ament_install']
[0.335s] [34mcolcon.colcon_core.package_identification[0m [1;30mLevel 1[0m _identify(build) by extension 'ignore'
[0.335s] [34mcolcon.colcon_core.package_identification[0m [1;30mLevel 1[0m _identify(build) ignored
[0.335s] [34mcolcon.colcon_core.package_identification[0m [1;30mLevel 1[0m _identify(install) by extensions ['ignore', 'ignore_ament_install']
[0.335s] [34mcolcon.colcon_core.package_identification[0m [1;30mLevel 1[0m _identify(install) by extension 'ignore'
[0.335s] [34mcolcon.colcon_core.package_identification[0m [1;30mLevel 1[0m _identify(install) ignored
[0.335s] [34mcolcon.colcon_core.package_identification[0m [1;30mLevel 1[0m _identify(log) by extensions ['ignore', 'ignore_ament_install']
[0.335s] [34mcolcon.colcon_core.package_identification[0m [1;30mLevel 1[0m _identify(log) by extension 'ignore'
[0.335s] [34mcolcon.colcon_core.package_identification[0m [1;30mLevel 1[0m _identify(log) ignored
[0.335s] [34mcolcon.colcon_core.package_identification[0m [1;30mLevel 1[0m _identify(run_log) by extensions ['ignore', 'ignore_ament_install']
[0.335s] [34mcolcon.colcon_core.package_identification[0m [1;30mLevel 1[0m _identify(run_log) by extension 'ignore'
[0.335s] [34mcolcon.colcon_core.package_identification[0m [1;30mLevel 1[0m _identify(run_log) by extension 'ignore_ament_install'
[0.335s] [34mcolcon.colcon_core.package_identification[0m [1;30mLevel 1[0m _identify(run_log) by extensions ['colcon_pkg']
[0.335s] [34mcolcon.colcon_core.package_identification[0m [1;30mLevel 1[0m _identify(run_log) by extension 'colcon_pkg'
[0.335s] [34mcolcon.colcon_core.package_identification[0m [1;30mLevel 1[0m _identify(run_log) by extensions ['colcon_meta']
[0.335s] [34mcolcon.colcon_core.package_identification[0m [1;30mLevel 1[0m _identify(run_log) by extension 'colcon_meta'
[0.336s] [34mcolcon.colcon_core.package_identification[0m [1;30mLevel 1[0m _identify(run_log) by extensions ['ros']
[0.336s] [34mcolcon.colcon_core.package_identification[0m [1;30mLevel 1[0m _identify(run_log) by extension 'ros'
[0.336s] [34mcolcon.colcon_core.package_identification[0m [1;30mLevel 1[0m _identify(run_log) by extensions ['cmake', 'python']
[0.336s] [34mcolcon.colcon_core.package_identification[0m [1;30mLevel 1[0m _identify(run_log) by extension 'cmake'
[0.336s] [34mcolcon.colcon_core.package_identification[0m [1;30mLevel 1[0m _identify(run_log) by extension 'python'
[0.336s] [34mcolcon.colcon_core.package_identification[0m [1;30mLevel 1[0m _identify(run_log) by extensions ['python_setup_py']
[0.336s] [34mcolcon.colcon_core.package_identification[0m [1;30mLevel 1[0m _identify(run_log) by extension 'python_setup_py'
[0.336s] [34mcolcon.colcon_core.package_identification[0m [1;30mLevel 1[0m _identify(run_log/2026-03-13-22-24-06-619054-ubuntu-5744) by extensions ['ignore', 'ignore_ament_install']
[0.336s] [34mcolcon.colcon_core.package_identification[0m [1;30mLevel 1[0m _identify(run_log/2026-03-13-22-24-06-619054-ubuntu-5744) by extension 'ignore'
[0.336s] [34mcolcon.colcon_core.package_identification[0m [1;30mLevel 1[0m _identify(run_log/2026-03-13-22-24-06-619054-ubuntu-5744) by extension 'ignore_ament_install'
[0.336s] [34mcolcon.colcon_core.package_identification[0m [1;30mLevel 1[0m _identify(run_log/2026-03-13-22-24-06-619054-ubuntu-5744) by extensions ['colcon_pkg']
[0.336s] [34mcolcon.colcon_core.package_identification[0m [1;30mLevel 1[0m _identify(run_log/2026-03-13-22-24-06-619054-ubuntu-5744) by extension 'colcon_pkg'
[0.336s] [34mcolcon.colcon_core.package_identification[0m [1;30mLevel 1[0m _identify(run_log/2026-03-13-22-24-06-619054-ubuntu-5744) by extensions ['colcon_meta']
[0.336s] [34mcolcon.colcon_core.package_identification[0m [1;30mLevel 1[0m _identify(run_log/2026-03-13-22-24-06-619054-ubuntu-5744) by extension 'colcon_meta'
[0.336s] [34mcolcon.colcon_core.package_identification[0m [1;30mLevel 1[0m _identify(run_log/2026-03-13-22-24-06-619054-ubuntu-5744) by extensions ['ros']
[0.336s] [34mcolcon.colcon_core.package_identification[0m [1;30mLevel 1[0m _identify(run_log/2026-03-13-22-24-06-619054-ubuntu-5744) by extension 'ros'
[0.336s] [34mcolcon.colcon_core.package_identification[0m [1;30mLevel 1[0m _identify(run_log/2026-03-13-22-24-06-619054-ubuntu-5744) by extensions ['cmake', 'python']
[0.336s] [34mcolcon.colcon_core.package_identification[0m [1;30mLevel 1[0m _identify(run_log/2026-03-13-22-24-06-619054-ubuntu-5744) by extension 'cmake'
[0.336s] [34mcolcon.colcon_core.package_identification[0m [1;30mLevel 1[0m _identify(run_log/2026-03-13-22-24-06-619054-ubuntu-5744) by extension 'python'
[0.336s] [34mcolcon.colcon_core.package_identification[0m [1;30mLevel 1[0m _identify(run_log/2026-03-13-22-24-06-619054-ubuntu-5744) by extensions ['python_setup_py']
[0.336s] [34mcolcon.colcon_core.package_identification[0m [1;30mLevel 1[0m _identify(run_log/2026-03-13-22-24-06-619054-ubuntu-5744) by extension 'python_setup_py'
[0.337s] [34mcolcon.colcon_core.package_identification[0m [1;30mLevel 1[0m _identify(run_log/2026-03-13-23-47-32-847804-ubuntu-3463) by extensions ['ignore', 'ignore_ament_install']
[0.337s] [34mcolcon.colcon_core.package_identification[0m [1;30mLevel 1[0m _identify(run_log/2026-03-13-23-47-32-847804-ubuntu-3463) by extension 'ignore'
[0.337s] [34mcolcon.colcon_core.package_identification[0m [1;30mLevel 1[0m _identify(run_log/2026-03-13-23-47-32-847804-ubuntu-3463) by extension 'ignore_ament_install'
[0.337s] [34mcolcon.colcon_core.package_identification[0m [1;30mLevel 1[0m _identify(run_log/2026-03-13-23-47-32-847804-ubuntu-3463) by extensions ['colcon_pkg']
[0.337s] [34mcolcon.colcon_core.package_identification[0m [1;30mLevel 1[0m _identify(run_log/2026-03-13-23-47-32-847804-ubuntu-3463) by extension 'colcon_pkg'
[0.337s] [34mcolcon.colcon_core.package_identification[0m [1;30mLevel 1[0m _identify(run_log/2026-03-13-23-47-32-847804-ubuntu-3463) by extensions ['colcon_meta']
[0.337s] [34mcolcon.colcon_core.package_identification[0m [1;30mLevel 1[0m _identify(run_log/2026-03-13-23-47-32-847804-ubuntu-3463) by extension 'colcon_meta'
[0.337s] [34mcolcon.colcon_core.package_identification[0m [1;30mLevel 1[0m _identify(run_log/2026-03-13-23-47-32-847804-ubuntu-3463) by extensions ['ros']
[0.337s] [34mcolcon.colcon_core.package_identification[0m [1;30mLevel 1[0m _identify(run_log/2026-03-13-23-47-32-847804-ubuntu-3463) by extension 'ros'
[0.337s] [34mcolcon.colcon_core.package_identification[0m [1;30mLevel 1[0m _identify(run_log/2026-03-13-23-47-32-847804-ubuntu-3463) by extensions ['cmake', 'python']
[0.337s] [34mcolcon.colcon_core.package_identification[0m [1;30mLevel 1[0m _identify(run_log/2026-03-13-23-47-32-847804-ubuntu-3463) by extension 'cmake'
[0.337s] [34mcolcon.colcon_core.package_identification[0m [1;30mLevel 1[0m _identify(run_log/2026-03-13-23-47-32-847804-ubuntu-3463) by extension 'python'
[0.337s] [34mcolcon.colcon_core.package_identification[0m [1;30mLevel 1[0m _identify(run_log/2026-03-13-23-47-32-847804-ubuntu-3463) by extensions ['python_setup_py']
[0.337s] [34mcolcon.colcon_core.package_identification[0m [1;30mLevel 1[0m _identify(run_log/2026-03-13-23-47-32-847804-ubuntu-3463) by extension 'python_setup_py'
[0.337s] [34mcolcon.colcon_core.package_identification[0m [1;30mLevel 1[0m _identify(run_log/2026-03-13-23-54-22-000400-ubuntu-4116) by extensions ['ignore', 'ignore_ament_install']
[0.337s] [34mcolcon.colcon_core.package_identification[0m [1;30mLevel 1[0m _identify(run_log/2026-03-13-23-54-22-000400-ubuntu-4116) by extension 'ignore'
[0.337s] [34mcolcon.colcon_core.package_identification[0m [1;30mLevel 1[0m _identify(run_log/2026-03-13-23-54-22-000400-ubuntu-4116) by extension 'ignore_ament_install'
[0.337s] [34mcolcon.colcon_core.package_identification[0m [1;30mLevel 1[0m _identify(run_log/2026-03-13-23-54-22-000400-ubuntu-4116) by extensions ['colcon_pkg']
[0.337s] [34mcolcon.colcon_core.package_identification[0m [1;30mLevel 1[0m _identify(run_log/2026-03-13-23-54-22-000400-ubuntu-4116) by extension 'colcon_pkg'
[0.337s] [34mcolcon.colcon_core.package_identification[0m [1;30mLevel 1[0m _identify(run_log/2026-03-13-23-54-22-000400-ubuntu-4116) by extensions ['colcon_meta']
[0.337s] [34mcolcon.colcon_core.package_identification[0m [1;30mLevel 1[0m _identify(run_log/2026-03-13-23-54-22-000400-ubuntu-4116) by extension 'colcon_meta'
[0.338s] [34mcolcon.colcon_core.package_identification[0m [1;30mLevel 1[0m _identify(run_log/2026-03-13-23-54-22-000400-ubuntu-4116) by extensions ['ros']
[0.338s] [34mcolcon.colcon_core.package_identification[0m [1;30mLevel 1[0m _identify(run_log/2026-03-13-23-54-22-000400-ubuntu-4116) by extension 'ros'
[0.338s] [34mcolcon.colcon_core.package_identification[0m [1;30mLevel 1[0m _identify(run_log/2026-03-13-23-54-22-000400-ubuntu-4116) by extensions ['cmake', 'python']
[0.338s] [34mcolcon.colcon_core.package_identification[0m [1;30mLevel 1[0m _identify(run_log/2026-03-13-23-54-22-000400-ubuntu-4116) by extension 'cmake'
[0.338s] [34mcolcon.colcon_core.package_identification[0m [1;30mLevel 1[0m _identify(run_log/2026-03-13-23-54-22-000400-ubuntu-4116) by extension 'python'
[0.338s] [34mcolcon.colcon_core.package_identification[0m [1;30mLevel 1[0m _identify(run_log/2026-03-13-23-54-22-000400-ubuntu-4116) by extensions ['python_setup_py']
[0.338s] [34mcolcon.colcon_core.package_identification[0m [1;30mLevel 1[0m _identify(run_log/2026-03-13-23-54-22-000400-ubuntu-4116) by extension 'python_setup_py'
[0.338s] [34mcolcon.colcon_core.package_identification[0m [1;30mLevel 1[0m _identify(run_log/2026-03-14-00-18-41-745359-ubuntu-5706) by extensions ['ignore', 'ignore_ament_install']
[0.338s] [34mcolcon.colcon_core.package_identification[0m [1;30mLevel 1[0m _identify(run_log/2026-03-14-00-18-41-745359-ubuntu-5706) by extension 'ignore'
[0.338s] [34mcolcon.colcon_core.package_identification[0m [1;30mLevel 1[0m _identify(run_log/2026-03-14-00-18-41-745359-ubuntu-5706) by extension 'ignore_ament_install'
[0.338s] [34mcolcon.colcon_core.package_identification[0m [1;30mLevel 1[0m _identify(run_log/2026-03-14-00-18-41-745359-ubuntu-5706) by extensions ['colcon_pkg']
[0.338s] [34mcolcon.colcon_core.package_identification[0m [1;30mLevel 1[0m _identify(run_log/2026-03-14-00-18-41-745359-ubuntu-5706) by extension 'colcon_pkg'
[0.338s] [34mcolcon.colcon_core.package_identification[0m [1;30mLevel 1[0m _identify(run_log/2026-03-14-00-18-41-745359-ubuntu-5706) by extensions ['colcon_meta']
[0.338s] [34mcolcon.colcon_core.package_identification[0m [1;30mLevel 1[0m _identify(run_log/2026-03-14-00-18-41-745359-ubuntu-5706) by extension 'colcon_meta'
[0.338s] [34mcolcon.colcon_core.package_identification[0m [1;30mLevel 1[0m _identify(run_log/2026-03-14-00-18-41-745359-ubuntu-5706) by extensions ['ros']
[0.338s] [34mcolcon.colcon_core.package_identification[0m [1;30mLevel 1[0m _identify(run_log/2026-03-14-00-18-41-745359-ubuntu-5706) by extension 'ros'
[0.338s] [34mcolcon.colcon_core.package_identification[0m [1;30mLevel 1[0m _identify(run_log/2026-03-14-00-18-41-745359-ubuntu-5706) by extensions ['cmake', 'python']
[0.338s] [34mcolcon.colcon_core.package_identification[0m [1;30mLevel 1[0m _identify(run_log/2026-03-14-00-18-41-745359-ubuntu-5706) by extension 'cmake'
[0.338s] [34mcolcon.colcon_core.package_identification[0m [1;30mLevel 1[0m _identify(run_log/2026-03-14-00-18-41-745359-ubuntu-5706) by extension 'python'
[0.338s] [34mcolcon.colcon_core.package_identification[0m [1;30mLevel 1[0m _identify(run_log/2026-03-14-00-18-41-745359-ubuntu-5706) by extensions ['python_setup_py']
[0.338s] [34mcolcon.colcon_core.package_identification[0m [1;30mLevel 1[0m _identify(run_log/2026-03-14-00-18-41-745359-ubuntu-5706) by extension 'python_setup_py'
[0.338s] [34mcolcon.colcon_core.package_identification[0m [1;30mLevel 1[0m _identify(run_log/2026-03-14-00-56-33-877379-ubuntu-7082) by extensions ['ignore', 'ignore_ament_install']
[0.338s] [34mcolcon.colcon_core.package_identification[0m [1;30mLevel 1[0m _identify(run_log/2026-03-14-00-56-33-877379-ubuntu-7082) by extension 'ignore'
[0.339s] [34mcolcon.colcon_core.package_identification[0m [1;30mLevel 1[0m _identify(run_log/2026-03-14-00-56-33-877379-ubuntu-7082) by extension 'ignore_ament_install'
[0.339s] [34mcolcon.colcon_core.package_identification[0m [1;30mLevel 1[0m _identify(run_log/2026-03-14-00-56-33-877379-ubuntu-7082) by extensions ['colcon_pkg']
[0.339s] [34mcolcon.colcon_core.package_identification[0m [1;30mLevel 1[0m _identify(run_log/2026-03-14-00-56-33-877379-ubuntu-7082) by extension 'colcon_pkg'
[0.339s] [34mcolcon.colcon_core.package_identification[0m [1;30mLevel 1[0m _identify(run_log/2026-03-14-00-56-33-877379-ubuntu-7082) by extensions ['colcon_meta']
[0.339s] [34mcolcon.colcon_core.package_identification[0m [1;30mLevel 1[0m _identify(run_log/2026-03-14-00-56-33-877379-ubuntu-7082) by extension 'colcon_meta'
[0.339s] [34mcolcon.colcon_core.package_identification[0m [1;30mLevel 1[0m _identify(run_log/2026-03-14-00-56-33-877379-ubuntu-7082) by extensions ['ros']
[0.339s] [34mcolcon.colcon_core.package_identification[0m [1;30mLevel 1[0m _identify(run_log/2026-03-14-00-56-33-877379-ubuntu-7082) by extension 'ros'
[0.339s] [34mcolcon.colcon_core.package_identification[0m [1;30mLevel 1[0m _identify(run_log/2026-03-14-00-56-33-877379-ubuntu-7082) by extensions ['cmake', 'python']
[0.339s] [34mcolcon.colcon_core.package_identification[0m [1;30mLevel 1[0m _identify(run_log/2026-03-14-00-56-33-877379-ubuntu-7082) by extension 'cmake'
[0.339s] [34mcolcon.colcon_core.package_identification[0m [1;30mLevel 1[0m _identify(run_log/2026-03-14-00-56-33-877379-ubuntu-7082) by extension 'python'
[0.339s] [34mcolcon.colcon_core.package_identification[0m [1;30mLevel 1[0m _identify(run_log/2026-03-14-00-56-33-877379-ubuntu-7082) by extensions ['python_setup_py']
[0.339s] [34mcolcon.colcon_core.package_identification[0m [1;30mLevel 1[0m _identify(run_log/2026-03-14-00-56-33-877379-ubuntu-7082) by extension 'python_setup_py'
[0.339s] [34mcolcon.colcon_core.package_identification[0m [1;30mLevel 1[0m _identify(src) by extensions ['ignore', 'ignore_ament_install']
[0.339s] [34mcolcon.colcon_core.package_identification[0m [1;30mLevel 1[0m _identify(src) by extension 'ignore'
[0.339s] [34mcolcon.colcon_core.package_identification[0m [1;30mLevel 1[0m _identify(src) by extension 'ignore_ament_install'
[0.339s] [34mcolcon.colcon_core.package_identification[0m [1;30mLevel 1[0m _identify(src) by extensions ['colcon_pkg']
[0.339s] [34mcolcon.colcon_core.package_identification[0m [1;30mLevel 1[0m _identify(src) by extension 'colcon_pkg'
[0.339s] [34mcolcon.colcon_core.package_identification[0m [1;30mLevel 1[0m _identify(src) by extensions ['colcon_meta']
[0.339s] [34mcolcon.colcon_core.package_identification[0m [1;30mLevel 1[0m _identify(src) by extension 'colcon_meta'
[0.339s] [34mcolcon.colcon_core.package_identification[0m [1;30mLevel 1[0m _identify(src) by extensions ['ros']
[0.339s] [34mcolcon.colcon_core.package_identification[0m [1;30mLevel 1[0m _identify(src) by extension 'ros'
[0.339s] [34mcolcon.colcon_core.package_identification[0m [1;30mLevel 1[0m _identify(src) by extensions ['cmake', 'python']
[0.339s] [34mcolcon.colcon_core.package_identification[0m [1;30mLevel 1[0m _identify(src) by extension 'cmake'
[0.339s] [34mcolcon.colcon_core.package_identification[0m [1;30mLevel 1[0m _identify(src) by extension 'python'
[0.339s] [34mcolcon.colcon_core.package_identification[0m [1;30mLevel 1[0m _identify(src) by extensions ['python_setup_py']
[0.340s] [34mcolcon.colcon_core.package_identification[0m [1;30mLevel 1[0m _identify(src) by extension 'python_setup_py'
[0.340s] [34mcolcon.colcon_core.package_identification[0m [1;30mLevel 1[0m _identify(src/GroundStation) by extensions ['ignore', 'ignore_ament_install']
[0.340s] [34mcolcon.colcon_core.package_identification[0m [1;30mLevel 1[0m _identify(src/GroundStation) by extension 'ignore'
[0.340s] [34mcolcon.colcon_core.package_identification[0m [1;30mLevel 1[0m _identify(src/GroundStation) by extension 'ignore_ament_install'
[0.340s] [34mcolcon.colcon_core.package_identification[0m [1;30mLevel 1[0m _identify(src/GroundStation) by extensions ['colcon_pkg']
[0.340s] [34mcolcon.colcon_core.package_identification[0m [1;30mLevel 1[0m _identify(src/GroundStation) by extension 'colcon_pkg'
[0.340s] [34mcolcon.colcon_core.package_identification[0m [1;30mLevel 1[0m _identify(src/GroundStation) by extensions ['colcon_meta']
[0.340s] [34mcolcon.colcon_core.package_identification[0m [1;30mLevel 1[0m _identify(src/GroundStation) by extension 'colcon_meta'
[0.340s] [34mcolcon.colcon_core.package_identification[0m [1;30mLevel 1[0m _identify(src/GroundStation) by extensions ['ros']
[0.340s] [34mcolcon.colcon_core.package_identification[0m [1;30mLevel 1[0m _identify(src/GroundStation) by extension 'ros'
[0.343s] [34mcolcon.colcon_core.package_identification[0m [1;30mDEBUG[0m [32mPackage 'src/GroundStation' with type 'ros.ament_python' and name 'GroundStation'[0m
[0.343s] [34mcolcon.colcon_core.package_identification[0m [1;30mLevel 1[0m _identify(src/ros2_pyqt_turtlesim_key) by extensions ['ignore', 'ignore_ament_install']
[0.344s] [34mcolcon.colcon_core.package_identification[0m [1;30mLevel 1[0m _identify(src/ros2_pyqt_turtlesim_key) by extension 'ignore'
[0.344s] [34mcolcon.colcon_core.package_identification[0m [1;30mLevel 1[0m _identify(src/ros2_pyqt_turtlesim_key) by extension 'ignore_ament_install'
[0.344s] [34mcolcon.colcon_core.package_identification[0m [1;30mLevel 1[0m _identify(src/ros2_pyqt_turtlesim_key) by extensions ['colcon_pkg']
[0.344s] [34mcolcon.colcon_core.package_identification[0m [1;30mLevel 1[0m _identify(src/ros2_pyqt_turtlesim_key) by extension 'colcon_pkg'
[0.344s] [34mcolcon.colcon_core.package_identification[0m [1;30mLevel 1[0m _identify(src/ros2_pyqt_turtlesim_key) by extensions ['colcon_meta']
[0.344s] [34mcolcon.colcon_core.package_identification[0m [1;30mLevel 1[0m _identify(src/ros2_pyqt_turtlesim_key) by extension 'colcon_meta'
[0.344s] [34mcolcon.colcon_core.package_identification[0m [1;30mLevel 1[0m _identify(src/ros2_pyqt_turtlesim_key) by extensions ['ros']
[0.344s] [34mcolcon.colcon_core.package_identification[0m [1;30mLevel 1[0m _identify(src/ros2_pyqt_turtlesim_key) by extension 'ros'
[0.345s] [34mcolcon.colcon_core.package_identification[0m [1;30mDEBUG[0m [32mPackage 'src/ros2_pyqt_turtlesim_key' with type 'ros.ament_python' and name 'ros2_pyqt_turtlesim_key'[0m
[0.345s] [34mcolcon.colcon_core.package_identification[0m [1;30mLevel 1[0m _identify(src/uav_car_interfaces) by extensions ['ignore', 'ignore_ament_install']
[0.345s] [34mcolcon.colcon_core.package_identification[0m [1;30mLevel 1[0m _identify(src/uav_car_interfaces) by extension 'ignore'
[0.345s] [34mcolcon.colcon_core.package_identification[0m [1;30mLevel 1[0m _identify(src/uav_car_interfaces) by extension 'ignore_ament_install'
[0.345s] [34mcolcon.colcon_core.package_identification[0m [1;30mLevel 1[0m _identify(src/uav_car_interfaces) by extensions ['colcon_pkg']
[0.345s] [34mcolcon.colcon_core.package_identification[0m [1;30mLevel 1[0m _identify(src/uav_car_interfaces) by extension 'colcon_pkg'
[0.345s] [34mcolcon.colcon_core.package_identification[0m [1;30mLevel 1[0m _identify(src/uav_car_interfaces) by extensions ['colcon_meta']
[0.345s] [34mcolcon.colcon_core.package_identification[0m [1;30mLevel 1[0m _identify(src/uav_car_interfaces) by extension 'colcon_meta'
[0.345s] [34mcolcon.colcon_core.package_identification[0m [1;30mLevel 1[0m _identify(src/uav_car_interfaces) by extensions ['ros']
[0.345s] [34mcolcon.colcon_core.package_identification[0m [1;30mLevel 1[0m _identify(src/uav_car_interfaces) by extension 'ros'
[0.346s] [34mcolcon.colcon_core.package_identification[0m [1;30mDEBUG[0m [32mPackage 'src/uav_car_interfaces' with type 'ros.ament_cmake' and name 'uav_car_interfaces'[0m
[0.346s] [34mcolcon.colcon_core.package_discovery[0m [1;30mLevel 1[0m discover_packages(recursive) using defaults
[0.346s] [34mcolcon.colcon_core.package_discovery[0m [1;30mLevel 1[0m discover_packages(ignore) discover
[0.346s] [34mcolcon.colcon_core.package_discovery[0m [1;30mLevel 1[0m discover_packages(ignore) using defaults
[0.346s] [34mcolcon.colcon_core.package_discovery[0m [1;30mLevel 1[0m discover_packages(path) discover
[0.346s] [34mcolcon.colcon_core.package_discovery[0m [1;30mLevel 1[0m discover_packages(path) using defaults
[0.369s] [34mcolcon.colcon_core.package_discovery[0m [1;30mLevel 1[0m discover_packages(prefix_path) check parameters
[0.369s] [34mcolcon.colcon_core.package_discovery[0m [1;30mLevel 1[0m discover_packages(prefix_path) discover
[0.371s] [34mcolcon.colcon_installed_package_information.package_discovery[0m [1;30mDEBUG[0m [32mFound 256 installed packages in /opt/ros/foxy[0m
[0.373s] [34mcolcon.colcon_core.package_discovery[0m [1;30mLevel 1[0m discover_packages(prefix_path) using defaults
[0.418s] [34mcolcon.colcon_core.verb[0m [1;30mLevel 5[0m set package 'GroundStation' build argument 'cmake_args' from command line to 'None'
[0.418s] [34mcolcon.colcon_core.verb[0m [1;30mLevel 5[0m set package 'GroundStation' build argument 'cmake_target' from command line to 'None'
[0.418s] [34mcolcon.colcon_core.verb[0m [1;30mLevel 5[0m set package 'GroundStation' build argument 'cmake_target_skip_unavailable' from command line to 'False'
[0.418s] [34mcolcon.colcon_core.verb[0m [1;30mLevel 5[0m set package 'GroundStation' build argument 'cmake_clean_cache' from command line to 'False'
[0.418s] [34mcolcon.colcon_core.verb[0m [1;30mLevel 5[0m set package 'GroundStation' build argument 'cmake_clean_first' from command line to 'False'
[0.418s] [34mcolcon.colcon_core.verb[0m [1;30mLevel 5[0m set package 'GroundStation' build argument 'cmake_force_configure' from command line to 'False'
[0.418s] [34mcolcon.colcon_core.verb[0m [1;30mLevel 5[0m set package 'GroundStation' build argument 'ament_cmake_args' from command line to 'None'
[0.418s] [34mcolcon.colcon_core.verb[0m [1;30mLevel 5[0m set package 'GroundStation' build argument 'catkin_cmake_args' from command line to 'None'
[0.418s] [34mcolcon.colcon_core.verb[0m [1;30mLevel 5[0m set package 'GroundStation' build argument 'catkin_skip_building_tests' from command line to 'False'
[0.418s] [34mcolcon.colcon_core.verb[0m [1;30mDEBUG[0m [32mBuilding package 'GroundStation' with the following arguments: {'ament_cmake_args': None, 'build_base': '/home/focal/Desktop/2024_GroundStation/build/GroundStation', 'catkin_cmake_args': None, 'catkin_skip_building_tests': False, 'cmake_args': None, 'cmake_clean_cache': False, 'cmake_clean_first': False, 'cmake_force_configure': False, 'cmake_target': None, 'cmake_target_skip_unavailable': False, 'install_base': '/home/focal/Desktop/2024_GroundStation/install/GroundStation', 'merge_install': False, 'path': '/home/focal/Desktop/2024_GroundStation/src/GroundStation', 'symlink_install': True, 'test_result_base': None}[0m
[0.419s] [34mcolcon.colcon_core.verb[0m [1;30mLevel 5[0m set package 'ros2_pyqt_turtlesim_key' build argument 'cmake_args' from command line to 'None'
[0.419s] [34mcolcon.colcon_core.verb[0m [1;30mLevel 5[0m set package 'ros2_pyqt_turtlesim_key' build argument 'cmake_target' from command line to 'None'
[0.419s] [34mcolcon.colcon_core.verb[0m [1;30mLevel 5[0m set package 'ros2_pyqt_turtlesim_key' build argument 'cmake_target_skip_unavailable' from command line to 'False'
[0.419s] [34mcolcon.colcon_core.verb[0m [1;30mLevel 5[0m set package 'ros2_pyqt_turtlesim_key' build argument 'cmake_clean_cache' from command line to 'False'
[0.419s] [34mcolcon.colcon_core.verb[0m [1;30mLevel 5[0m set package 'ros2_pyqt_turtlesim_key' build argument 'cmake_clean_first' from command line to 'False'
[0.419s] [34mcolcon.colcon_core.verb[0m [1;30mLevel 5[0m set package 'ros2_pyqt_turtlesim_key' build argument 'cmake_force_configure' from command line to 'False'
[0.419s] [34mcolcon.colcon_core.verb[0m [1;30mLevel 5[0m set package 'ros2_pyqt_turtlesim_key' build argument 'ament_cmake_args' from command line to 'None'
[0.419s] [34mcolcon.colcon_core.verb[0m [1;30mLevel 5[0m set package 'ros2_pyqt_turtlesim_key' build argument 'catkin_cmake_args' from command line to 'None'
[0.419s] [34mcolcon.colcon_core.verb[0m [1;30mLevel 5[0m set package 'ros2_pyqt_turtlesim_key' build argument 'catkin_skip_building_tests' from command line to 'False'
[0.419s] [34mcolcon.colcon_core.verb[0m [1;30mDEBUG[0m [32mBuilding package 'ros2_pyqt_turtlesim_key' with the following arguments: {'ament_cmake_args': None, 'build_base': '/home/focal/Desktop/2024_GroundStation/build/ros2_pyqt_turtlesim_key', 'catkin_cmake_args': None, 'catkin_skip_building_tests': False, 'cmake_args': None, 'cmake_clean_cache': False, 'cmake_clean_first': False, 'cmake_force_configure': False, 'cmake_target': None, 'cmake_target_skip_unavailable': False, 'install_base': '/home/focal/Desktop/2024_GroundStation/install/ros2_pyqt_turtlesim_key', 'merge_install': False, 'path': '/home/focal/Desktop/2024_GroundStation/src/ros2_pyqt_turtlesim_key', 'symlink_install': True, 'test_result_base': None}[0m
[0.419s] [34mcolcon.colcon_core.verb[0m [1;30mLevel 5[0m set package 'uav_car_interfaces' build argument 'cmake_args' from command line to 'None'
[0.420s] [34mcolcon.colcon_core.verb[0m [1;30mLevel 5[0m set package 'uav_car_interfaces' build argument 'cmake_target' from command line to 'None'
[0.420s] [34mcolcon.colcon_core.verb[0m [1;30mLevel 5[0m set package 'uav_car_interfaces' build argument 'cmake_target_skip_unavailable' from command line to 'False'
[0.420s] [34mcolcon.colcon_core.verb[0m [1;30mLevel 5[0m set package 'uav_car_interfaces' build argument 'cmake_clean_cache' from command line to 'False'
[0.420s] [34mcolcon.colcon_core.verb[0m [1;30mLevel 5[0m set package 'uav_car_interfaces' build argument 'cmake_clean_first' from command line to 'False'
[0.420s] [34mcolcon.colcon_core.verb[0m [1;30mLevel 5[0m set package 'uav_car_interfaces' build argument 'cmake_force_configure' from command line to 'False'
[0.420s] [34mcolcon.colcon_core.verb[0m [1;30mLevel 5[0m set package 'uav_car_interfaces' build argument 'ament_cmake_args' from command line to 'None'
[0.420s] [34mcolcon.colcon_core.verb[0m [1;30mLevel 5[0m set package 'uav_car_interfaces' build argument 'catkin_cmake_args' from command line to 'None'
[0.420s] [34mcolcon.colcon_core.verb[0m [1;30mLevel 5[0m set package 'uav_car_interfaces' build argument 'catkin_skip_building_tests' from command line to 'False'
[0.420s] [34mcolcon.colcon_core.verb[0m [1;30mDEBUG[0m [32mBuilding package 'uav_car_interfaces' with the following arguments: {'ament_cmake_args': None, 'build_base': '/home/focal/Desktop/2024_GroundStation/build/uav_car_interfaces', 'catkin_cmake_args': None, 'catkin_skip_building_tests': False, 'cmake_args': None, 'cmake_clean_cache': False, 'cmake_clean_first': False, 'cmake_force_configure': False, 'cmake_target': None, 'cmake_target_skip_unavailable': False, 'install_base': '/home/focal/Desktop/2024_GroundStation/install/uav_car_interfaces', 'merge_install': False, 'path': '/home/focal/Desktop/2024_GroundStation/src/uav_car_interfaces', 'symlink_install': True, 'test_result_base': None}[0m
[0.420s] [34mcolcon.colcon_core.executor[0m [1;30mINFO[0m Executing jobs using 'parallel' executor
[0.421s] [34mcolcon.colcon_parallel_executor.executor.parallel[0m [1;30mDEBUG[0m [32mrun_until_complete[0m
[0.421s] [34mcolcon.colcon_ros.task.ament_python.build[0m [1;30mINFO[0m Building ROS package in '/home/focal/Desktop/2024_GroundStation/src/GroundStation' with build type 'ament_python'
[0.422s] [34mcolcon.colcon_core.shell[0m [1;30mLevel 1[0m create_environment_hook('GroundStation', 'ament_prefix_path')
[0.424s] [34mcolcon.colcon_core.plugin_system[0m [1;30mINFO[0m Skipping extension 'colcon_core.shell.bat': Not used on non-Windows systems
[0.424s] [34mcolcon.colcon_core.shell[0m [1;30mINFO[0m Creating environment hook '/home/focal/Desktop/2024_GroundStation/install/GroundStation/share/GroundStation/hook/ament_prefix_path.ps1'
[0.424s] [34mcolcon.colcon_core.shell[0m [1;30mINFO[0m Creating environment descriptor '/home/focal/Desktop/2024_GroundStation/install/GroundStation/share/GroundStation/hook/ament_prefix_path.dsv'
[0.425s] [34mcolcon.colcon_core.shell[0m [1;30mINFO[0m Creating environment hook '/home/focal/Desktop/2024_GroundStation/install/GroundStation/share/GroundStation/hook/ament_prefix_path.sh'
[0.426s] [34mcolcon.colcon_core.shell[0m [1;30mINFO[0m Skip shell extension 'powershell' for command environment: Not usable outside of PowerShell
[0.426s] [34mcolcon.colcon_core.shell[0m [1;30mDEBUG[0m [32mSkip shell extension 'dsv' for command environment[0m
[0.433s] [34mcolcon.colcon_ros.task.ament_python.build[0m [1;30mINFO[0m Building ROS package in '/home/focal/Desktop/2024_GroundStation/src/ros2_pyqt_turtlesim_key' with build type 'ament_python'
[0.433s] [34mcolcon.colcon_core.shell[0m [1;30mLevel 1[0m create_environment_hook('ros2_pyqt_turtlesim_key', 'ament_prefix_path')
[0.434s] [34mcolcon.colcon_core.shell[0m [1;30mINFO[0m Creating environment hook '/home/focal/Desktop/2024_GroundStation/install/ros2_pyqt_turtlesim_key/share/ros2_pyqt_turtlesim_key/hook/ament_prefix_path.ps1'
[0.435s] [34mcolcon.colcon_core.shell[0m [1;30mINFO[0m Creating environment descriptor '/home/focal/Desktop/2024_GroundStation/install/ros2_pyqt_turtlesim_key/share/ros2_pyqt_turtlesim_key/hook/ament_prefix_path.dsv'
[0.436s] [34mcolcon.colcon_core.shell[0m [1;30mINFO[0m Creating environment hook '/home/focal/Desktop/2024_GroundStation/install/ros2_pyqt_turtlesim_key/share/ros2_pyqt_turtlesim_key/hook/ament_prefix_path.sh'
[0.437s] [34mcolcon.colcon_core.shell[0m [1;30mINFO[0m Skip shell extension 'powershell' for command environment: Not usable outside of PowerShell
[0.437s] [34mcolcon.colcon_core.shell[0m [1;30mDEBUG[0m [32mSkip shell extension 'dsv' for command environment[0m
[0.446s] [34mcolcon.colcon_ros.task.ament_cmake.build[0m [1;30mINFO[0m Building ROS package in '/home/focal/Desktop/2024_GroundStation/src/uav_car_interfaces' with build type 'ament_cmake'
[0.449s] [34mcolcon.colcon_cmake.task.cmake.build[0m [1;30mINFO[0m Building CMake package in '/home/focal/Desktop/2024_GroundStation/src/uav_car_interfaces'
[0.449s] [34mcolcon.colcon_core.shell[0m [1;30mINFO[0m Skip shell extension 'powershell' for command environment: Not usable outside of PowerShell
[0.449s] [34mcolcon.colcon_core.shell[0m [1;30mDEBUG[0m [32mSkip shell extension 'dsv' for command environment[0m
[0.701s] [34mcolcon.colcon_core.task.python.build[0m [1;30mINFO[0m Building Python package in '/home/focal/Desktop/2024_GroundStation/src/GroundStation'
[0.703s] [34mcolcon.colcon_core.shell[0m [1;30mINFO[0m Skip shell extension 'powershell' for command environment: Not usable outside of PowerShell
[0.703s] [34mcolcon.colcon_core.shell[0m [1;30mDEBUG[0m [32mSkip shell extension 'dsv' for command environment[0m
[0.911s] [34mcolcon.colcon_core.task.python.build[0m [1;30mINFO[0m Building Python package in '/home/focal/Desktop/2024_GroundStation/src/ros2_pyqt_turtlesim_key'
[0.912s] [34mcolcon.colcon_core.shell[0m [1;30mINFO[0m Skip shell extension 'powershell' for command environment: Not usable outside of PowerShell
[0.912s] [34mcolcon.colcon_core.shell[0m [1;30mDEBUG[0m [32mSkip shell extension 'dsv' for command environment[0m
[0.923s] [34mcolcon.colcon_core.event_handler.log_command[0m [1;30mDEBUG[0m [32mInvoking command in '/home/focal/Desktop/2024_GroundStation/build/uav_car_interfaces': CMAKE_PREFIX_PATH=/opt/ros/foxy /usr/bin/cmake --build /home/focal/Desktop/2024_GroundStation/build/uav_car_interfaces -- -j4 -l4[0m
[1.454s] [34mcolcon.colcon_core.event_handler.log_command[0m [1;30mDEBUG[0m [32mInvoking command in '/home/focal/Desktop/2024_GroundStation/build/ros2_pyqt_turtlesim_key': PYTHONPATH=/home/focal/Desktop/2024_GroundStation/build/ros2_pyqt_turtlesim_key/prefix_override:/usr/lib/python3/dist-packages/colcon_core/task/python/colcon_distutils_commands:/home/focal/Desktop/2024_GroundStation/install/ros2_pyqt_turtlesim_key/lib/python3.8/site-packages:${PYTHONPATH} /usr/bin/python3 -W ignore:setup.py install is deprecated -W ignore:easy_install command is deprecated setup.py develop --editable --build-directory /home/focal/Desktop/2024_GroundStation/build/ros2_pyqt_turtlesim_key/build --no-deps symlink_data[0m
[1.481s] [34mcolcon.colcon_core.event_handler.log_command[0m [1;30mDEBUG[0m [32mInvoked command in '/home/focal/Desktop/2024_GroundStation/build/uav_car_interfaces' returned '0': CMAKE_PREFIX_PATH=/opt/ros/foxy /usr/bin/cmake --build /home/focal/Desktop/2024_GroundStation/build/uav_car_interfaces -- -j4 -l4[0m
[1.504s] [34mcolcon.colcon_core.event_handler.log_command[0m [1;30mDEBUG[0m [32mInvoking command in '/home/focal/Desktop/2024_GroundStation/build/uav_car_interfaces': CMAKE_PREFIX_PATH=/opt/ros/foxy /usr/bin/cmake --install /home/focal/Desktop/2024_GroundStation/build/uav_car_interfaces[0m
[1.585s] [34mcolcon.colcon_core.event_handler.log_command[0m [1;30mDEBUG[0m [32mInvoking command in '/home/focal/Desktop/2024_GroundStation/build/GroundStation': PYTHONPATH=/home/focal/Desktop/2024_GroundStation/build/GroundStation/prefix_override:/usr/lib/python3/dist-packages/colcon_core/task/python/colcon_distutils_commands:/home/focal/Desktop/2024_GroundStation/install/GroundStation/lib/python3.8/site-packages:${PYTHONPATH} /usr/bin/python3 -W ignore:setup.py install is deprecated -W ignore:easy_install command is deprecated setup.py develop --editable --build-directory /home/focal/Desktop/2024_GroundStation/build/GroundStation/build --no-deps symlink_data[0m
[1.743s] [34mcolcon.colcon_core.environment[0m [1;30mLevel 1[0m create_environment_scripts_only(uav_car_interfaces)
[1.745s] [34mcolcon.colcon_core.event_handler.log_command[0m [1;30mDEBUG[0m [32mInvoked command in '/home/focal/Desktop/2024_GroundStation/build/uav_car_interfaces' returned '0': CMAKE_PREFIX_PATH=/opt/ros/foxy /usr/bin/cmake --install /home/focal/Desktop/2024_GroundStation/build/uav_car_interfaces[0m
[1.746s] [34mcolcon.colcon_core.environment[0m [1;30mLevel 1[0m checking '/home/focal/Desktop/2024_GroundStation/install/uav_car_interfaces' for CMake module files
[1.747s] [34mcolcon.colcon_core.environment[0m [1;30mLevel 1[0m checking '/home/focal/Desktop/2024_GroundStation/install/uav_car_interfaces' for CMake config files
[1.747s] [34mcolcon.colcon_core.shell[0m [1;30mLevel 1[0m create_environment_hook('uav_car_interfaces', 'cmake_prefix_path')
[1.748s] [34mcolcon.colcon_core.shell[0m [1;30mINFO[0m Creating environment hook '/home/focal/Desktop/2024_GroundStation/install/uav_car_interfaces/share/uav_car_interfaces/hook/cmake_prefix_path.ps1'
[1.748s] [34mcolcon.colcon_core.shell[0m [1;30mINFO[0m Creating environment descriptor '/home/focal/Desktop/2024_GroundStation/install/uav_car_interfaces/share/uav_car_interfaces/hook/cmake_prefix_path.dsv'
[1.749s] [34mcolcon.colcon_core.shell[0m [1;30mINFO[0m Creating environment hook '/home/focal/Desktop/2024_GroundStation/install/uav_car_interfaces/share/uav_car_interfaces/hook/cmake_prefix_path.sh'
[1.750s] [34mcolcon.colcon_core.environment[0m [1;30mLevel 1[0m checking '/home/focal/Desktop/2024_GroundStation/install/uav_car_interfaces/lib'
[1.750s] [34mcolcon.colcon_core.shell[0m [1;30mLevel 1[0m create_environment_hook('uav_car_interfaces', 'ld_library_path_lib')
[1.750s] [34mcolcon.colcon_core.shell[0m [1;30mINFO[0m Creating environment hook '/home/focal/Desktop/2024_GroundStation/install/uav_car_interfaces/share/uav_car_interfaces/hook/ld_library_path_lib.ps1'
[1.750s] [34mcolcon.colcon_core.shell[0m [1;30mINFO[0m Creating environment descriptor '/home/focal/Desktop/2024_GroundStation/install/uav_car_interfaces/share/uav_car_interfaces/hook/ld_library_path_lib.dsv'
[1.751s] [34mcolcon.colcon_core.shell[0m [1;30mINFO[0m Creating environment hook '/home/focal/Desktop/2024_GroundStation/install/uav_car_interfaces/share/uav_car_interfaces/hook/ld_library_path_lib.sh'
[1.751s] [34mcolcon.colcon_core.environment[0m [1;30mLevel 1[0m checking '/home/focal/Desktop/2024_GroundStation/install/uav_car_interfaces/bin'
[1.751s] [34mcolcon.colcon_core.environment[0m [1;30mLevel 1[0m checking '/home/focal/Desktop/2024_GroundStation/install/uav_car_interfaces/lib/pkgconfig/uav_car_interfaces.pc'
[1.751s] [34mcolcon.colcon_core.environment[0m [1;30mLevel 1[0m checking '/home/focal/Desktop/2024_GroundStation/install/uav_car_interfaces/lib/python3.8/site-packages'
[1.751s] [34mcolcon.colcon_core.shell[0m [1;30mLevel 1[0m create_environment_hook('uav_car_interfaces', 'pythonpath')
[1.751s] [34mcolcon.colcon_core.shell[0m [1;30mINFO[0m Creating environment hook '/home/focal/Desktop/2024_GroundStation/install/uav_car_interfaces/share/uav_car_interfaces/hook/pythonpath.ps1'
[1.752s] [34mcolcon.colcon_core.shell[0m [1;30mINFO[0m Creating environment descriptor '/home/focal/Desktop/2024_GroundStation/install/uav_car_interfaces/share/uav_car_interfaces/hook/pythonpath.dsv'
[1.752s] [34mcolcon.colcon_core.shell[0m [1;30mINFO[0m Creating environment hook '/home/focal/Desktop/2024_GroundStation/install/uav_car_interfaces/share/uav_car_interfaces/hook/pythonpath.sh'
[1.753s] [34mcolcon.colcon_core.environment[0m [1;30mLevel 1[0m checking '/home/focal/Desktop/2024_GroundStation/install/uav_car_interfaces/bin'
[1.753s] [34mcolcon.colcon_core.shell[0m [1;30mINFO[0m Creating package script '/home/focal/Desktop/2024_GroundStation/install/uav_car_interfaces/share/uav_car_interfaces/package.ps1'
[1.754s] [34mcolcon.colcon_core.shell[0m [1;30mINFO[0m Creating package descriptor '/home/focal/Desktop/2024_GroundStation/install/uav_car_interfaces/share/uav_car_interfaces/package.dsv'
[1.756s] [34mcolcon.colcon_core.shell[0m [1;30mINFO[0m Creating package script '/home/focal/Desktop/2024_GroundStation/install/uav_car_interfaces/share/uav_car_interfaces/package.sh'
[1.757s] [34mcolcon.colcon_core.shell[0m [1;30mINFO[0m Creating package script '/home/focal/Desktop/2024_GroundStation/install/uav_car_interfaces/share/uav_car_interfaces/package.bash'
[1.761s] [34mcolcon.colcon_core.shell[0m [1;30mINFO[0m Creating package script '/home/focal/Desktop/2024_GroundStation/install/uav_car_interfaces/share/uav_car_interfaces/package.zsh'
[1.761s] [34mcolcon.colcon_core.environment[0m [1;30mLevel 1[0m create_file_with_runtime_dependencies(/home/focal/Desktop/2024_GroundStation/install/uav_car_interfaces/share/colcon-core/packages/uav_car_interfaces)
[1.765s] [34mcolcon.colcon_core.environment[0m [1;30mLevel 1[0m create_environment_scripts_only(uav_car_interfaces)
[1.765s] [34mcolcon.colcon_core.environment[0m [1;30mLevel 1[0m checking '/home/focal/Desktop/2024_GroundStation/install/uav_car_interfaces' for CMake module files
[1.765s] [34mcolcon.colcon_core.environment[0m [1;30mLevel 1[0m checking '/home/focal/Desktop/2024_GroundStation/install/uav_car_interfaces' for CMake config files
[1.766s] [34mcolcon.colcon_core.shell[0m [1;30mLevel 1[0m create_environment_hook('uav_car_interfaces', 'cmake_prefix_path')
[1.766s] [34mcolcon.colcon_core.shell[0m [1;30mINFO[0m Creating environment hook '/home/focal/Desktop/2024_GroundStation/install/uav_car_interfaces/share/uav_car_interfaces/hook/cmake_prefix_path.ps1'
[1.767s] [34mcolcon.colcon_core.shell[0m [1;30mINFO[0m Creating environment descriptor '/home/focal/Desktop/2024_GroundStation/install/uav_car_interfaces/share/uav_car_interfaces/hook/cmake_prefix_path.dsv'
[1.773s] [34mcolcon.colcon_core.shell[0m [1;30mINFO[0m Creating environment hook '/home/focal/Desktop/2024_GroundStation/install/uav_car_interfaces/share/uav_car_interfaces/hook/cmake_prefix_path.sh'
[1.774s] [34mcolcon.colcon_core.environment[0m [1;30mLevel 1[0m checking '/home/focal/Desktop/2024_GroundStation/install/uav_car_interfaces/lib'
[1.774s] [34mcolcon.colcon_core.shell[0m [1;30mLevel 1[0m create_environment_hook('uav_car_interfaces', 'ld_library_path_lib')
[1.774s] [34mcolcon.colcon_core.shell[0m [1;30mINFO[0m Creating environment hook '/home/focal/Desktop/2024_GroundStation/install/uav_car_interfaces/share/uav_car_interfaces/hook/ld_library_path_lib.ps1'
[1.774s] [34mcolcon.colcon_core.shell[0m [1;30mINFO[0m Creating environment descriptor '/home/focal/Desktop/2024_GroundStation/install/uav_car_interfaces/share/uav_car_interfaces/hook/ld_library_path_lib.dsv'
[1.775s] [34mcolcon.colcon_core.shell[0m [1;30mINFO[0m Creating environment hook '/home/focal/Desktop/2024_GroundStation/install/uav_car_interfaces/share/uav_car_interfaces/hook/ld_library_path_lib.sh'
[1.775s] [34mcolcon.colcon_core.environment[0m [1;30mLevel 1[0m checking '/home/focal/Desktop/2024_GroundStation/install/uav_car_interfaces/bin'
[1.775s] [34mcolcon.colcon_core.environment[0m [1;30mLevel 1[0m checking '/home/focal/Desktop/2024_GroundStation/install/uav_car_interfaces/lib/pkgconfig/uav_car_interfaces.pc'
[1.775s] [34mcolcon.colcon_core.environment[0m [1;30mLevel 1[0m checking '/home/focal/Desktop/2024_GroundStation/install/uav_car_interfaces/lib/python3.8/site-packages'
[1.775s] [34mcolcon.colcon_core.shell[0m [1;30mLevel 1[0m create_environment_hook('uav_car_interfaces', 'pythonpath')
[1.775s] [34mcolcon.colcon_core.shell[0m [1;30mINFO[0m Creating environment hook '/home/focal/Desktop/2024_GroundStation/install/uav_car_interfaces/share/uav_car_interfaces/hook/pythonpath.ps1'
[1.776s] [34mcolcon.colcon_core.shell[0m [1;30mINFO[0m Creating environment descriptor '/home/focal/Desktop/2024_GroundStation/install/uav_car_interfaces/share/uav_car_interfaces/hook/pythonpath.dsv'
[1.777s] [34mcolcon.colcon_core.shell[0m [1;30mINFO[0m Creating environment hook '/home/focal/Desktop/2024_GroundStation/install/uav_car_interfaces/share/uav_car_interfaces/hook/pythonpath.sh'
[1.778s] [34mcolcon.colcon_core.environment[0m [1;30mLevel 1[0m checking '/home/focal/Desktop/2024_GroundStation/install/uav_car_interfaces/bin'
[1.778s] [34mcolcon.colcon_core.shell[0m [1;30mINFO[0m Creating package script '/home/focal/Desktop/2024_GroundStation/install/uav_car_interfaces/share/uav_car_interfaces/package.ps1'
[1.778s] [34mcolcon.colcon_core.shell[0m [1;30mINFO[0m Creating package descriptor '/home/focal/Desktop/2024_GroundStation/install/uav_car_interfaces/share/uav_car_interfaces/package.dsv'
[1.780s] [34mcolcon.colcon_core.shell[0m [1;30mINFO[0m Creating package script '/home/focal/Desktop/2024_GroundStation/install/uav_car_interfaces/share/uav_car_interfaces/package.sh'
[1.789s] [34mcolcon.colcon_core.shell[0m [1;30mINFO[0m Creating package script '/home/focal/Desktop/2024_GroundStation/install/uav_car_interfaces/share/uav_car_interfaces/package.bash'
[1.789s] [34mcolcon.colcon_core.shell[0m [1;30mINFO[0m Creating package script '/home/focal/Desktop/2024_GroundStation/install/uav_car_interfaces/share/uav_car_interfaces/package.zsh'
[1.790s] [34mcolcon.colcon_core.environment[0m [1;30mLevel 1[0m create_file_with_runtime_dependencies(/home/focal/Desktop/2024_GroundStation/install/uav_car_interfaces/share/colcon-core/packages/uav_car_interfaces)
[2.085s] [34mcolcon.colcon_core.shell[0m [1;30mLevel 1[0m create_environment_hook('ros2_pyqt_turtlesim_key', 'pythonpath_develop')
[2.085s] [34mcolcon.colcon_core.shell[0m [1;30mINFO[0m Creating environment hook '/home/focal/Desktop/2024_GroundStation/build/ros2_pyqt_turtlesim_key/share/ros2_pyqt_turtlesim_key/hook/pythonpath_develop.ps1'
[2.086s] [34mcolcon.colcon_core.event_handler.log_command[0m [1;30mDEBUG[0m [32mInvoked command in '/home/focal/Desktop/2024_GroundStation/build/ros2_pyqt_turtlesim_key' returned '0': PYTHONPATH=/home/focal/Desktop/2024_GroundStation/build/ros2_pyqt_turtlesim_key/prefix_override:/usr/lib/python3/dist-packages/colcon_core/task/python/colcon_distutils_commands:/home/focal/Desktop/2024_GroundStation/install/ros2_pyqt_turtlesim_key/lib/python3.8/site-packages:${PYTHONPATH} /usr/bin/python3 -W ignore:setup.py install is deprecated -W ignore:easy_install command is deprecated setup.py develop --editable --build-directory /home/focal/Desktop/2024_GroundStation/build/ros2_pyqt_turtlesim_key/build --no-deps symlink_data[0m
[2.088s] [34mcolcon.colcon_core.shell[0m [1;30mINFO[0m Creating environment descriptor '/home/focal/Desktop/2024_GroundStation/build/ros2_pyqt_turtlesim_key/share/ros2_pyqt_turtlesim_key/hook/pythonpath_develop.dsv'
[2.089s] [34mcolcon.colcon_core.shell[0m [1;30mINFO[0m Creating environment hook '/home/focal/Desktop/2024_GroundStation/build/ros2_pyqt_turtlesim_key/share/ros2_pyqt_turtlesim_key/hook/pythonpath_develop.sh'
[2.090s] [34mcolcon.colcon_core.environment[0m [1;30mLevel 1[0m checking '/home/focal/Desktop/2024_GroundStation/install/ros2_pyqt_turtlesim_key' for CMake module files
[2.090s] [34mcolcon.colcon_core.environment[0m [1;30mLevel 1[0m checking '/home/focal/Desktop/2024_GroundStation/install/ros2_pyqt_turtlesim_key' for CMake config files
[2.091s] [34mcolcon.colcon_core.environment[0m [1;30mLevel 1[0m checking '/home/focal/Desktop/2024_GroundStation/install/ros2_pyqt_turtlesim_key/lib'
[2.091s] [34mcolcon.colcon_core.environment[0m [1;30mLevel 1[0m checking '/home/focal/Desktop/2024_GroundStation/install/ros2_pyqt_turtlesim_key/bin'
[2.091s] [34mcolcon.colcon_core.environment[0m [1;30mLevel 1[0m checking '/home/focal/Desktop/2024_GroundStation/install/ros2_pyqt_turtlesim_key/lib/pkgconfig/ros2_pyqt_turtlesim_key.pc'
[2.092s] [34mcolcon.colcon_core.environment[0m [1;30mLevel 1[0m checking '/home/focal/Desktop/2024_GroundStation/install/ros2_pyqt_turtlesim_key/lib/python3.8/site-packages'
[2.092s] [34mcolcon.colcon_core.shell[0m [1;30mLevel 1[0m create_environment_hook('ros2_pyqt_turtlesim_key', 'pythonpath')
[2.092s] [34mcolcon.colcon_core.shell[0m [1;30mINFO[0m Creating environment hook '/home/focal/Desktop/2024_GroundStation/install/ros2_pyqt_turtlesim_key/share/ros2_pyqt_turtlesim_key/hook/pythonpath.ps1'
[2.093s] [34mcolcon.colcon_core.shell[0m [1;30mINFO[0m Creating environment descriptor '/home/focal/Desktop/2024_GroundStation/install/ros2_pyqt_turtlesim_key/share/ros2_pyqt_turtlesim_key/hook/pythonpath.dsv'
[2.093s] [34mcolcon.colcon_core.shell[0m [1;30mINFO[0m Creating environment hook '/home/focal/Desktop/2024_GroundStation/install/ros2_pyqt_turtlesim_key/share/ros2_pyqt_turtlesim_key/hook/pythonpath.sh'
[2.094s] [34mcolcon.colcon_core.environment[0m [1;30mLevel 1[0m checking '/home/focal/Desktop/2024_GroundStation/install/ros2_pyqt_turtlesim_key/bin'
[2.094s] [34mcolcon.colcon_core.environment[0m [1;30mLevel 1[0m create_environment_scripts_only(ros2_pyqt_turtlesim_key)
[2.094s] [34mcolcon.colcon_core.shell[0m [1;30mINFO[0m Creating package script '/home/focal/Desktop/2024_GroundStation/install/ros2_pyqt_turtlesim_key/share/ros2_pyqt_turtlesim_key/package.ps1'
[2.095s] [34mcolcon.colcon_core.shell[0m [1;30mINFO[0m Creating package descriptor '/home/focal/Desktop/2024_GroundStation/install/ros2_pyqt_turtlesim_key/share/ros2_pyqt_turtlesim_key/package.dsv'
[2.096s] [34mcolcon.colcon_core.shell[0m [1;30mINFO[0m Creating package script '/home/focal/Desktop/2024_GroundStation/install/ros2_pyqt_turtlesim_key/share/ros2_pyqt_turtlesim_key/package.sh'
[2.097s] [34mcolcon.colcon_core.shell[0m [1;30mINFO[0m Creating package script '/home/focal/Desktop/2024_GroundStation/install/ros2_pyqt_turtlesim_key/share/ros2_pyqt_turtlesim_key/package.bash'
[2.100s] [34mcolcon.colcon_core.shell[0m [1;30mINFO[0m Creating package script '/home/focal/Desktop/2024_GroundStation/install/ros2_pyqt_turtlesim_key/share/ros2_pyqt_turtlesim_key/package.zsh'
[2.101s] [34mcolcon.colcon_core.environment[0m [1;30mLevel 1[0m create_file_with_runtime_dependencies(/home/focal/Desktop/2024_GroundStation/install/ros2_pyqt_turtlesim_key/share/colcon-core/packages/ros2_pyqt_turtlesim_key)
[2.252s] [34mcolcon.colcon_core.shell[0m [1;30mLevel 1[0m create_environment_hook('GroundStation', 'pythonpath_develop')
[2.253s] [34mcolcon.colcon_core.shell[0m [1;30mINFO[0m Creating environment hook '/home/focal/Desktop/2024_GroundStation/build/GroundStation/share/GroundStation/hook/pythonpath_develop.ps1'
[2.253s] [34mcolcon.colcon_core.event_handler.log_command[0m [1;30mDEBUG[0m [32mInvoked command in '/home/focal/Desktop/2024_GroundStation/build/GroundStation' returned '0': PYTHONPATH=/home/focal/Desktop/2024_GroundStation/build/GroundStation/prefix_override:/usr/lib/python3/dist-packages/colcon_core/task/python/colcon_distutils_commands:/home/focal/Desktop/2024_GroundStation/install/GroundStation/lib/python3.8/site-packages:${PYTHONPATH} /usr/bin/python3 -W ignore:setup.py install is deprecated -W ignore:easy_install command is deprecated setup.py develop --editable --build-directory /home/focal/Desktop/2024_GroundStation/build/GroundStation/build --no-deps symlink_data[0m
[2.254s] [34mcolcon.colcon_core.shell[0m [1;30mINFO[0m Creating environment descriptor '/home/focal/Desktop/2024_GroundStation/build/GroundStation/share/GroundStation/hook/pythonpath_develop.dsv'
[2.254s] [34mcolcon.colcon_core.shell[0m [1;30mINFO[0m Creating environment hook '/home/focal/Desktop/2024_GroundStation/build/GroundStation/share/GroundStation/hook/pythonpath_develop.sh'
[2.255s] [34mcolcon.colcon_core.environment[0m [1;30mLevel 1[0m checking '/home/focal/Desktop/2024_GroundStation/install/GroundStation' for CMake module files
[2.255s] [34mcolcon.colcon_core.environment[0m [1;30mLevel 1[0m checking '/home/focal/Desktop/2024_GroundStation/install/GroundStation' for CMake config files
[2.256s] [34mcolcon.colcon_core.environment[0m [1;30mLevel 1[0m checking '/home/focal/Desktop/2024_GroundStation/install/GroundStation/lib'
[2.256s] [34mcolcon.colcon_core.environment[0m [1;30mLevel 1[0m checking '/home/focal/Desktop/2024_GroundStation/install/GroundStation/bin'
[2.256s] [34mcolcon.colcon_core.environment[0m [1;30mLevel 1[0m checking '/home/focal/Desktop/2024_GroundStation/install/GroundStation/lib/pkgconfig/GroundStation.pc'
[2.256s] [34mcolcon.colcon_core.environment[0m [1;30mLevel 1[0m checking '/home/focal/Desktop/2024_GroundStation/install/GroundStation/lib/python3.8/site-packages'
[2.256s] [34mcolcon.colcon_core.shell[0m [1;30mLevel 1[0m create_environment_hook('GroundStation', 'pythonpath')
[2.256s] [34mcolcon.colcon_core.shell[0m [1;30mINFO[0m Creating environment hook '/home/focal/Desktop/2024_GroundStation/install/GroundStation/share/GroundStation/hook/pythonpath.ps1'
[2.256s] [34mcolcon.colcon_core.shell[0m [1;30mINFO[0m Creating environment descriptor '/home/focal/Desktop/2024_GroundStation/install/GroundStation/share/GroundStation/hook/pythonpath.dsv'
[2.257s] [34mcolcon.colcon_core.shell[0m [1;30mINFO[0m Creating environment hook '/home/focal/Desktop/2024_GroundStation/install/GroundStation/share/GroundStation/hook/pythonpath.sh'
[2.257s] [34mcolcon.colcon_core.environment[0m [1;30mLevel 1[0m checking '/home/focal/Desktop/2024_GroundStation/install/GroundStation/bin'
[2.257s] [34mcolcon.colcon_core.environment[0m [1;30mLevel 1[0m create_environment_scripts_only(GroundStation)
[2.258s] [34mcolcon.colcon_core.shell[0m [1;30mINFO[0m Creating package script '/home/focal/Desktop/2024_GroundStation/install/GroundStation/share/GroundStation/package.ps1'
[2.258s] [34mcolcon.colcon_core.shell[0m [1;30mINFO[0m Creating package descriptor '/home/focal/Desktop/2024_GroundStation/install/GroundStation/share/GroundStation/package.dsv'
[2.259s] [34mcolcon.colcon_core.shell[0m [1;30mINFO[0m Creating package script '/home/focal/Desktop/2024_GroundStation/install/GroundStation/share/GroundStation/package.sh'
[2.259s] [34mcolcon.colcon_core.shell[0m [1;30mINFO[0m Creating package script '/home/focal/Desktop/2024_GroundStation/install/GroundStation/share/GroundStation/package.bash'
[2.259s] [34mcolcon.colcon_core.shell[0m [1;30mINFO[0m Creating package script '/home/focal/Desktop/2024_GroundStation/install/GroundStation/share/GroundStation/package.zsh'
[2.260s] [34mcolcon.colcon_core.environment[0m [1;30mLevel 1[0m create_file_with_runtime_dependencies(/home/focal/Desktop/2024_GroundStation/install/GroundStation/share/colcon-core/packages/GroundStation)
[2.260s] [34mcolcon.colcon_parallel_executor.executor.parallel[0m [1;30mDEBUG[0m [32mclosing loop[0m
[2.261s] [34mcolcon.colcon_parallel_executor.executor.parallel[0m [1;30mDEBUG[0m [32mloop closed[0m
[2.261s] [34mcolcon.colcon_parallel_executor.executor.parallel[0m [1;30mDEBUG[0m [32mrun_until_complete finished with '0'[0m
[2.261s] [34mcolcon.colcon_core.event_reactor[0m [1;30mDEBUG[0m [32mjoining thread[0m
[2.265s] [34mcolcon.colcon_core.plugin_system[0m [1;30mINFO[0m Skipping extension 'colcon_notification.desktop_notification.terminal_notifier': Not used on non-Darwin systems
[2.265s] [34mcolcon.colcon_core.plugin_system[0m [1;30mINFO[0m Skipping extension 'colcon_notification.desktop_notification.win32': Not used on non-Windows systems
[2.266s] [34mcolcon.colcon_notification.desktop_notification[0m [1;30mINFO[0m Sending desktop notification using 'notify2'
[2.289s] [34mcolcon.colcon_core.event_reactor[0m [1;30mDEBUG[0m [32mjoined thread[0m
[2.290s] [34mcolcon.colcon_core.shell[0m [1;30mINFO[0m Creating prefix script '/home/focal/Desktop/2024_GroundStation/install/local_setup.ps1'
[2.291s] [34mcolcon.colcon_core.shell[0m [1;30mINFO[0m Creating prefix util module '/home/focal/Desktop/2024_GroundStation/install/_local_setup_util_ps1.py'
[2.293s] [34mcolcon.colcon_core.shell[0m [1;30mINFO[0m Creating prefix chain script '/home/focal/Desktop/2024_GroundStation/install/setup.ps1'
[2.294s] [34mcolcon.colcon_core.shell[0m [1;30mINFO[0m Creating prefix script '/home/focal/Desktop/2024_GroundStation/install/local_setup.sh'
[2.295s] [34mcolcon.colcon_core.shell[0m [1;30mINFO[0m Creating prefix util module '/home/focal/Desktop/2024_GroundStation/install/_local_setup_util_sh.py'
[2.296s] [34mcolcon.colcon_core.shell[0m [1;30mINFO[0m Creating prefix chain script '/home/focal/Desktop/2024_GroundStation/install/setup.sh'
[2.297s] [34mcolcon.colcon_core.shell[0m [1;30mINFO[0m Creating prefix script '/home/focal/Desktop/2024_GroundStation/install/local_setup.bash'
[2.298s] [34mcolcon.colcon_core.shell[0m [1;30mINFO[0m Creating prefix chain script '/home/focal/Desktop/2024_GroundStation/install/setup.bash'
[2.302s] [34mcolcon.colcon_core.shell[0m [1;30mINFO[0m Creating prefix script '/home/focal/Desktop/2024_GroundStation/install/local_setup.zsh'
[2.302s] [34mcolcon.colcon_core.shell[0m [1;30mINFO[0m Creating prefix chain script '/home/focal/Desktop/2024_GroundStation/install/setup.zsh'
