1773478383.2618296 [INFO] [launch]: All log files can be found below /home/focal/Desktop/2024_GroundStation/run_log/2026-03-14-01-53-03-257675-ubuntu-16365
1773478383.2624736 [INFO] [launch]: Default logging verbosity is set to INFO
1773478383.3375084 [INFO] [logical-1]: process started with pid [16368]
1773478384.2446291 [logical-1] [INFO] [1773478384.244125969] [Ground]: ros2 node launch success:Ground!
1773478445.9459906 [logical-1] [INFO] [1773478445.945610452] [Ground]: takeoff 发送成功 → 飞行站已调用：takeoff服务
1773478454.2162848 [logical-1] [INFO] [1773478454.215899025] [Ground]: 识别到QR码: 小铲子
1773478454.2569346 [logical-1] [INFO] [1773478454.256633452] [Ground]: 识别到QR码: 小铲子
1773478454.3486853 [logical-1] [INFO] [1773478454.348395348] [Ground]: 识别到QR码: 小铲子
1773478454.4181938 [logical-1] [INFO] [1773478454.417881234] [Ground]: 识别到QR码: 小铲子
1773478454.5444396 [logical-1] [INFO] [1773478454.544035460] [Ground]: 识别到QR码: 小铲子
1773478454.6139371 [logical-1] [INFO] [1773478454.613565506] [Ground]: 识别到QR码: 小铲子
1773478454.6438098 [logical-1] [INFO] [1773478454.643543963] [Ground]: 识别到QR码: 小铲子
1773478454.6872640 [logical-1] [INFO] [1773478454.686907660] [Ground]: 识别到QR码: 小铲子
1773478454.7166462 [logical-1] [INFO] [1773478454.716266326] [Ground]: 识别到QR码: 小铲子
1773478454.7584798 [logical-1] [INFO] [1773478454.758124011] [Ground]: 识别到QR码: 小铲子
1773478457.2996554 [logical-1] [INFO] [1773478457.299380525] [Ground]: 识别到QR码: 小铲子
1773478458.3821738 [logical-1] [INFO] [1773478458.381864889] [Ground]: 识别到QR码: 小铲子
1773478458.3954995 [logical-1] [INFO] [1773478458.394791572] [Ground]: 识别到QR码: 葵花种子
1773478458.6031289 [logical-1] [INFO] [1773478458.602839400] [Ground]: 识别到QR码: 小铲子
1773478458.6764991 [logical-1] [INFO] [1773478458.676187926] [Ground]: 识别到QR码: 小铲子
1773478458.7429688 [logical-1] [INFO] [1773478458.742660580] [Ground]: 识别到QR码: 小铲子
1773478458.7441714 [logical-1] [INFO] [1773478458.743997637] [Ground]: 识别到QR码: 葵花种子
1773478458.8155465 [logical-1] [INFO] [1773478458.815223575] [Ground]: 识别到QR码: 小铲子
1773478458.8169386 [logical-1] [INFO] [1773478458.816711888] [Ground]: 识别到QR码: 葵花种子
1773478458.8420117 [logical-1] [INFO] [1773478458.841659086] [Ground]: 识别到QR码: 葵花种子
1773478458.8946366 [logical-1] [INFO] [1773478458.894351703] [Ground]: 识别到QR码: 小铲子
1773478458.9428465 [logical-1] [INFO] [1773478458.942471853] [Ground]: 识别到QR码: 葵花种子
1773478458.9987125 [logical-1] [INFO] [1773478458.998384811] [Ground]: 识别到QR码: 小铲子
1773478459.0005105 [logical-1] [INFO] [1773478459.000246977] [Ground]: 识别到QR码: 葵花种子
1773478459.0088563 [logical-1] [INFO] [1773478459.008582157] [Ground]: 识别到QR码: 小铲子
1773478459.1569903 [logical-1] [INFO] [1773478459.156607829] [Ground]: 识别到QR码: 小铲子
1773478459.1848164 [logical-1] [INFO] [1773478459.184421235] [Ground]: 识别到QR码: 小铲子
1773478459.1906309 [logical-1] [INFO] [1773478459.190149369] [Ground]: 识别到QR码: 葵花种子
1773478459.2484896 [logical-1] [INFO] [1773478459.248156617] [Ground]: 识别到QR码: 葵花种子
1773478459.2494893 [logical-1] [INFO] [1773478459.249274035] [Ground]: 识别到QR码: 小铲子
1773478459.2753785 [logical-1] [INFO] [1773478459.275104492] [Ground]: 识别到QR码: 小铲子
1773478459.2765698 [logical-1] [INFO] [1773478459.276297037] [Ground]: 识别到QR码: 葵花种子
1773478459.3183937 [logical-1] [INFO] [1773478459.317944747] [Ground]: 识别到QR码: 小铲子
1773478459.3473172 [logical-1] [INFO] [1773478459.346907649] [Ground]: 识别到QR码: 小铲子
1773478459.3485212 [logical-1] [INFO] [1773478459.348372110] [Ground]: 识别到QR码: 葵花种子
1773478459.3807702 [logical-1] [INFO] [1773478459.380503130] [Ground]: 识别到QR码: 小铲子
1773478459.4119573 [logical-1] [INFO] [1773478459.411534973] [Ground]: 识别到QR码: 小铲子
1773478459.4499569 [logical-1] [INFO] [1773478459.449558642] [Ground]: 识别到QR码: 小铲子
1773478459.4512582 [logical-1] [INFO] [1773478459.451048688] [Ground]: 识别到QR码: 葵花种子
1773478459.4801505 [logical-1] [INFO] [1773478459.479769608] [Ground]: 识别到QR码: 小铲子
1773478459.4822633 [logical-1] [INFO] [1773478459.481527028] [Ground]: 识别到QR码: 葵花种子
1773478459.5156162 [logical-1] [INFO] [1773478459.515227268] [Ground]: 识别到QR码: 葵花种子
1773478459.5442898 [logical-1] [INFO] [1773478459.543906974] [Ground]: 识别到QR码: 小铲子
1773478459.6157062 [logical-1] [INFO] [1773478459.615392007] [Ground]: 识别到QR码: 小铲子
1773478459.6496699 [logical-1] [INFO] [1773478459.649216532] [Ground]: 识别到QR码: 小铲子
1773478459.6513877 [logical-1] [INFO] [1773478459.651068187] [Ground]: 识别到QR码: 葵花种子
1773478459.6847813 [logical-1] [INFO] [1773478459.684523169] [Ground]: 识别到QR码: 小铲子
1773478459.6856763 [logical-1] [INFO] [1773478459.685509356] [Ground]: 识别到QR码: 葵花种子
1773478459.7137239 [logical-1] [INFO] [1773478459.713389055] [Ground]: 识别到QR码: 小铲子
1773478459.7188585 [logical-1] [INFO] [1773478459.718159390] [Ground]: 识别到QR码: 葵花种子
1773478459.7493854 [logical-1] [INFO] [1773478459.748881389] [Ground]: 识别到QR码: 小铲子
1773478459.7821486 [logical-1] [INFO] [1773478459.781848756] [Ground]: 识别到QR码: 小铲子
1773478459.8798528 [logical-1] [INFO] [1773478459.879551077] [Ground]: 识别到QR码: 小铲子
1773478459.9823623 [logical-1] [INFO] [1773478459.982032380] [Ground]: 识别到QR码: 小铲子
1773478460.0323453 [logical-1] [INFO] [1773478460.031969907] [Ground]: 识别到QR码: 葵花种子
1773478460.0335500 [logical-1] [INFO] [1773478460.033296451] [Ground]: 识别到QR码: 小铲子
1773478460.0487368 [logical-1] [INFO] [1773478460.048410960] [Ground]: 识别到QR码: 小铲子
1773478460.2513278 [logical-1] [INFO] [1773478460.250943955] [Ground]: 识别到QR码: 小铲子
1773478460.2890971 [logical-1] [INFO] [1773478460.288781357] [Ground]: 识别到QR码: 小铲子
1773478460.4356852 [logical-1] [INFO] [1773478460.435289707] [Ground]: 识别到QR码: 葵花种子
1773478460.4652541 [logical-1] [INFO] [1773478460.464571433] [Ground]: 识别到QR码: 葵花种子
1773478460.5837398 [logical-1] [INFO] [1773478460.583405713] [Ground]: 识别到QR码: 小铲子
1773478460.6268094 [logical-1] [INFO] [1773478460.626425163] [Ground]: 识别到QR码: 小铲子
1773478460.7908678 [logical-1] [INFO] [1773478460.790565443] [Ground]: 识别到QR码: 小铲子
1773478460.9228258 [logical-1] [INFO] [1773478460.922465598] [Ground]: 识别到QR码: 小铲子
1773478460.9683218 [logical-1] [INFO] [1773478460.968009012] [Ground]: 识别到QR码: 小铲子
1773478461.1585655 [logical-1] [INFO] [1773478461.158275939] [Ground]: 识别到QR码: 小铲子
1773478461.4357080 [logical-1] [INFO] [1773478461.435378009] [Ground]: 识别到QR码: 小铲子
1773478461.4974873 [logical-1] [INFO] [1773478461.497187507] [Ground]: 识别到QR码: 小铲子
1773478461.5726371 [logical-1] [INFO] [1773478461.572164716] [Ground]: 识别到QR码: 小铲子
1773478461.6251349 [logical-1] [INFO] [1773478461.624741044] [Ground]: 识别到QR码: 小铲子
1773478461.6255755 [logical-1] [INFO] [1773478461.625478694] [Ground]: 识别到QR码: 葵花种子
1773478461.6634934 [logical-1] [INFO] [1773478461.663192238] [Ground]: 识别到QR码: 小铲子
1773478461.6914005 [logical-1] [INFO] [1773478461.691127997] [Ground]: 识别到QR码: 小铲子
1773478461.6922061 [logical-1] [INFO] [1773478461.692076352] [Ground]: 识别到QR码: 葵花种子
1773478461.7358589 [logical-1] [INFO] [1773478461.735543008] [Ground]: 识别到QR码: 小铲子
1773478461.7365675 [logical-1] [INFO] [1773478461.736383654] [Ground]: 识别到QR码: 葵花种子
1773478461.8276062 [logical-1] [INFO] [1773478461.827204671] [Ground]: 识别到QR码: 小铲子
1773478461.8626111 [logical-1] [INFO] [1773478461.862064119] [Ground]: 识别到QR码: 葵花种子
1773478461.8644578 [logical-1] [INFO] [1773478461.864066386] [Ground]: 识别到QR码: 小铲子
1773478461.8993626 [logical-1] [INFO] [1773478461.898942867] [Ground]: 识别到QR码: 小铲子
1773478461.9005010 [logical-1] [INFO] [1773478461.900273317] [Ground]: 识别到QR码: 葵花种子
1773478462.0002882 [logical-1] [INFO] [1773478461.999515893] [Ground]: 识别到QR码: 小铲子
1773478462.0700421 [logical-1] [INFO] [1773478462.069596898] [Ground]: 识别到QR码: 小铲子
1773478462.0717790 [logical-1] [INFO] [1773478462.071583379] [Ground]: 识别到QR码: 葵花种子
1773478462.0980005 [logical-1] [INFO] [1773478462.097703282] [Ground]: 识别到QR码: 小铲子
1773478462.0987468 [logical-1] [INFO] [1773478462.098570998] [Ground]: 识别到QR码: 葵花种子
1773478462.1583951 [logical-1] [INFO] [1773478462.157935386] [Ground]: 识别到QR码: 小铲子
1773478462.1619914 [logical-1] [INFO] [1773478462.161249321] [Ground]: 识别到QR码: 葵花种子
1773478462.1676254 [logical-1] [INFO] [1773478462.166402091] [Ground]: 识别到QR码: 小铲子
1773478462.1702385 [logical-1] [INFO] [1773478462.169885487] [Ground]: 识别到QR码: 葵花种子
1773478462.2025464 [logical-1] [INFO] [1773478462.202262369] [Ground]: 识别到QR码: 小铲子
1773478462.2044764 [logical-1] [INFO] [1773478462.204246261] [Ground]: 识别到QR码: 葵花种子
1773478462.2318404 [logical-1] [INFO] [1773478462.231433806] [Ground]: 识别到QR码: 小铲子
1773478462.2670023 [logical-1] [INFO] [1773478462.266602612] [Ground]: 识别到QR码: 小铲子
1773478462.2684920 [logical-1] [INFO] [1773478462.268283178] [Ground]: 识别到QR码: 葵花种子
1773478462.2981093 [logical-1] [INFO] [1773478462.297388624] [Ground]: 识别到QR码: 小铲子
1773478462.2999303 [logical-1] [INFO] [1773478462.299687125] [Ground]: 识别到QR码: 葵花种子
1773478462.3387699 [logical-1] [INFO] [1773478462.338255196] [Ground]: 识别到QR码: 小铲子
1773478462.3403039 [logical-1] [INFO] [1773478462.340016471] [Ground]: 识别到QR码: 葵花种子
1773478462.3673863 [logical-1] [INFO] [1773478462.367066779] [Ground]: 识别到QR码: 小铲子
1773478462.3691359 [logical-1] [INFO] [1773478462.368739257] [Ground]: 识别到QR码: 葵花种子
1773478462.4005892 [logical-1] [INFO] [1773478462.400240624] [Ground]: 识别到QR码: 小铲子
1773478462.4030828 [logical-1] [INFO] [1773478462.402672125] [Ground]: 识别到QR码: 葵花种子
1773478462.4353876 [logical-1] [INFO] [1773478462.435069876] [Ground]: 识别到QR码: 小铲子
1773478462.4368269 [logical-1] [INFO] [1773478462.436472468] [Ground]: 识别到QR码: 葵花种子
1773478462.5068867 [logical-1] [INFO] [1773478462.506578653] [Ground]: 识别到QR码: 小铲子
1773478462.5111833 [logical-1] [INFO] [1773478462.510641116] [Ground]: 识别到QR码: 葵花种子
1773478462.5227895 [logical-1] [INFO] [1773478462.522368160] [Ground]: 识别到QR码: 小铲子
1773478462.5246451 [logical-1] [INFO] [1773478462.524338742] [Ground]: 识别到QR码: 葵花种子
1773478462.5364847 [logical-1] [INFO] [1773478462.536175800] [Ground]: 识别到QR码: 小铲子
1773478462.5379193 [logical-1] [INFO] [1773478462.537642277] [Ground]: 识别到QR码: 葵花种子
1773478462.5653665 [logical-1] [INFO] [1773478462.565061094] [Ground]: 识别到QR码: 小铲子
1773478462.6106920 [logical-1] [INFO] [1773478462.610142261] [Ground]: 识别到QR码: 小铲子
1773478462.6118248 [logical-1] [INFO] [1773478462.611497422] [Ground]: 识别到QR码: 葵花种子
1773478462.6412840 [logical-1] [INFO] [1773478462.640823837] [Ground]: 识别到QR码: 小铲子
1773478462.6421952 [logical-1] [INFO] [1773478462.641966932] [Ground]: 识别到QR码: 葵花种子
1773478462.7043447 [logical-1] [INFO] [1773478462.703961498] [Ground]: 识别到QR码: 葵花种子
1773478462.7053628 [logical-1] [INFO] [1773478462.705115219] [Ground]: 识别到QR码: 小铲子
1773478462.7344425 [logical-1] [INFO] [1773478462.734092130] [Ground]: 识别到QR码: 小铲子
1773478462.8051882 [logical-1] [INFO] [1773478462.804828584] [Ground]: 识别到QR码: 小铲子
1773478462.9405584 [logical-1] [INFO] [1773478462.940134103] [Ground]: 识别到QR码: 小铲子
1773478462.9701130 [logical-1] [INFO] [1773478462.969674856] [Ground]: 识别到QR码: 小铲子
1773478462.9712481 [logical-1] [INFO] [1773478462.970943493] [Ground]: 识别到QR码: 葵花种子
1773478463.0444338 [logical-1] [INFO] [1773478463.044096584] [Ground]: 识别到QR码: 小铲子
1773478463.0460181 [logical-1] [INFO] [1773478463.045773864] [Ground]: 识别到QR码: 葵花种子
1773478463.0791876 [logical-1] [INFO] [1773478463.078793205] [Ground]: 识别到QR码: 葵花种子
1773478463.0816286 [logical-1] [INFO] [1773478463.081232517] [Ground]: 识别到QR码: 小铲子
1773478463.1073520 [logical-1] [INFO] [1773478463.106940035] [Ground]: 识别到QR码: 小铲子
1773478463.1084208 [logical-1] [INFO] [1773478463.108222584] [Ground]: 识别到QR码: 葵花种子
1773478463.1413159 [logical-1] [INFO] [1773478463.140939866] [Ground]: 识别到QR码: 小铲子
1773478463.1432896 [logical-1] [INFO] [1773478463.143032275] [Ground]: 识别到QR码: 葵花种子
1773478463.1719449 [logical-1] [INFO] [1773478463.171567080] [Ground]: 识别到QR码: 小铲子
1773478463.1760664 [logical-1] [INFO] [1773478463.175743218] [Ground]: 识别到QR码: 葵花种子
1773478463.2100911 [logical-1] [INFO] [1773478463.209763739] [Ground]: 识别到QR码: 小铲子
1773478463.2112896 [logical-1] [INFO] [1773478463.211070624] [Ground]: 识别到QR码: 葵花种子
1773478463.2403193 [logical-1] [INFO] [1773478463.239997802] [Ground]: 识别到QR码: 小铲子
1773478463.2415957 [logical-1] [INFO] [1773478463.241406048] [Ground]: 识别到QR码: 葵花种子
1773478463.3105814 [logical-1] [INFO] [1773478463.310228744] [Ground]: 识别到QR码: 小铲子
1773478463.3122261 [logical-1] [INFO] [1773478463.311864105] [Ground]: 识别到QR码: 葵花种子
1773478463.3400967 [logical-1] [INFO] [1773478463.339473393] [Ground]: 识别到QR码: 小铲子
1773478463.3414268 [logical-1] [INFO] [1773478463.340834596] [Ground]: 识别到QR码: 葵花种子
1773478463.3790238 [logical-1] [INFO] [1773478463.378633623] [Ground]: 识别到QR码: 小铲子
1773478463.3811567 [logical-1] [INFO] [1773478463.380758939] [Ground]: 识别到QR码: 葵花种子
1773478463.4101760 [logical-1] [INFO] [1773478463.407786079] [Ground]: 识别到QR码: 小铲子
1773478463.4432988 [logical-1] [INFO] [1773478463.442791563] [Ground]: 识别到QR码: 小铲子
1773478463.4460921 [logical-1] [INFO] [1773478463.445608802] [Ground]: 识别到QR码: 葵花种子
1773478463.4805691 [logical-1] [INFO] [1773478463.480206245] [Ground]: 识别到QR码: 小铲子
1773478463.4824924 [logical-1] [INFO] [1773478463.481561950] [Ground]: 识别到QR码: 葵花种子
1773478463.5102148 [logical-1] [INFO] [1773478463.509866308] [Ground]: 识别到QR码: 小铲子
1773478463.5120478 [logical-1] [INFO] [1773478463.511785533] [Ground]: 识别到QR码: 葵花种子
1773478463.5480182 [logical-1] [INFO] [1773478463.547528002] [Ground]: 识别到QR码: 小铲子
1773478463.5506549 [logical-1] [INFO] [1773478463.550223852] [Ground]: 识别到QR码: 葵花种子
1773478463.5758100 [logical-1] [INFO] [1773478463.575304757] [Ground]: 识别到QR码: 小铲子
1773478463.5775068 [logical-1] [INFO] [1773478463.577113906] [Ground]: 识别到QR码: 葵花种子
1773478463.6093843 [logical-1] [INFO] [1773478463.608888228] [Ground]: 识别到QR码: 小铲子
1773478463.6175160 [logical-1] [INFO] [1773478463.617146230] [Ground]: 识别到QR码: 葵花种子
1773478463.6532481 [logical-1] [INFO] [1773478463.652783734] [Ground]: 识别到QR码: 小铲子
1773478463.6747997 [logical-1] [INFO] [1773478463.674359719] [Ground]: 识别到QR码: 小铲子
1773478463.6767378 [logical-1] [INFO] [1773478463.676444865] [Ground]: 识别到QR码: 葵花种子
1773478463.7124817 [logical-1] [INFO] [1773478463.712114651] [Ground]: 识别到QR码: 小铲子
1773478463.7138164 [logical-1] [INFO] [1773478463.713543018] [Ground]: 识别到QR码: 葵花种子
1773478463.7423136 [logical-1] [INFO] [1773478463.741966500] [Ground]: 识别到QR码: 小铲子
1773478463.7437937 [logical-1] [INFO] [1773478463.743484383] [Ground]: 识别到QR码: 葵花种子
1773478463.7767687 [logical-1] [INFO] [1773478463.776361539] [Ground]: 识别到QR码: 小铲子
1773478463.8115292 [logical-1] [INFO] [1773478463.811145043] [Ground]: 识别到QR码: 小铲子
1773478463.8451219 [logical-1] [INFO] [1773478463.844740096] [Ground]: 识别到QR码: 小铲子
1773478463.8508761 [logical-1] [INFO] [1773478463.850399817] [Ground]: 识别到QR码: 葵花种子
1773478463.8809316 [logical-1] [INFO] [1773478463.880529778] [Ground]: 识别到QR码: 小铲子
1773478463.8829486 [logical-1] [INFO] [1773478463.882597301] [Ground]: 识别到QR码: 葵花种子
1773478463.9097703 [logical-1] [INFO] [1773478463.909384103] [Ground]: 识别到QR码: 小铲子
1773478463.9828296 [logical-1] [INFO] [1773478463.982423663] [Ground]: 识别到QR码: 小铲子
1773478464.0216668 [logical-1] [INFO] [1773478464.021323020] [Ground]: 识别到QR码: 小铲子
1773478464.0481083 [logical-1] [INFO] [1773478464.047764821] [Ground]: 识别到QR码: 小铲子
1773478464.1501510 [logical-1] [INFO] [1773478464.149443420] [Ground]: 识别到QR码: 小铲子
1773478464.1767044 [logical-1] [INFO] [1773478464.176303443] [Ground]: 识别到QR码: 小铲子
1773478464.2129703 [logical-1] [INFO] [1773478464.212520594] [Ground]: 识别到QR码: 小铲子
1773478464.2493651 [logical-1] [INFO] [1773478464.249032213] [Ground]: 识别到QR码: 葵花种子
1773478464.2511947 [logical-1] [INFO] [1773478464.250754739] [Ground]: 识别到QR码: 小铲子
1773478464.3508325 [logical-1] [INFO] [1773478464.350308982] [Ground]: 识别到QR码: 小铲子
1773478464.3770034 [logical-1] [INFO] [1773478464.376707911] [Ground]: 识别到QR码: 小铲子
1773478464.4161406 [logical-1] [INFO] [1773478464.415847542] [Ground]: 识别到QR码: 小铲子
1773478464.4476898 [logical-1] [INFO] [1773478464.447259284] [Ground]: 识别到QR码: 小铲子
1773478464.4487607 [logical-1] [INFO] [1773478464.448339915] [Ground]: 识别到QR码: 葵花种子
1773478464.4838803 [logical-1] [INFO] [1773478464.483346572] [Ground]: 识别到QR码: 小铲子
1773478464.5823772 [logical-1] [INFO] [1773478464.582085626] [Ground]: 识别到QR码: 小铲子
1773478464.6388302 [logical-1] [INFO] [1773478464.638466138] [Ground]: 识别到QR码: 小铲子
1773478464.6502483 [logical-1] [INFO] [1773478464.649927637] [Ground]: 识别到QR码: 小铲子
1773478464.6876469 [logical-1] [INFO] [1773478464.687334147] [Ground]: 识别到QR码: 小铲子
1773478464.7140112 [logical-1] [INFO] [1773478464.713685193] [Ground]: 识别到QR码: 小铲子
1773478464.7553282 [logical-1] [INFO] [1773478464.754981036] [Ground]: 识别到QR码: 小铲子
1773478464.8551149 [logical-1] [INFO] [1773478464.854656157] [Ground]: 识别到QR码: 小铲子
1773478464.8846118 [logical-1] [INFO] [1773478464.884254826] [Ground]: 识别到QR码: 葵花种子
1773478464.8863487 [logical-1] [INFO] [1773478464.886005738] [Ground]: 识别到QR码: 小铲子
1773478464.9365845 [logical-1] [INFO] [1773478464.936117322] [Ground]: 识别到QR码: 小铲子
1773478464.9678981 [logical-1] [INFO] [1773478464.967446400] [Ground]: 识别到QR码: 小铲子
1773478464.9692817 [logical-1] [INFO] [1773478464.968949660] [Ground]: 识别到QR码: 葵花种子
1773478464.9969118 [logical-1] [INFO] [1773478464.996471345] [Ground]: 识别到QR码: 小铲子
1773478465.0301504 [logical-1] [INFO] [1773478465.029717307] [Ground]: 识别到QR码: 小铲子
1773478465.0319211 [logical-1] [INFO] [1773478465.031538875] [Ground]: 识别到QR码: 葵花种子
1773478465.0853424 [logical-1] [INFO] [1773478465.085003730] [Ground]: 识别到QR码: 小铲子
1773478465.0928476 [logical-1] [INFO] [1773478465.092330672] [Ground]: 识别到QR码: 小铲子
1773478465.0962219 [logical-1] [INFO] [1773478465.095901117] [Ground]: 识别到QR码: 葵花种子
1773478465.1268983 [logical-1] [INFO] [1773478465.126527826] [Ground]: 识别到QR码: 小铲子
1773478465.1396646 [logical-1] [INFO] [1773478465.139056406] [Ground]: 识别到QR码: 葵花种子
1773478465.1522944 [logical-1] [INFO] [1773478465.151930951] [Ground]: 识别到QR码: 小铲子
1773478465.1564579 [logical-1] [INFO] [1773478465.156014334] [Ground]: 识别到QR码: 葵花种子
1773478465.2017152 [logical-1] [INFO] [1773478465.201339921] [Ground]: 识别到QR码: 小铲子
1773478465.2030954 [logical-1] [INFO] [1773478465.202791454] [Ground]: 识别到QR码: 葵花种子
1773478465.2374794 [logical-1] [INFO] [1773478465.236696262] [Ground]: 识别到QR码: 小铲子
1773478465.2646184 [logical-1] [INFO] [1773478465.264168995] [Ground]: 识别到QR码: 小铲子
1773478465.2928572 [logical-1] [INFO] [1773478465.292403282] [Ground]: 识别到QR码: 小铲子
1773478465.3234301 [logical-1] [INFO] [1773478465.322897048] [Ground]: 识别到QR码: 小铲子
1773478465.3246682 [logical-1] [INFO] [1773478465.324194568] [Ground]: 识别到QR码: 葵花种子
1773478465.3586166 [logical-1] [INFO] [1773478465.358218879] [Ground]: 识别到QR码: 小铲子
1773478465.3891039 [logical-1] [INFO] [1773478465.388207233] [Ground]: 识别到QR码: 小铲子
1773478465.3912594 [logical-1] [INFO] [1773478465.390956254] [Ground]: 识别到QR码: 葵花种子
1773478465.4197361 [logical-1] [INFO] [1773478465.419227597] [Ground]: 识别到QR码: 小铲子
1773478465.4221876 [logical-1] [INFO] [1773478465.421728101] [Ground]: 识别到QR码: 葵花种子
1773478465.4616935 [logical-1] [INFO] [1773478465.461068415] [Ground]: 识别到QR码: 葵花种子
1773478465.4626958 [logical-1] [INFO] [1773478465.462195987] [Ground]: 识别到QR码: 小铲子
1773478465.4931371 [logical-1] [INFO] [1773478465.492369178] [Ground]: 识别到QR码: 小铲子
1773478465.4941943 [logical-1] [INFO] [1773478465.493739104] [Ground]: 识别到QR码: 葵花种子
1773478465.5273788 [logical-1] [INFO] [1773478465.526805685] [Ground]: 识别到QR码: 小铲子
1773478465.5286851 [logical-1] [INFO] [1773478465.528254661] [Ground]: 识别到QR码: 葵花种子
1773478465.5593834 [logical-1] [INFO] [1773478465.558464235] [Ground]: 识别到QR码: 小铲子
1773478465.5616457 [logical-1] [INFO] [1773478465.561169506] [Ground]: 识别到QR码: 葵花种子
1773478465.5912557 [logical-1] [INFO] [1773478465.590766006] [Ground]: 识别到QR码: 小铲子
1773478465.5929976 [logical-1] [INFO] [1773478465.592731315] [Ground]: 识别到QR码: 葵花种子
1773478465.6527362 [logical-1] [INFO] [1773478465.652306160] [Ground]: 识别到QR码: 小铲子
1773478465.6600578 [logical-1] [INFO] [1773478465.659531015] [Ground]: 识别到QR码: 葵花种子
1773478465.6611068 [logical-1] [INFO] [1773478465.660501109] [Ground]: 识别到QR码: 小铲子
1773478465.6625032 [logical-1] [INFO] [1773478465.661995102] [Ground]: 识别到QR码: 葵花种子
1773478465.7022543 [logical-1] [INFO] [1773478465.701799354] [Ground]: 识别到QR码: 小铲子
1773478465.7032053 [logical-1] [INFO] [1773478465.702991270] [Ground]: 识别到QR码: 葵花种子
1773478465.7211702 [logical-1] [INFO] [1773478465.720670983] [Ground]: 识别到QR码: 小铲子
1773478465.7236342 [logical-1] [INFO] [1773478465.723279198] [Ground]: 识别到QR码: 葵花种子
1773478465.7580593 [logical-1] [INFO] [1773478465.757662301] [Ground]: 识别到QR码: 小铲子
1773478465.7591364 [logical-1] [INFO] [1773478465.758913756] [Ground]: 识别到QR码: 葵花种子
1773478465.7912316 [logical-1] [INFO] [1773478465.790890896] [Ground]: 识别到QR码: 小铲子
1773478465.7926688 [logical-1] [INFO] [1773478465.792241513] [Ground]: 识别到QR码: 葵花种子
1773478465.8228855 [logical-1] [INFO] [1773478465.822576388] [Ground]: 识别到QR码: 小铲子
1773478465.8241088 [logical-1] [INFO] [1773478465.823754331] [Ground]: 识别到QR码: 葵花种子
1773478465.8604255 [logical-1] [INFO] [1773478465.860092264] [Ground]: 识别到QR码: 小铲子
1773478465.8618696 [logical-1] [INFO] [1773478465.861564819] [Ground]: 识别到QR码: 葵花种子
1773478465.8907938 [logical-1] [INFO] [1773478465.890442483] [Ground]: 识别到QR码: 小铲子
1773478465.8924077 [logical-1] [INFO] [1773478465.892099620] [Ground]: 识别到QR码: 葵花种子
1773478465.9231622 [logical-1] [INFO] [1773478465.922719761] [Ground]: 识别到QR码: 小铲子
1773478465.9243279 [logical-1] [INFO] [1773478465.924079947] [Ground]: 识别到QR码: 葵花种子
1773478465.9648249 [logical-1] [INFO] [1773478465.964510079] [Ground]: 识别到QR码: 小铲子
1773478465.9661040 [logical-1] [INFO] [1773478465.965729715] [Ground]: 识别到QR码: 葵花种子
1773478465.9940879 [logical-1] [INFO] [1773478465.993735573] [Ground]: 识别到QR码: 小铲子
1773478465.9966896 [logical-1] [INFO] [1773478465.996297443] [Ground]: 识别到QR码: 葵花种子
1773478466.0254858 [logical-1] [INFO] [1773478466.025136774] [Ground]: 识别到QR码: 小铲子
1773478466.0275168 [logical-1] [INFO] [1773478466.026431872] [Ground]: 识别到QR码: 葵花种子
1773478466.0623507 [logical-1] [INFO] [1773478466.061938585] [Ground]: 识别到QR码: 小铲子
1773478466.0648942 [logical-1] [INFO] [1773478466.064383985] [Ground]: 识别到QR码: 葵花种子
1773478466.1006672 [logical-1] [INFO] [1773478466.100197807] [Ground]: 识别到QR码: 小铲子
1773478466.1286054 [logical-1] [INFO] [1773478466.128133887] [Ground]: 识别到QR码: 小铲子
1773478466.1295159 [logical-1] [INFO] [1773478466.129259691] [Ground]: 识别到QR码: 葵花种子
1773478466.1594601 [logical-1] [INFO] [1773478466.158955104] [Ground]: 识别到QR码: 小铲子
1773478466.1603060 [logical-1] [INFO] [1773478466.160099848] [Ground]: 识别到QR码: 葵花种子
1773478466.1950228 [logical-1] [INFO] [1773478466.194582934] [Ground]: 识别到QR码: 小铲子
1773478466.1957023 [logical-1] [INFO] [1773478466.195532461] [Ground]: 识别到QR码: 葵花种子
1773478466.2301700 [logical-1] [INFO] [1773478466.229675941] [Ground]: 识别到QR码: 小铲子
1773478466.2317426 [logical-1] [INFO] [1773478466.231325587] [Ground]: 识别到QR码: 葵花种子
1773478466.2771668 [logical-1] [INFO] [1773478466.276788892] [Ground]: 识别到QR码: 小铲子
1773478466.2792096 [logical-1] [INFO] [1773478466.278879382] [Ground]: 识别到QR码: 葵花种子
1773478466.2959263 [logical-1] [INFO] [1773478466.295617330] [Ground]: 识别到QR码: 小铲子
1773478466.2973959 [logical-1] [INFO] [1773478466.297111427] [Ground]: 识别到QR码: 葵花种子
1773478466.3270860 [logical-1] [INFO] [1773478466.326756338] [Ground]: 识别到QR码: 小铲子
1773478466.3616142 [logical-1] [INFO] [1773478466.361274819] [Ground]: 识别到QR码: 小铲子
1773478466.3626518 [logical-1] [INFO] [1773478466.362449327] [Ground]: 识别到QR码: 葵花种子
1773478466.3990846 [logical-1] [INFO] [1773478466.398717456] [Ground]: 识别到QR码: 小铲子
1773478466.4004681 [logical-1] [INFO] [1773478466.400183366] [Ground]: 识别到QR码: 葵花种子
1773478466.4262235 [logical-1] [INFO] [1773478466.425895764] [Ground]: 识别到QR码: 小铲子
1773478466.4272454 [logical-1] [INFO] [1773478466.426998281] [Ground]: 识别到QR码: 葵花种子
1773478466.5276191 [logical-1] [INFO] [1773478466.527250188] [Ground]: 识别到QR码: 小铲子
1773478466.5293393 [logical-1] [INFO] [1773478466.529048067] [Ground]: 识别到QR码: 葵花种子
1773478466.5350885 [logical-1] [INFO] [1773478466.534677063] [Ground]: 识别到QR码: 小铲子
1773478466.5370698 [logical-1] [INFO] [1773478466.536476255] [Ground]: 识别到QR码: 葵花种子
1773478466.5419600 [logical-1] [INFO] [1773478466.539920528] [Ground]: 识别到QR码: 小铲子
1773478466.5495293 [logical-1] [INFO] [1773478466.549096184] [Ground]: 识别到QR码: 葵花种子
1773478466.5706491 [logical-1] [INFO] [1773478466.570276883] [Ground]: 识别到QR码: 小铲子
1773478466.6394641 [logical-1] [INFO] [1773478466.639095733] [Ground]: 识别到QR码: 小铲子
1773478466.6677802 [logical-1] [INFO] [1773478466.667441248] [Ground]: 识别到QR码: 小铲子
1773478466.6688197 [logical-1] [INFO] [1773478466.668543071] [Ground]: 识别到QR码: 葵花种子
1773478466.6983962 [logical-1] [INFO] [1773478466.697892654] [Ground]: 识别到QR码: 小铲子
1773478466.6993041 [logical-1] [INFO] [1773478466.699082142] [Ground]: 识别到QR码: 葵花种子
1773478466.7315159 [logical-1] [INFO] [1773478466.731177430] [Ground]: 识别到QR码: 小铲子
1773478466.7334168 [logical-1] [INFO] [1773478466.733106722] [Ground]: 识别到QR码: 葵花种子
1773478466.7636044 [logical-1] [INFO] [1773478466.763115823] [Ground]: 识别到QR码: 葵花种子
1773478466.7650049 [logical-1] [INFO] [1773478466.764735110] [Ground]: 识别到QR码: 小铲子
1773478466.7956498 [logical-1] [INFO] [1773478466.795321562] [Ground]: 识别到QR码: 小铲子
1773478466.7975488 [logical-1] [INFO] [1773478466.797295531] [Ground]: 识别到QR码: 葵花种子
1773478466.8327341 [logical-1] [INFO] [1773478466.832370481] [Ground]: 识别到QR码: 小铲子
1773478466.8641992 [logical-1] [INFO] [1773478466.863853166] [Ground]: 识别到QR码: 小铲子
1773478466.8722086 [logical-1] [INFO] [1773478466.871909302] [Ground]: 识别到QR码: 葵花种子
1773478466.9072945 [logical-1] [INFO] [1773478466.906961562] [Ground]: 识别到QR码: 小铲子
1773478466.9082837 [logical-1] [INFO] [1773478466.908069318] [Ground]: 识别到QR码: 葵花种子
1773478466.9373784 [logical-1] [INFO] [1773478466.937047278] [Ground]: 识别到QR码: 小铲子
1773478466.9641113 [logical-1] [INFO] [1773478466.963603061] [Ground]: 识别到QR码: 葵花种子
1773478466.9669158 [logical-1] [INFO] [1773478466.966406876] [Ground]: 识别到QR码: 小铲子
1773478467.0000732 [logical-1] [INFO] [1773478466.999713020] [Ground]: 识别到QR码: 葵花种子
1773478467.0009313 [logical-1] [INFO] [1773478467.000727271] [Ground]: 识别到QR码: 小铲子
1773478467.0307250 [logical-1] [INFO] [1773478467.030391305] [Ground]: 识别到QR码: 小铲子
1773478467.0690801 [logical-1] [INFO] [1773478467.068752954] [Ground]: 识别到QR码: 葵花种子
1773478467.0702939 [logical-1] [INFO] [1773478467.070071910] [Ground]: 识别到QR码: 小铲子
1773478467.1289315 [logical-1] [INFO] [1773478467.128552981] [Ground]: 识别到QR码: 小铲子
1773478467.1347349 [logical-1] [INFO] [1773478467.134324646] [Ground]: 识别到QR码: 葵花种子
1773478467.1369019 [logical-1] [INFO] [1773478467.135716176] [Ground]: 识别到QR码: 小铲子
1773478467.1376820 [logical-1] [INFO] [1773478467.137283306] [Ground]: 识别到QR码: 葵花种子
1773478467.1951711 [logical-1] [INFO] [1773478467.194522762] [Ground]: 识别到QR码: 小铲子
1773478467.1966844 [logical-1] [INFO] [1773478467.196348614] [Ground]: 识别到QR码: 葵花种子
1773478467.2051606 [logical-1] [INFO] [1773478467.204584237] [Ground]: 识别到QR码: 小铲子
1773478467.2060854 [logical-1] [INFO] [1773478467.205940325] [Ground]: 识别到QR码: 葵花种子
1773478467.2404854 [logical-1] [INFO] [1773478467.240136764] [Ground]: 识别到QR码: 葵花种子
1773478467.2413456 [logical-1] [INFO] [1773478467.241106537] [Ground]: 识别到QR码: 小铲子
1773478467.2706397 [logical-1] [INFO] [1773478467.270270171] [Ground]: 识别到QR码: 小铲子
1773478467.2716649 [logical-1] [INFO] [1773478467.271425139] [Ground]: 识别到QR码: 葵花种子
1773478467.3395336 [logical-1] [INFO] [1773478467.339153983] [Ground]: 识别到QR码: 小铲子
1773478467.3409998 [logical-1] [INFO] [1773478467.340640130] [Ground]: 识别到QR码: 葵花种子
1773478467.3697174 [logical-1] [INFO] [1773478467.369146292] [Ground]: 识别到QR码: 小铲子
1773478467.3713779 [logical-1] [INFO] [1773478467.370996235] [Ground]: 识别到QR码: 葵花种子
1773478467.3989928 [logical-1] [INFO] [1773478467.398287367] [Ground]: 识别到QR码: 小铲子
1773478467.3994172 [logical-1] [INFO] [1773478467.399271392] [Ground]: 识别到QR码: 葵花种子
1773478467.4398708 [logical-1] [INFO] [1773478467.439525986] [Ground]: 识别到QR码: 小铲子
1773478467.4408126 [logical-1] [INFO] [1773478467.440609681] [Ground]: 识别到QR码: 葵花种子
1773478467.4731162 [logical-1] [INFO] [1773478467.472743566] [Ground]: 识别到QR码: 小铲子
1773478467.4745369 [logical-1] [INFO] [1773478467.474283803] [Ground]: 识别到QR码: 葵花种子
1773478467.5050101 [logical-1] [INFO] [1773478467.504530441] [Ground]: 识别到QR码: 小铲子
1773478467.5065765 [logical-1] [INFO] [1773478467.506105694] [Ground]: 识别到QR码: 葵花种子
1773478467.5379705 [logical-1] [INFO] [1773478467.537609115] [Ground]: 识别到QR码: 小铲子
1773478467.5396121 [logical-1] [INFO] [1773478467.539342436] [Ground]: 识别到QR码: 葵花种子
1773478467.5665777 [logical-1] [INFO] [1773478467.566214037] [Ground]: 识别到QR码: 葵花种子
1773478467.6053727 [logical-1] [INFO] [1773478467.605027103] [Ground]: 识别到QR码: 葵花种子
1773478467.6386580 [logical-1] [INFO] [1773478467.638324804] [Ground]: 识别到QR码: 葵花种子
1773478467.7047081 [logical-1] [INFO] [1773478467.704376540] [Ground]: 识别到QR码: 葵花种子
1773478467.7064126 [logical-1] [INFO] [1773478467.706090275] [Ground]: 识别到QR码: 葵花种子
1773478467.7354732 [logical-1] [INFO] [1773478467.735015502] [Ground]: 识别到QR码: 葵花种子
1773478467.7724898 [logical-1] [INFO] [1773478467.772117893] [Ground]: 识别到QR码: 葵花种子
1773478467.8052514 [logical-1] [INFO] [1773478467.804902735] [Ground]: 识别到QR码: 葵花种子
1773478467.8481314 [logical-1] [INFO] [1773478467.847675616] [Ground]: 识别到QR码: 葵花种子
1773478467.8755889 [logical-1] [INFO] [1773478467.875249149] [Ground]: 识别到QR码: 葵花种子
1773478467.9062169 [logical-1] [INFO] [1773478467.905897930] [Ground]: 识别到QR码: 葵花种子
1773478467.9429052 [logical-1] [INFO] [1773478467.942543340] [Ground]: 识别到QR码: 葵花种子
1773478467.9728496 [logical-1] [INFO] [1773478467.972499812] [Ground]: 识别到QR码: 葵花种子
1773478468.0089676 [logical-1] [INFO] [1773478468.008532765] [Ground]: 识别到QR码: 葵花种子
1773478468.0389674 [logical-1] [INFO] [1773478468.038596103] [Ground]: 识别到QR码: 葵花种子
1773478468.0733738 [logical-1] [INFO] [1773478468.073065513] [Ground]: 识别到QR码: 葵花种子
1773478468.1198082 [logical-1] [INFO] [1773478468.119464890] [Ground]: 识别到QR码: 葵花种子
1773478468.1438723 [logical-1] [INFO] [1773478468.143553292] [Ground]: 识别到QR码: 葵花种子
1773478468.6727097 [logical-1] [INFO] [1773478468.672415896] [Ground]: 识别到QR码: 葵花种子
1773478468.7275109 [logical-1] [INFO] [1773478468.727245243] [Ground]: 识别到QR码: 葵花种子
1773478468.7381139 [logical-1] [INFO] [1773478468.737847074] [Ground]: 识别到QR码: 葵花种子
1773478468.8123453 [logical-1] [INFO] [1773478468.812039763] [Ground]: 识别到QR码: 葵花种子
1773478468.9134164 [logical-1] [INFO] [1773478468.912995271] [Ground]: 识别到QR码: 葵花种子
1773478468.9433279 [logical-1] [INFO] [1773478468.942920427] [Ground]: 识别到QR码: 葵花种子
1773478468.9807506 [logical-1] [INFO] [1773478468.980273895] [Ground]: 识别到QR码: 葵花种子
1773478469.0757515 [logical-1] [INFO] [1773478469.075394127] [Ground]: 识别到QR码: 葵花种子
1773478469.1110547 [logical-1] [INFO] [1773478469.110543206] [Ground]: 识别到QR码: 葵花种子
1773478469.1605086 [logical-1] [INFO] [1773478469.160122200] [Ground]: 识别到QR码: 葵花种子
1773478469.1788893 [logical-1] [INFO] [1773478469.178595388] [Ground]: 识别到QR码: 葵花种子
1773478469.2177172 [logical-1] [INFO] [1773478469.217323257] [Ground]: 识别到QR码: 葵花种子
1773478469.2453976 [logical-1] [INFO] [1773478469.244950333] [Ground]: 识别到QR码: 葵花种子
1773478469.3087366 [logical-1] [INFO] [1773478469.308434090] [Ground]: 识别到QR码: 葵花种子
1773478469.3156803 [logical-1] [INFO] [1773478469.315174442] [Ground]: 识别到QR码: 葵花种子
1773478469.3458428 [logical-1] [INFO] [1773478469.345257861] [Ground]: 识别到QR码: 葵花种子
1773478469.3868904 [logical-1] [INFO] [1773478469.386392994] [Ground]: 识别到QR码: 葵花种子
1773478469.4131982 [logical-1] [INFO] [1773478469.412838957] [Ground]: 识别到QR码: 葵花种子
1773478469.4497111 [logical-1] [INFO] [1773478469.449343814] [Ground]: 识别到QR码: 葵花种子
1773478469.4851162 [logical-1] [INFO] [1773478469.484740758] [Ground]: 识别到QR码: 葵花种子
1773478469.5146186 [logical-1] [INFO] [1773478469.514162043] [Ground]: 识别到QR码: 葵花种子
1773478469.5439456 [logical-1] [INFO] [1773478469.543618833] [Ground]: 识别到QR码: 葵花种子
1773478469.5871649 [logical-1] [INFO] [1773478469.586778373] [Ground]: 识别到QR码: 葵花种子
1773478469.6793065 [logical-1] [INFO] [1773478469.678878518] [Ground]: 识别到QR码: 葵花种子
1773478469.7137704 [logical-1] [INFO] [1773478469.713309126] [Ground]: 识别到QR码: 葵花种子
1773478469.7507892 [logical-1] [INFO] [1773478469.750340538] [Ground]: 识别到QR码: 葵花种子
1773478469.8212211 [logical-1] [INFO] [1773478469.820840934] [Ground]: 识别到QR码: 葵花种子
1773478469.8470418 [logical-1] [INFO] [1773478469.846718057] [Ground]: 识别到QR码: 葵花种子
1773478469.9063165 [logical-1] [INFO] [1773478469.905699631] [Ground]: 识别到QR码: 葵花种子
1773478470.0024517 [logical-1] [INFO] [1773478470.002096151] [Ground]: 识别到QR码: 葵花种子
1773478470.0182266 [logical-1] [INFO] [1773478470.017811867] [Ground]: 识别到QR码: 葵花种子
1773478470.0850811 [logical-1] [INFO] [1773478470.084429502] [Ground]: 识别到QR码: 葵花种子
1773478470.1156077 [logical-1] [INFO] [1773478470.115261506] [Ground]: 识别到QR码: 葵花种子
1773478470.2014141 [logical-1] [INFO] [1773478470.200753292] [Ground]: 识别到QR码: 葵花种子
1773478470.2247136 [logical-1] [INFO] [1773478470.224380481] [Ground]: 识别到QR码: 葵花种子
1773478470.2560685 [logical-1] [INFO] [1773478470.255675611] [Ground]: 识别到QR码: 葵花种子
1773478470.2875984 [logical-1] [INFO] [1773478470.287293211] [Ground]: 识别到QR码: 葵花种子
1773478470.3602893 [logical-1] [INFO] [1773478470.359836006] [Ground]: 识别到QR码: 葵花种子
1773478470.3845878 [logical-1] [INFO] [1773478470.384134230] [Ground]: 识别到QR码: 葵花种子
1773478470.4525447 [logical-1] [INFO] [1773478470.451894123] [Ground]: 识别到QR码: 葵花种子
1773478470.4884601 [logical-1] [INFO] [1773478470.488080169] [Ground]: 识别到QR码: 葵花种子
1773478470.5208499 [logical-1] [INFO] [1773478470.520338886] [Ground]: 识别到QR码: 葵花种子
1773478470.6519260 [logical-1] [INFO] [1773478470.651505904] [Ground]: 识别到QR码: 葵花种子
1773478470.7939811 [logical-1] [INFO] [1773478470.793671994] [Ground]: 识别到QR码: 葵花种子
1773478470.8563440 [logical-1] [INFO] [1773478470.856054345] [Ground]: 识别到QR码: 葵花种子
1773478470.9274650 [logical-1] [INFO] [1773478470.927072027] [Ground]: 识别到QR码: 葵花种子
1773478470.9596410 [logical-1] [INFO] [1773478470.959329300] [Ground]: 识别到QR码: 葵花种子
1773478471.0055754 [logical-1] [INFO] [1773478471.005156010] [Ground]: 识别到QR码: 葵花种子
1773478471.0323596 [logical-1] [INFO] [1773478471.032003918] [Ground]: 识别到QR码: 葵花种子
1773478471.1044769 [logical-1] [INFO] [1773478471.104055395] [Ground]: 识别到QR码: 葵花种子
1773478471.1117768 [logical-1] [INFO] [1773478471.111039097] [Ground]: 识别到QR码: 葵花种子
1773478471.1480358 [logical-1] [INFO] [1773478471.147710061] [Ground]: 识别到QR码: 葵花种子
1773478471.1706057 [logical-1] [INFO] [1773478471.170119360] [Ground]: 识别到QR码: 葵花种子
1773478471.2228470 [logical-1] [INFO] [1773478471.222504828] [Ground]: 识别到QR码: 葵花种子
1773478471.2275109 [logical-1] [INFO] [1773478471.227102215] [Ground]: 识别到QR码: 葵花种子
1773478471.2931428 [logical-1] [INFO] [1773478471.292762039] [Ground]: 识别到QR码: 葵花种子
1773478471.2948139 [logical-1] [INFO] [1773478471.294525266] [Ground]: 识别到QR码: 葵花种子
1773478471.3343828 [logical-1] [INFO] [1773478471.334036587] [Ground]: 识别到QR码: 葵花种子
1773478471.3625944 [logical-1] [INFO] [1773478471.362284742] [Ground]: 识别到QR码: 葵花种子
1773478471.3985975 [logical-1] [INFO] [1773478471.398282391] [Ground]: 识别到QR码: 葵花种子
1773478471.4243097 [logical-1] [INFO] [1773478471.423861614] [Ground]: 识别到QR码: 葵花种子
1773478471.4684367 [logical-1] [INFO] [1773478471.468110455] [Ground]: 识别到QR码: 葵花种子
1773478471.4949374 [logical-1] [INFO] [1773478471.494620770] [Ground]: 识别到QR码: 葵花种子
1773478471.5260994 [logical-1] [INFO] [1773478471.525662672] [Ground]: 识别到QR码: 葵花种子
1773478471.5652652 [logical-1] [INFO] [1773478471.564841334] [Ground]: 识别到QR码: 葵花种子
1773478471.8035879 [logical-1] [INFO] [1773478471.803196033] [Ground]: 识别到QR码: 葵花种子
1773478471.8771384 [logical-1] [INFO] [1773478471.876829609] [Ground]: 识别到QR码: 葵花种子
1773478471.9041824 [logical-1] [INFO] [1773478471.903375681] [Ground]: 识别到QR码: 葵花种子
1773478471.9478841 [logical-1] [INFO] [1773478471.947454322] [Ground]: 识别到QR码: 葵花种子
1773478471.9745989 [logical-1] [INFO] [1773478471.974259789] [Ground]: 识别到QR码: 葵花种子
1773478472.0103779 [logical-1] [INFO] [1773478472.010053266] [Ground]: 识别到QR码: 葵花种子
1773478472.0376155 [logical-1] [INFO] [1773478472.037217015] [Ground]: 识别到QR码: 葵花种子
1773478472.0696213 [logical-1] [INFO] [1773478472.068774434] [Ground]: 识别到QR码: 葵花种子
1773478472.1688585 [logical-1] [INFO] [1773478472.168378602] [Ground]: 识别到QR码: 葵花种子
1773478472.2114520 [logical-1] [INFO] [1773478472.210979192] [Ground]: 识别到QR码: 葵花种子
1773478472.2670982 [logical-1] [INFO] [1773478472.266622327] [Ground]: 识别到QR码: 葵花种子
1773478472.3005266 [logical-1] [INFO] [1773478472.300189744] [Ground]: 识别到QR码: 葵花种子
1773478472.4075902 [logical-1] [INFO] [1773478472.407279646] [Ground]: 识别到QR码: 葵花种子
1773478472.4317744 [logical-1] [INFO] [1773478472.431318876] [Ground]: 识别到QR码: 葵花种子
1773478472.4664271 [logical-1] [INFO] [1773478472.465989661] [Ground]: 识别到QR码: 葵花种子
1773478472.6087255 [logical-1] [INFO] [1773478472.608350484] [Ground]: 识别到QR码: 葵花种子
1773478472.6331334 [logical-1] [INFO] [1773478472.631757150] [Ground]: 识别到QR码: 葵花种子
1773478472.6773336 [logical-1] [INFO] [1773478472.676909255] [Ground]: 识别到QR码: 葵花种子
1773478472.7563941 [logical-1] [INFO] [1773478472.756029363] [Ground]: 识别到QR码: 葵花种子
1773478472.8216696 [logical-1] [INFO] [1773478472.821217547] [Ground]: 识别到QR码: 葵花种子
1773478472.8412893 [logical-1] [INFO] [1773478472.840931587] [Ground]: 识别到QR码: 葵花种子
1773478472.8718441 [logical-1] [INFO] [1773478472.871413480] [Ground]: 识别到QR码: 葵花种子
1773478472.9025776 [logical-1] [INFO] [1773478472.902252869] [Ground]: 识别到QR码: 葵花种子
1773478472.9402139 [logical-1] [INFO] [1773478472.939814255] [Ground]: 识别到QR码: 葵花种子
1773478472.9698505 [logical-1] [INFO] [1773478472.969344061] [Ground]: 识别到QR码: 葵花种子
1773478473.0397196 [logical-1] [INFO] [1773478473.039341110] [Ground]: 识别到QR码: 葵花种子
1773478473.0700603 [logical-1] [INFO] [1773478473.069690092] [Ground]: 识别到QR码: 葵花种子
1773478473.1053760 [logical-1] [INFO] [1773478473.104927186] [Ground]: 识别到QR码: 葵花种子
1773478473.1388154 [logical-1] [INFO] [1773478473.138054464] [Ground]: 识别到QR码: 葵花种子
1773478473.1695542 [logical-1] [INFO] [1773478473.169200867] [Ground]: 识别到QR码: 葵花种子
1773478473.2119007 [logical-1] [INFO] [1773478473.211377119] [Ground]: 识别到QR码: 葵花种子
1773478473.2373338 [logical-1] [INFO] [1773478473.236904601] [Ground]: 识别到QR码: 葵花种子
1773478473.2852037 [logical-1] [INFO] [1773478473.284675616] [Ground]: 识别到QR码: 葵花种子
1773478473.3351908 [logical-1] [INFO] [1773478473.334842351] [Ground]: 识别到QR码: 葵花种子
1773478473.3782566 [logical-1] [INFO] [1773478473.377896819] [Ground]: 识别到QR码: 葵花种子
1773478473.4069729 [logical-1] [INFO] [1773478473.406426751] [Ground]: 识别到QR码: 葵花种子
1773478473.4802692 [logical-1] [INFO] [1773478473.479965968] [Ground]: 识别到QR码: 葵花种子
1773478473.5504963 [logical-1] [INFO] [1773478473.550102614] [Ground]: 识别到QR码: 葵花种子
1773478474.6469452 [logical-1] [INFO] [1773478474.646548183] [Ground]: 识别到QR码: 太阳花种子
1773478474.6770599 [logical-1] [INFO] [1773478474.676725763] [Ground]: 识别到QR码: 太阳花种子
1773478474.7802653 [logical-1] [INFO] [1773478474.779972504] [Ground]: 识别到QR码: 太阳花种子
1773478474.8192339 [logical-1] [INFO] [1773478474.818974900] [Ground]: 识别到QR码: 太阳花种子
1773478474.8548138 [logical-1] [INFO] [1773478474.854515247] [Ground]: 识别到QR码: 太阳花种子
1773478474.9226873 [logical-1] [INFO] [1773478474.922332023] [Ground]: 识别到QR码: 太阳花种子
1773478474.9447393 [logical-1] [INFO] [1773478474.944447151] [Ground]: 识别到QR码: 太阳花种子
1773478474.9880435 [logical-1] [INFO] [1773478474.987526121] [Ground]: 识别到QR码: 太阳花种子
1773478475.0926235 [logical-1] [INFO] [1773478475.091973369] [Ground]: 识别到QR码: 太阳花种子
1773478475.1012268 [logical-1] [INFO] [1773478475.100821955] [Ground]: 识别到QR码: 太阳花种子
1773478475.1177094 [logical-1] [INFO] [1773478475.117378247] [Ground]: 识别到QR码: 太阳花种子
1773478475.1809735 [logical-1] [INFO] [1773478475.180639857] [Ground]: 识别到QR码: 太阳花种子
1773478475.2301259 [logical-1] [INFO] [1773478475.229506158] [Ground]: 识别到QR码: 太阳花种子
1773478475.2821550 [logical-1] [INFO] [1773478475.281728521] [Ground]: 识别到QR码: 太阳花种子
1773478475.3589430 [logical-1] [INFO] [1773478475.358384625] [Ground]: 识别到QR码: 太阳花种子
1773478475.3837471 [logical-1] [INFO] [1773478475.383439507] [Ground]: 识别到QR码: 太阳花种子
1773478475.4501572 [logical-1] [INFO] [1773478475.449714769] [Ground]: 识别到QR码: 太阳花种子
1773478475.4907331 [logical-1] [INFO] [1773478475.490208644] [Ground]: 识别到QR码: 太阳花种子
1773478475.5290120 [logical-1] [INFO] [1773478475.528592494] [Ground]: 识别到QR码: 太阳花种子
1773478475.5508068 [logical-1] [INFO] [1773478475.550506735] [Ground]: 识别到QR码: 太阳花种子
1773478475.5910594 [logical-1] [INFO] [1773478475.590742496] [Ground]: 识别到QR码: 太阳花种子
1773478475.6326742 [logical-1] [INFO] [1773478475.632150773] [Ground]: 识别到QR码: 太阳花种子
1773478476.4926944 [logical-1] [INFO] [1773478476.491936213] [Ground]: 识别到QR码: 太阳花种子
1773478476.5323000 [logical-1] [INFO] [1773478476.532004487] [Ground]: 识别到QR码: 太阳花种子
1773478476.5694861 [logical-1] [INFO] [1773478476.569132644] [Ground]: 识别到QR码: 太阳花种子
1773478476.5973423 [logical-1] [INFO] [1773478476.597047999] [Ground]: 识别到QR码: 太阳花种子
1773478476.6345897 [logical-1] [INFO] [1773478476.634189146] [Ground]: 识别到QR码: 太阳花种子
1773478476.6585968 [logical-1] [INFO] [1773478476.658232014] [Ground]: 识别到QR码: 太阳花种子
1773478476.7296586 [logical-1] [INFO] [1773478476.729147523] [Ground]: 识别到QR码: 太阳花种子
1773478476.7617042 [logical-1] [INFO] [1773478476.761339164] [Ground]: 识别到QR码: 太阳花种子
1773478476.8289251 [logical-1] [INFO] [1773478476.828466995] [Ground]: 识别到QR码: 太阳花种子
1773478476.8636603 [logical-1] [INFO] [1773478476.863313611] [Ground]: 识别到QR码: 太阳花种子
1773478476.9269485 [logical-1] [INFO] [1773478476.926486850] [Ground]: 识别到QR码: 太阳花种子
1773478476.9667385 [logical-1] [INFO] [1773478476.966382205] [Ground]: 识别到QR码: 太阳花种子
1773478477.0448651 [logical-1] [INFO] [1773478477.044488853] [Ground]: 识别到QR码: 太阳花种子
1773478477.0687256 [logical-1] [INFO] [1773478477.068370367] [Ground]: 识别到QR码: 太阳花种子
1773478477.1053786 [logical-1] [INFO] [1773478477.105052257] [Ground]: 识别到QR码: 太阳花种子
1773478477.1285095 [logical-1] [INFO] [1773478477.128190915] [Ground]: 识别到QR码: 太阳花种子
1773478477.1688175 [logical-1] [INFO] [1773478477.168352375] [Ground]: 识别到QR码: 太阳花种子
1773478477.2471783 [logical-1] [INFO] [1773478477.246839310] [Ground]: 识别到QR码: 太阳花种子
1773478477.2700148 [logical-1] [INFO] [1773478477.269621244] [Ground]: 识别到QR码: 太阳花种子
1773478477.2964902 [logical-1] [INFO] [1773478477.296146246] [Ground]: 识别到QR码: 太阳花种子
1773478477.3387060 [logical-1] [INFO] [1773478477.338395544] [Ground]: 识别到QR码: 太阳花种子
1773478477.3641090 [logical-1] [INFO] [1773478477.363552381] [Ground]: 识别到QR码: 太阳花种子
1773478477.4168637 [logical-1] [INFO] [1773478477.416427210] [Ground]: 识别到QR码: 太阳花种子
1773478477.4295139 [logical-1] [INFO] [1773478477.429172077] [Ground]: 识别到QR码: 太阳花种子
1773478477.4638624 [logical-1] [INFO] [1773478477.463553367] [Ground]: 识别到QR码: 太阳花种子
1773478477.5063951 [logical-1] [INFO] [1773478477.506057789] [Ground]: 识别到QR码: 太阳花种子
1773478477.5298843 [logical-1] [INFO] [1773478477.529547112] [Ground]: 识别到QR码: 太阳花种子
1773478477.5681469 [logical-1] [INFO] [1773478477.567829121] [Ground]: 识别到QR码: 太阳花种子
1773478477.6041877 [logical-1] [INFO] [1773478477.603814242] [Ground]: 识别到QR码: 太阳花种子
1773478477.6309922 [logical-1] [INFO] [1773478477.630679173] [Ground]: 识别到QR码: 太阳花种子
1773478477.6749077 [logical-1] [INFO] [1773478477.674049981] [Ground]: 识别到QR码: 太阳花种子
1773478477.7012019 [logical-1] [INFO] [1773478477.700749322] [Ground]: 识别到QR码: 太阳花种子
1773478477.7333257 [logical-1] [INFO] [1773478477.733013774] [Ground]: 识别到QR码: 太阳花种子
1773478477.7691865 [logical-1] [INFO] [1773478477.768877776] [Ground]: 识别到QR码: 太阳花种子
1773478477.7993293 [logical-1] [INFO] [1773478477.798954242] [Ground]: 识别到QR码: 太阳花种子
1773478477.8417208 [logical-1] [INFO] [1773478477.841404244] [Ground]: 识别到QR码: 太阳花种子
1773478477.8736908 [logical-1] [INFO] [1773478477.873349569] [Ground]: 识别到QR码: 太阳花种子
1773478477.9011216 [logical-1] [INFO] [1773478477.900692164] [Ground]: 识别到QR码: 太阳花种子
1773478477.9388254 [logical-1] [INFO] [1773478477.938469109] [Ground]: 识别到QR码: 太阳花种子
1773478477.9676735 [logical-1] [INFO] [1773478477.967198675] [Ground]: 识别到QR码: 太阳花种子
1773478478.0045099 [logical-1] [INFO] [1773478478.003996835] [Ground]: 识别到QR码: 太阳花种子
1773478478.0432789 [logical-1] [INFO] [1773478478.041661605] [Ground]: 识别到QR码: 太阳花种子
1773478478.0733721 [logical-1] [INFO] [1773478478.073057322] [Ground]: 识别到QR码: 太阳花种子
1773478478.1068697 [logical-1] [INFO] [1773478478.106460924] [Ground]: 识别到QR码: 太阳花种子
1773478478.1346507 [logical-1] [INFO] [1773478478.134180550] [Ground]: 识别到QR码: 太阳花种子
1773478478.1688714 [logical-1] [INFO] [1773478478.168517195] [Ground]: 识别到QR码: 太阳花种子
1773478478.2125371 [logical-1] [INFO] [1773478478.212160226] [Ground]: 识别到QR码: 太阳花种子
1773478478.2487686 [logical-1] [INFO] [1773478478.248380759] [Ground]: 识别到QR码: 太阳花种子
1773478478.2728093 [logical-1] [INFO] [1773478478.272458421] [Ground]: 识别到QR码: 太阳花种子
1773478478.3097203 [logical-1] [INFO] [1773478478.309363311] [Ground]: 识别到QR码: 太阳花种子
1773478478.3469310 [logical-1] [INFO] [1773478478.346519425] [Ground]: 识别到QR码: 太阳花种子
1773478478.3847530 [logical-1] [INFO] [1773478478.384382648] [Ground]: 识别到QR码: 太阳花种子
1773478478.4046226 [logical-1] [INFO] [1773478478.404268923] [Ground]: 识别到QR码: 太阳花种子
1773478478.4638999 [logical-1] [INFO] [1773478478.463440029] [Ground]: 识别到QR码: 太阳花种子
1773478478.4701068 [logical-1] [INFO] [1773478478.469715187] [Ground]: 识别到QR码: 太阳花种子
1773478478.5124242 [logical-1] [INFO] [1773478478.512079930] [Ground]: 识别到QR码: 太阳花种子
1773478478.5388887 [logical-1] [INFO] [1773478478.538551843] [Ground]: 识别到QR码: 太阳花种子
1773478478.5727406 [logical-1] [INFO] [1773478478.572163074] [Ground]: 识别到QR码: 太阳花种子
1773478478.6237242 [logical-1] [INFO] [1773478478.623325070] [Ground]: 识别到QR码: 太阳花种子
1773478478.6530287 [logical-1] [INFO] [1773478478.652654447] [Ground]: 识别到QR码: 太阳花种子
1773478478.6724465 [logical-1] [INFO] [1773478478.672112263] [Ground]: 识别到QR码: 太阳花种子
1773478478.7172096 [logical-1] [INFO] [1773478478.716885920] [Ground]: 识别到QR码: 太阳花种子
1773478478.7409787 [logical-1] [INFO] [1773478478.740577578] [Ground]: 识别到QR码: 太阳花种子
1773478478.7877400 [logical-1] [INFO] [1773478478.787421841] [Ground]: 识别到QR码: 太阳花种子
1773478478.8091950 [logical-1] [INFO] [1773478478.808845176] [Ground]: 识别到QR码: 太阳花种子
1773478478.8426087 [logical-1] [INFO] [1773478478.842278027] [Ground]: 识别到QR码: 太阳花种子
1773478478.8804071 [logical-1] [INFO] [1773478478.880081542] [Ground]: 识别到QR码: 太阳花种子
1773478478.9121611 [logical-1] [INFO] [1773478478.911815318] [Ground]: 识别到QR码: 太阳花种子
1773478478.9651206 [logical-1] [INFO] [1773478478.964752400] [Ground]: 识别到QR码: 太阳花种子
1773478478.9779966 [logical-1] [INFO] [1773478478.977504943] [Ground]: 识别到QR码: 太阳花种子
1773478479.0151563 [logical-1] [INFO] [1773478479.014720170] [Ground]: 识别到QR码: 太阳花种子
1773478479.0770445 [logical-1] [INFO] [1773478479.076609804] [Ground]: 识别到QR码: 太阳花种子
1773478479.1117716 [logical-1] [INFO] [1773478479.111296452] [Ground]: 识别到QR码: 太阳花种子
1773478479.1497312 [logical-1] [INFO] [1773478479.149408931] [Ground]: 识别到QR码: 太阳花种子
1773478479.1781805 [logical-1] [INFO] [1773478479.177866867] [Ground]: 识别到QR码: 太阳花种子
1773478479.2148318 [logical-1] [INFO] [1773478479.214411310] [Ground]: 识别到QR码: 太阳花种子
1773478479.2466269 [logical-1] [INFO] [1773478479.246316325] [Ground]: 识别到QR码: 太阳花种子
1773478479.2792993 [logical-1] [INFO] [1773478479.278970187] [Ground]: 识别到QR码: 太阳花种子
1773478479.3274915 [logical-1] [INFO] [1773478479.327064882] [Ground]: 识别到QR码: 太阳花种子
1773478479.3511746 [logical-1] [INFO] [1773478479.350715687] [Ground]: 识别到QR码: 太阳花种子
1773478479.3802137 [logical-1] [INFO] [1773478479.379899232] [Ground]: 识别到QR码: 太阳花种子
1773478479.4253345 [logical-1] [INFO] [1773478479.425038951] [Ground]: 识别到QR码: 太阳花种子
1773478479.4454336 [logical-1] [INFO] [1773478479.444988787] [Ground]: 识别到QR码: 太阳花种子
1773478479.5121191 [logical-1] [INFO] [1773478479.511688133] [Ground]: 识别到QR码: 太阳花种子
1773478479.5505679 [logical-1] [INFO] [1773478479.550117017] [Ground]: 识别到QR码: 太阳花种子
1773478479.9197133 [logical-1] [INFO] [1773478479.919377938] [Ground]: 识别到QR码: 小铲子
1773478480.1858716 [logical-1] [INFO] [1773478480.185569755] [Ground]: 识别到QR码: 小铲子
1773478480.2186668 [logical-1] [INFO] [1773478480.218207033] [Ground]: 识别到QR码: 小铲子
1773478480.2891636 [logical-1] [INFO] [1773478480.288773831] [Ground]: 识别到QR码: 小铲子
1773478480.3585129 [logical-1] [INFO] [1773478480.358189935] [Ground]: 识别到QR码: 小铲子
1773478480.4285231 [logical-1] [INFO] [1773478480.428010379] [Ground]: 识别到QR码: 小铲子
1773478480.4502127 [logical-1] [INFO] [1773478480.449878302] [Ground]: 识别到QR码: 小铲子
1773478480.5232992 [logical-1] [INFO] [1773478480.522937312] [Ground]: 识别到QR码: 小铲子
1773478480.5262604 [logical-1] [INFO] [1773478480.525988166] [Ground]: 识别到QR码: 小铲子
1773478480.5511956 [logical-1] [INFO] [1773478480.550890398] [Ground]: 识别到QR码: 小铲子
1773478480.6088765 [logical-1] [INFO] [1773478480.608380008] [Ground]: 识别到QR码: 小铲子
1773478480.6536391 [logical-1] [INFO] [1773478480.653196219] [Ground]: 识别到QR码: 小铲子
1773478480.7022178 [logical-1] [INFO] [1773478480.701891028] [Ground]: 识别到QR码: 小铲子
1773478480.7542667 [logical-1] [INFO] [1773478480.753782602] [Ground]: 识别到QR码: 小铲子
1773478480.8371410 [logical-1] [INFO] [1773478480.836714249] [Ground]: 识别到QR码: 小铲子
1773478480.8591311 [logical-1] [INFO] [1773478480.858808874] [Ground]: 识别到QR码: 小铲子
1773478480.9086289 [logical-1] [INFO] [1773478480.908110801] [Ground]: 识别到QR码: 小铲子
1773478480.9635754 [logical-1] [INFO] [1773478480.963110529] [Ground]: 识别到QR码: 小铲子
1773478480.9888830 [logical-1] [INFO] [1773478480.988555532] [Ground]: 识别到QR码: 小铲子
1773478481.0278866 [logical-1] [INFO] [1773478481.027570509] [Ground]: 识别到QR码: 小铲子
1773478481.0602591 [logical-1] [INFO] [1773478481.059629768] [Ground]: 识别到QR码: 小铲子
1773478481.0873189 [logical-1] [INFO] [1773478481.086862073] [Ground]: 识别到QR码: 小铲子
1773478481.1282673 [logical-1] [INFO] [1773478481.127813106] [Ground]: 识别到QR码: 小铲子
1773478481.1650331 [logical-1] [INFO] [1773478481.164704970] [Ground]: 识别到QR码: 小铲子
1773478481.2211912 [logical-1] [INFO] [1773478481.220839782] [Ground]: 识别到QR码: 小铲子
1773478481.2263911 [logical-1] [INFO] [1773478481.226075931] [Ground]: 识别到QR码: 小铲子
1773478481.2603121 [logical-1] [INFO] [1773478481.259777364] [Ground]: 识别到QR码: 小铲子
1773478481.2937460 [logical-1] [INFO] [1773478481.293414371] [Ground]: 识别到QR码: 小铲子
1773478481.3253434 [logical-1] [INFO] [1773478481.325043160] [Ground]: 识别到QR码: 小铲子
1773478481.3580427 [logical-1] [INFO] [1773478481.357709186] [Ground]: 识别到QR码: 小铲子
1773478481.3950408 [logical-1] [INFO] [1773478481.394677531] [Ground]: 识别到QR码: 小铲子
1773478481.4259055 [logical-1] [INFO] [1773478481.425551639] [Ground]: 识别到QR码: 小铲子
1773478481.4676595 [logical-1] [INFO] [1773478481.467281655] [Ground]: 识别到QR码: 小铲子
1773478481.5316920 [logical-1] [INFO] [1773478481.531266699] [Ground]: 识别到QR码: 小铲子
1773478481.5596528 [logical-1] [INFO] [1773478481.559159213] [Ground]: 识别到QR码: 小铲子
1773478481.6597271 [logical-1] [INFO] [1773478481.659259745] [Ground]: 识别到QR码: 小铲子
1773478481.7009256 [logical-1] [INFO] [1773478481.700444815] [Ground]: 识别到QR码: 小铲子
1773478481.8081179 [logical-1] [INFO] [1773478481.807643064] [Ground]: 识别到QR码: 小铲子
1773478481.8277574 [logical-1] [INFO] [1773478481.827308138] [Ground]: 识别到QR码: 小铲子
1773478481.9325221 [logical-1] [INFO] [1773478481.932170662] [Ground]: 识别到QR码: 小铲子
1773478481.9683609 [logical-1] [INFO] [1773478481.968031022] [Ground]: 识别到QR码: 小铲子
1773478482.0971696 [logical-1] [INFO] [1773478482.096839020] [Ground]: 识别到QR码: 小铲子
1773478482.1710372 [logical-1] [INFO] [1773478482.170472055] [Ground]: 识别到QR码: 小铲子
1773478482.1982126 [logical-1] [INFO] [1773478482.197909481] [Ground]: 识别到QR码: 小铲子
1773478482.2391231 [logical-1] [INFO] [1773478482.238694169] [Ground]: 识别到QR码: 小铲子
1773478482.2643111 [logical-1] [INFO] [1773478482.263588635] [Ground]: 识别到QR码: 小铲子
1773478482.3044295 [logical-1] [INFO] [1773478482.304075262] [Ground]: 识别到QR码: 小铲子
1773478482.3388641 [logical-1] [INFO] [1773478482.338509280] [Ground]: 识别到QR码: 小铲子
1773478482.3689857 [logical-1] [INFO] [1773478482.368576538] [Ground]: 识别到QR码: 小铲子
1773478482.4076757 [logical-1] [INFO] [1773478482.407292921] [Ground]: 识别到QR码: 小铲子
1773478482.4996543 [logical-1] [INFO] [1773478482.499304232] [Ground]: 识别到QR码: 小铲子
1773478482.5410652 [logical-1] [INFO] [1773478482.540627816] [Ground]: 识别到QR码: 小铲子
1773478482.5731978 [logical-1] [INFO] [1773478482.572786129] [Ground]: 识别到QR码: 小铲子
1773478482.6496539 [logical-1] [INFO] [1773478482.649341993] [Ground]: 识别到QR码: 小铲子
1773478482.6705654 [logical-1] [INFO] [1773478482.670267504] [Ground]: 识别到QR码: 小铲子
1773478482.7052495 [logical-1] [INFO] [1773478482.704823859] [Ground]: 识别到QR码: 小铲子
1773478482.7322040 [logical-1] [INFO] [1773478482.731680716] [Ground]: 识别到QR码: 小铲子
1773478482.7770386 [logical-1] [INFO] [1773478482.776607231] [Ground]: 识别到QR码: 小铲子
1773478482.7991114 [logical-1] [INFO] [1773478482.798776061] [Ground]: 识别到QR码: 小铲子
1773478482.8341506 [logical-1] [INFO] [1773478482.833816490] [Ground]: 识别到QR码: 小铲子
1773478482.8690143 [logical-1] [INFO] [1773478482.868661240] [Ground]: 识别到QR码: 小铲子
1773478482.9031188 [logical-1] [INFO] [1773478482.902767126] [Ground]: 识别到QR码: 小铲子
1773478482.9344428 [logical-1] [INFO] [1773478482.934100473] [Ground]: 识别到QR码: 小铲子
1773478483.0036407 [logical-1] [INFO] [1773478483.003269536] [Ground]: 识别到QR码: 小铲子
1773478483.0059245 [logical-1] [INFO] [1773478483.005603456] [Ground]: 识别到QR码: 小铲子
1773478483.0362513 [logical-1] [INFO] [1773478483.035846447] [Ground]: 识别到QR码: 小铲子
1773478483.0743036 [logical-1] [INFO] [1773478483.073939562] [Ground]: 识别到QR码: 小铲子
1773478483.1248982 [logical-1] [INFO] [1773478483.124511318] [Ground]: 识别到QR码: 小铲子
1773478483.1355877 [logical-1] [INFO] [1773478483.135222037] [Ground]: 识别到QR码: 小铲子
1773478483.1789088 [logical-1] [INFO] [1773478483.178422609] [Ground]: 识别到QR码: 小铲子
1773478483.2414291 [logical-1] [INFO] [1773478483.241091838] [Ground]: 识别到QR码: 小铲子
1773478483.2809412 [logical-1] [INFO] [1773478483.280457631] [Ground]: 识别到QR码: 小铲子
1773478483.3026316 [logical-1] [INFO] [1773478483.302179307] [Ground]: 识别到QR码: 小铲子
1773478483.4037066 [logical-1] [INFO] [1773478483.403344957] [Ground]: 识别到QR码: 小铲子
1773478483.4398835 [logical-1] [INFO] [1773478483.439471606] [Ground]: 识别到QR码: 小铲子
1773478483.5065718 [logical-1] [INFO] [1773478483.506222969] [Ground]: 识别到QR码: 小铲子
1773478483.5414267 [logical-1] [INFO] [1773478483.540973798] [Ground]: 识别到QR码: 小铲子
1773478483.5754302 [logical-1] [INFO] [1773478483.575081683] [Ground]: 识别到QR码: 小铲子
1773478483.6086731 [logical-1] [INFO] [1773478483.607807475] [Ground]: 识别到QR码: 小铲子
1773478483.6531265 [logical-1] [INFO] [1773478483.652653907] [Ground]: 识别到QR码: 小铲子
1773478483.6799369 [logical-1] [INFO] [1773478483.679482789] [Ground]: 识别到QR码: 小铲子
1773478483.8181493 [logical-1] [INFO] [1773478483.817582892] [Ground]: 识别到QR码: 小铲子
1773478483.8505688 [logical-1] [INFO] [1773478483.850238748] [Ground]: 识别到QR码: 小铲子
1773478483.8752706 [logical-1] [INFO] [1773478483.874806309] [Ground]: 识别到QR码: 小铲子
1773478483.9063513 [logical-1] [INFO] [1773478483.905909831] [Ground]: 识别到QR码: 小铲子
1773478483.9481742 [logical-1] [INFO] [1773478483.947850204] [Ground]: 识别到QR码: 小铲子
1773478483.9848437 [logical-1] [INFO] [1773478483.984517329] [Ground]: 识别到QR码: 小铲子
1773478484.0527720 [logical-1] [INFO] [1773478484.052371338] [Ground]: 识别到QR码: 小铲子
1773478484.1184485 [logical-1] [INFO] [1773478484.118095738] [Ground]: 识别到QR码: 小铲子
1773478484.1441333 [logical-1] [INFO] [1773478484.143772144] [Ground]: 识别到QR码: 小铲子
1773478484.1866338 [logical-1] [INFO] [1773478484.186261291] [Ground]: 识别到QR码: 小铲子
1773478484.2142768 [logical-1] [INFO] [1773478484.213813944] [Ground]: 识别到QR码: 小铲子
1773478484.2474208 [logical-1] [INFO] [1773478484.247003144] [Ground]: 识别到QR码: 小铲子
1773478484.2921803 [logical-1] [INFO] [1773478484.291844873] [Ground]: 识别到QR码: 小铲子
1773478484.3217218 [logical-1] [INFO] [1773478484.321193943] [Ground]: 识别到QR码: 小铲子
1773478484.3488219 [logical-1] [INFO] [1773478484.348381774] [Ground]: 识别到QR码: 小铲子
1773478484.4149318 [logical-1] [INFO] [1773478484.414482272] [Ground]: 识别到QR码: 小铲子
1773478484.4483485 [logical-1] [INFO] [1773478484.448002743] [Ground]: 识别到QR码: 小铲子
1773478484.4980733 [logical-1] [INFO] [1773478484.497698164] [Ground]: 识别到QR码: 小铲子
1773478484.5318332 [logical-1] [INFO] [1773478484.531507034] [Ground]: 识别到QR码: 小铲子
1773478484.5517337 [logical-1] [INFO] [1773478484.551377045] [Ground]: 识别到QR码: 小铲子
1773478484.5958169 [logical-1] [INFO] [1773478484.595482229] [Ground]: 识别到QR码: 小铲子
1773478484.6124396 [logical-1] [INFO] [1773478484.612131662] [Ground]: 识别到QR码: 小铲子
1773478484.6554508 [logical-1] [INFO] [1773478484.655086851] [Ground]: 识别到QR码: 小铲子
1773478484.6800056 [logical-1] [INFO] [1773478484.679681277] [Ground]: 识别到QR码: 小铲子
1773478484.7178633 [logical-1] [INFO] [1773478484.717509732] [Ground]: 识别到QR码: 小铲子
1773478484.7535119 [logical-1] [INFO] [1773478484.753003355] [Ground]: 识别到QR码: 小铲子
1773478484.7797165 [logical-1] [INFO] [1773478484.779228577] [Ground]: 识别到QR码: 小铲子
1773478484.8154581 [logical-1] [INFO] [1773478484.814995396] [Ground]: 识别到QR码: 小铲子
1773478484.8519831 [logical-1] [INFO] [1773478484.851610829] [Ground]: 识别到QR码: 小铲子
1773478484.8805809 [logical-1] [INFO] [1773478484.880128574] [Ground]: 识别到QR码: 小铲子
1773478484.9265318 [logical-1] [INFO] [1773478484.926198618] [Ground]: 识别到QR码: 小铲子
1773478484.9479988 [logical-1] [INFO] [1773478484.947543989] [Ground]: 识别到QR码: 小铲子
1773478484.9928288 [logical-1] [INFO] [1773478484.992497130] [Ground]: 识别到QR码: 小铲子
1773478485.0217206 [logical-1] [INFO] [1773478485.021414849] [Ground]: 识别到QR码: 小铲子
1773478485.0508833 [logical-1] [INFO] [1773478485.050435549] [Ground]: 识别到QR码: 小铲子
1773478485.1208856 [logical-1] [INFO] [1773478485.120516569] [Ground]: 识别到QR码: 小铲子
1773478485.1259787 [logical-1] [INFO] [1773478485.125658290] [Ground]: 识别到QR码: 小铲子
1773478485.1551712 [logical-1] [INFO] [1773478485.154839835] [Ground]: 识别到QR码: 小铲子
1773478485.1870692 [logical-1] [INFO] [1773478485.186684918] [Ground]: 识别到QR码: 小铲子
1773478485.2179203 [logical-1] [INFO] [1773478485.217584836] [Ground]: 识别到QR码: 小铲子
1773478485.2674975 [logical-1] [INFO] [1773478485.267195027] [Ground]: 识别到QR码: 小铲子
1773478485.3189240 [logical-1] [INFO] [1773478485.318619434] [Ground]: 识别到QR码: 小铲子
1773478485.3869355 [logical-1] [INFO] [1773478485.386332625] [Ground]: 识别到QR码: 小铲子
1773478485.4297848 [logical-1] [INFO] [1773478485.429302432] [Ground]: 识别到QR码: 小铲子
1773478485.4528167 [logical-1] [INFO] [1773478485.452433604] [Ground]: 识别到QR码: 小铲子
1773478485.4904597 [logical-1] [INFO] [1773478485.490137408] [Ground]: 识别到QR码: 小铲子
1773478485.5290337 [logical-1] [INFO] [1773478485.528651696] [Ground]: 识别到QR码: 小铲子
1773478485.5529020 [logical-1] [INFO] [1773478485.552577604] [Ground]: 识别到QR码: 小铲子
1773478485.6294611 [logical-1] [INFO] [1773478485.629016782] [Ground]: 识别到QR码: 小铲子
1773478485.6919127 [logical-1] [INFO] [1773478485.691413239] [Ground]: 识别到QR码: 小铲子
1773478485.7701290 [logical-1] [INFO] [1773478485.769772218] [Ground]: 识别到QR码: 小铲子
1773478485.8279922 [logical-1] [INFO] [1773478485.827674805] [Ground]: 识别到QR码: 小铲子
1773478486.0352228 [logical-1] [INFO] [1773478486.034933855] [Ground]: 识别到QR码: 小铲子
1773478486.0676022 [logical-1] [INFO] [1773478486.067118175] [Ground]: 识别到QR码: 小铲子
1773478486.1416023 [logical-1] [INFO] [1773478486.141264076] [Ground]: 识别到QR码: 小铲子
1773478486.1943667 [logical-1] [INFO] [1773478486.194023907] [Ground]: 识别到QR码: 小铲子
1773478486.4710293 [logical-1] [INFO] [1773478486.470602776] [Ground]: 识别到QR码: 小铲子
1773478486.5406730 [logical-1] [INFO] [1773478486.540331236] [Ground]: 识别到QR码: 小铲子
1773478486.5948985 [logical-1] [INFO] [1773478486.594596511] [Ground]: 识别到QR码: 小铲子
1773478486.6427333 [logical-1] [INFO] [1773478486.642298599] [Ground]: 识别到QR码: 小铲子
1773478486.7645483 [logical-1] [INFO] [1773478486.764213606] [Ground]: 识别到QR码: 小铲子
1773478486.8029525 [logical-1] [INFO] [1773478486.802658851] [Ground]: 识别到QR码: 小铲子
1773478486.8290014 [logical-1] [INFO] [1773478486.828689269] [Ground]: 识别到QR码: 小铲子
1773478486.8987272 [logical-1] [INFO] [1773478486.898305554] [Ground]: 识别到QR码: 小铲子
1773478486.9344132 [logical-1] [INFO] [1773478486.934064048] [Ground]: 识别到QR码: 小铲子
1773478486.9685502 [logical-1] [INFO] [1773478486.968143623] [Ground]: 识别到QR码: 小铲子
1773478486.9976017 [logical-1] [INFO] [1773478486.997282096] [Ground]: 识别到QR码: 小铲子
1773478487.0706816 [logical-1] [INFO] [1773478487.070278979] [Ground]: 识别到QR码: 小铲子
1773478487.1544058 [logical-1] [INFO] [1773478487.154084754] [Ground]: 识别到QR码: 小铲子
1773478487.1704457 [logical-1] [INFO] [1773478487.170103568] [Ground]: 识别到QR码: 小铲子
1773478487.2000675 [logical-1] [INFO] [1773478487.199633376] [Ground]: 识别到QR码: 小铲子
1773478487.2422974 [logical-1] [INFO] [1773478487.241919830] [Ground]: 识别到QR码: 小铲子
1773478487.2694178 [logical-1] [INFO] [1773478487.268955415] [Ground]: 识别到QR码: 小铲子
1773478487.3796811 [logical-1] [INFO] [1773478487.379285866] [Ground]: 识别到QR码: 小铲子
1773478487.4012892 [logical-1] [INFO] [1773478487.400935751] [Ground]: 识别到QR码: 小铲子
1773478487.4366846 [logical-1] [INFO] [1773478487.436348267] [Ground]: 识别到QR码: 小铲子
1773478487.5356777 [logical-1] [INFO] [1773478487.535364208] [Ground]: 识别到QR码: 小铲子
1773478487.5777400 [logical-1] [INFO] [1773478487.577298307] [Ground]: 识别到QR码: 小铲子
1773478487.6382186 [logical-1] [INFO] [1773478487.637890867] [Ground]: 识别到QR码: 小铲子
1773478487.7566879 [logical-1] [INFO] [1773478487.756346317] [Ground]: 识别到QR码: 小铲子
1773478487.7820492 [logical-1] [INFO] [1773478487.781620409] [Ground]: 识别到QR码: 小铲子
1773478487.8466280 [logical-1] [INFO] [1773478487.846295432] [Ground]: 识别到QR码: 小铲子
1773478487.9115269 [logical-1] [INFO] [1773478487.911183581] [Ground]: 识别到QR码: 小铲子
1773478488.0484896 [logical-1] [INFO] [1773478488.048153543] [Ground]: 识别到QR码: 小铲子
1773478488.0502775 [logical-1] [INFO] [1773478488.049950789] [Ground]: 识别到QR码: 葵花种子
1773478488.0937746 [logical-1] [INFO] [1773478488.093438752] [Ground]: 识别到QR码: 小铲子
1773478488.1022744 [logical-1] [INFO] [1773478488.101926196] [Ground]: 识别到QR码: 葵花种子
1773478488.1168664 [logical-1] [INFO] [1773478488.116550259] [Ground]: 识别到QR码: 小铲子
1773478488.1431980 [logical-1] [INFO] [1773478488.142868331] [Ground]: 识别到QR码: 小铲子
1773478488.1480026 [logical-1] [INFO] [1773478488.147509358] [Ground]: 识别到QR码: 葵花种子
1773478488.2089093 [logical-1] [INFO] [1773478488.208465363] [Ground]: 识别到QR码: 葵花种子
1773478488.2103817 [logical-1] [INFO] [1773478488.210065613] [Ground]: 识别到QR码: 小铲子
1773478488.2441328 [logical-1] [INFO] [1773478488.243760546] [Ground]: 识别到QR码: 小铲子
1773478488.2458212 [logical-1] [INFO] [1773478488.245596729] [Ground]: 识别到QR码: 葵花种子
1773478488.2797365 [logical-1] [INFO] [1773478488.279374222] [Ground]: 识别到QR码: 小铲子
1773478488.2811239 [logical-1] [INFO] [1773478488.280861749] [Ground]: 识别到QR码: 葵花种子
1773478488.3522892 [logical-1] [INFO] [1773478488.351890648] [Ground]: 识别到QR码: 小铲子
1773478488.3538489 [logical-1] [INFO] [1773478488.353414709] [Ground]: 识别到QR码: 葵花种子
1773478488.4110410 [logical-1] [INFO] [1773478488.410665525] [Ground]: 识别到QR码: 小铲子
1773478488.4127128 [logical-1] [INFO] [1773478488.412292254] [Ground]: 识别到QR码: 葵花种子
1773478488.4785900 [logical-1] [INFO] [1773478488.478266740] [Ground]: 识别到QR码: 小铲子
1773478488.4798861 [logical-1] [INFO] [1773478488.479605958] [Ground]: 识别到QR码: 葵花种子
1773478488.5461407 [logical-1] [INFO] [1773478488.545651855] [Ground]: 识别到QR码: 小铲子
1773478488.5479631 [logical-1] [INFO] [1773478488.547459787] [Ground]: 识别到QR码: 葵花种子
1773478488.5748901 [logical-1] [INFO] [1773478488.574552346] [Ground]: 识别到QR码: 小铲子
1773478488.5771708 [logical-1] [INFO] [1773478488.576777264] [Ground]: 识别到QR码: 葵花种子
1773478488.6358378 [logical-1] [INFO] [1773478488.635306679] [Ground]: 识别到QR码: 葵花种子
1773478488.6388371 [logical-1] [INFO] [1773478488.638426953] [Ground]: 识别到QR码: 小铲子
1773478488.6895006 [logical-1] [INFO] [1773478488.689000026] [Ground]: 识别到QR码: 小铲子
1773478488.6921730 [logical-1] [INFO] [1773478488.691758857] [Ground]: 识别到QR码: 葵花种子
1773478488.7126572 [logical-1] [INFO] [1773478488.712276980] [Ground]: 识别到QR码: 小铲子
1773478488.7144578 [logical-1] [INFO] [1773478488.714180044] [Ground]: 识别到QR码: 葵花种子
1773478488.7454145 [logical-1] [INFO] [1773478488.745039342] [Ground]: 识别到QR码: 小铲子
1773478488.7478356 [logical-1] [INFO] [1773478488.747475131] [Ground]: 识别到QR码: 葵花种子
1773478488.7900026 [logical-1] [INFO] [1773478488.789625971] [Ground]: 识别到QR码: 小铲子
1773478488.7917626 [logical-1] [INFO] [1773478488.791460579] [Ground]: 识别到QR码: 葵花种子
1773478488.8456464 [logical-1] [INFO] [1773478488.845108713] [Ground]: 识别到QR码: 葵花种子
1773478488.8961973 [logical-1] [INFO] [1773478488.895780881] [Ground]: 识别到QR码: 小铲子
1773478488.8983798 [logical-1] [INFO] [1773478488.898140300] [Ground]: 识别到QR码: 葵花种子
1773478488.9179776 [logical-1] [INFO] [1773478488.917489992] [Ground]: 识别到QR码: 小铲子
1773478488.9206214 [logical-1] [INFO] [1773478488.919945375] [Ground]: 识别到QR码: 葵花种子
1773478488.9566181 [logical-1] [INFO] [1773478488.956035427] [Ground]: 识别到QR码: 小铲子
1773478488.9581318 [logical-1] [INFO] [1773478488.957521745] [Ground]: 识别到QR码: 葵花种子
1773478488.9831216 [logical-1] [INFO] [1773478488.982747629] [Ground]: 识别到QR码: 小铲子
1773478489.0144460 [logical-1] [INFO] [1773478489.014022501] [Ground]: 识别到QR码: 小铲子
1773478489.0511768 [logical-1] [INFO] [1773478489.050681222] [Ground]: 识别到QR码: 小铲子
1773478489.0534885 [logical-1] [INFO] [1773478489.053007265] [Ground]: 识别到QR码: 葵花种子
1773478489.0801163 [logical-1] [INFO] [1773478489.079653436] [Ground]: 识别到QR码: 小铲子
1773478489.0819881 [logical-1] [INFO] [1773478489.081458418] [Ground]: 识别到QR码: 葵花种子
1773478489.1395812 [logical-1] [INFO] [1773478489.139099097] [Ground]: 识别到QR码: 小铲子
1773478489.1414948 [logical-1] [INFO] [1773478489.140767273] [Ground]: 识别到QR码: 葵花种子
1773478489.1525671 [logical-1] [INFO] [1773478489.152200494] [Ground]: 识别到QR码: 小铲子
1773478489.1545482 [logical-1] [INFO] [1773478489.154143397] [Ground]: 识别到QR码: 葵花种子
1773478489.2139771 [logical-1] [INFO] [1773478489.213517216] [Ground]: 识别到QR码: 小铲子
1773478489.2158430 [logical-1] [INFO] [1773478489.215456062] [Ground]: 识别到QR码: 葵花种子
1773478489.2239425 [logical-1] [INFO] [1773478489.222381131] [Ground]: 识别到QR码: 小铲子
1773478489.2831752 [logical-1] [INFO] [1773478489.282815311] [Ground]: 识别到QR码: 小铲子
1773478489.2850168 [logical-1] [INFO] [1773478489.284579419] [Ground]: 识别到QR码: 葵花种子
1773478489.3568716 [logical-1] [INFO] [1773478489.356500801] [Ground]: 识别到QR码: 小铲子
1773478489.3591502 [logical-1] [INFO] [1773478489.358854719] [Ground]: 识别到QR码: 葵花种子
1773478489.3847024 [logical-1] [INFO] [1773478489.384374225] [Ground]: 识别到QR码: 小铲子
1773478489.4164145 [logical-1] [INFO] [1773478489.416101035] [Ground]: 识别到QR码: 小铲子
1773478489.4190280 [logical-1] [INFO] [1773478489.418642702] [Ground]: 识别到QR码: 葵花种子
1773478489.4554362 [logical-1] [INFO] [1773478489.455037116] [Ground]: 识别到QR码: 小铲子
1773478489.4571989 [logical-1] [INFO] [1773478489.456951044] [Ground]: 识别到QR码: 葵花种子
1773478489.4848537 [logical-1] [INFO] [1773478489.484356704] [Ground]: 识别到QR码: 小铲子
1773478489.4870293 [logical-1] [INFO] [1773478489.486762975] [Ground]: 识别到QR码: 葵花种子
1773478489.5246816 [logical-1] [INFO] [1773478489.524348276] [Ground]: 识别到QR码: 小铲子
1773478489.5262203 [logical-1] [INFO] [1773478489.525845732] [Ground]: 识别到QR码: 葵花种子
1773478489.5549788 [logical-1] [INFO] [1773478489.554666116] [Ground]: 识别到QR码: 小铲子
1773478489.5564871 [logical-1] [INFO] [1773478489.556208974] [Ground]: 识别到QR码: 葵花种子
1773478489.5841222 [logical-1] [INFO] [1773478489.583744762] [Ground]: 识别到QR码: 小铲子
1773478489.5870085 [logical-1] [INFO] [1773478489.586403868] [Ground]: 识别到QR码: 葵花种子
1773478489.6246650 [logical-1] [INFO] [1773478489.624138721] [Ground]: 识别到QR码: 小铲子
1773478489.6260369 [logical-1] [INFO] [1773478489.625821040] [Ground]: 识别到QR码: 葵花种子
1773478489.6554778 [logical-1] [INFO] [1773478489.655112653] [Ground]: 识别到QR码: 小铲子
1773478489.6577156 [logical-1] [INFO] [1773478489.656875767] [Ground]: 识别到QR码: 葵花种子
1773478489.6890924 [logical-1] [INFO] [1773478489.688726963] [Ground]: 识别到QR码: 小铲子
1773478489.6910264 [logical-1] [INFO] [1773478489.690761719] [Ground]: 识别到QR码: 葵花种子
1773478489.7373762 [logical-1] [INFO] [1773478489.736802434] [Ground]: 识别到QR码: 小铲子
1773478489.7460124 [logical-1] [INFO] [1773478489.745247258] [Ground]: 识别到QR码: 葵花种子
1773478489.7532823 [logical-1] [INFO] [1773478489.752911759] [Ground]: 识别到QR码: 小铲子
1773478489.7559693 [logical-1] [INFO] [1773478489.755368016] [Ground]: 识别到QR码: 葵花种子
1773478489.7848201 [logical-1] [INFO] [1773478489.784457527] [Ground]: 识别到QR码: 葵花种子
1773478489.8230734 [logical-1] [INFO] [1773478489.822736249] [Ground]: 识别到QR码: 小铲子
1773478489.8244901 [logical-1] [INFO] [1773478489.824292823] [Ground]: 识别到QR码: 葵花种子
1773478489.8550973 [logical-1] [INFO] [1773478489.854777301] [Ground]: 识别到QR码: 小铲子
1773478489.8595297 [logical-1] [INFO] [1773478489.859154280] [Ground]: 识别到QR码: 葵花种子
1773478489.8880668 [logical-1] [INFO] [1773478489.887694396] [Ground]: 识别到QR码: 小铲子
1773478489.8899233 [logical-1] [INFO] [1773478489.889542414] [Ground]: 识别到QR码: 葵花种子
1773478489.9211774 [logical-1] [INFO] [1773478489.920723256] [Ground]: 识别到QR码: 小铲子
1773478489.9234879 [logical-1] [INFO] [1773478489.923086087] [Ground]: 识别到QR码: 葵花种子
1773478489.9588811 [logical-1] [INFO] [1773478489.958153893] [Ground]: 识别到QR码: 小铲子
1773478489.9958484 [logical-1] [INFO] [1773478489.995234385] [Ground]: 识别到QR码: 葵花种子
1773478489.9991548 [logical-1] [INFO] [1773478489.998727234] [Ground]: 识别到QR码: 小铲子
1773478490.0228755 [logical-1] [INFO] [1773478490.022458011] [Ground]: 识别到QR码: 葵花种子
1773478490.0583017 [logical-1] [INFO] [1773478490.057903655] [Ground]: 识别到QR码: 小铲子
1773478490.0895476 [logical-1] [INFO] [1773478490.089204563] [Ground]: 识别到QR码: 小铲子
1773478490.0913744 [logical-1] [INFO] [1773478490.090934855] [Ground]: 识别到QR码: 葵花种子
1773478490.1306779 [logical-1] [INFO] [1773478490.130330395] [Ground]: 识别到QR码: 小铲子
1773478490.1605818 [logical-1] [INFO] [1773478490.159895593] [Ground]: 识别到QR码: 葵花种子
1773478490.1938276 [logical-1] [INFO] [1773478490.193233060] [Ground]: 识别到QR码: 小铲子
1773478490.1955435 [logical-1] [INFO] [1773478490.195250962] [Ground]: 识别到QR码: 葵花种子
1773478490.2886403 [logical-1] [INFO] [1773478490.288305220] [Ground]: 识别到QR码: 小铲子
1773478490.2906253 [logical-1] [INFO] [1773478490.290033953] [Ground]: 识别到QR码: 葵花种子
1773478490.3595102 [logical-1] [INFO] [1773478490.359119007] [Ground]: 识别到QR码: 小铲子
1773478490.3608999 [logical-1] [INFO] [1773478490.360658227] [Ground]: 识别到QR码: 葵花种子
1773478490.3880541 [logical-1] [INFO] [1773478490.387461098] [Ground]: 识别到QR码: 葵花种子
1773478490.3892150 [logical-1] [INFO] [1773478490.389011445] [Ground]: 识别到QR码: 小铲子
1773478490.4604132 [logical-1] [INFO] [1773478490.460015126] [Ground]: 识别到QR码: 葵花种子
1773478490.4626091 [logical-1] [INFO] [1773478490.462222258] [Ground]: 识别到QR码: 小铲子
1773478490.5263593 [logical-1] [INFO] [1773478490.525902658] [Ground]: 识别到QR码: 小铲子
1773478490.5282671 [logical-1] [INFO] [1773478490.527975223] [Ground]: 识别到QR码: 葵花种子
1773478490.5555732 [logical-1] [INFO] [1773478490.555270878] [Ground]: 识别到QR码: 小铲子
1773478490.5919244 [logical-1] [INFO] [1773478490.591577883] [Ground]: 识别到QR码: 小铲子
1773478490.5942025 [logical-1] [INFO] [1773478490.593392109] [Ground]: 识别到QR码: 葵花种子
1773478490.6236305 [logical-1] [INFO] [1773478490.623264762] [Ground]: 识别到QR码: 小铲子
1773478490.6259556 [logical-1] [INFO] [1773478490.625101125] [Ground]: 识别到QR码: 葵花种子
1773478490.6738153 [logical-1] [INFO] [1773478490.673405705] [Ground]: 识别到QR码: 小铲子
1773478490.6781173 [logical-1] [INFO] [1773478490.677738847] [Ground]: 识别到QR码: 葵花种子
1773478490.6941531 [logical-1] [INFO] [1773478490.693810238] [Ground]: 识别到QR码: 小铲子
1773478490.7594988 [logical-1] [INFO] [1773478490.759151097] [Ground]: 识别到QR码: 小铲子
1773478490.7610183 [logical-1] [INFO] [1773478490.760495264] [Ground]: 识别到QR码: 葵花种子
1773478490.8284786 [logical-1] [INFO] [1773478490.828161968] [Ground]: 识别到QR码: 葵花种子
1773478490.8302851 [logical-1] [INFO] [1773478490.829695334] [Ground]: 识别到QR码: 小铲子
1773478490.9013424 [logical-1] [INFO] [1773478490.900892323] [Ground]: 识别到QR码: 小铲子
1773478490.9034042 [logical-1] [INFO] [1773478490.902989548] [Ground]: 识别到QR码: 葵花种子
1773478490.9917285 [logical-1] [INFO] [1773478490.991310377] [Ground]: 识别到QR码: 小铲子
1773478490.9934571 [logical-1] [INFO] [1773478490.993042078] [Ground]: 识别到QR码: 葵花种子
1773478491.0448160 [logical-1] [INFO] [1773478491.044346783] [Ground]: 识别到QR码: 小铲子
1773478491.0459917 [logical-1] [INFO] [1773478491.045655859] [Ground]: 识别到QR码: 葵花种子
1773478491.1691997 [logical-1] [INFO] [1773478491.168879400] [Ground]: 识别到QR码: 葵花种子
1773478491.1873271 [logical-1] [INFO] [1773478491.186962163] [Ground]: 识别到QR码: 小铲子
1773478491.1983352 [logical-1] [INFO] [1773478491.198055035] [Ground]: 识别到QR码: 小铲子
1773478491.1996765 [logical-1] [INFO] [1773478491.199341996] [Ground]: 识别到QR码: 葵花种子
1773478491.3310053 [logical-1] [INFO] [1773478491.330602457] [Ground]: 识别到QR码: 小铲子
1773478491.3338387 [logical-1] [INFO] [1773478491.333378323] [Ground]: 识别到QR码: 葵花种子
1773478491.3660007 [logical-1] [INFO] [1773478491.365497845] [Ground]: 识别到QR码: 小铲子
1773478491.3676040 [logical-1] [INFO] [1773478491.367185940] [Ground]: 识别到QR码: 葵花种子
1773478491.4023738 [logical-1] [INFO] [1773478491.402011798] [Ground]: 识别到QR码: 小铲子
1773478491.4052258 [logical-1] [INFO] [1773478491.404870227] [Ground]: 识别到QR码: 葵花种子
1773478491.4670095 [logical-1] [INFO] [1773478491.466539092] [Ground]: 识别到QR码: 小铲子
1773478491.4956148 [logical-1] [INFO] [1773478491.495284900] [Ground]: 识别到QR码: 小铲子
1773478491.4985189 [logical-1] [INFO] [1773478491.498119704] [Ground]: 识别到QR码: 葵花种子
1773478491.6645157 [logical-1] [INFO] [1773478491.664132916] [Ground]: 识别到QR码: 葵花种子
1773478491.6659346 [logical-1] [INFO] [1773478491.665729923] [Ground]: 识别到QR码: 小铲子
1773478491.7032361 [logical-1] [INFO] [1773478491.702911669] [Ground]: 识别到QR码: 葵花种子
1773478491.7731142 [logical-1] [INFO] [1773478491.772779252] [Ground]: 识别到QR码: 小铲子
1773478491.7804692 [logical-1] [INFO] [1773478491.779986152] [Ground]: 识别到QR码: 葵花种子
1773478491.7992756 [logical-1] [INFO] [1773478491.798866503] [Ground]: 识别到QR码: 葵花种子
1773478491.8331707 [logical-1] [INFO] [1773478491.832671527] [Ground]: 识别到QR码: 葵花种子
1773478491.8807292 [logical-1] [INFO] [1773478491.880345339] [Ground]: 识别到QR码: 葵花种子
1773478491.9357264 [logical-1] [INFO] [1773478491.934986625] [Ground]: 识别到QR码: 小铲子
1773478491.9370828 [logical-1] [INFO] [1773478491.936714218] [Ground]: 识别到QR码: 葵花种子
1773478491.9767969 [logical-1] [INFO] [1773478491.976160721] [Ground]: 识别到QR码: 小铲子
1773478491.9800422 [logical-1] [INFO] [1773478491.979667659] [Ground]: 识别到QR码: 葵花种子
1773478492.0018082 [logical-1] [INFO] [1773478492.001476604] [Ground]: 识别到QR码: 葵花种子
1773478492.1431904 [logical-1] [INFO] [1773478492.142766550] [Ground]: 识别到QR码: 小铲子
1773478492.1448846 [logical-1] [INFO] [1773478492.144616384] [Ground]: 识别到QR码: 葵花种子
1773478492.2110865 [logical-1] [INFO] [1773478492.210542296] [Ground]: 识别到QR码: 小铲子
1773478492.2413855 [logical-1] [INFO] [1773478492.241087942] [Ground]: 识别到QR码: 小铲子
1773478492.2806866 [logical-1] [INFO] [1773478492.280268608] [Ground]: 识别到QR码: 小铲子
1773479171.4937811 [INFO] [logical-1]: process has finished cleanly [pid 16368]
