1775393257.9926140 [INFO] [launch]: All log files can be found below /home/focal/Desktop/2024_GroundStation/run_log/2026-04-05-05-47-37-988993-ubuntu-28042
1775393257.9929388 [INFO] [launch]: Default logging verbosity is set to INFO
1775393258.0652661 [INFO] [myMain-1]: process started with pid [28044]
1775393258.0654871 [INFO] [navNode-2]: process started with pid [28046]
1775393258.3720932 [navNode-2] [INFO] [1775393258.371789366] [navNode]: paths: [
1775393258.3723571 [navNode-2]   {"x": 0.00, "y": 0.00, "z": 0.70, "label": "TakeOff", "qrcode": "", "label2": ""       , "qrcode2": "" },
1775393258.3724778 [navNode-2]   {"x":-0.25, "y": 0.75, "z": 0.80, "label": "A6"     , "qrcode": "", "label2": ""       , "qrcode2": "" },
1775393258.3725798 [navNode-2]   {"x":-0.25, "y": 0.75, "z": 1.20, "label": "A3"     , "qrcode": "", "label2": ""       , "qrcode2": "" },
1775393258.3726804 [navNode-2]   {"x":-0.25, "y": 1.25, "z": 1.20, "label": "A2"     , "qrcode": "", "label2": ""       , "qrcode2": "" },
1775393258.3727796 [navNode-2]   {"x":-0.25, "y": 1.25, "z": 0.80, "label": "A5"     , "qrcode": "", "label2": ""       , "qrcode2": "" },
1775393258.3728805 [navNode-2]   {"x":-0.25, "y": 1.75, "z": 0.80, "label": "A4"     , "qrcode": "", "label2": ""       , "qrcode2": "" },
1775393258.3730109 [navNode-2]   {"x":-0.25, "y": 1.75, "z": 1.20, "label": "A1"     , "qrcode": "", "label2": ""       , "qrcode2": "" },
1775393258.3731210 [navNode-2]   {"x":-0.25, "y": 2.00, "z": 0.70, "label": "UpSide1", "qrcode": "", "label2": ""       , "qrcode2": "" },
1775393258.3732216 [navNode-2]   {"x": 0.75, "y": 2.00, "z": 0.70, "label": "LandPos", "qrcode": "", "label2": ""       , "qrcode2": "" }
1775393258.3733540 [navNode-2] ]
1775393258.3734727 [navNode-2] 
1775393258.3822172 [navNode-2] [INFO] [1775393258.381969619] [navNode]: 上位机导航节点启动成功
1775393258.9338388 [myMain-1] [INFO] [1775393258.933560206] [Ground]: ros2 node launch success:Ground!
1775393274.4058592 [myMain-1] [INFO] [1775393274.405530898] [Ground]: takeoff 发送成功 → 飞行站已调用：takeoff服务
1775393276.2788358 [myMain-1] [INFO] [1775393276.278485781] [Ground]: land 发送成功 → 飞行站已调用：land服务
1775393277.8704717 [myMain-1] [INFO] [1775393277.870086848] [Ground]: takeoff 发送成功 → 飞行站已调用：takeoff服务
1775393278.4222336 [myMain-1] [INFO] [1775393278.421901904] [Ground]: land 发送成功 → 飞行站已调用：land服务
1775393278.8048813 [myMain-1] [INFO] [1775393278.804476282] [Ground]: takeoff 发送成功 → 飞行站已调用：takeoff服务
1775393279.1987617 [myMain-1] [INFO] [1775393279.198348368] [Ground]: land 发送成功 → 飞行站已调用：land服务
1775393279.5112178 [myMain-1] [INFO] [1775393279.510884169] [Ground]: takeoff 发送成功 → 飞行站已调用：takeoff服务
1775393282.7547493 [myMain-1] [INFO] [1775393282.754329560] [Ground]: takeoff 发送成功 → 飞行站已调用：takeoff服务
1775393283.2801147 [myMain-1] [INFO] [1775393283.279170434] [Ground]: land 发送成功 → 飞行站已调用：land服务
1775393283.6436353 [myMain-1] [INFO] [1775393283.643301443] [Ground]: takeoff 发送成功 → 飞行站已调用：takeoff服务
1775393283.9612343 [myMain-1] [INFO] [1775393283.960818928] [Ground]: land 发送成功 → 飞行站已调用：land服务
1775393284.2770281 [myMain-1] [INFO] [1775393284.276662072] [Ground]: takeoff 发送成功 → 飞行站已调用：takeoff服务
1775393284.5563321 [myMain-1] [INFO] [1775393284.556022935] [Ground]: land 发送成功 → 飞行站已调用：land服务
1775393284.8370893 [myMain-1] [INFO] [1775393284.836705182] [Ground]: takeoff 发送成功 → 飞行站已调用：takeoff服务
1775393285.0642715 [myMain-1] [INFO] [1775393285.063962694] [Ground]: land 发送成功 → 飞行站已调用：land服务
1775393285.2825618 [myMain-1] [INFO] [1775393285.282253627] [Ground]: takeoff 发送成功 → 飞行站已调用：takeoff服务
1775393285.5153475 [myMain-1] [INFO] [1775393285.515043998] [Ground]: land 发送成功 → 飞行站已调用：land服务
1775393285.7673228 [myMain-1] [INFO] [1775393285.767009996] [Ground]: takeoff 发送成功 → 飞行站已调用：takeoff服务
1775393286.0163605 [myMain-1] [INFO] [1775393286.016042440] [Ground]: land 发送成功 → 飞行站已调用：land服务
1775393286.2794440 [myMain-1] [INFO] [1775393286.279140886] [Ground]: takeoff 发送成功 → 飞行站已调用：takeoff服务
1775393286.5044467 [myMain-1] [INFO] [1775393286.504120782] [Ground]: land 发送成功 → 飞行站已调用：land服务
1775393286.7272749 [myMain-1] [INFO] [1775393286.726964097] [Ground]: takeoff 发送成功 → 飞行站已调用：takeoff服务
1775393286.9612527 [myMain-1] [INFO] [1775393286.960886500] [Ground]: land 发送成功 → 飞行站已调用：land服务
1775393287.2053747 [myMain-1] [INFO] [1775393287.205072361] [Ground]: takeoff 发送成功 → 飞行站已调用：takeoff服务
1775393287.3896909 [myMain-1] [INFO] [1775393287.389400361] [Ground]: land 发送成功 → 飞行站已调用：land服务
1775393287.6601398 [myMain-1] [INFO] [1775393287.659821485] [Ground]: takeoff 发送成功 → 飞行站已调用：takeoff服务
1775393287.8792620 [myMain-1] [INFO] [1775393287.878179005] [Ground]: land 发送成功 → 飞行站已调用：land服务
1775393288.1189890 [myMain-1] [INFO] [1775393288.118558744] [Ground]: takeoff 发送成功 → 飞行站已调用：takeoff服务
1775393482.1774013 [WARNING] [launch]: user interrupted with ctrl-c (SIGINT)
1775393482.2227232 [INFO] [navNode-2]: process has finished cleanly [pid 28046]
1775393482.9496427 [WARNING] [launch]: user interrupted with ctrl-c (SIGINT) again, ignoring...
1775393483.6652546 [WARNING] [launch]: user interrupted with ctrl-c (SIGINT) again, ignoring...
1775393483.8508286 [WARNING] [launch]: user interrupted with ctrl-c (SIGINT) again, ignoring...
1775393484.0160871 [WARNING] [launch]: user interrupted with ctrl-c (SIGINT) again, ignoring...
1775393486.9959514 [myMain-1] Traceback (most recent call last):
1775393486.9964249 [myMain-1]   File "/home/focal/Desktop/2024_GroundStation/build/GroundStation/GroundStation/myMain.py", line 90, in update_pos
1775393486.9965293 [myMain-1]     def update_pos(self, info, x,y,z,confidence):
1775393486.9965904 [myMain-1] KeyboardInterrupt
1775393487.1795251 [ERROR] [myMain-1]: process[myMain-1] failed to terminate '5' seconds after receiving 'SIGINT', escalating to 'SIGTERM'
1775393487.1799860 [INFO] [myMain-1]: sending signal 'SIGTERM' to process[myMain-1]
1775393487.2137141 [ERROR] [myMain-1]: process has died [pid 28044, exit code -15, cmd '/home/focal/Desktop/2024_GroundStation/install/GroundStation/lib/GroundStation/myMain --ros-args'].
