1775401916.0543246 [INFO] [launch]: All log files can be found below /home/focal/Desktop/2024_GroundStation/run_log/2026-04-05-08-11-56-047732-ubuntu-42592
1775401916.0547225 [INFO] [launch]: Default logging verbosity is set to INFO
1775401916.2192039 [INFO] [myMain-1]: process started with pid [42605]
1775401916.2194238 [INFO] [navNode-2]: process started with pid [42607]
1775401916.9180791 [navNode-2] [INFO] [1775401916.917486118] [navNode]: paths: [
1775401916.9787872 [navNode-2]   {"x": 0.00, "y": 0.00, "z": 0.70, "label": "TakeOff", "qrcode": "", "label2": ""       , "qrcode2": "" },
1775401916.9789426 [navNode-2]   {"x":-0.25, "y": 0.75, "z": 0.80, "label": "A6"     , "qrcode": "", "label2": ""       , "qrcode2": "" },
1775401916.9789858 [navNode-2]   {"x":-0.25, "y": 0.75, "z": 1.20, "label": "A3"     , "qrcode": "", "label2": ""       , "qrcode2": "" },
1775401916.9790211 [navNode-2]   {"x":-0.25, "y": 1.25, "z": 1.20, "label": "A2"     , "qrcode": "", "label2": ""       , "qrcode2": "" },
1775401916.9790549 [navNode-2]   {"x":-0.25, "y": 1.25, "z": 0.80, "label": "A5"     , "qrcode": "", "label2": ""       , "qrcode2": "" },
1775401916.9790876 [navNode-2]   {"x":-0.25, "y": 1.75, "z": 0.80, "label": "A4"     , "qrcode": "", "label2": ""       , "qrcode2": "" },
1775401916.9791188 [navNode-2]   {"x":-0.25, "y": 1.75, "z": 1.20, "label": "A1"     , "qrcode": "", "label2": ""       , "qrcode2": "" },
1775401916.9791505 [navNode-2]   {"x":-0.25, "y": 2.00, "z": 0.70, "label": "UpSide1", "qrcode": "", "label2": ""       , "qrcode2": "" },
1775401916.9791892 [navNode-2]   {"x": 0.00, "y": 2.00, "z": 0.70, "label": "LandPos", "qrcode": "", "label2": ""       , "qrcode2": "" }
1775401916.9792356 [navNode-2] ]
1775401916.9792798 [navNode-2] 
1775401916.9802234 [navNode-2] [INFO] [1775401916.927088269] [navNode]: 上位机导航节点启动成功
1775401920.9836721 [myMain-1] [INFO] [1775401920.981685058] [Ground]: ros2 node launch success:Ground!
1775401952.6547098 [myMain-1] [INFO] [1775401952.650167664] [Ground]: 发送 shutdown-navNode 成功
1775401952.6642199 [navNode-2] [INFO] [1775401952.663878668] [navNode]: 收到来自UI的请求：shutdown-navNode
1775401952.6657870 [navNode-2] [WARN] [1775401952.665565242] [navNode]: navNodeshutdown-navNode
1775401952.6777518 [myMain-1] [INFO] [1775401952.675905601] [Ground]: shutdown-navNode 响应成功 → shutdown-navNode关闭节点
1775401952.8764837 [INFO] [navNode-2]: process has finished cleanly [pid 42607]
1775401954.1763949 [INFO] [myMain-1]: process has finished cleanly [pid 42605]
