1775388278.0136523 [INFO] [launch]: All log files can be found below /home/focal/Desktop/2024_GroundStation/run_log/2026-04-05-04-24-38-008762-ubuntu-19026
1775388278.0140092 [INFO] [launch]: Default logging verbosity is set to INFO
1775388278.0874093 [INFO] [navNode-1]: process started with pid [19030]
1775388278.3754039 [navNode-1] [INFO] [1775388278.375036035] [navNode]: paths: [
1775388278.3759594 [navNode-1]   {"x": 0.00, "y": 0.00, "z": 0.70, "label": "TakeOff", "qrcode": "", "label2": "TakeOff", "qrcode2": "" },
1775388278.3763835 [navNode-1]   {"x":-0.25, "y": 0.75, "z": 0.80, "label": "A6"     , "qrcode": "", "label2": ""       , "qrcode2": "" },
1775388278.3766992 [navNode-1]   {"x":-0.25, "y": 0.75, "z": 1.20, "label": "A3"     , "qrcode": "", "label2": ""       , "qrcode2": "" },
1775388278.3770437 [navNode-1]   {"x":-0.25, "y": 1.25, "z": 1.20, "label": "A2"     , "qrcode": "", "label2": ""       , "qrcode2": "" },
1775388278.3773646 [navNode-1]   {"x":-0.25, "y": 1.25, "z": 0.80, "label": "A5"     , "qrcode": "", "label2": ""       , "qrcode2": "" },
1775388278.3776898 [navNode-1]   {"x":-0.25, "y": 1.75, "z": 0.80, "label": "A4"     , "qrcode": "", "label2": ""       , "qrcode2": "" },
1775388278.3779328 [navNode-1]   {"x":-0.25, "y": 1.75, "z": 1.20, "label": "A1"     , "qrcode": "", "label2": ""       , "qrcode2": "" },
1775388278.3782427 [navNode-1]   {"x": 0.75, "y": 2.75, "z": 0.70, "label": "UpSide1", "qrcode": "", "label2": ""       , "qrcode2": "" },
1775388278.3785074 [navNode-1]   {"x": 0.75, "y": 2.75, "z": 0.70, "label": "Landpos", "qrcode": "", "label2": ""       , "qrcode2": "" }
1775388278.3788040 [navNode-1] ]
1775388278.3790989 [navNode-1] 
1775388278.3796148 [navNode-1] [INFO] [1775388278.379113883] [navNode]: 上位机导航节点启动成功
1775388282.2255647 [navNode-1] [INFO] [1775388282.225044911] [navNode]: 收到来自UI的请求：A1
1775388282.2263658 [navNode-1] [INFO] [1775388282.226092849] [navNode]: 测试1<class 'str'>
1775388328.3830917 [WARNING] [launch]: user interrupted with ctrl-c (SIGINT)
1775388328.4049776 [navNode-1] The following exception was never retrieved: find_points_by_labels() takes 3 positional arguments but 4 were given
1775388328.4112647 [INFO] [navNode-1]: process has finished cleanly [pid 19030]
