1775396984.3067157 [INFO] [launch]: All log files can be found below /home/focal/Desktop/2024_GroundStation/run_log/2026-04-05-06-49-44-302502-ubuntu-38147
1775396984.3071923 [INFO] [launch]: Default logging verbosity is set to INFO
1775396984.3830884 [INFO] [myMain-1]: process started with pid [38150]
1775396984.3833082 [INFO] [navNode-2]: process started with pid [38152]
1775396984.6830788 [navNode-2] [INFO] [1775396984.682761611] [navNode]: paths: [
1775396984.6835253 [navNode-2]   {"x": 0.00, "y": 0.00, "z": 0.70, "label": "TakeOff", "qrcode": "", "label2": ""       , "qrcode2": "" },
1775396984.6836612 [navNode-2]   {"x":-0.25, "y": 0.75, "z": 0.80, "label": "A6"     , "qrcode": "", "label2": ""       , "qrcode2": "" },
1775396984.6837609 [navNode-2]   {"x":-0.25, "y": 0.75, "z": 1.20, "label": "A3"     , "qrcode": "", "label2": ""       , "qrcode2": "" },
1775396984.6838567 [navNode-2]   {"x":-0.25, "y": 1.25, "z": 1.20, "label": "A2"     , "qrcode": "", "label2": ""       , "qrcode2": "" },
1775396984.6839745 [navNode-2]   {"x":-0.25, "y": 1.25, "z": 0.80, "label": "A5"     , "qrcode": "", "label2": ""       , "qrcode2": "" },
1775396984.6841342 [navNode-2]   {"x":-0.25, "y": 1.75, "z": 0.80, "label": "A4"     , "qrcode": "", "label2": ""       , "qrcode2": "" },
1775396984.6842842 [navNode-2]   {"x":-0.25, "y": 1.75, "z": 1.20, "label": "A1"     , "qrcode": "", "label2": ""       , "qrcode2": "" },
1775396984.6844192 [navNode-2]   {"x":-0.25, "y": 2.00, "z": 0.70, "label": "UpSide1", "qrcode": "", "label2": ""       , "qrcode2": "" },
1775396984.6845593 [navNode-2]   {"x": 0.75, "y": 2.00, "z": 0.70, "label": "LandPos", "qrcode": "", "label2": ""       , "qrcode2": "" }
1775396984.6846750 [navNode-2] ]
1775396984.6848068 [navNode-2] 
1775396984.6859639 [navNode-2] [INFO] [1775396984.685820238] [navNode]: 上位机导航节点启动成功
1775396985.1904099 [myMain-1] [INFO] [1775396985.189876520] [Ground]: ros2 node launch success:Ground!
1775396986.5216720 [myMain-1] [INFO] [1775396986.521207971] [Ground]: 发送 scan_all 成功
1775396986.5223415 [navNode-2] [INFO] [1775396986.521621077] [navNode]: 收到来自UI的请求：scan_all
1775396986.5228758 [navNode-2] [WARN] [1775396986.522677022] [navNode]: 任务开始执行scan_all
1775396986.5250225 [myMain-1] [INFO] [1775396986.524788737] [Ground]: scan_all 响应成功 → 回复：scan_all
1775396986.6233177 [navNode-2] [INFO] [1775396986.622986291] [navNode]: 状态1：Takeoff--[TakeOff]
1775396986.8743892 [navNode-2] [ERROR] [1775396986.873978011] [navNode]: 发送 takeoff 失败: ROS2 服务 [ControlService] 未启动或超时
1775396986.8754456 [navNode-2] [INFO] [1775396986.875178027] [navNode]: 状态2：Takeoff_wait--[TakeOff]
1775396986.8757007 [navNode-2] [INFO] [1775396986.875549152] [navNode]: 未到目标点
1775396986.8758345 [navNode-2] 目标位置:(0.0, 0.0, 0.7)-[TakeOff]-[MCU:False]-[POS:False]
1775396986.8758802 [navNode-2] 当前位置:(0.0, 0.0, 0.0)
1775396986.9233630 [navNode-2] [INFO] [1775396986.923072991] [navNode]: 状态2：Takeoff_wait--[TakeOff]
1775396986.9237425 [navNode-2] [INFO] [1775396986.923436710] [navNode]: 未到目标点
1775396986.9238422 [navNode-2] 目标位置:(0.0, 0.0, 0.7)-[TakeOff]-[MCU:False]-[POS:False]
1775396986.9238856 [navNode-2] 当前位置:(0.0, 0.0, 0.0)
1775396987.0231762 [navNode-2] [INFO] [1775396987.022864285] [navNode]: 状态2：Takeoff_wait--[TakeOff]
1775396987.0235624 [navNode-2] [INFO] [1775396987.023260969] [navNode]: 未到目标点
1775396987.0236478 [navNode-2] 目标位置:(0.0, 0.0, 0.7)-[TakeOff]-[MCU:False]-[POS:False]
1775396987.0236895 [navNode-2] 当前位置:(0.0, 0.0, 0.0)
1775396987.1232691 [navNode-2] [INFO] [1775396987.122937790] [navNode]: 状态2：Takeoff_wait--[TakeOff]
1775396987.1236331 [navNode-2] [INFO] [1775396987.123323263] [navNode]: 未到目标点
1775396987.1237431 [navNode-2] 目标位置:(0.0, 0.0, 0.7)-[TakeOff]-[MCU:False]-[POS:False]
1775396987.1237915 [navNode-2] 当前位置:(0.0, 0.0, 0.0)
1775396987.2232044 [navNode-2] [INFO] [1775396987.222830707] [navNode]: 状态2：Takeoff_wait--[TakeOff]
1775396987.2235498 [navNode-2] [INFO] [1775396987.223233170] [navNode]: 未到目标点
1775396987.2236099 [navNode-2] 目标位置:(0.0, 0.0, 0.7)-[TakeOff]-[MCU:False]-[POS:False]
1775396987.2236447 [navNode-2] 当前位置:(0.0, 0.0, 0.0)
1775396987.3233793 [navNode-2] [INFO] [1775396987.323090448] [navNode]: 状态2：Takeoff_wait--[TakeOff]
1775396987.3237584 [navNode-2] [INFO] [1775396987.323496926] [navNode]: 未到目标点
1775396987.3238575 [navNode-2] 目标位置:(0.0, 0.0, 0.7)-[TakeOff]-[MCU:False]-[POS:False]
1775396987.3239079 [navNode-2] 当前位置:(0.0, 0.0, 0.0)
1775396987.4231997 [navNode-2] [INFO] [1775396987.422842575] [navNode]: 状态2：Takeoff_wait--[TakeOff]
1775396987.4235306 [navNode-2] [INFO] [1775396987.423246722] [navNode]: 未到目标点
1775396987.4236131 [navNode-2] 目标位置:(0.0, 0.0, 0.7)-[TakeOff]-[MCU:False]-[POS:False]
1775396987.4236627 [navNode-2] 当前位置:(0.0, 0.0, 0.0)
1775396987.5232656 [navNode-2] [INFO] [1775396987.522923521] [navNode]: 状态2：Takeoff_wait--[TakeOff]
1775396987.5236955 [navNode-2] [INFO] [1775396987.523299924] [navNode]: 未到目标点
1775396987.5237591 [navNode-2] 目标位置:(0.0, 0.0, 0.7)-[TakeOff]-[MCU:False]-[POS:False]
1775396987.5238225 [navNode-2] 当前位置:(0.0, 0.0, 0.0)
1775396987.6234570 [navNode-2] [INFO] [1775396987.623101529] [navNode]: 状态2：Takeoff_wait--[TakeOff]
1775396987.6238236 [navNode-2] [INFO] [1775396987.623538791] [navNode]: 未到目标点
1775396987.6238894 [navNode-2] 目标位置:(0.0, 0.0, 0.7)-[TakeOff]-[MCU:False]-[POS:False]
1775396987.6239288 [navNode-2] 当前位置:(0.0, 0.0, 0.0)
1775396987.7232466 [navNode-2] [INFO] [1775396987.722932256] [navNode]: 状态2：Takeoff_wait--[TakeOff]
1775396987.7236156 [navNode-2] [INFO] [1775396987.723324155] [navNode]: 未到目标点
1775396987.7237811 [navNode-2] 目标位置:(0.0, 0.0, 0.7)-[TakeOff]-[MCU:False]-[POS:False]
1775396987.7238822 [navNode-2] 当前位置:(0.0, 0.0, 0.0)
1775396987.7391508 [myMain-1] [INFO] [1775396987.738762007] [Ground]: 发送 shutdown-navNode 成功
1775396987.7400501 [navNode-2] [INFO] [1775396987.739723949] [navNode]: 收到来自UI的请求：shutdown-navNode
1775396987.7403944 [navNode-2] [WARN] [1775396987.740229985] [navNode]: navNodeshutdown-navNode
1775396987.8233418 [navNode-2] [INFO] [1775396987.822974600] [navNode]: 状态8：End--[任务结束]
1775396988.3719409 [INFO] [myMain-1]: process has finished cleanly [pid 38150]
1775396990.7873132 [WARNING] [launch]: user interrupted with ctrl-c (SIGINT)
1775396990.8828239 [navNode-2] Traceback (most recent call last):
1775396990.8830242 [navNode-2]   File "/home/focal/Desktop/2024_GroundStation/install/GroundStation/lib/GroundStation/navNode", line 11, in <module>
1775396990.8830729 [navNode-2]     load_entry_point('GroundStation', 'console_scripts', 'navNode')()
1775396990.8831077 [navNode-2]   File "/home/focal/Desktop/2024_GroundStation/build/GroundStation/GroundStation/navNode.py", line 345, in main
1775396990.8831387 [navNode-2]     executor.shutdown(node)
1775396990.8831699 [navNode-2]   File "/opt/ros/foxy/lib/python3.8/site-packages/rclpy/executors.py", line 219, in shutdown
1775396990.8832176 [navNode-2]     if not self._work_tracker.wait(timeout_sec):
1775396990.8832793 [navNode-2]   File "/opt/ros/foxy/lib/python3.8/site-packages/rclpy/executors.py", line 101, in wait
1775396990.8833108 [navNode-2]     if timeout_sec is not None and timeout_sec < 0:
1775396990.8833406 [navNode-2] TypeError: '<' not supported between instances of 'navNode' and 'int'
1775396990.9241765 [ERROR] [navNode-2]: process has died [pid 38152, exit code 1, cmd '/home/focal/Desktop/2024_GroundStation/install/GroundStation/lib/GroundStation/navNode --ros-args --params-file /home/focal/Desktop/2024_GroundStation/install/GroundStation/share/GroundStation/param/navNode.yaml'].
