[0.516s] Invoking command in '/home/focal/Desktop/2024_GroundStation/build/uav_car_interfaces': CMAKE_PREFIX_PATH=/opt/ros/foxy /usr/bin/cmake --build /home/focal/Desktop/2024_GroundStation/build/uav_car_interfaces -- -j4 -l4
[0.576s] -- Found ament_cmake: 0.9.12 (/opt/ros/foxy/share/ament_cmake/cmake)
[0.631s] -- Found PythonInterp: /usr/bin/python3 (found suitable version "3.8.10", minimum required is "3") 
[0.631s] -- Using PYTHON_EXECUTABLE: /usr/bin/python3
[0.951s] -- Override CMake install command with custom implementation using symlinks instead of copying resources
[1.000s] -- Found rosidl_default_generators: 1.0.1 (/opt/ros/foxy/share/rosidl_default_generators/cmake)
[1.006s] -- Using all available rosidl_typesupport_c: rosidl_typesupport_fastrtps_c;rosidl_typesupport_introspection_c
[1.016s] -- Found rosidl_adapter: 1.3.1 (/opt/ros/foxy/share/rosidl_adapter/cmake)
[1.407s] -- Using all available rosidl_typesupport_cpp: rosidl_typesupport_fastrtps_cpp;rosidl_typesupport_introspection_cpp
[1.593s] -- Found PythonInterp: /usr/bin/python3 (found version "3.8.10") 
[1.883s] -- Found ament_cmake_ros: 0.9.2 (/opt/ros/foxy/share/ament_cmake_ros/cmake)
[2.251s] -- Using all available rosidl_typesupport_c: rosidl_typesupport_fastrtps_c;rosidl_typesupport_introspection_c
[2.274s] -- Using all available rosidl_typesupport_cpp: rosidl_typesupport_fastrtps_cpp;rosidl_typesupport_introspection_cpp
[2.317s] -- Found PythonInterp: /usr/bin/python3 (found suitable version "3.8.10", minimum required is "3.5") 
[2.321s] -- Found python_cmake_module: 0.8.1 (/opt/ros/foxy/share/python_cmake_module/cmake)
[2.368s] -- Using PYTHON_EXECUTABLE: /usr/bin/python3
[2.368s] -- Using PYTHON_INCLUDE_DIRS: /usr/include/python3.8
[2.368s] -- Using PYTHON_LIBRARIES: /usr/lib/x86_64-linux-gnu/libpython3.8.so
[2.392s] -- Found ament_lint_auto: 0.9.8 (/opt/ros/foxy/share/ament_lint_auto/cmake)
[2.475s] -- Added test 'copyright' to check source files copyright and LICENSE
[2.482s] -- Added test 'lint_cmake' to check CMake code style
[2.489s] -- Added test 'xmllint' to check XML markup files
[2.505s] -- Configuring done
[2.632s] -- Generating done
[2.654s] -- Build files have been written to: /home/focal/Desktop/2024_GroundStation/build/uav_car_interfaces
[2.720s] [  2%] [34m[1mGenerating C code for ROS interfaces[0m
[2.782s] [  4%] [34m[1mGenerating C++ code for ROS interfaces[0m
[3.554s] [  4%] Built target uav_car_interfaces__cpp
[3.613s] [  6%] [34m[1mGenerating C++ type support dispatch for ROS interfaces[0m
[3.623s] [  8%] [34m[1mGenerating C++ introspection for ROS interfaces[0m
[3.701s] [ 10%] [34m[1mGenerating C++ type support for eProsima Fast-RTPS[0m
[3.729s] [35m[1mScanning dependencies of target uav_car_interfaces__rosidl_generator_c[0m
[3.815s] [ 12%] [32mBuilding C object CMakeFiles/uav_car_interfaces__rosidl_generator_c.dir/rosidl_generator_c/uav_car_interfaces/msg/detail/t265_data__functions.c.o[0m
[4.500s] [ 14%] [32mBuilding C object CMakeFiles/uav_car_interfaces__rosidl_generator_c.dir/rosidl_generator_c/uav_car_interfaces/msg/detail/image_processor_data__functions.c.o[0m
[4.561s] [35m[1mScanning dependencies of target uav_car_interfaces__rosidl_typesupport_cpp[0m
[4.595s] [35m[1mScanning dependencies of target uav_car_interfaces__rosidl_typesupport_introspection_cpp[0m
[4.696s] [ 17%] [32mBuilding CXX object CMakeFiles/uav_car_interfaces__rosidl_typesupport_cpp.dir/rosidl_typesupport_cpp/uav_car_interfaces/msg/t265_data__type_support.cpp.o[0m
[4.712s] [ 19%] [32mBuilding CXX object CMakeFiles/uav_car_interfaces__rosidl_typesupport_introspection_cpp.dir/rosidl_typesupport_introspection_cpp/uav_car_interfaces/msg/detail/t265_data__type_support.cpp.o[0m
[4.727s] [ 21%] [32mBuilding C object CMakeFiles/uav_car_interfaces__rosidl_generator_c.dir/rosidl_generator_c/uav_car_interfaces/srv/detail/control_service__functions.c.o[0m
[4.996s] [ 23%] [32m[1mLinking C shared library libuav_car_interfaces__rosidl_generator_c.so[0m
[5.124s] [35m[1mScanning dependencies of target uav_car_interfaces__rosidl_typesupport_fastrtps_cpp[0m
[5.127s] [ 23%] Built target uav_car_interfaces__rosidl_generator_c
[5.187s] [ 25%] [34m[1mGenerating C type support dispatch for ROS interfaces[0m
[5.225s] [ 27%] [32mBuilding CXX object CMakeFiles/uav_car_interfaces__rosidl_typesupport_fastrtps_cpp.dir/rosidl_typesupport_fastrtps_cpp/uav_car_interfaces/msg/detail/dds_fastrtps/t265_data__type_support.cpp.o[0m
[6.072s] [35m[1mScanning dependencies of target uav_car_interfaces__rosidl_typesupport_c[0m
[6.128s] [ 29%] [32mBuilding CXX object CMakeFiles/uav_car_interfaces__rosidl_typesupport_c.dir/rosidl_typesupport_c/uav_car_interfaces/msg/t265_data__type_support.cpp.o[0m
[6.139s] [ 31%] [32mBuilding CXX object CMakeFiles/uav_car_interfaces__rosidl_typesupport_cpp.dir/rosidl_typesupport_cpp/uav_car_interfaces/msg/image_processor_data__type_support.cpp.o[0m
[6.178s] [ 34%] [32mBuilding CXX object CMakeFiles/uav_car_interfaces__rosidl_typesupport_introspection_cpp.dir/rosidl_typesupport_introspection_cpp/uav_car_interfaces/msg/detail/image_processor_data__type_support.cpp.o[0m
[6.281s] [ 36%] [32mBuilding CXX object CMakeFiles/uav_car_interfaces__rosidl_typesupport_c.dir/rosidl_typesupport_c/uav_car_interfaces/msg/image_processor_data__type_support.cpp.o[0m
[6.439s] [ 38%] [32mBuilding CXX object CMakeFiles/uav_car_interfaces__rosidl_typesupport_c.dir/rosidl_typesupport_c/uav_car_interfaces/srv/control_service__type_support.cpp.o[0m
[6.540s] [ 40%] [32mBuilding CXX object CMakeFiles/uav_car_interfaces__rosidl_typesupport_fastrtps_cpp.dir/rosidl_typesupport_fastrtps_cpp/uav_car_interfaces/msg/detail/dds_fastrtps/image_processor_data__type_support.cpp.o[0m
[6.565s] [ 42%] [32m[1mLinking CXX shared library libuav_car_interfaces__rosidl_typesupport_c.so[0m
[6.616s] [ 44%] [32mBuilding CXX object CMakeFiles/uav_car_interfaces__rosidl_typesupport_cpp.dir/rosidl_typesupport_cpp/uav_car_interfaces/srv/control_service__type_support.cpp.o[0m
[6.668s] [ 46%] [32mBuilding CXX object CMakeFiles/uav_car_interfaces__rosidl_typesupport_introspection_cpp.dir/rosidl_typesupport_introspection_cpp/uav_car_interfaces/srv/detail/control_service__type_support.cpp.o[0m
[6.686s] [ 46%] Built target uav_car_interfaces__rosidl_typesupport_c
[6.708s] [ 48%] [34m[1mGenerating C introspection for ROS interfaces[0m
[7.245s] [ 51%] [32m[1mLinking CXX shared library libuav_car_interfaces__rosidl_typesupport_cpp.so[0m
[7.391s] [ 51%] Built target uav_car_interfaces__rosidl_typesupport_cpp
[7.432s] [ 53%] [32mBuilding CXX object CMakeFiles/uav_car_interfaces__rosidl_typesupport_fastrtps_cpp.dir/rosidl_typesupport_fastrtps_cpp/uav_car_interfaces/srv/detail/dds_fastrtps/control_service__type_support.cpp.o[0m
[7.440s] [ 55%] [32m[1mLinking CXX shared library libuav_car_interfaces__rosidl_typesupport_introspection_cpp.so[0m
[7.560s] [ 55%] Built target uav_car_interfaces__rosidl_typesupport_introspection_cpp
[7.569s] [35m[1mScanning dependencies of target uav_car_interfaces__rosidl_typesupport_introspection_c[0m
[7.602s] [ 57%] [32mBuilding C object CMakeFiles/uav_car_interfaces__rosidl_typesupport_introspection_c.dir/rosidl_typesupport_introspection_c/uav_car_interfaces/msg/detail/t265_data__type_support.c.o[0m
[7.609s] [ 59%] [32mBuilding C object CMakeFiles/uav_car_interfaces__rosidl_typesupport_introspection_c.dir/rosidl_typesupport_introspection_c/uav_car_interfaces/srv/detail/control_service__type_support.c.o[0m
[7.633s] [ 61%] [32mBuilding C object CMakeFiles/uav_car_interfaces__rosidl_typesupport_introspection_c.dir/rosidl_typesupport_introspection_c/uav_car_interfaces/msg/detail/image_processor_data__type_support.c.o[0m
[7.762s] [ 63%] [32m[1mLinking C shared library libuav_car_interfaces__rosidl_typesupport_introspection_c.so[0m
[7.861s] [ 63%] Built target uav_car_interfaces__rosidl_typesupport_introspection_c
[8.142s] [ 65%] [32m[1mLinking CXX shared library libuav_car_interfaces__rosidl_typesupport_fastrtps_cpp.so[0m
[8.259s] [ 65%] Built target uav_car_interfaces__rosidl_typesupport_fastrtps_cpp
[8.280s] [ 68%] [34m[1mGenerating C type support for eProsima Fast-RTPS[0m
[8.653s] [35m[1mScanning dependencies of target uav_car_interfaces__rosidl_typesupport_fastrtps_c[0m
[8.688s] [ 70%] [32mBuilding CXX object CMakeFiles/uav_car_interfaces__rosidl_typesupport_fastrtps_c.dir/rosidl_typesupport_fastrtps_c/uav_car_interfaces/msg/detail/t265_data__type_support_c.cpp.o[0m
[8.696s] [ 72%] [32mBuilding CXX object CMakeFiles/uav_car_interfaces__rosidl_typesupport_fastrtps_c.dir/rosidl_typesupport_fastrtps_c/uav_car_interfaces/msg/detail/image_processor_data__type_support_c.cpp.o[0m
[8.697s] [ 74%] [32mBuilding CXX object CMakeFiles/uav_car_interfaces__rosidl_typesupport_fastrtps_c.dir/rosidl_typesupport_fastrtps_c/uav_car_interfaces/srv/detail/control_service__type_support_c.cpp.o[0m
[9.376s] [ 76%] [32m[1mLinking CXX shared library libuav_car_interfaces__rosidl_typesupport_fastrtps_c.so[0m
[9.492s] [ 76%] Built target uav_car_interfaces__rosidl_typesupport_fastrtps_c
[9.530s] [ 76%] Built target uav_car_interfaces
[9.564s] [ 78%] [34m[1mGenerating Python code for ROS interfaces[0m
[10.307s] [ 78%] Built target uav_car_interfaces__py
[10.329s] [35m[1mScanning dependencies of target uav_car_interfaces__python[0m
[10.366s] [ 80%] [32mBuilding C object CMakeFiles/uav_car_interfaces__python.dir/rosidl_generator_py/uav_car_interfaces/msg/_t265_data_s.c.o[0m
[10.367s] [ 82%] [32mBuilding C object CMakeFiles/uav_car_interfaces__python.dir/rosidl_generator_py/uav_car_interfaces/srv/_control_service_s.c.o[0m
[10.370s] [ 85%] [32mBuilding C object CMakeFiles/uav_car_interfaces__python.dir/rosidl_generator_py/uav_car_interfaces/msg/_image_processor_data_s.c.o[0m
[10.633s] [ 87%] [32m[1mLinking C shared library rosidl_generator_py/uav_car_interfaces/libuav_car_interfaces__python.so[0m
[10.698s] [ 87%] Built target uav_car_interfaces__python
[10.729s] [35m[1mScanning dependencies of target uav_car_interfaces__rosidl_typesupport_fastrtps_c__pyext[0m
[10.741s] [35m[1mScanning dependencies of target uav_car_interfaces__rosidl_typesupport_introspection_c__pyext[0m
[10.746s] [35m[1mScanning dependencies of target uav_car_interfaces__rosidl_typesupport_c__pyext[0m
[10.782s] [ 89%] [32mBuilding C object CMakeFiles/uav_car_interfaces__rosidl_typesupport_c__pyext.dir/rosidl_generator_py/uav_car_interfaces/_uav_car_interfaces_s.ep.rosidl_typesupport_c.c.o[0m
[10.798s] [ 91%] [32mBuilding C object CMakeFiles/uav_car_interfaces__rosidl_typesupport_fastrtps_c__pyext.dir/rosidl_generator_py/uav_car_interfaces/_uav_car_interfaces_s.ep.rosidl_typesupport_fastrtps_c.c.o[0m
[10.811s] [ 93%] [32mBuilding C object CMakeFiles/uav_car_interfaces__rosidl_typesupport_introspection_c__pyext.dir/rosidl_generator_py/uav_car_interfaces/_uav_car_interfaces_s.ep.rosidl_typesupport_introspection_c.c.o[0m
[11.025s] [ 95%] [32m[1mLinking CXX shared library rosidl_generator_py/uav_car_interfaces/uav_car_interfaces_s__rosidl_typesupport_fastrtps_c.cpython-38-x86_64-linux-gnu.so[0m
[11.127s] [ 97%] [32m[1mLinking C shared library rosidl_generator_py/uav_car_interfaces/uav_car_interfaces_s__rosidl_typesupport_introspection_c.cpython-38-x86_64-linux-gnu.so[0m
[11.138s] [100%] [32m[1mLinking C shared library rosidl_generator_py/uav_car_interfaces/uav_car_interfaces_s__rosidl_typesupport_c.cpython-38-x86_64-linux-gnu.so[0m
[11.172s] [100%] Built target uav_car_interfaces__rosidl_typesupport_fastrtps_c__pyext
[11.234s] [100%] Built target uav_car_interfaces__rosidl_typesupport_introspection_c__pyext
[11.238s] [100%] Built target uav_car_interfaces__rosidl_typesupport_c__pyext
[11.260s] Invoked command in '/home/focal/Desktop/2024_GroundStation/build/uav_car_interfaces' returned '0': CMAKE_PREFIX_PATH=/opt/ros/foxy /usr/bin/cmake --build /home/focal/Desktop/2024_GroundStation/build/uav_car_interfaces -- -j4 -l4
[11.285s] Invoking command in '/home/focal/Desktop/2024_GroundStation/build/uav_car_interfaces': CMAKE_PREFIX_PATH=/opt/ros/foxy /usr/bin/cmake --install /home/focal/Desktop/2024_GroundStation/build/uav_car_interfaces
[11.309s] -- Install configuration: ""
[11.310s] -- Execute custom install script
[11.311s] -- Up-to-date symlink: /home/focal/Desktop/2024_GroundStation/install/uav_car_interfaces/share/ament_index/resource_index/rosidl_interfaces/uav_car_interfaces
[11.312s] -- Up-to-date symlink: /home/focal/Desktop/2024_GroundStation/install/uav_car_interfaces/include/uav_car_interfaces/msg/detail/image_processor_data__functions.h
[11.313s] -- Up-to-date symlink: /home/focal/Desktop/2024_GroundStation/install/uav_car_interfaces/include/uav_car_interfaces/msg/detail/image_processor_data__struct.h
[11.313s] -- Up-to-date symlink: /home/focal/Desktop/2024_GroundStation/install/uav_car_interfaces/include/uav_car_interfaces/msg/detail/image_processor_data__type_support.h
[11.313s] -- Up-to-date symlink: /home/focal/Desktop/2024_GroundStation/install/uav_car_interfaces/include/uav_car_interfaces/msg/detail/t265_data__functions.h
[11.313s] -- Up-to-date symlink: /home/focal/Desktop/2024_GroundStation/install/uav_car_interfaces/include/uav_car_interfaces/msg/detail/t265_data__struct.h
[11.314s] -- Up-to-date symlink: /home/focal/Desktop/2024_GroundStation/install/uav_car_interfaces/include/uav_car_interfaces/msg/detail/t265_data__type_support.h
[11.314s] -- Up-to-date symlink: /home/focal/Desktop/2024_GroundStation/install/uav_car_interfaces/include/uav_car_interfaces/msg/image_processor_data.h
[11.314s] -- Up-to-date symlink: /home/focal/Desktop/2024_GroundStation/install/uav_car_interfaces/include/uav_car_interfaces/msg/rosidl_generator_c__visibility_control.h
[11.314s] -- Up-to-date symlink: /home/focal/Desktop/2024_GroundStation/install/uav_car_interfaces/include/uav_car_interfaces/msg/t265_data.h
[11.315s] -- Up-to-date symlink: /home/focal/Desktop/2024_GroundStation/install/uav_car_interfaces/include/uav_car_interfaces/srv/control_service.h
[11.315s] -- Up-to-date symlink: /home/focal/Desktop/2024_GroundStation/install/uav_car_interfaces/include/uav_car_interfaces/srv/detail/control_service__functions.h
[11.319s] -- Up-to-date symlink: /home/focal/Desktop/2024_GroundStation/install/uav_car_interfaces/include/uav_car_interfaces/srv/detail/control_service__struct.h
[11.320s] -- Up-to-date symlink: /home/focal/Desktop/2024_GroundStation/install/uav_car_interfaces/include/uav_car_interfaces/srv/detail/control_service__type_support.h
[11.320s] -- Up-to-date symlink: /home/focal/Desktop/2024_GroundStation/install/uav_car_interfaces/share/uav_car_interfaces/environment/library_path.sh
[11.320s] -- Up-to-date symlink: /home/focal/Desktop/2024_GroundStation/install/uav_car_interfaces/share/uav_car_interfaces/environment/library_path.dsv
[11.322s] -- Up-to-date symlink: /home/focal/Desktop/2024_GroundStation/install/uav_car_interfaces/include/uav_car_interfaces/msg/detail/image_processor_data__rosidl_typesupport_fastrtps_c.h
[11.323s] -- Up-to-date symlink: /home/focal/Desktop/2024_GroundStation/install/uav_car_interfaces/include/uav_car_interfaces/msg/detail/t265_data__rosidl_typesupport_fastrtps_c.h
[11.323s] -- Up-to-date symlink: /home/focal/Desktop/2024_GroundStation/install/uav_car_interfaces/include/uav_car_interfaces/msg/rosidl_typesupport_fastrtps_c__visibility_control.h
[11.323s] -- Up-to-date symlink: /home/focal/Desktop/2024_GroundStation/install/uav_car_interfaces/include/uav_car_interfaces/srv/detail/control_service__rosidl_typesupport_fastrtps_c.h
[11.324s] -- Up-to-date symlink: /home/focal/Desktop/2024_GroundStation/install/uav_car_interfaces/lib/libuav_car_interfaces__rosidl_typesupport_fastrtps_c.so
[11.326s] -- Up-to-date symlink: /home/focal/Desktop/2024_GroundStation/install/uav_car_interfaces/include/uav_car_interfaces/msg/detail/image_processor_data__rosidl_typesupport_fastrtps_cpp.hpp
[11.326s] -- Up-to-date symlink: /home/focal/Desktop/2024_GroundStation/install/uav_car_interfaces/include/uav_car_interfaces/msg/detail/t265_data__rosidl_typesupport_fastrtps_cpp.hpp
[11.326s] -- Up-to-date symlink: /home/focal/Desktop/2024_GroundStation/install/uav_car_interfaces/include/uav_car_interfaces/msg/rosidl_typesupport_fastrtps_cpp__visibility_control.h
[11.326s] -- Up-to-date symlink: /home/focal/Desktop/2024_GroundStation/install/uav_car_interfaces/include/uav_car_interfaces/srv/detail/control_service__rosidl_typesupport_fastrtps_cpp.hpp
[11.327s] -- Up-to-date symlink: /home/focal/Desktop/2024_GroundStation/install/uav_car_interfaces/lib/libuav_car_interfaces__rosidl_typesupport_fastrtps_cpp.so
[11.329s] -- Up-to-date symlink: /home/focal/Desktop/2024_GroundStation/install/uav_car_interfaces/include/uav_car_interfaces/msg/detail/image_processor_data__rosidl_typesupport_introspection_c.h
[11.329s] -- Up-to-date symlink: /home/focal/Desktop/2024_GroundStation/install/uav_car_interfaces/include/uav_car_interfaces/msg/detail/t265_data__rosidl_typesupport_introspection_c.h
[11.329s] -- Up-to-date symlink: /home/focal/Desktop/2024_GroundStation/install/uav_car_interfaces/include/uav_car_interfaces/msg/rosidl_typesupport_introspection_c__visibility_control.h
[11.329s] -- Up-to-date symlink: /home/focal/Desktop/2024_GroundStation/install/uav_car_interfaces/include/uav_car_interfaces/srv/detail/control_service__rosidl_typesupport_introspection_c.h
[11.331s] -- Up-to-date symlink: /home/focal/Desktop/2024_GroundStation/install/uav_car_interfaces/include/uav_car_interfaces/msg/detail/image_processor_data__builder.hpp
[11.331s] -- Up-to-date symlink: /home/focal/Desktop/2024_GroundStation/install/uav_car_interfaces/include/uav_car_interfaces/msg/detail/image_processor_data__struct.hpp
[11.332s] -- Up-to-date symlink: /home/focal/Desktop/2024_GroundStation/install/uav_car_interfaces/include/uav_car_interfaces/msg/detail/image_processor_data__traits.hpp
[11.332s] -- Up-to-date symlink: /home/focal/Desktop/2024_GroundStation/install/uav_car_interfaces/include/uav_car_interfaces/msg/detail/image_processor_data__type_support.hpp
[11.332s] -- Up-to-date symlink: /home/focal/Desktop/2024_GroundStation/install/uav_car_interfaces/include/uav_car_interfaces/msg/detail/t265_data__builder.hpp
[11.333s] -- Up-to-date symlink: /home/focal/Desktop/2024_GroundStation/install/uav_car_interfaces/include/uav_car_interfaces/msg/detail/t265_data__struct.hpp
[11.333s] -- Up-to-date symlink: /home/focal/Desktop/2024_GroundStation/install/uav_car_interfaces/include/uav_car_interfaces/msg/detail/t265_data__traits.hpp
[11.333s] -- Up-to-date symlink: /home/focal/Desktop/2024_GroundStation/install/uav_car_interfaces/include/uav_car_interfaces/msg/detail/t265_data__type_support.hpp
[11.334s] -- Up-to-date symlink: /home/focal/Desktop/2024_GroundStation/install/uav_car_interfaces/include/uav_car_interfaces/msg/image_processor_data.hpp
[11.334s] -- Up-to-date symlink: /home/focal/Desktop/2024_GroundStation/install/uav_car_interfaces/include/uav_car_interfaces/msg/rosidl_generator_cpp__visibility_control.hpp
[11.335s] -- Up-to-date symlink: /home/focal/Desktop/2024_GroundStation/install/uav_car_interfaces/include/uav_car_interfaces/msg/t265_data.hpp
[11.335s] -- Up-to-date symlink: /home/focal/Desktop/2024_GroundStation/install/uav_car_interfaces/include/uav_car_interfaces/srv/control_service.hpp
[11.335s] -- Up-to-date symlink: /home/focal/Desktop/2024_GroundStation/install/uav_car_interfaces/include/uav_car_interfaces/srv/detail/control_service__builder.hpp
[11.335s] -- Up-to-date symlink: /home/focal/Desktop/2024_GroundStation/install/uav_car_interfaces/include/uav_car_interfaces/srv/detail/control_service__struct.hpp
[11.336s] -- Up-to-date symlink: /home/focal/Desktop/2024_GroundStation/install/uav_car_interfaces/include/uav_car_interfaces/srv/detail/control_service__traits.hpp
[11.336s] -- Up-to-date symlink: /home/focal/Desktop/2024_GroundStation/install/uav_car_interfaces/include/uav_car_interfaces/srv/detail/control_service__type_support.hpp
[11.339s] -- Up-to-date symlink: /home/focal/Desktop/2024_GroundStation/install/uav_car_interfaces/include/uav_car_interfaces/msg/detail/image_processor_data__rosidl_typesupport_introspection_cpp.hpp
[11.339s] -- Up-to-date symlink: /home/focal/Desktop/2024_GroundStation/install/uav_car_interfaces/include/uav_car_interfaces/msg/detail/t265_data__rosidl_typesupport_introspection_cpp.hpp
[11.351s] -- Up-to-date symlink: /home/focal/Desktop/2024_GroundStation/install/uav_car_interfaces/include/uav_car_interfaces/srv/detail/control_service__rosidl_typesupport_introspection_cpp.hpp
[11.352s] -- Up-to-date symlink: /home/focal/Desktop/2024_GroundStation/install/uav_car_interfaces/share/uav_car_interfaces/environment/pythonpath.sh
[11.352s] -- Up-to-date symlink: /home/focal/Desktop/2024_GroundStation/install/uav_car_interfaces/share/uav_car_interfaces/environment/pythonpath.dsv
[11.352s] -- Up-to-date symlink: /home/focal/Desktop/2024_GroundStation/install/uav_car_interfaces/lib/python3.8/site-packages/uav_car_interfaces/__init__.py
[11.352s] -- Up-to-date symlink: /home/focal/Desktop/2024_GroundStation/install/uav_car_interfaces/lib/python3.8/site-packages/uav_car_interfaces/msg/__init__.py
[11.352s] -- Up-to-date symlink: /home/focal/Desktop/2024_GroundStation/install/uav_car_interfaces/lib/python3.8/site-packages/uav_car_interfaces/msg/_image_processor_data.py
[11.352s] -- Up-to-date symlink: /home/focal/Desktop/2024_GroundStation/install/uav_car_interfaces/lib/python3.8/site-packages/uav_car_interfaces/msg/_t265_data.py
[11.352s] -- Up-to-date symlink: /home/focal/Desktop/2024_GroundStation/install/uav_car_interfaces/lib/python3.8/site-packages/uav_car_interfaces/srv/__init__.py
[11.352s] -- Up-to-date symlink: /home/focal/Desktop/2024_GroundStation/install/uav_car_interfaces/lib/python3.8/site-packages/uav_car_interfaces/srv/_control_service.py
[11.353s] -- Up-to-date symlink: /home/focal/Desktop/2024_GroundStation/install/uav_car_interfaces/lib/python3.8/site-packages/uav_car_interfaces/uav_car_interfaces_s__rosidl_typesupport_fastrtps_c.cpython-38-x86_64-linux-gnu.so
[11.353s] -- Up-to-date symlink: /home/focal/Desktop/2024_GroundStation/install/uav_car_interfaces/lib/python3.8/site-packages/uav_car_interfaces/uav_car_interfaces_s__rosidl_typesupport_introspection_c.cpython-38-x86_64-linux-gnu.so
[11.353s] -- Up-to-date symlink: /home/focal/Desktop/2024_GroundStation/install/uav_car_interfaces/lib/python3.8/site-packages/uav_car_interfaces/uav_car_interfaces_s__rosidl_typesupport_c.cpython-38-x86_64-linux-gnu.so
[11.353s] -- Up-to-date symlink: /home/focal/Desktop/2024_GroundStation/install/uav_car_interfaces/lib/libuav_car_interfaces__python.so
[11.353s] -- Up-to-date symlink: /home/focal/Desktop/2024_GroundStation/install/uav_car_interfaces/share/uav_car_interfaces/msg/T265Data.idl
[11.353s] -- Up-to-date symlink: /home/focal/Desktop/2024_GroundStation/install/uav_car_interfaces/share/uav_car_interfaces/msg/ImageProcessorData.idl
[11.353s] -- Up-to-date symlink: /home/focal/Desktop/2024_GroundStation/install/uav_car_interfaces/share/uav_car_interfaces/srv/ControlService.idl
[11.354s] -- Up-to-date symlink: /home/focal/Desktop/2024_GroundStation/install/uav_car_interfaces/share/uav_car_interfaces/msg/T265Data.msg
[11.354s] -- Up-to-date symlink: /home/focal/Desktop/2024_GroundStation/install/uav_car_interfaces/share/uav_car_interfaces/msg/ImageProcessorData.msg
[11.354s] -- Up-to-date symlink: /home/focal/Desktop/2024_GroundStation/install/uav_car_interfaces/share/uav_car_interfaces/srv/ControlService.srv
[11.356s] -- Up-to-date symlink: /home/focal/Desktop/2024_GroundStation/install/uav_car_interfaces/share/uav_car_interfaces/srv/ControlService_Request.msg
[11.356s] -- Up-to-date symlink: /home/focal/Desktop/2024_GroundStation/install/uav_car_interfaces/share/uav_car_interfaces/srv/ControlService_Response.msg
[11.357s] -- Up-to-date symlink: /home/focal/Desktop/2024_GroundStation/install/uav_car_interfaces/share/ament_index/resource_index/package_run_dependencies/uav_car_interfaces
[11.358s] -- Up-to-date symlink: /home/focal/Desktop/2024_GroundStation/install/uav_car_interfaces/share/ament_index/resource_index/parent_prefix_path/uav_car_interfaces
[11.358s] -- Up-to-date symlink: /home/focal/Desktop/2024_GroundStation/install/uav_car_interfaces/share/uav_car_interfaces/environment/ament_prefix_path.sh
[11.359s] -- Up-to-date symlink: /home/focal/Desktop/2024_GroundStation/install/uav_car_interfaces/share/uav_car_interfaces/environment/ament_prefix_path.dsv
[11.367s] -- Up-to-date symlink: /home/focal/Desktop/2024_GroundStation/install/uav_car_interfaces/share/uav_car_interfaces/environment/path.sh
[11.368s] -- Up-to-date symlink: /home/focal/Desktop/2024_GroundStation/install/uav_car_interfaces/share/uav_car_interfaces/environment/path.dsv
[11.368s] -- Up-to-date symlink: /home/focal/Desktop/2024_GroundStation/install/uav_car_interfaces/share/uav_car_interfaces/local_setup.bash
[11.368s] -- Up-to-date symlink: /home/focal/Desktop/2024_GroundStation/install/uav_car_interfaces/share/uav_car_interfaces/local_setup.sh
[11.368s] -- Up-to-date symlink: /home/focal/Desktop/2024_GroundStation/install/uav_car_interfaces/share/uav_car_interfaces/local_setup.zsh
[11.368s] -- Up-to-date symlink: /home/focal/Desktop/2024_GroundStation/install/uav_car_interfaces/share/uav_car_interfaces/local_setup.dsv
[11.368s] -- Symlinking: /home/focal/Desktop/2024_GroundStation/install/uav_car_interfaces/share/uav_car_interfaces/package.dsv
[11.389s] -- Up-to-date symlink: /home/focal/Desktop/2024_GroundStation/install/uav_car_interfaces/share/ament_index/resource_index/packages/uav_car_interfaces
[11.391s] -- Up-to-date symlink: /home/focal/Desktop/2024_GroundStation/install/uav_car_interfaces/share/uav_car_interfaces/cmake/rosidl_cmake-extras.cmake
[11.391s] -- Up-to-date symlink: /home/focal/Desktop/2024_GroundStation/install/uav_car_interfaces/share/uav_car_interfaces/cmake/ament_cmake_export_dependencies-extras.cmake
[11.391s] -- Up-to-date symlink: /home/focal/Desktop/2024_GroundStation/install/uav_car_interfaces/share/uav_car_interfaces/cmake/ament_cmake_export_libraries-extras.cmake
[11.392s] -- Up-to-date symlink: /home/focal/Desktop/2024_GroundStation/install/uav_car_interfaces/share/uav_car_interfaces/cmake/ament_cmake_export_targets-extras.cmake
[11.392s] -- Up-to-date symlink: /home/focal/Desktop/2024_GroundStation/install/uav_car_interfaces/share/uav_car_interfaces/cmake/ament_cmake_export_include_directories-extras.cmake
[11.394s] -- Up-to-date symlink: /home/focal/Desktop/2024_GroundStation/install/uav_car_interfaces/share/uav_car_interfaces/cmake/rosidl_cmake_export_typesupport_libraries-extras.cmake
[11.394s] -- Up-to-date symlink: /home/focal/Desktop/2024_GroundStation/install/uav_car_interfaces/share/uav_car_interfaces/cmake/rosidl_cmake_export_typesupport_targets-extras.cmake
[11.394s] -- Up-to-date symlink: /home/focal/Desktop/2024_GroundStation/install/uav_car_interfaces/share/uav_car_interfaces/cmake/uav_car_interfacesConfig.cmake
[11.395s] -- Up-to-date symlink: /home/focal/Desktop/2024_GroundStation/install/uav_car_interfaces/share/uav_car_interfaces/cmake/uav_car_interfacesConfig-version.cmake
[11.395s] -- Up-to-date symlink: /home/focal/Desktop/2024_GroundStation/install/uav_car_interfaces/share/uav_car_interfaces/package.xml
[11.396s] -- Installing: /home/focal/Desktop/2024_GroundStation/install/uav_car_interfaces/lib/libuav_car_interfaces__rosidl_generator_c.so
[11.397s] -- Set runtime path of "/home/focal/Desktop/2024_GroundStation/install/uav_car_interfaces/lib/libuav_car_interfaces__rosidl_generator_c.so" to ""
[11.397s] -- Installing: /home/focal/Desktop/2024_GroundStation/install/uav_car_interfaces/lib/libuav_car_interfaces__rosidl_typesupport_introspection_c.so
[11.398s] -- Set runtime path of "/home/focal/Desktop/2024_GroundStation/install/uav_car_interfaces/lib/libuav_car_interfaces__rosidl_typesupport_introspection_c.so" to ""
[11.398s] -- Installing: /home/focal/Desktop/2024_GroundStation/install/uav_car_interfaces/lib/libuav_car_interfaces__rosidl_typesupport_c.so
[11.399s] -- Set runtime path of "/home/focal/Desktop/2024_GroundStation/install/uav_car_interfaces/lib/libuav_car_interfaces__rosidl_typesupport_c.so" to ""
[11.400s] -- Installing: /home/focal/Desktop/2024_GroundStation/install/uav_car_interfaces/lib/libuav_car_interfaces__rosidl_typesupport_introspection_cpp.so
[11.401s] -- Set runtime path of "/home/focal/Desktop/2024_GroundStation/install/uav_car_interfaces/lib/libuav_car_interfaces__rosidl_typesupport_introspection_cpp.so" to ""
[11.401s] -- Installing: /home/focal/Desktop/2024_GroundStation/install/uav_car_interfaces/lib/libuav_car_interfaces__rosidl_typesupport_cpp.so
[11.402s] -- Set runtime path of "/home/focal/Desktop/2024_GroundStation/install/uav_car_interfaces/lib/libuav_car_interfaces__rosidl_typesupport_cpp.so" to ""
[11.446s] Compiling '/home/focal/Desktop/2024_GroundStation/install/uav_car_interfaces/lib/python3.8/site-packages/uav_car_interfaces/__init__.py'...
[11.459s] -- Up-to-date: /home/focal/Desktop/2024_GroundStation/install/uav_car_interfaces/share/uav_car_interfaces/cmake/uav_car_interfaces__rosidl_generator_cExport.cmake
[11.459s] -- Installing: /home/focal/Desktop/2024_GroundStation/install/uav_car_interfaces/share/uav_car_interfaces/cmake/uav_car_interfaces__rosidl_generator_cExport-noconfig.cmake
[11.460s] -- Up-to-date: /home/focal/Desktop/2024_GroundStation/install/uav_car_interfaces/share/uav_car_interfaces/cmake/uav_car_interfaces__rosidl_typesupport_introspection_cExport.cmake
[11.460s] -- Installing: /home/focal/Desktop/2024_GroundStation/install/uav_car_interfaces/share/uav_car_interfaces/cmake/uav_car_interfaces__rosidl_typesupport_introspection_cExport-noconfig.cmake
[11.460s] -- Up-to-date: /home/focal/Desktop/2024_GroundStation/install/uav_car_interfaces/share/uav_car_interfaces/cmake/uav_car_interfaces__rosidl_typesupport_cExport.cmake
[11.460s] -- Installing: /home/focal/Desktop/2024_GroundStation/install/uav_car_interfaces/share/uav_car_interfaces/cmake/uav_car_interfaces__rosidl_typesupport_cExport-noconfig.cmake
[11.460s] -- Up-to-date: /home/focal/Desktop/2024_GroundStation/install/uav_car_interfaces/share/uav_car_interfaces/cmake/uav_car_interfaces__rosidl_generator_cppExport.cmake
[11.460s] -- Up-to-date: /home/focal/Desktop/2024_GroundStation/install/uav_car_interfaces/share/uav_car_interfaces/cmake/uav_car_interfaces__rosidl_typesupport_introspection_cppExport.cmake
[11.460s] -- Installing: /home/focal/Desktop/2024_GroundStation/install/uav_car_interfaces/share/uav_car_interfaces/cmake/uav_car_interfaces__rosidl_typesupport_introspection_cppExport-noconfig.cmake
[11.461s] -- Up-to-date: /home/focal/Desktop/2024_GroundStation/install/uav_car_interfaces/share/uav_car_interfaces/cmake/uav_car_interfaces__rosidl_typesupport_cppExport.cmake
[11.461s] -- Installing: /home/focal/Desktop/2024_GroundStation/install/uav_car_interfaces/share/uav_car_interfaces/cmake/uav_car_interfaces__rosidl_typesupport_cppExport-noconfig.cmake
[11.468s] Invoked command in '/home/focal/Desktop/2024_GroundStation/build/uav_car_interfaces' returned '0': CMAKE_PREFIX_PATH=/opt/ros/foxy /usr/bin/cmake --install /home/focal/Desktop/2024_GroundStation/build/uav_car_interfaces
