1775209759.8075290 [INFO] [launch]: All log files can be found below /home/focal/Desktop/2024_GroundStation/run_log/2026-04-03-02-49-19-803987-ubuntu-16700
1775209759.8078718 [INFO] [launch]: Default logging verbosity is set to INFO
1775209759.8738403 [INFO] [testNode-1]: process started with pid [16702]
1775209760.1636920 [testNode-1] [INFO] [1775209760.163338824] [testNode]: test:2
1775209760.1640770 [testNode-1] [INFO] [1775209760.163794160] [testNode]: [
1775209760.1641517 [testNode-1]   {"x": 0.00, "y": 0.00, "z": 0.70, "label": "TakeOff","qrcode": ""},
1775209760.1641929 [testNode-1]   {"x":-0.25, "y": 0.75, "z": 0.80, "label": "A6"   ,"qrcode": ""},
1775209760.1642277 [testNode-1]   {"x":-0.25, "y": 0.75, "z": 1.20, "label": "A3"   ,"qrcode": ""},
1775209760.1642597 [testNode-1]   {"x":-0.25, "y": 1.25, "z": 1.20, "label": "A2"   ,"qrcode": ""},
1775209760.1642911 [testNode-1]   {"x":-0.25, "y": 1.25, "z": 0.80, "label": "A5"   ,"qrcode": ""},
1775209760.1643229 [testNode-1]   {"x":-0.25, "y": 1.75, "z": 0.80, "label": "A4"   ,"qrcode": ""},
1775209760.1643670 [testNode-1]   {"x":-0.25, "y": 1.75, "z": 1.20, "label": "A1"   ,"qrcode": ""},
1775209760.1644013 [testNode-1]   {"x": 0.75, "y": 2.75, "z": 0.70, "label": "UpSide1","qrcode": ""},
1775209760.1644332 [testNode-1]   {"x": 0.75, "y": 2.75, "z": 0.70, "label": "Landpos","qrcode": ""}
1775209760.1644664 [testNode-1] ]
1775209760.1645112 [testNode-1] 
1775209760.2379992 [testNode-1] Traceback (most recent call last):
1775209760.2381740 [testNode-1]   File "/home/focal/Desktop/2024_GroundStation/build/GroundStation/GroundStation/testNode.py", line 103, in main
1775209760.2382271 [testNode-1]     node = testNode()
1775209760.2382572 [testNode-1]   File "/home/focal/Desktop/2024_GroundStation/build/GroundStation/GroundStation/testNode.py", line 80, in __init__
1775209760.2382855 [testNode-1]     self.topic_qrcode_pub = self.create_publisher(String,"qrcode_data_topic",self.qrcode_callback,10 ,callback_group=self.topic_qrcode_cb_group)
1775209760.2383139 [testNode-1] AttributeError: 'testNode' object has no attribute 'qrcode_callback'
1775209760.2383411 [testNode-1] 
1775209760.2383676 [testNode-1] During handling of the above exception, another exception occurred:
1775209760.2383938 [testNode-1] 
1775209760.2384191 [testNode-1] Traceback (most recent call last):
1775209760.2384458 [testNode-1]   File "/home/focal/Desktop/2024_GroundStation/install/GroundStation/lib/GroundStation/testNode", line 11, in <module>
1775209760.2384722 [testNode-1]     load_entry_point('GroundStation', 'console_scripts', 'testNode')()
1775209760.2384984 [testNode-1]   File "/home/focal/Desktop/2024_GroundStation/build/GroundStation/GroundStation/testNode.py", line 112, in main
1775209760.2385268 [testNode-1]     if node is not None:
1775209760.2385709 [testNode-1] UnboundLocalError: local variable 'node' referenced before assignment
1775209760.2801805 [ERROR] [testNode-1]: process has died [pid 16702, exit code 1, cmd '/home/focal/Desktop/2024_GroundStation/install/GroundStation/lib/GroundStation/testNode --ros-args --params-file /home/focal/Desktop/2024_GroundStation/install/GroundStation/share/GroundStation/param/navNode.yaml'].
