running develop
running egg_info
creating ros2_pyqt_turtlesim_key.egg-info
writing ros2_pyqt_turtlesim_key.egg-info/PKG-INFO
writing dependency_links to ros2_pyqt_turtlesim_key.egg-info/dependency_links.txt
writing entry points to ros2_pyqt_turtlesim_key.egg-info/entry_points.txt
writing requirements to ros2_pyqt_turtlesim_key.egg-info/requires.txt
writing top-level names to ros2_pyqt_turtlesim_key.egg-info/top_level.txt
writing manifest file 'ros2_pyqt_turtlesim_key.egg-info/SOURCES.txt'
reading manifest file 'ros2_pyqt_turtlesim_key.egg-info/SOURCES.txt'
writing manifest file 'ros2_pyqt_turtlesim_key.egg-info/SOURCES.txt'
running build_ext
Creating /home/focal/Desktop/2024_GroundStation/install/ros2_pyqt_turtlesim_key/lib/python3.8/site-packages/site.py
Creating /home/focal/Desktop/2024_GroundStation/install/ros2_pyqt_turtlesim_key/lib/python3.8/site-packages/ros2-pyqt-turtlesim-key.egg-link (link to .)
Installing ros2_pyqt_turtlesim_key script to /home/focal/Desktop/2024_GroundStation/install/ros2_pyqt_turtlesim_key/lib/ros2_pyqt_turtlesim_key

Installed /home/focal/Desktop/2024_GroundStation/build/ros2_pyqt_turtlesim_key
running symlink_data
creating /home/focal/Desktop/2024_GroundStation/install/ros2_pyqt_turtlesim_key/share/ament_index
creating /home/focal/Desktop/2024_GroundStation/install/ros2_pyqt_turtlesim_key/share/ament_index/resource_index
creating /home/focal/Desktop/2024_GroundStation/install/ros2_pyqt_turtlesim_key/share/ament_index/resource_index/packages
symbolically linking /home/focal/Desktop/2024_GroundStation/build/ros2_pyqt_turtlesim_key/resource/ros2_pyqt_turtlesim_key -> /home/focal/Desktop/2024_GroundStation/install/ros2_pyqt_turtlesim_key/share/ament_index/resource_index/packages
symbolically linking /home/focal/Desktop/2024_GroundStation/build/ros2_pyqt_turtlesim_key/package.xml -> /home/focal/Desktop/2024_GroundStation/install/ros2_pyqt_turtlesim_key/share/ros2_pyqt_turtlesim_key
