[1.328s] Invoking command in '/home/focal/Desktop/2024_GroundStation/build/ros2_pyqt_turtlesim_key': PYTHONPATH=/home/focal/Desktop/2024_GroundStation/build/ros2_pyqt_turtlesim_key/prefix_override:/usr/lib/python3/dist-packages/colcon_core/task/python/colcon_distutils_commands:/home/focal/Desktop/2024_GroundStation/install/ros2_pyqt_turtlesim_key/lib/python3.8/site-packages:${PYTHONPATH} /usr/bin/python3 -W ignore:setup.py install is deprecated -W ignore:easy_install command is deprecated setup.py develop --editable --build-directory /home/focal/Desktop/2024_GroundStation/build/ros2_pyqt_turtlesim_key/build --no-deps symlink_data
[1.757s] running develop
[1.997s] running egg_info
[1.997s] creating ros2_pyqt_turtlesim_key.egg-info
[1.997s] writing ros2_pyqt_turtlesim_key.egg-info/PKG-INFO
[1.997s] writing dependency_links to ros2_pyqt_turtlesim_key.egg-info/dependency_links.txt
[1.998s] writing entry points to ros2_pyqt_turtlesim_key.egg-info/entry_points.txt
[1.998s] writing requirements to ros2_pyqt_turtlesim_key.egg-info/requires.txt
[1.998s] writing top-level names to ros2_pyqt_turtlesim_key.egg-info/top_level.txt
[1.998s] writing manifest file 'ros2_pyqt_turtlesim_key.egg-info/SOURCES.txt'
[2.028s] reading manifest file 'ros2_pyqt_turtlesim_key.egg-info/SOURCES.txt'
[2.029s] writing manifest file 'ros2_pyqt_turtlesim_key.egg-info/SOURCES.txt'
[2.078s] running build_ext
[2.079s] Creating /home/focal/Desktop/2024_GroundStation/install/ros2_pyqt_turtlesim_key/lib/python3.8/site-packages/site.py
[2.081s] Creating /home/focal/Desktop/2024_GroundStation/install/ros2_pyqt_turtlesim_key/lib/python3.8/site-packages/ros2-pyqt-turtlesim-key.egg-link (link to .)
[2.087s] Installing ros2_pyqt_turtlesim_key script to /home/focal/Desktop/2024_GroundStation/install/ros2_pyqt_turtlesim_key/lib/ros2_pyqt_turtlesim_key
[2.087s] 
[2.087s] Installed /home/focal/Desktop/2024_GroundStation/build/ros2_pyqt_turtlesim_key
[2.087s] running symlink_data
[2.087s] creating /home/focal/Desktop/2024_GroundStation/install/ros2_pyqt_turtlesim_key/share/ament_index
[2.087s] creating /home/focal/Desktop/2024_GroundStation/install/ros2_pyqt_turtlesim_key/share/ament_index/resource_index
[2.088s] creating /home/focal/Desktop/2024_GroundStation/install/ros2_pyqt_turtlesim_key/share/ament_index/resource_index/packages
[2.088s] symbolically linking /home/focal/Desktop/2024_GroundStation/build/ros2_pyqt_turtlesim_key/resource/ros2_pyqt_turtlesim_key -> /home/focal/Desktop/2024_GroundStation/install/ros2_pyqt_turtlesim_key/share/ament_index/resource_index/packages
[2.088s] symbolically linking /home/focal/Desktop/2024_GroundStation/build/ros2_pyqt_turtlesim_key/package.xml -> /home/focal/Desktop/2024_GroundStation/install/ros2_pyqt_turtlesim_key/share/ros2_pyqt_turtlesim_key
[2.161s] Invoked command in '/home/focal/Desktop/2024_GroundStation/build/ros2_pyqt_turtlesim_key' returned '0': PYTHONPATH=/home/focal/Desktop/2024_GroundStation/build/ros2_pyqt_turtlesim_key/prefix_override:/usr/lib/python3/dist-packages/colcon_core/task/python/colcon_distutils_commands:/home/focal/Desktop/2024_GroundStation/install/ros2_pyqt_turtlesim_key/lib/python3.8/site-packages:${PYTHONPATH} /usr/bin/python3 -W ignore:setup.py install is deprecated -W ignore:easy_install command is deprecated setup.py develop --editable --build-directory /home/focal/Desktop/2024_GroundStation/build/ros2_pyqt_turtlesim_key/build --no-deps symlink_data
