running develop
running egg_info
creating GroundStation.egg-info
writing GroundStation.egg-info/PKG-INFO
writing dependency_links to GroundStation.egg-info/dependency_links.txt
writing entry points to GroundStation.egg-info/entry_points.txt
writing requirements to GroundStation.egg-info/requires.txt
writing top-level names to GroundStation.egg-info/top_level.txt
writing manifest file 'GroundStation.egg-info/SOURCES.txt'
reading manifest file 'GroundStation.egg-info/SOURCES.txt'
writing manifest file 'GroundStation.egg-info/SOURCES.txt'
running build_ext
Creating /home/focal/Desktop/2024_GroundStation/install/GroundStation/lib/python3.8/site-packages/site.py
Creating /home/focal/Desktop/2024_GroundStation/install/GroundStation/lib/python3.8/site-packages/GroundStation.egg-link (link to .)
Installing myMain script to /home/focal/Desktop/2024_GroundStation/install/GroundStation/lib/GroundStation
Installing navNode = GroundStation.navNode:maintestNode script to /home/focal/Desktop/2024_GroundStation/install/GroundStation/lib/GroundStation

Installed /home/focal/Desktop/2024_GroundStation/build/GroundStation
running symlink_data
creating /home/focal/Desktop/2024_GroundStation/install/GroundStation/share/ament_index
creating /home/focal/Desktop/2024_GroundStation/install/GroundStation/share/ament_index/resource_index
creating /home/focal/Desktop/2024_GroundStation/install/GroundStation/share/ament_index/resource_index/packages
symbolically linking /home/focal/Desktop/2024_GroundStation/build/GroundStation/resource/GroundStation -> /home/focal/Desktop/2024_GroundStation/install/GroundStation/share/ament_index/resource_index/packages
symbolically linking /home/focal/Desktop/2024_GroundStation/build/GroundStation/package.xml -> /home/focal/Desktop/2024_GroundStation/install/GroundStation/share/GroundStation
creating /home/focal/Desktop/2024_GroundStation/install/GroundStation/share/GroundStation/param
symbolically linking /home/focal/Desktop/2024_GroundStation/build/GroundStation/param/navNode.yaml -> /home/focal/Desktop/2024_GroundStation/install/GroundStation/share/GroundStation/param
creating /home/focal/Desktop/2024_GroundStation/install/GroundStation/share/GroundStation/launch
symbolically linking /home/focal/Desktop/2024_GroundStation/build/GroundStation/launch/nodes.launch.py -> /home/focal/Desktop/2024_GroundStation/install/GroundStation/share/GroundStation/launch
