[1.315s] Invoking command in '/home/focal/Desktop/2024_GroundStation/build/GroundStation': PYTHONPATH=/home/focal/Desktop/2024_GroundStation/build/GroundStation/prefix_override:/usr/lib/python3/dist-packages/colcon_core/task/python/colcon_distutils_commands:/home/focal/Desktop/2024_GroundStation/install/GroundStation/lib/python3.8/site-packages:${PYTHONPATH} /usr/bin/python3 -W ignore:setup.py install is deprecated -W ignore:easy_install command is deprecated setup.py develop --editable --build-directory /home/focal/Desktop/2024_GroundStation/build/GroundStation/build --no-deps symlink_data
[1.800s] running develop
[2.002s] running egg_info
[2.003s] creating GroundStation.egg-info
[2.003s] writing GroundStation.egg-info/PKG-INFO
[2.003s] writing dependency_links to GroundStation.egg-info/dependency_links.txt
[2.003s] writing entry points to GroundStation.egg-info/entry_points.txt
[2.004s] writing requirements to GroundStation.egg-info/requires.txt
[2.004s] writing top-level names to GroundStation.egg-info/top_level.txt
[2.005s] writing manifest file 'GroundStation.egg-info/SOURCES.txt'
[2.050s] reading manifest file 'GroundStation.egg-info/SOURCES.txt'
[2.051s] writing manifest file 'GroundStation.egg-info/SOURCES.txt'
[2.096s] running build_ext
[2.096s] Creating /home/focal/Desktop/2024_GroundStation/install/GroundStation/lib/python3.8/site-packages/site.py
[2.099s] Creating /home/focal/Desktop/2024_GroundStation/install/GroundStation/lib/python3.8/site-packages/GroundStation.egg-link (link to .)
[2.100s] Installing myMain script to /home/focal/Desktop/2024_GroundStation/install/GroundStation/lib/GroundStation
[2.100s] Installing navNode = GroundStation.navNode:maintestNode script to /home/focal/Desktop/2024_GroundStation/install/GroundStation/lib/GroundStation
[2.101s] 
[2.101s] Installed /home/focal/Desktop/2024_GroundStation/build/GroundStation
[2.101s] running symlink_data
[2.101s] creating /home/focal/Desktop/2024_GroundStation/install/GroundStation/share/ament_index
[2.101s] creating /home/focal/Desktop/2024_GroundStation/install/GroundStation/share/ament_index/resource_index
[2.101s] creating /home/focal/Desktop/2024_GroundStation/install/GroundStation/share/ament_index/resource_index/packages
[2.101s] symbolically linking /home/focal/Desktop/2024_GroundStation/build/GroundStation/resource/GroundStation -> /home/focal/Desktop/2024_GroundStation/install/GroundStation/share/ament_index/resource_index/packages
[2.102s] symbolically linking /home/focal/Desktop/2024_GroundStation/build/GroundStation/package.xml -> /home/focal/Desktop/2024_GroundStation/install/GroundStation/share/GroundStation
[2.102s] creating /home/focal/Desktop/2024_GroundStation/install/GroundStation/share/GroundStation/param
[2.102s] symbolically linking /home/focal/Desktop/2024_GroundStation/build/GroundStation/param/navNode.yaml -> /home/focal/Desktop/2024_GroundStation/install/GroundStation/share/GroundStation/param
[2.107s] creating /home/focal/Desktop/2024_GroundStation/install/GroundStation/share/GroundStation/launch
[2.107s] symbolically linking /home/focal/Desktop/2024_GroundStation/build/GroundStation/launch/nodes.launch.py -> /home/focal/Desktop/2024_GroundStation/install/GroundStation/share/GroundStation/launch
[2.148s] Invoked command in '/home/focal/Desktop/2024_GroundStation/build/GroundStation' returned '0': PYTHONPATH=/home/focal/Desktop/2024_GroundStation/build/GroundStation/prefix_override:/usr/lib/python3/dist-packages/colcon_core/task/python/colcon_distutils_commands:/home/focal/Desktop/2024_GroundStation/install/GroundStation/lib/python3.8/site-packages:${PYTHONPATH} /usr/bin/python3 -W ignore:setup.py install is deprecated -W ignore:easy_install command is deprecated setup.py develop --editable --build-directory /home/focal/Desktop/2024_GroundStation/build/GroundStation/build --no-deps symlink_data
