1775390721.9657433 [INFO] [launch]: All log files can be found below /home/focal/Desktop/2024_GroundStation/run_log/2026-04-05-05-05-21-960685-ubuntu-21642
1775390721.9664764 [INFO] [launch]: Default logging verbosity is set to INFO
1775390722.0935967 [INFO] [myMain-1]: process started with pid [21655]
1775390722.0938814 [INFO] [navNode-2]: process started with pid [21657]
1775390722.6634855 [myMain-1] Traceback (most recent call last):
1775390722.6637225 [myMain-1]   File "/home/focal/Desktop/2024_GroundStation/install/GroundStation/lib/GroundStation/myMain", line 11, in <module>
1775390722.6637826 [myMain-1]     load_entry_point('GroundStation', 'console_scripts', 'myMain')()
1775390722.6638300 [myMain-1]   File "/usr/lib/python3/dist-packages/pkg_resources/__init__.py", line 490, in load_entry_point
1775390722.6638792 [myMain-1]     return get_distribution(dist).load_entry_point(group, name)
1775390722.6639225 [myMain-1]   File "/usr/lib/python3/dist-packages/pkg_resources/__init__.py", line 2854, in load_entry_point
1775390722.6639662 [myMain-1]     return ep.load()
1775390722.6640122 [myMain-1]   File "/usr/lib/python3/dist-packages/pkg_resources/__init__.py", line 2445, in load
1775390722.6640766 [myMain-1]     return self.resolve()
1775390722.6641679 [myMain-1]   File "/usr/lib/python3/dist-packages/pkg_resources/__init__.py", line 2451, in resolve
1775390722.6642172 [myMain-1]     module = __import__(self.module_name, fromlist=['__name__'], level=0)
1775390722.6642623 [myMain-1]   File "/home/focal/Desktop/2024_GroundStation/build/GroundStation/GroundStation/myMain.py", line 44
1775390722.6643088 [myMain-1]     self.pushButton_runtask.clicked.connect(self.bridge_node.talk2nav_client.)
1775390722.6643519 [myMain-1]                                                                              ^
1775390722.6643953 [myMain-1] SyntaxError: invalid syntax
1775390722.7070847 [ERROR] [myMain-1]: process has died [pid 21655, exit code 1, cmd '/home/focal/Desktop/2024_GroundStation/install/GroundStation/lib/GroundStation/myMain --ros-args'].
1775390722.7503717 [navNode-2] [INFO] [1775390722.749831015] [navNode]: paths: [
1775390722.7505836 [navNode-2]   {"x": 0.00, "y": 0.00, "z": 0.70, "label": "TakeOff", "qrcode": "", "label2": ""       , "qrcode2": "" },
1775390722.7506440 [navNode-2]   {"x":-0.25, "y": 0.75, "z": 0.80, "label": "A6"     , "qrcode": "", "label2": ""       , "qrcode2": "" },
1775390722.7507091 [navNode-2]   {"x":-0.25, "y": 0.75, "z": 1.20, "label": "A3"     , "qrcode": "", "label2": ""       , "qrcode2": "" },
1775390722.7507532 [navNode-2]   {"x":-0.25, "y": 1.25, "z": 1.20, "label": "A2"     , "qrcode": "", "label2": ""       , "qrcode2": "" },
1775390722.7507958 [navNode-2]   {"x":-0.25, "y": 1.25, "z": 0.80, "label": "A5"     , "qrcode": "", "label2": ""       , "qrcode2": "" },
1775390722.7508380 [navNode-2]   {"x":-0.25, "y": 1.75, "z": 0.80, "label": "A4"     , "qrcode": "", "label2": ""       , "qrcode2": "" },
1775390722.7508800 [navNode-2]   {"x":-0.25, "y": 1.75, "z": 1.20, "label": "A1"     , "qrcode": "", "label2": ""       , "qrcode2": "" },
1775390722.7509224 [navNode-2]   {"x":-0.25, "y": 2.00, "z": 0.70, "label": "UpSide1", "qrcode": "", "label2": ""       , "qrcode2": "" },
1775390722.7509630 [navNode-2]   {"x": 0.75, "y": 2.00, "z": 0.70, "label": "LandPos", "qrcode": "", "label2": ""       , "qrcode2": "" }
1775390722.7510040 [navNode-2] ]
1775390722.7510478 [navNode-2] 
1775390722.7699583 [navNode-2] [INFO] [1775390722.769606288] [navNode]: 上位机导航节点启动成功
1775390722.7703793 [navNode-2] [WARN] [1775390722.770137124] [navNode]: 任务开始执行
1775390722.8716609 [navNode-2] [INFO] [1775390722.871298759] [navNode]: 状态1：Takeoff--[TakeOff]
1775390723.1227663 [navNode-2] [ERROR] [1775390723.122412874] [navNode]: 发送 takeoff 失败: ROS2 服务 [ControlService] 未启动或超时
1775390723.1241534 [navNode-2] [INFO] [1775390723.123922112] [navNode]: 状态2：Takeoff_wait--[TakeOff]
1775390723.1244202 [navNode-2] [INFO] [1775390723.124300958] [navNode]: 未到目标点
1775390723.1245036 [navNode-2] 目标位置:(0.0, 0.0, 0.7)-[TakeOff]-[MCU:False]-[POS:False]
1775390723.1245410 [navNode-2] 当前位置:(0.0, 0.0, 0.0)
1775390723.1712794 [navNode-2] [INFO] [1775390723.170983048] [navNode]: 状态2：Takeoff_wait--[TakeOff]
1775390723.1716335 [navNode-2] [INFO] [1775390723.171389193] [navNode]: 未到目标点
1775390723.1717327 [navNode-2] 目标位置:(0.0, 0.0, 0.7)-[TakeOff]-[MCU:False]-[POS:False]
1775390723.1718011 [navNode-2] 当前位置:(0.0, 0.0, 0.0)
1775390723.2715821 [navNode-2] [INFO] [1775390723.271217588] [navNode]: 状态2：Takeoff_wait--[TakeOff]
1775390723.2719858 [navNode-2] [INFO] [1775390723.271667629] [navNode]: 未到目标点
1775390723.2721081 [navNode-2] 目标位置:(0.0, 0.0, 0.7)-[TakeOff]-[MCU:False]-[POS:False]
1775390723.2721825 [navNode-2] 当前位置:(0.0, 0.0, 0.0)
1775390723.3713057 [navNode-2] [INFO] [1775390723.370975186] [navNode]: 状态2：Takeoff_wait--[TakeOff]
1775390723.3717117 [navNode-2] [INFO] [1775390723.371398668] [navNode]: 未到目标点
1775390723.3718359 [navNode-2] 目标位置:(0.0, 0.0, 0.7)-[TakeOff]-[MCU:False]-[POS:False]
1775390723.3718865 [navNode-2] 当前位置:(0.0, 0.0, 0.0)
1775390723.4720020 [navNode-2] [INFO] [1775390723.471556983] [navNode]: 状态2：Takeoff_wait--[TakeOff]
1775390723.4725013 [navNode-2] [INFO] [1775390723.472057218] [navNode]: 未到目标点
1775390723.4726698 [navNode-2] 目标位置:(0.0, 0.0, 0.7)-[TakeOff]-[MCU:False]-[POS:False]
1775390723.4727447 [navNode-2] 当前位置:(0.0, 0.0, 0.0)
1775390723.5715041 [navNode-2] [INFO] [1775390723.571125006] [navNode]: 状态2：Takeoff_wait--[TakeOff]
1775390723.5718982 [navNode-2] [INFO] [1775390723.571505989] [navNode]: 未到目标点
1775390723.5720117 [navNode-2] 目标位置:(0.0, 0.0, 0.7)-[TakeOff]-[MCU:False]-[POS:False]
1775390723.5720565 [navNode-2] 当前位置:(0.0, 0.0, 0.0)
1775390723.6712756 [navNode-2] [INFO] [1775390723.670923695] [navNode]: 状态2：Takeoff_wait--[TakeOff]
1775390723.6716874 [navNode-2] [INFO] [1775390723.671277945] [navNode]: 未到目标点
1775390723.6717694 [navNode-2] 目标位置:(0.0, 0.0, 0.7)-[TakeOff]-[MCU:False]-[POS:False]
1775390723.6718094 [navNode-2] 当前位置:(0.0, 0.0, 0.0)
1775390723.7733119 [navNode-2] [INFO] [1775390723.772955711] [navNode]: 状态2：Takeoff_wait--[TakeOff]
1775390723.7736640 [navNode-2] [INFO] [1775390723.773347460] [navNode]: 未到目标点
1775390723.7737534 [navNode-2] 目标位置:(0.0, 0.0, 0.7)-[TakeOff]-[MCU:False]-[POS:False]
1775390723.7737961 [navNode-2] 当前位置:(0.0, 0.0, 0.0)
1775390723.8713944 [navNode-2] [INFO] [1775390723.870943815] [navNode]: 状态2：Takeoff_wait--[TakeOff]
1775390723.8719859 [navNode-2] [INFO] [1775390723.871340121] [navNode]: 未到目标点
1775390723.8720913 [navNode-2] 目标位置:(0.0, 0.0, 0.7)-[TakeOff]-[MCU:False]-[POS:False]
1775390723.8721383 [navNode-2] 当前位置:(0.0, 0.0, 0.0)
1775390723.9722109 [navNode-2] [INFO] [1775390723.971893231] [navNode]: 状态2：Takeoff_wait--[TakeOff]
1775390723.9726148 [navNode-2] [INFO] [1775390723.972306574] [navNode]: 未到目标点
1775390723.9727161 [navNode-2] 目标位置:(0.0, 0.0, 0.7)-[TakeOff]-[MCU:False]-[POS:False]
1775390723.9727595 [navNode-2] 当前位置:(0.0, 0.0, 0.0)
1775390724.0712323 [navNode-2] [INFO] [1775390724.070940743] [navNode]: 状态2：Takeoff_wait--[TakeOff]
1775390724.0716612 [navNode-2] [INFO] [1775390724.071385919] [navNode]: 未到目标点
1775390724.0717640 [navNode-2] 目标位置:(0.0, 0.0, 0.7)-[TakeOff]-[MCU:False]-[POS:False]
1775390724.0718427 [navNode-2] 当前位置:(0.0, 0.0, 0.0)
1775390724.1714163 [navNode-2] [INFO] [1775390724.171081226] [navNode]: 状态2：Takeoff_wait--[TakeOff]
1775390724.1718440 [navNode-2] [INFO] [1775390724.171528629] [navNode]: 未到目标点
1775390724.1719589 [navNode-2] 目标位置:(0.0, 0.0, 0.7)-[TakeOff]-[MCU:False]-[POS:False]
1775390724.1720281 [navNode-2] 当前位置:(0.0, 0.0, 0.0)
1775390724.2717488 [navNode-2] [INFO] [1775390724.271344140] [navNode]: 状态2：Takeoff_wait--[TakeOff]
1775390724.2722154 [navNode-2] [INFO] [1775390724.271943485] [navNode]: 未到目标点
1775390724.2723265 [navNode-2] 目标位置:(0.0, 0.0, 0.7)-[TakeOff]-[MCU:False]-[POS:False]
1775390724.2724032 [navNode-2] 当前位置:(0.0, 0.0, 0.0)
1775390724.3714468 [navNode-2] [INFO] [1775390724.371110362] [navNode]: 状态2：Takeoff_wait--[TakeOff]
1775390724.3718488 [navNode-2] [INFO] [1775390724.371557361] [navNode]: 未到目标点
1775390724.3719735 [navNode-2] 目标位置:(0.0, 0.0, 0.7)-[TakeOff]-[MCU:False]-[POS:False]
1775390724.3720269 [navNode-2] 当前位置:(0.0, 0.0, 0.0)
1775390724.4715643 [navNode-2] [INFO] [1775390724.471210229] [navNode]: 状态2：Takeoff_wait--[TakeOff]
1775390724.4719739 [navNode-2] [INFO] [1775390724.471687781] [navNode]: 未到目标点
1775390724.4720500 [navNode-2] 目标位置:(0.0, 0.0, 0.7)-[TakeOff]-[MCU:False]-[POS:False]
1775390724.4721448 [navNode-2] 当前位置:(0.0, 0.0, 0.0)
1775390724.5722222 [navNode-2] [INFO] [1775390724.571891018] [navNode]: 状态2：Takeoff_wait--[TakeOff]
1775390724.5726697 [navNode-2] [INFO] [1775390724.572388287] [navNode]: 未到目标点
1775390724.5727577 [navNode-2] 目标位置:(0.0, 0.0, 0.7)-[TakeOff]-[MCU:False]-[POS:False]
1775390724.5728052 [navNode-2] 当前位置:(0.0, 0.0, 0.0)
1775390724.6713364 [navNode-2] [INFO] [1775390724.671032762] [navNode]: 状态2：Takeoff_wait--[TakeOff]
1775390724.6717730 [navNode-2] [INFO] [1775390724.671498853] [navNode]: 未到目标点
1775390724.6718552 [navNode-2] 目标位置:(0.0, 0.0, 0.7)-[TakeOff]-[MCU:False]-[POS:False]
1775390724.6719103 [navNode-2] 当前位置:(0.0, 0.0, 0.0)
1775390724.7715831 [navNode-2] [INFO] [1775390724.771100430] [navNode]: 状态2：Takeoff_wait--[TakeOff]
1775390724.7720296 [navNode-2] [INFO] [1775390724.771784542] [navNode]: 未到目标点
1775390724.7721162 [navNode-2] 目标位置:(0.0, 0.0, 0.7)-[TakeOff]-[MCU:False]-[POS:False]
1775390724.7721646 [navNode-2] 当前位置:(0.0, 0.0, 0.0)
1775390724.8714750 [navNode-2] [INFO] [1775390724.871113177] [navNode]: 状态2：Takeoff_wait--[TakeOff]
1775390724.8720562 [navNode-2] [INFO] [1775390724.871768319] [navNode]: 未到目标点
1775390724.8721719 [navNode-2] 目标位置:(0.0, 0.0, 0.7)-[TakeOff]-[MCU:False]-[POS:False]
1775390724.8722267 [navNode-2] 当前位置:(0.0, 0.0, 0.0)
1775390724.9716997 [navNode-2] [INFO] [1775390724.971322054] [navNode]: 状态2：Takeoff_wait--[TakeOff]
1775390724.9721096 [navNode-2] [INFO] [1775390724.971892812] [navNode]: 未到目标点
1775390724.9722011 [navNode-2] 目标位置:(0.0, 0.0, 0.7)-[TakeOff]-[MCU:False]-[POS:False]
1775390724.9722559 [navNode-2] 当前位置:(0.0, 0.0, 0.0)
1775390725.0711918 [navNode-2] [INFO] [1775390725.070871504] [navNode]: 状态2：Takeoff_wait--[TakeOff]
1775390725.0715985 [navNode-2] [INFO] [1775390725.071349304] [navNode]: 未到目标点
1775390725.0716732 [navNode-2] 目标位置:(0.0, 0.0, 0.7)-[TakeOff]-[MCU:False]-[POS:False]
1775390725.0717273 [navNode-2] 当前位置:(0.0, 0.0, 0.0)
1775390725.1714852 [navNode-2] [INFO] [1775390725.171136375] [navNode]: 状态2：Takeoff_wait--[TakeOff]
1775390725.1720452 [navNode-2] [INFO] [1775390725.171676966] [navNode]: 未到目标点
1775390725.1721942 [navNode-2] 目标位置:(0.0, 0.0, 0.7)-[TakeOff]-[MCU:False]-[POS:False]
1775390725.1722562 [navNode-2] 当前位置:(0.0, 0.0, 0.0)
1775390725.2719355 [navNode-2] [INFO] [1775390725.271546201] [navNode]: 状态2：Takeoff_wait--[TakeOff]
1775390725.2723539 [navNode-2] [INFO] [1775390725.272185957] [navNode]: 未到目标点
1775390725.2724452 [navNode-2] 目标位置:(0.0, 0.0, 0.7)-[TakeOff]-[MCU:False]-[POS:False]
1775390725.2724988 [navNode-2] 当前位置:(0.0, 0.0, 0.0)
1775390725.3718455 [navNode-2] [INFO] [1775390725.371521832] [navNode]: 状态2：Takeoff_wait--[TakeOff]
1775390725.3722968 [navNode-2] [INFO] [1775390725.372009846] [navNode]: 未到目标点
1775390725.3724151 [navNode-2] 目标位置:(0.0, 0.0, 0.7)-[TakeOff]-[MCU:False]-[POS:False]
1775390725.3724706 [navNode-2] 当前位置:(0.0, 0.0, 0.0)
1775390725.4726603 [navNode-2] [INFO] [1775390725.472293374] [navNode]: 状态2：Takeoff_wait--[TakeOff]
1775390725.4731481 [navNode-2] [INFO] [1775390725.472883209] [navNode]: 未到目标点
1775390725.4732578 [navNode-2] 目标位置:(0.0, 0.0, 0.7)-[TakeOff]-[MCU:False]-[POS:False]
1775390725.4733145 [navNode-2] 当前位置:(0.0, 0.0, 0.0)
1775390725.5716162 [navNode-2] [INFO] [1775390725.571106568] [navNode]: 状态2：Takeoff_wait--[TakeOff]
1775390725.5721161 [navNode-2] [INFO] [1775390725.571723781] [navNode]: 未到目标点
1775390725.5722058 [navNode-2] 目标位置:(0.0, 0.0, 0.7)-[TakeOff]-[MCU:False]-[POS:False]
1775390725.5722592 [navNode-2] 当前位置:(0.0, 0.0, 0.0)
1775390725.6714878 [navNode-2] [INFO] [1775390725.671120884] [navNode]: 状态2：Takeoff_wait--[TakeOff]
1775390725.6719131 [navNode-2] [INFO] [1775390725.671653343] [navNode]: 未到目标点
1775390725.6719961 [navNode-2] 目标位置:(0.0, 0.0, 0.7)-[TakeOff]-[MCU:False]-[POS:False]
1775390725.6720469 [navNode-2] 当前位置:(0.0, 0.0, 0.0)
1775390725.7714674 [navNode-2] [INFO] [1775390725.771159830] [navNode]: 状态2：Takeoff_wait--[TakeOff]
1775390725.7718394 [navNode-2] [INFO] [1775390725.771632951] [navNode]: 未到目标点
1775390725.7719514 [navNode-2] 目标位置:(0.0, 0.0, 0.7)-[TakeOff]-[MCU:False]-[POS:False]
1775390725.7720847 [navNode-2] 当前位置:(0.0, 0.0, 0.0)
1775390725.8716910 [navNode-2] [INFO] [1775390725.871287209] [navNode]: 状态2：Takeoff_wait--[TakeOff]
1775390725.8721175 [navNode-2] [INFO] [1775390725.871895467] [navNode]: 未到目标点
1775390725.8722024 [navNode-2] 目标位置:(0.0, 0.0, 0.7)-[TakeOff]-[MCU:False]-[POS:False]
1775390725.8722563 [navNode-2] 当前位置:(0.0, 0.0, 0.0)
1775390725.9722824 [navNode-2] [INFO] [1775390725.971873681] [navNode]: 状态2：Takeoff_wait--[TakeOff]
1775390725.9728515 [navNode-2] [INFO] [1775390725.972577576] [navNode]: 未到目标点
1775390725.9729979 [navNode-2] 目标位置:(0.0, 0.0, 0.7)-[TakeOff]-[MCU:False]-[POS:False]
1775390725.9731157 [navNode-2] 当前位置:(0.0, 0.0, 0.0)
1775390726.0719013 [navNode-2] [INFO] [1775390726.071429123] [navNode]: 状态2：Takeoff_wait--[TakeOff]
1775390726.0724010 [navNode-2] [INFO] [1775390726.072109687] [navNode]: 未到目标点
1775390726.0725019 [navNode-2] 目标位置:(0.0, 0.0, 0.7)-[TakeOff]-[MCU:False]-[POS:False]
1775390726.0725634 [navNode-2] 当前位置:(0.0, 0.0, 0.0)
1775390726.1714747 [navNode-2] [INFO] [1775390726.171114702] [navNode]: 状态2：Takeoff_wait--[TakeOff]
1775390726.1720014 [navNode-2] [INFO] [1775390726.171762626] [navNode]: 未到目标点
1775390726.1721356 [navNode-2] 目标位置:(0.0, 0.0, 0.7)-[TakeOff]-[MCU:False]-[POS:False]
1775390726.1721971 [navNode-2] 当前位置:(0.0, 0.0, 0.0)
1775390726.2718272 [navNode-2] [INFO] [1775390726.271474320] [navNode]: 状态2：Takeoff_wait--[TakeOff]
1775390726.2722871 [navNode-2] [INFO] [1775390726.272038887] [navNode]: 未到目标点
1775390726.2723796 [navNode-2] 目标位置:(0.0, 0.0, 0.7)-[TakeOff]-[MCU:False]-[POS:False]
1775390726.2724745 [navNode-2] 当前位置:(0.0, 0.0, 0.0)
1775390726.3716033 [navNode-2] [INFO] [1775390726.370998597] [navNode]: 状态2：Takeoff_wait--[TakeOff]
1775390726.3720179 [navNode-2] [INFO] [1775390726.371584116] [navNode]: 未到目标点
1775390726.3720953 [navNode-2] 目标位置:(0.0, 0.0, 0.7)-[TakeOff]-[MCU:False]-[POS:False]
1775390726.3721464 [navNode-2] 当前位置:(0.0, 0.0, 0.0)
1775390726.4716101 [navNode-2] [INFO] [1775390726.471293796] [navNode]: 状态2：Takeoff_wait--[TakeOff]
1775390726.4720726 [navNode-2] [INFO] [1775390726.471792902] [navNode]: 未到目标点
1775390726.4721742 [navNode-2] 目标位置:(0.0, 0.0, 0.7)-[TakeOff]-[MCU:False]-[POS:False]
1775390726.4722273 [navNode-2] 当前位置:(0.0, 0.0, 0.0)
1775390726.5716333 [navNode-2] [INFO] [1775390726.571144420] [navNode]: 状态2：Takeoff_wait--[TakeOff]
1775390726.5720749 [navNode-2] [INFO] [1775390726.571746432] [navNode]: 未到目标点
1775390726.5721536 [navNode-2] 目标位置:(0.0, 0.0, 0.7)-[TakeOff]-[MCU:False]-[POS:False]
1775390726.5722010 [navNode-2] 当前位置:(0.0, 0.0, 0.0)
1775390726.6715965 [navNode-2] [INFO] [1775390726.671174433] [navNode]: 状态2：Takeoff_wait--[TakeOff]
1775390726.6722443 [navNode-2] [INFO] [1775390726.672003746] [navNode]: 未到目标点
1775390726.6723993 [navNode-2] 目标位置:(0.0, 0.0, 0.7)-[TakeOff]-[MCU:False]-[POS:False]
1775390726.6724739 [navNode-2] 当前位置:(0.0, 0.0, 0.0)
1775390726.7720387 [navNode-2] [INFO] [1775390726.771736133] [navNode]: 状态2：Takeoff_wait--[TakeOff]
1775390726.7724335 [navNode-2] [INFO] [1775390726.772263239] [navNode]: 未到目标点
1775390726.7725165 [navNode-2] 目标位置:(0.0, 0.0, 0.7)-[TakeOff]-[MCU:False]-[POS:False]
1775390726.7725685 [navNode-2] 当前位置:(0.0, 0.0, 0.0)
1775390726.8715668 [navNode-2] [INFO] [1775390726.871171144] [navNode]: 状态2：Takeoff_wait--[TakeOff]
1775390726.8719819 [navNode-2] [INFO] [1775390726.871727962] [navNode]: 未到目标点
1775390726.8720934 [navNode-2] 目标位置:(0.0, 0.0, 0.7)-[TakeOff]-[MCU:False]-[POS:False]
1775390726.8722878 [navNode-2] 当前位置:(0.0, 0.0, 0.0)
1775390726.9717603 [navNode-2] [INFO] [1775390726.971394270] [navNode]: 状态2：Takeoff_wait--[TakeOff]
1775390726.9721661 [navNode-2] [INFO] [1775390726.971961277] [navNode]: 未到目标点
1775390726.9722548 [navNode-2] 目标位置:(0.0, 0.0, 0.7)-[TakeOff]-[MCU:False]-[POS:False]
1775390726.9723053 [navNode-2] 当前位置:(0.0, 0.0, 0.0)
1775390727.0716126 [navNode-2] [INFO] [1775390727.071122064] [navNode]: 状态2：Takeoff_wait--[TakeOff]
1775390727.0727112 [navNode-2] [INFO] [1775390727.071853989] [navNode]: 未到目标点
1775390727.0730202 [navNode-2] 目标位置:(0.0, 0.0, 0.7)-[TakeOff]-[MCU:False]-[POS:False]
1775390727.0731604 [navNode-2] 当前位置:(0.0, 0.0, 0.0)
1775390727.1715653 [navNode-2] [INFO] [1775390727.171253379] [navNode]: 状态2：Takeoff_wait--[TakeOff]
1775390727.1719742 [navNode-2] [INFO] [1775390727.171742374] [navNode]: 未到目标点
1775390727.1720662 [navNode-2] 目标位置:(0.0, 0.0, 0.7)-[TakeOff]-[MCU:False]-[POS:False]
1775390727.1721160 [navNode-2] 当前位置:(0.0, 0.0, 0.0)
1775390727.2712717 [navNode-2] [INFO] [1775390727.270930535] [navNode]: 状态2：Takeoff_wait--[TakeOff]
1775390727.2717116 [navNode-2] [INFO] [1775390727.271461610] [navNode]: 未到目标点
1775390727.2718213 [navNode-2] 目标位置:(0.0, 0.0, 0.7)-[TakeOff]-[MCU:False]-[POS:False]
1775390727.2719102 [navNode-2] 当前位置:(0.0, 0.0, 0.0)
1775390727.3717749 [navNode-2] [INFO] [1775390727.371410843] [navNode]: 状态2：Takeoff_wait--[TakeOff]
1775390727.3727260 [navNode-2] [INFO] [1775390727.372199785] [navNode]: 未到目标点
1775390727.3728824 [navNode-2] 目标位置:(0.0, 0.0, 0.7)-[TakeOff]-[MCU:False]-[POS:False]
1775390727.3729880 [navNode-2] 当前位置:(0.0, 0.0, 0.0)
1775390727.4713488 [navNode-2] [INFO] [1775390727.471023760] [navNode]: 状态2：Takeoff_wait--[TakeOff]
1775390727.4717705 [navNode-2] [INFO] [1775390727.471515015] [navNode]: 未到目标点
1775390727.4718652 [navNode-2] 目标位置:(0.0, 0.0, 0.7)-[TakeOff]-[MCU:False]-[POS:False]
1775390727.4719193 [navNode-2] 当前位置:(0.0, 0.0, 0.0)
1775390727.5719235 [navNode-2] [INFO] [1775390727.571450534] [navNode]: 状态2：Takeoff_wait--[TakeOff]
1775390727.5723748 [navNode-2] [INFO] [1775390727.572057295] [navNode]: 未到目标点
1775390727.5724955 [navNode-2] 目标位置:(0.0, 0.0, 0.7)-[TakeOff]-[MCU:False]-[POS:False]
1775390727.5725524 [navNode-2] 当前位置:(0.0, 0.0, 0.0)
1775390727.6713407 [navNode-2] [INFO] [1775390727.670998663] [navNode]: 状态2：Takeoff_wait--[TakeOff]
1775390727.6717389 [navNode-2] [INFO] [1775390727.671493660] [navNode]: 未到目标点
1775390727.6718163 [navNode-2] 目标位置:(0.0, 0.0, 0.7)-[TakeOff]-[MCU:False]-[POS:False]
1775390727.6718657 [navNode-2] 当前位置:(0.0, 0.0, 0.0)
1775390727.7713442 [navNode-2] [INFO] [1775390727.771005814] [navNode]: 状态2：Takeoff_wait--[TakeOff]
1775390727.7717593 [navNode-2] [INFO] [1775390727.771557023] [navNode]: 未到目标点
1775390727.7718387 [navNode-2] 目标位置:(0.0, 0.0, 0.7)-[TakeOff]-[MCU:False]-[POS:False]
1775390727.7719011 [navNode-2] 当前位置:(0.0, 0.0, 0.0)
1775390727.8716466 [navNode-2] [INFO] [1775390727.871198345] [navNode]: 状态2：Takeoff_wait--[TakeOff]
1775390727.8721113 [navNode-2] [INFO] [1775390727.871797375] [navNode]: 未到目标点
1775390727.8721926 [navNode-2] 目标位置:(0.0, 0.0, 0.7)-[TakeOff]-[MCU:False]-[POS:False]
1775390727.8722439 [navNode-2] 当前位置:(0.0, 0.0, 0.0)
1775390727.9716637 [navNode-2] [INFO] [1775390727.971335094] [navNode]: 状态2：Takeoff_wait--[TakeOff]
1775390727.9722440 [navNode-2] [INFO] [1775390727.971886244] [navNode]: 未到目标点
1775390727.9723856 [navNode-2] 目标位置:(0.0, 0.0, 0.7)-[TakeOff]-[MCU:False]-[POS:False]
1775390727.9724586 [navNode-2] 当前位置:(0.0, 0.0, 0.0)
1775390728.0718195 [navNode-2] [INFO] [1775390728.071052746] [navNode]: 状态2：Takeoff_wait--[TakeOff]
1775390728.0727096 [navNode-2] [INFO] [1775390728.071780998] [navNode]: 未到目标点
1775390728.0728025 [navNode-2] 目标位置:(0.0, 0.0, 0.7)-[TakeOff]-[MCU:False]-[POS:False]
1775390728.0728498 [navNode-2] 当前位置:(0.0, 0.0, 0.0)
1775390728.1714265 [navNode-2] [INFO] [1775390728.171088017] [navNode]: 状态2：Takeoff_wait--[TakeOff]
1775390728.1718848 [navNode-2] [INFO] [1775390728.171619996] [navNode]: 未到目标点
1775390728.1719663 [navNode-2] 目标位置:(0.0, 0.0, 0.7)-[TakeOff]-[MCU:False]-[POS:False]
1775390728.1720190 [navNode-2] 当前位置:(0.0, 0.0, 0.0)
1775390728.2716331 [navNode-2] [INFO] [1775390728.271178307] [navNode]: 状态2：Takeoff_wait--[TakeOff]
1775390728.2720597 [navNode-2] [INFO] [1775390728.271757578] [navNode]: 未到目标点
1775390728.2721360 [navNode-2] 目标位置:(0.0, 0.0, 0.7)-[TakeOff]-[MCU:False]-[POS:False]
1775390728.2721817 [navNode-2] 当前位置:(0.0, 0.0, 0.0)
1775390728.3713725 [navNode-2] [INFO] [1775390728.371032208] [navNode]: 状态2：Takeoff_wait--[TakeOff]
1775390728.3718803 [navNode-2] [INFO] [1775390728.371584954] [navNode]: 未到目标点
1775390728.3719730 [navNode-2] 目标位置:(0.0, 0.0, 0.7)-[TakeOff]-[MCU:False]-[POS:False]
1775390728.3720224 [navNode-2] 当前位置:(0.0, 0.0, 0.0)
1775390728.4716456 [navNode-2] [INFO] [1775390728.471229374] [navNode]: 状态2：Takeoff_wait--[TakeOff]
1775390728.4721229 [navNode-2] [INFO] [1775390728.471733353] [navNode]: 未到目标点
1775390728.4722633 [navNode-2] 目标位置:(0.0, 0.0, 0.7)-[TakeOff]-[MCU:False]-[POS:False]
1775390728.4723198 [navNode-2] 当前位置:(0.0, 0.0, 0.0)
1775390728.5715394 [navNode-2] [INFO] [1775390728.571053617] [navNode]: 状态2：Takeoff_wait--[TakeOff]
1775390728.5720036 [navNode-2] [INFO] [1775390728.571631727] [navNode]: 未到目标点
1775390728.5720983 [navNode-2] 目标位置:(0.0, 0.0, 0.7)-[TakeOff]-[MCU:False]-[POS:False]
1775390728.5721543 [navNode-2] 当前位置:(0.0, 0.0, 0.0)
1775390728.6713855 [navNode-2] [INFO] [1775390728.671023325] [navNode]: 状态2：Takeoff_wait--[TakeOff]
1775390728.6717410 [navNode-2] [INFO] [1775390728.671520032] [navNode]: 未到目标点
1775390728.6718109 [navNode-2] 目标位置:(0.0, 0.0, 0.7)-[TakeOff]-[MCU:False]-[POS:False]
1775390728.6718636 [navNode-2] 当前位置:(0.0, 0.0, 0.0)
1775390728.7716587 [navNode-2] [INFO] [1775390728.771243306] [navNode]: 状态2：Takeoff_wait--[TakeOff]
1775390728.7720962 [navNode-2] [INFO] [1775390728.771796393] [navNode]: 未到目标点
1775390728.7721891 [navNode-2] 目标位置:(0.0, 0.0, 0.7)-[TakeOff]-[MCU:False]-[POS:False]
1775390728.7722316 [navNode-2] 当前位置:(0.0, 0.0, 0.0)
1775390728.8715582 [navNode-2] [INFO] [1775390728.871250630] [navNode]: 状态2：Takeoff_wait--[TakeOff]
1775390728.8720109 [navNode-2] [INFO] [1775390728.871768420] [navNode]: 未到目标点
1775390728.8721180 [navNode-2] 目标位置:(0.0, 0.0, 0.7)-[TakeOff]-[MCU:False]-[POS:False]
1775390728.8721657 [navNode-2] 当前位置:(0.0, 0.0, 0.0)
1775390728.9716716 [navNode-2] [INFO] [1775390728.971217030] [navNode]: 状态2：Takeoff_wait--[TakeOff]
1775390728.9721637 [navNode-2] [INFO] [1775390728.971835525] [navNode]: 未到目标点
1775390728.9722998 [navNode-2] 目标位置:(0.0, 0.0, 0.7)-[TakeOff]-[MCU:False]-[POS:False]
1775390728.9723589 [navNode-2] 当前位置:(0.0, 0.0, 0.0)
1775390729.0716605 [navNode-2] [INFO] [1775390729.071279137] [navNode]: 状态2：Takeoff_wait--[TakeOff]
1775390729.0721116 [navNode-2] [INFO] [1775390729.071859894] [navNode]: 未到目标点
1775390729.0722449 [navNode-2] 目标位置:(0.0, 0.0, 0.7)-[TakeOff]-[MCU:False]-[POS:False]
1775390729.0723276 [navNode-2] 当前位置:(0.0, 0.0, 0.0)
1775390729.1717532 [navNode-2] [INFO] [1775390729.170941225] [navNode]: 状态2：Takeoff_wait--[TakeOff]
1775390729.1721961 [navNode-2] [INFO] [1775390729.171554054] [navNode]: 未到目标点
1775390729.1723385 [navNode-2] 目标位置:(0.0, 0.0, 0.7)-[TakeOff]-[MCU:False]-[POS:False]
1775390729.1724050 [navNode-2] 当前位置:(0.0, 0.0, 0.0)
1775390729.2723992 [navNode-2] [INFO] [1775390729.272052786] [navNode]: 状态2：Takeoff_wait--[TakeOff]
1775390729.2729235 [navNode-2] [INFO] [1775390729.272588972] [navNode]: 未到目标点
1775390729.2730377 [navNode-2] 目标位置:(0.0, 0.0, 0.7)-[TakeOff]-[MCU:False]-[POS:False]
1775390729.2731261 [navNode-2] 当前位置:(0.0, 0.0, 0.0)
1775390729.3713701 [navNode-2] [INFO] [1775390729.370952577] [navNode]: 状态2：Takeoff_wait--[TakeOff]
1775390729.3717542 [navNode-2] [INFO] [1775390729.371454116] [navNode]: 未到目标点
1775390729.3718572 [navNode-2] 目标位置:(0.0, 0.0, 0.7)-[TakeOff]-[MCU:False]-[POS:False]
1775390729.3719151 [navNode-2] 当前位置:(0.0, 0.0, 0.0)
1775390729.4722145 [navNode-2] [INFO] [1775390729.471799345] [navNode]: 状态2：Takeoff_wait--[TakeOff]
1775390729.4726949 [navNode-2] [INFO] [1775390729.472383892] [navNode]: 未到目标点
1775390729.4728494 [navNode-2] 目标位置:(0.0, 0.0, 0.7)-[TakeOff]-[MCU:False]-[POS:False]
1775390729.4729223 [navNode-2] 当前位置:(0.0, 0.0, 0.0)
1775390729.5717089 [navNode-2] [INFO] [1775390729.571193735] [navNode]: 状态2：Takeoff_wait--[TakeOff]
1775390729.5728583 [navNode-2] [INFO] [1775390729.572046237] [navNode]: 未到目标点
1775390729.5730402 [navNode-2] 目标位置:(0.0, 0.0, 0.7)-[TakeOff]-[MCU:False]-[POS:False]
1775390729.5730970 [navNode-2] 当前位置:(0.0, 0.0, 0.0)
1775390729.6717236 [navNode-2] [INFO] [1775390729.671379293] [navNode]: 状态2：Takeoff_wait--[TakeOff]
1775390729.6721718 [navNode-2] [INFO] [1775390729.671962641] [navNode]: 未到目标点
1775390729.6722538 [navNode-2] 目标位置:(0.0, 0.0, 0.7)-[TakeOff]-[MCU:False]-[POS:False]
1775390729.6723025 [navNode-2] 当前位置:(0.0, 0.0, 0.0)
1775390729.7715850 [navNode-2] [INFO] [1775390729.771222395] [navNode]: 状态2：Takeoff_wait--[TakeOff]
1775390729.7722123 [navNode-2] [INFO] [1775390729.772036003] [navNode]: 未到目标点
1775390729.7723384 [navNode-2] 目标位置:(0.0, 0.0, 0.7)-[TakeOff]-[MCU:False]-[POS:False]
1775390729.7724016 [navNode-2] 当前位置:(0.0, 0.0, 0.0)
1775390729.8716710 [navNode-2] [INFO] [1775390729.871315742] [navNode]: 状态2：Takeoff_wait--[TakeOff]
1775390729.8722155 [navNode-2] [INFO] [1775390729.871849031] [navNode]: 未到目标点
1775390729.8723230 [navNode-2] 目标位置:(0.0, 0.0, 0.7)-[TakeOff]-[MCU:False]-[POS:False]
1775390729.8723745 [navNode-2] 当前位置:(0.0, 0.0, 0.0)
1775390729.9716337 [navNode-2] [INFO] [1775390729.971093873] [navNode]: 状态2：Takeoff_wait--[TakeOff]
1775390729.9721334 [navNode-2] [INFO] [1775390729.971631802] [navNode]: 未到目标点
1775390729.9722676 [navNode-2] 目标位置:(0.0, 0.0, 0.7)-[TakeOff]-[MCU:False]-[POS:False]
1775390729.9723222 [navNode-2] 当前位置:(0.0, 0.0, 0.0)
1775390730.0716701 [navNode-2] [INFO] [1775390730.071302485] [navNode]: 状态2：Takeoff_wait--[TakeOff]
1775390730.0720754 [navNode-2] [INFO] [1775390730.071884594] [navNode]: 未到目标点
1775390730.0721521 [navNode-2] 目标位置:(0.0, 0.0, 0.7)-[TakeOff]-[MCU:False]-[POS:False]
1775390730.0722010 [navNode-2] 当前位置:(0.0, 0.0, 0.0)
1775390730.1720579 [navNode-2] [INFO] [1775390730.171707723] [navNode]: 状态2：Takeoff_wait--[TakeOff]
1775390730.1724792 [navNode-2] [INFO] [1775390730.172228014] [navNode]: 未到目标点
1775390730.1725574 [navNode-2] 目标位置:(0.0, 0.0, 0.7)-[TakeOff]-[MCU:False]-[POS:False]
1775390730.1726062 [navNode-2] 当前位置:(0.0, 0.0, 0.0)
1775390730.2715514 [navNode-2] [INFO] [1775390730.271207144] [navNode]: 状态2：Takeoff_wait--[TakeOff]
1775390730.2719409 [navNode-2] [INFO] [1775390730.271674571] [navNode]: 未到目标点
1775390730.2721434 [navNode-2] 目标位置:(0.0, 0.0, 0.7)-[TakeOff]-[MCU:False]-[POS:False]
1775390730.2722092 [navNode-2] 当前位置:(0.0, 0.0, 0.0)
1775390730.3720503 [navNode-2] [INFO] [1775390730.371678838] [navNode]: 状态2：Takeoff_wait--[TakeOff]
1775390730.3724866 [navNode-2] [INFO] [1775390730.372254747] [navNode]: 未到目标点
1775390730.3726094 [navNode-2] 目标位置:(0.0, 0.0, 0.7)-[TakeOff]-[MCU:False]-[POS:False]
1775390730.3726740 [navNode-2] 当前位置:(0.0, 0.0, 0.0)
1775390730.4718177 [navNode-2] [INFO] [1775390730.471499729] [navNode]: 状态2：Takeoff_wait--[TakeOff]
1775390730.4721732 [navNode-2] [INFO] [1775390730.471965059] [navNode]: 未到目标点
1775390730.4722795 [navNode-2] 目标位置:(0.0, 0.0, 0.7)-[TakeOff]-[MCU:False]-[POS:False]
1775390730.4723356 [navNode-2] 当前位置:(0.0, 0.0, 0.0)
1775390730.5735741 [navNode-2] [INFO] [1775390730.572884773] [navNode]: 状态2：Takeoff_wait--[TakeOff]
1775390730.5741370 [navNode-2] [INFO] [1775390730.573706623] [navNode]: 未到目标点
1775390730.5743051 [navNode-2] 目标位置:(0.0, 0.0, 0.7)-[TakeOff]-[MCU:False]-[POS:False]
1775390730.5743937 [navNode-2] 当前位置:(0.0, 0.0, 0.0)
1775390730.6280377 [WARNING] [launch]: user interrupted with ctrl-c (SIGINT)
1775390730.6681275 [INFO] [navNode-2]: process has finished cleanly [pid 21657]
