1774272360.1981697 [INFO] [launch]: All log files can be found below /home/focal/Desktop/2024_GroundStation/run_log/2026-03-23-06-26-00-191457-ubuntu-10199
1774272360.1989727 [INFO] [launch]: Default logging verbosity is set to INFO
1774272360.3473396 [INFO] [logical-1]: process started with pid [10207]
1774272361.3311613 [logical-1] [INFO] [1774272361.330681019] [Ground]: ros2 node launch success:Ground!
1774272367.7512207 [logical-1] [INFO] [1774272367.750844173] [Ground]: G+02177-00391+00004 发送成功 → 飞行站已调用：G+02177-00391+00004服务
1774272373.1137230 [logical-1] [INFO] [1774272373.113421602] [Ground]: G+02179-00390+00005 发送成功 → 飞行站已调用：G+02179-00390+00005服务
1774272374.9249587 [logical-1] [INFO] [1774272374.924661423] [Ground]: G+02172-00393+00010 发送成功 → 飞行站已调用：G+02172-00393+00010服务
1774272377.2707880 [logical-1] [INFO] [1774272377.270504242] [Ground]: G+02177-00391+00004 发送成功 → 飞行站已调用：G+02177-00391+00004服务
1774272380.6834173 [logical-1] [INFO] [1774272380.683108771] [Ground]: G+02176-00394+00006 发送成功 → 飞行站已调用：G+02176-00394+00006服务
1774272383.1965215 [logical-1] [INFO] [1774272383.196152398] [Ground]: G+00172+01607+00007 发送成功 → 飞行站已调用：G+00172+01607+00007服务
1774272384.3156912 [logical-1] [INFO] [1774272384.315388740] [Ground]: G+00179+01607+00007 发送成功 → 飞行站已调用：G+00179+01607+00007服务
1774272393.6265483 [logical-1] [INFO] [1774272393.626220388] [Ground]: G+00176-02391+00006 发送成功 → 飞行站已调用：G+00176-02391+00006服务
1774272397.4667923 [logical-1] [INFO] [1774272397.466467788] [Ground]: G-01826-00396+00006 发送成功 → 飞行站已调用：G-01826-00396+00006服务
1774272399.1463273 [logical-1] [INFO] [1774272399.146000048] [Ground]: G-01826-00396+00008 发送成功 → 飞行站已调用：G-01826-00396+00008服务
1774272400.9304318 [logical-1] [INFO] [1774272400.930091674] [Ground]: G-01830-00393+00010 发送成功 → 飞行站已调用：G-01830-00393+00010服务
1774272402.0800693 [logical-1] [INFO] [1774272402.079770428] [Ground]: G-01820-00392+00006 发送成功 → 飞行站已调用：G-01820-00392+00006服务
1774272406.8120599 [logical-1] [INFO] [1774272406.811722865] [Ground]: G-01826-00395+00007 发送成功 → 飞行站已调用：G-01826-00395+00007服务
1774272416.1325788 [logical-1] Exception in thread Thread-1:
1774272416.1328199 [logical-1] Traceback (most recent call last):
1774272416.1328735 [logical-1]   File "/usr/lib/python3.8/threading.py", line 932, in _bootstrap_inner
1774272416.2917755 [INFO] [logical-1]: process has finished cleanly [pid 10207]
