1774515312.8312025 [INFO] [launch]: All log files can be found below /home/focal/Desktop/2024_GroundStation/run_log/2026-03-26-01-55-12-827945-ubuntu-5925
1774515312.8315599 [INFO] [launch]: Default logging verbosity is set to INFO
1774515312.8920083 [INFO] [logical-1]: process started with pid [5930]
1774515313.5706422 [logical-1] [INFO] [1774515313.570310358] [Ground]: ros2 node launch success:Ground!
1774515322.6591237 [logical-1] [INFO] [1774515322.658823708] [Ground]: takeoff 发送成功 → 飞行站已调用：takeoff服务
1774515322.6821060 [logical-1] [INFO] [1774515322.681755259] [Ground]: MCU2 send back: Takeoffok
1774515330.1432571 [logical-1] [INFO] [1774515330.142831598] [Ground]: land 发送成功 → 飞行站已调用：land服务
1774515330.1656122 [logical-1] [INFO] [1774515330.165272759] [Ground]: MCU2 send back: Landok
1774515330.3117030 [logical-1] [INFO] [1774515330.311358945] [Ground]: land 发送成功 → 飞行站已调用：land服务
1774515330.3324223 [logical-1] [INFO] [1774515330.332092852] [Ground]: MCU2 send back: Landok
1774515450.0704095 [logical-1] [INFO] [1774515450.070022528] [Ground]: 识别到QR码: 10
1774515450.0758574 [logical-1] [INFO] [1774515450.075453854] [Ground]: 识别到QR码: 2
1774515450.1312857 [logical-1] [INFO] [1774515450.130978010] [Ground]: 识别到QR码: 2
1774515450.6574616 [logical-1] [INFO] [1774515450.657153792] [Ground]: 识别到QR码: 24
1774515450.7922816 [logical-1] [INFO] [1774515450.791869381] [Ground]: 识别到QR码: 24
1774515450.8241277 [logical-1] [INFO] [1774515450.823737599] [Ground]: 识别到QR码: 24
1774515450.8557472 [logical-1] [INFO] [1774515450.855365455] [Ground]: 识别到QR码: 24
1774515450.9867492 [logical-1] [INFO] [1774515450.986422005] [Ground]: 识别到QR码: 24
1774515451.0201933 [logical-1] [INFO] [1774515451.019908071] [Ground]: 识别到QR码: 24
1774515451.0896573 [logical-1] [INFO] [1774515451.089288875] [Ground]: 识别到QR码: 24
1774515451.0913217 [logical-1] [INFO] [1774515451.091123673] [Ground]: 识别到QR码: 2
1774515451.0945313 [logical-1] [INFO] [1774515451.094205722] [Ground]: 识别到QR码: 10
1774515451.1182165 [logical-1] [INFO] [1774515451.117916740] [Ground]: 识别到QR码: 24
1774515451.1278164 [logical-1] [INFO] [1774515451.127429442] [Ground]: 识别到QR码: 10
1774515451.1551926 [logical-1] [INFO] [1774515451.154856865] [Ground]: 识别到QR码: 24
1774515451.1565955 [logical-1] [INFO] [1774515451.156375123] [Ground]: 识别到QR码: 2
1774515451.1575110 [logical-1] [INFO] [1774515451.157325038] [Ground]: 识别到QR码: 10
1774515451.2180839 [logical-1] [INFO] [1774515451.217673628] [Ground]: 识别到QR码: 24
1774515451.2190123 [logical-1] [INFO] [1774515451.218738400] [Ground]: 识别到QR码: 2
1774515451.6140625 [logical-1] [INFO] [1774515451.613778618] [Ground]: 识别到QR码: 10
1774515451.6514080 [logical-1] [INFO] [1774515451.651114999] [Ground]: 识别到QR码: 2
1774515451.6827331 [logical-1] [INFO] [1774515451.682387878] [Ground]: 识别到QR码: 10
1774515451.7148626 [logical-1] [INFO] [1774515451.714573058] [Ground]: 识别到QR码: 2
1774515451.8144248 [logical-1] [INFO] [1774515451.814133710] [Ground]: 识别到QR码: 2
1774515451.8511693 [logical-1] [INFO] [1774515451.850796353] [Ground]: 识别到QR码: 2
1774515451.8835452 [logical-1] [INFO] [1774515451.883202643] [Ground]: 识别到QR码: 2
1774515451.9217832 [logical-1] [INFO] [1774515451.921433881] [Ground]: 识别到QR码: 2
1774515451.9538913 [logical-1] [INFO] [1774515451.953507340] [Ground]: 识别到QR码: 2
1774515451.9846447 [logical-1] [INFO] [1774515451.984307444] [Ground]: 识别到QR码: 10
1774515451.9897521 [logical-1] [INFO] [1774515451.989304473] [Ground]: 识别到QR码: 2
1774515452.0213602 [logical-1] [INFO] [1774515452.021019964] [Ground]: 识别到QR码: 10
1774515452.0229726 [logical-1] [INFO] [1774515452.022604759] [Ground]: 识别到QR码: 24
1774515452.0251195 [logical-1] [INFO] [1774515452.024706450] [Ground]: 识别到QR码: 2
1774515452.0549605 [logical-1] [INFO] [1774515452.054628666] [Ground]: 识别到QR码: 24
1774515452.0566819 [logical-1] [INFO] [1774515452.056104927] [Ground]: 识别到QR码: 2
1774515452.0868478 [logical-1] [INFO] [1774515452.086517393] [Ground]: 识别到QR码: 2
1774515452.1238446 [logical-1] [INFO] [1774515452.123528303] [Ground]: 识别到QR码: 24
1774515452.1256154 [logical-1] [INFO] [1774515452.125220001] [Ground]: 识别到QR码: 2
1774515452.1280675 [logical-1] [INFO] [1774515452.127652767] [Ground]: 识别到QR码: 10
1774515452.1533892 [logical-1] [INFO] [1774515452.151819360] [Ground]: 识别到QR码: 10
1774515452.1557271 [logical-1] [INFO] [1774515452.155254133] [Ground]: 识别到QR码: 2
1774515452.1884518 [logical-1] [INFO] [1774515452.188044467] [Ground]: 识别到QR码: 10
1774515452.1894379 [logical-1] [INFO] [1774515452.189036975] [Ground]: 识别到QR码: 2
1774515452.2207477 [logical-1] [INFO] [1774515452.220405744] [Ground]: 识别到QR码: 10
1774515452.2248530 [logical-1] [INFO] [1774515452.224312627] [Ground]: 识别到QR码: 2
1774515452.2578468 [logical-1] [INFO] [1774515452.257375246] [Ground]: 识别到QR码: 24
1774515452.2605433 [logical-1] [INFO] [1774515452.260276054] [Ground]: 识别到QR码: 2
1774515452.2663102 [logical-1] [INFO] [1774515452.265961610] [Ground]: 识别到QR码: 10
1774515452.2875824 [logical-1] [INFO] [1774515452.287278341] [Ground]: 识别到QR码: 10
1774515452.3220041 [logical-1] [INFO] [1774515452.321580911] [Ground]: 识别到QR码: 2
1774515452.3251705 [logical-1] [INFO] [1774515452.324202186] [Ground]: 识别到QR码: 24
1774515452.3267984 [logical-1] [INFO] [1774515452.326553629] [Ground]: 识别到QR码: 10
1774515452.3579879 [logical-1] [INFO] [1774515452.357632432] [Ground]: 识别到QR码: 24
1774515452.3619473 [logical-1] [INFO] [1774515452.361403069] [Ground]: 识别到QR码: 10
1774515452.3692482 [logical-1] [INFO] [1774515452.368851203] [Ground]: 识别到QR码: 2
1774515452.3889155 [logical-1] [INFO] [1774515452.388529626] [Ground]: 识别到QR码: 10
1774515452.3901136 [logical-1] [INFO] [1774515452.389890284] [Ground]: 识别到QR码: 24
1774515452.3918545 [logical-1] [INFO] [1774515452.391312992] [Ground]: 识别到QR码: 2
1774515452.4246523 [logical-1] [INFO] [1774515452.424258365] [Ground]: 识别到QR码: 2
1774515452.4267039 [logical-1] [INFO] [1774515452.426382304] [Ground]: 识别到QR码: 10
1774515452.4298348 [logical-1] [INFO] [1774515452.428256726] [Ground]: 识别到QR码: 24
1774515452.4617131 [logical-1] [INFO] [1774515452.461217758] [Ground]: 识别到QR码: 24
1774515452.4722683 [logical-1] [INFO] [1774515452.471902926] [Ground]: 识别到QR码: 10
1774515452.4876070 [logical-1] [INFO] [1774515452.487269615] [Ground]: 识别到QR码: 2
1774515452.4893253 [logical-1] [INFO] [1774515452.489031345] [Ground]: 识别到QR码: 10
1774515452.5243313 [logical-1] [INFO] [1774515452.523947237] [Ground]: 识别到QR码: 2
1774515452.5260124 [logical-1] [INFO] [1774515452.525717403] [Ground]: 识别到QR码: 24
1774515452.5268664 [logical-1] [INFO] [1774515452.526625500] [Ground]: 识别到QR码: 10
1774515452.5571632 [logical-1] [INFO] [1774515452.556621997] [Ground]: 识别到QR码: 2
1774515452.5892720 [logical-1] [INFO] [1774515452.588839728] [Ground]: 识别到QR码: 2
1774515452.5922635 [logical-1] [INFO] [1774515452.591881949] [Ground]: 识别到QR码: 24
1774515452.6244717 [logical-1] [INFO] [1774515452.624071081] [Ground]: 识别到QR码: 24
1774515452.6271391 [logical-1] [INFO] [1774515452.626200314] [Ground]: 识别到QR码: 2
1774515452.6301088 [logical-1] [INFO] [1774515452.629866953] [Ground]: 识别到QR码: 10
1774515452.6577580 [logical-1] [INFO] [1774515452.656929352] [Ground]: 识别到QR码: 10
1774515452.6639144 [logical-1] [INFO] [1774515452.663300680] [Ground]: 识别到QR码: 24
1774515452.6696727 [logical-1] [INFO] [1774515452.669317987] [Ground]: 识别到QR码: 2
1774515452.6938159 [logical-1] [INFO] [1774515452.693378042] [Ground]: 识别到QR码: 24
1774515452.6963873 [logical-1] [INFO] [1774515452.696021835] [Ground]: 识别到QR码: 2
1774515452.7252548 [logical-1] [INFO] [1774515452.724865249] [Ground]: 识别到QR码: 24
1774515452.7266510 [logical-1] [INFO] [1774515452.726442499] [Ground]: 识别到QR码: 10
1774515452.7299092 [logical-1] [INFO] [1774515452.729561060] [Ground]: 识别到QR码: 2
1774515452.7576332 [logical-1] [INFO] [1774515452.756982834] [Ground]: 识别到QR码: 24
1774515452.7657132 [logical-1] [INFO] [1774515452.764847202] [Ground]: 识别到QR码: 10
1774515452.7725594 [logical-1] [INFO] [1774515452.772114722] [Ground]: 识别到QR码: 2
1774515452.7936325 [logical-1] [INFO] [1774515452.793213030] [Ground]: 识别到QR码: 24
1774515452.7954869 [logical-1] [INFO] [1774515452.795109467] [Ground]: 识别到QR码: 2
1774515452.7997999 [logical-1] [INFO] [1774515452.796740317] [Ground]: 识别到QR码: 10
1774515452.8251708 [logical-1] [INFO] [1774515452.824737621] [Ground]: 识别到QR码: 24
1774515452.8271005 [logical-1] [INFO] [1774515452.826694601] [Ground]: 识别到QR码: 10
1774515452.8312531 [logical-1] [INFO] [1774515452.830884451] [Ground]: 识别到QR码: 2
1774515452.8622322 [logical-1] [INFO] [1774515452.860745570] [Ground]: 识别到QR码: 24
1774515452.8627381 [logical-1] [INFO] [1774515452.862214708] [Ground]: 识别到QR码: 10
1774515452.8654091 [logical-1] [INFO] [1774515452.865030753] [Ground]: 识别到QR码: 2
1774515452.8933418 [logical-1] [INFO] [1774515452.892960009] [Ground]: 识别到QR码: 10
1774515452.8955250 [logical-1] [INFO] [1774515452.895146599] [Ground]: 识别到QR码: 2
1774515452.8971779 [logical-1] [INFO] [1774515452.896835842] [Ground]: 识别到QR码: 24
1774515452.9259665 [logical-1] [INFO] [1774515452.925342108] [Ground]: 识别到QR码: 24
1774515452.9281600 [logical-1] [INFO] [1774515452.927743930] [Ground]: 识别到QR码: 2
1774515452.9310811 [logical-1] [INFO] [1774515452.930777665] [Ground]: 识别到QR码: 10
1774515452.9619963 [logical-1] [INFO] [1774515452.961533727] [Ground]: 识别到QR码: 10
1774515452.9637372 [logical-1] [INFO] [1774515452.963369460] [Ground]: 识别到QR码: 2
1774515452.9667039 [logical-1] [INFO] [1774515452.966445810] [Ground]: 识别到QR码: 24
1774515452.9920321 [logical-1] [INFO] [1774515452.991312352] [Ground]: 识别到QR码: 10
1774515452.9960620 [logical-1] [INFO] [1774515452.995536613] [Ground]: 识别到QR码: 24
1774515452.9982126 [logical-1] [INFO] [1774515452.997677554] [Ground]: 识别到QR码: 2
1774515453.0273209 [logical-1] [INFO] [1774515453.026957620] [Ground]: 识别到QR码: 24
1774515453.0288870 [logical-1] [INFO] [1774515453.028604543] [Ground]: 识别到QR码: 2
1774515453.0309591 [logical-1] [INFO] [1774515453.030526275] [Ground]: 识别到QR码: 10
1774515453.0612197 [logical-1] [INFO] [1774515453.060730659] [Ground]: 识别到QR码: 24
1774515453.0631409 [logical-1] [INFO] [1774515453.062730878] [Ground]: 识别到QR码: 2
1774515453.0658164 [logical-1] [INFO] [1774515453.065471883] [Ground]: 识别到QR码: 10
1774515453.0942278 [logical-1] [INFO] [1774515453.093883719] [Ground]: 识别到QR码: 2
1774515453.0954871 [logical-1] [INFO] [1774515453.095246455] [Ground]: 识别到QR码: 10
1774515453.0963581 [logical-1] [INFO] [1774515453.096204242] [Ground]: 识别到QR码: 24
1774515453.1284859 [logical-1] [INFO] [1774515453.128118564] [Ground]: 识别到QR码: 10
1774515453.1299384 [logical-1] [INFO] [1774515453.129678273] [Ground]: 识别到QR码: 24
1774515453.1314375 [logical-1] [INFO] [1774515453.131163357] [Ground]: 识别到QR码: 2
1774515453.1648123 [logical-1] [INFO] [1774515453.164317001] [Ground]: 识别到QR码: 10
1774515453.1673861 [logical-1] [INFO] [1774515453.166122378] [Ground]: 识别到QR码: 24
1774515453.1694875 [logical-1] [INFO] [1774515453.169175832] [Ground]: 识别到QR码: 2
1774515453.1945539 [logical-1] [INFO] [1774515453.194096259] [Ground]: 识别到QR码: 2
1774515453.1961637 [logical-1] [INFO] [1774515453.195806773] [Ground]: 识别到QR码: 24
1774515453.2002912 [logical-1] [INFO] [1774515453.199981608] [Ground]: 识别到QR码: 10
1774515453.2267981 [logical-1] [INFO] [1774515453.226446815] [Ground]: 识别到QR码: 2
1774515453.2285302 [logical-1] [INFO] [1774515453.228244739] [Ground]: 识别到QR码: 24
1774515453.2624729 [logical-1] [INFO] [1774515453.261708955] [Ground]: 识别到QR码: 10
1774515453.2637610 [logical-1] [INFO] [1774515453.263149373] [Ground]: 识别到QR码: 24
1774515453.2654488 [logical-1] [INFO] [1774515453.265062221] [Ground]: 识别到QR码: 2
1774515453.2961514 [logical-1] [INFO] [1774515453.295609890] [Ground]: 识别到QR码: 24
1774515453.2972414 [logical-1] [INFO] [1774515453.296625113] [Ground]: 识别到QR码: 10
1774515453.3005362 [logical-1] [INFO] [1774515453.299566857] [Ground]: 识别到QR码: 2
1774515453.3306348 [logical-1] [INFO] [1774515453.329694024] [Ground]: 识别到QR码: 24
1774515453.3330247 [logical-1] [INFO] [1774515453.332693436] [Ground]: 识别到QR码: 2
1774515453.3666167 [logical-1] [INFO] [1774515453.365850433] [Ground]: 识别到QR码: 24
1774515453.3684936 [logical-1] [INFO] [1774515453.368088434] [Ground]: 识别到QR码: 2
1774515453.3954487 [logical-1] [INFO] [1774515453.395041875] [Ground]: 识别到QR码: 2
1774515453.3972390 [logical-1] [INFO] [1774515453.396916383] [Ground]: 识别到QR码: 10
1774515453.3987696 [logical-1] [INFO] [1774515453.398497088] [Ground]: 识别到QR码: 24
1774515453.4287405 [logical-1] [INFO] [1774515453.428262452] [Ground]: 识别到QR码: 24
1774515453.4303591 [logical-1] [INFO] [1774515453.429972941] [Ground]: 识别到QR码: 10
1774515453.4341452 [logical-1] [INFO] [1774515453.433782992] [Ground]: 识别到QR码: 2
1774515453.4644163 [logical-1] [INFO] [1774515453.463985439] [Ground]: 识别到QR码: 10
1774515453.4683609 [logical-1] [INFO] [1774515453.467912377] [Ground]: 识别到QR码: 24
1774515453.4711208 [logical-1] [INFO] [1774515453.470626775] [Ground]: 识别到QR码: 2
1774515453.4956112 [logical-1] [INFO] [1774515453.495142509] [Ground]: 识别到QR码: 10
1774515453.4978280 [logical-1] [INFO] [1774515453.496933413] [Ground]: 识别到QR码: 24
1774515453.4990766 [logical-1] [INFO] [1774515453.498758800] [Ground]: 识别到QR码: 2
1774515453.5277565 [logical-1] [INFO] [1774515453.527391490] [Ground]: 识别到QR码: 24
1774515453.5295095 [logical-1] [INFO] [1774515453.529166987] [Ground]: 识别到QR码: 10
1774515453.5311232 [logical-1] [INFO] [1774515453.530713212] [Ground]: 识别到QR码: 2
1774515453.5645893 [logical-1] [INFO] [1774515453.564188555] [Ground]: 识别到QR码: 2
1774515453.5652485 [logical-1] [INFO] [1774515453.565044001] [Ground]: 识别到QR码: 10
1774515453.5674355 [logical-1] [INFO] [1774515453.566864009] [Ground]: 识别到QR码: 24
1774515453.5977526 [logical-1] [INFO] [1774515453.597338475] [Ground]: 识别到QR码: 2
1774515453.5992754 [logical-1] [INFO] [1774515453.598949630] [Ground]: 识别到QR码: 10
1774515453.6004715 [logical-1] [INFO] [1774515453.600257247] [Ground]: 识别到QR码: 24
1774515453.6316926 [logical-1] [INFO] [1774515453.631185986] [Ground]: 识别到QR码: 24
1774515453.6328523 [logical-1] [INFO] [1774515453.632644038] [Ground]: 识别到QR码: 2
1774515453.6352780 [logical-1] [INFO] [1774515453.634871068] [Ground]: 识别到QR码: 10
1774515453.6662147 [logical-1] [INFO] [1774515453.665782943] [Ground]: 识别到QR码: 2
1774515453.6671963 [logical-1] [INFO] [1774515453.666953268] [Ground]: 识别到QR码: 10
1774515453.6712132 [logical-1] [INFO] [1774515453.670834570] [Ground]: 识别到QR码: 24
1774515453.6972268 [logical-1] [INFO] [1774515453.696771571] [Ground]: 识别到QR码: 2
1774515453.6996541 [logical-1] [INFO] [1774515453.699174284] [Ground]: 识别到QR码: 10
1774515453.7012565 [logical-1] [INFO] [1774515453.700502392] [Ground]: 识别到QR码: 24
1774515453.7319849 [logical-1] [INFO] [1774515453.731618472] [Ground]: 识别到QR码: 2
1774515453.7343082 [logical-1] [INFO] [1774515453.733896982] [Ground]: 识别到QR码: 10
1774515453.7657585 [logical-1] [INFO] [1774515453.765375673] [Ground]: 识别到QR码: 2
1774515453.7953036 [logical-1] [INFO] [1774515453.794961314] [Ground]: 识别到QR码: 10
1774515453.7971170 [logical-1] [INFO] [1774515453.796833978] [Ground]: 识别到QR码: 2
1774515453.8336635 [logical-1] [INFO] [1774515453.833281175] [Ground]: 识别到QR码: 10
1774515453.8349023 [logical-1] [INFO] [1774515453.834706428] [Ground]: 识别到QR码: 2
1774515453.8640058 [logical-1] [INFO] [1774515453.863555365] [Ground]: 识别到QR码: 10
1774515453.8654742 [logical-1] [INFO] [1774515453.865188205] [Ground]: 识别到QR码: 2
1774515453.8997459 [logical-1] [INFO] [1774515453.899354156] [Ground]: 识别到QR码: 10
1774515453.9037161 [logical-1] [INFO] [1774515453.903027693] [Ground]: 识别到QR码: 2
1774515453.9331429 [logical-1] [INFO] [1774515453.932827793] [Ground]: 识别到QR码: 10
1774515453.9341536 [logical-1] [INFO] [1774515453.933920897] [Ground]: 识别到QR码: 2
1774515453.9640684 [logical-1] [INFO] [1774515453.963712239] [Ground]: 识别到QR码: 10
1774515453.9650810 [logical-1] [INFO] [1774515453.964940151] [Ground]: 识别到QR码: 2
1774515454.0050509 [logical-1] [INFO] [1774515454.004723759] [Ground]: 识别到QR码: 10
1774515454.0135667 [logical-1] [INFO] [1774515454.010541464] [Ground]: 识别到QR码: 2
1774515454.0323756 [logical-1] [INFO] [1774515454.032040785] [Ground]: 识别到QR码: 2
1774515454.0698388 [logical-1] [INFO] [1774515454.069507535] [Ground]: 识别到QR码: 2
1774515454.1023023 [logical-1] [INFO] [1774515454.101761526] [Ground]: 识别到QR码: 2
1774515454.1316288 [logical-1] [INFO] [1774515454.131310984] [Ground]: 识别到QR码: 2
1774515454.1331804 [logical-1] [INFO] [1774515454.132571658] [Ground]: 识别到QR码: 10
1774515454.1728148 [logical-1] [INFO] [1774515454.172351051] [Ground]: 识别到QR码: 2
1774515454.1749189 [logical-1] [INFO] [1774515454.174688366] [Ground]: 识别到QR码: 10
1774515454.1994324 [logical-1] [INFO] [1774515454.199031192] [Ground]: 识别到QR码: 10
1774515454.2008483 [logical-1] [INFO] [1774515454.200625166] [Ground]: 识别到QR码: 2
1774515454.2386642 [logical-1] [INFO] [1774515454.238185773] [Ground]: 识别到QR码: 10
1774515454.2420595 [logical-1] [INFO] [1774515454.241576035] [Ground]: 识别到QR码: 2
1774515454.2691617 [logical-1] [INFO] [1774515454.267823768] [Ground]: 识别到QR码: 10
1774515454.2704110 [logical-1] [INFO] [1774515454.269364302] [Ground]: 识别到QR码: 2
1774515454.2989969 [logical-1] [INFO] [1774515454.298613603] [Ground]: 识别到QR码: 10
1774515454.3026977 [logical-1] [INFO] [1774515454.300410531] [Ground]: 识别到QR码: 2
1774515454.3359821 [logical-1] [INFO] [1774515454.335445633] [Ground]: 识别到QR码: 2
1774515454.3376095 [logical-1] [INFO] [1774515454.337060151] [Ground]: 识别到QR码: 10
1774515454.3684120 [logical-1] [INFO] [1774515454.367931850] [Ground]: 识别到QR码: 2
1774515454.3746743 [logical-1] [INFO] [1774515454.374222262] [Ground]: 识别到QR码: 10
1774515454.4064376 [logical-1] [INFO] [1774515454.405876199] [Ground]: 识别到QR码: 2
1774515454.4083164 [logical-1] [INFO] [1774515454.407962171] [Ground]: 识别到QR码: 10
1774515454.4355776 [logical-1] [INFO] [1774515454.435158063] [Ground]: 识别到QR码: 24
1774515454.4373882 [logical-1] [INFO] [1774515454.436995528] [Ground]: 识别到QR码: 2
1774515454.4400563 [logical-1] [INFO] [1774515454.439740658] [Ground]: 识别到QR码: 10
1774515454.4725230 [logical-1] [INFO] [1774515454.471985166] [Ground]: 识别到QR码: 10
1774515454.4771550 [logical-1] [INFO] [1774515454.476629457] [Ground]: 识别到QR码: 24
1774515454.4817152 [logical-1] [INFO] [1774515454.481384591] [Ground]: 识别到QR码: 2
1774515454.5040655 [logical-1] [INFO] [1774515454.503305027] [Ground]: 识别到QR码: 24
1774515454.5059414 [logical-1] [INFO] [1774515454.505647921] [Ground]: 识别到QR码: 10
1774515454.5081794 [logical-1] [INFO] [1774515454.507241280] [Ground]: 识别到QR码: 2
1774515454.5375173 [logical-1] [INFO] [1774515454.537162592] [Ground]: 识别到QR码: 2
1774515454.5386748 [logical-1] [INFO] [1774515454.538434364] [Ground]: 识别到QR码: 10
1774515454.5688508 [logical-1] [INFO] [1774515454.568531233] [Ground]: 识别到QR码: 10
1774515454.5700347 [logical-1] [INFO] [1774515454.569825169] [Ground]: 识别到QR码: 2
1774515454.5724571 [logical-1] [INFO] [1774515454.572070635] [Ground]: 识别到QR码: 24
1774515454.6053822 [logical-1] [INFO] [1774515454.605001543] [Ground]: 识别到QR码: 10
1774515454.6075361 [logical-1] [INFO] [1774515454.607153604] [Ground]: 识别到QR码: 2
1774515454.6363924 [logical-1] [INFO] [1774515454.635992593] [Ground]: 识别到QR码: 10
1774515454.6387749 [logical-1] [INFO] [1774515454.638235233] [Ground]: 识别到QR码: 2
1774515454.6737309 [logical-1] [INFO] [1774515454.673324041] [Ground]: 识别到QR码: 10
1774515454.6756752 [logical-1] [INFO] [1774515454.675272420] [Ground]: 识别到QR码: 2
1774515454.7045145 [logical-1] [INFO] [1774515454.704039573] [Ground]: 识别到QR码: 10
1774515454.7063427 [logical-1] [INFO] [1774515454.706070799] [Ground]: 识别到QR码: 2
1774515454.7391157 [logical-1] [INFO] [1774515454.738681594] [Ground]: 识别到QR码: 10
1774515454.7419124 [logical-1] [INFO] [1774515454.741571764] [Ground]: 识别到QR码: 2
1774515454.7722902 [logical-1] [INFO] [1774515454.771952268] [Ground]: 识别到QR码: 10
1774515454.7736955 [logical-1] [INFO] [1774515454.773410321] [Ground]: 识别到QR码: 2
1774515454.8035722 [logical-1] [INFO] [1774515454.803192262] [Ground]: 识别到QR码: 24
1774515454.8051498 [logical-1] [INFO] [1774515454.804698753] [Ground]: 识别到QR码: 2
1774515454.8088803 [logical-1] [INFO] [1774515454.808481772] [Ground]: 识别到QR码: 10
1774515454.8415878 [logical-1] [INFO] [1774515454.841182252] [Ground]: 识别到QR码: 10
1774515454.8492615 [logical-1] [INFO] [1774515454.848950737] [Ground]: 识别到QR码: 2
1774515454.8734763 [logical-1] [INFO] [1774515454.872792559] [Ground]: 识别到QR码: 10
1774515454.8760858 [logical-1] [INFO] [1774515454.875458687] [Ground]: 识别到QR码: 2
1774515454.9061038 [logical-1] [INFO] [1774515454.905792613] [Ground]: 识别到QR码: 24
1774515454.9079230 [logical-1] [INFO] [1774515454.907592426] [Ground]: 识别到QR码: 10
1774515454.9114125 [logical-1] [INFO] [1774515454.910994661] [Ground]: 识别到QR码: 2
1774515454.9462533 [logical-1] [INFO] [1774515454.945937242] [Ground]: 识别到QR码: 10
1774515454.9489925 [logical-1] [INFO] [1774515454.948627558] [Ground]: 识别到QR码: 24
1774515454.9545710 [logical-1] [INFO] [1774515454.953992729] [Ground]: 识别到QR码: 2
1774515454.9718139 [logical-1] [INFO] [1774515454.971445278] [Ground]: 识别到QR码: 10
1774515454.9752071 [logical-1] [INFO] [1774515454.973507456] [Ground]: 识别到QR码: 2
1774515454.9800897 [logical-1] [INFO] [1774515454.979722279] [Ground]: 识别到QR码: 24
1774515455.0094941 [logical-1] [INFO] [1774515455.009148511] [Ground]: 识别到QR码: 24
1774515455.0114446 [logical-1] [INFO] [1774515455.011139057] [Ground]: 识别到QR码: 2
1774515455.0126758 [logical-1] [INFO] [1774515455.012490416] [Ground]: 识别到QR码: 10
1774515455.0416384 [logical-1] [INFO] [1774515455.041184494] [Ground]: 识别到QR码: 24
1774515455.0438311 [logical-1] [INFO] [1774515455.043472548] [Ground]: 识别到QR码: 2
1774515455.0463536 [logical-1] [INFO] [1774515455.045747324] [Ground]: 识别到QR码: 10
1774515455.0738084 [logical-1] [INFO] [1774515455.073434649] [Ground]: 识别到QR码: 24
1774515455.0752842 [logical-1] [INFO] [1774515455.075020012] [Ground]: 识别到QR码: 10
1774515455.0795224 [logical-1] [INFO] [1774515455.078589067] [Ground]: 识别到QR码: 2
1774515455.1096065 [logical-1] [INFO] [1774515455.109161039] [Ground]: 识别到QR码: 2
1774515455.1122594 [logical-1] [INFO] [1774515455.111140666] [Ground]: 识别到QR码: 24
1774515455.1147420 [logical-1] [INFO] [1774515455.114281352] [Ground]: 识别到QR码: 10
1774515455.1438737 [logical-1] [INFO] [1774515455.143427001] [Ground]: 识别到QR码: 24
1774515455.1531074 [logical-1] [INFO] [1774515455.152643647] [Ground]: 识别到QR码: 10
1774515455.1578550 [logical-1] [INFO] [1774515455.157532937] [Ground]: 识别到QR码: 2
1774515455.1722109 [logical-1] [INFO] [1774515455.171753212] [Ground]: 识别到QR码: 10
1774515455.1770697 [logical-1] [INFO] [1774515455.173652078] [Ground]: 识别到QR码: 24
1774515455.1783693 [logical-1] [INFO] [1774515455.177299171] [Ground]: 识别到QR码: 2
1774515455.2092552 [logical-1] [INFO] [1774515455.208288866] [Ground]: 识别到QR码: 24
1774515455.2105229 [logical-1] [INFO] [1774515455.209572791] [Ground]: 识别到QR码: 10
1774515455.2142994 [logical-1] [INFO] [1774515455.212537966] [Ground]: 识别到QR码: 2
1774515455.2445812 [logical-1] [INFO] [1774515455.244211731] [Ground]: 识别到QR码: 24
1774515455.2463715 [logical-1] [INFO] [1774515455.246034420] [Ground]: 识别到QR码: 2
1774515455.2759583 [logical-1] [INFO] [1774515455.275567273] [Ground]: 识别到QR码: 10
1774515455.2775519 [logical-1] [INFO] [1774515455.277159240] [Ground]: 识别到QR码: 24
1774515455.2809868 [logical-1] [INFO] [1774515455.280490006] [Ground]: 识别到QR码: 2
1774515455.3111618 [logical-1] [INFO] [1774515455.310740968] [Ground]: 识别到QR码: 10
1774515455.3135741 [logical-1] [INFO] [1774515455.313129030] [Ground]: 识别到QR码: 24
1774515455.3163130 [logical-1] [INFO] [1774515455.315961886] [Ground]: 识别到QR码: 2
1774515455.3447905 [logical-1] [INFO] [1774515455.343593081] [Ground]: 识别到QR码: 24
1774515455.3491242 [logical-1] [INFO] [1774515455.348770750] [Ground]: 识别到QR码: 2
1774515455.3769717 [logical-1] [INFO] [1774515455.376517825] [Ground]: 识别到QR码: 24
1774515455.3829200 [logical-1] [INFO] [1774515455.382490995] [Ground]: 识别到QR码: 10
1774515455.3889077 [logical-1] [INFO] [1774515455.388369168] [Ground]: 识别到QR码: 2
1774515455.4110451 [logical-1] [INFO] [1774515455.410704388] [Ground]: 识别到QR码: 10
1774515455.4131508 [logical-1] [INFO] [1774515455.412758159] [Ground]: 识别到QR码: 2
1774515455.4159496 [logical-1] [INFO] [1774515455.415598577] [Ground]: 识别到QR码: 24
1774515455.4452033 [logical-1] [INFO] [1774515455.444448558] [Ground]: 识别到QR码: 10
1774515455.4463232 [logical-1] [INFO] [1774515455.445938428] [Ground]: 识别到QR码: 24
1774515455.4504964 [logical-1] [INFO] [1774515455.447890004] [Ground]: 识别到QR码: 2
1774515455.4780171 [logical-1] [INFO] [1774515455.477565929] [Ground]: 识别到QR码: 24
1774515455.4799716 [logical-1] [INFO] [1774515455.479641199] [Ground]: 识别到QR码: 10
1774515455.4817271 [logical-1] [INFO] [1774515455.481385127] [Ground]: 识别到QR码: 2
1774515455.5083289 [logical-1] [INFO] [1774515455.507965090] [Ground]: 识别到QR码: 10
1774515455.5105331 [logical-1] [INFO] [1774515455.510116468] [Ground]: 识别到QR码: 2
1774515455.5449443 [logical-1] [INFO] [1774515455.544581354] [Ground]: 识别到QR码: 24
1774515455.5471275 [logical-1] [INFO] [1774515455.546750020] [Ground]: 识别到QR码: 10
1774515455.5501759 [logical-1] [INFO] [1774515455.549799110] [Ground]: 识别到QR码: 2
1774515455.5781648 [logical-1] [INFO] [1774515455.577649153] [Ground]: 识别到QR码: 24
1774515455.5806365 [logical-1] [INFO] [1774515455.579833630] [Ground]: 识别到QR码: 10
1774515455.6124067 [logical-1] [INFO] [1774515455.610897298] [Ground]: 识别到QR码: 24
1774515455.6128910 [logical-1] [INFO] [1774515455.612554541] [Ground]: 识别到QR码: 10
1774515455.6147916 [logical-1] [INFO] [1774515455.614333400] [Ground]: 识别到QR码: 2
1774515455.6452830 [logical-1] [INFO] [1774515455.644620158] [Ground]: 识别到QR码: 10
1774515455.6480460 [logical-1] [INFO] [1774515455.647614699] [Ground]: 识别到QR码: 24
1774515455.6541538 [logical-1] [INFO] [1774515455.653773116] [Ground]: 识别到QR码: 2
1774515455.6788344 [logical-1] [INFO] [1774515455.678339048] [Ground]: 识别到QR码: 10
1774515455.6821907 [logical-1] [INFO] [1774515455.681508513] [Ground]: 识别到QR码: 24
1774515455.6880097 [logical-1] [INFO] [1774515455.686525279] [Ground]: 识别到QR码: 2
1774515455.7114942 [logical-1] [INFO] [1774515455.710951887] [Ground]: 识别到QR码: 2
1774515455.7133408 [logical-1] [INFO] [1774515455.712919702] [Ground]: 识别到QR码: 10
1774515455.7159460 [logical-1] [INFO] [1774515455.715227117] [Ground]: 识别到QR码: 24
1774515455.7457013 [logical-1] [INFO] [1774515455.745307860] [Ground]: 识别到QR码: 24
1774515455.7478368 [logical-1] [INFO] [1774515455.747462518] [Ground]: 识别到QR码: 10
1774515455.7510829 [logical-1] [INFO] [1774515455.749493332] [Ground]: 识别到QR码: 2
1774515455.7775745 [logical-1] [INFO] [1774515455.777127626] [Ground]: 识别到QR码: 10
1774515455.7790322 [logical-1] [INFO] [1774515455.778822157] [Ground]: 识别到QR码: 2
1774515455.7810829 [logical-1] [INFO] [1774515455.780462299] [Ground]: 识别到QR码: 24
1774515455.8120399 [logical-1] [INFO] [1774515455.811636665] [Ground]: 识别到QR码: 24
1774515455.8139656 [logical-1] [INFO] [1774515455.813686228] [Ground]: 识别到QR码: 10
1774515455.8182001 [logical-1] [INFO] [1774515455.816762907] [Ground]: 识别到QR码: 2
1774515455.8444848 [logical-1] [INFO] [1774515455.844124246] [Ground]: 识别到QR码: 24
1774515455.8459971 [logical-1] [INFO] [1774515455.845690060] [Ground]: 识别到QR码: 10
1774515455.8477476 [logical-1] [INFO] [1774515455.847371119] [Ground]: 识别到QR码: 2
1774515455.8794243 [logical-1] [INFO] [1774515455.879090467] [Ground]: 识别到QR码: 10
1774515455.8809714 [logical-1] [INFO] [1774515455.880636768] [Ground]: 识别到QR码: 24
1774515455.8834682 [logical-1] [INFO] [1774515455.883121338] [Ground]: 识别到QR码: 2
1774515455.9133570 [logical-1] [INFO] [1774515455.912846555] [Ground]: 识别到QR码: 24
1774515455.9153714 [logical-1] [INFO] [1774515455.914899844] [Ground]: 识别到QR码: 2
1774515455.9459808 [logical-1] [INFO] [1774515455.945089668] [Ground]: 识别到QR码: 10
1774515455.9467604 [logical-1] [INFO] [1774515455.946612724] [Ground]: 识别到QR码: 2
1774515455.9473989 [logical-1] [INFO] [1774515455.947266118] [Ground]: 识别到QR码: 24
1774515455.9843628 [logical-1] [INFO] [1774515455.984019303] [Ground]: 识别到QR码: 24
1774515455.9859056 [logical-1] [INFO] [1774515455.985554895] [Ground]: 识别到QR码: 10
1774515455.9895442 [logical-1] [INFO] [1774515455.989051160] [Ground]: 识别到QR码: 2
1774515456.0144579 [logical-1] [INFO] [1774515456.014166798] [Ground]: 识别到QR码: 24
1774515456.0151746 [logical-1] [INFO] [1774515456.015032833] [Ground]: 识别到QR码: 10
1774515456.0159240 [logical-1] [INFO] [1774515456.015820963] [Ground]: 识别到QR码: 2
1774515456.0489349 [logical-1] [INFO] [1774515456.048593383] [Ground]: 识别到QR码: 24
1774515456.0512681 [logical-1] [INFO] [1774515456.050909899] [Ground]: 识别到QR码: 2
1774515456.0523787 [logical-1] [INFO] [1774515456.052127273] [Ground]: 识别到QR码: 10
1774515456.0810492 [logical-1] [INFO] [1774515456.080533189] [Ground]: 识别到QR码: 2
1774515456.0838840 [logical-1] [INFO] [1774515456.083039185] [Ground]: 识别到QR码: 10
1774515456.0861273 [logical-1] [INFO] [1774515456.085795962] [Ground]: 识别到QR码: 24
1774515456.1120794 [logical-1] [INFO] [1774515456.111580209] [Ground]: 识别到QR码: 2
1774515456.1140206 [logical-1] [INFO] [1774515456.113648510] [Ground]: 识别到QR码: 10
1774515456.1151993 [logical-1] [INFO] [1774515456.114760793] [Ground]: 识别到QR码: 24
1774515456.1482465 [logical-1] [INFO] [1774515456.147611696] [Ground]: 识别到QR码: 2
1774515456.1499252 [logical-1] [INFO] [1774515456.149619294] [Ground]: 识别到QR码: 24
1774515456.1523778 [logical-1] [INFO] [1774515456.151970389] [Ground]: 识别到QR码: 10
1774515456.1799548 [logical-1] [INFO] [1774515456.179547603] [Ground]: 识别到QR码: 10
1774515456.1870213 [logical-1] [INFO] [1774515456.186344751] [Ground]: 识别到QR码: 24
1774515456.1913743 [logical-1] [INFO] [1774515456.191015223] [Ground]: 识别到QR码: 2
1774515456.2163944 [logical-1] [INFO] [1774515456.216062778] [Ground]: 识别到QR码: 24
1774515456.2177985 [logical-1] [INFO] [1774515456.217557048] [Ground]: 识别到QR码: 10
1774515456.2191017 [logical-1] [INFO] [1774515456.218866342] [Ground]: 识别到QR码: 2
1774515456.2482023 [logical-1] [INFO] [1774515456.247866561] [Ground]: 识别到QR码: 24
1774515456.2497234 [logical-1] [INFO] [1774515456.249403778] [Ground]: 识别到QR码: 2
1774515456.2512903 [logical-1] [INFO] [1774515456.251096585] [Ground]: 识别到QR码: 10
1774515456.2800939 [logical-1] [INFO] [1774515456.279392668] [Ground]: 识别到QR码: 10
1774515456.2811761 [logical-1] [INFO] [1774515456.280834794] [Ground]: 识别到QR码: 24
1774515456.2842562 [logical-1] [INFO] [1774515456.283453210] [Ground]: 识别到QR码: 2
1774515456.3178432 [logical-1] [INFO] [1774515456.317485833] [Ground]: 识别到QR码: 10
1774515456.3191557 [logical-1] [INFO] [1774515456.318862677] [Ground]: 识别到QR码: 24
1774515456.3202772 [logical-1] [INFO] [1774515456.319779212] [Ground]: 识别到QR码: 2
1774515456.3486581 [logical-1] [INFO] [1774515456.348281945] [Ground]: 识别到QR码: 24
1774515456.3511710 [logical-1] [INFO] [1774515456.349749524] [Ground]: 识别到QR码: 10
1774515456.3573325 [logical-1] [INFO] [1774515456.356596231] [Ground]: 识别到QR码: 2
1774515456.3826535 [logical-1] [INFO] [1774515456.382221858] [Ground]: 识别到QR码: 10
1774515456.3872066 [logical-1] [INFO] [1774515456.386831893] [Ground]: 识别到QR码: 2
1774515456.3948562 [logical-1] [INFO] [1774515456.394399490] [Ground]: 识别到QR码: 24
1774515456.4178219 [logical-1] [INFO] [1774515456.417554572] [Ground]: 识别到QR码: 24
1774515456.4238100 [logical-1] [INFO] [1774515456.423047653] [Ground]: 识别到QR码: 10
1774515456.4263904 [logical-1] [INFO] [1774515456.426157469] [Ground]: 识别到QR码: 2
1774515456.4501140 [logical-1] [INFO] [1774515456.449731738] [Ground]: 识别到QR码: 24
1774515456.4512935 [logical-1] [INFO] [1774515456.451059140] [Ground]: 识别到QR码: 2
1774515456.4600227 [logical-1] [INFO] [1774515456.459664032] [Ground]: 识别到QR码: 10
1774515456.4881926 [logical-1] [INFO] [1774515456.487742854] [Ground]: 识别到QR码: 24
1774515456.4957643 [logical-1] [INFO] [1774515456.495356800] [Ground]: 识别到QR码: 10
1774515456.4971485 [logical-1] [INFO] [1774515456.496895647] [Ground]: 识别到QR码: 2
1774515456.5171914 [logical-1] [INFO] [1774515456.516823838] [Ground]: 识别到QR码: 2
1774515456.5185823 [logical-1] [INFO] [1774515456.518354829] [Ground]: 识别到QR码: 10
1774515456.5214720 [logical-1] [INFO] [1774515456.521162479] [Ground]: 识别到QR码: 24
1774515456.5499694 [logical-1] [INFO] [1774515456.549633463] [Ground]: 识别到QR码: 10
1774515456.5521498 [logical-1] [INFO] [1774515456.551841527] [Ground]: 识别到QR码: 24
1774515456.5533826 [logical-1] [INFO] [1774515456.553142906] [Ground]: 识别到QR码: 2
1774515456.5855629 [logical-1] [INFO] [1774515456.585122417] [Ground]: 识别到QR码: 10
1774515456.5875371 [logical-1] [INFO] [1774515456.587289239] [Ground]: 识别到QR码: 24
1774515456.5889068 [logical-1] [INFO] [1774515456.588649569] [Ground]: 识别到QR码: 2
1774515456.6157081 [logical-1] [INFO] [1774515456.615310397] [Ground]: 识别到QR码: 10
1774515456.6170588 [logical-1] [INFO] [1774515456.616787244] [Ground]: 识别到QR码: 24
1774515456.6180902 [logical-1] [INFO] [1774515456.617909481] [Ground]: 识别到QR码: 2
1774515456.6543202 [logical-1] [INFO] [1774515456.653999670] [Ground]: 识别到QR码: 24
1774515456.6557148 [logical-1] [INFO] [1774515456.655387763] [Ground]: 识别到QR码: 10
1774515456.6572635 [logical-1] [INFO] [1774515456.657060812] [Ground]: 识别到QR码: 2
1774515456.6842926 [logical-1] [INFO] [1774515456.683957341] [Ground]: 识别到QR码: 24
1774515456.6891389 [logical-1] [INFO] [1774515456.688762249] [Ground]: 识别到QR码: 2
1774515456.6961505 [logical-1] [INFO] [1774515456.695436567] [Ground]: 识别到QR码: 10
1774515456.7166145 [logical-1] [INFO] [1774515456.716246868] [Ground]: 识别到QR码: 24
1774515456.7201276 [logical-1] [INFO] [1774515456.717918545] [Ground]: 识别到QR码: 10
1774515456.7209201 [logical-1] [INFO] [1774515456.719013826] [Ground]: 识别到QR码: 2
1774515456.7549803 [logical-1] [INFO] [1774515456.754559681] [Ground]: 识别到QR码: 2
1774515456.7570632 [logical-1] [INFO] [1774515456.756766313] [Ground]: 识别到QR码: 24
1774515456.7869575 [logical-1] [INFO] [1774515456.786494927] [Ground]: 识别到QR码: 10
1774515456.7897825 [logical-1] [INFO] [1774515456.789330068] [Ground]: 识别到QR码: 2
1774515456.7920866 [logical-1] [INFO] [1774515456.791783604] [Ground]: 识别到QR码: 24
1774515456.8246896 [logical-1] [INFO] [1774515456.824319109] [Ground]: 识别到QR码: 24
1774515456.8260050 [logical-1] [INFO] [1774515456.825747743] [Ground]: 识别到QR码: 2
1774515456.8531365 [logical-1] [INFO] [1774515456.852754793] [Ground]: 识别到QR码: 2
1774515456.8543093 [logical-1] [INFO] [1774515456.854036811] [Ground]: 识别到QR码: 24
1774515456.8561556 [logical-1] [INFO] [1774515456.855723057] [Ground]: 识别到QR码: 10
1774515456.8867955 [logical-1] [INFO] [1774515456.886476696] [Ground]: 识别到QR码: 24
1774515456.8902166 [logical-1] [INFO] [1774515456.889656147] [Ground]: 识别到QR码: 2
1774515456.8920128 [logical-1] [INFO] [1774515456.891803568] [Ground]: 识别到QR码: 10
1774515456.9204841 [logical-1] [INFO] [1774515456.920135894] [Ground]: 识别到QR码: 10
1774515456.9214768 [logical-1] [INFO] [1774515456.921186661] [Ground]: 识别到QR码: 24
1774515456.9245334 [logical-1] [INFO] [1774515456.924172234] [Ground]: 识别到QR码: 2
1774515456.9535267 [logical-1] [INFO] [1774515456.952379252] [Ground]: 识别到QR码: 24
1774515456.9546909 [logical-1] [INFO] [1774515456.954453781] [Ground]: 识别到QR码: 2
1774515456.9572885 [logical-1] [INFO] [1774515456.957003471] [Ground]: 识别到QR码: 10
1774515456.9885497 [logical-1] [INFO] [1774515456.988189330] [Ground]: 识别到QR码: 24
1774515456.9909625 [logical-1] [INFO] [1774515456.990355102] [Ground]: 识别到QR码: 2
1774515456.9939809 [logical-1] [INFO] [1774515456.993603416] [Ground]: 识别到QR码: 10
1774515457.0230262 [logical-1] [INFO] [1774515457.022352491] [Ground]: 识别到QR码: 24
1774515457.0266376 [logical-1] [INFO] [1774515457.026031018] [Ground]: 识别到QR码: 2
1774515457.0284545 [logical-1] [INFO] [1774515457.028088452] [Ground]: 识别到QR码: 10
1774515457.0528207 [logical-1] [INFO] [1774515457.052387057] [Ground]: 识别到QR码: 24
1774515457.0563760 [logical-1] [INFO] [1774515457.055361553] [Ground]: 识别到QR码: 10
1774515457.0608954 [logical-1] [INFO] [1774515457.060464828] [Ground]: 识别到QR码: 2
1774515457.0860164 [logical-1] [INFO] [1774515457.085701317] [Ground]: 识别到QR码: 24
1774515457.0877078 [logical-1] [INFO] [1774515457.087323594] [Ground]: 识别到QR码: 10
1774515457.0900400 [logical-1] [INFO] [1774515457.089497667] [Ground]: 识别到QR码: 2
1774515457.1209769 [logical-1] [INFO] [1774515457.120654053] [Ground]: 识别到QR码: 24
1774515457.1250808 [logical-1] [INFO] [1774515457.124099134] [Ground]: 识别到QR码: 2
1774515457.1289563 [logical-1] [INFO] [1774515457.127858206] [Ground]: 识别到QR码: 10
1774515457.1568704 [logical-1] [INFO] [1774515457.155193709] [Ground]: 识别到QR码: 24
1774515457.1574581 [logical-1] [INFO] [1774515457.156557048] [Ground]: 识别到QR码: 10
1774515457.1613166 [logical-1] [INFO] [1774515457.160759024] [Ground]: 识别到QR码: 2
1774515457.1899707 [logical-1] [INFO] [1774515457.189612543] [Ground]: 识别到QR码: 24
1774515457.1918774 [logical-1] [INFO] [1774515457.191578200] [Ground]: 识别到QR码: 2
1774515457.1965823 [logical-1] [INFO] [1774515457.196205459] [Ground]: 识别到QR码: 10
1774515457.2242563 [logical-1] [INFO] [1774515457.223852856] [Ground]: 识别到QR码: 24
1774515457.2324646 [logical-1] [INFO] [1774515457.232028047] [Ground]: 识别到QR码: 2
1774515457.2560754 [logical-1] [INFO] [1774515457.255600313] [Ground]: 识别到QR码: 24
1774515457.2599750 [logical-1] [INFO] [1774515457.258953421] [Ground]: 识别到QR码: 10
1774515457.2651908 [logical-1] [INFO] [1774515457.264885690] [Ground]: 识别到QR码: 2
1774515457.2880769 [logical-1] [INFO] [1774515457.287084493] [Ground]: 识别到QR码: 24
1774515457.2899287 [logical-1] [INFO] [1774515457.289534757] [Ground]: 识别到QR码: 10
1774515457.2930322 [logical-1] [INFO] [1774515457.292652247] [Ground]: 识别到QR码: 2
1774515457.3188093 [logical-1] [INFO] [1774515457.318373418] [Ground]: 识别到QR码: 10
1774515457.3210719 [logical-1] [INFO] [1774515457.320723006] [Ground]: 识别到QR码: 2
1774515457.3552203 [logical-1] [INFO] [1774515457.354668157] [Ground]: 识别到QR码: 10
1774515457.3594816 [logical-1] [INFO] [1774515457.359084325] [Ground]: 识别到QR码: 2
1774515457.3877540 [logical-1] [INFO] [1774515457.387254022] [Ground]: 识别到QR码: 24
1774515457.3898492 [logical-1] [INFO] [1774515457.389479668] [Ground]: 识别到QR码: 2
1774515457.3962846 [logical-1] [INFO] [1774515457.395941656] [Ground]: 识别到QR码: 10
1774515457.4261088 [logical-1] [INFO] [1774515457.425701623] [Ground]: 识别到QR码: 10
1774515457.4299567 [logical-1] [INFO] [1774515457.429572522] [Ground]: 识别到QR码: 2
1774515457.4561291 [logical-1] [INFO] [1774515457.455536285] [Ground]: 识别到QR码: 10
1774515457.4598837 [logical-1] [INFO] [1774515457.459527958] [Ground]: 识别到QR码: 2
1774515457.4859264 [logical-1] [INFO] [1774515457.485564038] [Ground]: 识别到QR码: 2
1774515457.5239558 [logical-1] [INFO] [1774515457.523643076] [Ground]: 识别到QR码: 10
1774515457.5552368 [logical-1] [INFO] [1774515457.554866138] [Ground]: 识别到QR码: 2
1774515457.6237428 [logical-1] [INFO] [1774515457.623338672] [Ground]: 识别到QR码: 2
1774515457.6939847 [logical-1] [INFO] [1774515457.693599527] [Ground]: 识别到QR码: 24
1774515457.6957874 [logical-1] [INFO] [1774515457.695582662] [Ground]: 识别到QR码: 10
1774515457.7005026 [logical-1] [INFO] [1774515457.699974748] [Ground]: 识别到QR码: 2
1774515457.7251997 [logical-1] [INFO] [1774515457.724075410] [Ground]: 识别到QR码: 2
1774515457.7565851 [logical-1] [INFO] [1774515457.756227915] [Ground]: 识别到QR码: 24
1774515457.7583854 [logical-1] [INFO] [1774515457.758030848] [Ground]: 识别到QR码: 10
1774515457.7594512 [logical-1] [INFO] [1774515457.759239870] [Ground]: 识别到QR码: 2
1774515457.7950771 [logical-1] [INFO] [1774515457.794748901] [Ground]: 识别到QR码: 24
1774515457.7979677 [logical-1] [INFO] [1774515457.797656374] [Ground]: 识别到QR码: 10
1774515457.8047543 [logical-1] [INFO] [1774515457.804372708] [Ground]: 识别到QR码: 2
1774515457.8221490 [logical-1] [INFO] [1774515457.821737544] [Ground]: 识别到QR码: 24
1774515457.8578460 [logical-1] [INFO] [1774515457.857534203] [Ground]: 识别到QR码: 24
1774515457.9222388 [logical-1] [INFO] [1774515457.921835412] [Ground]: 识别到QR码: 10
1774515457.9894671 [logical-1] [INFO] [1774515457.989104906] [Ground]: 识别到QR码: 10
1774515458.0586534 [logical-1] [INFO] [1774515458.058086790] [Ground]: 识别到QR码: 24
1774515458.0629339 [logical-1] [INFO] [1774515458.062466786] [Ground]: 识别到QR码: 10
1774515458.0945773 [logical-1] [INFO] [1774515458.094160525] [Ground]: 识别到QR码: 24
1774515458.0999479 [logical-1] [INFO] [1774515458.099562106] [Ground]: 识别到QR码: 2
1774515458.1021650 [logical-1] [INFO] [1774515458.101866078] [Ground]: 识别到QR码: 10
1774515458.1264846 [logical-1] [INFO] [1774515458.126140343] [Ground]: 识别到QR码: 24
1774515458.1287401 [logical-1] [INFO] [1774515458.128290650] [Ground]: 识别到QR码: 10
1774515458.1596408 [logical-1] [INFO] [1774515458.159178383] [Ground]: 识别到QR码: 24
1774515458.1631923 [logical-1] [INFO] [1774515458.162359835] [Ground]: 识别到QR码: 2
1774515458.1709967 [logical-1] [INFO] [1774515458.170690765] [Ground]: 识别到QR码: 10
1774515458.1971896 [logical-1] [INFO] [1774515458.196698043] [Ground]: 识别到QR码: 10
1774515458.2034223 [logical-1] [INFO] [1774515458.202787354] [Ground]: 识别到QR码: 2
1774515458.2294903 [logical-1] [INFO] [1774515458.228822020] [Ground]: 识别到QR码: 24
1774515458.3267057 [logical-1] [INFO] [1774515458.326389087] [Ground]: 识别到QR码: 2
1774515458.4653604 [logical-1] [INFO] [1774515458.464998297] [Ground]: 识别到QR码: 24
1774515458.4663489 [logical-1] [INFO] [1774515458.466157979] [Ground]: 识别到QR码: 10
1774515458.4675872 [logical-1] [INFO] [1774515458.467312769] [Ground]: 识别到QR码: 2
1774515458.5053575 [logical-1] [INFO] [1774515458.504907893] [Ground]: 识别到QR码: 2
1774515458.5062778 [logical-1] [INFO] [1774515458.506099871] [Ground]: 识别到QR码: 10
1774515458.5341938 [logical-1] [INFO] [1774515458.533840280] [Ground]: 识别到QR码: 24
1774515458.5378838 [logical-1] [INFO] [1774515458.536729727] [Ground]: 识别到QR码: 10
1774515458.5457149 [logical-1] [INFO] [1774515458.545391255] [Ground]: 识别到QR码: 2
1774515458.5964129 [logical-1] [INFO] [1774515458.596027928] [Ground]: 识别到QR码: 2
1774515458.6643260 [logical-1] [INFO] [1774515458.663916041] [Ground]: 识别到QR码: 2
1774515458.7347748 [logical-1] [INFO] [1774515458.734433375] [Ground]: 识别到QR码: 10
1774515458.7726805 [logical-1] [INFO] [1774515458.771643196] [Ground]: 识别到QR码: 2
1774515458.8005097 [logical-1] [INFO] [1774515458.800118620] [Ground]: 识别到QR码: 10
1774515459.3749495 [logical-1] [INFO] [1774515459.374604057] [Ground]: 识别到QR码: 10
1774515459.3771303 [logical-1] [INFO] [1774515459.376762040] [Ground]: 识别到QR码: 19
1774515459.4726198 [logical-1] [INFO] [1774515459.472236891] [Ground]: 识别到QR码: 2
1774515459.4735804 [logical-1] [INFO] [1774515459.473380435] [Ground]: 识别到QR码: 23
1774515459.4753168 [logical-1] [INFO] [1774515459.474868688] [Ground]: 识别到QR码: 19
1774515459.5384734 [logical-1] [INFO] [1774515459.538174892] [Ground]: 识别到QR码: 19
1774515459.5397253 [logical-1] [INFO] [1774515459.539457751] [Ground]: 识别到QR码: 23
1774515459.6048439 [logical-1] [INFO] [1774515459.604263214] [Ground]: 识别到QR码: 2
1774515482.8264875 [logical-1] [INFO] [1774515482.826176083] [Ground]: takeoff 发送成功 → 飞行站已调用：takeoff服务
1774515482.8492086 [logical-1] [INFO] [1774515482.848786263] [Ground]: MCU2 send back: Takeoffok
1774515488.2251897 [logical-1] [INFO] [1774515488.224473750] [Ground]: takeoff 发送成功 → 飞行站已调用：takeoff服务
1774515488.2446413 [logical-1] [INFO] [1774515488.244242784] [Ground]: MCU2 send back: Takeoffok
1774515489.8647761 [logical-1] [INFO] [1774515489.864510958] [Ground]: land 发送成功 → 飞行站已调用：land服务
1774515489.8849714 [logical-1] [INFO] [1774515489.884625891] [Ground]: MCU2 send back: Landok
1774515490.3145318 [logical-1] [INFO] [1774515490.314229472] [Ground]: land 发送成功 → 飞行站已调用：land服务
1774515490.3379436 [logical-1] [INFO] [1774515490.337532714] [Ground]: MCU2 send back: Landok
1774515490.5048509 [logical-1] [INFO] [1774515490.504550510] [Ground]: land 发送成功 → 飞行站已调用：land服务
1774515490.5262539 [logical-1] [INFO] [1774515490.525830489] [Ground]: MCU2 send back: Landok
1774515490.6989241 [logical-1] [INFO] [1774515490.698628903] [Ground]: land 发送成功 → 飞行站已调用：land服务
1774515490.7172177 [logical-1] [INFO] [1774515490.716896599] [Ground]: MCU2 send back: Landok
1774515490.8609796 [logical-1] [INFO] [1774515490.860489454] [Ground]: land 发送成功 → 飞行站已调用：land服务
1774515490.8804460 [logical-1] [INFO] [1774515490.880121623] [Ground]: MCU2 send back: Landok
1774515491.2103074 [logical-1] [INFO] [1774515491.209989092] [Ground]: land 发送成功 → 飞行站已调用：land服务
1774515491.2331200 [logical-1] [INFO] [1774515491.232867864] [Ground]: MCU2 send back: Landok
1774515491.3845396 [logical-1] [INFO] [1774515491.384171659] [Ground]: land 发送成功 → 飞行站已调用：land服务
1774515491.4057508 [logical-1] [INFO] [1774515491.405390814] [Ground]: MCU2 send back: Landok
1774515491.5693212 [logical-1] [INFO] [1774515491.568970691] [Ground]: land 发送成功 → 飞行站已调用：land服务
1774515491.5894110 [logical-1] [INFO] [1774515491.588914574] [Ground]: MCU2 send back: Landok
1774515491.7587547 [logical-1] [INFO] [1774515491.758437367] [Ground]: land 发送成功 → 飞行站已调用：land服务
1774515491.7823472 [logical-1] [INFO] [1774515491.782054279] [Ground]: MCU2 send back: Landok
1774515590.3733735 [logical-1] Exception in thread Thread-1:
1774515590.3736217 [logical-1] Traceback (most recent call last):
1774515590.3737068 [logical-1]   File "/usr/lib/python3.8/threading.py", line 932, in _bootstrap_inner
1774515590.4963200 [INFO] [logical-1]: process has finished cleanly [pid 5930]
