1773477168.5355809 [INFO] [launch]: All log files can be found below /home/focal/Desktop/2024_GroundStation/run_log/2026-03-14-01-32-48-531978-ubuntu-13486
1773477168.5359929 [INFO] [launch]: Default logging verbosity is set to INFO
1773477168.5972109 [INFO] [logical-1]: process started with pid [13496]
1773477169.5108507 [logical-1] [INFO] [1773477169.507732259] [Ground]: ros2 node launch success:Ground!
1773477213.4312997 [logical-1] [INFO] [1773477213.430965360] [Ground]: takeoff 发送成功 → 飞行站已调用：takeoff服务
1773477221.5063174 [logical-1] [INFO] [1773477221.505857352] [Ground]: 识别到QR码: 小铲子
1773477221.7883446 [logical-1] [INFO] [1773477221.787992243] [Ground]: 识别到QR码: 葵花种子
1773477222.1010830 [logical-1] [INFO] [1773477222.100670594] [Ground]: 识别到QR码: 小铲子
1773477222.1360648 [logical-1] [INFO] [1773477222.135697444] [Ground]: 识别到QR码: 小铲子
1773477222.2362761 [logical-1] [INFO] [1773477222.235938436] [Ground]: 识别到QR码: 小铲子
1773477222.3835137 [logical-1] [INFO] [1773477222.382858160] [Ground]: 识别到QR码: 小铲子
1773477222.5092378 [logical-1] [INFO] [1773477222.508808338] [Ground]: 识别到QR码: 葵花种子
1773477222.5221524 [logical-1] [INFO] [1773477222.521755868] [Ground]: 识别到QR码: 小铲子
1773477222.5414622 [logical-1] [INFO] [1773477222.540946316] [Ground]: 识别到QR码: 小铲子
1773477222.5449648 [logical-1] [INFO] [1773477222.543094353] [Ground]: 识别到QR码: 葵花种子
1773477222.5714505 [logical-1] [INFO] [1773477222.571024731] [Ground]: 识别到QR码: 小铲子
1773477222.5729065 [logical-1] [INFO] [1773477222.572672907] [Ground]: 识别到QR码: 葵花种子
1773477222.7227159 [logical-1] [INFO] [1773477222.706962114] [Ground]: 识别到QR码: 小铲子
1773477223.1148324 [logical-1] [INFO] [1773477223.113975432] [Ground]: 识别到QR码: 小铲子
1773477223.5091426 [logical-1] [INFO] [1773477223.508617313] [Ground]: 识别到QR码: 小铲子
1773477223.6230068 [logical-1] [INFO] [1773477223.622686316] [Ground]: 识别到QR码: 葵花种子
1773477223.6991773 [logical-1] [INFO] [1773477223.698774308] [Ground]: 识别到QR码: 小铲子
1773477223.7388282 [logical-1] [INFO] [1773477223.738175866] [Ground]: 识别到QR码: 葵花种子
1773477223.7405131 [logical-1] [INFO] [1773477223.740202617] [Ground]: 识别到QR码: 小铲子
1773477224.1168509 [logical-1] [INFO] [1773477224.116462875] [Ground]: 识别到QR码: 小铲子
1773477224.1178191 [logical-1] [INFO] [1773477224.117611189] [Ground]: 识别到QR码: 葵花种子
1773477224.4622443 [logical-1] [INFO] [1773477224.461919622] [Ground]: 识别到QR码: 小铲子
1773477224.4784923 [logical-1] [INFO] [1773477224.478084159] [Ground]: 识别到QR码: 葵花种子
1773477224.5844836 [logical-1] [INFO] [1773477224.584055896] [Ground]: 识别到QR码: 葵花种子
1773477224.7550464 [logical-1] [INFO] [1773477224.754745110] [Ground]: 识别到QR码: 葵花种子
1773477224.7559111 [logical-1] [INFO] [1773477224.755636455] [Ground]: 识别到QR码: 小铲子
1773477224.8403764 [logical-1] [INFO] [1773477224.839650067] [Ground]: 识别到QR码: 葵花种子
1773477225.3552454 [logical-1] [INFO] [1773477225.354839273] [Ground]: 识别到QR码: 小铲子
1773477225.4049273 [logical-1] [INFO] [1773477225.404518763] [Ground]: 识别到QR码: 小铲子
1773477225.5952132 [logical-1] [INFO] [1773477225.594889621] [Ground]: 识别到QR码: 小铲子
1773477225.5961611 [logical-1] [INFO] [1773477225.595922301] [Ground]: 识别到QR码: 葵花种子
1773477225.7348635 [logical-1] [INFO] [1773477225.734106873] [Ground]: 识别到QR码: 葵花种子
1773477225.7359047 [logical-1] [INFO] [1773477225.735717868] [Ground]: 识别到QR码: 小铲子
1773477225.8626938 [logical-1] [INFO] [1773477225.862256449] [Ground]: 识别到QR码: 小铲子
1773477225.8674636 [logical-1] [INFO] [1773477225.867133689] [Ground]: 识别到QR码: 葵花种子
1773477225.9040182 [logical-1] [INFO] [1773477225.903609212] [Ground]: 识别到QR码: 小铲子
1773477226.0383017 [logical-1] [INFO] [1773477226.037753238] [Ground]: 识别到QR码: 小铲子
1773477226.1743181 [logical-1] [INFO] [1773477226.174022193] [Ground]: 识别到QR码: 小铲子
1773477226.1769841 [logical-1] [INFO] [1773477226.176752654] [Ground]: 识别到QR码: 葵花种子
1773477226.1967671 [logical-1] [INFO] [1773477226.196465656] [Ground]: 识别到QR码: 葵花种子
1773477226.3322361 [logical-1] [INFO] [1773477226.331876291] [Ground]: 识别到QR码: 小铲子
1773477226.4703109 [logical-1] [INFO] [1773477226.469973419] [Ground]: 识别到QR码: 小铲子
1773477226.4712451 [logical-1] [INFO] [1773477226.471009314] [Ground]: 识别到QR码: 葵花种子
1773477226.5652387 [logical-1] [INFO] [1773477226.564858203] [Ground]: 识别到QR码: 小铲子
1773477226.6468334 [logical-1] [INFO] [1773477226.646421738] [Ground]: 识别到QR码: 小铲子
1773477226.8393667 [logical-1] [INFO] [1773477226.838882734] [Ground]: 识别到QR码: 太阳花种子
1773477226.8667314 [logical-1] [INFO] [1773477226.865868374] [Ground]: 识别到QR码: 小铲子
1773477226.9981697 [logical-1] [INFO] [1773477226.997623952] [Ground]: 识别到QR码: 小铲子
1773477227.0000751 [logical-1] [INFO] [1773477226.999794055] [Ground]: 识别到QR码: 小铲子
1773477227.0029726 [logical-1] [INFO] [1773477227.002643063] [Ground]: 识别到QR码: 葵花种子
1773477227.0701425 [logical-1] [INFO] [1773477227.069755513] [Ground]: 识别到QR码: 葵花种子
1773477227.0710609 [logical-1] [INFO] [1773477227.070816017] [Ground]: 识别到QR码: 小铲子
1773477227.1478493 [logical-1] [INFO] [1773477227.147538838] [Ground]: 识别到QR码: 小铲子
1773477227.1496720 [logical-1] [INFO] [1773477227.149413737] [Ground]: 识别到QR码: 葵花种子
1773477227.1510930 [logical-1] [INFO] [1773477227.150883448] [Ground]: 识别到QR码: 小铲子
1773477227.2370002 [logical-1] [INFO] [1773477227.236579847] [Ground]: 识别到QR码: 小铲子
1773477227.2389278 [logical-1] [INFO] [1773477227.238636223] [Ground]: 识别到QR码: 葵花种子
1773477227.2750032 [logical-1] [INFO] [1773477227.274608822] [Ground]: 识别到QR码: 小铲子
1773477227.2762003 [logical-1] [INFO] [1773477227.275923885] [Ground]: 识别到QR码: 葵花种子
1773477227.3443518 [logical-1] [INFO] [1773477227.344048630] [Ground]: 识别到QR码: 葵花种子
1773477227.3727307 [logical-1] [INFO] [1773477227.372382553] [Ground]: 识别到QR码: 葵花种子
1773477227.4838743 [logical-1] [INFO] [1773477227.483497537] [Ground]: 识别到QR码: 小铲子
1773477227.4857750 [logical-1] [INFO] [1773477227.485427849] [Ground]: 识别到QR码: 葵花种子
1773477227.5092182 [logical-1] [INFO] [1773477227.508828761] [Ground]: 识别到QR码: 小铲子
1773477227.5145986 [logical-1] [INFO] [1773477227.513707033] [Ground]: 识别到QR码: 葵花种子
1773477227.6185765 [logical-1] [INFO] [1773477227.617797673] [Ground]: 识别到QR码: 太阳花种子
1773477227.6204770 [logical-1] [INFO] [1773477227.620074229] [Ground]: 识别到QR码: 小铲子
1773477227.6221302 [logical-1] [INFO] [1773477227.621796621] [Ground]: 识别到QR码: 葵花种子
1773477227.7123148 [logical-1] [INFO] [1773477227.712006477] [Ground]: 识别到QR码: 小铲子
1773477227.7284994 [logical-1] [INFO] [1773477227.727982624] [Ground]: 识别到QR码: 葵花种子
1773477227.7474763 [logical-1] [INFO] [1773477227.747029316] [Ground]: 识别到QR码: 小铲子
1773477227.7500744 [logical-1] [INFO] [1773477227.749791798] [Ground]: 识别到QR码: 葵花种子
1773477227.7726085 [logical-1] [INFO] [1773477227.772129528] [Ground]: 识别到QR码: 太阳花种子
1773477227.8400946 [logical-1] [INFO] [1773477227.839528764] [Ground]: 识别到QR码: 太阳花种子
1773477227.8671682 [logical-1] [INFO] [1773477227.866837114] [Ground]: 识别到QR码: 太阳花种子
1773477227.8749862 [logical-1] [INFO] [1773477227.874696889] [Ground]: 识别到QR码: 小铲子
1773477227.8758917 [logical-1] [INFO] [1773477227.875696078] [Ground]: 识别到QR码: 葵花种子
1773477227.9416642 [logical-1] [INFO] [1773477227.941263062] [Ground]: 识别到QR码: 葵花种子
1773477227.9768593 [logical-1] [INFO] [1773477227.976383521] [Ground]: 识别到QR码: 小铲子
1773477228.0643420 [logical-1] [INFO] [1773477228.063917199] [Ground]: 识别到QR码: 小铲子
1773477228.0801411 [logical-1] [INFO] [1773477228.078710069] [Ground]: 识别到QR码: 葵花种子
1773477228.1131320 [logical-1] [INFO] [1773477228.112828597] [Ground]: 识别到QR码: 小铲子
1773477228.1140985 [logical-1] [INFO] [1773477228.113895451] [Ground]: 识别到QR码: 小铲子
1773477228.1798398 [logical-1] [INFO] [1773477228.179453330] [Ground]: 识别到QR码: 葵花种子
1773477228.1830568 [logical-1] [INFO] [1773477228.182585260] [Ground]: 识别到QR码: 小铲子
1773477228.2223058 [logical-1] [INFO] [1773477228.221922080] [Ground]: 识别到QR码: 小铲子
1773477228.3014567 [logical-1] [INFO] [1773477228.301117739] [Ground]: 识别到QR码: 葵花种子
1773477228.3289704 [logical-1] [INFO] [1773477228.328515754] [Ground]: 识别到QR码: 葵花种子
1773477228.3308234 [logical-1] [INFO] [1773477228.329966722] [Ground]: 识别到QR码: 小铲子
1773477228.3420842 [logical-1] [INFO] [1773477228.341462941] [Ground]: 识别到QR码: 小铲子
1773477228.3452542 [logical-1] [INFO] [1773477228.344922336] [Ground]: 识别到QR码: 葵花种子
1773477228.3771176 [logical-1] [INFO] [1773477228.376756984] [Ground]: 识别到QR码: 小铲子
1773477228.3788607 [logical-1] [INFO] [1773477228.378550638] [Ground]: 识别到QR码: 葵花种子
1773477228.4145060 [logical-1] [INFO] [1773477228.414143676] [Ground]: 识别到QR码: 葵花种子
1773477228.4160841 [logical-1] [INFO] [1773477228.415765218] [Ground]: 识别到QR码: 小铲子
1773477228.4441252 [logical-1] [INFO] [1773477228.443692573] [Ground]: 识别到QR码: 葵花种子
1773477228.5337317 [logical-1] [INFO] [1773477228.533381367] [Ground]: 识别到QR码: 小铲子
1773477228.5608778 [logical-1] [INFO] [1773477228.560527298] [Ground]: 识别到QR码: 葵花种子
1773477228.6992781 [logical-1] [INFO] [1773477228.698858202] [Ground]: 识别到QR码: 小铲子
1773477228.7016835 [logical-1] [INFO] [1773477228.701324034] [Ground]: 识别到QR码: 葵花种子
1773477228.7034600 [logical-1] [INFO] [1773477228.703014731] [Ground]: 识别到QR码: 小铲子
1773477228.7054591 [logical-1] [INFO] [1773477228.704915781] [Ground]: 识别到QR码: 小铲子
1773477228.8169878 [logical-1] [INFO] [1773477228.816452471] [Ground]: 识别到QR码: 小铲子
1773477228.9374466 [logical-1] [INFO] [1773477228.937165930] [Ground]: 识别到QR码: 葵花种子
1773477228.9424286 [logical-1] [INFO] [1773477228.941096003] [Ground]: 识别到QR码: 小铲子
1773477228.9494588 [logical-1] [INFO] [1773477228.949082137] [Ground]: 识别到QR码: 小铲子
1773477228.9510255 [logical-1] [INFO] [1773477228.950797736] [Ground]: 识别到QR码: 葵花种子
1773477228.9790561 [logical-1] [INFO] [1773477228.978610448] [Ground]: 识别到QR码: 小铲子
1773477229.0177960 [logical-1] [INFO] [1773477229.017376796] [Ground]: 识别到QR码: 小铲子
1773477229.1129377 [logical-1] [INFO] [1773477229.112009757] [Ground]: 识别到QR码: 小铲子
1773477229.1913598 [logical-1] [INFO] [1773477229.190737264] [Ground]: 识别到QR码: 小铲子
1773477229.2917447 [logical-1] [INFO] [1773477229.290637774] [Ground]: 识别到QR码: 小铲子
1773477229.2956996 [logical-1] [INFO] [1773477229.295302416] [Ground]: 识别到QR码: 葵花种子
1773477229.2969484 [logical-1] [INFO] [1773477229.296813623] [Ground]: 识别到QR码: 小铲子
1773477229.3179877 [logical-1] [INFO] [1773477229.315701162] [Ground]: 识别到QR码: 小铲子
1773477229.3237898 [logical-1] [INFO] [1773477229.323280767] [Ground]: 识别到QR码: 葵花种子
1773477229.4045403 [logical-1] [INFO] [1773477229.404061674] [Ground]: 识别到QR码: 葵花种子
1773477229.4398966 [logical-1] [INFO] [1773477229.439406480] [Ground]: 识别到QR码: 小铲子
1773477229.4426894 [logical-1] [INFO] [1773477229.442391178] [Ground]: 识别到QR码: 葵花种子
1773477229.4474292 [logical-1] [INFO] [1773477229.446969186] [Ground]: 识别到QR码: 小铲子
1773477229.4520433 [logical-1] [INFO] [1773477229.451619445] [Ground]: 识别到QR码: 小铲子
1773477229.4565320 [logical-1] [INFO] [1773477229.453728259] [Ground]: 识别到QR码: 葵花种子
1773477229.4801471 [logical-1] [INFO] [1773477229.479808978] [Ground]: 识别到QR码: 葵花种子
1773477229.4820800 [logical-1] [INFO] [1773477229.481275699] [Ground]: 识别到QR码: 小铲子
1773477229.5340772 [logical-1] [INFO] [1773477229.533569447] [Ground]: 识别到QR码: 葵花种子
1773477229.5358231 [logical-1] [INFO] [1773477229.535238289] [Ground]: 识别到QR码: 小铲子
1773477229.5675945 [logical-1] [INFO] [1773477229.566833114] [Ground]: 识别到QR码: 葵花种子
1773477229.5712762 [logical-1] [INFO] [1773477229.570747196] [Ground]: 识别到QR码: 小铲子
1773477229.6498690 [logical-1] [INFO] [1773477229.649315852] [Ground]: 识别到QR码: 小铲子
1773477229.6747494 [logical-1] [INFO] [1773477229.674256438] [Ground]: 识别到QR码: 葵花种子
1773477229.7121236 [logical-1] [INFO] [1773477229.711780506] [Ground]: 识别到QR码: 小铲子
1773477229.7160659 [logical-1] [INFO] [1773477229.715662840] [Ground]: 识别到QR码: 葵花种子
1773477229.7167478 [logical-1] [INFO] [1773477229.716637593] [Ground]: 识别到QR码: 小铲子
1773477229.7181742 [logical-1] [INFO] [1773477229.717877858] [Ground]: 识别到QR码: 葵花种子
1773477229.7210195 [logical-1] [INFO] [1773477229.719707372] [Ground]: 识别到QR码: 小铲子
1773477229.7305536 [logical-1] [INFO] [1773477229.728707940] [Ground]: 识别到QR码: 小铲子
1773477229.7867057 [logical-1] [INFO] [1773477229.786184579] [Ground]: 识别到QR码: 小铲子
1773477229.7877049 [logical-1] [INFO] [1773477229.787280440] [Ground]: 识别到QR码: 葵花种子
1773477229.8523676 [logical-1] [INFO] [1773477229.851389527] [Ground]: 识别到QR码: 小铲子
1773477229.8556163 [logical-1] [INFO] [1773477229.855272834] [Ground]: 识别到QR码: 葵花种子
1773477229.8802447 [logical-1] [INFO] [1773477229.879547495] [Ground]: 识别到QR码: 小铲子
1773477229.8825576 [logical-1] [INFO] [1773477229.882153585] [Ground]: 识别到QR码: 葵花种子
1773477229.9010692 [logical-1] [INFO] [1773477229.900661542] [Ground]: 识别到QR码: 小铲子
1773477229.9182048 [logical-1] [INFO] [1773477229.917707256] [Ground]: 识别到QR码: 葵花种子
1773477229.9208171 [logical-1] [INFO] [1773477229.919636705] [Ground]: 识别到QR码: 小铲子
1773477229.9238551 [logical-1] [INFO] [1773477229.923346879] [Ground]: 识别到QR码: 葵花种子
1773477229.9670408 [logical-1] [INFO] [1773477229.966635531] [Ground]: 识别到QR码: 小铲子
1773477229.9693260 [logical-1] [INFO] [1773477229.968998051] [Ground]: 识别到QR码: 葵花种子
1773477229.9878514 [logical-1] [INFO] [1773477229.987420869] [Ground]: 识别到QR码: 小铲子
1773477229.9889221 [logical-1] [INFO] [1773477229.988619413] [Ground]: 识别到QR码: 葵花种子
1773477230.0315161 [logical-1] [INFO] [1773477230.031201138] [Ground]: 识别到QR码: 小铲子
1773477230.1137340 [logical-1] [INFO] [1773477230.113314356] [Ground]: 识别到QR码: 小铲子
1773477230.1448243 [logical-1] [INFO] [1773477230.144480070] [Ground]: 识别到QR码: 小铲子
1773477230.1500254 [logical-1] [INFO] [1773477230.149587625] [Ground]: 识别到QR码: 葵花种子
1773477230.1536529 [logical-1] [INFO] [1773477230.153328819] [Ground]: 识别到QR码: 小铲子
1773477230.1932588 [logical-1] [INFO] [1773477230.192923219] [Ground]: 识别到QR码: 小铲子
1773477230.2508938 [logical-1] [INFO] [1773477230.250392670] [Ground]: 识别到QR码: 小铲子
1773477230.2516854 [logical-1] [INFO] [1773477230.251499946] [Ground]: 识别到QR码: 葵花种子
1773477230.3153770 [logical-1] [INFO] [1773477230.314979304] [Ground]: 识别到QR码: 小铲子
1773477230.3221252 [logical-1] [INFO] [1773477230.321659268] [Ground]: 识别到QR码: 葵花种子
1773477230.3303242 [logical-1] [INFO] [1773477230.328132339] [Ground]: 识别到QR码: 小铲子
1773477230.3315516 [logical-1] [INFO] [1773477230.331185433] [Ground]: 识别到QR码: 葵花种子
1773477230.3343549 [logical-1] [INFO] [1773477230.332943299] [Ground]: 识别到QR码: 小铲子
1773477230.3361063 [logical-1] [INFO] [1773477230.335841593] [Ground]: 识别到QR码: 葵花种子
1773477230.3544972 [logical-1] [INFO] [1773477230.353895715] [Ground]: 识别到QR码: 葵花种子
1773477230.3561504 [logical-1] [INFO] [1773477230.355877129] [Ground]: 识别到QR码: 小铲子
1773477230.3951166 [logical-1] [INFO] [1773477230.394654323] [Ground]: 识别到QR码: 葵花种子
1773477230.3971722 [logical-1] [INFO] [1773477230.395697919] [Ground]: 识别到QR码: 小铲子
1773477230.4241233 [logical-1] [INFO] [1773477230.423769175] [Ground]: 识别到QR码: 葵花种子
1773477230.4257214 [logical-1] [INFO] [1773477230.425287540] [Ground]: 识别到QR码: 小铲子
1773477230.4809690 [logical-1] [INFO] [1773477230.480627565] [Ground]: 识别到QR码: 葵花种子
1773477230.5243816 [logical-1] [INFO] [1773477230.523880478] [Ground]: 识别到QR码: 小铲子
1773477230.5687170 [logical-1] [INFO] [1773477230.568028206] [Ground]: 识别到QR码: 葵花种子
1773477230.5724909 [logical-1] [INFO] [1773477230.572046344] [Ground]: 识别到QR码: 小铲子
1773477230.5733602 [logical-1] [INFO] [1773477230.573244644] [Ground]: 识别到QR码: 小铲子
1773477230.5743475 [logical-1] [INFO] [1773477230.574254597] [Ground]: 识别到QR码: 葵花种子
1773477230.5757382 [logical-1] [INFO] [1773477230.575390942] [Ground]: 识别到QR码: 小铲子
1773477230.6232064 [logical-1] [INFO] [1773477230.622871228] [Ground]: 识别到QR码: 小铲子
1773477230.6347899 [logical-1] [INFO] [1773477230.634315933] [Ground]: 识别到QR码: 小铲子
1773477230.7360127 [logical-1] [INFO] [1773477230.734943850] [Ground]: 识别到QR码: 小铲子
1773477230.7390676 [logical-1] [INFO] [1773477230.736994579] [Ground]: 识别到QR码: 葵花种子
1773477230.7394452 [logical-1] [INFO] [1773477230.738892215] [Ground]: 识别到QR码: 小铲子
1773477230.7415216 [logical-1] [INFO] [1773477230.741312022] [Ground]: 识别到QR码: 葵花种子
1773477230.7428603 [logical-1] [INFO] [1773477230.742706505] [Ground]: 识别到QR码: 葵花种子
1773477230.7495735 [logical-1] [INFO] [1773477230.747504832] [Ground]: 识别到QR码: 小铲子
1773477230.7564325 [logical-1] [INFO] [1773477230.756068542] [Ground]: 识别到QR码: 小铲子
1773477230.7580862 [logical-1] [INFO] [1773477230.757778048] [Ground]: 识别到QR码: 葵花种子
1773477230.7964151 [logical-1] [INFO] [1773477230.796009753] [Ground]: 识别到QR码: 小铲子
1773477230.7979212 [logical-1] [INFO] [1773477230.797701293] [Ground]: 识别到QR码: 葵花种子
1773477230.8288476 [logical-1] [INFO] [1773477230.828356999] [Ground]: 识别到QR码: 小铲子
1773477230.8298364 [logical-1] [INFO] [1773477230.829610002] [Ground]: 识别到QR码: 葵花种子
1773477230.9106750 [logical-1] [INFO] [1773477230.910171614] [Ground]: 识别到QR码: 葵花种子
1773477230.9468689 [logical-1] [INFO] [1773477230.946347235] [Ground]: 识别到QR码: 小铲子
1773477230.9516420 [logical-1] [INFO] [1773477230.951314083] [Ground]: 识别到QR码: 葵花种子
1773477230.9533029 [logical-1] [INFO] [1773477230.952261997] [Ground]: 识别到QR码: 小铲子
1773477230.9549298 [logical-1] [INFO] [1773477230.953288131] [Ground]: 识别到QR码: 小铲子
1773477230.9550471 [logical-1] [INFO] [1773477230.954489731] [Ground]: 识别到QR码: 葵花种子
1773477230.9956748 [logical-1] [INFO] [1773477230.995307185] [Ground]: 识别到QR码: 葵花种子
1773477230.9975481 [logical-1] [INFO] [1773477230.997129249] [Ground]: 识别到QR码: 小铲子
1773477231.0943747 [logical-1] [INFO] [1773477231.093973563] [Ground]: 识别到QR码: 小铲子
1773477231.0968380 [logical-1] [INFO] [1773477231.096338720] [Ground]: 识别到QR码: 葵花种子
1773477231.0981526 [logical-1] [INFO] [1773477231.097932165] [Ground]: 识别到QR码: 葵花种子
1773477231.1000745 [logical-1] [INFO] [1773477231.099864704] [Ground]: 识别到QR码: 小铲子
1773477231.1098063 [logical-1] [INFO] [1773477231.108726433] [Ground]: 识别到QR码: 葵花种子
1773477231.1391289 [logical-1] [INFO] [1773477231.138725582] [Ground]: 识别到QR码: 葵花种子
1773477231.1448812 [logical-1] [INFO] [1773477231.144482300] [Ground]: 识别到QR码: 小铲子
1773477231.1666744 [logical-1] [INFO] [1773477231.165988737] [Ground]: 识别到QR码: 葵花种子
1773477231.1682322 [logical-1] [INFO] [1773477231.167909767] [Ground]: 识别到QR码: 小铲子
1773477231.1972613 [logical-1] [INFO] [1773477231.196877390] [Ground]: 识别到QR码: 小铲子
1773477231.2020252 [logical-1] [INFO] [1773477231.201697727] [Ground]: 识别到QR码: 葵花种子
1773477231.3051009 [logical-1] [INFO] [1773477231.304409211] [Ground]: 识别到QR码: 葵花种子
1773477231.3413894 [logical-1] [INFO] [1773477231.340992036] [Ground]: 识别到QR码: 葵花种子
1773477231.3677020 [logical-1] [INFO] [1773477231.367274290] [Ground]: 识别到QR码: 葵花种子
1773477231.4978087 [logical-1] [INFO] [1773477231.497389669] [Ground]: 识别到QR码: 葵花种子
1773477231.6217837 [logical-1] [INFO] [1773477231.621414938] [Ground]: 识别到QR码: 葵花种子
1773477231.7184153 [logical-1] [INFO] [1773477231.717984888] [Ground]: 识别到QR码: 葵花种子
1773477231.7360911 [logical-1] [INFO] [1773477231.735565612] [Ground]: 识别到QR码: 葵花种子
1773477231.9338217 [logical-1] [INFO] [1773477231.933516347] [Ground]: 识别到QR码: 葵花种子
1773477232.0694077 [logical-1] [INFO] [1773477232.068994904] [Ground]: 识别到QR码: 葵花种子
1773477232.3037860 [logical-1] [INFO] [1773477232.303299770] [Ground]: 识别到QR码: 葵花种子
1773477232.4458492 [logical-1] [INFO] [1773477232.445469176] [Ground]: 识别到QR码: 葵花种子
1773477232.4737625 [logical-1] [INFO] [1773477232.473381505] [Ground]: 识别到QR码: 葵花种子
1773477232.5716774 [logical-1] [INFO] [1773477232.571103835] [Ground]: 识别到QR码: 葵花种子
1773477232.6059439 [logical-1] [INFO] [1773477232.605546882] [Ground]: 识别到QR码: 葵花种子
1773477232.6495833 [logical-1] [INFO] [1773477232.649071821] [Ground]: 识别到QR码: 葵花种子
1773477232.7888134 [logical-1] [INFO] [1773477232.788518162] [Ground]: 识别到QR码: 葵花种子
1773477232.8076344 [logical-1] [INFO] [1773477232.804921518] [Ground]: 识别到QR码: 葵花种子
1773477232.9223127 [logical-1] [INFO] [1773477232.920393201] [Ground]: 识别到QR码: 葵花种子
1773477232.9864933 [logical-1] [INFO] [1773477232.986038284] [Ground]: 识别到QR码: 葵花种子
1773477233.0156152 [logical-1] [INFO] [1773477233.015205907] [Ground]: 识别到QR码: 葵花种子
1773477233.0523572 [logical-1] [INFO] [1773477233.052013566] [Ground]: 识别到QR码: 葵花种子
1773477233.1618111 [logical-1] [INFO] [1773477233.161372911] [Ground]: 识别到QR码: 葵花种子
1773477233.2179186 [logical-1] [INFO] [1773477233.217588387] [Ground]: 识别到QR码: 葵花种子
1773477233.2737501 [logical-1] [INFO] [1773477233.272741607] [Ground]: 识别到QR码: 葵花种子
1773477233.2949293 [logical-1] [INFO] [1773477233.294298863] [Ground]: 识别到QR码: 葵花种子
1773477233.3374164 [logical-1] [INFO] [1773477233.337091623] [Ground]: 识别到QR码: 葵花种子
1773477233.4175663 [logical-1] [INFO] [1773477233.417172761] [Ground]: 识别到QR码: 葵花种子
1773477233.5477788 [logical-1] [INFO] [1773477233.547331955] [Ground]: 识别到QR码: 葵花种子
1773477237.4417162 [logical-1] [INFO] [1773477237.441291900] [Ground]: 识别到QR码: 太阳花种子
1773477237.5404322 [logical-1] [INFO] [1773477237.540129829] [Ground]: 识别到QR码: 太阳花种子
1773477237.6310811 [logical-1] [INFO] [1773477237.630791473] [Ground]: 识别到QR码: 太阳花种子
1773477237.6529536 [logical-1] [INFO] [1773477237.652657775] [Ground]: 识别到QR码: 太阳花种子
1773477237.7300634 [logical-1] [INFO] [1773477237.729752987] [Ground]: 识别到QR码: 太阳花种子
1773477237.8568754 [logical-1] [INFO] [1773477237.856504971] [Ground]: 识别到QR码: 太阳花种子
1773477237.8781686 [logical-1] [INFO] [1773477237.877834442] [Ground]: 识别到QR码: 太阳花种子
1773477238.0525813 [logical-1] [INFO] [1773477238.052149467] [Ground]: 识别到QR码: 太阳花种子
1773477238.0743937 [logical-1] [INFO] [1773477238.074076747] [Ground]: 识别到QR码: 太阳花种子
1773477238.1065137 [logical-1] [INFO] [1773477238.106109813] [Ground]: 识别到QR码: 太阳花种子
1773477238.1577280 [logical-1] [INFO] [1773477238.157320527] [Ground]: 识别到QR码: 太阳花种子
1773477238.2612677 [logical-1] [INFO] [1773477238.260659272] [Ground]: 识别到QR码: 太阳花种子
1773477238.3244157 [logical-1] [INFO] [1773477238.324061983] [Ground]: 识别到QR码: 太阳花种子
1773477238.3273637 [logical-1] [INFO] [1773477238.326976973] [Ground]: 识别到QR码: 太阳花种子
1773477238.3459113 [logical-1] [INFO] [1773477238.345453085] [Ground]: 识别到QR码: 太阳花种子
1773477238.3938570 [logical-1] [INFO] [1773477238.393385282] [Ground]: 识别到QR码: 太阳花种子
1773477238.4688902 [logical-1] [INFO] [1773477238.468396536] [Ground]: 识别到QR码: 太阳花种子
1773477238.4717999 [logical-1] [INFO] [1773477238.471228790] [Ground]: 识别到QR码: 太阳花种子
1773477238.4796431 [logical-1] [INFO] [1773477238.479217065] [Ground]: 识别到QR码: 太阳花种子
1773477238.5075834 [logical-1] [INFO] [1773477238.507125073] [Ground]: 识别到QR码: 太阳花种子
1773477238.5452998 [logical-1] [INFO] [1773477238.544843760] [Ground]: 识别到QR码: 太阳花种子
1773477238.5814898 [logical-1] [INFO] [1773477238.581121082] [Ground]: 识别到QR码: 太阳花种子
1773477238.6599915 [logical-1] [INFO] [1773477238.659597629] [Ground]: 识别到QR码: 太阳花种子
1773477238.6625679 [logical-1] [INFO] [1773477238.662314148] [Ground]: 识别到QR码: 太阳花种子
1773477238.7213516 [logical-1] [INFO] [1773477238.721037429] [Ground]: 识别到QR码: 太阳花种子
1773477238.7232225 [logical-1] [INFO] [1773477238.722997114] [Ground]: 识别到QR码: 太阳花种子
1773477238.7748570 [logical-1] [INFO] [1773477238.774428129] [Ground]: 识别到QR码: 太阳花种子
1773477238.9005282 [logical-1] [INFO] [1773477238.900099476] [Ground]: 识别到QR码: 太阳花种子
1773477238.9064877 [logical-1] [INFO] [1773477238.905505812] [Ground]: 识别到QR码: 太阳花种子
1773477238.9078121 [logical-1] [INFO] [1773477238.907039901] [Ground]: 识别到QR码: 太阳花种子
1773477238.9159415 [logical-1] [INFO] [1773477238.915652616] [Ground]: 识别到QR码: 太阳花种子
1773477238.9453483 [logical-1] [INFO] [1773477238.944918835] [Ground]: 识别到QR码: 太阳花种子
1773477238.9876626 [logical-1] [INFO] [1773477238.987193986] [Ground]: 识别到QR码: 太阳花种子
1773477239.0990570 [logical-1] [INFO] [1773477239.098743521] [Ground]: 识别到QR码: 太阳花种子
1773477239.1005723 [logical-1] [INFO] [1773477239.100314198] [Ground]: 识别到QR码: 太阳花种子
1773477239.1195602 [logical-1] [INFO] [1773477239.119231479] [Ground]: 识别到QR码: 太阳花种子
1773477239.1442657 [logical-1] [INFO] [1773477239.143820137] [Ground]: 识别到QR码: 太阳花种子
1773477239.2057519 [logical-1] [INFO] [1773477239.203494126] [Ground]: 识别到QR码: 太阳花种子
1773477239.2237079 [logical-1] [INFO] [1773477239.223287542] [Ground]: 识别到QR码: 太阳花种子
1773477239.2675583 [logical-1] [INFO] [1773477239.267215867] [Ground]: 识别到QR码: 太阳花种子
1773477241.7375140 [logical-1] [INFO] [1773477241.737077300] [Ground]: 识别到QR码: 太阳花种子
1773477241.7958577 [logical-1] [INFO] [1773477241.795422803] [Ground]: 识别到QR码: 太阳花种子
1773477241.8261800 [logical-1] [INFO] [1773477241.825898608] [Ground]: 识别到QR码: 太阳花种子
1773477241.8345656 [logical-1] [INFO] [1773477241.834210861] [Ground]: 识别到QR码: 太阳花种子
1773477241.9376569 [logical-1] [INFO] [1773477241.937327807] [Ground]: 识别到QR码: 太阳花种子
1773477241.9387341 [logical-1] [INFO] [1773477241.938420591] [Ground]: 识别到QR码: 太阳花种子
1773477241.9413209 [logical-1] [INFO] [1773477241.939560342] [Ground]: 识别到QR码: 太阳花种子
1773477242.0339289 [logical-1] [INFO] [1773477242.033463827] [Ground]: 识别到QR码: 太阳花种子
1773477242.1219401 [logical-1] [INFO] [1773477242.121360816] [Ground]: 识别到QR码: 太阳花种子
1773477242.1236072 [logical-1] [INFO] [1773477242.123185502] [Ground]: 识别到QR码: 太阳花种子
1773477242.1468806 [logical-1] [INFO] [1773477242.133911792] [Ground]: 识别到QR码: 小铲子
1773477242.2028821 [logical-1] [INFO] [1773477242.202527800] [Ground]: 识别到QR码: 太阳花种子
1773477242.2392666 [logical-1] [INFO] [1773477242.238707076] [Ground]: 识别到QR码: 太阳花种子
1773477242.2404704 [logical-1] [INFO] [1773477242.240191634] [Ground]: 识别到QR码: 小铲子
1773477242.3748682 [logical-1] [INFO] [1773477242.373800904] [Ground]: 识别到QR码: 太阳花种子
1773477242.3777297 [logical-1] [INFO] [1773477242.377458865] [Ground]: 识别到QR码: 小铲子
1773477242.3858421 [logical-1] [INFO] [1773477242.385318126] [Ground]: 识别到QR码: 太阳花种子
1773477242.4077804 [logical-1] [INFO] [1773477242.407228397] [Ground]: 识别到QR码: 太阳花种子
1773477242.4114115 [logical-1] [INFO] [1773477242.410562905] [Ground]: 识别到QR码: 小铲子
1773477242.4129844 [logical-1] [INFO] [1773477242.412656114] [Ground]: 识别到QR码: 太阳花种子
1773477242.4139493 [logical-1] [INFO] [1773477242.413785494] [Ground]: 识别到QR码: 小铲子
1773477242.4702320 [logical-1] [INFO] [1773477242.469845814] [Ground]: 识别到QR码: 太阳花种子
1773477242.5252213 [logical-1] [INFO] [1773477242.524853230] [Ground]: 识别到QR码: 小铲子
1773477242.5598495 [logical-1] [INFO] [1773477242.559380007] [Ground]: 识别到QR码: 太阳花种子
1773477242.5820293 [logical-1] [INFO] [1773477242.581599457] [Ground]: 识别到QR码: 小铲子
1773477242.5845590 [logical-1] [INFO] [1773477242.584290819] [Ground]: 识别到QR码: 小铲子
1773477242.5876083 [logical-1] [INFO] [1773477242.587159079] [Ground]: 识别到QR码: 太阳花种子
1773477242.5883813 [logical-1] [INFO] [1773477242.588161002] [Ground]: 识别到QR码: 小铲子
1773477242.5894041 [logical-1] [INFO] [1773477242.589291488] [Ground]: 识别到QR码: 太阳花种子
1773477242.5906343 [logical-1] [INFO] [1773477242.590040868] [Ground]: 识别到QR码: 小铲子
1773477242.6247847 [logical-1] [INFO] [1773477242.624346940] [Ground]: 识别到QR码: 太阳花种子
1773477242.6267793 [logical-1] [INFO] [1773477242.626499240] [Ground]: 识别到QR码: 小铲子
1773477242.6866667 [logical-1] [INFO] [1773477242.686282546] [Ground]: 识别到QR码: 小铲子
1773477242.6887746 [logical-1] [INFO] [1773477242.688438530] [Ground]: 识别到QR码: 太阳花种子
1773477242.7571476 [logical-1] [INFO] [1773477242.756629880] [Ground]: 识别到QR码: 太阳花种子
1773477242.7599404 [logical-1] [INFO] [1773477242.759660012] [Ground]: 识别到QR码: 小铲子
1773477242.7612371 [logical-1] [INFO] [1773477242.760953311] [Ground]: 识别到QR码: 太阳花种子
1773477242.8089037 [logical-1] [INFO] [1773477242.808507685] [Ground]: 识别到QR码: 太阳花种子
1773477242.8234296 [logical-1] [INFO] [1773477242.823144521] [Ground]: 识别到QR码: 小铲子
1773477242.8261778 [logical-1] [INFO] [1773477242.825934329] [Ground]: 识别到QR码: 太阳花种子
1773477242.8603787 [logical-1] [INFO] [1773477242.860039727] [Ground]: 识别到QR码: 太阳花种子
1773477242.8821828 [logical-1] [INFO] [1773477242.881816483] [Ground]: 识别到QR码: 小铲子
1773477242.9510756 [logical-1] [INFO] [1773477242.950649018] [Ground]: 识别到QR码: 太阳花种子
1773477242.9750865 [logical-1] [INFO] [1773477242.974595766] [Ground]: 识别到QR码: 太阳花种子
1773477243.0096128 [logical-1] [INFO] [1773477243.009198159] [Ground]: 识别到QR码: 小铲子
1773477243.1003511 [logical-1] [INFO] [1773477243.099888836] [Ground]: 识别到QR码: 太阳花种子
1773477243.1567004 [logical-1] [INFO] [1773477243.156338726] [Ground]: 识别到QR码: 小铲子
1773477243.1586859 [logical-1] [INFO] [1773477243.158351780] [Ground]: 识别到QR码: 太阳花种子
1773477243.2754800 [logical-1] [INFO] [1773477243.275176631] [Ground]: 识别到QR码: 太阳花种子
1773477243.4177370 [logical-1] [INFO] [1773477243.417412035] [Ground]: 识别到QR码: 太阳花种子
1773477243.4391646 [logical-1] [INFO] [1773477243.438754592] [Ground]: 识别到QR码: 小铲子
1773477243.4583106 [logical-1] [INFO] [1773477243.457224774] [Ground]: 识别到QR码: 小铲子
1773477243.4931102 [logical-1] [INFO] [1773477243.492676620] [Ground]: 识别到QR码: 太阳花种子
1773477243.5400777 [logical-1] [INFO] [1773477243.539776256] [Ground]: 识别到QR码: 太阳花种子
1773477243.6070912 [logical-1] [INFO] [1773477243.605164594] [Ground]: 识别到QR码: 太阳花种子
1773477243.6092644 [logical-1] [INFO] [1773477243.608935400] [Ground]: 识别到QR码: 小铲子
1773477243.6126609 [logical-1] [INFO] [1773477243.612283110] [Ground]: 识别到QR码: 太阳花种子
1773477243.6488736 [logical-1] [INFO] [1773477243.648551394] [Ground]: 识别到QR码: 太阳花种子
1773477243.6856151 [logical-1] [INFO] [1773477243.685236390] [Ground]: 识别到QR码: 太阳花种子
1773477243.6874611 [logical-1] [INFO] [1773477243.687061022] [Ground]: 识别到QR码: 小铲子
1773477243.7200770 [logical-1] [INFO] [1773477243.719562863] [Ground]: 识别到QR码: 小铲子
1773477243.7227635 [logical-1] [INFO] [1773477243.721263485] [Ground]: 识别到QR码: 太阳花种子
1773477243.7513933 [logical-1] [INFO] [1773477243.751028128] [Ground]: 识别到QR码: 太阳花种子
1773477243.7553663 [logical-1] [INFO] [1773477243.754946992] [Ground]: 识别到QR码: 小铲子
1773477243.7776284 [logical-1] [INFO] [1773477243.777126798] [Ground]: 识别到QR码: 小铲子
1773477243.8215442 [logical-1] [INFO] [1773477243.821190569] [Ground]: 识别到QR码: 太阳花种子
1773477243.8481891 [logical-1] [INFO] [1773477243.847826787] [Ground]: 识别到QR码: 太阳花种子
1773477243.8497770 [logical-1] [INFO] [1773477243.849502079] [Ground]: 识别到QR码: 小铲子
1773477244.0239897 [logical-1] [INFO] [1773477244.023602827] [Ground]: 识别到QR码: 太阳花种子
1773477244.0251319 [logical-1] [INFO] [1773477244.024806478] [Ground]: 识别到QR码: 小铲子
1773477244.0259480 [logical-1] [INFO] [1773477244.025750625] [Ground]: 识别到QR码: 小铲子
1773477244.0267229 [logical-1] [INFO] [1773477244.026590302] [Ground]: 识别到QR码: 小铲子
1773477244.0390027 [logical-1] [INFO] [1773477244.038675333] [Ground]: 识别到QR码: 太阳花种子
1773477244.0426245 [logical-1] [INFO] [1773477244.042174809] [Ground]: 识别到QR码: 小铲子
1773477244.0441916 [logical-1] [INFO] [1773477244.043862035] [Ground]: 识别到QR码: 葵花种子
1773477244.0482426 [logical-1] [INFO] [1773477244.047937799] [Ground]: 识别到QR码: 太阳花种子
1773477244.0488963 [logical-1] [INFO] [1773477244.048767917] [Ground]: 识别到QR码: 葵花种子
1773477244.0860381 [logical-1] [INFO] [1773477244.085691067] [Ground]: 识别到QR码: 太阳花种子
1773477244.0873511 [logical-1] [INFO] [1773477244.087092213] [Ground]: 识别到QR码: 葵花种子
1773477244.0917253 [logical-1] [INFO] [1773477244.091216373] [Ground]: 识别到QR码: 小铲子
1773477244.2037506 [logical-1] [INFO] [1773477244.203147269] [Ground]: 识别到QR码: 太阳花种子
1773477244.2048249 [logical-1] [INFO] [1773477244.204596645] [Ground]: 识别到QR码: 小铲子
1773477244.2075374 [logical-1] [INFO] [1773477244.207333200] [Ground]: 识别到QR码: 太阳花种子
1773477244.2107983 [logical-1] [INFO] [1773477244.209757758] [Ground]: 识别到QR码: 太阳花种子
1773477244.2182922 [logical-1] [INFO] [1773477244.217866589] [Ground]: 识别到QR码: 太阳花种子
1773477244.2219529 [logical-1] [INFO] [1773477244.221595610] [Ground]: 识别到QR码: 葵花种子
1773477244.2554307 [logical-1] [INFO] [1773477244.255104391] [Ground]: 识别到QR码: 小铲子
1773477244.2565322 [logical-1] [INFO] [1773477244.256247587] [Ground]: 识别到QR码: 葵花种子
1773477244.3565204 [logical-1] [INFO] [1773477244.356190225] [Ground]: 识别到QR码: 太阳花种子
1773477244.3871181 [logical-1] [INFO] [1773477244.386769411] [Ground]: 识别到QR码: 太阳花种子
1773477244.3892102 [logical-1] [INFO] [1773477244.388729336] [Ground]: 识别到QR码: 小铲子
1773477244.3909290 [logical-1] [INFO] [1773477244.389758187] [Ground]: 识别到QR码: 葵花种子
1773477244.5146804 [logical-1] [INFO] [1773477244.514313539] [Ground]: 识别到QR码: 太阳花种子
1773477244.5686059 [logical-1] [INFO] [1773477244.568245074] [Ground]: 识别到QR码: 小铲子
1773477244.5694189 [logical-1] [INFO] [1773477244.569199116] [Ground]: 识别到QR码: 太阳花种子
1773477244.5703204 [logical-1] [INFO] [1773477244.570154895] [Ground]: 识别到QR码: 葵花种子
1773477244.5713501 [logical-1] [INFO] [1773477244.571173086] [Ground]: 识别到QR码: 小铲子
1773477244.5730190 [logical-1] [INFO] [1773477244.572856944] [Ground]: 识别到QR码: 太阳花种子
1773477244.5750020 [logical-1] [INFO] [1773477244.574178514] [Ground]: 识别到QR码: 小铲子
1773477244.5862885 [logical-1] [INFO] [1773477244.580363793] [Ground]: 识别到QR码: 葵花种子
1773477244.5895743 [logical-1] [INFO] [1773477244.588998455] [Ground]: 识别到QR码: 葵花种子
1773477244.5916994 [logical-1] [INFO] [1773477244.591433135] [Ground]: 识别到QR码: 太阳花种子
1773477244.5931304 [logical-1] [INFO] [1773477244.592930004] [Ground]: 识别到QR码: 小铲子
1773477244.5942824 [logical-1] [INFO] [1773477244.593971423] [Ground]: 识别到QR码: 太阳花种子
1773477244.6275728 [logical-1] [INFO] [1773477244.627214102] [Ground]: 识别到QR码: 太阳花种子
1773477244.6288538 [logical-1] [INFO] [1773477244.628591961] [Ground]: 识别到QR码: 葵花种子
1773477244.6335230 [logical-1] [INFO] [1773477244.632657792] [Ground]: 识别到QR码: 小铲子
1773477244.6505642 [logical-1] [INFO] [1773477244.650189255] [Ground]: 识别到QR码: 葵花种子
1773477244.7582769 [logical-1] [INFO] [1773477244.757790578] [Ground]: 识别到QR码: 太阳花种子
1773477244.7887244 [logical-1] [INFO] [1773477244.788351708] [Ground]: 识别到QR码: 葵花种子
1773477244.7903278 [logical-1] [INFO] [1773477244.789989180] [Ground]: 识别到QR码: 小铲子
1773477244.8613017 [logical-1] [INFO] [1773477244.860879002] [Ground]: 识别到QR码: 小铲子
1773477244.8792183 [logical-1] [INFO] [1773477244.878910588] [Ground]: 识别到QR码: 葵花种子
1773477244.9835665 [logical-1] [INFO] [1773477244.983273113] [Ground]: 识别到QR码: 小铲子
1773477245.0258017 [logical-1] [INFO] [1773477245.025268310] [Ground]: 识别到QR码: 小铲子
1773477245.0310278 [logical-1] [INFO] [1773477245.030672481] [Ground]: 识别到QR码: 葵花种子
1773477245.1269424 [logical-1] [INFO] [1773477245.126423122] [Ground]: 识别到QR码: 葵花种子
1773477245.1274529 [logical-1] [INFO] [1773477245.127318992] [Ground]: 识别到QR码: 小铲子
1773477245.1601484 [logical-1] [INFO] [1773477245.158426073] [Ground]: 识别到QR码: 小铲子
1773477245.1622949 [logical-1] [INFO] [1773477245.161986826] [Ground]: 识别到QR码: 葵花种子
1773477245.2833049 [logical-1] [INFO] [1773477245.282941343] [Ground]: 识别到QR码: 葵花种子
1773477245.2861791 [logical-1] [INFO] [1773477245.285916050] [Ground]: 识别到QR码: 太阳花种子
1773477245.2909274 [logical-1] [INFO] [1773477245.287508120] [Ground]: 识别到QR码: 小铲子
1773477245.2912691 [logical-1] [INFO] [1773477245.288705353] [Ground]: 识别到QR码: 葵花种子
1773477245.2940724 [logical-1] [INFO] [1773477245.293482486] [Ground]: 识别到QR码: 小铲子
1773477245.3639002 [logical-1] [INFO] [1773477245.363259886] [Ground]: 识别到QR码: 太阳花种子
1773477245.3662171 [logical-1] [INFO] [1773477245.365893906] [Ground]: 识别到QR码: 小铲子
1773477245.3963573 [logical-1] [INFO] [1773477245.395825914] [Ground]: 识别到QR码: 太阳花种子
1773477245.3978786 [logical-1] [INFO] [1773477245.397661098] [Ground]: 识别到QR码: 小铲子
1773477245.3991106 [logical-1] [INFO] [1773477245.398814004] [Ground]: 识别到QR码: 葵花种子
1773477245.4255049 [logical-1] [INFO] [1773477245.425032208] [Ground]: 识别到QR码: 葵花种子
1773477245.4273808 [logical-1] [INFO] [1773477245.427016040] [Ground]: 识别到QR码: 小铲子
1773477245.4984801 [logical-1] [INFO] [1773477245.497878213] [Ground]: 识别到QR码: 太阳花种子
1773477245.6023552 [logical-1] [INFO] [1773477245.601960310] [Ground]: 识别到QR码: 小铲子
1773477245.6626837 [logical-1] [INFO] [1773477245.662274764] [Ground]: 识别到QR码: 小铲子
1773477245.6637404 [logical-1] [INFO] [1773477245.663552490] [Ground]: 识别到QR码: 葵花种子
1773477245.7798691 [logical-1] [INFO] [1773477245.779449534] [Ground]: 识别到QR码: 太阳花种子
1773477245.7849586 [logical-1] [INFO] [1773477245.784519999] [Ground]: 识别到QR码: 小铲子
1773477245.7872126 [logical-1] [INFO] [1773477245.785733798] [Ground]: 识别到QR码: 葵花种子
1773477245.7903197 [logical-1] [INFO] [1773477245.790080865] [Ground]: 识别到QR码: 太阳花种子
1773477245.7913041 [logical-1] [INFO] [1773477245.791169113] [Ground]: 识别到QR码: 小铲子
1773477245.8041992 [logical-1] [INFO] [1773477245.803786143] [Ground]: 识别到QR码: 葵花种子
1773477245.8136377 [logical-1] [INFO] [1773477245.812926866] [Ground]: 识别到QR码: 太阳花种子
1773477245.8196228 [logical-1] [INFO] [1773477245.819270232] [Ground]: 识别到QR码: 小铲子
1773477245.8641539 [logical-1] [INFO] [1773477245.863840077] [Ground]: 识别到QR码: 小铲子
1773477245.8649459 [logical-1] [INFO] [1773477245.864696854] [Ground]: 识别到QR码: 葵花种子
1773477246.0164843 [logical-1] [INFO] [1773477246.015762015] [Ground]: 识别到QR码: 葵花种子
1773477246.0179489 [logical-1] [INFO] [1773477246.017766352] [Ground]: 识别到QR码: 小铲子
1773477246.0196083 [logical-1] [INFO] [1773477246.019403232] [Ground]: 识别到QR码: 葵花种子
1773477246.0383101 [logical-1] [INFO] [1773477246.037795878] [Ground]: 识别到QR码: 葵花种子
1773477246.0407240 [logical-1] [INFO] [1773477246.040389627] [Ground]: 识别到QR码: 小铲子
1773477246.1328378 [logical-1] [INFO] [1773477246.132388729] [Ground]: 识别到QR码: 太阳花种子
1773477246.1407571 [logical-1] [INFO] [1773477246.140418677] [Ground]: 识别到QR码: 小铲子
1773477246.1439636 [logical-1] [INFO] [1773477246.143609254] [Ground]: 识别到QR码: 葵花种子
1773477246.1468961 [logical-1] [INFO] [1773477246.145569899] [Ground]: 识别到QR码: 小铲子
1773477246.1508150 [logical-1] [INFO] [1773477246.149932936] [Ground]: 识别到QR码: 太阳花种子
1773477246.1530521 [logical-1] [INFO] [1773477246.152671688] [Ground]: 识别到QR码: 葵花种子
1773477246.2053876 [logical-1] [INFO] [1773477246.204832616] [Ground]: 识别到QR码: 太阳花种子
1773477246.2352049 [logical-1] [INFO] [1773477246.234875256] [Ground]: 识别到QR码: 小铲子
1773477246.3145595 [logical-1] [INFO] [1773477246.314145950] [Ground]: 识别到QR码: 小铲子
1773477246.3161333 [logical-1] [INFO] [1773477246.315713892] [Ground]: 识别到QR码: 葵花种子
1773477246.3197505 [logical-1] [INFO] [1773477246.319421468] [Ground]: 识别到QR码: 太阳花种子
1773477246.4301879 [logical-1] [INFO] [1773477246.428140190] [Ground]: 识别到QR码: 小铲子
1773477246.4419820 [logical-1] [INFO] [1773477246.440701670] [Ground]: 识别到QR码: 葵花种子
1773477246.4820461 [logical-1] [INFO] [1773477246.481548525] [Ground]: 识别到QR码: 小铲子
1773477246.4848778 [logical-1] [INFO] [1773477246.484506665] [Ground]: 识别到QR码: 葵花种子
1773477246.6399121 [logical-1] [INFO] [1773477246.639474756] [Ground]: 识别到QR码: 小铲子
1773477246.6709352 [logical-1] [INFO] [1773477246.670574189] [Ground]: 识别到QR码: 小铲子
1773477246.7109797 [logical-1] [INFO] [1773477246.710653892] [Ground]: 识别到QR码: 小铲子
1773477246.7292554 [logical-1] [INFO] [1773477246.728620154] [Ground]: 识别到QR码: 葵花种子
1773477246.7407684 [logical-1] [INFO] [1773477246.740303574] [Ground]: 识别到QR码: 小铲子
1773477246.9695568 [logical-1] [INFO] [1773477246.969177420] [Ground]: 识别到QR码: 葵花种子
1773477247.2880943 [logical-1] [INFO] [1773477247.287552714] [Ground]: 识别到QR码: 小铲子
1773477247.5842206 [logical-1] [INFO] [1773477247.583784010] [Ground]: 识别到QR码: 小铲子
1773477247.6192417 [logical-1] [INFO] [1773477247.618836918] [Ground]: 识别到QR码: 葵花种子
1773477247.6876135 [logical-1] [INFO] [1773477247.687306194] [Ground]: 识别到QR码: 葵花种子
1773477247.7146435 [logical-1] [INFO] [1773477247.710080220] [Ground]: 识别到QR码: 小铲子
1773477247.7407796 [logical-1] [INFO] [1773477247.740379479] [Ground]: 识别到QR码: 小铲子
1773477247.8558059 [logical-1] [INFO] [1773477247.855276910] [Ground]: 识别到QR码: 小铲子
1773477247.9785874 [logical-1] [INFO] [1773477247.978106095] [Ground]: 识别到QR码: 小铲子
1773477248.0125923 [logical-1] [INFO] [1773477248.012297882] [Ground]: 识别到QR码: 小铲子
1773477248.0497212 [logical-1] [INFO] [1773477248.049240553] [Ground]: 识别到QR码: 葵花种子
1773477248.0506096 [logical-1] [INFO] [1773477248.050147932] [Ground]: 识别到QR码: 小铲子
1773477248.1895211 [logical-1] [INFO] [1773477248.189223004] [Ground]: 识别到QR码: 葵花种子
1773477248.2297044 [logical-1] [INFO] [1773477248.229367109] [Ground]: 识别到QR码: 小铲子
1773477248.2461562 [logical-1] [INFO] [1773477248.245840735] [Ground]: 识别到QR码: 葵花种子
1773477248.3436654 [logical-1] [INFO] [1773477248.343362149] [Ground]: 识别到QR码: 葵花种子
1773477248.4212077 [logical-1] [INFO] [1773477248.420760486] [Ground]: 识别到QR码: 小铲子
1773477248.4220345 [logical-1] [INFO] [1773477248.421847711] [Ground]: 识别到QR码: 葵花种子
1773477248.5364540 [logical-1] [INFO] [1773477248.535982827] [Ground]: 识别到QR码: 小铲子
1773477248.5405209 [logical-1] [INFO] [1773477248.540298965] [Ground]: 识别到QR码: 小铲子
1773477248.8641891 [logical-1] [INFO] [1773477248.863801894] [Ground]: 识别到QR码: 葵花种子
1773477248.9199359 [logical-1] [INFO] [1773477248.919600028] [Ground]: 识别到QR码: 小铲子
1773477249.0353334 [logical-1] [INFO] [1773477249.034979508] [Ground]: 识别到QR码: 葵花种子
1773477249.0648391 [logical-1] [INFO] [1773477249.064542427] [Ground]: 识别到QR码: 葵花种子
1773477249.1873777 [logical-1] [INFO] [1773477249.187010849] [Ground]: 识别到QR码: 小铲子
1773477249.5775769 [logical-1] [INFO] [1773477249.577266211] [Ground]: 识别到QR码: 小铲子
1773477249.6551206 [logical-1] [INFO] [1773477249.654708757] [Ground]: 识别到QR码: 小铲子
1773477249.7443445 [logical-1] [INFO] [1773477249.744017076] [Ground]: 识别到QR码: 小铲子
1773477249.7459078 [logical-1] [INFO] [1773477249.745693854] [Ground]: 识别到QR码: 小铲子
1773477498.4580503 [WARNING] [launch]: user interrupted with ctrl-c (SIGINT)
1773477498.4700179 [logical-1] Traceback (most recent call last):
1773477498.4702063 [logical-1]   File "/home/focal/Desktop/2024_GroundStation/build/GroundStation/GroundStation/logical.py", line 88, in update_qrcode_image
1773477498.4702935 [logical-1]     pixmap = pixmap.scaled(
1773477498.4703386 [logical-1] KeyboardInterrupt
1773477499.6154256 [WARNING] [launch]: user interrupted with ctrl-c (SIGINT) again, ignoring...
1773477499.6164744 [logical-1] Traceback (most recent call last):
1773477499.6166077 [logical-1]   File "/home/focal/Desktop/2024_GroundStation/build/GroundStation/GroundStation/logical.py", line 93, in update_qrcode_image
1773477499.6167495 [logical-1]     self.label_qrcode_image.setPixmap(pixmap)
1773477499.6168892 [logical-1] KeyboardInterrupt
1773477503.4630942 [ERROR] [logical-1]: process[logical-1] failed to terminate '5' seconds after receiving 'SIGINT', escalating to 'SIGTERM'
1773477503.4639766 [INFO] [logical-1]: sending signal 'SIGTERM' to process[logical-1]
1773477503.5078425 [ERROR] [logical-1]: process has died [pid 13496, exit code -15, cmd '/home/focal/Desktop/2024_GroundStation/install/GroundStation/lib/GroundStation/logical --ros-args'].
