1775399628.6855686 [INFO] [launch]: All log files can be found below /home/focal/Desktop/2024_GroundStation/run_log/2026-04-05-07-33-48-681599-ubuntu-40528
1775399628.6859543 [INFO] [launch]: Default logging verbosity is set to INFO
1775399628.8512893 [INFO] [myMain-1]: process started with pid [40530]
1775399628.8515465 [INFO] [navNode-2]: process started with pid [40532]
1775399629.3289905 [navNode-2] [INFO] [1775399629.328368977] [navNode]: paths: [
1775399629.3291957 [navNode-2]   {"x": 0.00, "y": 0.00, "z": 0.70, "label": "TakeOff", "qrcode": "", "label2": ""       , "qrcode2": "" },
1775399629.3293388 [navNode-2]   {"x":-0.25, "y": 0.75, "z": 0.80, "label": "A6"     , "qrcode": "", "label2": ""       , "qrcode2": "" },
1775399629.3293998 [navNode-2]   {"x":-0.25, "y": 0.75, "z": 1.20, "label": "A3"     , "qrcode": "", "label2": ""       , "qrcode2": "" },
1775399629.3295052 [navNode-2]   {"x":-0.25, "y": 1.25, "z": 1.20, "label": "A2"     , "qrcode": "", "label2": ""       , "qrcode2": "" },
1775399629.3295603 [navNode-2]   {"x":-0.25, "y": 1.25, "z": 0.80, "label": "A5"     , "qrcode": "", "label2": ""       , "qrcode2": "" },
1775399629.3296075 [navNode-2]   {"x":-0.25, "y": 1.75, "z": 0.80, "label": "A4"     , "qrcode": "", "label2": ""       , "qrcode2": "" },
1775399629.3296545 [navNode-2]   {"x":-0.25, "y": 1.75, "z": 1.20, "label": "A1"     , "qrcode": "", "label2": ""       , "qrcode2": "" },
1775399629.3297005 [navNode-2]   {"x":-0.25, "y": 2.00, "z": 0.70, "label": "UpSide1", "qrcode": "", "label2": ""       , "qrcode2": "" },
1775399629.3297472 [navNode-2]   {"x": 0.00, "y": 2.00, "z": 0.70, "label": "LandPos", "qrcode": "", "label2": ""       , "qrcode2": "" }
1775399629.3297992 [navNode-2] ]
1775399629.3298466 [navNode-2] 
1775399629.3397515 [navNode-2] [INFO] [1775399629.335541715] [navNode]: 上位机导航节点启动成功
1775399630.5503297 [myMain-1] [INFO] [1775399630.549841529] [Ground]: ros2 node launch success:Ground!
1775399633.1043136 [myMain-1] [INFO] [1775399633.103902044] [Ground]: 发送 scan_all 成功
1775399633.1053913 [navNode-2] [INFO] [1775399633.105168905] [navNode]: 收到来自UI的请求：scan_all
1775399633.1057663 [navNode-2] [WARN] [1775399633.105615778] [navNode]: 任务开始执行scan_all
1775399633.1078863 [myMain-1] [INFO] [1775399633.107701471] [Ground]: scan_all 响应成功 → 回复：scan_all
1775399633.2066140 [navNode-2] [INFO] [1775399633.206289106] [navNode]: 状态1：Takeoff--[TakeOff]
1775399633.4577186 [navNode-2] [ERROR] [1775399633.457433588] [navNode]: 发送 takeoff 失败: ROS2 服务 [ControlService] 未启动或超时
1775399633.4588165 [navNode-2] [INFO] [1775399633.458575868] [navNode]: 状态2：Takeoff_wait--[TakeOff]
1775399633.4590504 [navNode-2] [INFO] [1775399633.458955365] [navNode]: 未到目标点
1775399633.4591236 [navNode-2] 目标位置：(0.00, 0.00, 0.70)-label[TakeOff] label2[]
1775399633.4591684 [navNode-2] 当前位置：(0.00, 0.00, 0.00)-到达?:[MCU:False]-[POS:False]
1775399633.5071728 [navNode-2] [INFO] [1775399633.506857291] [navNode]: 状态2：Takeoff_wait--[TakeOff]
1775399633.5076110 [navNode-2] [INFO] [1775399633.507220584] [navNode]: 未到目标点
1775399633.5077181 [navNode-2] 目标位置：(0.00, 0.00, 0.70)-label[TakeOff] label2[]
1775399633.5077624 [navNode-2] 当前位置：(0.00, 0.00, 0.00)-到达?:[MCU:False]-[POS:False]
1775399633.6070182 [navNode-2] [INFO] [1775399633.606701316] [navNode]: 状态2：Takeoff_wait--[TakeOff]
1775399633.6074626 [navNode-2] [INFO] [1775399633.607075721] [navNode]: 未到目标点
1775399633.6076076 [navNode-2] 目标位置：(0.00, 0.00, 0.70)-label[TakeOff] label2[]
1775399633.6076670 [navNode-2] 当前位置：(0.00, 0.00, 0.00)-到达?:[MCU:False]-[POS:False]
1775399633.7086308 [navNode-2] [INFO] [1775399633.708322329] [navNode]: 状态2：Takeoff_wait--[TakeOff]
1775399633.7089810 [navNode-2] [INFO] [1775399633.708682137] [navNode]: 未到目标点
1775399633.7090790 [navNode-2] 目标位置：(0.00, 0.00, 0.70)-label[TakeOff] label2[]
1775399633.7091224 [navNode-2] 当前位置：(0.00, 0.00, 0.00)-到达?:[MCU:False]-[POS:False]
1775399633.8067970 [navNode-2] [INFO] [1775399633.806478388] [navNode]: 状态2：Takeoff_wait--[TakeOff]
1775399633.8071201 [navNode-2] [INFO] [1775399633.806915037] [navNode]: 未到目标点
1775399633.8072264 [navNode-2] 目标位置：(0.00, 0.00, 0.70)-label[TakeOff] label2[]
1775399633.8072915 [navNode-2] 当前位置：(0.00, 0.00, 0.00)-到达?:[MCU:False]-[POS:False]
1775399633.9073415 [navNode-2] [INFO] [1775399633.907017106] [navNode]: 状态2：Takeoff_wait--[TakeOff]
1775399633.9077408 [navNode-2] [INFO] [1775399633.907422068] [navNode]: 未到目标点
1775399633.9078443 [navNode-2] 目标位置：(0.00, 0.00, 0.70)-label[TakeOff] label2[]
1775399633.9079103 [navNode-2] 当前位置：(0.00, 0.00, 0.00)-到达?:[MCU:False]-[POS:False]
1775399634.0071266 [navNode-2] [INFO] [1775399634.006323472] [navNode]: 状态2：Takeoff_wait--[TakeOff]
1775399634.0073345 [navNode-2] [INFO] [1775399634.006753131] [navNode]: 未到目标点
1775399634.0074127 [navNode-2] 目标位置：(0.00, 0.00, 0.70)-label[TakeOff] label2[]
1775399634.0074732 [navNode-2] 当前位置：(0.00, 0.00, 0.00)-到达?:[MCU:False]-[POS:False]
1775399634.1067910 [navNode-2] [INFO] [1775399634.106487433] [navNode]: 状态2：Takeoff_wait--[TakeOff]
1775399634.1074109 [navNode-2] [INFO] [1775399634.106908576] [navNode]: 未到目标点
1775399634.1076553 [navNode-2] 目标位置：(0.00, 0.00, 0.70)-label[TakeOff] label2[]
1775399634.1077111 [navNode-2] 当前位置：(0.00, 0.00, 0.00)-到达?:[MCU:False]-[POS:False]
1775399634.2076485 [navNode-2] [INFO] [1775399634.207255786] [navNode]: 状态2：Takeoff_wait--[TakeOff]
1775399634.2081161 [navNode-2] [INFO] [1775399634.208006661] [navNode]: 未到目标点
1775399634.2081847 [navNode-2] 目标位置：(0.00, 0.00, 0.70)-label[TakeOff] label2[]
1775399634.2082210 [navNode-2] 当前位置：(0.00, 0.00, 0.00)-到达?:[MCU:False]-[POS:False]
1775399634.3068562 [navNode-2] [INFO] [1775399634.306472115] [navNode]: 状态2：Takeoff_wait--[TakeOff]
1775399634.3073170 [navNode-2] [INFO] [1775399634.306935135] [navNode]: 未到目标点
1775399634.3074672 [navNode-2] 目标位置：(0.00, 0.00, 0.70)-label[TakeOff] label2[]
1775399634.3075190 [navNode-2] 当前位置：(0.00, 0.00, 0.00)-到达?:[MCU:False]-[POS:False]
1775399634.4067597 [navNode-2] [INFO] [1775399634.406410740] [navNode]: 状态2：Takeoff_wait--[TakeOff]
1775399634.4071448 [navNode-2] [INFO] [1775399634.407053314] [navNode]: 未到目标点
1775399634.4072106 [navNode-2] 目标位置：(0.00, 0.00, 0.70)-label[TakeOff] label2[]
1775399634.4072454 [navNode-2] 当前位置：(0.00, 0.00, 0.00)-到达?:[MCU:False]-[POS:False]
1775399634.5069108 [navNode-2] [INFO] [1775399634.506517387] [navNode]: 状态2：Takeoff_wait--[TakeOff]
1775399634.5072508 [navNode-2] [INFO] [1775399634.506936440] [navNode]: 未到目标点
1775399634.5073097 [navNode-2] 目标位置：(0.00, 0.00, 0.70)-label[TakeOff] label2[]
1775399634.5073452 [navNode-2] 当前位置：(0.00, 0.00, 0.00)-到达?:[MCU:False]-[POS:False]
1775399634.6071820 [navNode-2] [INFO] [1775399634.606822555] [navNode]: 状态2：Takeoff_wait--[TakeOff]
1775399634.6076522 [navNode-2] [INFO] [1775399634.607304863] [navNode]: 未到目标点
1775399634.6077468 [navNode-2] 目标位置：(0.00, 0.00, 0.70)-label[TakeOff] label2[]
1775399634.6078002 [navNode-2] 当前位置：(0.00, 0.00, 0.00)-到达?:[MCU:False]-[POS:False]
1775399634.7070246 [navNode-2] [INFO] [1775399634.706657769] [navNode]: 状态2：Takeoff_wait--[TakeOff]
1775399634.7073793 [navNode-2] [INFO] [1775399634.707095390] [navNode]: 未到目标点
1775399634.7074451 [navNode-2] 目标位置：(0.00, 0.00, 0.70)-label[TakeOff] label2[]
1775399634.7074850 [navNode-2] 当前位置：(0.00, 0.00, 0.00)-到达?:[MCU:False]-[POS:False]
1775399634.8077710 [navNode-2] [INFO] [1775399634.807294028] [navNode]: 状态2：Takeoff_wait--[TakeOff]
1775399634.8081253 [navNode-2] [INFO] [1775399634.807793667] [navNode]: 未到目标点
1775399634.8082116 [navNode-2] 目标位置：(0.00, 0.00, 0.70)-label[TakeOff] label2[]
1775399634.8082552 [navNode-2] 当前位置：(0.00, 0.00, 0.00)-到达?:[MCU:False]-[POS:False]
1775399634.9070742 [navNode-2] [INFO] [1775399634.906695008] [navNode]: 状态2：Takeoff_wait--[TakeOff]
1775399634.9076977 [navNode-2] [INFO] [1775399634.907123584] [navNode]: 未到目标点
1775399634.9078562 [navNode-2] 目标位置：(0.00, 0.00, 0.70)-label[TakeOff] label2[]
1775399634.9079115 [navNode-2] 当前位置：(0.00, 0.00, 0.00)-到达?:[MCU:False]-[POS:False]
1775399635.0069504 [navNode-2] [INFO] [1775399635.006487312] [navNode]: 状态2：Takeoff_wait--[TakeOff]
1775399635.0072887 [navNode-2] [INFO] [1775399635.007045946] [navNode]: 未到目标点
1775399635.0073473 [navNode-2] 目标位置：(0.00, 0.00, 0.70)-label[TakeOff] label2[]
1775399635.0073845 [navNode-2] 当前位置：(0.00, 0.00, 0.00)-到达?:[MCU:False]-[POS:False]
1775399635.1068568 [navNode-2] [INFO] [1775399635.106526378] [navNode]: 状态2：Takeoff_wait--[TakeOff]
1775399635.1071811 [navNode-2] [INFO] [1775399635.106966447] [navNode]: 未到目标点
1775399635.1072638 [navNode-2] 目标位置：(0.00, 0.00, 0.70)-label[TakeOff] label2[]
1775399635.1073108 [navNode-2] 当前位置：(0.00, 0.00, 0.00)-到达?:[MCU:False]-[POS:False]
1775399635.2071695 [navNode-2] [INFO] [1775399635.206820673] [navNode]: 状态2：Takeoff_wait--[TakeOff]
1775399635.2075465 [navNode-2] [INFO] [1775399635.207219580] [navNode]: 未到目标点
1775399635.2076304 [navNode-2] 目标位置：(0.00, 0.00, 0.70)-label[TakeOff] label2[]
1775399635.2076735 [navNode-2] 当前位置：(0.00, 0.00, 0.00)-到达?:[MCU:False]-[POS:False]
1775399635.3070464 [navNode-2] [INFO] [1775399635.306648031] [navNode]: 状态2：Takeoff_wait--[TakeOff]
1775399635.3074076 [navNode-2] [INFO] [1775399635.307038051] [navNode]: 未到目标点
1775399635.3074884 [navNode-2] 目标位置：(0.00, 0.00, 0.70)-label[TakeOff] label2[]
1775399635.3075340 [navNode-2] 当前位置：(0.00, 0.00, 0.00)-到达?:[MCU:False]-[POS:False]
1775399635.4106891 [navNode-2] [INFO] [1775399635.410311319] [navNode]: 状态2：Takeoff_wait--[TakeOff]
1775399635.4111185 [navNode-2] [INFO] [1775399635.410802061] [navNode]: 未到目标点
1775399635.4112017 [navNode-2] 目标位置：(0.00, 0.00, 0.70)-label[TakeOff] label2[]
1775399635.4112582 [navNode-2] 当前位置：(0.00, 0.00, 0.00)-到达?:[MCU:False]-[POS:False]
1775399635.5071585 [navNode-2] [INFO] [1775399635.506883568] [navNode]: 状态2：Takeoff_wait--[TakeOff]
1775399635.5075128 [navNode-2] [INFO] [1775399635.507256482] [navNode]: 未到目标点
1775399635.5075743 [navNode-2] 目标位置：(0.00, 0.00, 0.70)-label[TakeOff] label2[]
1775399635.5076087 [navNode-2] 当前位置：(0.00, 0.00, 0.00)-到达?:[MCU:False]-[POS:False]
1775399635.6077607 [navNode-2] [INFO] [1775399635.607370668] [navNode]: 状态2：Takeoff_wait--[TakeOff]
1775399635.6081171 [navNode-2] [INFO] [1775399635.607768273] [navNode]: 未到目标点
1775399635.6081920 [navNode-2] 目标位置：(0.00, 0.00, 0.70)-label[TakeOff] label2[]
1775399635.6082358 [navNode-2] 当前位置：(0.00, 0.00, 0.00)-到达?:[MCU:False]-[POS:False]
1775399635.7071452 [navNode-2] [INFO] [1775399635.706814212] [navNode]: 状态2：Takeoff_wait--[TakeOff]
1775399635.7076657 [navNode-2] [INFO] [1775399635.707249475] [navNode]: 未到目标点
1775399635.7082782 [navNode-2] 目标位置：(0.00, 0.00, 0.70)-label[TakeOff] label2[]
1775399635.7088068 [navNode-2] 当前位置：(0.00, 0.00, 0.00)-到达?:[MCU:False]-[POS:False]
1775399635.8075507 [navNode-2] [INFO] [1775399635.807184536] [navNode]: 状态2：Takeoff_wait--[TakeOff]
1775399635.8080192 [navNode-2] [INFO] [1775399635.807689127] [navNode]: 未到目标点
1775399635.8081787 [navNode-2] 目标位置：(0.00, 0.00, 0.70)-label[TakeOff] label2[]
1775399635.8082793 [navNode-2] 当前位置：(0.00, 0.00, 0.00)-到达?:[MCU:False]-[POS:False]
1775399635.9071312 [navNode-2] [INFO] [1775399635.906758924] [navNode]: 状态2：Takeoff_wait--[TakeOff]
1775399635.9075887 [navNode-2] [INFO] [1775399635.907214997] [navNode]: 未到目标点
1775399635.9077260 [navNode-2] 目标位置：(0.00, 0.00, 0.70)-label[TakeOff] label2[]
1775399635.9078276 [navNode-2] 当前位置：(0.00, 0.00, 0.00)-到达?:[MCU:False]-[POS:False]
1775399636.0073779 [navNode-2] [INFO] [1775399636.007010159] [navNode]: 状态2：Takeoff_wait--[TakeOff]
1775399636.0078187 [navNode-2] [INFO] [1775399636.007518187] [navNode]: 未到目标点
1775399636.0080035 [navNode-2] 目标位置：(0.00, 0.00, 0.70)-label[TakeOff] label2[]
1775399636.0081646 [navNode-2] 当前位置：(0.00, 0.00, 0.00)-到达?:[MCU:False]-[POS:False]
1775399636.1070292 [navNode-2] [INFO] [1775399636.106636201] [navNode]: 状态2：Takeoff_wait--[TakeOff]
1775399636.1075642 [navNode-2] [INFO] [1775399636.107116627] [navNode]: 未到目标点
1775399636.1076932 [navNode-2] 目标位置：(0.00, 0.00, 0.70)-label[TakeOff] label2[]
1775399636.1077898 [navNode-2] 当前位置：(0.00, 0.00, 0.00)-到达?:[MCU:False]-[POS:False]
1775399636.2070034 [navNode-2] [INFO] [1775399636.206581966] [navNode]: 状态2：Takeoff_wait--[TakeOff]
1775399636.2074752 [navNode-2] [INFO] [1775399636.207093618] [navNode]: 未到目标点
1775399636.2075768 [navNode-2] 目标位置：(0.00, 0.00, 0.70)-label[TakeOff] label2[]
1775399636.2076406 [navNode-2] 当前位置：(0.00, 0.00, 0.00)-到达?:[MCU:False]-[POS:False]
1775399636.3068755 [navNode-2] [INFO] [1775399636.306458831] [navNode]: 状态2：Takeoff_wait--[TakeOff]
1775399636.3073258 [navNode-2] [INFO] [1775399636.307235114] [navNode]: 未到目标点
1775399636.3073969 [navNode-2] 目标位置：(0.00, 0.00, 0.70)-label[TakeOff] label2[]
1775399636.3074620 [navNode-2] 当前位置：(0.00, 0.00, 0.00)-到达?:[MCU:False]-[POS:False]
1775399636.4084187 [navNode-2] [INFO] [1775399636.408037179] [navNode]: 状态2：Takeoff_wait--[TakeOff]
1775399636.4088249 [navNode-2] [INFO] [1775399636.408422063] [navNode]: 未到目标点
1775399636.4089231 [navNode-2] 目标位置：(0.00, 0.00, 0.70)-label[TakeOff] label2[]
1775399636.4089694 [navNode-2] 当前位置：(0.00, 0.00, 0.00)-到达?:[MCU:False]-[POS:False]
1775399636.5085471 [navNode-2] [INFO] [1775399636.507767915] [navNode]: 状态2：Takeoff_wait--[TakeOff]
1775399636.5094168 [navNode-2] [INFO] [1775399636.508951434] [navNode]: 未到目标点
1775399636.5096664 [navNode-2] 目标位置：(0.00, 0.00, 0.70)-label[TakeOff] label2[]
1775399636.5098665 [navNode-2] 当前位置：(0.00, 0.00, 0.00)-到达?:[MCU:False]-[POS:False]
1775399636.6069047 [navNode-2] [INFO] [1775399636.606514984] [navNode]: 状态2：Takeoff_wait--[TakeOff]
1775399636.6073055 [navNode-2] [INFO] [1775399636.606916545] [navNode]: 未到目标点
1775399636.6074057 [navNode-2] 目标位置：(0.00, 0.00, 0.70)-label[TakeOff] label2[]
1775399636.6074922 [navNode-2] 当前位置：(0.00, 0.00, 0.00)-到达?:[MCU:False]-[POS:False]
1775399636.7073679 [navNode-2] [INFO] [1775399636.706950643] [navNode]: 状态2：Takeoff_wait--[TakeOff]
1775399636.7078860 [navNode-2] [INFO] [1775399636.707459307] [navNode]: 未到目标点
1775399636.7080302 [navNode-2] 目标位置：(0.00, 0.00, 0.70)-label[TakeOff] label2[]
1775399636.7081008 [navNode-2] 当前位置：(0.00, 0.00, 0.00)-到达?:[MCU:False]-[POS:False]
1775399636.8070178 [navNode-2] [INFO] [1775399636.806701666] [navNode]: 状态2：Takeoff_wait--[TakeOff]
1775399636.8074794 [navNode-2] [INFO] [1775399636.807150742] [navNode]: 未到目标点
1775399636.8076513 [navNode-2] 目标位置：(0.00, 0.00, 0.70)-label[TakeOff] label2[]
1775399636.8077641 [navNode-2] 当前位置：(0.00, 0.00, 0.00)-到达?:[MCU:False]-[POS:False]
1775399636.9077947 [navNode-2] [INFO] [1775399636.907408036] [navNode]: 状态2：Takeoff_wait--[TakeOff]
1775399636.9083364 [navNode-2] [INFO] [1775399636.907889943] [navNode]: 未到目标点
1775399636.9085078 [navNode-2] 目标位置：(0.00, 0.00, 0.70)-label[TakeOff] label2[]
1775399636.9085820 [navNode-2] 当前位置：(0.00, 0.00, 0.00)-到达?:[MCU:False]-[POS:False]
1775399637.0074584 [navNode-2] [INFO] [1775399637.007136527] [navNode]: 状态2：Takeoff_wait--[TakeOff]
1775399637.0078576 [navNode-2] [INFO] [1775399637.007527568] [navNode]: 未到目标点
1775399637.0079513 [navNode-2] 目标位置：(0.00, 0.00, 0.70)-label[TakeOff] label2[]
1775399637.0079978 [navNode-2] 当前位置：(0.00, 0.00, 0.00)-到达?:[MCU:False]-[POS:False]
1775399637.1094024 [navNode-2] [INFO] [1775399637.108854148] [navNode]: 状态2：Takeoff_wait--[TakeOff]
1775399637.1101937 [navNode-2] [INFO] [1775399637.109902511] [navNode]: 未到目标点
1775399637.1104321 [navNode-2] 目标位置：(0.00, 0.00, 0.70)-label[TakeOff] label2[]
1775399637.1105733 [navNode-2] 当前位置：(0.00, 0.00, 0.00)-到达?:[MCU:False]-[POS:False]
1775399637.2073193 [navNode-2] [INFO] [1775399637.206783453] [navNode]: 状态2：Takeoff_wait--[TakeOff]
1775399637.2078462 [navNode-2] [INFO] [1775399637.207145718] [navNode]: 未到目标点
1775399637.2079444 [navNode-2] 目标位置：(0.00, 0.00, 0.70)-label[TakeOff] label2[]
1775399637.2080023 [navNode-2] 当前位置：(0.00, 0.00, 0.00)-到达?:[MCU:False]-[POS:False]
1775399637.3094618 [navNode-2] [INFO] [1775399637.308728795] [navNode]: 状态2：Takeoff_wait--[TakeOff]
1775399637.3102903 [navNode-2] [INFO] [1775399637.309822189] [navNode]: 未到目标点
1775399637.3105330 [navNode-2] 目标位置：(0.00, 0.00, 0.70)-label[TakeOff] label2[]
1775399637.3107545 [navNode-2] 当前位置：(0.00, 0.00, 0.00)-到达?:[MCU:False]-[POS:False]
1775399637.4077563 [navNode-2] [INFO] [1775399637.407388524] [navNode]: 状态2：Takeoff_wait--[TakeOff]
1775399637.4081233 [navNode-2] [INFO] [1775399637.407770414] [navNode]: 未到目标点
1775399637.4082060 [navNode-2] 目标位置：(0.00, 0.00, 0.70)-label[TakeOff] label2[]
1775399637.4082649 [navNode-2] 当前位置：(0.00, 0.00, 0.00)-到达?:[MCU:False]-[POS:False]
1775399637.5069888 [navNode-2] [INFO] [1775399637.506610382] [navNode]: 状态2：Takeoff_wait--[TakeOff]
1775399637.5073466 [navNode-2] [INFO] [1775399637.507024416] [navNode]: 未到目标点
1775399637.5074244 [navNode-2] 目标位置：(0.00, 0.00, 0.70)-label[TakeOff] label2[]
1775399637.5074849 [navNode-2] 当前位置：(0.00, 0.00, 0.00)-到达?:[MCU:False]-[POS:False]
1775399637.6070421 [navNode-2] [INFO] [1775399637.606656115] [navNode]: 状态2：Takeoff_wait--[TakeOff]
1775399637.6073980 [navNode-2] [INFO] [1775399637.607036292] [navNode]: 未到目标点
1775399637.6074557 [navNode-2] 目标位置：(0.00, 0.00, 0.70)-label[TakeOff] label2[]
1775399637.6074922 [navNode-2] 当前位置：(0.00, 0.00, 0.00)-到达?:[MCU:False]-[POS:False]
1775399637.7074375 [navNode-2] [INFO] [1775399637.707130217] [navNode]: 状态2：Takeoff_wait--[TakeOff]
1775399637.7078400 [navNode-2] [INFO] [1775399637.707532339] [navNode]: 未到目标点
1775399637.7079124 [navNode-2] 目标位置：(0.00, 0.00, 0.70)-label[TakeOff] label2[]
1775399637.7079501 [navNode-2] 当前位置：(0.00, 0.00, 0.00)-到达?:[MCU:False]-[POS:False]
1775399637.8076577 [navNode-2] [INFO] [1775399637.807185693] [navNode]: 状态2：Takeoff_wait--[TakeOff]
1775399637.8079953 [navNode-2] [INFO] [1775399637.807618294] [navNode]: 未到目标点
1775399637.8080766 [navNode-2] 目标位置：(0.00, 0.00, 0.70)-label[TakeOff] label2[]
1775399637.8081136 [navNode-2] 当前位置：(0.00, 0.00, 0.00)-到达?:[MCU:False]-[POS:False]
1775399637.9069479 [navNode-2] [INFO] [1775399637.906610768] [navNode]: 状态2：Takeoff_wait--[TakeOff]
1775399637.9072802 [navNode-2] [INFO] [1775399637.907014053] [navNode]: 未到目标点
1775399637.9073358 [navNode-2] 目标位置：(0.00, 0.00, 0.70)-label[TakeOff] label2[]
1775399637.9073679 [navNode-2] 当前位置：(0.00, 0.00, 0.00)-到达?:[MCU:False]-[POS:False]
1775399638.0069487 [navNode-2] [INFO] [1775399638.006597312] [navNode]: 状态2：Takeoff_wait--[TakeOff]
1775399638.0072589 [navNode-2] [INFO] [1775399638.006992934] [navNode]: 未到目标点
1775399638.0073156 [navNode-2] 目标位置：(0.00, 0.00, 0.70)-label[TakeOff] label2[]
1775399638.0073507 [navNode-2] 当前位置：(0.00, 0.00, 0.00)-到达?:[MCU:False]-[POS:False]
1775399638.1071036 [navNode-2] [INFO] [1775399638.106780272] [navNode]: 状态2：Takeoff_wait--[TakeOff]
1775399638.1074519 [navNode-2] [INFO] [1775399638.107155098] [navNode]: 未到目标点
1775399638.1075053 [navNode-2] 目标位置：(0.00, 0.00, 0.70)-label[TakeOff] label2[]
1775399638.1075578 [navNode-2] 当前位置：(0.00, 0.00, 0.00)-到达?:[MCU:False]-[POS:False]
1775399638.2075186 [navNode-2] [INFO] [1775399638.207156584] [navNode]: 状态2：Takeoff_wait--[TakeOff]
1775399638.2078459 [navNode-2] [INFO] [1775399638.207553034] [navNode]: 未到目标点
1775399638.2079012 [navNode-2] 目标位置：(0.00, 0.00, 0.70)-label[TakeOff] label2[]
1775399638.2079551 [navNode-2] 当前位置：(0.00, 0.00, 0.00)-到达?:[MCU:False]-[POS:False]
1775399638.3071601 [navNode-2] [INFO] [1775399638.306822569] [navNode]: 状态2：Takeoff_wait--[TakeOff]
1775399638.3074877 [navNode-2] [INFO] [1775399638.307192559] [navNode]: 未到目标点
1775399638.3075857 [navNode-2] 目标位置：(0.00, 0.00, 0.70)-label[TakeOff] label2[]
1775399638.3076320 [navNode-2] 当前位置：(0.00, 0.00, 0.00)-到达?:[MCU:False]-[POS:False]
1775399638.4070590 [navNode-2] [INFO] [1775399638.406754341] [navNode]: 状态2：Takeoff_wait--[TakeOff]
1775399638.4075079 [navNode-2] [INFO] [1775399638.407200405] [navNode]: 未到目标点
1775399638.4075756 [navNode-2] 目标位置：(0.00, 0.00, 0.70)-label[TakeOff] label2[]
1775399638.4076171 [navNode-2] 当前位置：(0.00, 0.00, 0.00)-到达?:[MCU:False]-[POS:False]
1775399638.5070751 [navNode-2] [INFO] [1775399638.506712173] [navNode]: 状态2：Takeoff_wait--[TakeOff]
1775399638.5074618 [navNode-2] [INFO] [1775399638.507119150] [navNode]: 未到目标点
1775399638.5075467 [navNode-2] 目标位置：(0.00, 0.00, 0.70)-label[TakeOff] label2[]
1775399638.5075948 [navNode-2] 当前位置：(0.00, 0.00, 0.00)-到达?:[MCU:False]-[POS:False]
1775399638.6070635 [navNode-2] [INFO] [1775399638.606774619] [navNode]: 状态2：Takeoff_wait--[TakeOff]
1775399638.6074755 [navNode-2] [INFO] [1775399638.607164005] [navNode]: 未到目标点
1775399638.6075585 [navNode-2] 目标位置：(0.00, 0.00, 0.70)-label[TakeOff] label2[]
1775399638.6076241 [navNode-2] 当前位置：(0.00, 0.00, 0.00)-到达?:[MCU:False]-[POS:False]
1775399638.7068770 [navNode-2] [INFO] [1775399638.706407620] [navNode]: 状态2：Takeoff_wait--[TakeOff]
1775399638.7073271 [navNode-2] [INFO] [1775399638.707232231] [navNode]: 未到目标点
1775399638.7073922 [navNode-2] 目标位置：(0.00, 0.00, 0.70)-label[TakeOff] label2[]
1775399638.7074306 [navNode-2] 当前位置：(0.00, 0.00, 0.00)-到达?:[MCU:False]-[POS:False]
1775399638.8067544 [navNode-2] [INFO] [1775399638.806371834] [navNode]: 状态2：Takeoff_wait--[TakeOff]
1775399638.8071444 [navNode-2] [INFO] [1775399638.807052970] [navNode]: 未到目标点
1775399638.8072097 [navNode-2] 目标位置：(0.00, 0.00, 0.70)-label[TakeOff] label2[]
1775399638.8072491 [navNode-2] 当前位置：(0.00, 0.00, 0.00)-到达?:[MCU:False]-[POS:False]
1775399638.9079933 [navNode-2] [INFO] [1775399638.907652890] [navNode]: 状态2：Takeoff_wait--[TakeOff]
1775399638.9083946 [navNode-2] [INFO] [1775399638.908060140] [navNode]: 未到目标点
1775399638.9084871 [navNode-2] 目标位置：(0.00, 0.00, 0.70)-label[TakeOff] label2[]
1775399638.9085286 [navNode-2] 当前位置：(0.00, 0.00, 0.00)-到达?:[MCU:False]-[POS:False]
1775399639.0074437 [navNode-2] [INFO] [1775399639.007091607] [navNode]: 状态2：Takeoff_wait--[TakeOff]
1775399639.0078671 [navNode-2] [INFO] [1775399639.007562980] [navNode]: 未到目标点
1775399639.0079763 [navNode-2] 目标位置：(0.00, 0.00, 0.70)-label[TakeOff] label2[]
1775399639.0080276 [navNode-2] 当前位置：(0.00, 0.00, 0.00)-到达?:[MCU:False]-[POS:False]
1775399639.1073241 [navNode-2] [INFO] [1775399639.106958947] [navNode]: 状态2：Takeoff_wait--[TakeOff]
1775399639.1080534 [navNode-2] [INFO] [1775399639.107477794] [navNode]: 未到目标点
1775399639.1082962 [navNode-2] 目标位置：(0.00, 0.00, 0.70)-label[TakeOff] label2[]
1775399639.1084943 [navNode-2] 当前位置：(0.00, 0.00, 0.00)-到达?:[MCU:False]-[POS:False]
1775399639.2075279 [navNode-2] [INFO] [1775399639.207098944] [navNode]: 状态2：Takeoff_wait--[TakeOff]
1775399639.2081113 [navNode-2] [INFO] [1775399639.207731674] [navNode]: 未到目标点
1775399639.2082686 [navNode-2] 目标位置：(0.00, 0.00, 0.70)-label[TakeOff] label2[]
1775399639.2083488 [navNode-2] 当前位置：(0.00, 0.00, 0.00)-到达?:[MCU:False]-[POS:False]
1775399639.3086061 [navNode-2] [INFO] [1775399639.308154630] [navNode]: 状态2：Takeoff_wait--[TakeOff]
1775399639.3090611 [navNode-2] [INFO] [1775399639.308624292] [navNode]: 未到目标点
1775399639.3091760 [navNode-2] 目标位置：(0.00, 0.00, 0.70)-label[TakeOff] label2[]
1775399639.3092499 [navNode-2] 当前位置：(0.00, 0.00, 0.00)-到达?:[MCU:False]-[POS:False]
1775399639.4079602 [navNode-2] [INFO] [1775399639.407609783] [navNode]: 状态2：Takeoff_wait--[TakeOff]
1775399639.4083269 [navNode-2] [INFO] [1775399639.408020018] [navNode]: 未到目标点
1775399639.4084346 [navNode-2] 目标位置：(0.00, 0.00, 0.70)-label[TakeOff] label2[]
1775399639.4084833 [navNode-2] 当前位置：(0.00, 0.00, 0.00)-到达?:[MCU:False]-[POS:False]
1775399639.5070288 [navNode-2] [INFO] [1775399639.506731967] [navNode]: 状态2：Takeoff_wait--[TakeOff]
1775399639.5074131 [navNode-2] [INFO] [1775399639.507135961] [navNode]: 未到目标点
1775399639.5075202 [navNode-2] 目标位置：(0.00, 0.00, 0.70)-label[TakeOff] label2[]
1775399639.5075841 [navNode-2] 当前位置：(0.00, 0.00, 0.00)-到达?:[MCU:False]-[POS:False]
1775399639.6071529 [navNode-2] [INFO] [1775399639.606796779] [navNode]: 状态2：Takeoff_wait--[TakeOff]
1775399639.6075296 [navNode-2] [INFO] [1775399639.607181157] [navNode]: 未到目标点
1775399639.6076331 [navNode-2] 目标位置：(0.00, 0.00, 0.70)-label[TakeOff] label2[]
1775399639.6076708 [navNode-2] 当前位置：(0.00, 0.00, 0.00)-到达?:[MCU:False]-[POS:False]
1775399639.7073507 [navNode-2] [INFO] [1775399639.706969980] [navNode]: 状态2：Takeoff_wait--[TakeOff]
1775399639.7077258 [navNode-2] [INFO] [1775399639.707360775] [navNode]: 未到目标点
1775399639.7078295 [navNode-2] 目标位置：(0.00, 0.00, 0.70)-label[TakeOff] label2[]
1775399639.7078750 [navNode-2] 当前位置：(0.00, 0.00, 0.00)-到达?:[MCU:False]-[POS:False]
1775399639.8071389 [navNode-2] [INFO] [1775399639.806879024] [navNode]: 状态2：Takeoff_wait--[TakeOff]
1775399639.8074787 [navNode-2] [INFO] [1775399639.807224367] [navNode]: 未到目标点
1775399639.8075612 [navNode-2] 目标位置：(0.00, 0.00, 0.70)-label[TakeOff] label2[]
1775399639.8076067 [navNode-2] 当前位置：(0.00, 0.00, 0.00)-到达?:[MCU:False]-[POS:False]
1775399639.9069898 [navNode-2] [INFO] [1775399639.906703105] [navNode]: 状态2：Takeoff_wait--[TakeOff]
1775399639.9073520 [navNode-2] [INFO] [1775399639.907081292] [navNode]: 未到目标点
1775399639.9074440 [navNode-2] 目标位置：(0.00, 0.00, 0.70)-label[TakeOff] label2[]
1775399639.9075043 [navNode-2] 当前位置：(0.00, 0.00, 0.00)-到达?:[MCU:False]-[POS:False]
1775399640.0073071 [navNode-2] [INFO] [1775399640.006929569] [navNode]: 状态2：Takeoff_wait--[TakeOff]
1775399640.0076830 [navNode-2] [INFO] [1775399640.007316650] [navNode]: 未到目标点
1775399640.0077791 [navNode-2] 目标位置：(0.00, 0.00, 0.70)-label[TakeOff] label2[]
1775399640.0078373 [navNode-2] 当前位置：(0.00, 0.00, 0.00)-到达?:[MCU:False]-[POS:False]
1775399640.1068146 [navNode-2] [INFO] [1775399640.106365845] [navNode]: 状态2：Takeoff_wait--[TakeOff]
1775399640.1071813 [navNode-2] [INFO] [1775399640.106783275] [navNode]: 未到目标点
1775399640.1072555 [navNode-2] 目标位置：(0.00, 0.00, 0.70)-label[TakeOff] label2[]
1775399640.1073024 [navNode-2] 当前位置：(0.00, 0.00, 0.00)-到达?:[MCU:False]-[POS:False]
1775399640.2067261 [navNode-2] [INFO] [1775399640.206394932] [navNode]: 状态2：Takeoff_wait--[TakeOff]
1775399640.2070649 [navNode-2] [INFO] [1775399640.206771344] [navNode]: 未到目标点
1775399640.2071605 [navNode-2] 目标位置：(0.00, 0.00, 0.70)-label[TakeOff] label2[]
1775399640.2072217 [navNode-2] 当前位置：(0.00, 0.00, 0.00)-到达?:[MCU:False]-[POS:False]
1775399640.3071232 [navNode-2] [INFO] [1775399640.306709835] [navNode]: 状态2：Takeoff_wait--[TakeOff]
1775399640.3075230 [navNode-2] [INFO] [1775399640.307104750] [navNode]: 未到目标点
1775399640.3076117 [navNode-2] 目标位置：(0.00, 0.00, 0.70)-label[TakeOff] label2[]
1775399640.3076761 [navNode-2] 当前位置：(0.00, 0.00, 0.00)-到达?:[MCU:False]-[POS:False]
1775399640.4073045 [navNode-2] [INFO] [1775399640.406990482] [navNode]: 状态2：Takeoff_wait--[TakeOff]
1775399640.4076622 [navNode-2] [INFO] [1775399640.407369984] [navNode]: 未到目标点
1775399640.4077718 [navNode-2] 目标位置：(0.00, 0.00, 0.70)-label[TakeOff] label2[]
1775399640.4078336 [navNode-2] 当前位置：(0.00, 0.00, 0.00)-到达?:[MCU:False]-[POS:False]
1775399640.5094049 [navNode-2] [INFO] [1775399640.508686909] [navNode]: 状态2：Takeoff_wait--[TakeOff]
1775399640.5102859 [navNode-2] [INFO] [1775399640.509812374] [navNode]: 未到目标点
1775399640.5106294 [navNode-2] 目标位置：(0.00, 0.00, 0.70)-label[TakeOff] label2[]
1775399640.5108495 [navNode-2] 当前位置：(0.00, 0.00, 0.00)-到达?:[MCU:False]-[POS:False]
1775399640.6068075 [navNode-2] [INFO] [1775399640.606401466] [navNode]: 状态2：Takeoff_wait--[TakeOff]
1775399640.6071420 [navNode-2] [INFO] [1775399640.606983930] [navNode]: 未到目标点
1775399640.6072173 [navNode-2] 目标位置：(0.00, 0.00, 0.70)-label[TakeOff] label2[]
1775399640.6072729 [navNode-2] 当前位置：(0.00, 0.00, 0.00)-到达?:[MCU:False]-[POS:False]
1775399640.7091544 [navNode-2] [INFO] [1775399640.708324879] [navNode]: 状态2：Takeoff_wait--[TakeOff]
1775399640.7099328 [navNode-2] [INFO] [1775399640.709335294] [navNode]: 未到目标点
1775399640.7101545 [navNode-2] 目标位置：(0.00, 0.00, 0.70)-label[TakeOff] label2[]
1775399640.7103007 [navNode-2] 当前位置：(0.00, 0.00, 0.00)-到达?:[MCU:False]-[POS:False]
1775399640.8071094 [navNode-2] [INFO] [1775399640.806751098] [navNode]: 状态2：Takeoff_wait--[TakeOff]
1775399640.8074262 [navNode-2] [INFO] [1775399640.807143169] [navNode]: 未到目标点
1775399640.8075044 [navNode-2] 目标位置：(0.00, 0.00, 0.70)-label[TakeOff] label2[]
1775399640.8075495 [navNode-2] 当前位置：(0.00, 0.00, 0.00)-到达?:[MCU:False]-[POS:False]
1775399640.9101760 [navNode-2] [INFO] [1775399640.909409689] [navNode]: 状态2：Takeoff_wait--[TakeOff]
1775399640.9110956 [navNode-2] [INFO] [1775399640.910593051] [navNode]: 未到目标点
1775399640.9113855 [navNode-2] 目标位置：(0.00, 0.00, 0.70)-label[TakeOff] label2[]
1775399640.9115181 [navNode-2] 当前位置：(0.00, 0.00, 0.00)-到达?:[MCU:False]-[POS:False]
1775399641.0096188 [navNode-2] [INFO] [1775399641.008769789] [navNode]: 状态2：Takeoff_wait--[TakeOff]
1775399641.0103703 [navNode-2] [INFO] [1775399641.010017640] [navNode]: 未到目标点
1775399641.0105917 [navNode-2] 目标位置：(0.00, 0.00, 0.70)-label[TakeOff] label2[]
1775399641.0107870 [navNode-2] 当前位置：(0.00, 0.00, 0.00)-到达?:[MCU:False]-[POS:False]
1775399641.1077158 [navNode-2] [INFO] [1775399641.107294565] [navNode]: 状态2：Takeoff_wait--[TakeOff]
1775399641.1080947 [navNode-2] [INFO] [1775399641.107682092] [navNode]: 未到目标点
1775399641.1081769 [navNode-2] 目标位置：(0.00, 0.00, 0.70)-label[TakeOff] label2[]
1775399641.1082170 [navNode-2] 当前位置：(0.00, 0.00, 0.00)-到达?:[MCU:False]-[POS:False]
1775399641.2068946 [navNode-2] [INFO] [1775399641.206583746] [navNode]: 状态2：Takeoff_wait--[TakeOff]
1775399641.2072251 [navNode-2] [INFO] [1775399641.206997269] [navNode]: 未到目标点
1775399641.2073071 [navNode-2] 目标位置：(0.00, 0.00, 0.70)-label[TakeOff] label2[]
1775399641.2073507 [navNode-2] 当前位置：(0.00, 0.00, 0.00)-到达?:[MCU:False]-[POS:False]
1775399641.3071396 [navNode-2] [INFO] [1775399641.306837901] [navNode]: 状态2：Takeoff_wait--[TakeOff]
1775399641.3076403 [navNode-2] [INFO] [1775399641.307244273] [navNode]: 未到目标点
1775399641.3077414 [navNode-2] 目标位置：(0.00, 0.00, 0.70)-label[TakeOff] label2[]
1775399641.3078053 [navNode-2] 当前位置：(0.00, 0.00, 0.00)-到达?:[MCU:False]-[POS:False]
1775399641.4094269 [navNode-2] [INFO] [1775399641.408735609] [navNode]: 状态2：Takeoff_wait--[TakeOff]
1775399641.4103198 [navNode-2] [INFO] [1775399641.409874201] [navNode]: 未到目标点
1775399641.4107387 [navNode-2] 目标位置：(0.00, 0.00, 0.70)-label[TakeOff] label2[]
1775399641.4111516 [navNode-2] 当前位置：(0.00, 0.00, 0.00)-到达?:[MCU:False]-[POS:False]
1775399641.5070095 [navNode-2] [INFO] [1775399641.506643948] [navNode]: 状态2：Takeoff_wait--[TakeOff]
1775399641.5073450 [navNode-2] [INFO] [1775399641.507046689] [navNode]: 未到目标点
1775399641.5074339 [navNode-2] 目标位置：(0.00, 0.00, 0.70)-label[TakeOff] label2[]
1775399641.5074937 [navNode-2] 当前位置：(0.00, 0.00, 0.00)-到达?:[MCU:False]-[POS:False]
1775399641.6071768 [navNode-2] [INFO] [1775399641.606830387] [navNode]: 状态2：Takeoff_wait--[TakeOff]
1775399641.6076219 [navNode-2] [INFO] [1775399641.607190798] [navNode]: 未到目标点
1775399641.6077268 [navNode-2] 目标位置：(0.00, 0.00, 0.70)-label[TakeOff] label2[]
1775399641.6078162 [navNode-2] 当前位置：(0.00, 0.00, 0.00)-到达?:[MCU:False]-[POS:False]
1775399641.7091761 [navNode-2] [INFO] [1775399641.708611102] [navNode]: 状态2：Takeoff_wait--[TakeOff]
1775399641.7095523 [navNode-2] [INFO] [1775399641.709014589] [navNode]: 未到目标点
1775399641.7096405 [navNode-2] 目标位置：(0.00, 0.00, 0.70)-label[TakeOff] label2[]
1775399641.7096872 [navNode-2] 当前位置：(0.00, 0.00, 0.00)-到达?:[MCU:False]-[POS:False]
1775399641.8077590 [navNode-2] [INFO] [1775399641.807402047] [navNode]: 状态2：Takeoff_wait--[TakeOff]
1775399641.8081336 [navNode-2] [INFO] [1775399641.807821734] [navNode]: 未到目标点
1775399641.8082314 [navNode-2] 目标位置：(0.00, 0.00, 0.70)-label[TakeOff] label2[]
1775399641.8082731 [navNode-2] 当前位置：(0.00, 0.00, 0.00)-到达?:[MCU:False]-[POS:False]
1775399641.9070959 [navNode-2] [INFO] [1775399641.906741503] [navNode]: 状态2：Takeoff_wait--[TakeOff]
1775399641.9074638 [navNode-2] [INFO] [1775399641.907129450] [navNode]: 未到目标点
1775399641.9075410 [navNode-2] 目标位置：(0.00, 0.00, 0.70)-label[TakeOff] label2[]
1775399641.9075844 [navNode-2] 当前位置：(0.00, 0.00, 0.00)-到达?:[MCU:False]-[POS:False]
1775399642.0069396 [navNode-2] [INFO] [1775399642.006610345] [navNode]: 状态2：Takeoff_wait--[TakeOff]
1775399642.0073247 [navNode-2] [INFO] [1775399642.007008553] [navNode]: 未到目标点
1775399642.0074060 [navNode-2] 目标位置：(0.00, 0.00, 0.70)-label[TakeOff] label2[]
1775399642.0074673 [navNode-2] 当前位置：(0.00, 0.00, 0.00)-到达?:[MCU:False]-[POS:False]
1775399642.1098733 [navNode-2] [INFO] [1775399642.109141784] [navNode]: 状态2：Takeoff_wait--[TakeOff]
1775399642.1112111 [navNode-2] [INFO] [1775399642.110792130] [navNode]: 未到目标点
1775399642.1114511 [navNode-2] 目标位置：(0.00, 0.00, 0.70)-label[TakeOff] label2[]
1775399642.1115439 [navNode-2] 当前位置：(0.00, 0.00, 0.00)-到达?:[MCU:False]-[POS:False]
1775399642.2070298 [navNode-2] [INFO] [1775399642.206647853] [navNode]: 状态2：Takeoff_wait--[TakeOff]
1775399642.2073982 [navNode-2] [INFO] [1775399642.207031232] [navNode]: 未到目标点
1775399642.2074714 [navNode-2] 目标位置：(0.00, 0.00, 0.70)-label[TakeOff] label2[]
1775399642.2075179 [navNode-2] 当前位置：(0.00, 0.00, 0.00)-到达?:[MCU:False]-[POS:False]
1775399642.3069520 [navNode-2] [INFO] [1775399642.306532082] [navNode]: 状态2：Takeoff_wait--[TakeOff]
1775399642.3075218 [navNode-2] [INFO] [1775399642.307343524] [navNode]: 未到目标点
1775399642.3076546 [navNode-2] 目标位置：(0.00, 0.00, 0.70)-label[TakeOff] label2[]
1775399642.3077233 [navNode-2] 当前位置：(0.00, 0.00, 0.00)-到达?:[MCU:False]-[POS:False]
1775399642.4074800 [navNode-2] [INFO] [1775399642.407073829] [navNode]: 状态2：Takeoff_wait--[TakeOff]
1775399642.4078276 [navNode-2] [INFO] [1775399642.407470773] [navNode]: 未到目标点
1775399642.4079859 [navNode-2] 目标位置：(0.00, 0.00, 0.70)-label[TakeOff] label2[]
1775399642.4081154 [navNode-2] 当前位置：(0.00, 0.00, 0.00)-到达?:[MCU:False]-[POS:False]
1775399642.5072477 [navNode-2] [INFO] [1775399642.506883395] [navNode]: 状态2：Takeoff_wait--[TakeOff]
1775399642.5076349 [navNode-2] [INFO] [1775399642.507267647] [navNode]: 未到目标点
1775399642.5077195 [navNode-2] 目标位置：(0.00, 0.00, 0.70)-label[TakeOff] label2[]
1775399642.5077643 [navNode-2] 当前位置：(0.00, 0.00, 0.00)-到达?:[MCU:False]-[POS:False]
1775399642.6073084 [navNode-2] [INFO] [1775399642.606892960] [navNode]: 状态2：Takeoff_wait--[TakeOff]
1775399642.6077023 [navNode-2] [INFO] [1775399642.607269322] [navNode]: 未到目标点
1775399642.6077883 [navNode-2] 目标位置：(0.00, 0.00, 0.70)-label[TakeOff] label2[]
1775399642.6078503 [navNode-2] 当前位置：(0.00, 0.00, 0.00)-到达?:[MCU:False]-[POS:False]
1775399642.7072690 [navNode-2] [INFO] [1775399642.706902666] [navNode]: 状态2：Takeoff_wait--[TakeOff]
1775399642.7076344 [navNode-2] [INFO] [1775399642.707298298] [navNode]: 未到目标点
1775399642.7077146 [navNode-2] 目标位置：(0.00, 0.00, 0.70)-label[TakeOff] label2[]
1775399642.7077587 [navNode-2] 当前位置：(0.00, 0.00, 0.00)-到达?:[MCU:False]-[POS:False]
1775399642.8071065 [navNode-2] [INFO] [1775399642.806812630] [navNode]: 状态2：Takeoff_wait--[TakeOff]
1775399642.8074682 [navNode-2] [INFO] [1775399642.807198218] [navNode]: 未到目标点
1775399642.8075347 [navNode-2] 目标位置：(0.00, 0.00, 0.70)-label[TakeOff] label2[]
1775399642.8075697 [navNode-2] 当前位置：(0.00, 0.00, 0.00)-到达?:[MCU:False]-[POS:False]
1775399642.9073601 [navNode-2] [INFO] [1775399642.907043937] [navNode]: 状态2：Takeoff_wait--[TakeOff]
1775399642.9077051 [navNode-2] [INFO] [1775399642.907434535] [navNode]: 未到目标点
1775399642.9077666 [navNode-2] 目标位置：(0.00, 0.00, 0.70)-label[TakeOff] label2[]
1775399642.9078009 [navNode-2] 当前位置：(0.00, 0.00, 0.00)-到达?:[MCU:False]-[POS:False]
1775399643.0069928 [navNode-2] [INFO] [1775399643.006606894] [navNode]: 状态2：Takeoff_wait--[TakeOff]
1775399643.0072982 [navNode-2] [INFO] [1775399643.007002711] [navNode]: 未到目标点
1775399643.0073497 [navNode-2] 目标位置：(0.00, 0.00, 0.70)-label[TakeOff] label2[]
1775399643.0073891 [navNode-2] 当前位置：(0.00, 0.00, 0.00)-到达?:[MCU:False]-[POS:False]
1775399643.1068339 [navNode-2] [INFO] [1775399643.106452847] [navNode]: 状态2：Takeoff_wait--[TakeOff]
1775399643.1071780 [navNode-2] [INFO] [1775399643.106834999] [navNode]: 未到目标点
1775399643.1072321 [navNode-2] 目标位置：(0.00, 0.00, 0.70)-label[TakeOff] label2[]
1775399643.1072683 [navNode-2] 当前位置：(0.00, 0.00, 0.00)-到达?:[MCU:False]-[POS:False]
1775399643.2068756 [navNode-2] [INFO] [1775399643.206566383] [navNode]: 状态2：Takeoff_wait--[TakeOff]
1775399643.2071936 [navNode-2] [INFO] [1775399643.206929204] [navNode]: 未到目标点
1775399643.2072513 [navNode-2] 目标位置：(0.00, 0.00, 0.70)-label[TakeOff] label2[]
1775399643.2072861 [navNode-2] 当前位置：(0.00, 0.00, 0.00)-到达?:[MCU:False]-[POS:False]
1775399643.3069713 [navNode-2] [INFO] [1775399643.306593693] [navNode]: 状态2：Takeoff_wait--[TakeOff]
1775399643.3072922 [navNode-2] [INFO] [1775399643.306975916] [navNode]: 未到目标点
1775399643.3073452 [navNode-2] 目标位置：(0.00, 0.00, 0.70)-label[TakeOff] label2[]
1775399643.3073776 [navNode-2] 当前位置：(0.00, 0.00, 0.00)-到达?:[MCU:False]-[POS:False]
1775399643.4067721 [navNode-2] [INFO] [1775399643.406433311] [navNode]: 状态2：Takeoff_wait--[TakeOff]
1775399643.4071805 [navNode-2] [INFO] [1775399643.406851847] [navNode]: 未到目标点
1775399643.4072430 [navNode-2] 目标位置：(0.00, 0.00, 0.70)-label[TakeOff] label2[]
1775399643.4072816 [navNode-2] 当前位置：(0.00, 0.00, 0.00)-到达?:[MCU:False]-[POS:False]
1775399643.5071547 [navNode-2] [INFO] [1775399643.506834600] [navNode]: 状态2：Takeoff_wait--[TakeOff]
1775399643.5075848 [navNode-2] [INFO] [1775399643.507246387] [navNode]: 未到目标点
1775399643.5076933 [navNode-2] 目标位置：(0.00, 0.00, 0.70)-label[TakeOff] label2[]
1775399643.5077417 [navNode-2] 当前位置：(0.00, 0.00, 0.00)-到达?:[MCU:False]-[POS:False]
1775399643.6069210 [navNode-2] [INFO] [1775399643.606521013] [navNode]: 状态2：Takeoff_wait--[TakeOff]
1775399643.6072626 [navNode-2] [INFO] [1775399643.606960574] [navNode]: 未到目标点
1775399643.6073732 [navNode-2] 目标位置：(0.00, 0.00, 0.70)-label[TakeOff] label2[]
1775399643.6074340 [navNode-2] 当前位置：(0.00, 0.00, 0.00)-到达?:[MCU:False]-[POS:False]
1775399643.7074845 [navNode-2] [INFO] [1775399643.707059953] [navNode]: 状态2：Takeoff_wait--[TakeOff]
1775399643.7079425 [navNode-2] [INFO] [1775399643.707558735] [navNode]: 未到目标点
1775399643.7080555 [navNode-2] 目标位置：(0.00, 0.00, 0.70)-label[TakeOff] label2[]
1775399643.7081175 [navNode-2] 当前位置：(0.00, 0.00, 0.00)-到达?:[MCU:False]-[POS:False]
1775399643.8071363 [navNode-2] [INFO] [1775399643.806796691] [navNode]: 状态2：Takeoff_wait--[TakeOff]
1775399643.8076119 [navNode-2] [INFO] [1775399643.807296695] [navNode]: 未到目标点
1775399643.8077145 [navNode-2] 目标位置：(0.00, 0.00, 0.70)-label[TakeOff] label2[]
1775399643.8077798 [navNode-2] 当前位置：(0.00, 0.00, 0.00)-到达?:[MCU:False]-[POS:False]
1775399643.9073646 [navNode-2] [INFO] [1775399643.907022731] [navNode]: 状态2：Takeoff_wait--[TakeOff]
1775399643.9077809 [navNode-2] [INFO] [1775399643.907443705] [navNode]: 未到目标点
1775399643.9078608 [navNode-2] 目标位置：(0.00, 0.00, 0.70)-label[TakeOff] label2[]
1775399643.9079072 [navNode-2] 当前位置：(0.00, 0.00, 0.00)-到达?:[MCU:False]-[POS:False]
1775399644.0068908 [navNode-2] [INFO] [1775399644.006551840] [navNode]: 状态2：Takeoff_wait--[TakeOff]
1775399644.0072896 [navNode-2] [INFO] [1775399644.006991677] [navNode]: 未到目标点
1775399644.0073781 [navNode-2] 目标位置：(0.00, 0.00, 0.70)-label[TakeOff] label2[]
1775399644.0074282 [navNode-2] 当前位置：(0.00, 0.00, 0.00)-到达?:[MCU:False]-[POS:False]
1775399644.1070514 [navNode-2] [INFO] [1775399644.106643497] [navNode]: 状态2：Takeoff_wait--[TakeOff]
1775399644.1075077 [navNode-2] [INFO] [1775399644.107024295] [navNode]: 未到目标点
1775399644.1076329 [navNode-2] 目标位置：(0.00, 0.00, 0.70)-label[TakeOff] label2[]
1775399644.1076763 [navNode-2] 当前位置：(0.00, 0.00, 0.00)-到达?:[MCU:False]-[POS:False]
1775399644.2071865 [navNode-2] [INFO] [1775399644.206896156] [navNode]: 状态2：Takeoff_wait--[TakeOff]
1775399644.2075391 [navNode-2] [INFO] [1775399644.207321626] [navNode]: 未到目标点
1775399644.2076223 [navNode-2] 目标位置：(0.00, 0.00, 0.70)-label[TakeOff] label2[]
1775399644.2076626 [navNode-2] 当前位置：(0.00, 0.00, 0.00)-到达?:[MCU:False]-[POS:False]
1775399644.3072093 [navNode-2] [INFO] [1775399644.306898218] [navNode]: 状态2：Takeoff_wait--[TakeOff]
1775399644.3075457 [navNode-2] [INFO] [1775399644.307257587] [navNode]: 未到目标点
1775399644.3076375 [navNode-2] 目标位置：(0.00, 0.00, 0.70)-label[TakeOff] label2[]
1775399644.3076766 [navNode-2] 当前位置：(0.00, 0.00, 0.00)-到达?:[MCU:False]-[POS:False]
1775399644.4070244 [navNode-2] [INFO] [1775399644.406714321] [navNode]: 状态2：Takeoff_wait--[TakeOff]
1775399644.4073625 [navNode-2] [INFO] [1775399644.407116274] [navNode]: 未到目标点
1775399644.4074645 [navNode-2] 目标位置：(0.00, 0.00, 0.70)-label[TakeOff] label2[]
1775399644.4075108 [navNode-2] 当前位置：(0.00, 0.00, 0.00)-到达?:[MCU:False]-[POS:False]
1775399644.5068009 [navNode-2] [INFO] [1775399644.506477608] [navNode]: 状态2：Takeoff_wait--[TakeOff]
1775399644.5072019 [navNode-2] [INFO] [1775399644.506916802] [navNode]: 未到目标点
1775399644.5072706 [navNode-2] 目标位置：(0.00, 0.00, 0.70)-label[TakeOff] label2[]
1775399644.5073221 [navNode-2] 当前位置：(0.00, 0.00, 0.00)-到达?:[MCU:False]-[POS:False]
1775399644.6080737 [navNode-2] [INFO] [1775399644.607320723] [navNode]: 状态2：Takeoff_wait--[TakeOff]
1775399644.6085384 [navNode-2] [INFO] [1775399644.608045538] [navNode]: 未到目标点
1775399644.6086268 [navNode-2] 目标位置：(0.00, 0.00, 0.70)-label[TakeOff] label2[]
1775399644.6086679 [navNode-2] 当前位置：(0.00, 0.00, 0.00)-到达?:[MCU:False]-[POS:False]
1775399644.7069902 [navNode-2] [INFO] [1775399644.706638546] [navNode]: 状态2：Takeoff_wait--[TakeOff]
1775399644.7074614 [navNode-2] [INFO] [1775399644.707146526] [navNode]: 未到目标点
1775399644.7075408 [navNode-2] 目标位置：(0.00, 0.00, 0.70)-label[TakeOff] label2[]
1775399644.7076020 [navNode-2] 当前位置：(0.00, 0.00, 0.00)-到达?:[MCU:False]-[POS:False]
1775399644.8072898 [navNode-2] [INFO] [1775399644.806803733] [navNode]: 状态2：Takeoff_wait--[TakeOff]
1775399644.8076847 [navNode-2] [INFO] [1775399644.807279599] [navNode]: 未到目标点
1775399644.8077846 [navNode-2] 目标位置：(0.00, 0.00, 0.70)-label[TakeOff] label2[]
1775399644.8078563 [navNode-2] 当前位置：(0.00, 0.00, 0.00)-到达?:[MCU:False]-[POS:False]
1775399644.9070194 [navNode-2] [INFO] [1775399644.906687989] [navNode]: 状态2：Takeoff_wait--[TakeOff]
1775399644.9074178 [navNode-2] [INFO] [1775399644.907107024] [navNode]: 未到目标点
1775399644.9075196 [navNode-2] 目标位置：(0.00, 0.00, 0.70)-label[TakeOff] label2[]
1775399644.9075966 [navNode-2] 当前位置：(0.00, 0.00, 0.00)-到达?:[MCU:False]-[POS:False]
1775399645.0069840 [navNode-2] [INFO] [1775399645.006660104] [navNode]: 状态2：Takeoff_wait--[TakeOff]
1775399645.0074384 [navNode-2] [INFO] [1775399645.007162994] [navNode]: 未到目标点
1775399645.0075467 [navNode-2] 目标位置：(0.00, 0.00, 0.70)-label[TakeOff] label2[]
1775399645.0075963 [navNode-2] 当前位置：(0.00, 0.00, 0.00)-到达?:[MCU:False]-[POS:False]
1775399645.1075375 [navNode-2] [INFO] [1775399645.107219325] [navNode]: 状态2：Takeoff_wait--[TakeOff]
1775399645.1079440 [navNode-2] [INFO] [1775399645.107637059] [navNode]: 未到目标点
1775399645.1080184 [navNode-2] 目标位置：(0.00, 0.00, 0.70)-label[TakeOff] label2[]
1775399645.1080575 [navNode-2] 当前位置：(0.00, 0.00, 0.00)-到达?:[MCU:False]-[POS:False]
1775399645.2069426 [navNode-2] [INFO] [1775399645.206623462] [navNode]: 状态2：Takeoff_wait--[TakeOff]
1775399645.2073002 [navNode-2] [INFO] [1775399645.207068580] [navNode]: 未到目标点
1775399645.2074354 [navNode-2] 目标位置：(0.00, 0.00, 0.70)-label[TakeOff] label2[]
1775399645.2075303 [navNode-2] 当前位置：(0.00, 0.00, 0.00)-到达?:[MCU:False]-[POS:False]
1775399645.3070076 [navNode-2] [INFO] [1775399645.306617628] [navNode]: 状态2：Takeoff_wait--[TakeOff]
1775399645.3074453 [navNode-2] [INFO] [1775399645.307033456] [navNode]: 未到目标点
1775399645.3075573 [navNode-2] 目标位置：(0.00, 0.00, 0.70)-label[TakeOff] label2[]
1775399645.3076184 [navNode-2] 当前位置：(0.00, 0.00, 0.00)-到达?:[MCU:False]-[POS:False]
1775399645.4069333 [navNode-2] [INFO] [1775399645.406610936] [navNode]: 状态2：Takeoff_wait--[TakeOff]
1775399645.4073570 [navNode-2] [INFO] [1775399645.407116192] [navNode]: 未到目标点
1775399645.4074714 [navNode-2] 目标位置：(0.00, 0.00, 0.70)-label[TakeOff] label2[]
1775399645.4075310 [navNode-2] 当前位置：(0.00, 0.00, 0.00)-到达?:[MCU:False]-[POS:False]
1775399645.5069404 [navNode-2] [INFO] [1775399645.506611176] [navNode]: 状态2：Takeoff_wait--[TakeOff]
1775399645.5073297 [navNode-2] [INFO] [1775399645.507028278] [navNode]: 未到目标点
1775399645.5074420 [navNode-2] 目标位置：(0.00, 0.00, 0.70)-label[TakeOff] label2[]
1775399645.5074894 [navNode-2] 当前位置：(0.00, 0.00, 0.00)-到达?:[MCU:False]-[POS:False]
1775399645.6072104 [navNode-2] [INFO] [1775399645.606869012] [navNode]: 状态2：Takeoff_wait--[TakeOff]
1775399645.6076276 [navNode-2] [INFO] [1775399645.607289082] [navNode]: 未到目标点
1775399645.6077230 [navNode-2] 目标位置：(0.00, 0.00, 0.70)-label[TakeOff] label2[]
1775399645.6077631 [navNode-2] 当前位置：(0.00, 0.00, 0.00)-到达?:[MCU:False]-[POS:False]
1775399645.7072768 [navNode-2] [INFO] [1775399645.706795551] [navNode]: 状态2：Takeoff_wait--[TakeOff]
1775399645.7078152 [navNode-2] [INFO] [1775399645.707240764] [navNode]: 未到目标点
1775399645.7079778 [navNode-2] 目标位置：(0.00, 0.00, 0.70)-label[TakeOff] label2[]
1775399645.7080352 [navNode-2] 当前位置：(0.00, 0.00, 0.00)-到达?:[MCU:False]-[POS:False]
1775399645.8070357 [navNode-2] [INFO] [1775399645.806724394] [navNode]: 状态2：Takeoff_wait--[TakeOff]
1775399645.8074265 [navNode-2] [INFO] [1775399645.807129269] [navNode]: 未到目标点
1775399645.8075354 [navNode-2] 目标位置：(0.00, 0.00, 0.70)-label[TakeOff] label2[]
1775399645.8076041 [navNode-2] 当前位置：(0.00, 0.00, 0.00)-到达?:[MCU:False]-[POS:False]
1775399645.9091780 [navNode-2] [INFO] [1775399645.908397504] [navNode]: 状态2：Takeoff_wait--[TakeOff]
1775399645.9100578 [navNode-2] [INFO] [1775399645.909537362] [navNode]: 未到目标点
1775399645.9102838 [navNode-2] 目标位置：(0.00, 0.00, 0.70)-label[TakeOff] label2[]
1775399645.9104028 [navNode-2] 当前位置：(0.00, 0.00, 0.00)-到达?:[MCU:False]-[POS:False]
1775399646.0065801 [navNode-2] [INFO] [1775399646.006280861] [navNode]: 状态2：Takeoff_wait--[TakeOff]
1775399646.0070410 [navNode-2] [INFO] [1775399646.006937133] [navNode]: 未到目标点
1775399646.0071344 [navNode-2] 目标位置：(0.00, 0.00, 0.70)-label[TakeOff] label2[]
1775399646.0071955 [navNode-2] 当前位置：(0.00, 0.00, 0.00)-到达?:[MCU:False]-[POS:False]
1775399646.1087263 [navNode-2] [INFO] [1775399646.107969901] [navNode]: 状态2：Takeoff_wait--[TakeOff]
1775399646.1094439 [navNode-2] [INFO] [1775399646.109027690] [navNode]: 未到目标点
1775399646.1096785 [navNode-2] 目标位置：(0.00, 0.00, 0.70)-label[TakeOff] label2[]
1775399646.1098197 [navNode-2] 当前位置：(0.00, 0.00, 0.00)-到达?:[MCU:False]-[POS:False]
1775399646.1962204 [myMain-1] [INFO] [1775399646.195863912] [Ground]: 发送 shutdown-navNode 成功
1775399646.1966040 [navNode-2] [INFO] [1775399646.196395332] [navNode]: 收到来自UI的请求：shutdown-navNode
1775399646.1971750 [navNode-2] [WARN] [1775399646.196968631] [navNode]: navNodeshutdown-navNode
1775399646.1985922 [myMain-1] [INFO] [1775399646.198364519] [Ground]: shutdown-navNode 响应成功 → shutdown-navNode关闭节点
1775399646.2289293 [navNode-2] The following exception was never retrieved: Tried to use a handle that has been destroyed.
1775399646.2354887 [INFO] [navNode-2]: process has finished cleanly [pid 40532]
1775399646.8923252 [INFO] [myMain-1]: process has finished cleanly [pid 40530]
