1773902804.7572935 [INFO] [launch]: All log files can be found below /home/focal/Desktop/2024_GroundStation/run_log/2026-03-18-23-46-44-752969-ubuntu-4026
1773902804.7578154 [INFO] [launch]: Default logging verbosity is set to INFO
1773902805.1034727 [INFO] [logical-1]: process started with pid [4052]
1773902809.0702546 [logical-1] [INFO] [1773902809.069578429] [Ground]: ros2 node launch success:Ground!
1773902828.3357997 [logical-1] [INFO] [1773902828.335502107] [Ground]: takeoff 发送成功 → 飞行站已调用：takeoff服务
1773902894.8526967 [logical-1] [INFO] [1773902894.852385154] [Ground]: land 发送成功 → 飞行站已调用：land服务
1773903914.8004487 [logical-1] [INFO] [1773903914.799943648] [Ground]: 识别到QR码: 22
1773903915.0083315 [logical-1] [INFO] [1773903915.007943508] [Ground]: 识别到QR码: 22
1773903915.6095550 [logical-1] [INFO] [1773903915.609251591] [Ground]: 识别到QR码: 22
1773903916.0144374 [logical-1] [INFO] [1773903916.013965741] [Ground]: 识别到QR码: 22
1773903917.5279322 [logical-1] [INFO] [1773903917.527657370] [Ground]: 识别到QR码: 22
1773903917.7218444 [logical-1] [INFO] [1773903917.721410547] [Ground]: 识别到QR码: 22
1773903917.8301625 [logical-1] [INFO] [1773903917.829761544] [Ground]: 识别到QR码: 22
1773903918.5392125 [logical-1] [INFO] [1773903918.538901452] [Ground]: 识别到QR码: 22
1773903918.6368115 [logical-1] [INFO] [1773903918.636403049] [Ground]: 识别到QR码: 22
1773903918.7369232 [logical-1] [INFO] [1773903918.736634373] [Ground]: 识别到QR码: 22
1773903918.8451586 [logical-1] [INFO] [1773903918.844881175] [Ground]: 识别到QR码: 22
1773903918.9377456 [logical-1] [INFO] [1773903918.937401247] [Ground]: 识别到QR码: 22
1773903919.0459566 [logical-1] [INFO] [1773903919.045643208] [Ground]: 识别到QR码: 22
1773903919.1421316 [logical-1] [INFO] [1773903919.141797151] [Ground]: 识别到QR码: 22
1773903919.2451723 [logical-1] [INFO] [1773903919.244810099] [Ground]: 识别到QR码: 22
1773903919.3468537 [logical-1] [INFO] [1773903919.346530751] [Ground]: 识别到QR码: 22
1773903919.4365194 [logical-1] [INFO] [1773903919.436180163] [Ground]: 识别到QR码: 22
1773903919.5403941 [logical-1] [INFO] [1773903919.539961859] [Ground]: 识别到QR码: 22
1773903919.6543496 [logical-1] [INFO] [1773903919.653925298] [Ground]: 识别到QR码: 22
1773903919.7528760 [logical-1] [INFO] [1773903919.752501444] [Ground]: 识别到QR码: 22
1773903919.8537068 [logical-1] [INFO] [1773903919.853428772] [Ground]: 识别到QR码: 22
1773903919.9621437 [logical-1] [INFO] [1773903919.961555780] [Ground]: 识别到QR码: 22
1773903920.0487130 [logical-1] [INFO] [1773903920.048427446] [Ground]: 识别到QR码: 22
1773903920.1584713 [logical-1] [INFO] [1773903920.158194738] [Ground]: 识别到QR码: 22
1773903920.2489803 [logical-1] [INFO] [1773903920.248677677] [Ground]: 识别到QR码: 22
1773903920.3526602 [logical-1] [INFO] [1773903920.352363225] [Ground]: 识别到QR码: 22
1773903920.4548001 [logical-1] [INFO] [1773903920.454510126] [Ground]: 识别到QR码: 22
1773903920.5491254 [logical-1] [INFO] [1773903920.548810967] [Ground]: 识别到QR码: 22
1773903920.6485534 [logical-1] [INFO] [1773903920.648257512] [Ground]: 识别到QR码: 22
1773903920.7455568 [logical-1] [INFO] [1773903920.745135943] [Ground]: 识别到QR码: 22
1773903920.8463998 [logical-1] [INFO] [1773903920.845922747] [Ground]: 识别到QR码: 22
1773903920.9646356 [logical-1] [INFO] [1773903920.964346521] [Ground]: 识别到QR码: 22
1773903921.0795813 [logical-1] [INFO] [1773903921.079279165] [Ground]: 识别到QR码: 22
1773903921.1555479 [logical-1] [INFO] [1773903921.155263662] [Ground]: 识别到QR码: 22
1773903921.2625813 [logical-1] [INFO] [1773903921.262186716] [Ground]: 识别到QR码: 22
1773903921.3756254 [logical-1] [INFO] [1773903921.375252661] [Ground]: 识别到QR码: 22
1773903921.4705944 [logical-1] [INFO] [1773903921.470244873] [Ground]: 识别到QR码: 22
1773903921.5596957 [logical-1] [INFO] [1773903921.559384313] [Ground]: 识别到QR码: 22
1773903921.6767111 [logical-1] [INFO] [1773903921.676367052] [Ground]: 识别到QR码: 22
1773903921.7552929 [logical-1] [INFO] [1773903921.754977452] [Ground]: 识别到QR码: 22
1773903921.8851202 [logical-1] [INFO] [1773903921.884833719] [Ground]: 识别到QR码: 22
1773903922.1849296 [logical-1] [INFO] [1773903922.184509634] [Ground]: 识别到QR码: 22
1773903922.1921308 [logical-1] [INFO] [1773903922.191601393] [Ground]: 识别到QR码: 22
1773903922.1938608 [logical-1] [INFO] [1773903922.193602959] [Ground]: 识别到QR码: 22
1773903922.2731035 [logical-1] [INFO] [1773903922.272789337] [Ground]: 识别到QR码: 22
1773903922.3868403 [logical-1] [INFO] [1773903922.386446240] [Ground]: 识别到QR码: 22
1773903922.4721386 [logical-1] [INFO] [1773903922.471800305] [Ground]: 识别到QR码: 22
1773903922.5689995 [logical-1] [INFO] [1773903922.568679505] [Ground]: 识别到QR码: 22
1773903922.6721044 [logical-1] [INFO] [1773903922.671825586] [Ground]: 识别到QR码: 22
1773903922.7899978 [logical-1] [INFO] [1773903922.789711906] [Ground]: 识别到QR码: 22
1773903922.8751774 [logical-1] [INFO] [1773903922.874372705] [Ground]: 识别到QR码: 22
1773903922.9718697 [logical-1] [INFO] [1773903922.971534549] [Ground]: 识别到QR码: 22
1773903923.0764775 [logical-1] [INFO] [1773903923.076101705] [Ground]: 识别到QR码: 22
1773903923.1717980 [logical-1] [INFO] [1773903923.171354871] [Ground]: 识别到QR码: 22
1773903923.2744508 [logical-1] [INFO] [1773903923.274181466] [Ground]: 识别到QR码: 22
1773903923.3946643 [logical-1] [INFO] [1773903923.394258552] [Ground]: 识别到QR码: 22
1773903923.4770904 [logical-1] [INFO] [1773903923.476813291] [Ground]: 识别到QR码: 22
1773903923.5821576 [logical-1] [INFO] [1773903923.581833453] [Ground]: 识别到QR码: 22
1773903923.7107592 [logical-1] [INFO] [1773903923.710445597] [Ground]: 识别到QR码: 22
1773903923.7755883 [logical-1] [INFO] [1773903923.775309504] [Ground]: 识别到QR码: 22
1773903923.8844719 [logical-1] [INFO] [1773903923.883987834] [Ground]: 识别到QR码: 22
1773903923.9844007 [logical-1] [INFO] [1773903923.984106988] [Ground]: 识别到QR码: 22
1773903924.0755515 [logical-1] [INFO] [1773903924.075144233] [Ground]: 识别到QR码: 22
1773903924.1840632 [logical-1] [INFO] [1773903924.183721350] [Ground]: 识别到QR码: 22
1773903924.2764158 [logical-1] [INFO] [1773903924.276111453] [Ground]: 识别到QR码: 22
1773903924.3815842 [logical-1] [INFO] [1773903924.381325196] [Ground]: 识别到QR码: 22
1773903924.4871814 [logical-1] [INFO] [1773903924.486796152] [Ground]: 识别到QR码: 22
1773903924.5859194 [logical-1] [INFO] [1773903924.585546170] [Ground]: 识别到QR码: 22
1773903924.6972826 [logical-1] [INFO] [1773903924.696927045] [Ground]: 识别到QR码: 22
1773903924.7888198 [logical-1] [INFO] [1773903924.788471288] [Ground]: 识别到QR码: 22
1773903924.8885293 [logical-1] [INFO] [1773903924.887476623] [Ground]: 识别到QR码: 22
1773903924.9982307 [logical-1] [INFO] [1773903924.997844257] [Ground]: 识别到QR码: 22
1773903925.0938416 [logical-1] [INFO] [1773903925.093543504] [Ground]: 识别到QR码: 22
1773903925.1853566 [logical-1] [INFO] [1773903925.185060388] [Ground]: 识别到QR码: 22
1773903925.2892883 [logical-1] [INFO] [1773903925.288892907] [Ground]: 识别到QR码: 22
1773903925.3924174 [logical-1] [INFO] [1773903925.392024511] [Ground]: 识别到QR码: 22
1773903925.5274141 [logical-1] [INFO] [1773903925.526935024] [Ground]: 识别到QR码: 22
1773903925.5946395 [logical-1] [INFO] [1773903925.594399131] [Ground]: 识别到QR码: 22
1773903925.6918542 [logical-1] [INFO] [1773903925.691478101] [Ground]: 识别到QR码: 22
1773903925.8386228 [logical-1] [INFO] [1773903925.838263172] [Ground]: 识别到QR码: 22
1773903925.9031703 [logical-1] [INFO] [1773903925.902778203] [Ground]: 识别到QR码: 22
1773903925.9983828 [logical-1] [INFO] [1773903925.997989671] [Ground]: 识别到QR码: 22
1773903926.1072652 [logical-1] [INFO] [1773903926.106713400] [Ground]: 识别到QR码: 22
1773903926.2089155 [logical-1] [INFO] [1773903926.208633904] [Ground]: 识别到QR码: 22
1773903926.2952278 [logical-1] [INFO] [1773903926.294934351] [Ground]: 识别到QR码: 22
1773903926.4011807 [logical-1] [INFO] [1773903926.400771188] [Ground]: 识别到QR码: 22
1773903926.5204954 [logical-1] [INFO] [1773903926.520182552] [Ground]: 识别到QR码: 22
1773903926.6201422 [logical-1] [INFO] [1773903926.619707367] [Ground]: 识别到QR码: 22
1773903926.6990361 [logical-1] [INFO] [1773903926.698693768] [Ground]: 识别到QR码: 22
1773903926.8120015 [logical-1] [INFO] [1773903926.811708829] [Ground]: 识别到QR码: 22
1773903926.9123139 [logical-1] [INFO] [1773903926.911972579] [Ground]: 识别到QR码: 22
1773903927.0187902 [logical-1] [INFO] [1773903927.018145231] [Ground]: 识别到QR码: 22
1773903927.1101227 [logical-1] [INFO] [1773903927.109801896] [Ground]: 识别到QR码: 22
1773903927.2037961 [logical-1] [INFO] [1773903927.203472033] [Ground]: 识别到QR码: 22
1773903927.3102677 [logical-1] [INFO] [1773903927.309892699] [Ground]: 识别到QR码: 22
1773903927.4389148 [logical-1] [INFO] [1773903927.438461667] [Ground]: 识别到QR码: 22
1773903927.5296621 [logical-1] [INFO] [1773903927.529306841] [Ground]: 识别到QR码: 22
1773903927.6508713 [logical-1] [INFO] [1773903927.650495358] [Ground]: 识别到QR码: 22
1773903927.7191508 [logical-1] [INFO] [1773903927.718850507] [Ground]: 识别到QR码: 22
1773903927.8170750 [logical-1] [INFO] [1773903927.816812297] [Ground]: 识别到QR码: 22
1773903927.9211349 [logical-1] [INFO] [1773903927.920760603] [Ground]: 识别到QR码: 22
1773903928.0126779 [logical-1] [INFO] [1773903928.012363736] [Ground]: 识别到QR码: 22
1773903928.1286650 [logical-1] [INFO] [1773903928.128035068] [Ground]: 识别到QR码: 22
1773903928.2376285 [logical-1] [INFO] [1773903928.237326139] [Ground]: 识别到QR码: 22
1773903928.3269086 [logical-1] [INFO] [1773903928.326456847] [Ground]: 识别到QR码: 22
1773903928.4233568 [logical-1] [INFO] [1773903928.423058091] [Ground]: 识别到QR码: 22
1773903928.5168753 [logical-1] [INFO] [1773903928.516524530] [Ground]: 识别到QR码: 22
1773903928.6139357 [logical-1] [INFO] [1773903928.613624726] [Ground]: 识别到QR码: 22
1773903928.7279255 [logical-1] [INFO] [1773903928.727628606] [Ground]: 识别到QR码: 22
1773903928.8206456 [logical-1] [INFO] [1773903928.820115237] [Ground]: 识别到QR码: 22
1773903928.9259722 [logical-1] [INFO] [1773903928.925660810] [Ground]: 识别到QR码: 22
1773903929.0338180 [logical-1] [INFO] [1773903929.033437815] [Ground]: 识别到QR码: 22
1773903929.1349735 [logical-1] [INFO] [1773903929.134679546] [Ground]: 识别到QR码: 22
1773903929.2262764 [logical-1] [INFO] [1773903929.225728107] [Ground]: 识别到QR码: 22
1773903929.3353016 [logical-1] [INFO] [1773903929.334825051] [Ground]: 识别到QR码: 22
1773903930.0445521 [logical-1] [INFO] [1773903930.044242351] [Ground]: 识别到QR码: 22
1773903930.1404414 [logical-1] [INFO] [1773903930.140091696] [Ground]: 识别到QR码: 22
1773903930.2325337 [logical-1] [INFO] [1773903930.232294033] [Ground]: 识别到QR码: 22
1773903930.3324134 [logical-1] [INFO] [1773903930.332037982] [Ground]: 识别到QR码: 22
1773903930.4378381 [logical-1] [INFO] [1773903930.437472181] [Ground]: 识别到QR码: 22
1773903930.5475757 [logical-1] [INFO] [1773903930.547278795] [Ground]: 识别到QR码: 22
1773903930.6517079 [logical-1] [INFO] [1773903930.651275717] [Ground]: 识别到QR码: 22
1773903930.7447624 [logical-1] [INFO] [1773903930.744461458] [Ground]: 识别到QR码: 22
1773903930.8396437 [logical-1] [INFO] [1773903930.839269148] [Ground]: 识别到QR码: 22
1773903930.9432991 [logical-1] [INFO] [1773903930.943007546] [Ground]: 识别到QR码: 22
1773905320.1364286 [logical-1] [INFO] [1773905320.134480629] [Ground]: takeoff 发送成功 → 飞行站已调用：takeoff服务
1773905816.8892324 [logical-1] [INFO] [1773905816.888783827] [Ground]: takeoff 发送成功 → 飞行站已调用：takeoff服务
1773905831.2224724 [logical-1] [INFO] [1773905831.222152041] [Ground]: land 发送成功 → 飞行站已调用：land服务
1773905831.4134948 [logical-1] [INFO] [1773905831.413190672] [Ground]: land 发送成功 → 飞行站已调用：land服务
1773905831.5833395 [logical-1] [INFO] [1773905831.583001484] [Ground]: land 发送成功 → 飞行站已调用：land服务
1773905831.7373009 [logical-1] [INFO] [1773905831.737003006] [Ground]: land 发送成功 → 飞行站已调用：land服务
1773906247.5025539 [logical-1] [INFO] [1773906247.502120390] [Ground]: takeoff 发送成功 → 飞行站已调用：takeoff服务
1773906273.6458070 [logical-1] [INFO] [1773906273.645364337] [Ground]: land 发送成功 → 飞行站已调用：land服务
1773906273.8231595 [logical-1] [INFO] [1773906273.822738859] [Ground]: land 发送成功 → 飞行站已调用：land服务
1773906274.0142772 [logical-1] [INFO] [1773906274.013994431] [Ground]: land 发送成功 → 飞行站已调用：land服务
1773906274.1811242 [logical-1] [INFO] [1773906274.180838162] [Ground]: land 发送成功 → 飞行站已调用：land服务
1773906274.3805680 [logical-1] [INFO] [1773906274.380119156] [Ground]: land 发送成功 → 飞行站已调用：land服务
1773906274.5718198 [logical-1] [INFO] [1773906274.571508188] [Ground]: land 发送成功 → 飞行站已调用：land服务
1773906274.7343981 [logical-1] [INFO] [1773906274.734127241] [Ground]: land 发送成功 → 飞行站已调用：land服务
1773909052.6077664 [logical-1] [INFO] [1773909052.607323080] [Ground]: takeoff 发送成功 → 飞行站已调用：takeoff服务
1773909057.4887984 [logical-1] [INFO] [1773909057.488483050] [Ground]: takeoff 发送成功 → 飞行站已调用：takeoff服务
1773909073.9790919 [logical-1] [INFO] [1773909073.978594534] [Ground]: land 发送成功 → 飞行站已调用：land服务
1773909074.1725566 [logical-1] [INFO] [1773909074.172238033] [Ground]: land 发送成功 → 飞行站已调用：land服务
1773909074.3232718 [logical-1] [INFO] [1773909074.322977115] [Ground]: land 发送成功 → 飞行站已调用：land服务
1773909074.5323610 [logical-1] [INFO] [1773909074.532085586] [Ground]: land 发送成功 → 飞行站已调用：land服务
1773909074.6879611 [logical-1] [INFO] [1773909074.687696827] [Ground]: land 发送成功 → 飞行站已调用：land服务
1773909074.8637366 [logical-1] [INFO] [1773909074.863451511] [Ground]: land 发送成功 → 飞行站已调用：land服务
1773909075.0397396 [logical-1] [INFO] [1773909075.039458785] [Ground]: land 发送成功 → 飞行站已调用：land服务
1773909075.1960566 [logical-1] [INFO] [1773909075.195799402] [Ground]: land 发送成功 → 飞行站已调用：land服务
1773909075.3588874 [logical-1] [INFO] [1773909075.358558215] [Ground]: land 发送成功 → 飞行站已调用：land服务
1773909075.5373383 [logical-1] [INFO] [1773909075.537106805] [Ground]: land 发送成功 → 飞行站已调用：land服务
1773911282.3588445 [logical-1] [INFO] [1773911282.356275375] [Ground]: takeoff 发送成功 → 飞行站已调用：takeoff服务
1773912197.8578734 [logical-1] [INFO] [1773912197.857472912] [Ground]: takeoff 发送成功 → 飞行站已调用：takeoff服务
1773912200.3265946 [logical-1] [INFO] [1773912200.326329122] [Ground]: takeoff 发送成功 → 飞行站已调用：takeoff服务
1773912201.0430436 [logical-1] [INFO] [1773912201.042743733] [Ground]: takeoff 发送成功 → 飞行站已调用：takeoff服务
1773912844.9216475 [logical-1] [INFO] [1773912844.921141071] [Ground]: takeoff 发送成功 → 飞行站已调用：takeoff服务
1773920394.8673036 [logical-1] [INFO] [1773920394.866734230] [Ground]: takeoff 发送成功 → 飞行站已调用：takeoff服务
1773921261.9847772 [logical-1] [INFO] [1773921261.984257748] [Ground]: takeoff 发送成功 → 飞行站已调用：takeoff服务
1773923936.8662090 [logical-1] [INFO] [1773923936.863249645] [Ground]: takeoff 发送成功 → 飞行站已调用：takeoff服务
1773923962.6544466 [logical-1] [INFO] [1773923962.654064743] [Ground]: land 发送成功 → 飞行站已调用：land服务
1773924619.0015666 [logical-1] [INFO] [1773924619.001084035] [Ground]: takeoff 发送成功 → 飞行站已调用：takeoff服务
1773926119.2294176 [logical-1] [INFO] [1773926119.228938095] [Ground]: takeoff 发送成功 → 飞行站已调用：takeoff服务
