1773475886.0971177 [INFO] [launch]: All log files can be found below /home/focal/Desktop/2024_GroundStation/run_log/2026-03-14-01-11-26-093395-ubuntu-10682
1773475886.0974882 [INFO] [launch]: Default logging verbosity is set to INFO
1773475886.1623962 [INFO] [logical-1]: process started with pid [10690]
1773475887.2494776 [logical-1] [INFO] [1773475887.249032793] [Ground]: ros2 node launch success:Ground!
1773475896.3610876 [logical-1] Traceback (most recent call last):
1773475896.3613727 [logical-1]   File "/home/focal/Desktop/2024_GroundStation/build/GroundStation/GroundStation/logical.py", line 49, in close_temp
1773475896.3614419 [logical-1]     QMessageBox.information(self,title='参数设置',text="参数设置成功")
1773475896.3614800 [logical-1] TypeError: information(QWidget, str, str, buttons: Union[QMessageBox.StandardButtons, QMessageBox.StandardButton] = QMessageBox.Ok, defaultButton: QMessageBox.StandardButton = QMessageBox.NoButton): 'title' is not a valid keyword argument
1773475898.7730730 [logical-1] Traceback (most recent call last):
1773475898.7733231 [logical-1]   File "/home/focal/Desktop/2024_GroundStation/build/GroundStation/GroundStation/logical.py", line 49, in close_temp
1773475898.7733958 [logical-1]     QMessageBox.information(self,title='参数设置',text="参数设置成功")
1773475898.7734478 [logical-1] TypeError: information(QWidget, str, str, buttons: Union[QMessageBox.StandardButtons, QMessageBox.StandardButton] = QMessageBox.Ok, defaultButton: QMessageBox.StandardButton = QMessageBox.NoButton): 'title' is not a valid keyword argument
1773475902.6149251 [logical-1] Traceback (most recent call last):
1773475902.6151023 [logical-1]   File "/home/focal/Desktop/2024_GroundStation/build/GroundStation/GroundStation/logical.py", line 49, in close_temp
1773475902.6151648 [logical-1]     QMessageBox.information(self,title='参数设置',text="参数设置成功")
1773475902.6152031 [logical-1] TypeError: information(QWidget, str, str, buttons: Union[QMessageBox.StandardButtons, QMessageBox.StandardButton] = QMessageBox.Ok, defaultButton: QMessageBox.StandardButton = QMessageBox.NoButton): 'title' is not a valid keyword argument
1773475960.9533162 [WARNING] [launch]: user interrupted with ctrl-c (SIGINT)
1773475961.6782207 [WARNING] [launch]: user interrupted with ctrl-c (SIGINT) again, ignoring...
1773475961.8585722 [WARNING] [launch]: user interrupted with ctrl-c (SIGINT) again, ignoring...
1773475962.0395072 [WARNING] [launch]: user interrupted with ctrl-c (SIGINT) again, ignoring...
1773475962.2312191 [WARNING] [launch]: user interrupted with ctrl-c (SIGINT) again, ignoring...
1773475964.6779523 [logical-1] Traceback (most recent call last):
1773475964.6781449 [logical-1]   File "/home/focal/Desktop/2024_GroundStation/build/GroundStation/GroundStation/logical.py", line 93, in closeEvent
1773475964.6782105 [logical-1]     def closeEvent(self, event):
1773475964.6782594 [logical-1] KeyboardInterrupt
1773475964.8147490 [INFO] [logical-1]: process has finished cleanly [pid 10690]
