[0.238s] Invoking command in '/home/focal/Desktop/2024_GroundStation/build/uav_car_interfaces': CMAKE_PREFIX_PATH=${CMAKE_PREFIX_PATH}:/home/focal/Desktop/2024_GroundStation/install/ros2_pyqt_turtlesim_key:/home/focal/Desktop/2024_GroundStation/install/GroundStation:/opt/ros/foxy /usr/bin/cmake /home/focal/Desktop/2024_GroundStation/src/uav_car_interfaces -DAMENT_CMAKE_SYMLINK_INSTALL=1 -DCMAKE_INSTALL_PREFIX=/home/focal/Desktop/2024_GroundStation/install/uav_car_interfaces
[0.500s] -- The C compiler identification is GNU 9.4.0
[0.856s] -- The CXX compiler identification is GNU 9.4.0
[0.877s] -- Check for working C compiler: /usr/bin/cc
[1.113s] -- Check for working C compiler: /usr/bin/cc -- works
[1.120s] -- Detecting C compiler ABI info
[1.332s] -- Detecting C compiler ABI info - done
[1.354s] -- Detecting C compile features
[1.356s] -- Detecting C compile features - done
[1.368s] -- Check for working CXX compiler: /usr/bin/c++
[1.502s] -- Check for working CXX compiler: /usr/bin/c++ -- works
[1.503s] -- Detecting CXX compiler ABI info
[1.785s] -- Detecting CXX compiler ABI info - done
[1.796s] -- Detecting CXX compile features
[1.796s] -- Detecting CXX compile features - done
[1.825s] -- Found ament_cmake: 0.9.12 (/opt/ros/foxy/share/ament_cmake/cmake)
[1.872s] -- Found PythonInterp: /usr/bin/python3 (found suitable version "3.8.10", minimum required is "3") 
[1.872s] -- Using PYTHON_EXECUTABLE: /usr/bin/python3
[2.211s] -- Override CMake install command with custom implementation using symlinks instead of copying resources
[2.288s] -- Found rosidl_default_generators: 1.0.1 (/opt/ros/foxy/share/rosidl_default_generators/cmake)
[2.299s] -- Using all available rosidl_typesupport_c: rosidl_typesupport_fastrtps_c;rosidl_typesupport_introspection_c
[2.316s] -- Found rosidl_adapter: 1.3.1 (/opt/ros/foxy/share/rosidl_adapter/cmake)
[2.541s] -- Found OpenSSL: /usr/lib/x86_64-linux-gnu/libcrypto.so (found version "1.1.1f")  
[2.579s] -- Found FastRTPS: /opt/ros/foxy/include  
[2.733s] -- Using all available rosidl_typesupport_cpp: rosidl_typesupport_fastrtps_cpp;rosidl_typesupport_introspection_cpp
[2.831s] -- Found PythonInterp: /usr/bin/python3 (found version "3.8.10") 
[3.046s] -- Found ament_cmake_ros: 0.9.2 (/opt/ros/foxy/share/ament_cmake_ros/cmake)
[3.203s] -- Using all available rosidl_typesupport_c: rosidl_typesupport_fastrtps_c;rosidl_typesupport_introspection_c
[3.223s] -- Using all available rosidl_typesupport_cpp: rosidl_typesupport_fastrtps_cpp;rosidl_typesupport_introspection_cpp
[3.267s] -- Found PythonInterp: /usr/bin/python3 (found suitable version "3.8.10", minimum required is "3.5") 
[3.273s] -- Found python_cmake_module: 0.8.1 (/opt/ros/foxy/share/python_cmake_module/cmake)
[3.325s] -- Found PythonLibs: /usr/lib/x86_64-linux-gnu/libpython3.8.so (found suitable version "3.8.10", minimum required is "3.5") 
[3.325s] -- Using PYTHON_EXECUTABLE: /usr/bin/python3
[3.325s] -- Using PYTHON_INCLUDE_DIRS: /usr/include/python3.8
[3.325s] -- Using PYTHON_LIBRARIES: /usr/lib/x86_64-linux-gnu/libpython3.8.so
[3.365s] -- Found PythonExtra: .so  
[3.448s] -- Found ament_lint_auto: 0.9.8 (/opt/ros/foxy/share/ament_lint_auto/cmake)
[3.536s] -- Added test 'copyright' to check source files copyright and LICENSE
[3.544s] -- Added test 'lint_cmake' to check CMake code style
[3.549s] -- Added test 'xmllint' to check XML markup files
[3.564s] -- Configuring done
[3.632s] -- Generating done
[3.650s] -- Build files have been written to: /home/focal/Desktop/2024_GroundStation/build/uav_car_interfaces
[3.664s] Invoked command in '/home/focal/Desktop/2024_GroundStation/build/uav_car_interfaces' returned '0': CMAKE_PREFIX_PATH=${CMAKE_PREFIX_PATH}:/home/focal/Desktop/2024_GroundStation/install/ros2_pyqt_turtlesim_key:/home/focal/Desktop/2024_GroundStation/install/GroundStation:/opt/ros/foxy /usr/bin/cmake /home/focal/Desktop/2024_GroundStation/src/uav_car_interfaces -DAMENT_CMAKE_SYMLINK_INSTALL=1 -DCMAKE_INSTALL_PREFIX=/home/focal/Desktop/2024_GroundStation/install/uav_car_interfaces
[3.666s] Invoking command in '/home/focal/Desktop/2024_GroundStation/build/uav_car_interfaces': CMAKE_PREFIX_PATH=${CMAKE_PREFIX_PATH}:/home/focal/Desktop/2024_GroundStation/install/ros2_pyqt_turtlesim_key:/home/focal/Desktop/2024_GroundStation/install/GroundStation:/opt/ros/foxy /usr/bin/cmake --build /home/focal/Desktop/2024_GroundStation/build/uav_car_interfaces -- -j4 -l4
[3.753s] [35m[1mScanning dependencies of target uav_car_interfaces__cpp[0m
[3.762s] [  2%] [34m[1mGenerating C code for ROS interfaces[0m
[3.773s] [  4%] [34m[1mGenerating C++ code for ROS interfaces[0m
[4.462s] [  4%] Built target uav_car_interfaces__cpp
[4.499s] [  6%] [34m[1mGenerating C++ introspection for ROS interfaces[0m
[4.596s] [  8%] [34m[1mGenerating C++ type support dispatch for ROS interfaces[0m
[4.609s] [ 10%] [34m[1mGenerating C++ type support for eProsima Fast-RTPS[0m
[4.665s] [35m[1mScanning dependencies of target uav_car_interfaces__rosidl_generator_c[0m
[4.747s] [ 12%] [32mBuilding C object CMakeFiles/uav_car_interfaces__rosidl_generator_c.dir/rosidl_generator_c/uav_car_interfaces/msg/detail/t265_data__functions.c.o[0m
[5.012s] [ 14%] [32mBuilding C object CMakeFiles/uav_car_interfaces__rosidl_generator_c.dir/rosidl_generator_c/uav_car_interfaces/msg/detail/image_processor_data__functions.c.o[0m
[5.184s] [ 17%] [32mBuilding C object CMakeFiles/uav_car_interfaces__rosidl_generator_c.dir/rosidl_generator_c/uav_car_interfaces/srv/detail/control_service__functions.c.o[0m
[5.337s] [ 19%] [32m[1mLinking C shared library libuav_car_interfaces__rosidl_generator_c.so[0m
[5.346s] [35m[1mScanning dependencies of target uav_car_interfaces__rosidl_typesupport_cpp[0m
[5.414s] [ 21%] [32mBuilding CXX object CMakeFiles/uav_car_interfaces__rosidl_typesupport_cpp.dir/rosidl_typesupport_cpp/uav_car_interfaces/msg/t265_data__type_support.cpp.o[0m
[5.416s] [35m[1mScanning dependencies of target uav_car_interfaces__rosidl_typesupport_introspection_cpp[0m
[5.454s] [ 21%] Built target uav_car_interfaces__rosidl_generator_c
[5.468s] [ 23%] [32mBuilding CXX object CMakeFiles/uav_car_interfaces__rosidl_typesupport_introspection_cpp.dir/rosidl_typesupport_introspection_cpp/uav_car_interfaces/msg/detail/t265_data__type_support.cpp.o[0m
[5.481s] [ 25%] [34m[1mGenerating C type support dispatch for ROS interfaces[0m
[5.516s] [35m[1mScanning dependencies of target uav_car_interfaces__rosidl_typesupport_fastrtps_cpp[0m
[5.590s] [ 27%] [32mBuilding CXX object CMakeFiles/uav_car_interfaces__rosidl_typesupport_fastrtps_cpp.dir/rosidl_typesupport_fastrtps_cpp/uav_car_interfaces/msg/detail/dds_fastrtps/t265_data__type_support.cpp.o[0m
[6.137s] [ 29%] [32mBuilding CXX object CMakeFiles/uav_car_interfaces__rosidl_typesupport_introspection_cpp.dir/rosidl_typesupport_introspection_cpp/uav_car_interfaces/msg/detail/image_processor_data__type_support.cpp.o[0m
[6.168s] [35m[1mScanning dependencies of target uav_car_interfaces__rosidl_typesupport_c[0m
[6.219s] [ 31%] [32mBuilding CXX object CMakeFiles/uav_car_interfaces__rosidl_typesupport_c.dir/rosidl_typesupport_c/uav_car_interfaces/msg/t265_data__type_support.cpp.o[0m
[6.267s] [ 34%] [32mBuilding CXX object CMakeFiles/uav_car_interfaces__rosidl_typesupport_cpp.dir/rosidl_typesupport_cpp/uav_car_interfaces/msg/image_processor_data__type_support.cpp.o[0m
[6.295s] [ 36%] [32mBuilding CXX object CMakeFiles/uav_car_interfaces__rosidl_typesupport_c.dir/rosidl_typesupport_c/uav_car_interfaces/msg/image_processor_data__type_support.cpp.o[0m
[6.360s] [ 38%] [32mBuilding CXX object CMakeFiles/uav_car_interfaces__rosidl_typesupport_c.dir/rosidl_typesupport_c/uav_car_interfaces/srv/control_service__type_support.cpp.o[0m
[6.408s] [ 40%] [32mBuilding CXX object CMakeFiles/uav_car_interfaces__rosidl_typesupport_fastrtps_cpp.dir/rosidl_typesupport_fastrtps_cpp/uav_car_interfaces/msg/detail/dds_fastrtps/image_processor_data__type_support.cpp.o[0m
[6.472s] [ 42%] [32m[1mLinking CXX shared library libuav_car_interfaces__rosidl_typesupport_c.so[0m
[6.503s] [ 44%] [32mBuilding CXX object CMakeFiles/uav_car_interfaces__rosidl_typesupport_introspection_cpp.dir/rosidl_typesupport_introspection_cpp/uav_car_interfaces/srv/detail/control_service__type_support.cpp.o[0m
[6.560s] [ 44%] Built target uav_car_interfaces__rosidl_typesupport_c
[6.575s] [ 46%] [32mBuilding CXX object CMakeFiles/uav_car_interfaces__rosidl_typesupport_fastrtps_cpp.dir/rosidl_typesupport_fastrtps_cpp/uav_car_interfaces/srv/detail/dds_fastrtps/control_service__type_support.cpp.o[0m
[6.719s] [ 48%] [32mBuilding CXX object CMakeFiles/uav_car_interfaces__rosidl_typesupport_cpp.dir/rosidl_typesupport_cpp/uav_car_interfaces/srv/control_service__type_support.cpp.o[0m
[6.975s] [ 51%] [32m[1mLinking CXX shared library libuav_car_interfaces__rosidl_typesupport_introspection_cpp.so[0m
[7.047s] [ 53%] [34m[1mGenerating C introspection for ROS interfaces[0m
[7.085s] [ 53%] Built target uav_car_interfaces__rosidl_typesupport_introspection_cpp
[7.127s] [ 55%] [32m[1mLinking CXX shared library libuav_car_interfaces__rosidl_typesupport_cpp.so[0m
[7.191s] [ 55%] Built target uav_car_interfaces__rosidl_typesupport_cpp
[7.198s] [ 57%] [32m[1mLinking CXX shared library libuav_car_interfaces__rosidl_typesupport_fastrtps_cpp.so[0m
[7.322s] [ 57%] Built target uav_car_interfaces__rosidl_typesupport_fastrtps_cpp
[7.341s] [ 59%] [34m[1mGenerating C type support for eProsima Fast-RTPS[0m
[7.406s] [35m[1mScanning dependencies of target uav_car_interfaces__rosidl_typesupport_introspection_c[0m
[7.438s] [ 61%] [32mBuilding C object CMakeFiles/uav_car_interfaces__rosidl_typesupport_introspection_c.dir/rosidl_typesupport_introspection_c/uav_car_interfaces/msg/detail/t265_data__type_support.c.o[0m
[7.446s] [ 63%] [32mBuilding C object CMakeFiles/uav_car_interfaces__rosidl_typesupport_introspection_c.dir/rosidl_typesupport_introspection_c/uav_car_interfaces/msg/detail/image_processor_data__type_support.c.o[0m
[7.454s] [ 65%] [32mBuilding C object CMakeFiles/uav_car_interfaces__rosidl_typesupport_introspection_c.dir/rosidl_typesupport_introspection_c/uav_car_interfaces/srv/detail/control_service__type_support.c.o[0m
[7.543s] [ 68%] [32m[1mLinking C shared library libuav_car_interfaces__rosidl_typesupport_introspection_c.so[0m
[7.602s] [ 68%] Built target uav_car_interfaces__rosidl_typesupport_introspection_c
[7.701s] [35m[1mScanning dependencies of target uav_car_interfaces__rosidl_typesupport_fastrtps_c[0m
[7.728s] [ 70%] [32mBuilding CXX object CMakeFiles/uav_car_interfaces__rosidl_typesupport_fastrtps_c.dir/rosidl_typesupport_fastrtps_c/uav_car_interfaces/msg/detail/t265_data__type_support_c.cpp.o[0m
[7.729s] [ 72%] [32mBuilding CXX object CMakeFiles/uav_car_interfaces__rosidl_typesupport_fastrtps_c.dir/rosidl_typesupport_fastrtps_c/uav_car_interfaces/msg/detail/image_processor_data__type_support_c.cpp.o[0m
[7.733s] [ 74%] [32mBuilding CXX object CMakeFiles/uav_car_interfaces__rosidl_typesupport_fastrtps_c.dir/rosidl_typesupport_fastrtps_c/uav_car_interfaces/srv/detail/control_service__type_support_c.cpp.o[0m
[8.109s] [ 76%] [32m[1mLinking CXX shared library libuav_car_interfaces__rosidl_typesupport_fastrtps_c.so[0m
[8.214s] [ 76%] Built target uav_car_interfaces__rosidl_typesupport_fastrtps_c
[8.228s] [35m[1mScanning dependencies of target uav_car_interfaces[0m
[8.241s] [ 76%] Built target uav_car_interfaces
[8.256s] [35m[1mScanning dependencies of target uav_car_interfaces__py[0m
[8.273s] [ 78%] [34m[1mGenerating Python code for ROS interfaces[0m
[8.915s] [ 78%] Built target uav_car_interfaces__py
[8.932s] [35m[1mScanning dependencies of target uav_car_interfaces__python[0m
[9.009s] [ 80%] [32mBuilding C object CMakeFiles/uav_car_interfaces__python.dir/rosidl_generator_py/uav_car_interfaces/msg/_t265_data_s.c.o[0m
[9.010s] [ 82%] [32mBuilding C object CMakeFiles/uav_car_interfaces__python.dir/rosidl_generator_py/uav_car_interfaces/msg/_image_processor_data_s.c.o[0m
[9.017s] [ 85%] [32mBuilding C object CMakeFiles/uav_car_interfaces__python.dir/rosidl_generator_py/uav_car_interfaces/srv/_control_service_s.c.o[0m
[9.189s] [ 87%] [32m[1mLinking C shared library rosidl_generator_py/uav_car_interfaces/libuav_car_interfaces__python.so[0m
[9.255s] [ 87%] Built target uav_car_interfaces__python
[9.272s] [35m[1mScanning dependencies of target uav_car_interfaces__rosidl_typesupport_fastrtps_c__pyext[0m
[9.272s] [35m[1mScanning dependencies of target uav_car_interfaces__rosidl_typesupport_introspection_c__pyext[0m
[9.273s] [35m[1mScanning dependencies of target uav_car_interfaces__rosidl_typesupport_c__pyext[0m
[9.306s] [ 89%] [32mBuilding C object CMakeFiles/uav_car_interfaces__rosidl_typesupport_introspection_c__pyext.dir/rosidl_generator_py/uav_car_interfaces/_uav_car_interfaces_s.ep.rosidl_typesupport_introspection_c.c.o[0m
[9.318s] [ 91%] [32mBuilding C object CMakeFiles/uav_car_interfaces__rosidl_typesupport_fastrtps_c__pyext.dir/rosidl_generator_py/uav_car_interfaces/_uav_car_interfaces_s.ep.rosidl_typesupport_fastrtps_c.c.o[0m
[9.323s] [ 93%] [32mBuilding C object CMakeFiles/uav_car_interfaces__rosidl_typesupport_c__pyext.dir/rosidl_generator_py/uav_car_interfaces/_uav_car_interfaces_s.ep.rosidl_typesupport_c.c.o[0m
[9.454s] [ 95%] [32m[1mLinking C shared library rosidl_generator_py/uav_car_interfaces/uav_car_interfaces_s__rosidl_typesupport_introspection_c.cpython-38-x86_64-linux-gnu.so[0m
[9.463s] [ 97%] [32m[1mLinking C shared library rosidl_generator_py/uav_car_interfaces/uav_car_interfaces_s__rosidl_typesupport_c.cpython-38-x86_64-linux-gnu.so[0m
[9.486s] [100%] [32m[1mLinking CXX shared library rosidl_generator_py/uav_car_interfaces/uav_car_interfaces_s__rosidl_typesupport_fastrtps_c.cpython-38-x86_64-linux-gnu.so[0m
[9.519s] [100%] Built target uav_car_interfaces__rosidl_typesupport_introspection_c__pyext
[9.546s] [100%] Built target uav_car_interfaces__rosidl_typesupport_c__pyext
[9.586s] [100%] Built target uav_car_interfaces__rosidl_typesupport_fastrtps_c__pyext
[9.608s] Invoked command in '/home/focal/Desktop/2024_GroundStation/build/uav_car_interfaces' returned '0': CMAKE_PREFIX_PATH=${CMAKE_PREFIX_PATH}:/home/focal/Desktop/2024_GroundStation/install/ros2_pyqt_turtlesim_key:/home/focal/Desktop/2024_GroundStation/install/GroundStation:/opt/ros/foxy /usr/bin/cmake --build /home/focal/Desktop/2024_GroundStation/build/uav_car_interfaces -- -j4 -l4
[9.623s] Invoking command in '/home/focal/Desktop/2024_GroundStation/build/uav_car_interfaces': CMAKE_PREFIX_PATH=${CMAKE_PREFIX_PATH}:/home/focal/Desktop/2024_GroundStation/install/ros2_pyqt_turtlesim_key:/home/focal/Desktop/2024_GroundStation/install/GroundStation:/opt/ros/foxy /usr/bin/cmake --install /home/focal/Desktop/2024_GroundStation/build/uav_car_interfaces
[9.635s] -- Install configuration: ""
[9.635s] -- Execute custom install script
[9.636s] -- Symlinking: /home/focal/Desktop/2024_GroundStation/install/uav_car_interfaces/share/ament_index/resource_index/rosidl_interfaces/uav_car_interfaces
[9.652s] -- Symlinking: /home/focal/Desktop/2024_GroundStation/install/uav_car_interfaces/include/uav_car_interfaces/msg/detail/image_processor_data__functions.h
[9.664s] -- Symlinking: /home/focal/Desktop/2024_GroundStation/install/uav_car_interfaces/include/uav_car_interfaces/msg/detail/image_processor_data__struct.h
[9.676s] -- Symlinking: /home/focal/Desktop/2024_GroundStation/install/uav_car_interfaces/include/uav_car_interfaces/msg/detail/image_processor_data__type_support.h
[9.691s] -- Symlinking: /home/focal/Desktop/2024_GroundStation/install/uav_car_interfaces/include/uav_car_interfaces/msg/detail/t265_data__functions.h
[9.703s] -- Symlinking: /home/focal/Desktop/2024_GroundStation/install/uav_car_interfaces/include/uav_car_interfaces/msg/detail/t265_data__struct.h
[9.716s] -- Symlinking: /home/focal/Desktop/2024_GroundStation/install/uav_car_interfaces/include/uav_car_interfaces/msg/detail/t265_data__type_support.h
[9.728s] -- Symlinking: /home/focal/Desktop/2024_GroundStation/install/uav_car_interfaces/include/uav_car_interfaces/msg/image_processor_data.h
[9.740s] -- Symlinking: /home/focal/Desktop/2024_GroundStation/install/uav_car_interfaces/include/uav_car_interfaces/msg/rosidl_generator_c__visibility_control.h
[9.752s] -- Symlinking: /home/focal/Desktop/2024_GroundStation/install/uav_car_interfaces/include/uav_car_interfaces/msg/t265_data.h
[9.764s] -- Symlinking: /home/focal/Desktop/2024_GroundStation/install/uav_car_interfaces/include/uav_car_interfaces/srv/control_service.h
[9.776s] -- Symlinking: /home/focal/Desktop/2024_GroundStation/install/uav_car_interfaces/include/uav_car_interfaces/srv/detail/control_service__functions.h
[9.788s] -- Symlinking: /home/focal/Desktop/2024_GroundStation/install/uav_car_interfaces/include/uav_car_interfaces/srv/detail/control_service__struct.h
[9.800s] -- Symlinking: /home/focal/Desktop/2024_GroundStation/install/uav_car_interfaces/include/uav_car_interfaces/srv/detail/control_service__type_support.h
[9.812s] -- Symlinking: /home/focal/Desktop/2024_GroundStation/install/uav_car_interfaces/share/uav_car_interfaces/environment/library_path.sh
[9.823s] -- Symlinking: /home/focal/Desktop/2024_GroundStation/install/uav_car_interfaces/share/uav_car_interfaces/environment/library_path.dsv
[9.836s] -- Symlinking: /home/focal/Desktop/2024_GroundStation/install/uav_car_interfaces/include/uav_car_interfaces/msg/detail/image_processor_data__rosidl_typesupport_fastrtps_c.h
[9.847s] -- Symlinking: /home/focal/Desktop/2024_GroundStation/install/uav_car_interfaces/include/uav_car_interfaces/msg/detail/t265_data__rosidl_typesupport_fastrtps_c.h
[9.859s] -- Symlinking: /home/focal/Desktop/2024_GroundStation/install/uav_car_interfaces/include/uav_car_interfaces/msg/rosidl_typesupport_fastrtps_c__visibility_control.h
[9.871s] -- Symlinking: /home/focal/Desktop/2024_GroundStation/install/uav_car_interfaces/include/uav_car_interfaces/srv/detail/control_service__rosidl_typesupport_fastrtps_c.h
[9.883s] -- Symlinking: /home/focal/Desktop/2024_GroundStation/install/uav_car_interfaces/lib/libuav_car_interfaces__rosidl_typesupport_fastrtps_c.so
[9.895s] -- Symlinking: /home/focal/Desktop/2024_GroundStation/install/uav_car_interfaces/include/uav_car_interfaces/msg/detail/image_processor_data__rosidl_typesupport_fastrtps_cpp.hpp
[9.907s] -- Symlinking: /home/focal/Desktop/2024_GroundStation/install/uav_car_interfaces/include/uav_car_interfaces/msg/detail/t265_data__rosidl_typesupport_fastrtps_cpp.hpp
[9.920s] -- Symlinking: /home/focal/Desktop/2024_GroundStation/install/uav_car_interfaces/include/uav_car_interfaces/msg/rosidl_typesupport_fastrtps_cpp__visibility_control.h
[9.934s] -- Symlinking: /home/focal/Desktop/2024_GroundStation/install/uav_car_interfaces/include/uav_car_interfaces/srv/detail/control_service__rosidl_typesupport_fastrtps_cpp.hpp
[9.946s] -- Symlinking: /home/focal/Desktop/2024_GroundStation/install/uav_car_interfaces/lib/libuav_car_interfaces__rosidl_typesupport_fastrtps_cpp.so
[9.959s] -- Symlinking: /home/focal/Desktop/2024_GroundStation/install/uav_car_interfaces/include/uav_car_interfaces/msg/detail/image_processor_data__rosidl_typesupport_introspection_c.h
[9.971s] -- Symlinking: /home/focal/Desktop/2024_GroundStation/install/uav_car_interfaces/include/uav_car_interfaces/msg/detail/t265_data__rosidl_typesupport_introspection_c.h
[9.985s] -- Symlinking: /home/focal/Desktop/2024_GroundStation/install/uav_car_interfaces/include/uav_car_interfaces/msg/rosidl_typesupport_introspection_c__visibility_control.h
[9.996s] -- Symlinking: /home/focal/Desktop/2024_GroundStation/install/uav_car_interfaces/include/uav_car_interfaces/srv/detail/control_service__rosidl_typesupport_introspection_c.h
[10.009s] -- Symlinking: /home/focal/Desktop/2024_GroundStation/install/uav_car_interfaces/include/uav_car_interfaces/msg/detail/image_processor_data__builder.hpp
[10.021s] -- Symlinking: /home/focal/Desktop/2024_GroundStation/install/uav_car_interfaces/include/uav_car_interfaces/msg/detail/image_processor_data__struct.hpp
[10.032s] -- Symlinking: /home/focal/Desktop/2024_GroundStation/install/uav_car_interfaces/include/uav_car_interfaces/msg/detail/image_processor_data__traits.hpp
[10.044s] -- Symlinking: /home/focal/Desktop/2024_GroundStation/install/uav_car_interfaces/include/uav_car_interfaces/msg/detail/image_processor_data__type_support.hpp
[10.056s] -- Symlinking: /home/focal/Desktop/2024_GroundStation/install/uav_car_interfaces/include/uav_car_interfaces/msg/detail/t265_data__builder.hpp
[10.068s] -- Symlinking: /home/focal/Desktop/2024_GroundStation/install/uav_car_interfaces/include/uav_car_interfaces/msg/detail/t265_data__struct.hpp
[10.078s] -- Symlinking: /home/focal/Desktop/2024_GroundStation/install/uav_car_interfaces/include/uav_car_interfaces/msg/detail/t265_data__traits.hpp
[10.089s] -- Symlinking: /home/focal/Desktop/2024_GroundStation/install/uav_car_interfaces/include/uav_car_interfaces/msg/detail/t265_data__type_support.hpp
[10.099s] -- Symlinking: /home/focal/Desktop/2024_GroundStation/install/uav_car_interfaces/include/uav_car_interfaces/msg/image_processor_data.hpp
[10.110s] -- Symlinking: /home/focal/Desktop/2024_GroundStation/install/uav_car_interfaces/include/uav_car_interfaces/msg/rosidl_generator_cpp__visibility_control.hpp
[10.121s] -- Symlinking: /home/focal/Desktop/2024_GroundStation/install/uav_car_interfaces/include/uav_car_interfaces/msg/t265_data.hpp
[10.132s] -- Symlinking: /home/focal/Desktop/2024_GroundStation/install/uav_car_interfaces/include/uav_car_interfaces/srv/control_service.hpp
[10.142s] -- Symlinking: /home/focal/Desktop/2024_GroundStation/install/uav_car_interfaces/include/uav_car_interfaces/srv/detail/control_service__builder.hpp
[10.152s] -- Symlinking: /home/focal/Desktop/2024_GroundStation/install/uav_car_interfaces/include/uav_car_interfaces/srv/detail/control_service__struct.hpp
[10.163s] -- Symlinking: /home/focal/Desktop/2024_GroundStation/install/uav_car_interfaces/include/uav_car_interfaces/srv/detail/control_service__traits.hpp
[10.174s] -- Symlinking: /home/focal/Desktop/2024_GroundStation/install/uav_car_interfaces/include/uav_car_interfaces/srv/detail/control_service__type_support.hpp
[10.185s] -- Symlinking: /home/focal/Desktop/2024_GroundStation/install/uav_car_interfaces/include/uav_car_interfaces/msg/detail/image_processor_data__rosidl_typesupport_introspection_cpp.hpp
[10.196s] -- Symlinking: /home/focal/Desktop/2024_GroundStation/install/uav_car_interfaces/include/uav_car_interfaces/msg/detail/t265_data__rosidl_typesupport_introspection_cpp.hpp
[10.207s] -- Symlinking: /home/focal/Desktop/2024_GroundStation/install/uav_car_interfaces/include/uav_car_interfaces/srv/detail/control_service__rosidl_typesupport_introspection_cpp.hpp
[10.217s] -- Symlinking: /home/focal/Desktop/2024_GroundStation/install/uav_car_interfaces/share/uav_car_interfaces/environment/pythonpath.sh
[10.227s] -- Symlinking: /home/focal/Desktop/2024_GroundStation/install/uav_car_interfaces/share/uav_car_interfaces/environment/pythonpath.dsv
[10.237s] -- Symlinking: /home/focal/Desktop/2024_GroundStation/install/uav_car_interfaces/lib/python3.8/site-packages/uav_car_interfaces/__init__.py
[10.248s] -- Symlinking: /home/focal/Desktop/2024_GroundStation/install/uav_car_interfaces/lib/python3.8/site-packages/uav_car_interfaces/msg/__init__.py
[10.257s] -- Symlinking: /home/focal/Desktop/2024_GroundStation/install/uav_car_interfaces/lib/python3.8/site-packages/uav_car_interfaces/msg/_image_processor_data.py
[10.267s] -- Symlinking: /home/focal/Desktop/2024_GroundStation/install/uav_car_interfaces/lib/python3.8/site-packages/uav_car_interfaces/msg/_t265_data.py
[10.277s] -- Symlinking: /home/focal/Desktop/2024_GroundStation/install/uav_car_interfaces/lib/python3.8/site-packages/uav_car_interfaces/srv/__init__.py
[10.288s] -- Symlinking: /home/focal/Desktop/2024_GroundStation/install/uav_car_interfaces/lib/python3.8/site-packages/uav_car_interfaces/srv/_control_service.py
[10.298s] -- Symlinking: /home/focal/Desktop/2024_GroundStation/install/uav_car_interfaces/lib/python3.8/site-packages/uav_car_interfaces/uav_car_interfaces_s__rosidl_typesupport_fastrtps_c.cpython-38-x86_64-linux-gnu.so
[10.309s] -- Symlinking: /home/focal/Desktop/2024_GroundStation/install/uav_car_interfaces/lib/python3.8/site-packages/uav_car_interfaces/uav_car_interfaces_s__rosidl_typesupport_introspection_c.cpython-38-x86_64-linux-gnu.so
[10.320s] -- Symlinking: /home/focal/Desktop/2024_GroundStation/install/uav_car_interfaces/lib/python3.8/site-packages/uav_car_interfaces/uav_car_interfaces_s__rosidl_typesupport_c.cpython-38-x86_64-linux-gnu.so
[10.332s] -- Symlinking: /home/focal/Desktop/2024_GroundStation/install/uav_car_interfaces/lib/libuav_car_interfaces__python.so
[10.343s] -- Symlinking: /home/focal/Desktop/2024_GroundStation/install/uav_car_interfaces/share/uav_car_interfaces/msg/T265Data.idl
[10.355s] -- Symlinking: /home/focal/Desktop/2024_GroundStation/install/uav_car_interfaces/share/uav_car_interfaces/msg/ImageProcessorData.idl
[10.367s] -- Symlinking: /home/focal/Desktop/2024_GroundStation/install/uav_car_interfaces/share/uav_car_interfaces/srv/ControlService.idl
[10.379s] -- Symlinking: /home/focal/Desktop/2024_GroundStation/install/uav_car_interfaces/share/uav_car_interfaces/msg/T265Data.msg
[10.390s] -- Symlinking: /home/focal/Desktop/2024_GroundStation/install/uav_car_interfaces/share/uav_car_interfaces/msg/ImageProcessorData.msg
[10.402s] -- Symlinking: /home/focal/Desktop/2024_GroundStation/install/uav_car_interfaces/share/uav_car_interfaces/srv/ControlService.srv
[10.415s] -- Symlinking: /home/focal/Desktop/2024_GroundStation/install/uav_car_interfaces/share/uav_car_interfaces/srv/ControlService_Request.msg
[10.429s] -- Symlinking: /home/focal/Desktop/2024_GroundStation/install/uav_car_interfaces/share/uav_car_interfaces/srv/ControlService_Response.msg
[10.444s] -- Symlinking: /home/focal/Desktop/2024_GroundStation/install/uav_car_interfaces/share/ament_index/resource_index/package_run_dependencies/uav_car_interfaces
[10.456s] -- Symlinking: /home/focal/Desktop/2024_GroundStation/install/uav_car_interfaces/share/ament_index/resource_index/parent_prefix_path/uav_car_interfaces
[10.469s] -- Symlinking: /home/focal/Desktop/2024_GroundStation/install/uav_car_interfaces/share/uav_car_interfaces/environment/ament_prefix_path.sh
[10.481s] -- Symlinking: /home/focal/Desktop/2024_GroundStation/install/uav_car_interfaces/share/uav_car_interfaces/environment/ament_prefix_path.dsv
[10.494s] -- Symlinking: /home/focal/Desktop/2024_GroundStation/install/uav_car_interfaces/share/uav_car_interfaces/environment/path.sh
[10.505s] -- Symlinking: /home/focal/Desktop/2024_GroundStation/install/uav_car_interfaces/share/uav_car_interfaces/environment/path.dsv
[10.517s] -- Symlinking: /home/focal/Desktop/2024_GroundStation/install/uav_car_interfaces/share/uav_car_interfaces/local_setup.bash
[10.529s] -- Symlinking: /home/focal/Desktop/2024_GroundStation/install/uav_car_interfaces/share/uav_car_interfaces/local_setup.sh
[10.540s] -- Symlinking: /home/focal/Desktop/2024_GroundStation/install/uav_car_interfaces/share/uav_car_interfaces/local_setup.zsh
[10.552s] -- Symlinking: /home/focal/Desktop/2024_GroundStation/install/uav_car_interfaces/share/uav_car_interfaces/local_setup.dsv
[10.564s] -- Symlinking: /home/focal/Desktop/2024_GroundStation/install/uav_car_interfaces/share/uav_car_interfaces/package.dsv
[10.576s] -- Symlinking: /home/focal/Desktop/2024_GroundStation/install/uav_car_interfaces/share/ament_index/resource_index/packages/uav_car_interfaces
[10.588s] -- Symlinking: /home/focal/Desktop/2024_GroundStation/install/uav_car_interfaces/share/uav_car_interfaces/cmake/rosidl_cmake-extras.cmake
[10.600s] -- Symlinking: /home/focal/Desktop/2024_GroundStation/install/uav_car_interfaces/share/uav_car_interfaces/cmake/ament_cmake_export_dependencies-extras.cmake
[10.611s] -- Symlinking: /home/focal/Desktop/2024_GroundStation/install/uav_car_interfaces/share/uav_car_interfaces/cmake/ament_cmake_export_libraries-extras.cmake
[10.622s] -- Symlinking: /home/focal/Desktop/2024_GroundStation/install/uav_car_interfaces/share/uav_car_interfaces/cmake/ament_cmake_export_targets-extras.cmake
[10.634s] -- Symlinking: /home/focal/Desktop/2024_GroundStation/install/uav_car_interfaces/share/uav_car_interfaces/cmake/ament_cmake_export_include_directories-extras.cmake
[10.645s] -- Symlinking: /home/focal/Desktop/2024_GroundStation/install/uav_car_interfaces/share/uav_car_interfaces/cmake/rosidl_cmake_export_typesupport_libraries-extras.cmake
[10.656s] -- Symlinking: /home/focal/Desktop/2024_GroundStation/install/uav_car_interfaces/share/uav_car_interfaces/cmake/rosidl_cmake_export_typesupport_targets-extras.cmake
[10.668s] -- Symlinking: /home/focal/Desktop/2024_GroundStation/install/uav_car_interfaces/share/uav_car_interfaces/cmake/uav_car_interfacesConfig.cmake
[10.680s] -- Symlinking: /home/focal/Desktop/2024_GroundStation/install/uav_car_interfaces/share/uav_car_interfaces/cmake/uav_car_interfacesConfig-version.cmake
[10.691s] -- Symlinking: /home/focal/Desktop/2024_GroundStation/install/uav_car_interfaces/share/uav_car_interfaces/package.xml
[10.701s] -- Installing: /home/focal/Desktop/2024_GroundStation/install/uav_car_interfaces/lib/libuav_car_interfaces__rosidl_generator_c.so
[10.704s] -- Set runtime path of "/home/focal/Desktop/2024_GroundStation/install/uav_car_interfaces/lib/libuav_car_interfaces__rosidl_generator_c.so" to ""
[10.704s] -- Installing: /home/focal/Desktop/2024_GroundStation/install/uav_car_interfaces/lib/libuav_car_interfaces__rosidl_typesupport_introspection_c.so
[10.706s] -- Set runtime path of "/home/focal/Desktop/2024_GroundStation/install/uav_car_interfaces/lib/libuav_car_interfaces__rosidl_typesupport_introspection_c.so" to ""
[10.706s] -- Installing: /home/focal/Desktop/2024_GroundStation/install/uav_car_interfaces/lib/libuav_car_interfaces__rosidl_typesupport_c.so
[10.708s] -- Set runtime path of "/home/focal/Desktop/2024_GroundStation/install/uav_car_interfaces/lib/libuav_car_interfaces__rosidl_typesupport_c.so" to ""
[10.708s] -- Installing: /home/focal/Desktop/2024_GroundStation/install/uav_car_interfaces/lib/libuav_car_interfaces__rosidl_typesupport_introspection_cpp.so
[10.710s] -- Set runtime path of "/home/focal/Desktop/2024_GroundStation/install/uav_car_interfaces/lib/libuav_car_interfaces__rosidl_typesupport_introspection_cpp.so" to ""
[10.710s] -- Installing: /home/focal/Desktop/2024_GroundStation/install/uav_car_interfaces/lib/libuav_car_interfaces__rosidl_typesupport_cpp.so
[10.712s] -- Set runtime path of "/home/focal/Desktop/2024_GroundStation/install/uav_car_interfaces/lib/libuav_car_interfaces__rosidl_typesupport_cpp.so" to ""
[10.747s] Compiling '/home/focal/Desktop/2024_GroundStation/install/uav_car_interfaces/lib/python3.8/site-packages/uav_car_interfaces/__init__.py'...
[10.751s] -- Installing: /home/focal/Desktop/2024_GroundStation/install/uav_car_interfaces/share/uav_car_interfaces/cmake/uav_car_interfaces__rosidl_generator_cExport.cmake
[10.751s] -- Installing: /home/focal/Desktop/2024_GroundStation/install/uav_car_interfaces/share/uav_car_interfaces/cmake/uav_car_interfaces__rosidl_generator_cExport-noconfig.cmake
[10.751s] -- Installing: /home/focal/Desktop/2024_GroundStation/install/uav_car_interfaces/share/uav_car_interfaces/cmake/uav_car_interfaces__rosidl_typesupport_introspection_cExport.cmake
[10.751s] -- Installing: /home/focal/Desktop/2024_GroundStation/install/uav_car_interfaces/share/uav_car_interfaces/cmake/uav_car_interfaces__rosidl_typesupport_introspection_cExport-noconfig.cmake
[10.752s] -- Installing: /home/focal/Desktop/2024_GroundStation/install/uav_car_interfaces/share/uav_car_interfaces/cmake/uav_car_interfaces__rosidl_typesupport_cExport.cmake
[10.752s] -- Installing: /home/focal/Desktop/2024_GroundStation/install/uav_car_interfaces/share/uav_car_interfaces/cmake/uav_car_interfaces__rosidl_typesupport_cExport-noconfig.cmake
[10.752s] -- Installing: /home/focal/Desktop/2024_GroundStation/install/uav_car_interfaces/share/uav_car_interfaces/cmake/uav_car_interfaces__rosidl_generator_cppExport.cmake
[10.752s] -- Installing: /home/focal/Desktop/2024_GroundStation/install/uav_car_interfaces/share/uav_car_interfaces/cmake/uav_car_interfaces__rosidl_typesupport_introspection_cppExport.cmake
[10.752s] -- Installing: /home/focal/Desktop/2024_GroundStation/install/uav_car_interfaces/share/uav_car_interfaces/cmake/uav_car_interfaces__rosidl_typesupport_introspection_cppExport-noconfig.cmake
[10.753s] -- Installing: /home/focal/Desktop/2024_GroundStation/install/uav_car_interfaces/share/uav_car_interfaces/cmake/uav_car_interfaces__rosidl_typesupport_cppExport.cmake
[10.753s] -- Installing: /home/focal/Desktop/2024_GroundStation/install/uav_car_interfaces/share/uav_car_interfaces/cmake/uav_car_interfaces__rosidl_typesupport_cppExport-noconfig.cmake
[10.758s] Invoked command in '/home/focal/Desktop/2024_GroundStation/build/uav_car_interfaces' returned '0': CMAKE_PREFIX_PATH=${CMAKE_PREFIX_PATH}:/home/focal/Desktop/2024_GroundStation/install/ros2_pyqt_turtlesim_key:/home/focal/Desktop/2024_GroundStation/install/GroundStation:/opt/ros/foxy /usr/bin/cmake --install /home/focal/Desktop/2024_GroundStation/build/uav_car_interfaces
